===> Execution context
Current directory: /usr/tests
Environment variables:
    BLOCKSIZE=K
    EDITOR=vi
    GROUP=wheel
    HOME=/root
    HOST=
    HOSTTYPE=FreeBSD
    LC_COLLATE=C
    LOGNAME=root
    MACHTYPE=x86_64
    MAIL=/var/mail/root
    OLDPWD=/root
    OSTYPE=FreeBSD
    PAGER=more
    PATH=/sbin:/bin:/usr/sbin:/usr/bin:/usr/local/sbin:/usr/local/bin:/root/bin
    PWD=/usr/tests
    REMOTEHOST=192.168.10.1
    SHELL=/bin/csh
    SHLVL=1
    SSH_CLIENT=192.168.10.1 53607 22
    SSH_CONNECTION=192.168.10.1 53607 192.168.10.2 22
    SSH_TTY=/dev/pts/0
    TERM=vt100
    USER=root
    VENDOR=amd
===> bin/cat/cat_test:align
Result: passed
Duration: 0.267s

Metadata:
    allowed_architectures is empty
    allowed_platforms is empty
    description = Test that cat(1) aligns the output right with options '-be' (PR bin/4841)
    has_cleanup = false
    required_configs is empty
    required_disk_space = 0
    required_files is empty
    required_memory = 0
    required_programs is empty
    required_user is empty
    timeout = 300

Standard output:
Executing command [ /bin/sh -c cat -be /usr/tests/bin/cat/d_align.in ]
===> bin/cat/cat_test:nonexistent
Result: passed
Duration: 0.246s

Metadata:
    allowed_architectures is empty
    allowed_platforms is empty
    description = Test that cat(1) doesn't return zero exit status for a nonexistent file (PR bin/3538)
    has_cleanup = false
    required_configs is empty
    required_disk_space = 0
    required_files is empty
    required_memory = 0
    required_programs is empty
    required_user is empty
    timeout = 300

Standard output:
Executing command [ /bin/sh -c cat /some/name/that/does/not/exist ]
===> bin/chown/chown-f_test:main
Result: passed
Duration: 0.195s

Metadata:
    allowed_architectures is empty
    allowed_platforms is empty
    description is empty
    has_cleanup = false
    required_configs is empty
    required_disk_space = 0
    required_files is empty
    required_memory = 0
    required_programs is empty
    required_user is empty
    timeout = 300

Standard output:
1..1
ok 1 - chown -f root:wheel file # skip Test must not be uid 0.
===> bin/date/format_string_test:A_test
Result: passed
Duration: 0.064s

Metadata:
    allowed_architectures is empty
    allowed_platforms is empty
    description is empty
    has_cleanup = false
    required_configs is empty
    required_disk_space = 0
    required_files is empty
    required_memory = 0
    required_programs is empty
    required_user is empty
    timeout = 300

Standard output:
Executing command [ date -r 3222243 +%A ]
Executing command [ date -r 1005600000 +%A ]
===> bin/date/format_string_test:B_test
Result: passed
Duration: 0.586s

Metadata:
    allowed_architectures is empty
    allowed_platforms is empty
    description is empty
    has_cleanup = false
    required_configs is empty
    required_disk_space = 0
    required_files is empty
    required_memory = 0
    required_programs is empty
    required_user is empty
    timeout = 300

Standard output:
Executing command [ date -r 3222243 +%B ]
Executing command [ date -r 1005600000 +%B ]
===> bin/date/format_string_test:C_test
Result: passed
Duration: 0.265s

Metadata:
    allowed_architectures is empty
    allowed_platforms is empty
    description is empty
    has_cleanup = false
    required_configs is empty
    required_disk_space = 0
    required_files is empty
    required_memory = 0
    required_programs is empty
    required_user is empty
    timeout = 300

Standard output:
Executing command [ date -r 3222243 +%C ]
Executing command [ date -r 1005600000 +%C ]
===> bin/date/format_string_test:D_test
Result: passed
Duration: 0.062s

Metadata:
    allowed_architectures is empty
    allowed_platforms is empty
    description is empty
    has_cleanup = false
    required_configs is empty
    required_disk_space = 0
    required_files is empty
    required_memory = 0
    required_programs is empty
    required_user is empty
    timeout = 300

Standard output:
Executing command [ date -r 3222243 +%D ]
Executing command [ date -r 1005600000 +%D ]
===> bin/date/format_string_test:F_test
Result: passed
Duration: 0.461s

Metadata:
    allowed_architectures is empty
    allowed_platforms is empty
    description is empty
    has_cleanup = false
    required_configs is empty
    required_disk_space = 0
    required_files is empty
    required_memory = 0
    required_programs is empty
    required_user is empty
    timeout = 300

Standard output:
Executing command [ date -r 3222243 +%F ]
Executing command [ date -r 1005600000 +%F ]
===> bin/date/format_string_test:G_test
Result: passed
Duration: 0.080s

Metadata:
    allowed_architectures is empty
    allowed_platforms is empty
    description is empty
    has_cleanup = false
    required_configs is empty
    required_disk_space = 0
    required_files is empty
    required_memory = 0
    required_programs is empty
    required_user is empty
    timeout = 300

Standard output:
Executing command [ date -r 3222243 +%G ]
Executing command [ date -r 1005600000 +%G ]
===> bin/date/format_string_test:H_test
Result: passed
Duration: 0.058s

Metadata:
    allowed_architectures is empty
    allowed_platforms is empty
    description is empty
    has_cleanup = false
    required_configs is empty
    required_disk_space = 0
    required_files is empty
    required_memory = 0
    required_programs is empty
    required_user is empty
    timeout = 300

Standard output:
Executing command [ date -r 3222243 +%H ]
Executing command [ date -r 1005600000 +%H ]
===> bin/date/format_string_test:I_test
Result: passed
Duration: 0.417s

Metadata:
    allowed_architectures is empty
    allowed_platforms is empty
    description is empty
    has_cleanup = false
    required_configs is empty
    required_disk_space = 0
    required_files is empty
    required_memory = 0
    required_programs is empty
    required_user is empty
    timeout = 300

Standard output:
Executing command [ date -r 3222243 +%I ]
Executing command [ date -r 1005600000 +%I ]
===> bin/date/format_string_test:M_test
Result: passed
Duration: 0.085s

Metadata:
    allowed_architectures is empty
    allowed_platforms is empty
    description is empty
    has_cleanup = false
    required_configs is empty
    required_disk_space = 0
    required_files is empty
    required_memory = 0
    required_programs is empty
    required_user is empty
    timeout = 300

Standard output:
Executing command [ date -r 3222243 +%M ]
Executing command [ date -r 1005600000 +%M ]
===> bin/date/format_string_test:R_test
Result: passed
Duration: 1.197s

Metadata:
    allowed_architectures is empty
    allowed_platforms is empty
    description is empty
    has_cleanup = false
    required_configs is empty
    required_disk_space = 0
    required_files is empty
    required_memory = 0
    required_programs is empty
    required_user is empty
    timeout = 300

Standard output:
Executing command [ date -r 3222243 +%R ]
Executing command [ date -r 1005600000 +%R ]
===> bin/date/format_string_test:S_test
Result: passed
Duration: 0.334s

Metadata:
    allowed_architectures is empty
    allowed_platforms is empty
    description is empty
    has_cleanup = false
    required_configs is empty
    required_disk_space = 0
    required_files is empty
    required_memory = 0
    required_programs is empty
    required_user is empty
    timeout = 300

Standard output:
Executing command [ date -r 3222243 +%S ]
Executing command [ date -r 1005600000 +%S ]
===> bin/date/format_string_test:U_test
Result: passed
Duration: 0.062s

Metadata:
    allowed_architectures is empty
    allowed_platforms is empty
    description is empty
    has_cleanup = false
    required_configs is empty
    required_disk_space = 0
    required_files is empty
    required_memory = 0
    required_programs is empty
    required_user is empty
    timeout = 300

Standard output:
Executing command [ date -r 3222243 +%U ]
Executing command [ date -r 1005600000 +%U ]
===> bin/date/format_string_test:V_test
Result: passed
Duration: 0.275s

Metadata:
    allowed_architectures is empty
    allowed_platforms is empty
    description is empty
    has_cleanup = false
    required_configs is empty
    required_disk_space = 0
    required_files is empty
    required_memory = 0
    required_programs is empty
    required_user is empty
    timeout = 300

Standard output:
Executing command [ date -r 3222243 +%V ]
Executing command [ date -r 1005600000 +%V ]
===> bin/date/format_string_test:W_test
Result: passed
Duration: 0.131s

Metadata:
    allowed_architectures is empty
    allowed_platforms is empty
    description is empty
    has_cleanup = false
    required_configs is empty
    required_disk_space = 0
    required_files is empty
    required_memory = 0
    required_programs is empty
    required_user is empty
    timeout = 300

Standard output:
Executing command [ date -r 3222243 +%W ]
Executing command [ date -r 1005600000 +%W ]
===> bin/date/format_string_test:X_test
Result: passed
Duration: 0.422s

Metadata:
    allowed_architectures is empty
    allowed_platforms is empty
    description is empty
    has_cleanup = false
    required_configs is empty
    required_disk_space = 0
    required_files is empty
    required_memory = 0
    required_programs is empty
    required_user is empty
    timeout = 300

Standard output:
Executing command [ date -r 3222243 +%X ]
Executing command [ date -r 1005600000 +%X ]
===> bin/date/format_string_test:Y_test
Result: passed
Duration: 0.458s

Metadata:
    allowed_architectures is empty
    allowed_platforms is empty
    description is empty
    has_cleanup = false
    required_configs is empty
    required_disk_space = 0
    required_files is empty
    required_memory = 0
    required_programs is empty
    required_user is empty
    timeout = 300

Standard output:
Executing command [ date -r 3222243 +%Y ]
Executing command [ date -r 1005600000 +%Y ]
===> bin/date/format_string_test:Z_test
Result: passed
Duration: 1.370s

Metadata:
    allowed_architectures is empty
    allowed_platforms is empty
    description is empty
    has_cleanup = false
    required_configs is empty
    required_disk_space = 0
    required_files is empty
    required_memory = 0
    required_programs is empty
    required_user is empty
    timeout = 300

Standard output:
Executing command [ date -r 3222243 +%Z ]
Executing command [ date -r 1005600000 +%Z ]
===> bin/date/format_string_test:a_test
Result: passed
Duration: 0.666s

Metadata:
    allowed_architectures is empty
    allowed_platforms is empty
    description is empty
    has_cleanup = false
    required_configs is empty
    required_disk_space = 0
    required_files is empty
    required_memory = 0
    required_programs is empty
    required_user is empty
    timeout = 300

Standard output:
Executing command [ date -r 3222243 +%a ]
Executing command [ date -r 1005600000 +%a ]
===> bin/date/format_string_test:b_test
Result: passed
Duration: 0.377s

Metadata:
    allowed_architectures is empty
    allowed_platforms is empty
    description is empty
    has_cleanup = false
    required_configs is empty
    required_disk_space = 0
    required_files is empty
    required_memory = 0
    required_programs is empty
    required_user is empty
    timeout = 300

Standard output:
Executing command [ date -r 3222243 +%b ]
Executing command [ date -r 1005600000 +%b ]
===> bin/date/format_string_test:c_test
Result: passed
Duration: 1.170s

Metadata:
    allowed_architectures is empty
    allowed_platforms is empty
    description is empty
    has_cleanup = false
    required_configs is empty
    required_disk_space = 0
    required_files is empty
    required_memory = 0
    required_programs is empty
    required_user is empty
    timeout = 300

Standard output:
Executing command [ date -r 3222243 +%c ]
Executing command [ date -r 1005600000 +%c ]
===> bin/date/format_string_test:d_test
Result: passed
Duration: 0.323s

Metadata:
    allowed_architectures is empty
    allowed_platforms is empty
    description is empty
    has_cleanup = false
    required_configs is empty
    required_disk_space = 0
    required_files is empty
    required_memory = 0
    required_programs is empty
    required_user is empty
    timeout = 300

Standard output:
Executing command [ date -r 3222243 +%d ]
Executing command [ date -r 1005600000 +%d ]
===> bin/date/format_string_test:e_test
Result: passed
Duration: 0.410s

Metadata:
    allowed_architectures is empty
    allowed_platforms is empty
    description is empty
    has_cleanup = false
    required_configs is empty
    required_disk_space = 0
    required_files is empty
    required_memory = 0
    required_programs is empty
    required_user is empty
    timeout = 300

Standard output:
Executing command [ date -r 3222243 +%e ]
Executing command [ date -r 1005600000 +%e ]
===> bin/date/format_string_test:g_test
Result: passed
Duration: 0.354s

Metadata:
    allowed_architectures is empty
    allowed_platforms is empty
    description is empty
    has_cleanup = false
    required_configs is empty
    required_disk_space = 0
    required_files is empty
    required_memory = 0
    required_programs is empty
    required_user is empty
    timeout = 300

Standard output:
Executing command [ date -r 3222243 +%g ]
Executing command [ date -r 1005600000 +%g ]
===> bin/date/format_string_test:h_test
Result: passed
Duration: 0.932s

Metadata:
    allowed_architectures is empty
    allowed_platforms is empty
    description is empty
    has_cleanup = false
    required_configs is empty
    required_disk_space = 0
    required_files is empty
    required_memory = 0
    required_programs is empty
    required_user is empty
    timeout = 300

Standard output:
Executing command [ date -r 3222243 +%h ]
Executing command [ date -r 1005600000 +%h ]
===> bin/date/format_string_test:j_test
Result: passed
Duration: 0.843s

Metadata:
    allowed_architectures is empty
    allowed_platforms is empty
    description is empty
    has_cleanup = false
    required_configs is empty
    required_disk_space = 0
    required_files is empty
    required_memory = 0
    required_programs is empty
    required_user is empty
    timeout = 300

Standard output:
Executing command [ date -r 3222243 +%j ]
Executing command [ date -r 1005600000 +%j ]
===> bin/date/format_string_test:k_test
Result: passed
Duration: 0.777s

Metadata:
    allowed_architectures is empty
    allowed_platforms is empty
    description is empty
    has_cleanup = false
    required_configs is empty
    required_disk_space = 0
    required_files is empty
    required_memory = 0
    required_programs is empty
    required_user is empty
    timeout = 300

Standard output:
Executing command [ date -r 3222243 +%k ]
Executing command [ date -r 1005600000 +%k ]
===> bin/date/format_string_test:l_test
Result: passed
Duration: 1.336s

Metadata:
    allowed_architectures is empty
    allowed_platforms is empty
    description is empty
    has_cleanup = false
    required_configs is empty
    required_disk_space = 0
    required_files is empty
    required_memory = 0
    required_programs is empty
    required_user is empty
    timeout = 300

Standard output:
Executing command [ date -r 3222243 +%l ]
Executing command [ date -r 1005600000 +%l ]
===> bin/date/format_string_test:m_test
Result: passed
Duration: 0.403s

Metadata:
    allowed_architectures is empty
    allowed_platforms is empty
    description is empty
    has_cleanup = false
    required_configs is empty
    required_disk_space = 0
    required_files is empty
    required_memory = 0
    required_programs is empty
    required_user is empty
    timeout = 300

Standard output:
Executing command [ date -r 3222243 +%m ]
Executing command [ date -r 1005600000 +%m ]
===> bin/date/format_string_test:p_test
Result: passed
Duration: 1.705s

Metadata:
    allowed_architectures is empty
    allowed_platforms is empty
    description is empty
    has_cleanup = false
    required_configs is empty
    required_disk_space = 0
    required_files is empty
    required_memory = 0
    required_programs is empty
    required_user is empty
    timeout = 300

Standard output:
Executing command [ date -r 3222243 +%p ]
Executing command [ date -r 1005600000 +%p ]
===> bin/date/format_string_test:percent_test
Result: passed
Duration: 1.212s

Metadata:
    allowed_architectures is empty
    allowed_platforms is empty
    description is empty
    has_cleanup = false
    required_configs is empty
    required_disk_space = 0
    required_files is empty
    required_memory = 0
    required_programs is empty
    required_user is empty
    timeout = 300

Standard output:
Executing command [ date -r 3222243 +%% ]
Executing command [ date -r 1005600000 +%% ]
===> bin/date/format_string_test:plus_test
Result: passed
Duration: 1.254s

Metadata:
    allowed_architectures is empty
    allowed_platforms is empty
    description is empty
    has_cleanup = false
    required_configs is empty
    required_disk_space = 0
    required_files is empty
    required_memory = 0
    required_programs is empty
    required_user is empty
    timeout = 300

Standard output:
Executing command [ date -r 3222243 +%+ ]
Executing command [ date -r 1005600000 +%+ ]
===> bin/date/format_string_test:r_test
Result: passed
Duration: 0.780s

Metadata:
    allowed_architectures is empty
    allowed_platforms is empty
    description is empty
    has_cleanup = false
    required_configs is empty
    required_disk_space = 0
    required_files is empty
    required_memory = 0
    required_programs is empty
    required_user is empty
    timeout = 300

Standard output:
Executing command [ date -r 3222243 +%r ]
Executing command [ date -r 1005600000 +%r ]
===> bin/date/format_string_test:s_test
Result: passed
Duration: 2.549s

Metadata:
    allowed_architectures is empty
    allowed_platforms is empty
    description is empty
    has_cleanup = false
    required_configs is empty
    required_disk_space = 0
    required_files is empty
    required_memory = 0
    required_programs is empty
    required_user is empty
    timeout = 300

Standard output:
Executing command [ date -r 3222243 +%s ]
Executing command [ date -r 1005600000 +%s ]
===> bin/date/format_string_test:u_test
Result: passed
Duration: 1.858s

Metadata:
    allowed_architectures is empty
    allowed_platforms is empty
    description is empty
    has_cleanup = false
    required_configs is empty
    required_disk_space = 0
    required_files is empty
    required_memory = 0
    required_programs is empty
    required_user is empty
    timeout = 300

Standard output:
Executing command [ date -r 3222243 +%u ]
Executing command [ date -r 1005600000 +%u ]
===> bin/date/format_string_test:v_test
Result: passed
Duration: 0.936s

Metadata:
    allowed_architectures is empty
    allowed_platforms is empty
    description is empty
    has_cleanup = false
    required_configs is empty
    required_disk_space = 0
    required_files is empty
    required_memory = 0
    required_programs is empty
    required_user is empty
    timeout = 300

Standard output:
Executing command [ date -r 3222243 +%v ]
Executing command [ date -r 1005600000 +%v ]
===> bin/date/format_string_test:w_test
Result: passed
Duration: 0.557s

Metadata:
    allowed_architectures is empty
    allowed_platforms is empty
    description is empty
    has_cleanup = false
    required_configs is empty
    required_disk_space = 0
    required_files is empty
    required_memory = 0
    required_programs is empty
    required_user is empty
    timeout = 300

Standard output:
Executing command [ date -r 3222243 +%w ]
Executing command [ date -r 1005600000 +%w ]
===> bin/date/format_string_test:x_test
Result: passed
Duration: 1.035s

Metadata:
    allowed_architectures is empty
    allowed_platforms is empty
    description is empty
    has_cleanup = false
    required_configs is empty
    required_disk_space = 0
    required_files is empty
    required_memory = 0
    required_programs is empty
    required_user is empty
    timeout = 300

Standard output:
Executing command [ date -r 3222243 +%x ]
Executing command [ date -r 1005600000 +%x ]
===> bin/date/format_string_test:y_test
Result: passed
Duration: 0.556s

Metadata:
    allowed_architectures is empty
    allowed_platforms is empty
    description is empty
    has_cleanup = false
    required_configs is empty
    required_disk_space = 0
    required_files is empty
    required_memory = 0
    required_programs is empty
    required_user is empty
    timeout = 300

Standard output:
Executing command [ date -r 3222243 +%y ]
Executing command [ date -r 1005600000 +%y ]
===> bin/date/format_string_test:z_test
Result: passed
Duration: 0.297s

Metadata:
    allowed_architectures is empty
    allowed_platforms is empty
    description is empty
    has_cleanup = false
    required_configs is empty
    required_disk_space = 0
    required_files is empty
    required_memory = 0
    required_programs is empty
    required_user is empty
    timeout = 300

Standard output:
Executing command [ date -r 3222243 +%z ]
Executing command [ date -r 1005600000 +%z ]
===> bin/expr/expr_test:arithmetic_ops
Result: expected_failure: the following testcases fail with syntax errors on FreeBSD: Expected 0, got expr: syntax error from expression:  .java_wrapper : /
Duration: 0.258s

Metadata:
    allowed_architectures is empty
    allowed_platforms is empty
    description = Dangling arithemtic operator
    has_cleanup = false
    required_configs is empty
    required_disk_space = 0
    required_files is empty
    required_memory = 0
    required_programs is empty
    required_user is empty
    timeout = 300

Standard output:
Expression '.java_wrapper : /', expecting '0'
===> bin/expr/expr_test:basic_functional
Result: passed
Duration: 0.088s

Metadata:
    allowed_architectures is empty
    allowed_platforms is empty
    description = Basic functional tests
    has_cleanup = false
    required_configs is empty
    required_disk_space = 0
    required_files is empty
    required_memory = 0
    required_programs is empty
    required_user is empty
    timeout = 300

Standard output:
Expression '2', expecting '2'
Expression '-4', expecting '-4'
Expression 'hello', expecting 'hello'
===> bin/expr/expr_test:basic_math
Result: passed
Duration: 0.684s

Metadata:
    allowed_architectures is empty
    allowed_platforms is empty
    description = Basic math test
    has_cleanup = false
    required_configs is empty
    required_disk_space = 0
    required_files is empty
    required_memory = 0
    required_programs is empty
    required_user is empty
    timeout = 300

Standard output:
Expression '2 + 4 \* 5', expecting '22'
===> bin/expr/expr_test:colon_vs_math
Result: passed
Duration: 0.243s

Metadata:
    allowed_architectures is empty
    allowed_platforms is empty
    description = Basic precendence test with the : operator vs. math
    has_cleanup = false
    required_configs is empty
    required_disk_space = 0
    required_files is empty
    required_memory = 0
    required_programs is empty
    required_user is empty
    timeout = 300

Standard output:
Expression '2 : 4 / 2', expecting '0'
Expression '4 : 4 % 3', expecting '1'
===> bin/expr/expr_test:compare_ops
Result: passed
Duration: 0.223s

Metadata:
    allowed_architectures is empty
    allowed_platforms is empty
    description = Compare operator tests
    has_cleanup = false
    required_configs is empty
    required_disk_space = 0
    required_files is empty
    required_memory = 0
    required_programs is empty
    required_user is empty
    timeout = 300

Standard output:
Expression '2 \!= 5', expecting '1'
Expression '2 \!= 2', expecting '0'
Expression '2 \<= 3', expecting '1'
Expression '2 \<= 2', expecting '1'
Expression '2 \<= 1', expecting '0'
Expression '2 \< 3', expecting '1'
Expression '2 \< 2', expecting '0'
Expression '2 = 2', expecting '1'
Expression '2 = 4', expecting '0'
Expression '2 \>= 1', expecting '1'
Expression '2 \>= 2', expecting '1'
Expression '2 \>= 3', expecting '0'
Expression '2 \> 1', expecting '1'
Expression '2 \> 2', expecting '0'
===> bin/expr/expr_test:compare_ops_precedence
Result: passed
Duration: 0.280s

Metadata:
    allowed_architectures is empty
    allowed_platforms is empty
    description = Compare operator precendence test
    has_cleanup = false
    required_configs is empty
    required_disk_space = 0
    required_files is empty
    required_memory = 0
    required_programs is empty
    required_user is empty
    timeout = 300

Standard output:
Expression '2 \> 1 \* 17', expecting '0'
===> bin/expr/expr_test:gtkmm
Result: passed
Duration: 0.131s

Metadata:
    allowed_architectures is empty
    allowed_platforms is empty
    description = Test from gtk-- configure that cause problems on old expr
    has_cleanup = false
    required_configs is empty
    required_disk_space = 0
    required_files is empty
    required_memory = 0
    required_programs is empty
    required_user is empty
    timeout = 300

Standard output:
Expression '3 \> 3 \| 3 = 3 \& 4 \> 4 \| 3 = 3 \& 4 = 4 \& 5 \>= 5', expecting '1'
Expression '3 \> 3 \| 3 = 3 \& 4 \> 4 \| 3 = 3 \& 4 = 4 \& 5 \>= 6', expecting '0'
Expression '3 \> 3 \| 3 = 3 \& 4 \> 4 \| 3 = 3 \& 4 = 3 \& 5 \>= 5', expecting '0'
Expression '3 \> 3 \| 3 = 3 \& 4 \> 4 \| 3 = 2 \& 4 = 4 \& 5 \>= 5', expecting '0'
Expression '3 \> 2 \| 3 = 3 \& 4 \> 4 \| 3 = 3 \& 4 = 4 \& 5 \>= 6', expecting '1'
Expression '3 \> 3 \| 3 = 3 \& 4 \> 3 \| 3 = 3 \& 4 = 4 \& 5 \>= 5', expecting '1'
===> bin/expr/expr_test:lang
Result: passed
Duration: 0.419s

Metadata:
    allowed_architectures is empty
    allowed_platforms is empty
    description is empty
    has_cleanup = false
    required_configs is empty
    required_disk_space = 0
    required_files is empty
    required_memory = 0
    required_programs is empty
    required_user is empty
    timeout = 300

Standard output:
Executing command [ /bin/sh -c expr 10 + 11 ]
Executing command [ /bin/sh -c expr 10 + 11 ]
===> bin/expr/expr_test:math_precedence
Result: passed
Duration: 0.144s

Metadata:
    allowed_architectures is empty
    allowed_platforms is empty
    description = More complex math test for precedence
    has_cleanup = false
    required_configs is empty
    required_disk_space = 0
    required_files is empty
    required_memory = 0
    required_programs is empty
    required_user is empty
    timeout = 300

Standard output:
Expression '-3 + -1 \* 4 + 3 / -6', expecting '-7'
===> bin/expr/expr_test:multiply
Result: passed
Duration: 0.329s

Metadata:
    allowed_architectures is empty
    allowed_platforms is empty
    description = Test the multiply operator (PR bin/12838)
    has_cleanup = false
    required_configs is empty
    required_disk_space = 0
    required_files is empty
    required_memory = 0
    required_programs is empty
    required_user is empty
    timeout = 300

Standard output:
Expression '1 \* -1', expecting '-1'
Expression '2 \> 1 \* 17', expecting '0'
===> bin/expr/expr_test:negative
Result: passed
Duration: 0.251s

Metadata:
    allowed_architectures is empty
    allowed_platforms is empty
    description = Test the additive inverse
    has_cleanup = false
    required_configs is empty
    required_disk_space = 0
    required_files is empty
    required_memory = 0
    required_programs is empty
    required_user is empty
    timeout = 300

Standard output:
Expression '-1 + 5', expecting '4'
Expression '- 1 + 5', expecting 'expr: syntax error'
Expression '5 + -1', expecting '4'
Expression '5 + - 1', expecting 'expr: syntax error'
Expression '1 - -5', expecting '6'
===> bin/expr/expr_test:overflow
Result: passed
Duration: 0.181s

Metadata:
    allowed_architectures is empty
    allowed_platforms is empty
    description = Test overflow cases
    has_cleanup = false
    required_configs is empty
    required_disk_space = 0
    required_files is empty
    required_memory = 0
    required_programs is empty
    required_user is empty
    timeout = 300

Standard output:
Expression '4611686018427387904 + 4611686018427387903', expecting '9223372036854775807'
Expression '4611686018427387904 + 4611686018427387904', expecting 'expr: overflow'
Expression '4611686018427387904 - -4611686018427387904', expecting 'expr: overflow'
Expression '-4611686018427387904 - 4611686018427387903', expecting '-9223372036854775807'
Expression '-4611686018427387904 - 4611686018427387905', expecting 'expr: overflow'
Expression '-4611686018427387904 \* 1', expecting '-4611686018427387904'
Expression '-4611686018427387904 \* -1', expecting '4611686018427387904'
Expression '-4611686018427387904 \* 2', expecting '-9223372036854775808'
Expression '-4611686018427387904 \* 3', expecting 'expr: overflow'
Expression '-4611686018427387904 \* -2', expecting 'expr: overflow'
Expression '4611686018427387904 \* 1', expecting '4611686018427387904'
Expression '4611686018427387904 \* 2', expecting 'expr: overflow'
Expression '4611686018427387904 \* 3', expecting 'expr: overflow'
===> bin/expr/expr_test:precedence
Result: passed
Duration: 0.296s

Metadata:
    allowed_architectures is empty
    allowed_platforms is empty
    description = Test precedence
    has_cleanup = false
    required_configs is empty
    required_disk_space = 0
    required_files is empty
    required_memory = 0
    required_programs is empty
    required_user is empty
    timeout = 300

Standard output:
Expression 'X1/2/3 : X\\\(.\*[^/]\\\)//\*[^/][^/]\*/\*$ \| . : \\\(.\\\)', expecting '1/2'
===> bin/expr/expr_test:regex
Result: passed
Duration: 0.363s

Metadata:
    allowed_architectures is empty
    allowed_platforms is empty
    description = Test proper () returning \1 from a regex
    has_cleanup = false
    required_configs is empty
    required_disk_space = 0
    required_files is empty
    required_memory = 0
    required_programs is empty
    required_user is empty
    timeout = 300

Standard output:
Expression '1/2 : .\*/\\\(.\*\\\)', expecting '2'
===> bin/mv/legacy_test:main
Result: passed
Duration: 5.414s

Metadata:
    allowed_architectures is empty
    allowed_platforms is empty
    description is empty
    has_cleanup = false
    required_configs is empty
    required_disk_space = 0
    required_files is empty
    required_memory = 0
    required_programs is empty
    required_user is empty
    timeout = 300

Standard output:
1..32
ok 1 - Rename file
ok 2 - Move files into directory
ok 3 - Move file from directory to file
ok 4 - Move file from directory to existing file
ok 5 - Move file from directory to existing directory
ok 6 - Move file from directory to directory
ok 7 - Rename directory
ok 8 - Move directory to directory name
ok 9 - Move directory to directory
ok 10 - Move directory to existing empty directory
ok 11 - Move directory to existing non-empty directory
ok 12 - Move directory to existing file
ok 13 - Rename fifo
ok 14 - Move fifos into directory
ok 15 - Move fifo from directory to fifo
ok 16 - Move fifo from directory to directory
ok 17 - Rename file (cross device)
ok 18 - Move files into directory (cross device)
ok 19 - Move file from directory to file (cross device)
ok 20 - Move file from directory to existing file (cross device)
ok 21 - Move file from directory to existing directory (cross device)
ok 22 - Move file from directory to directory (cross device)
ok 23 - Rename directory (cross device)
ok 24 - Move directory to directory name (cross device)
ok 25 - Move directory to directory (cross device)
ok 26 - Move directory to existing empty directory (cross device)
ok 27 - Move directory to existing non-empty directory (cross device)
ok 28 - Move directory to existing file (cross device)
ok 29 - Rename fifo (cross device)
ok 30 - Move fifos into directory (cross device)
ok 31 - Move fifo from directory to fifo (cross device)
ok 32 - Move fifo from directory to directory (cross device)
===> bin/pax/legacy_test:main
Result: passed
Duration: 2.909s

Metadata:
    allowed_architectures is empty
    allowed_platforms is empty
    description is empty
    has_cleanup = false
    required_configs is empty
    required_disk_space = 0
    required_files is empty
    required_memory = 0
    required_programs = /usr/local/bin/perl
    required_user is empty
    timeout = 300

Standard output:
1..6
ok 1 - Wrote 'ustar.ok' containing files with lengths 99 100 101 199 200 201 254 255
ok 2 - Restored 'ustar.ok' containing files with lengths 99 100 101 199 200 201 254 255
ok 3 - Restored files are identical
ok 4 - Failed to write 'ustar.fail1' containing files with lengths 99 100 101 199 200 201 254 255 256
ok 5 - Failed to write 'ustar.fail2' with a 100 char filename
ok 6 - Failed to write 'ustar.fail3' with a 100 char component

Standard error:
pax: File name too long for ustar /tmp/kyua.tap-tester.O1LDxU/ustar-pathnames-1/xxxxxxxxxxxxxxxxxxxxxxxxxxxxxxxxxxxxxxxxxxxxxxxx/xxxxxxxxxxxxxxxxxxxxxxxxxxxxxxxxxxxxxxxxxxxxxxxxxxxxxxxxxxxxx/xxxxxxxxxxxxxxxxxxxxxxxxxxxxxxxxxxxxxxxxxxxxxxxxxxxxxxxxxxxxxxxxxxxxxxxxxxxxxxxxxxxxxxxxxxxxxxxx256
pax: File name too long for ustar /tmp/kyua.tap-tester.O1LDxU/ustar-pathnames-1/xxxxxxxxxxxxxxxxxxxxxxxxxxxxxxxxxxxxxxxxxxxxxxxx/xxxxxxxxxxxxxxxxxxxxxxxxxxxxxxxxxxxxxxxxxxxxxxxxxxxxxxxxxxxxxxxxxxxxxxxxxxxxxxxxxxxxxxxxxxxxxxxxc100
pax: File name too long for ustar /tmp/kyua.tap-tester.O1LDxU/ustar-pathnames-1/xxxxxxxxxxxxxxxxxxxxxxxxxxxxxxxxxxxxxxxxxxxxxxxx/xxxxxxxxxxxxxxxxxxxxxxxxxxxxxxxxxxxxxxxxxxxxxxxxxxxxxxxxxxxxxxxxxxxxxxxxxxxxxxxxxxxxxxxxxxxxxxxxc100
pax: File name too long for ustar /tmp/kyua.tap-tester.O1LDxU/ustar-pathnames-1/xxxxxxxxxxxxxxxxxxxxxxxxxxxxxxxxxxxxxxxxxxxxxxxx/xxxxxxxxxxxxxxxxxxxxxxxxxxxxxxxxxxxxxxxxxxxxxxxxxxxxxxxxxxxxxxxxxxxxxxxxxxxxxxxxxxxxxxxxxxxxxxxxc100/x
===> bin/pkill/pgrep-F_test:main
Result: passed
Duration: 0.484s

Metadata:
    allowed_architectures is empty
    allowed_platforms is empty
    description is empty
    has_cleanup = false
    required_configs is empty
    required_disk_space = 0
    required_files is empty
    required_memory = 0
    required_programs is empty
    required_user is empty
    timeout = 300

Standard output:
1..1
ok - pgrep -F <pidfile>
===> bin/pkill/pgrep-LF_test:main
Result: passed
Duration: 0.902s

Metadata:
    allowed_architectures is empty
    allowed_platforms is empty
    description is empty
    has_cleanup = false
    required_configs is empty
    required_disk_space = 0
    required_files is empty
    required_memory = 0
    required_programs is empty
    required_user is empty
    timeout = 300

Standard output:
1..2
ok 1 - pgrep -LF <pidfile>
ok 2 - pgrep -LF <pidfile>
===> bin/pkill/pgrep-P_test:main
Result: passed
Duration: 0.866s

Metadata:
    allowed_architectures is empty
    allowed_platforms is empty
    description is empty
    has_cleanup = false
    required_configs is empty
    required_disk_space = 0
    required_files is empty
    required_memory = 0
    required_programs is empty
    required_user is empty
    timeout = 300

Standard output:
1..1
ok - pgrep -P <ppid>
===> bin/pkill/pgrep-U_test:main
Result: passed
Duration: 0.947s

Metadata:
    allowed_architectures is empty
    allowed_platforms is empty
    description is empty
    has_cleanup = false
    required_configs is empty
    required_disk_space = 0
    required_files is empty
    required_memory = 0
    required_programs is empty
    required_user is empty
    timeout = 300

Standard output:
1..2
ok 1 - pgrep -U <uid>
ok 2 - pgrep -U <user>
===> bin/pkill/pgrep-_g_test:main
Result: passed
Duration: 0.850s

Metadata:
    allowed_architectures is empty
    allowed_platforms is empty
    description is empty
    has_cleanup = false
    required_configs is empty
    required_disk_space = 0
    required_files is empty
    required_memory = 0
    required_programs is empty
    required_user is empty
    timeout = 300

Standard output:
1..2
ok 1 - pgrep -G <gid>
ok 2 - pgrep -G <group>
===> bin/pkill/pgrep-_s_test:main
Result: passed
Duration: 0.211s

Metadata:
    allowed_architectures is empty
    allowed_platforms is empty
    description is empty
    has_cleanup = false
    required_configs is empty
    required_disk_space = 0
    required_files is empty
    required_memory = 0
    required_programs is empty
    required_user is empty
    timeout = 300

Standard output:
1..2
ok 1 - pgrep -S
ok 2 - pgrep -S
===> bin/pkill/pgrep-g_test:main
Result: passed
Duration: 0.881s

Metadata:
    allowed_architectures is empty
    allowed_platforms is empty
    description is empty
    has_cleanup = false
    required_configs is empty
    required_disk_space = 0
    required_files is empty
    required_memory = 0
    required_programs is empty
    required_user is empty
    timeout = 300

Standard output:
1..2
ok 1 - pgrep -g <pgrp>
ok 2 - pgrep -g 0
===> bin/pkill/pgrep-i_test:main
Result: passed
Duration: 0.488s

Metadata:
    allowed_architectures is empty
    allowed_platforms is empty
    description is empty
    has_cleanup = false
    required_configs is empty
    required_disk_space = 0
    required_files is empty
    required_memory = 0
    required_programs is empty
    required_user is empty
    timeout = 300

Standard output:
1..1
ok - pgrep -i
===> bin/pkill/pgrep-j_test:main
Result: passed
Duration: 7.449s

Metadata:
    allowed_architectures is empty
    allowed_platforms is empty
    description is empty
    has_cleanup = false
    required_configs is empty
    required_disk_space = 0
    required_files is empty
    required_memory = 0
    required_programs = jail jls
    required_user = root
    timeout = 300

Standard output:
1..3
ok 1 - pgrep -j <jid>
ok 2 - pgrep -j any
ok 3 - pgrep -j none
===> bin/pkill/pgrep-l_test:main
Result: passed
Duration: 0.625s

Metadata:
    allowed_architectures is empty
    allowed_platforms is empty
    description is empty
    has_cleanup = false
    required_configs is empty
    required_disk_space = 0
    required_files is empty
    required_memory = 0
    required_programs is empty
    required_user is empty
    timeout = 300

Standard output:
1..1
ok - pgrep -l
===> bin/pkill/pgrep-n_test:main
Result: passed
Duration: 0.579s

Metadata:
    allowed_architectures is empty
    allowed_platforms is empty
    description is empty
    has_cleanup = false
    required_configs is empty
    required_disk_space = 0
    required_files is empty
    required_memory = 0
    required_programs is empty
    required_user is empty
    timeout = 300

Standard output:
1..1
ok - pgrep -n
===> bin/pkill/pgrep-o_test:main
Result: passed
Duration: 0.463s

Metadata:
    allowed_architectures is empty
    allowed_platforms is empty
    description is empty
    has_cleanup = false
    required_configs is empty
    required_disk_space = 0
    required_files is empty
    required_memory = 0
    required_programs is empty
    required_user is empty
    timeout = 300

Standard output:
1..1
ok - pgrep -o
===> bin/pkill/pgrep-q_test:main
Result: passed
Duration: 0.557s

Metadata:
    allowed_architectures is empty
    allowed_platforms is empty
    description is empty
    has_cleanup = false
    required_configs is empty
    required_disk_space = 0
    required_files is empty
    required_memory = 0
    required_programs is empty
    required_user is empty
    timeout = 300

Standard output:
1..4
ok 1 - pgrep -q
ok 2 - pgrep -q
ok 3 - pgrep -q
ok 4 - pgrep -q
===> bin/pkill/pgrep-s_test:main
Result: passed
Duration: 0.994s

Metadata:
    allowed_architectures is empty
    allowed_platforms is empty
    description is empty
    has_cleanup = false
    required_configs is empty
    required_disk_space = 0
    required_files is empty
    required_memory = 0
    required_programs is empty
    required_user is empty
    timeout = 300

Standard output:
1..2
ok 1 - pgrep -s <sid>
ok 2 - pgrep -s 0
===> bin/pkill/pgrep-t_test:main
Result: passed
Duration: 1.725s

Metadata:
    allowed_architectures is empty
    allowed_platforms is empty
    description is empty
    has_cleanup = false
    required_configs is empty
    required_disk_space = 0
    required_files is empty
    required_memory = 0
    required_programs is empty
    required_user is empty
    timeout = 300

Standard output:
1..2
ok 1 - pgrep -t <tty>
ok 2 - pgrep -t <tty>
===> bin/pkill/pgrep-v_test:main
Result: passed
Duration: 0.533s

Metadata:
    allowed_architectures is empty
    allowed_platforms is empty
    description is empty
    has_cleanup = false
    required_configs is empty
    required_disk_space = 0
    required_files is empty
    required_memory = 0
    required_programs is empty
    required_user is empty
    timeout = 300

Standard output:
1..2
ok 1 - pgrep -v
ok 2 - pgrep -v
===> bin/pkill/pgrep-x_test:main
Result: passed
Duration: 0.518s

Metadata:
    allowed_architectures is empty
    allowed_platforms is empty
    description is empty
    has_cleanup = false
    required_configs is empty
    required_disk_space = 0
    required_files is empty
    required_memory = 0
    required_programs is empty
    required_user is empty
    timeout = 300

Standard output:
1..4
ok 1 - pgrep -x
ok 2 - pgrep -x
ok 3 - pgrep -x -f
ok 4 - pgrep -x -f
===> bin/pkill/pkill-F_test:main
Result: passed
Duration: 0.545s

Metadata:
    allowed_architectures is empty
    allowed_platforms is empty
    description is empty
    has_cleanup = false
    required_configs is empty
    required_disk_space = 0
    required_files is empty
    required_memory = 0
    required_programs is empty
    required_user is empty
    timeout = 300

Standard output:
1..1
ok - pkill -F <pidfile>
===> bin/pkill/pkill-LF_test:main
Result: passed
Duration: 0.884s

Metadata:
    allowed_architectures is empty
    allowed_platforms is empty
    description is empty
    has_cleanup = false
    required_configs is empty
    required_disk_space = 0
    required_files is empty
    required_memory = 0
    required_programs is empty
    required_user is empty
    timeout = 300

Standard output:
1..2
ok 1 - pkill -LF <pidfile>
ok 2 - pkill -LF <pidfile>
===> bin/pkill/pkill-P_test:main
Result: passed
Duration: 0.501s

Metadata:
    allowed_architectures is empty
    allowed_platforms is empty
    description is empty
    has_cleanup = false
    required_configs is empty
    required_disk_space = 0
    required_files is empty
    required_memory = 0
    required_programs is empty
    required_user is empty
    timeout = 300

Standard output:
1..1
ok - pkill -P <ppid>
===> bin/pkill/pkill-U_test:main
Result: passed
Duration: 1.233s

Metadata:
    allowed_architectures is empty
    allowed_platforms is empty
    description is empty
    has_cleanup = false
    required_configs is empty
    required_disk_space = 0
    required_files is empty
    required_memory = 0
    required_programs is empty
    required_user is empty
    timeout = 300

Standard output:
1..2
ok 1 - pkill -U <uid>
ok 2 - pkill -U <user>
===> bin/pkill/pkill-_g_test:main
Result: passed
Duration: 0.995s

Metadata:
    allowed_architectures is empty
    allowed_platforms is empty
    description is empty
    has_cleanup = false
    required_configs is empty
    required_disk_space = 0
    required_files is empty
    required_memory = 0
    required_programs is empty
    required_user is empty
    timeout = 300

Standard output:
1..2
ok 1 - pkill -G <gid>
ok 2 - pkill -G <group>
===> bin/pkill/pkill-g_test:main
Result: passed
Duration: 0.861s

Metadata:
    allowed_architectures is empty
    allowed_platforms is empty
    description is empty
    has_cleanup = false
    required_configs is empty
    required_disk_space = 0
    required_files is empty
    required_memory = 0
    required_programs is empty
    required_user is empty
    timeout = 300

Standard output:
1..2
ok 1 - pkill -g <pgrp>
ok 2 - pkill -g 0
===> bin/pkill/pkill-i_test:main
Result: passed
Duration: 0.683s

Metadata:
    allowed_architectures is empty
    allowed_platforms is empty
    description is empty
    has_cleanup = false
    required_configs is empty
    required_disk_space = 0
    required_files is empty
    required_memory = 0
    required_programs is empty
    required_user is empty
    timeout = 300

Standard output:
1..1
ok - pkill -i
===> bin/pkill/pkill-j_test:main
Result: passed
Duration: 8.847s

Metadata:
    allowed_architectures is empty
    allowed_platforms is empty
    description is empty
    has_cleanup = false
    required_configs is empty
    required_disk_space = 0
    required_files is empty
    required_memory = 0
    required_programs = jail jls
    required_user = root
    timeout = 300

Standard output:
1..3
ok 1 - pkill -j <jid>
ok 2 - pkill -j any
ok 3 - pkill -j none
===> bin/pkill/pkill-s_test:main
Result: passed
Duration: 0.852s

Metadata:
    allowed_architectures is empty
    allowed_platforms is empty
    description is empty
    has_cleanup = false
    required_configs is empty
    required_disk_space = 0
    required_files is empty
    required_memory = 0
    required_programs is empty
    required_user is empty
    timeout = 300

Standard output:
1..2
ok 1 - pkill -s <sid>
ok 2 - pkill -s 0
===> bin/pkill/pkill-t_test:main
Result: passed
Duration: 0.987s

Metadata:
    allowed_architectures is empty
    allowed_platforms is empty
    description is empty
    has_cleanup = false
    required_configs is empty
    required_disk_space = 0
    required_files is empty
    required_memory = 0
    required_programs is empty
    required_user is empty
    timeout = 300

Standard output:
1..2
ok 1 - pkill -t <tty>
ok 2 - pkill -t <tty>
===> bin/pkill/pkill-x_test:main
Result: passed
Duration: 1.075s

Metadata:
    allowed_architectures is empty
    allowed_platforms is empty
    description is empty
    has_cleanup = false
    required_configs is empty
    required_disk_space = 0
    required_files is empty
    required_memory = 0
    required_programs is empty
    required_user is empty
    timeout = 300

Standard output:
1..4
ok 1 - pkill -x
ok 2 - pkill -x
ok 3 - pkill -x -f
ok 4 - pkill -x -f
===> bin/sh/builtins/functional_test:alias
Result: passed
Duration: 0.327s

Metadata:
    allowed_architectures is empty
    allowed_platforms is empty
    description is empty
    has_cleanup = false
    required_configs is empty
    required_disk_space = 0
    required_files is empty
    required_memory = 0
    required_programs is empty
    required_user is empty
    timeout = 300

Standard output:
Executing command [ /bin/sh /usr/tests/bin/sh/builtins/alias.1 ]
===> bin/sh/builtins/functional_test:alias3
Result: passed
Duration: 0.357s

Metadata:
    allowed_architectures is empty
    allowed_platforms is empty
    description is empty
    has_cleanup = false
    required_configs is empty
    required_disk_space = 0
    required_files is empty
    required_memory = 0
    required_programs is empty
    required_user is empty
    timeout = 300

Standard output:
Executing command [ /bin/sh /usr/tests/bin/sh/builtins/alias3.0 ]
===> bin/sh/builtins/functional_test:alias4
Result: passed
Duration: 0.474s

Metadata:
    allowed_architectures is empty
    allowed_platforms is empty
    description is empty
    has_cleanup = false
    required_configs is empty
    required_disk_space = 0
    required_files is empty
    required_memory = 0
    required_programs is empty
    required_user is empty
    timeout = 300

Standard output:
Executing command [ /bin/sh /usr/tests/bin/sh/builtins/alias4.0 ]
===> bin/sh/builtins/functional_test:break1
Result: passed
Duration: 0.204s

Metadata:
    allowed_architectures is empty
    allowed_platforms is empty
    description is empty
    has_cleanup = false
    required_configs is empty
    required_disk_space = 0
    required_files is empty
    required_memory = 0
    required_programs is empty
    required_user is empty
    timeout = 300

Standard output:
Executing command [ /bin/sh /usr/tests/bin/sh/builtins/break1.0 ]
===> bin/sh/builtins/functional_test:break2
Result: passed
Duration: 0.452s

Metadata:
    allowed_architectures is empty
    allowed_platforms is empty
    description is empty
    has_cleanup = false
    required_configs is empty
    required_disk_space = 0
    required_files is empty
    required_memory = 0
    required_programs is empty
    required_user is empty
    timeout = 300

Standard output:
Executing command [ /bin/sh /usr/tests/bin/sh/builtins/break2.0 ]
===> bin/sh/builtins/functional_test:break3
Result: passed
Duration: 0.169s

Metadata:
    allowed_architectures is empty
    allowed_platforms is empty
    description is empty
    has_cleanup = false
    required_configs is empty
    required_disk_space = 0
    required_files is empty
    required_memory = 0
    required_programs is empty
    required_user is empty
    timeout = 300

Standard output:
Executing command [ /bin/sh /usr/tests/bin/sh/builtins/break3.0 ]
===> bin/sh/builtins/functional_test:break4
Result: passed
Duration: 0.196s

Metadata:
    allowed_architectures is empty
    allowed_platforms is empty
    description is empty
    has_cleanup = false
    required_configs is empty
    required_disk_space = 0
    required_files is empty
    required_memory = 0
    required_programs is empty
    required_user is empty
    timeout = 300

Standard output:
Executing command [ /bin/sh /usr/tests/bin/sh/builtins/break4.4 ]
===> bin/sh/builtins/functional_test:break5
Result: passed
Duration: 0.716s

Metadata:
    allowed_architectures is empty
    allowed_platforms is empty
    description is empty
    has_cleanup = false
    required_configs is empty
    required_disk_space = 0
    required_files is empty
    required_memory = 0
    required_programs is empty
    required_user is empty
    timeout = 300

Standard output:
Executing command [ /bin/sh /usr/tests/bin/sh/builtins/break5.4 ]
===> bin/sh/builtins/functional_test:break6
Result: passed
Duration: 0.687s

Metadata:
    allowed_architectures is empty
    allowed_platforms is empty
    description is empty
    has_cleanup = false
    required_configs is empty
    required_disk_space = 0
    required_files is empty
    required_memory = 0
    required_programs is empty
    required_user is empty
    timeout = 300

Standard output:
Executing command [ /bin/sh /usr/tests/bin/sh/builtins/break6.0 ]
===> bin/sh/builtins/functional_test:builtin1
Result: passed
Duration: 0.597s

Metadata:
    allowed_architectures is empty
    allowed_platforms is empty
    description is empty
    has_cleanup = false
    required_configs is empty
    required_disk_space = 0
    required_files is empty
    required_memory = 0
    required_programs is empty
    required_user is empty
    timeout = 300

Standard output:
Executing command [ /bin/sh /usr/tests/bin/sh/builtins/builtin1.0 ]
===> bin/sh/builtins/functional_test:case1
Result: passed
Duration: 1.103s

Metadata:
    allowed_architectures is empty
    allowed_platforms is empty
    description is empty
    has_cleanup = false
    required_configs is empty
    required_disk_space = 0
    required_files is empty
    required_memory = 0
    required_programs is empty
    required_user is empty
    timeout = 300

Standard output:
Executing command [ /bin/sh /usr/tests/bin/sh/builtins/case1.0 ]
===> bin/sh/builtins/functional_test:case10
Result: passed
Duration: 0.318s

Metadata:
    allowed_architectures is empty
    allowed_platforms is empty
    description is empty
    has_cleanup = false
    required_configs is empty
    required_disk_space = 0
    required_files is empty
    required_memory = 0
    required_programs is empty
    required_user is empty
    timeout = 300

Standard output:
Executing command [ /bin/sh /usr/tests/bin/sh/builtins/case10.0 ]
===> bin/sh/builtins/functional_test:case11
Result: passed
Duration: 0.295s

Metadata:
    allowed_architectures is empty
    allowed_platforms is empty
    description is empty
    has_cleanup = false
    required_configs is empty
    required_disk_space = 0
    required_files is empty
    required_memory = 0
    required_programs is empty
    required_user is empty
    timeout = 300

Standard output:
Executing command [ /bin/sh /usr/tests/bin/sh/builtins/case11.0 ]
===> bin/sh/builtins/functional_test:case12
Result: passed
Duration: 0.418s

Metadata:
    allowed_architectures is empty
    allowed_platforms is empty
    description is empty
    has_cleanup = false
    required_configs is empty
    required_disk_space = 0
    required_files is empty
    required_memory = 0
    required_programs is empty
    required_user is empty
    timeout = 300

Standard output:
Executing command [ /bin/sh /usr/tests/bin/sh/builtins/case12.0 ]
===> bin/sh/builtins/functional_test:case13
Result: passed
Duration: 0.452s

Metadata:
    allowed_architectures is empty
    allowed_platforms is empty
    description is empty
    has_cleanup = false
    required_configs is empty
    required_disk_space = 0
    required_files is empty
    required_memory = 0
    required_programs is empty
    required_user is empty
    timeout = 300

Standard output:
Executing command [ /bin/sh /usr/tests/bin/sh/builtins/case13.0 ]
===> bin/sh/builtins/functional_test:case14
Result: passed
Duration: 0.741s

Metadata:
    allowed_architectures is empty
    allowed_platforms is empty
    description is empty
    has_cleanup = false
    required_configs is empty
    required_disk_space = 0
    required_files is empty
    required_memory = 0
    required_programs is empty
    required_user is empty
    timeout = 300

Standard output:
Executing command [ /bin/sh /usr/tests/bin/sh/builtins/case14.0 ]
===> bin/sh/builtins/functional_test:case15
Result: passed
Duration: 0.837s

Metadata:
    allowed_architectures is empty
    allowed_platforms is empty
    description is empty
    has_cleanup = false
    required_configs is empty
    required_disk_space = 0
    required_files is empty
    required_memory = 0
    required_programs is empty
    required_user is empty
    timeout = 300

Standard output:
Executing command [ /bin/sh /usr/tests/bin/sh/builtins/case15.0 ]
===> bin/sh/builtins/functional_test:case16
Result: passed
Duration: 0.470s

Metadata:
    allowed_architectures is empty
    allowed_platforms is empty
    description is empty
    has_cleanup = false
    required_configs is empty
    required_disk_space = 0
    required_files is empty
    required_memory = 0
    required_programs is empty
    required_user is empty
    timeout = 300

Standard output:
Executing command [ /bin/sh /usr/tests/bin/sh/builtins/case16.0 ]
===> bin/sh/builtins/functional_test:case17
Result: passed
Duration: 0.490s

Metadata:
    allowed_architectures is empty
    allowed_platforms is empty
    description is empty
    has_cleanup = false
    required_configs is empty
    required_disk_space = 0
    required_files is empty
    required_memory = 0
    required_programs is empty
    required_user is empty
    timeout = 300

Standard output:
Executing command [ /bin/sh /usr/tests/bin/sh/builtins/case17.0 ]
===> bin/sh/builtins/functional_test:case18
Result: passed
Duration: 1.203s

Metadata:
    allowed_architectures is empty
    allowed_platforms is empty
    description is empty
    has_cleanup = false
    required_configs is empty
    required_disk_space = 0
    required_files is empty
    required_memory = 0
    required_programs is empty
    required_user is empty
    timeout = 300

Standard output:
Executing command [ /bin/sh /usr/tests/bin/sh/builtins/case18.0 ]
===> bin/sh/builtins/functional_test:case19
Result: passed
Duration: 0.104s

Metadata:
    allowed_architectures is empty
    allowed_platforms is empty
    description is empty
    has_cleanup = false
    required_configs is empty
    required_disk_space = 0
    required_files is empty
    required_memory = 0
    required_programs is empty
    required_user is empty
    timeout = 300

Standard output:
Executing command [ /bin/sh /usr/tests/bin/sh/builtins/case19.0 ]
===> bin/sh/builtins/functional_test:case2
Result: passed
Duration: 0.101s

Metadata:
    allowed_architectures is empty
    allowed_platforms is empty
    description is empty
    has_cleanup = false
    required_configs is empty
    required_disk_space = 0
    required_files is empty
    required_memory = 0
    required_programs is empty
    required_user is empty
    timeout = 300

Standard output:
Executing command [ /bin/sh /usr/tests/bin/sh/builtins/case2.0 ]
===> bin/sh/builtins/functional_test:case3
Result: passed
Duration: 0.129s

Metadata:
    allowed_architectures is empty
    allowed_platforms is empty
    description is empty
    has_cleanup = false
    required_configs is empty
    required_disk_space = 0
    required_files is empty
    required_memory = 0
    required_programs is empty
    required_user is empty
    timeout = 300

Standard output:
Executing command [ /bin/sh /usr/tests/bin/sh/builtins/case3.0 ]
===> bin/sh/builtins/functional_test:case4
Result: passed
Duration: 0.093s

Metadata:
    allowed_architectures is empty
    allowed_platforms is empty
    description is empty
    has_cleanup = false
    required_configs is empty
    required_disk_space = 0
    required_files is empty
    required_memory = 0
    required_programs is empty
    required_user is empty
    timeout = 300

Standard output:
Executing command [ /bin/sh /usr/tests/bin/sh/builtins/case4.0 ]
===> bin/sh/builtins/functional_test:case5
Result: passed
Duration: 0.178s

Metadata:
    allowed_architectures is empty
    allowed_platforms is empty
    description is empty
    has_cleanup = false
    required_configs is empty
    required_disk_space = 0
    required_files is empty
    required_memory = 0
    required_programs is empty
    required_user is empty
    timeout = 300

Standard output:
Executing command [ /bin/sh /usr/tests/bin/sh/builtins/case5.0 ]
===> bin/sh/builtins/functional_test:case6
Result: passed
Duration: 0.121s

Metadata:
    allowed_architectures is empty
    allowed_platforms is empty
    description is empty
    has_cleanup = false
    required_configs is empty
    required_disk_space = 0
    required_files is empty
    required_memory = 0
    required_programs is empty
    required_user is empty
    timeout = 300

Standard output:
Executing command [ /bin/sh /usr/tests/bin/sh/builtins/case6.0 ]
===> bin/sh/builtins/functional_test:case7
Result: passed
Duration: 0.143s

Metadata:
    allowed_architectures is empty
    allowed_platforms is empty
    description is empty
    has_cleanup = false
    required_configs is empty
    required_disk_space = 0
    required_files is empty
    required_memory = 0
    required_programs is empty
    required_user is empty
    timeout = 300

Standard output:
Executing command [ /bin/sh /usr/tests/bin/sh/builtins/case7.0 ]
===> bin/sh/builtins/functional_test:case8
Result: passed
Duration: 0.135s

Metadata:
    allowed_architectures is empty
    allowed_platforms is empty
    description is empty
    has_cleanup = false
    required_configs is empty
    required_disk_space = 0
    required_files is empty
    required_memory = 0
    required_programs is empty
    required_user is empty
    timeout = 300

Standard output:
Executing command [ /bin/sh /usr/tests/bin/sh/builtins/case8.0 ]
===> bin/sh/builtins/functional_test:case9
Result: passed
Duration: 0.500s

Metadata:
    allowed_architectures is empty
    allowed_platforms is empty
    description is empty
    has_cleanup = false
    required_configs is empty
    required_disk_space = 0
    required_files is empty
    required_memory = 0
    required_programs is empty
    required_user is empty
    timeout = 300

Standard output:
Executing command [ /bin/sh /usr/tests/bin/sh/builtins/case9.0 ]
===> bin/sh/builtins/functional_test:cd1
Result: passed
Duration: 1.071s

Metadata:
    allowed_architectures is empty
    allowed_platforms is empty
    description is empty
    has_cleanup = false
    required_configs is empty
    required_disk_space = 0
    required_files is empty
    required_memory = 0
    required_programs is empty
    required_user is empty
    timeout = 300

Standard output:
Executing command [ /bin/sh /usr/tests/bin/sh/builtins/cd1.0 ]
===> bin/sh/builtins/functional_test:cd2
Result: passed
Duration: 2.331s

Metadata:
    allowed_architectures is empty
    allowed_platforms is empty
    description is empty
    has_cleanup = false
    required_configs is empty
    required_disk_space = 0
    required_files is empty
    required_memory = 0
    required_programs is empty
    required_user is empty
    timeout = 300

Standard output:
Executing command [ /bin/sh /usr/tests/bin/sh/builtins/cd2.0 ]
===> bin/sh/builtins/functional_test:cd3
Result: passed
Duration: 0.228s

Metadata:
    allowed_architectures is empty
    allowed_platforms is empty
    description is empty
    has_cleanup = false
    required_configs is empty
    required_disk_space = 0
    required_files is empty
    required_memory = 0
    required_programs is empty
    required_user is empty
    timeout = 300

Standard output:
Executing command [ /bin/sh /usr/tests/bin/sh/builtins/cd3.0 ]
===> bin/sh/builtins/functional_test:cd4
Result: passed
Duration: 0.292s

Metadata:
    allowed_architectures is empty
    allowed_platforms is empty
    description is empty
    has_cleanup = false
    required_configs is empty
    required_disk_space = 0
    required_files is empty
    required_memory = 0
    required_programs is empty
    required_user is empty
    timeout = 300

Standard output:
Executing command [ /bin/sh /usr/tests/bin/sh/builtins/cd4.0 ]
===> bin/sh/builtins/functional_test:cd5
Result: passed
Duration: 0.502s

Metadata:
    allowed_architectures is empty
    allowed_platforms is empty
    description is empty
    has_cleanup = false
    required_configs is empty
    required_disk_space = 0
    required_files is empty
    required_memory = 0
    required_programs is empty
    required_user is empty
    timeout = 300

Standard output:
Executing command [ /bin/sh /usr/tests/bin/sh/builtins/cd5.0 ]
===> bin/sh/builtins/functional_test:cd6
Result: passed
Duration: 0.416s

Metadata:
    allowed_architectures is empty
    allowed_platforms is empty
    description is empty
    has_cleanup = false
    required_configs is empty
    required_disk_space = 0
    required_files is empty
    required_memory = 0
    required_programs is empty
    required_user is empty
    timeout = 300

Standard output:
Executing command [ /bin/sh /usr/tests/bin/sh/builtins/cd6.0 ]
===> bin/sh/builtins/functional_test:cd7
Result: passed
Duration: 0.417s

Metadata:
    allowed_architectures is empty
    allowed_platforms is empty
    description is empty
    has_cleanup = false
    required_configs is empty
    required_disk_space = 0
    required_files is empty
    required_memory = 0
    required_programs is empty
    required_user is empty
    timeout = 300

Standard output:
Executing command [ /bin/sh /usr/tests/bin/sh/builtins/cd7.0 ]
===> bin/sh/builtins/functional_test:cd8
Result: passed
Duration: 1.100s

Metadata:
    allowed_architectures is empty
    allowed_platforms is empty
    description is empty
    has_cleanup = false
    required_configs is empty
    required_disk_space = 0
    required_files is empty
    required_memory = 0
    required_programs is empty
    required_user is empty
    timeout = 300

Standard output:
Executing command [ /bin/sh /usr/tests/bin/sh/builtins/cd8.0 ]
===> bin/sh/builtins/functional_test:command1
Result: passed
Duration: 0.896s

Metadata:
    allowed_architectures is empty
    allowed_platforms is empty
    description is empty
    has_cleanup = false
    required_configs is empty
    required_disk_space = 0
    required_files is empty
    required_memory = 0
    required_programs is empty
    required_user is empty
    timeout = 300

Standard output:
Executing command [ /bin/sh /usr/tests/bin/sh/builtins/command1.0 ]
===> bin/sh/builtins/functional_test:command10
Result: passed
Duration: 1.103s

Metadata:
    allowed_architectures is empty
    allowed_platforms is empty
    description is empty
    has_cleanup = false
    required_configs is empty
    required_disk_space = 0
    required_files is empty
    required_memory = 0
    required_programs is empty
    required_user is empty
    timeout = 300

Standard output:
Executing command [ /bin/sh /usr/tests/bin/sh/builtins/command10.0 ]
===> bin/sh/builtins/functional_test:command11
Result: passed
Duration: 0.294s

Metadata:
    allowed_architectures is empty
    allowed_platforms is empty
    description is empty
    has_cleanup = false
    required_configs is empty
    required_disk_space = 0
    required_files is empty
    required_memory = 0
    required_programs is empty
    required_user is empty
    timeout = 300

Standard output:
Executing command [ /bin/sh /usr/tests/bin/sh/builtins/command11.0 ]
===> bin/sh/builtins/functional_test:command12
Result: passed
Duration: 0.465s

Metadata:
    allowed_architectures is empty
    allowed_platforms is empty
    description is empty
    has_cleanup = false
    required_configs is empty
    required_disk_space = 0
    required_files is empty
    required_memory = 0
    required_programs is empty
    required_user is empty
    timeout = 300

Standard output:
Executing command [ /bin/sh /usr/tests/bin/sh/builtins/command12.0 ]
===> bin/sh/builtins/functional_test:command2
Result: passed
Duration: 0.161s

Metadata:
    allowed_architectures is empty
    allowed_platforms is empty
    description is empty
    has_cleanup = false
    required_configs is empty
    required_disk_space = 0
    required_files is empty
    required_memory = 0
    required_programs is empty
    required_user is empty
    timeout = 300

Standard output:
Executing command [ /bin/sh /usr/tests/bin/sh/builtins/command2.0 ]
===> bin/sh/builtins/functional_test:command3
Result: passed
Duration: 0.162s

Metadata:
    allowed_architectures is empty
    allowed_platforms is empty
    description is empty
    has_cleanup = false
    required_configs is empty
    required_disk_space = 0
    required_files is empty
    required_memory = 0
    required_programs is empty
    required_user is empty
    timeout = 300

Standard output:
Executing command [ /bin/sh /usr/tests/bin/sh/builtins/command3.0 ]
===> bin/sh/builtins/functional_test:command4
Result: passed
Duration: 0.371s

Metadata:
    allowed_architectures is empty
    allowed_platforms is empty
    description is empty
    has_cleanup = false
    required_configs is empty
    required_disk_space = 0
    required_files is empty
    required_memory = 0
    required_programs is empty
    required_user is empty
    timeout = 300

Standard output:
Executing command [ /bin/sh /usr/tests/bin/sh/builtins/command4.0 ]
===> bin/sh/builtins/functional_test:command5
Result: passed
Duration: 0.254s

Metadata:
    allowed_architectures is empty
    allowed_platforms is empty
    description is empty
    has_cleanup = false
    required_configs is empty
    required_disk_space = 0
    required_files is empty
    required_memory = 0
    required_programs is empty
    required_user is empty
    timeout = 300

Standard output:
Executing command [ /bin/sh /usr/tests/bin/sh/builtins/command5.0 ]
===> bin/sh/builtins/functional_test:command6
Result: passed
Duration: 0.293s

Metadata:
    allowed_architectures is empty
    allowed_platforms is empty
    description is empty
    has_cleanup = false
    required_configs is empty
    required_disk_space = 0
    required_files is empty
    required_memory = 0
    required_programs is empty
    required_user is empty
    timeout = 300

Standard output:
Executing command [ /bin/sh /usr/tests/bin/sh/builtins/command6.0 ]
===> bin/sh/builtins/functional_test:command7
Result: passed
Duration: 0.521s

Metadata:
    allowed_architectures is empty
    allowed_platforms is empty
    description is empty
    has_cleanup = false
    required_configs is empty
    required_disk_space = 0
    required_files is empty
    required_memory = 0
    required_programs is empty
    required_user is empty
    timeout = 300

Standard output:
Executing command [ /bin/sh /usr/tests/bin/sh/builtins/command7.0 ]
===> bin/sh/builtins/functional_test:command8
Result: passed
Duration: 0.374s

Metadata:
    allowed_architectures is empty
    allowed_platforms is empty
    description is empty
    has_cleanup = false
    required_configs is empty
    required_disk_space = 0
    required_files is empty
    required_memory = 0
    required_programs is empty
    required_user is empty
    timeout = 300

Standard output:
Executing command [ /bin/sh /usr/tests/bin/sh/builtins/command8.0 ]
===> bin/sh/builtins/functional_test:command9
Result: passed
Duration: 0.253s

Metadata:
    allowed_architectures is empty
    allowed_platforms is empty
    description is empty
    has_cleanup = false
    required_configs is empty
    required_disk_space = 0
    required_files is empty
    required_memory = 0
    required_programs is empty
    required_user is empty
    timeout = 300

Standard output:
Executing command [ /bin/sh /usr/tests/bin/sh/builtins/command9.0 ]
===> bin/sh/builtins/functional_test:dot1
Result: passed
Duration: 0.257s

Metadata:
    allowed_architectures is empty
    allowed_platforms is empty
    description is empty
    has_cleanup = false
    required_configs is empty
    required_disk_space = 0
    required_files is empty
    required_memory = 0
    required_programs is empty
    required_user is empty
    timeout = 300

Standard output:
Executing command [ /bin/sh /usr/tests/bin/sh/builtins/dot1.0 ]
===> bin/sh/builtins/functional_test:dot2
Result: passed
Duration: 0.225s

Metadata:
    allowed_architectures is empty
    allowed_platforms is empty
    description is empty
    has_cleanup = false
    required_configs is empty
    required_disk_space = 0
    required_files is empty
    required_memory = 0
    required_programs is empty
    required_user is empty
    timeout = 300

Standard output:
Executing command [ /bin/sh /usr/tests/bin/sh/builtins/dot2.0 ]
===> bin/sh/builtins/functional_test:dot3
Result: passed
Duration: 0.179s

Metadata:
    allowed_architectures is empty
    allowed_platforms is empty
    description is empty
    has_cleanup = false
    required_configs is empty
    required_disk_space = 0
    required_files is empty
    required_memory = 0
    required_programs is empty
    required_user is empty
    timeout = 300

Standard output:
Executing command [ /bin/sh /usr/tests/bin/sh/builtins/dot3.0 ]
===> bin/sh/builtins/functional_test:dot4
Result: passed
Duration: 0.137s

Metadata:
    allowed_architectures is empty
    allowed_platforms is empty
    description is empty
    has_cleanup = false
    required_configs is empty
    required_disk_space = 0
    required_files is empty
    required_memory = 0
    required_programs is empty
    required_user is empty
    timeout = 300

Standard output:
Executing command [ /bin/sh /usr/tests/bin/sh/builtins/dot4.0 ]
===> bin/sh/builtins/functional_test:eval1
Result: passed
Duration: 0.847s

Metadata:
    allowed_architectures is empty
    allowed_platforms is empty
    description is empty
    has_cleanup = false
    required_configs is empty
    required_disk_space = 0
    required_files is empty
    required_memory = 0
    required_programs is empty
    required_user is empty
    timeout = 300

Standard output:
Executing command [ /bin/sh /usr/tests/bin/sh/builtins/eval1.0 ]
===> bin/sh/builtins/functional_test:eval2
Result: passed
Duration: 0.278s

Metadata:
    allowed_architectures is empty
    allowed_platforms is empty
    description is empty
    has_cleanup = false
    required_configs is empty
    required_disk_space = 0
    required_files is empty
    required_memory = 0
    required_programs is empty
    required_user is empty
    timeout = 300

Standard output:
Executing command [ /bin/sh /usr/tests/bin/sh/builtins/eval2.0 ]
===> bin/sh/builtins/functional_test:eval3
Result: passed
Duration: 0.748s

Metadata:
    allowed_architectures is empty
    allowed_platforms is empty
    description is empty
    has_cleanup = false
    required_configs is empty
    required_disk_space = 0
    required_files is empty
    required_memory = 0
    required_programs is empty
    required_user is empty
    timeout = 300

Standard output:
Executing command [ /bin/sh /usr/tests/bin/sh/builtins/eval3.0 ]
===> bin/sh/builtins/functional_test:eval4
Result: passed
Duration: 0.129s

Metadata:
    allowed_architectures is empty
    allowed_platforms is empty
    description is empty
    has_cleanup = false
    required_configs is empty
    required_disk_space = 0
    required_files is empty
    required_memory = 0
    required_programs is empty
    required_user is empty
    timeout = 300

Standard output:
Executing command [ /bin/sh /usr/tests/bin/sh/builtins/eval4.0 ]
===> bin/sh/builtins/functional_test:eval5
Result: passed
Duration: 0.150s

Metadata:
    allowed_architectures is empty
    allowed_platforms is empty
    description is empty
    has_cleanup = false
    required_configs is empty
    required_disk_space = 0
    required_files is empty
    required_memory = 0
    required_programs is empty
    required_user is empty
    timeout = 300

Standard output:
Executing command [ /bin/sh /usr/tests/bin/sh/builtins/eval5.0 ]
===> bin/sh/builtins/functional_test:eval6
Result: passed
Duration: 0.369s

Metadata:
    allowed_architectures is empty
    allowed_platforms is empty
    description is empty
    has_cleanup = false
    required_configs is empty
    required_disk_space = 0
    required_files is empty
    required_memory = 0
    required_programs is empty
    required_user is empty
    timeout = 300

Standard output:
Executing command [ /bin/sh /usr/tests/bin/sh/builtins/eval6.0 ]
===> bin/sh/builtins/functional_test:eval7
Result: passed
Duration: 0.147s

Metadata:
    allowed_architectures is empty
    allowed_platforms is empty
    description is empty
    has_cleanup = false
    required_configs is empty
    required_disk_space = 0
    required_files is empty
    required_memory = 0
    required_programs is empty
    required_user is empty
    timeout = 300

Standard output:
Executing command [ /bin/sh /usr/tests/bin/sh/builtins/eval7.0 ]
===> bin/sh/builtins/functional_test:eval8
Result: passed
Duration: 0.192s

Metadata:
    allowed_architectures is empty
    allowed_platforms is empty
    description is empty
    has_cleanup = false
    required_configs is empty
    required_disk_space = 0
    required_files is empty
    required_memory = 0
    required_programs is empty
    required_user is empty
    timeout = 300

Standard output:
Executing command [ /bin/sh /usr/tests/bin/sh/builtins/eval8.7 ]
===> bin/sh/builtins/functional_test:exec1
Result: passed
Duration: 0.572s

Metadata:
    allowed_architectures is empty
    allowed_platforms is empty
    description is empty
    has_cleanup = false
    required_configs is empty
    required_disk_space = 0
    required_files is empty
    required_memory = 0
    required_programs is empty
    required_user is empty
    timeout = 300

Standard output:
Executing command [ /bin/sh /usr/tests/bin/sh/builtins/exec1.0 ]
===> bin/sh/builtins/functional_test:exec2
Result: passed
Duration: 0.293s

Metadata:
    allowed_architectures is empty
    allowed_platforms is empty
    description is empty
    has_cleanup = false
    required_configs is empty
    required_disk_space = 0
    required_files is empty
    required_memory = 0
    required_programs is empty
    required_user is empty
    timeout = 300

Standard output:
Executing command [ /bin/sh /usr/tests/bin/sh/builtins/exec2.0 ]
===> bin/sh/builtins/functional_test:exit1
Result: passed
Duration: 0.434s

Metadata:
    allowed_architectures is empty
    allowed_platforms is empty
    description is empty
    has_cleanup = false
    required_configs is empty
    required_disk_space = 0
    required_files is empty
    required_memory = 0
    required_programs is empty
    required_user is empty
    timeout = 300

Standard output:
Executing command [ /bin/sh /usr/tests/bin/sh/builtins/exit1.0 ]
===> bin/sh/builtins/functional_test:exit2
Result: passed
Duration: 0.308s

Metadata:
    allowed_architectures is empty
    allowed_platforms is empty
    description is empty
    has_cleanup = false
    required_configs is empty
    required_disk_space = 0
    required_files is empty
    required_memory = 0
    required_programs is empty
    required_user is empty
    timeout = 300

Standard output:
Executing command [ /bin/sh /usr/tests/bin/sh/builtins/exit2.8 ]
===> bin/sh/builtins/functional_test:exit3
Result: passed
Duration: 0.207s

Metadata:
    allowed_architectures is empty
    allowed_platforms is empty
    description is empty
    has_cleanup = false
    required_configs is empty
    required_disk_space = 0
    required_files is empty
    required_memory = 0
    required_programs is empty
    required_user is empty
    timeout = 300

Standard output:
Executing command [ /bin/sh /usr/tests/bin/sh/builtins/exit3.0 ]
===> bin/sh/builtins/functional_test:export1
Result: passed
Duration: 0.210s

Metadata:
    allowed_architectures is empty
    allowed_platforms is empty
    description is empty
    has_cleanup = false
    required_configs is empty
    required_disk_space = 0
    required_files is empty
    required_memory = 0
    required_programs is empty
    required_user is empty
    timeout = 300

Standard output:
Executing command [ /bin/sh /usr/tests/bin/sh/builtins/export1.0 ]
===> bin/sh/builtins/functional_test:fc1
Result: passed
Duration: 1.747s

Metadata:
    allowed_architectures is empty
    allowed_platforms is empty
    description is empty
    has_cleanup = false
    required_configs is empty
    required_disk_space = 0
    required_files is empty
    required_memory = 0
    required_programs is empty
    required_user is empty
    timeout = 300

Standard output:
Executing command [ /bin/sh /usr/tests/bin/sh/builtins/fc1.0 ]
===> bin/sh/builtins/functional_test:fc2
Result: passed
Duration: 0.320s

Metadata:
    allowed_architectures is empty
    allowed_platforms is empty
    description is empty
    has_cleanup = false
    required_configs is empty
    required_disk_space = 0
    required_files is empty
    required_memory = 0
    required_programs is empty
    required_user is empty
    timeout = 300

Standard output:
Executing command [ /bin/sh /usr/tests/bin/sh/builtins/fc2.0 ]
===> bin/sh/builtins/functional_test:for1
Result: passed
Duration: 0.161s

Metadata:
    allowed_architectures is empty
    allowed_platforms is empty
    description is empty
    has_cleanup = false
    required_configs is empty
    required_disk_space = 0
    required_files is empty
    required_memory = 0
    required_programs is empty
    required_user is empty
    timeout = 300

Standard output:
Executing command [ /bin/sh /usr/tests/bin/sh/builtins/for1.0 ]
===> bin/sh/builtins/functional_test:for2
Result: passed
Duration: 0.371s

Metadata:
    allowed_architectures is empty
    allowed_platforms is empty
    description is empty
    has_cleanup = false
    required_configs is empty
    required_disk_space = 0
    required_files is empty
    required_memory = 0
    required_programs is empty
    required_user is empty
    timeout = 300

Standard output:
Executing command [ /bin/sh /usr/tests/bin/sh/builtins/for2.0 ]
===> bin/sh/builtins/functional_test:for3
Result: passed
Duration: 0.208s

Metadata:
    allowed_architectures is empty
    allowed_platforms is empty
    description is empty
    has_cleanup = false
    required_configs is empty
    required_disk_space = 0
    required_files is empty
    required_memory = 0
    required_programs is empty
    required_user is empty
    timeout = 300

Standard output:
Executing command [ /bin/sh /usr/tests/bin/sh/builtins/for3.0 ]
===> bin/sh/builtins/functional_test:getopts1
Result: passed
Duration: 0.198s

Metadata:
    allowed_architectures is empty
    allowed_platforms is empty
    description is empty
    has_cleanup = false
    required_configs is empty
    required_disk_space = 0
    required_files is empty
    required_memory = 0
    required_programs is empty
    required_user is empty
    timeout = 300

Standard output:
Executing command [ /bin/sh /usr/tests/bin/sh/builtins/getopts1.0 ]
===> bin/sh/builtins/functional_test:getopts2
Result: passed
Duration: 0.540s

Metadata:
    allowed_architectures is empty
    allowed_platforms is empty
    description is empty
    has_cleanup = false
    required_configs is empty
    required_disk_space = 0
    required_files is empty
    required_memory = 0
    required_programs is empty
    required_user is empty
    timeout = 300

Standard output:
Executing command [ /bin/sh /usr/tests/bin/sh/builtins/getopts2.0 ]
===> bin/sh/builtins/functional_test:getopts3
Result: passed
Duration: 0.371s

Metadata:
    allowed_architectures is empty
    allowed_platforms is empty
    description is empty
    has_cleanup = false
    required_configs is empty
    required_disk_space = 0
    required_files is empty
    required_memory = 0
    required_programs is empty
    required_user is empty
    timeout = 300

Standard output:
Executing command [ /bin/sh /usr/tests/bin/sh/builtins/getopts3.0 ]
===> bin/sh/builtins/functional_test:getopts4
Result: passed
Duration: 0.213s

Metadata:
    allowed_architectures is empty
    allowed_platforms is empty
    description is empty
    has_cleanup = false
    required_configs is empty
    required_disk_space = 0
    required_files is empty
    required_memory = 0
    required_programs is empty
    required_user is empty
    timeout = 300

Standard output:
Executing command [ /bin/sh /usr/tests/bin/sh/builtins/getopts4.0 ]
===> bin/sh/builtins/functional_test:getopts5
Result: passed
Duration: 0.233s

Metadata:
    allowed_architectures is empty
    allowed_platforms is empty
    description is empty
    has_cleanup = false
    required_configs is empty
    required_disk_space = 0
    required_files is empty
    required_memory = 0
    required_programs is empty
    required_user is empty
    timeout = 300

Standard output:
Executing command [ /bin/sh /usr/tests/bin/sh/builtins/getopts5.0 ]
===> bin/sh/builtins/functional_test:getopts6
Result: passed
Duration: 0.102s

Metadata:
    allowed_architectures is empty
    allowed_platforms is empty
    description is empty
    has_cleanup = false
    required_configs is empty
    required_disk_space = 0
    required_files is empty
    required_memory = 0
    required_programs is empty
    required_user is empty
    timeout = 300

Standard output:
Executing command [ /bin/sh /usr/tests/bin/sh/builtins/getopts6.0 ]
===> bin/sh/builtins/functional_test:getopts7
Result: passed
Duration: 0.097s

Metadata:
    allowed_architectures is empty
    allowed_platforms is empty
    description is empty
    has_cleanup = false
    required_configs is empty
    required_disk_space = 0
    required_files is empty
    required_memory = 0
    required_programs is empty
    required_user is empty
    timeout = 300

Standard output:
Executing command [ /bin/sh /usr/tests/bin/sh/builtins/getopts7.0 ]
===> bin/sh/builtins/functional_test:getopts8
Result: passed
Duration: 0.065s

Metadata:
    allowed_architectures is empty
    allowed_platforms is empty
    description is empty
    has_cleanup = false
    required_configs is empty
    required_disk_space = 0
    required_files is empty
    required_memory = 0
    required_programs is empty
    required_user is empty
    timeout = 300

Standard output:
Executing command [ /bin/sh /usr/tests/bin/sh/builtins/getopts8.0 ]
===> bin/sh/builtins/functional_test:hash1
Result: passed
Duration: 0.068s

Metadata:
    allowed_architectures is empty
    allowed_platforms is empty
    description is empty
    has_cleanup = false
    required_configs is empty
    required_disk_space = 0
    required_files is empty
    required_memory = 0
    required_programs is empty
    required_user is empty
    timeout = 300

Standard output:
Executing command [ /bin/sh /usr/tests/bin/sh/builtins/hash1.0 ]
===> bin/sh/builtins/functional_test:hash2
Result: passed
Duration: 0.065s

Metadata:
    allowed_architectures is empty
    allowed_platforms is empty
    description is empty
    has_cleanup = false
    required_configs is empty
    required_disk_space = 0
    required_files is empty
    required_memory = 0
    required_programs is empty
    required_user is empty
    timeout = 300

Standard output:
Executing command [ /bin/sh /usr/tests/bin/sh/builtins/hash2.0 ]
===> bin/sh/builtins/functional_test:hash3
Result: passed
Duration: 0.066s

Metadata:
    allowed_architectures is empty
    allowed_platforms is empty
    description is empty
    has_cleanup = false
    required_configs is empty
    required_disk_space = 0
    required_files is empty
    required_memory = 0
    required_programs is empty
    required_user is empty
    timeout = 300

Standard output:
Executing command [ /bin/sh /usr/tests/bin/sh/builtins/hash3.0 ]
===> bin/sh/builtins/functional_test:hash4
Result: passed
Duration: 0.062s

Metadata:
    allowed_architectures is empty
    allowed_platforms is empty
    description is empty
    has_cleanup = false
    required_configs is empty
    required_disk_space = 0
    required_files is empty
    required_memory = 0
    required_programs is empty
    required_user is empty
    timeout = 300

Standard output:
Executing command [ /bin/sh /usr/tests/bin/sh/builtins/hash4.0 ]
===> bin/sh/builtins/functional_test:jobid1
Result: passed
Duration: 0.066s

Metadata:
    allowed_architectures is empty
    allowed_platforms is empty
    description is empty
    has_cleanup = false
    required_configs is empty
    required_disk_space = 0
    required_files is empty
    required_memory = 0
    required_programs is empty
    required_user is empty
    timeout = 300

Standard output:
Executing command [ /bin/sh /usr/tests/bin/sh/builtins/jobid1.0 ]
===> bin/sh/builtins/functional_test:jobid2
Result: passed
Duration: 0.065s

Metadata:
    allowed_architectures is empty
    allowed_platforms is empty
    description is empty
    has_cleanup = false
    required_configs is empty
    required_disk_space = 0
    required_files is empty
    required_memory = 0
    required_programs is empty
    required_user is empty
    timeout = 300

Standard output:
Executing command [ /bin/sh /usr/tests/bin/sh/builtins/jobid2.0 ]
===> bin/sh/builtins/functional_test:kill1
Result: passed
Duration: 0.064s

Metadata:
    allowed_architectures is empty
    allowed_platforms is empty
    description is empty
    has_cleanup = false
    required_configs is empty
    required_disk_space = 0
    required_files is empty
    required_memory = 0
    required_programs is empty
    required_user is empty
    timeout = 300

Standard output:
Executing command [ /bin/sh /usr/tests/bin/sh/builtins/kill1.0 ]
===> bin/sh/builtins/functional_test:kill2
Result: passed
Duration: 0.065s

Metadata:
    allowed_architectures is empty
    allowed_platforms is empty
    description is empty
    has_cleanup = false
    required_configs is empty
    required_disk_space = 0
    required_files is empty
    required_memory = 0
    required_programs is empty
    required_user is empty
    timeout = 300

Standard output:
Executing command [ /bin/sh /usr/tests/bin/sh/builtins/kill2.0 ]
===> bin/sh/builtins/functional_test:lineno
Result: passed
Duration: 0.076s

Metadata:
    allowed_architectures is empty
    allowed_platforms is empty
    description is empty
    has_cleanup = false
    required_configs is empty
    required_disk_space = 0
    required_files is empty
    required_memory = 0
    required_programs is empty
    required_user is empty
    timeout = 300

Standard output:
Executing command [ /bin/sh /usr/tests/bin/sh/builtins/lineno.0 ]
===> bin/sh/builtins/functional_test:lineno2
Result: passed
Duration: 0.064s

Metadata:
    allowed_architectures is empty
    allowed_platforms is empty
    description is empty
    has_cleanup = false
    required_configs is empty
    required_disk_space = 0
    required_files is empty
    required_memory = 0
    required_programs is empty
    required_user is empty
    timeout = 300

Standard output:
Executing command [ /bin/sh /usr/tests/bin/sh/builtins/lineno2.0 ]
===> bin/sh/builtins/functional_test:lineno3
Result: passed
Duration: 0.065s

Metadata:
    allowed_architectures is empty
    allowed_platforms is empty
    description is empty
    has_cleanup = false
    required_configs is empty
    required_disk_space = 0
    required_files is empty
    required_memory = 0
    required_programs is empty
    required_user is empty
    timeout = 300

Standard output:
Executing command [ /bin/sh /usr/tests/bin/sh/builtins/lineno3.0 ]
===> bin/sh/builtins/functional_test:local1
Result: passed
Duration: 0.065s

Metadata:
    allowed_architectures is empty
    allowed_platforms is empty
    description is empty
    has_cleanup = false
    required_configs is empty
    required_disk_space = 0
    required_files is empty
    required_memory = 0
    required_programs is empty
    required_user is empty
    timeout = 300

Standard output:
Executing command [ /bin/sh /usr/tests/bin/sh/builtins/local1.0 ]
===> bin/sh/builtins/functional_test:local2
Result: passed
Duration: 0.063s

Metadata:
    allowed_architectures is empty
    allowed_platforms is empty
    description is empty
    has_cleanup = false
    required_configs is empty
    required_disk_space = 0
    required_files is empty
    required_memory = 0
    required_programs is empty
    required_user is empty
    timeout = 300

Standard output:
Executing command [ /bin/sh /usr/tests/bin/sh/builtins/local2.0 ]
===> bin/sh/builtins/functional_test:local3
Result: passed
Duration: 0.061s

Metadata:
    allowed_architectures is empty
    allowed_platforms is empty
    description is empty
    has_cleanup = false
    required_configs is empty
    required_disk_space = 0
    required_files is empty
    required_memory = 0
    required_programs is empty
    required_user is empty
    timeout = 300

Standard output:
Executing command [ /bin/sh /usr/tests/bin/sh/builtins/local3.0 ]
===> bin/sh/builtins/functional_test:local4
Result: passed
Duration: 0.061s

Metadata:
    allowed_architectures is empty
    allowed_platforms is empty
    description is empty
    has_cleanup = false
    required_configs is empty
    required_disk_space = 0
    required_files is empty
    required_memory = 0
    required_programs is empty
    required_user is empty
    timeout = 300

Standard output:
Executing command [ /bin/sh /usr/tests/bin/sh/builtins/local4.0 ]
===> bin/sh/builtins/functional_test:locale1
Result: passed
Duration: 0.167s

Metadata:
    allowed_architectures is empty
    allowed_platforms is empty
    description is empty
    has_cleanup = false
    required_configs is empty
    required_disk_space = 0
    required_files is empty
    required_memory = 0
    required_programs is empty
    required_user is empty
    timeout = 300

Standard output:
Executing command [ /bin/sh /usr/tests/bin/sh/builtins/locale1.0 ]
===> bin/sh/builtins/functional_test:printf1
Result: passed
Duration: 0.070s

Metadata:
    allowed_architectures is empty
    allowed_platforms is empty
    description is empty
    has_cleanup = false
    required_configs is empty
    required_disk_space = 0
    required_files is empty
    required_memory = 0
    required_programs is empty
    required_user is empty
    timeout = 300

Standard output:
Executing command [ /bin/sh /usr/tests/bin/sh/builtins/printf1.0 ]
===> bin/sh/builtins/functional_test:printf2
Result: passed
Duration: 0.064s

Metadata:
    allowed_architectures is empty
    allowed_platforms is empty
    description is empty
    has_cleanup = false
    required_configs is empty
    required_disk_space = 0
    required_files is empty
    required_memory = 0
    required_programs is empty
    required_user is empty
    timeout = 300

Standard output:
Executing command [ /bin/sh /usr/tests/bin/sh/builtins/printf2.0 ]
===> bin/sh/builtins/functional_test:printf3
Result: passed
Duration: 0.062s

Metadata:
    allowed_architectures is empty
    allowed_platforms is empty
    description is empty
    has_cleanup = false
    required_configs is empty
    required_disk_space = 0
    required_files is empty
    required_memory = 0
    required_programs is empty
    required_user is empty
    timeout = 300

Standard output:
Executing command [ /bin/sh /usr/tests/bin/sh/builtins/printf3.0 ]
===> bin/sh/builtins/functional_test:printf4
Result: passed
Duration: 0.064s

Metadata:
    allowed_architectures is empty
    allowed_platforms is empty
    description is empty
    has_cleanup = false
    required_configs is empty
    required_disk_space = 0
    required_files is empty
    required_memory = 0
    required_programs is empty
    required_user is empty
    timeout = 300

Standard output:
Executing command [ /bin/sh /usr/tests/bin/sh/builtins/printf4.0 ]
===> bin/sh/builtins/functional_test:read1
Result: passed
Duration: 0.093s

Metadata:
    allowed_architectures is empty
    allowed_platforms is empty
    description is empty
    has_cleanup = false
    required_configs is empty
    required_disk_space = 0
    required_files is empty
    required_memory = 0
    required_programs is empty
    required_user is empty
    timeout = 300

Standard output:
Executing command [ /bin/sh /usr/tests/bin/sh/builtins/read1.0 ]
===> bin/sh/builtins/functional_test:read2
Result: passed
Duration: 1.050s

Metadata:
    allowed_architectures is empty
    allowed_platforms is empty
    description is empty
    has_cleanup = false
    required_configs is empty
    required_disk_space = 0
    required_files is empty
    required_memory = 0
    required_programs is empty
    required_user is empty
    timeout = 300

Standard output:
Executing command [ /bin/sh /usr/tests/bin/sh/builtins/read2.0 ]
===> bin/sh/builtins/functional_test:read3
Result: passed
Duration: 0.451s

Metadata:
    allowed_architectures is empty
    allowed_platforms is empty
    description is empty
    has_cleanup = false
    required_configs is empty
    required_disk_space = 0
    required_files is empty
    required_memory = 0
    required_programs is empty
    required_user is empty
    timeout = 300

Standard output:
Executing command [ /bin/sh /usr/tests/bin/sh/builtins/read3.0 ]
===> bin/sh/builtins/functional_test:read4
Result: passed
Duration: 0.231s

Metadata:
    allowed_architectures is empty
    allowed_platforms is empty
    description is empty
    has_cleanup = false
    required_configs is empty
    required_disk_space = 0
    required_files is empty
    required_memory = 0
    required_programs is empty
    required_user is empty
    timeout = 300

Standard output:
Executing command [ /bin/sh /usr/tests/bin/sh/builtins/read4.0 ]
===> bin/sh/builtins/functional_test:read5
Result: passed
Duration: 0.637s

Metadata:
    allowed_architectures is empty
    allowed_platforms is empty
    description is empty
    has_cleanup = false
    required_configs is empty
    required_disk_space = 0
    required_files is empty
    required_memory = 0
    required_programs is empty
    required_user is empty
    timeout = 300

Standard output:
Executing command [ /bin/sh /usr/tests/bin/sh/builtins/read5.0 ]
===> bin/sh/builtins/functional_test:read6
Result: passed
Duration: 0.528s

Metadata:
    allowed_architectures is empty
    allowed_platforms is empty
    description is empty
    has_cleanup = false
    required_configs is empty
    required_disk_space = 0
    required_files is empty
    required_memory = 0
    required_programs is empty
    required_user is empty
    timeout = 300

Standard output:
Executing command [ /bin/sh /usr/tests/bin/sh/builtins/read6.0 ]
===> bin/sh/builtins/functional_test:read7
Result: passed
Duration: 0.406s

Metadata:
    allowed_architectures is empty
    allowed_platforms is empty
    description is empty
    has_cleanup = false
    required_configs is empty
    required_disk_space = 0
    required_files is empty
    required_memory = 0
    required_programs is empty
    required_user is empty
    timeout = 300

Standard output:
Executing command [ /bin/sh /usr/tests/bin/sh/builtins/read7.0 ]
===> bin/sh/builtins/functional_test:return1
Result: passed
Duration: 0.287s

Metadata:
    allowed_architectures is empty
    allowed_platforms is empty
    description is empty
    has_cleanup = false
    required_configs is empty
    required_disk_space = 0
    required_files is empty
    required_memory = 0
    required_programs is empty
    required_user is empty
    timeout = 300

Standard output:
Executing command [ /bin/sh /usr/tests/bin/sh/builtins/return1.0 ]
===> bin/sh/builtins/functional_test:return2
Result: passed
Duration: 0.226s

Metadata:
    allowed_architectures is empty
    allowed_platforms is empty
    description is empty
    has_cleanup = false
    required_configs is empty
    required_disk_space = 0
    required_files is empty
    required_memory = 0
    required_programs is empty
    required_user is empty
    timeout = 300

Standard output:
Executing command [ /bin/sh /usr/tests/bin/sh/builtins/return2.1 ]
===> bin/sh/builtins/functional_test:return3
Result: passed
Duration: 1.274s

Metadata:
    allowed_architectures is empty
    allowed_platforms is empty
    description is empty
    has_cleanup = false
    required_configs is empty
    required_disk_space = 0
    required_files is empty
    required_memory = 0
    required_programs is empty
    required_user is empty
    timeout = 300

Standard output:
Executing command [ /bin/sh /usr/tests/bin/sh/builtins/return3.1 ]
===> bin/sh/builtins/functional_test:return4
Result: passed
Duration: 0.330s

Metadata:
    allowed_architectures is empty
    allowed_platforms is empty
    description is empty
    has_cleanup = false
    required_configs is empty
    required_disk_space = 0
    required_files is empty
    required_memory = 0
    required_programs is empty
    required_user is empty
    timeout = 300

Standard output:
Executing command [ /bin/sh /usr/tests/bin/sh/builtins/return4.0 ]
===> bin/sh/builtins/functional_test:return5
Result: passed
Duration: 0.649s

Metadata:
    allowed_architectures is empty
    allowed_platforms is empty
    description is empty
    has_cleanup = false
    required_configs is empty
    required_disk_space = 0
    required_files is empty
    required_memory = 0
    required_programs is empty
    required_user is empty
    timeout = 300

Standard output:
Executing command [ /bin/sh /usr/tests/bin/sh/builtins/return5.0 ]
===> bin/sh/builtins/functional_test:return6
Result: passed
Duration: 0.611s

Metadata:
    allowed_architectures is empty
    allowed_platforms is empty
    description is empty
    has_cleanup = false
    required_configs is empty
    required_disk_space = 0
    required_files is empty
    required_memory = 0
    required_programs is empty
    required_user is empty
    timeout = 300

Standard output:
Executing command [ /bin/sh /usr/tests/bin/sh/builtins/return6.4 ]
===> bin/sh/builtins/functional_test:return7
Result: passed
Duration: 0.953s

Metadata:
    allowed_architectures is empty
    allowed_platforms is empty
    description is empty
    has_cleanup = false
    required_configs is empty
    required_disk_space = 0
    required_files is empty
    required_memory = 0
    required_programs is empty
    required_user is empty
    timeout = 300

Standard output:
Executing command [ /bin/sh /usr/tests/bin/sh/builtins/return7.4 ]
===> bin/sh/builtins/functional_test:return8
Result: passed
Duration: 1.152s

Metadata:
    allowed_architectures is empty
    allowed_platforms is empty
    description is empty
    has_cleanup = false
    required_configs is empty
    required_disk_space = 0
    required_files is empty
    required_memory = 0
    required_programs is empty
    required_user is empty
    timeout = 300

Standard output:
Executing command [ /bin/sh /usr/tests/bin/sh/builtins/return8.0 ]
===> bin/sh/builtins/functional_test:set1
Result: passed
Duration: 1.445s

Metadata:
    allowed_architectures is empty
    allowed_platforms is empty
    description is empty
    has_cleanup = false
    required_configs is empty
    required_disk_space = 0
    required_files is empty
    required_memory = 0
    required_programs is empty
    required_user is empty
    timeout = 300

Standard output:
Executing command [ /bin/sh /usr/tests/bin/sh/builtins/set1.0 ]
===> bin/sh/builtins/functional_test:set2
Result: passed
Duration: 0.196s

Metadata:
    allowed_architectures is empty
    allowed_platforms is empty
    description is empty
    has_cleanup = false
    required_configs is empty
    required_disk_space = 0
    required_files is empty
    required_memory = 0
    required_programs is empty
    required_user is empty
    timeout = 300

Standard output:
Executing command [ /bin/sh /usr/tests/bin/sh/builtins/set2.0 ]
===> bin/sh/builtins/functional_test:trap1
Result: passed
Duration: 0.274s

Metadata:
    allowed_architectures is empty
    allowed_platforms is empty
    description is empty
    has_cleanup = false
    required_configs is empty
    required_disk_space = 0
    required_files is empty
    required_memory = 0
    required_programs is empty
    required_user is empty
    timeout = 300

Standard output:
Executing command [ /bin/sh /usr/tests/bin/sh/builtins/trap1.0 ]
===> bin/sh/builtins/functional_test:trap10
Result: passed
Duration: 0.283s

Metadata:
    allowed_architectures is empty
    allowed_platforms is empty
    description is empty
    has_cleanup = false
    required_configs is empty
    required_disk_space = 0
    required_files is empty
    required_memory = 0
    required_programs is empty
    required_user is empty
    timeout = 300

Standard output:
Executing command [ /bin/sh /usr/tests/bin/sh/builtins/trap10.0 ]
===> bin/sh/builtins/functional_test:trap11
Result: passed
Duration: 0.313s

Metadata:
    allowed_architectures is empty
    allowed_platforms is empty
    description is empty
    has_cleanup = false
    required_configs is empty
    required_disk_space = 0
    required_files is empty
    required_memory = 0
    required_programs is empty
    required_user is empty
    timeout = 300

Standard output:
Executing command [ /bin/sh /usr/tests/bin/sh/builtins/trap11.0 ]
===> bin/sh/builtins/functional_test:trap12
Result: passed
Duration: 0.171s

Metadata:
    allowed_architectures is empty
    allowed_platforms is empty
    description is empty
    has_cleanup = false
    required_configs is empty
    required_disk_space = 0
    required_files is empty
    required_memory = 0
    required_programs is empty
    required_user is empty
    timeout = 300

Standard output:
Executing command [ /bin/sh /usr/tests/bin/sh/builtins/trap12.0 ]
===> bin/sh/builtins/functional_test:trap13
Result: passed
Duration: 0.170s

Metadata:
    allowed_architectures is empty
    allowed_platforms is empty
    description is empty
    has_cleanup = false
    required_configs is empty
    required_disk_space = 0
    required_files is empty
    required_memory = 0
    required_programs is empty
    required_user is empty
    timeout = 300

Standard output:
Executing command [ /bin/sh /usr/tests/bin/sh/builtins/trap13.0 ]
===> bin/sh/builtins/functional_test:trap14
Result: passed
Duration: 0.111s

Metadata:
    allowed_architectures is empty
    allowed_platforms is empty
    description is empty
    has_cleanup = false
    required_configs is empty
    required_disk_space = 0
    required_files is empty
    required_memory = 0
    required_programs is empty
    required_user is empty
    timeout = 300

Standard output:
Executing command [ /bin/sh /usr/tests/bin/sh/builtins/trap14.0 ]
===> bin/sh/builtins/functional_test:trap15
Result: passed
Duration: 0.100s

Metadata:
    allowed_architectures is empty
    allowed_platforms is empty
    description is empty
    has_cleanup = false
    required_configs is empty
    required_disk_space = 0
    required_files is empty
    required_memory = 0
    required_programs is empty
    required_user is empty
    timeout = 300

Standard output:
Executing command [ /bin/sh /usr/tests/bin/sh/builtins/trap15.0 ]
===> bin/sh/builtins/functional_test:trap16
Result: passed
Duration: 0.180s

Metadata:
    allowed_architectures is empty
    allowed_platforms is empty
    description is empty
    has_cleanup = false
    required_configs is empty
    required_disk_space = 0
    required_files is empty
    required_memory = 0
    required_programs is empty
    required_user is empty
    timeout = 300

Standard output:
Executing command [ /bin/sh /usr/tests/bin/sh/builtins/trap16.0 ]
===> bin/sh/builtins/functional_test:trap2
Result: passed
Duration: 0.296s

Metadata:
    allowed_architectures is empty
    allowed_platforms is empty
    description is empty
    has_cleanup = false
    required_configs is empty
    required_disk_space = 0
    required_files is empty
    required_memory = 0
    required_programs is empty
    required_user is empty
    timeout = 300

Standard output:
Executing command [ /bin/sh /usr/tests/bin/sh/builtins/trap2.0 ]
===> bin/sh/builtins/functional_test:trap3
Result: passed
Duration: 0.487s

Metadata:
    allowed_architectures is empty
    allowed_platforms is empty
    description is empty
    has_cleanup = false
    required_configs is empty
    required_disk_space = 0
    required_files is empty
    required_memory = 0
    required_programs is empty
    required_user is empty
    timeout = 300

Standard output:
Executing command [ /bin/sh /usr/tests/bin/sh/builtins/trap3.0 ]
===> bin/sh/builtins/functional_test:trap4
Result: passed
Duration: 0.158s

Metadata:
    allowed_architectures is empty
    allowed_platforms is empty
    description is empty
    has_cleanup = false
    required_configs is empty
    required_disk_space = 0
    required_files is empty
    required_memory = 0
    required_programs is empty
    required_user is empty
    timeout = 300

Standard output:
Executing command [ /bin/sh /usr/tests/bin/sh/builtins/trap4.0 ]
===> bin/sh/builtins/functional_test:trap5
Result: passed
Duration: 0.187s

Metadata:
    allowed_architectures is empty
    allowed_platforms is empty
    description is empty
    has_cleanup = false
    required_configs is empty
    required_disk_space = 0
    required_files is empty
    required_memory = 0
    required_programs is empty
    required_user is empty
    timeout = 300

Standard output:
Executing command [ /bin/sh /usr/tests/bin/sh/builtins/trap5.0 ]
===> bin/sh/builtins/functional_test:trap6
Result: passed
Duration: 0.108s

Metadata:
    allowed_architectures is empty
    allowed_platforms is empty
    description is empty
    has_cleanup = false
    required_configs is empty
    required_disk_space = 0
    required_files is empty
    required_memory = 0
    required_programs is empty
    required_user is empty
    timeout = 300

Standard output:
Executing command [ /bin/sh /usr/tests/bin/sh/builtins/trap6.0 ]
===> bin/sh/builtins/functional_test:trap7
Result: passed
Duration: 0.214s

Metadata:
    allowed_architectures is empty
    allowed_platforms is empty
    description is empty
    has_cleanup = false
    required_configs is empty
    required_disk_space = 0
    required_files is empty
    required_memory = 0
    required_programs is empty
    required_user is empty
    timeout = 300

Standard output:
Executing command [ /bin/sh /usr/tests/bin/sh/builtins/trap7.0 ]
===> bin/sh/builtins/functional_test:trap8
Result: passed
Duration: 0.162s

Metadata:
    allowed_architectures is empty
    allowed_platforms is empty
    description is empty
    has_cleanup = false
    required_configs is empty
    required_disk_space = 0
    required_files is empty
    required_memory = 0
    required_programs is empty
    required_user is empty
    timeout = 300

Standard output:
Executing command [ /bin/sh /usr/tests/bin/sh/builtins/trap8.0 ]
===> bin/sh/builtins/functional_test:trap9
Result: passed
Duration: 0.146s

Metadata:
    allowed_architectures is empty
    allowed_platforms is empty
    description is empty
    has_cleanup = false
    required_configs is empty
    required_disk_space = 0
    required_files is empty
    required_memory = 0
    required_programs is empty
    required_user is empty
    timeout = 300

Standard output:
Executing command [ /bin/sh /usr/tests/bin/sh/builtins/trap9.0 ]
===> bin/sh/builtins/functional_test:type1
Result: passed
Duration: 0.189s

Metadata:
    allowed_architectures is empty
    allowed_platforms is empty
    description is empty
    has_cleanup = false
    required_configs is empty
    required_disk_space = 0
    required_files is empty
    required_memory = 0
    required_programs is empty
    required_user is empty
    timeout = 300

Standard output:
Executing command [ /bin/sh /usr/tests/bin/sh/builtins/type1.0 ]
===> bin/sh/builtins/functional_test:type2
Result: passed
Duration: 1.146s

Metadata:
    allowed_architectures is empty
    allowed_platforms is empty
    description is empty
    has_cleanup = false
    required_configs is empty
    required_disk_space = 0
    required_files is empty
    required_memory = 0
    required_programs is empty
    required_user is empty
    timeout = 300

Standard output:
Executing command [ /bin/sh /usr/tests/bin/sh/builtins/type2.0 ]
===> bin/sh/builtins/functional_test:type3
Result: passed
Duration: 0.159s

Metadata:
    allowed_architectures is empty
    allowed_platforms is empty
    description is empty
    has_cleanup = false
    required_configs is empty
    required_disk_space = 0
    required_files is empty
    required_memory = 0
    required_programs is empty
    required_user is empty
    timeout = 300

Standard output:
Executing command [ /bin/sh /usr/tests/bin/sh/builtins/type3.0 ]
===> bin/sh/builtins/functional_test:unalias
Result: passed
Duration: 0.144s

Metadata:
    allowed_architectures is empty
    allowed_platforms is empty
    description is empty
    has_cleanup = false
    required_configs is empty
    required_disk_space = 0
    required_files is empty
    required_memory = 0
    required_programs is empty
    required_user is empty
    timeout = 300

Standard output:
Executing command [ /bin/sh /usr/tests/bin/sh/builtins/unalias.0 ]
===> bin/sh/builtins/functional_test:var_assign
Result: passed
Duration: 0.421s

Metadata:
    allowed_architectures is empty
    allowed_platforms is empty
    description is empty
    has_cleanup = false
    required_configs is empty
    required_disk_space = 0
    required_files is empty
    required_memory = 0
    required_programs is empty
    required_user is empty
    timeout = 300

Standard output:
Executing command [ /bin/sh /usr/tests/bin/sh/builtins/var-assign.0 ]
===> bin/sh/builtins/functional_test:var_assign2
Result: passed
Duration: 0.219s

Metadata:
    allowed_architectures is empty
    allowed_platforms is empty
    description is empty
    has_cleanup = false
    required_configs is empty
    required_disk_space = 0
    required_files is empty
    required_memory = 0
    required_programs is empty
    required_user is empty
    timeout = 300

Standard output:
Executing command [ /bin/sh /usr/tests/bin/sh/builtins/var-assign2.0 ]
===> bin/sh/builtins/functional_test:wait1
Result: passed
Duration: 0.414s

Metadata:
    allowed_architectures is empty
    allowed_platforms is empty
    description is empty
    has_cleanup = false
    required_configs is empty
    required_disk_space = 0
    required_files is empty
    required_memory = 0
    required_programs is empty
    required_user is empty
    timeout = 300

Standard output:
Executing command [ /bin/sh /usr/tests/bin/sh/builtins/wait1.0 ]
===> bin/sh/builtins/functional_test:wait10
Result: passed
Duration: 0.226s

Metadata:
    allowed_architectures is empty
    allowed_platforms is empty
    description is empty
    has_cleanup = false
    required_configs is empty
    required_disk_space = 0
    required_files is empty
    required_memory = 0
    required_programs is empty
    required_user is empty
    timeout = 300

Standard output:
Executing command [ /bin/sh /usr/tests/bin/sh/builtins/wait10.0 ]
===> bin/sh/builtins/functional_test:wait2
Result: passed
Duration: 0.118s

Metadata:
    allowed_architectures is empty
    allowed_platforms is empty
    description is empty
    has_cleanup = false
    required_configs is empty
    required_disk_space = 0
    required_files is empty
    required_memory = 0
    required_programs is empty
    required_user is empty
    timeout = 300

Standard output:
Executing command [ /bin/sh /usr/tests/bin/sh/builtins/wait2.0 ]
===> bin/sh/builtins/functional_test:wait3
Result: passed
Duration: 0.170s

Metadata:
    allowed_architectures is empty
    allowed_platforms is empty
    description is empty
    has_cleanup = false
    required_configs is empty
    required_disk_space = 0
    required_files is empty
    required_memory = 0
    required_programs is empty
    required_user is empty
    timeout = 300

Standard output:
Executing command [ /bin/sh /usr/tests/bin/sh/builtins/wait3.0 ]
===> bin/sh/builtins/functional_test:wait4
Result: passed
Duration: 0.572s

Metadata:
    allowed_architectures is empty
    allowed_platforms is empty
    description is empty
    has_cleanup = false
    required_configs is empty
    required_disk_space = 0
    required_files is empty
    required_memory = 0
    required_programs is empty
    required_user is empty
    timeout = 300

Standard output:
Executing command [ /bin/sh /usr/tests/bin/sh/builtins/wait4.0 ]
===> bin/sh/builtins/functional_test:wait5
Result: passed
Duration: 0.458s

Metadata:
    allowed_architectures is empty
    allowed_platforms is empty
    description is empty
    has_cleanup = false
    required_configs is empty
    required_disk_space = 0
    required_files is empty
    required_memory = 0
    required_programs is empty
    required_user is empty
    timeout = 300

Standard output:
Executing command [ /bin/sh /usr/tests/bin/sh/builtins/wait5.0 ]
===> bin/sh/builtins/functional_test:wait6
Result: passed
Duration: 0.518s

Metadata:
    allowed_architectures is empty
    allowed_platforms is empty
    description is empty
    has_cleanup = false
    required_configs is empty
    required_disk_space = 0
    required_files is empty
    required_memory = 0
    required_programs is empty
    required_user is empty
    timeout = 300

Standard output:
Executing command [ /bin/sh /usr/tests/bin/sh/builtins/wait6.0 ]
===> bin/sh/builtins/functional_test:wait7
Result: passed
Duration: 0.165s

Metadata:
    allowed_architectures is empty
    allowed_platforms is empty
    description is empty
    has_cleanup = false
    required_configs is empty
    required_disk_space = 0
    required_files is empty
    required_memory = 0
    required_programs is empty
    required_user is empty
    timeout = 300

Standard output:
Executing command [ /bin/sh /usr/tests/bin/sh/builtins/wait7.0 ]
===> bin/sh/builtins/functional_test:wait8
Result: passed
Duration: 1.219s

Metadata:
    allowed_architectures is empty
    allowed_platforms is empty
    description is empty
    has_cleanup = false
    required_configs is empty
    required_disk_space = 0
    required_files is empty
    required_memory = 0
    required_programs is empty
    required_user is empty
    timeout = 300

Standard output:
Executing command [ /bin/sh /usr/tests/bin/sh/builtins/wait8.0 ]
===> bin/sh/builtins/functional_test:wait9
Result: passed
Duration: 0.199s

Metadata:
    allowed_architectures is empty
    allowed_platforms is empty
    description is empty
    has_cleanup = false
    required_configs is empty
    required_disk_space = 0
    required_files is empty
    required_memory = 0
    required_programs is empty
    required_user is empty
    timeout = 300

Standard output:
Executing command [ /bin/sh /usr/tests/bin/sh/builtins/wait9.127 ]
===> bin/sh/errors/functional_test:assignment_error1
Result: passed
Duration: 0.362s

Metadata:
    allowed_architectures is empty
    allowed_platforms is empty
    description is empty
    has_cleanup = false
    required_configs is empty
    required_disk_space = 0
    required_files is empty
    required_memory = 0
    required_programs is empty
    required_user is empty
    timeout = 300

Standard output:
Executing command [ /bin/sh /usr/tests/bin/sh/errors/assignment-error1.0 ]
===> bin/sh/errors/functional_test:assignment_error2
Result: passed
Duration: 0.932s

Metadata:
    allowed_architectures is empty
    allowed_platforms is empty
    description is empty
    has_cleanup = false
    required_configs is empty
    required_disk_space = 0
    required_files is empty
    required_memory = 0
    required_programs is empty
    required_user is empty
    timeout = 300

Standard output:
Executing command [ /bin/sh /usr/tests/bin/sh/errors/assignment-error2.0 ]
===> bin/sh/errors/functional_test:backquote_error1
Result: passed
Duration: 0.858s

Metadata:
    allowed_architectures is empty
    allowed_platforms is empty
    description is empty
    has_cleanup = false
    required_configs is empty
    required_disk_space = 0
    required_files is empty
    required_memory = 0
    required_programs is empty
    required_user is empty
    timeout = 300

Standard output:
Executing command [ /bin/sh /usr/tests/bin/sh/errors/backquote-error1.0 ]
===> bin/sh/errors/functional_test:backquote_error2
Result: passed
Duration: 0.454s

Metadata:
    allowed_architectures is empty
    allowed_platforms is empty
    description is empty
    has_cleanup = false
    required_configs is empty
    required_disk_space = 0
    required_files is empty
    required_memory = 0
    required_programs is empty
    required_user is empty
    timeout = 300

Standard output:
Executing command [ /bin/sh /usr/tests/bin/sh/errors/backquote-error2.0 ]
===> bin/sh/errors/functional_test:bad_binary1
Result: passed
Duration: 0.721s

Metadata:
    allowed_architectures is empty
    allowed_platforms is empty
    description is empty
    has_cleanup = false
    required_configs is empty
    required_disk_space = 0
    required_files is empty
    required_memory = 0
    required_programs is empty
    required_user is empty
    timeout = 300

Standard output:
Executing command [ /bin/sh /usr/tests/bin/sh/errors/bad-binary1.126 ]
===> bin/sh/errors/functional_test:bad_keyword1
Result: passed
Duration: 1.331s

Metadata:
    allowed_architectures is empty
    allowed_platforms is empty
    description is empty
    has_cleanup = false
    required_configs is empty
    required_disk_space = 0
    required_files is empty
    required_memory = 0
    required_programs is empty
    required_user is empty
    timeout = 300

Standard output:
Executing command [ /bin/sh /usr/tests/bin/sh/errors/bad-keyword1.0 ]
===> bin/sh/errors/functional_test:bad_parm_exp1
Result: passed
Duration: 0.435s

Metadata:
    allowed_architectures is empty
    allowed_platforms is empty
    description is empty
    has_cleanup = false
    required_configs is empty
    required_disk_space = 0
    required_files is empty
    required_memory = 0
    required_programs is empty
    required_user is empty
    timeout = 300

Standard output:
Executing command [ /bin/sh /usr/tests/bin/sh/errors/bad-parm-exp1.0 ]
===> bin/sh/errors/functional_test:bad_parm_exp2
Result: passed
Duration: 0.498s

Metadata:
    allowed_architectures is empty
    allowed_platforms is empty
    description is empty
    has_cleanup = false
    required_configs is empty
    required_disk_space = 0
    required_files is empty
    required_memory = 0
    required_programs is empty
    required_user is empty
    timeout = 300

Standard output:
Executing command [ /bin/sh /usr/tests/bin/sh/errors/bad-parm-exp2.2 ]
===> bin/sh/errors/functional_test:bad_parm_exp3
Result: passed
Duration: 0.594s

Metadata:
    allowed_architectures is empty
    allowed_platforms is empty
    description is empty
    has_cleanup = false
    required_configs is empty
    required_disk_space = 0
    required_files is empty
    required_memory = 0
    required_programs is empty
    required_user is empty
    timeout = 300

Standard output:
Executing command [ /bin/sh /usr/tests/bin/sh/errors/bad-parm-exp3.2 ]
===> bin/sh/errors/functional_test:bad_parm_exp4
Result: passed
Duration: 0.252s

Metadata:
    allowed_architectures is empty
    allowed_platforms is empty
    description is empty
    has_cleanup = false
    required_configs is empty
    required_disk_space = 0
    required_files is empty
    required_memory = 0
    required_programs is empty
    required_user is empty
    timeout = 300

Standard output:
Executing command [ /bin/sh /usr/tests/bin/sh/errors/bad-parm-exp4.2 ]
===> bin/sh/errors/functional_test:bad_parm_exp5
Result: passed
Duration: 0.194s

Metadata:
    allowed_architectures is empty
    allowed_platforms is empty
    description is empty
    has_cleanup = false
    required_configs is empty
    required_disk_space = 0
    required_files is empty
    required_memory = 0
    required_programs is empty
    required_user is empty
    timeout = 300

Standard output:
Executing command [ /bin/sh /usr/tests/bin/sh/errors/bad-parm-exp5.2 ]
===> bin/sh/errors/functional_test:bad_parm_exp6
Result: passed
Duration: 0.509s

Metadata:
    allowed_architectures is empty
    allowed_platforms is empty
    description is empty
    has_cleanup = false
    required_configs is empty
    required_disk_space = 0
    required_files is empty
    required_memory = 0
    required_programs is empty
    required_user is empty
    timeout = 300

Standard output:
Executing command [ /bin/sh /usr/tests/bin/sh/errors/bad-parm-exp6.2 ]
===> bin/sh/errors/functional_test:option_error
Result: passed
Duration: 0.328s

Metadata:
    allowed_architectures is empty
    allowed_platforms is empty
    description is empty
    has_cleanup = false
    required_configs is empty
    required_disk_space = 0
    required_files is empty
    required_memory = 0
    required_programs is empty
    required_user is empty
    timeout = 300

Standard output:
Executing command [ /bin/sh /usr/tests/bin/sh/errors/option-error.0 ]
===> bin/sh/errors/functional_test:redirection_error
Result: passed
Duration: 0.303s

Metadata:
    allowed_architectures is empty
    allowed_platforms is empty
    description is empty
    has_cleanup = false
    required_configs is empty
    required_disk_space = 0
    required_files is empty
    required_memory = 0
    required_programs is empty
    required_user is empty
    timeout = 300

Standard output:
Executing command [ /bin/sh /usr/tests/bin/sh/errors/redirection-error.0 ]
===> bin/sh/errors/functional_test:redirection_error2
Result: passed
Duration: 0.315s

Metadata:
    allowed_architectures is empty
    allowed_platforms is empty
    description is empty
    has_cleanup = false
    required_configs is empty
    required_disk_space = 0
    required_files is empty
    required_memory = 0
    required_programs is empty
    required_user is empty
    timeout = 300

Standard output:
Executing command [ /bin/sh /usr/tests/bin/sh/errors/redirection-error2.2 ]
===> bin/sh/errors/functional_test:redirection_error3
Result: passed
Duration: 0.276s

Metadata:
    allowed_architectures is empty
    allowed_platforms is empty
    description is empty
    has_cleanup = false
    required_configs is empty
    required_disk_space = 0
    required_files is empty
    required_memory = 0
    required_programs is empty
    required_user is empty
    timeout = 300

Standard output:
Executing command [ /bin/sh /usr/tests/bin/sh/errors/redirection-error3.0 ]
===> bin/sh/errors/functional_test:redirection_error4
Result: passed
Duration: 0.083s

Metadata:
    allowed_architectures is empty
    allowed_platforms is empty
    description is empty
    has_cleanup = false
    required_configs is empty
    required_disk_space = 0
    required_files is empty
    required_memory = 0
    required_programs is empty
    required_user is empty
    timeout = 300

Standard output:
Executing command [ /bin/sh /usr/tests/bin/sh/errors/redirection-error4.0 ]
===> bin/sh/errors/functional_test:redirection_error5
Result: passed
Duration: 0.120s

Metadata:
    allowed_architectures is empty
    allowed_platforms is empty
    description is empty
    has_cleanup = false
    required_configs is empty
    required_disk_space = 0
    required_files is empty
    required_memory = 0
    required_programs is empty
    required_user is empty
    timeout = 300

Standard output:
Executing command [ /bin/sh /usr/tests/bin/sh/errors/redirection-error5.0 ]
===> bin/sh/errors/functional_test:redirection_error6
Result: passed
Duration: 0.387s

Metadata:
    allowed_architectures is empty
    allowed_platforms is empty
    description is empty
    has_cleanup = false
    required_configs is empty
    required_disk_space = 0
    required_files is empty
    required_memory = 0
    required_programs is empty
    required_user is empty
    timeout = 300

Standard output:
Executing command [ /bin/sh /usr/tests/bin/sh/errors/redirection-error6.0 ]
===> bin/sh/errors/functional_test:redirection_error7
Result: passed
Duration: 0.729s

Metadata:
    allowed_architectures is empty
    allowed_platforms is empty
    description is empty
    has_cleanup = false
    required_configs is empty
    required_disk_space = 0
    required_files is empty
    required_memory = 0
    required_programs is empty
    required_user is empty
    timeout = 300

Standard output:
Executing command [ /bin/sh /usr/tests/bin/sh/errors/redirection-error7.0 ]
===> bin/sh/errors/functional_test:write_error1
Result: passed
Duration: 0.144s

Metadata:
    allowed_architectures is empty
    allowed_platforms is empty
    description is empty
    has_cleanup = false
    required_configs is empty
    required_disk_space = 0
    required_files is empty
    required_memory = 0
    required_programs is empty
    required_user is empty
    timeout = 300

Standard output:
Executing command [ /bin/sh /usr/tests/bin/sh/errors/write-error1.0 ]
===> bin/sh/execution/functional_test:bg1
Result: passed
Duration: 0.165s

Metadata:
    allowed_architectures is empty
    allowed_platforms is empty
    description is empty
    has_cleanup = false
    required_configs is empty
    required_disk_space = 0
    required_files is empty
    required_memory = 0
    required_programs is empty
    required_user is empty
    timeout = 300

Standard output:
Executing command [ /bin/sh /usr/tests/bin/sh/execution/bg1.0 ]
===> bin/sh/execution/functional_test:bg10
Result: passed
Duration: 0.097s

Metadata:
    allowed_architectures is empty
    allowed_platforms is empty
    description is empty
    has_cleanup = false
    required_configs is empty
    required_disk_space = 0
    required_files is empty
    required_memory = 0
    required_programs is empty
    required_user is empty
    timeout = 300

Standard output:
Executing command [ /bin/sh /usr/tests/bin/sh/execution/bg10.0 ]
===> bin/sh/execution/functional_test:bg2
Result: passed
Duration: 0.094s

Metadata:
    allowed_architectures is empty
    allowed_platforms is empty
    description is empty
    has_cleanup = false
    required_configs is empty
    required_disk_space = 0
    required_files is empty
    required_memory = 0
    required_programs is empty
    required_user is empty
    timeout = 300

Standard output:
Executing command [ /bin/sh /usr/tests/bin/sh/execution/bg2.0 ]
===> bin/sh/execution/functional_test:bg3
Result: passed
Duration: 0.154s

Metadata:
    allowed_architectures is empty
    allowed_platforms is empty
    description is empty
    has_cleanup = false
    required_configs is empty
    required_disk_space = 0
    required_files is empty
    required_memory = 0
    required_programs is empty
    required_user is empty
    timeout = 300

Standard output:
Executing command [ /bin/sh /usr/tests/bin/sh/execution/bg3.0 ]
===> bin/sh/execution/functional_test:bg4
Result: passed
Duration: 0.208s

Metadata:
    allowed_architectures is empty
    allowed_platforms is empty
    description is empty
    has_cleanup = false
    required_configs is empty
    required_disk_space = 0
    required_files is empty
    required_memory = 0
    required_programs is empty
    required_user is empty
    timeout = 300

Standard output:
Executing command [ /bin/sh /usr/tests/bin/sh/execution/bg4.0 ]
===> bin/sh/execution/functional_test:bg5
Result: passed
Duration: 0.116s

Metadata:
    allowed_architectures is empty
    allowed_platforms is empty
    description is empty
    has_cleanup = false
    required_configs is empty
    required_disk_space = 0
    required_files is empty
    required_memory = 0
    required_programs is empty
    required_user is empty
    timeout = 300

Standard output:
Executing command [ /bin/sh /usr/tests/bin/sh/execution/bg5.0 ]
===> bin/sh/execution/functional_test:bg6
Result: passed
Duration: 0.129s

Metadata:
    allowed_architectures is empty
    allowed_platforms is empty
    description is empty
    has_cleanup = false
    required_configs is empty
    required_disk_space = 0
    required_files is empty
    required_memory = 0
    required_programs is empty
    required_user is empty
    timeout = 300

Standard output:
Executing command [ /bin/sh /usr/tests/bin/sh/execution/bg6.0 ]
===> bin/sh/execution/functional_test:bg7
Result: passed
Duration: 0.117s

Metadata:
    allowed_architectures is empty
    allowed_platforms is empty
    description is empty
    has_cleanup = false
    required_configs is empty
    required_disk_space = 0
    required_files is empty
    required_memory = 0
    required_programs is empty
    required_user is empty
    timeout = 300

Standard output:
Executing command [ /bin/sh /usr/tests/bin/sh/execution/bg7.0 ]
===> bin/sh/execution/functional_test:bg8
Result: passed
Duration: 0.153s

Metadata:
    allowed_architectures is empty
    allowed_platforms is empty
    description is empty
    has_cleanup = false
    required_configs is empty
    required_disk_space = 0
    required_files is empty
    required_memory = 0
    required_programs is empty
    required_user is empty
    timeout = 300

Standard output:
Executing command [ /bin/sh /usr/tests/bin/sh/execution/bg8.0 ]
===> bin/sh/execution/functional_test:bg9
Result: passed
Duration: 0.100s

Metadata:
    allowed_architectures is empty
    allowed_platforms is empty
    description is empty
    has_cleanup = false
    required_configs is empty
    required_disk_space = 0
    required_files is empty
    required_memory = 0
    required_programs is empty
    required_user is empty
    timeout = 300

Standard output:
Executing command [ /bin/sh /usr/tests/bin/sh/execution/bg9.0 ]
===> bin/sh/execution/functional_test:fork1
Result: passed
Duration: 0.273s

Metadata:
    allowed_architectures is empty
    allowed_platforms is empty
    description is empty
    has_cleanup = false
    required_configs is empty
    required_disk_space = 0
    required_files is empty
    required_memory = 0
    required_programs is empty
    required_user is empty
    timeout = 300

Standard output:
Executing command [ /bin/sh /usr/tests/bin/sh/execution/fork1.0 ]
===> bin/sh/execution/functional_test:fork2
Result: passed
Duration: 0.566s

Metadata:
    allowed_architectures is empty
    allowed_platforms is empty
    description is empty
    has_cleanup = false
    required_configs is empty
    required_disk_space = 0
    required_files is empty
    required_memory = 0
    required_programs is empty
    required_user is empty
    timeout = 300

Standard output:
Executing command [ /bin/sh /usr/tests/bin/sh/execution/fork2.0 ]
===> bin/sh/execution/functional_test:fork3
Result: passed
Duration: 0.303s

Metadata:
    allowed_architectures is empty
    allowed_platforms is empty
    description is empty
    has_cleanup = false
    required_configs is empty
    required_disk_space = 0
    required_files is empty
    required_memory = 0
    required_programs is empty
    required_user is empty
    timeout = 300

Standard output:
Executing command [ /bin/sh /usr/tests/bin/sh/execution/fork3.0 ]
===> bin/sh/execution/functional_test:func1
Result: passed
Duration: 0.307s

Metadata:
    allowed_architectures is empty
    allowed_platforms is empty
    description is empty
    has_cleanup = false
    required_configs is empty
    required_disk_space = 0
    required_files is empty
    required_memory = 0
    required_programs is empty
    required_user is empty
    timeout = 300

Standard output:
Executing command [ /bin/sh /usr/tests/bin/sh/execution/func1.0 ]
===> bin/sh/execution/functional_test:func2
Result: passed
Duration: 0.438s

Metadata:
    allowed_architectures is empty
    allowed_platforms is empty
    description is empty
    has_cleanup = false
    required_configs is empty
    required_disk_space = 0
    required_files is empty
    required_memory = 0
    required_programs is empty
    required_user is empty
    timeout = 300

Standard output:
Executing command [ /bin/sh /usr/tests/bin/sh/execution/func2.0 ]
===> bin/sh/execution/functional_test:func3
Result: passed
Duration: 0.994s

Metadata:
    allowed_architectures is empty
    allowed_platforms is empty
    description is empty
    has_cleanup = false
    required_configs is empty
    required_disk_space = 0
    required_files is empty
    required_memory = 0
    required_programs is empty
    required_user is empty
    timeout = 300

Standard output:
Executing command [ /bin/sh /usr/tests/bin/sh/execution/func3.0 ]
===> bin/sh/execution/functional_test:hash1
Result: passed
Duration: 0.282s

Metadata:
    allowed_architectures is empty
    allowed_platforms is empty
    description is empty
    has_cleanup = false
    required_configs is empty
    required_disk_space = 0
    required_files is empty
    required_memory = 0
    required_programs is empty
    required_user is empty
    timeout = 300

Standard output:
Executing command [ /bin/sh /usr/tests/bin/sh/execution/hash1.0 ]
===> bin/sh/execution/functional_test:int_cmd1
Result: passed
Duration: 0.189s

Metadata:
    allowed_architectures is empty
    allowed_platforms is empty
    description is empty
    has_cleanup = false
    required_configs is empty
    required_disk_space = 0
    required_files is empty
    required_memory = 0
    required_programs is empty
    required_user is empty
    timeout = 300

Standard output:
Executing command [ /bin/sh /usr/tests/bin/sh/execution/int-cmd1.0 ]
===> bin/sh/execution/functional_test:killed1
Result: passed
Duration: 0.123s

Metadata:
    allowed_architectures is empty
    allowed_platforms is empty
    description is empty
    has_cleanup = false
    required_configs is empty
    required_disk_space = 0
    required_files is empty
    required_memory = 0
    required_programs is empty
    required_user is empty
    timeout = 300

Standard output:
Executing command [ /bin/sh /usr/tests/bin/sh/execution/killed1.0 ]
===> bin/sh/execution/functional_test:killed2
Result: passed
Duration: 0.085s

Metadata:
    allowed_architectures is empty
    allowed_platforms is empty
    description is empty
    has_cleanup = false
    required_configs is empty
    required_disk_space = 0
    required_files is empty
    required_memory = 0
    required_programs is empty
    required_user is empty
    timeout = 300

Standard output:
Executing command [ /bin/sh /usr/tests/bin/sh/execution/killed2.0 ]
===> bin/sh/execution/functional_test:not1
Result: passed
Duration: 0.082s

Metadata:
    allowed_architectures is empty
    allowed_platforms is empty
    description is empty
    has_cleanup = false
    required_configs is empty
    required_disk_space = 0
    required_files is empty
    required_memory = 0
    required_programs is empty
    required_user is empty
    timeout = 300

Standard output:
Executing command [ /bin/sh /usr/tests/bin/sh/execution/not1.0 ]
===> bin/sh/execution/functional_test:not2
Result: passed
Duration: 0.136s

Metadata:
    allowed_architectures is empty
    allowed_platforms is empty
    description is empty
    has_cleanup = false
    required_configs is empty
    required_disk_space = 0
    required_files is empty
    required_memory = 0
    required_programs is empty
    required_user is empty
    timeout = 300

Standard output:
Executing command [ /bin/sh /usr/tests/bin/sh/execution/not2.0 ]
===> bin/sh/execution/functional_test:path1
Result: passed
Duration: 0.233s

Metadata:
    allowed_architectures is empty
    allowed_platforms is empty
    description is empty
    has_cleanup = false
    required_configs is empty
    required_disk_space = 0
    required_files is empty
    required_memory = 0
    required_programs is empty
    required_user is empty
    timeout = 300

Standard output:
Executing command [ /bin/sh /usr/tests/bin/sh/execution/path1.0 ]
===> bin/sh/execution/functional_test:redir1
Result: passed
Duration: 0.543s

Metadata:
    allowed_architectures is empty
    allowed_platforms is empty
    description is empty
    has_cleanup = false
    required_configs is empty
    required_disk_space = 0
    required_files is empty
    required_memory = 0
    required_programs is empty
    required_user is empty
    timeout = 300

Standard output:
Executing command [ /bin/sh /usr/tests/bin/sh/execution/redir1.0 ]
===> bin/sh/execution/functional_test:redir2
Result: passed
Duration: 0.164s

Metadata:
    allowed_architectures is empty
    allowed_platforms is empty
    description is empty
    has_cleanup = false
    required_configs is empty
    required_disk_space = 0
    required_files is empty
    required_memory = 0
    required_programs is empty
    required_user is empty
    timeout = 300

Standard output:
Executing command [ /bin/sh /usr/tests/bin/sh/execution/redir2.0 ]
===> bin/sh/execution/functional_test:redir3
Result: passed
Duration: 0.122s

Metadata:
    allowed_architectures is empty
    allowed_platforms is empty
    description is empty
    has_cleanup = false
    required_configs is empty
    required_disk_space = 0
    required_files is empty
    required_memory = 0
    required_programs is empty
    required_user is empty
    timeout = 300

Standard output:
Executing command [ /bin/sh /usr/tests/bin/sh/execution/redir3.0 ]
===> bin/sh/execution/functional_test:redir4
Result: passed
Duration: 0.098s

Metadata:
    allowed_architectures is empty
    allowed_platforms is empty
    description is empty
    has_cleanup = false
    required_configs is empty
    required_disk_space = 0
    required_files is empty
    required_memory = 0
    required_programs is empty
    required_user is empty
    timeout = 300

Standard output:
Executing command [ /bin/sh /usr/tests/bin/sh/execution/redir4.0 ]
===> bin/sh/execution/functional_test:redir5
Result: passed
Duration: 0.484s

Metadata:
    allowed_architectures is empty
    allowed_platforms is empty
    description is empty
    has_cleanup = false
    required_configs is empty
    required_disk_space = 0
    required_files is empty
    required_memory = 0
    required_programs is empty
    required_user is empty
    timeout = 300

Standard output:
Executing command [ /bin/sh /usr/tests/bin/sh/execution/redir5.0 ]
===> bin/sh/execution/functional_test:redir6
Result: passed
Duration: 1.014s

Metadata:
    allowed_architectures is empty
    allowed_platforms is empty
    description is empty
    has_cleanup = false
    required_configs is empty
    required_disk_space = 0
    required_files is empty
    required_memory = 0
    required_programs is empty
    required_user is empty
    timeout = 300

Standard output:
Executing command [ /bin/sh /usr/tests/bin/sh/execution/redir6.0 ]
===> bin/sh/execution/functional_test:redir7
Result: passed
Duration: 0.242s

Metadata:
    allowed_architectures is empty
    allowed_platforms is empty
    description is empty
    has_cleanup = false
    required_configs is empty
    required_disk_space = 0
    required_files is empty
    required_memory = 0
    required_programs is empty
    required_user is empty
    timeout = 300

Standard output:
Executing command [ /bin/sh /usr/tests/bin/sh/execution/redir7.0 ]
===> bin/sh/execution/functional_test:set_n1
Result: passed
Duration: 0.288s

Metadata:
    allowed_architectures is empty
    allowed_platforms is empty
    description is empty
    has_cleanup = false
    required_configs is empty
    required_disk_space = 0
    required_files is empty
    required_memory = 0
    required_programs is empty
    required_user is empty
    timeout = 300

Standard output:
Executing command [ /bin/sh /usr/tests/bin/sh/execution/set-n1.0 ]
===> bin/sh/execution/functional_test:set_n2
Result: passed
Duration: 0.835s

Metadata:
    allowed_architectures is empty
    allowed_platforms is empty
    description is empty
    has_cleanup = false
    required_configs is empty
    required_disk_space = 0
    required_files is empty
    required_memory = 0
    required_programs is empty
    required_user is empty
    timeout = 300

Standard output:
Executing command [ /bin/sh /usr/tests/bin/sh/execution/set-n2.0 ]
===> bin/sh/execution/functional_test:set_n3
Result: passed
Duration: 0.417s

Metadata:
    allowed_architectures is empty
    allowed_platforms is empty
    description is empty
    has_cleanup = false
    required_configs is empty
    required_disk_space = 0
    required_files is empty
    required_memory = 0
    required_programs is empty
    required_user is empty
    timeout = 300

Standard output:
Executing command [ /bin/sh /usr/tests/bin/sh/execution/set-n3.0 ]
===> bin/sh/execution/functional_test:set_n4
Result: passed
Duration: 0.317s

Metadata:
    allowed_architectures is empty
    allowed_platforms is empty
    description is empty
    has_cleanup = false
    required_configs is empty
    required_disk_space = 0
    required_files is empty
    required_memory = 0
    required_programs is empty
    required_user is empty
    timeout = 300

Standard output:
Executing command [ /bin/sh /usr/tests/bin/sh/execution/set-n4.0 ]
===> bin/sh/execution/functional_test:set_x1
Result: passed
Duration: 0.091s

Metadata:
    allowed_architectures is empty
    allowed_platforms is empty
    description is empty
    has_cleanup = false
    required_configs is empty
    required_disk_space = 0
    required_files is empty
    required_memory = 0
    required_programs is empty
    required_user is empty
    timeout = 300

Standard output:
Executing command [ /bin/sh /usr/tests/bin/sh/execution/set-x1.0 ]
===> bin/sh/execution/functional_test:set_x2
Result: passed
Duration: 0.126s

Metadata:
    allowed_architectures is empty
    allowed_platforms is empty
    description is empty
    has_cleanup = false
    required_configs is empty
    required_disk_space = 0
    required_files is empty
    required_memory = 0
    required_programs is empty
    required_user is empty
    timeout = 300

Standard output:
Executing command [ /bin/sh /usr/tests/bin/sh/execution/set-x2.0 ]
===> bin/sh/execution/functional_test:set_x3
Result: passed
Duration: 0.148s

Metadata:
    allowed_architectures is empty
    allowed_platforms is empty
    description is empty
    has_cleanup = false
    required_configs is empty
    required_disk_space = 0
    required_files is empty
    required_memory = 0
    required_programs is empty
    required_user is empty
    timeout = 300

Standard output:
Executing command [ /bin/sh /usr/tests/bin/sh/execution/set-x3.0 ]
===> bin/sh/execution/functional_test:set_x4
Result: passed
Duration: 0.216s

Metadata:
    allowed_architectures is empty
    allowed_platforms is empty
    description is empty
    has_cleanup = false
    required_configs is empty
    required_disk_space = 0
    required_files is empty
    required_memory = 0
    required_programs is empty
    required_user is empty
    timeout = 300

Standard output:
Executing command [ /bin/sh /usr/tests/bin/sh/execution/set-x4.0 ]
===> bin/sh/execution/functional_test:shellproc1
Result: passed
Duration: 0.491s

Metadata:
    allowed_architectures is empty
    allowed_platforms is empty
    description is empty
    has_cleanup = false
    required_configs is empty
    required_disk_space = 0
    required_files is empty
    required_memory = 0
    required_programs is empty
    required_user is empty
    timeout = 300

Standard output:
Executing command [ /bin/sh /usr/tests/bin/sh/execution/shellproc1.0 ]
===> bin/sh/execution/functional_test:subshell1
Result: passed
Duration: 0.189s

Metadata:
    allowed_architectures is empty
    allowed_platforms is empty
    description is empty
    has_cleanup = false
    required_configs is empty
    required_disk_space = 0
    required_files is empty
    required_memory = 0
    required_programs is empty
    required_user is empty
    timeout = 300

Standard output:
Executing command [ /bin/sh /usr/tests/bin/sh/execution/subshell1.0 ]
===> bin/sh/execution/functional_test:subshell2
Result: passed
Duration: 0.131s

Metadata:
    allowed_architectures is empty
    allowed_platforms is empty
    description is empty
    has_cleanup = false
    required_configs is empty
    required_disk_space = 0
    required_files is empty
    required_memory = 0
    required_programs is empty
    required_user is empty
    timeout = 300

Standard output:
Executing command [ /bin/sh /usr/tests/bin/sh/execution/subshell2.0 ]
===> bin/sh/execution/functional_test:subshell3
Result: passed
Duration: 0.163s

Metadata:
    allowed_architectures is empty
    allowed_platforms is empty
    description is empty
    has_cleanup = false
    required_configs is empty
    required_disk_space = 0
    required_files is empty
    required_memory = 0
    required_programs is empty
    required_user is empty
    timeout = 300

Standard output:
Executing command [ /bin/sh /usr/tests/bin/sh/execution/subshell3.0 ]
===> bin/sh/execution/functional_test:subshell4
Result: passed
Duration: 0.413s

Metadata:
    allowed_architectures is empty
    allowed_platforms is empty
    description is empty
    has_cleanup = false
    required_configs is empty
    required_disk_space = 0
    required_files is empty
    required_memory = 0
    required_programs is empty
    required_user is empty
    timeout = 300

Standard output:
Executing command [ /bin/sh /usr/tests/bin/sh/execution/subshell4.0 ]
===> bin/sh/execution/functional_test:unknown1
Result: passed
Duration: 0.304s

Metadata:
    allowed_architectures is empty
    allowed_platforms is empty
    description is empty
    has_cleanup = false
    required_configs is empty
    required_disk_space = 0
    required_files is empty
    required_memory = 0
    required_programs is empty
    required_user is empty
    timeout = 300

Standard output:
Executing command [ /bin/sh /usr/tests/bin/sh/execution/unknown1.0 ]
===> bin/sh/execution/functional_test:var_assign1
Result: passed
Duration: 0.877s

Metadata:
    allowed_architectures is empty
    allowed_platforms is empty
    description is empty
    has_cleanup = false
    required_configs is empty
    required_disk_space = 0
    required_files is empty
    required_memory = 0
    required_programs is empty
    required_user is empty
    timeout = 300

Standard output:
Executing command [ /bin/sh /usr/tests/bin/sh/execution/var-assign1.0 ]
===> bin/sh/expansion/functional_test:arith1
Result: passed
Duration: 0.381s

Metadata:
    allowed_architectures is empty
    allowed_platforms is empty
    description is empty
    has_cleanup = false
    required_configs is empty
    required_disk_space = 0
    required_files is empty
    required_memory = 0
    required_programs is empty
    required_user is empty
    timeout = 300

Standard output:
Executing command [ /bin/sh /usr/tests/bin/sh/expansion/arith1.0 ]
===> bin/sh/expansion/functional_test:arith10
Result: passed
Duration: 0.210s

Metadata:
    allowed_architectures is empty
    allowed_platforms is empty
    description is empty
    has_cleanup = false
    required_configs is empty
    required_disk_space = 0
    required_files is empty
    required_memory = 0
    required_programs is empty
    required_user is empty
    timeout = 300

Standard output:
Executing command [ /bin/sh /usr/tests/bin/sh/expansion/arith10.0 ]
===> bin/sh/expansion/functional_test:arith11
Result: passed
Duration: 0.317s

Metadata:
    allowed_architectures is empty
    allowed_platforms is empty
    description is empty
    has_cleanup = false
    required_configs is empty
    required_disk_space = 0
    required_files is empty
    required_memory = 0
    required_programs is empty
    required_user is empty
    timeout = 300

Standard output:
Executing command [ /bin/sh /usr/tests/bin/sh/expansion/arith11.0 ]
===> bin/sh/expansion/functional_test:arith12
Result: passed
Duration: 0.160s

Metadata:
    allowed_architectures is empty
    allowed_platforms is empty
    description is empty
    has_cleanup = false
    required_configs is empty
    required_disk_space = 0
    required_files is empty
    required_memory = 0
    required_programs is empty
    required_user is empty
    timeout = 300

Standard output:
Executing command [ /bin/sh /usr/tests/bin/sh/expansion/arith12.0 ]
===> bin/sh/expansion/functional_test:arith13
Result: passed
Duration: 0.155s

Metadata:
    allowed_architectures is empty
    allowed_platforms is empty
    description is empty
    has_cleanup = false
    required_configs is empty
    required_disk_space = 0
    required_files is empty
    required_memory = 0
    required_programs is empty
    required_user is empty
    timeout = 300

Standard output:
Executing command [ /bin/sh /usr/tests/bin/sh/expansion/arith13.0 ]
===> bin/sh/expansion/functional_test:arith14
Result: passed
Duration: 0.250s

Metadata:
    allowed_architectures is empty
    allowed_platforms is empty
    description is empty
    has_cleanup = false
    required_configs is empty
    required_disk_space = 0
    required_files is empty
    required_memory = 0
    required_programs is empty
    required_user is empty
    timeout = 300

Standard output:
Executing command [ /bin/sh /usr/tests/bin/sh/expansion/arith14.0 ]
===> bin/sh/expansion/functional_test:arith2
Result: passed
Duration: 0.312s

Metadata:
    allowed_architectures is empty
    allowed_platforms is empty
    description is empty
    has_cleanup = false
    required_configs is empty
    required_disk_space = 0
    required_files is empty
    required_memory = 0
    required_programs is empty
    required_user is empty
    timeout = 300

Standard output:
Executing command [ /bin/sh /usr/tests/bin/sh/expansion/arith2.0 ]
===> bin/sh/expansion/functional_test:arith3
Result: passed
Duration: 0.285s

Metadata:
    allowed_architectures is empty
    allowed_platforms is empty
    description is empty
    has_cleanup = false
    required_configs is empty
    required_disk_space = 0
    required_files is empty
    required_memory = 0
    required_programs is empty
    required_user is empty
    timeout = 300

Standard output:
Executing command [ /bin/sh /usr/tests/bin/sh/expansion/arith3.0 ]
===> bin/sh/expansion/functional_test:arith4
Result: passed
Duration: 0.092s

Metadata:
    allowed_architectures is empty
    allowed_platforms is empty
    description is empty
    has_cleanup = false
    required_configs is empty
    required_disk_space = 0
    required_files is empty
    required_memory = 0
    required_programs is empty
    required_user is empty
    timeout = 300

Standard output:
Executing command [ /bin/sh /usr/tests/bin/sh/expansion/arith4.0 ]
===> bin/sh/expansion/functional_test:arith5
Result: passed
Duration: 0.134s

Metadata:
    allowed_architectures is empty
    allowed_platforms is empty
    description is empty
    has_cleanup = false
    required_configs is empty
    required_disk_space = 0
    required_files is empty
    required_memory = 0
    required_programs is empty
    required_user is empty
    timeout = 300

Standard output:
Executing command [ /bin/sh /usr/tests/bin/sh/expansion/arith5.0 ]
===> bin/sh/expansion/functional_test:arith6
Result: passed
Duration: 0.633s

Metadata:
    allowed_architectures is empty
    allowed_platforms is empty
    description is empty
    has_cleanup = false
    required_configs is empty
    required_disk_space = 0
    required_files is empty
    required_memory = 0
    required_programs is empty
    required_user is empty
    timeout = 300

Standard output:
Executing command [ /bin/sh /usr/tests/bin/sh/expansion/arith6.0 ]
===> bin/sh/expansion/functional_test:arith7
Result: passed
Duration: 0.669s

Metadata:
    allowed_architectures is empty
    allowed_platforms is empty
    description is empty
    has_cleanup = false
    required_configs is empty
    required_disk_space = 0
    required_files is empty
    required_memory = 0
    required_programs is empty
    required_user is empty
    timeout = 300

Standard output:
Executing command [ /bin/sh /usr/tests/bin/sh/expansion/arith7.0 ]
===> bin/sh/expansion/functional_test:arith8
Result: passed
Duration: 0.312s

Metadata:
    allowed_architectures is empty
    allowed_platforms is empty
    description is empty
    has_cleanup = false
    required_configs is empty
    required_disk_space = 0
    required_files is empty
    required_memory = 0
    required_programs is empty
    required_user is empty
    timeout = 300

Standard output:
Executing command [ /bin/sh /usr/tests/bin/sh/expansion/arith8.0 ]
===> bin/sh/expansion/functional_test:arith9
Result: passed
Duration: 0.609s

Metadata:
    allowed_architectures is empty
    allowed_platforms is empty
    description is empty
    has_cleanup = false
    required_configs is empty
    required_disk_space = 0
    required_files is empty
    required_memory = 0
    required_programs is empty
    required_user is empty
    timeout = 300

Standard output:
Executing command [ /bin/sh /usr/tests/bin/sh/expansion/arith9.0 ]
===> bin/sh/expansion/functional_test:assign1
Result: passed
Duration: 0.883s

Metadata:
    allowed_architectures is empty
    allowed_platforms is empty
    description is empty
    has_cleanup = false
    required_configs is empty
    required_disk_space = 0
    required_files is empty
    required_memory = 0
    required_programs is empty
    required_user is empty
    timeout = 300

Standard output:
Executing command [ /bin/sh /usr/tests/bin/sh/expansion/assign1.0 ]
===> bin/sh/expansion/functional_test:cmdsubst1
Result: passed
Duration: 0.160s

Metadata:
    allowed_architectures is empty
    allowed_platforms is empty
    description is empty
    has_cleanup = false
    required_configs is empty
    required_disk_space = 0
    required_files is empty
    required_memory = 0
    required_programs is empty
    required_user is empty
    timeout = 300

Standard output:
Executing command [ /bin/sh /usr/tests/bin/sh/expansion/cmdsubst1.0 ]
===> bin/sh/expansion/functional_test:cmdsubst10
Result: passed
Duration: 0.112s

Metadata:
    allowed_architectures is empty
    allowed_platforms is empty
    description is empty
    has_cleanup = false
    required_configs is empty
    required_disk_space = 0
    required_files is empty
    required_memory = 0
    required_programs is empty
    required_user is empty
    timeout = 300

Standard output:
Executing command [ /bin/sh /usr/tests/bin/sh/expansion/cmdsubst10.0 ]
===> bin/sh/expansion/functional_test:cmdsubst11
Result: passed
Duration: 0.159s

Metadata:
    allowed_architectures is empty
    allowed_platforms is empty
    description is empty
    has_cleanup = false
    required_configs is empty
    required_disk_space = 0
    required_files is empty
    required_memory = 0
    required_programs is empty
    required_user is empty
    timeout = 300

Standard output:
Executing command [ /bin/sh /usr/tests/bin/sh/expansion/cmdsubst11.0 ]
===> bin/sh/expansion/functional_test:cmdsubst12
Result: passed
Duration: 0.117s

Metadata:
    allowed_architectures is empty
    allowed_platforms is empty
    description is empty
    has_cleanup = false
    required_configs is empty
    required_disk_space = 0
    required_files is empty
    required_memory = 0
    required_programs is empty
    required_user is empty
    timeout = 300

Standard output:
Executing command [ /bin/sh /usr/tests/bin/sh/expansion/cmdsubst12.0 ]
===> bin/sh/expansion/functional_test:cmdsubst13
Result: passed
Duration: 0.133s

Metadata:
    allowed_architectures is empty
    allowed_platforms is empty
    description is empty
    has_cleanup = false
    required_configs is empty
    required_disk_space = 0
    required_files is empty
    required_memory = 0
    required_programs is empty
    required_user is empty
    timeout = 300

Standard output:
Executing command [ /bin/sh /usr/tests/bin/sh/expansion/cmdsubst13.0 ]
===> bin/sh/expansion/functional_test:cmdsubst14
Result: passed
Duration: 0.229s

Metadata:
    allowed_architectures is empty
    allowed_platforms is empty
    description is empty
    has_cleanup = false
    required_configs is empty
    required_disk_space = 0
    required_files is empty
    required_memory = 0
    required_programs is empty
    required_user is empty
    timeout = 300

Standard output:
Executing command [ /bin/sh /usr/tests/bin/sh/expansion/cmdsubst14.0 ]
===> bin/sh/expansion/functional_test:cmdsubst15
Result: passed
Duration: 0.116s

Metadata:
    allowed_architectures is empty
    allowed_platforms is empty
    description is empty
    has_cleanup = false
    required_configs is empty
    required_disk_space = 0
    required_files is empty
    required_memory = 0
    required_programs is empty
    required_user is empty
    timeout = 300

Standard output:
Executing command [ /bin/sh /usr/tests/bin/sh/expansion/cmdsubst15.0 ]
===> bin/sh/expansion/functional_test:cmdsubst16
Result: passed
Duration: 0.120s

Metadata:
    allowed_architectures is empty
    allowed_platforms is empty
    description is empty
    has_cleanup = false
    required_configs is empty
    required_disk_space = 0
    required_files is empty
    required_memory = 0
    required_programs is empty
    required_user is empty
    timeout = 300

Standard output:
Executing command [ /bin/sh /usr/tests/bin/sh/expansion/cmdsubst16.0 ]
===> bin/sh/expansion/functional_test:cmdsubst17
Result: passed
Duration: 0.389s

Metadata:
    allowed_architectures is empty
    allowed_platforms is empty
    description is empty
    has_cleanup = false
    required_configs is empty
    required_disk_space = 0
    required_files is empty
    required_memory = 0
    required_programs is empty
    required_user is empty
    timeout = 300

Standard output:
Executing command [ /bin/sh /usr/tests/bin/sh/expansion/cmdsubst17.0 ]
===> bin/sh/expansion/functional_test:cmdsubst2
Result: passed
Duration: 0.272s

Metadata:
    allowed_architectures is empty
    allowed_platforms is empty
    description is empty
    has_cleanup = false
    required_configs is empty
    required_disk_space = 0
    required_files is empty
    required_memory = 0
    required_programs is empty
    required_user is empty
    timeout = 300

Standard output:
Executing command [ /bin/sh /usr/tests/bin/sh/expansion/cmdsubst2.0 ]
===> bin/sh/expansion/functional_test:cmdsubst3
Result: passed
Duration: 0.257s

Metadata:
    allowed_architectures is empty
    allowed_platforms is empty
    description is empty
    has_cleanup = false
    required_configs is empty
    required_disk_space = 0
    required_files is empty
    required_memory = 0
    required_programs is empty
    required_user is empty
    timeout = 300

Standard output:
Executing command [ /bin/sh /usr/tests/bin/sh/expansion/cmdsubst3.0 ]
===> bin/sh/expansion/functional_test:cmdsubst4
Result: passed
Duration: 0.127s

Metadata:
    allowed_architectures is empty
    allowed_platforms is empty
    description is empty
    has_cleanup = false
    required_configs is empty
    required_disk_space = 0
    required_files is empty
    required_memory = 0
    required_programs is empty
    required_user is empty
    timeout = 300

Standard output:
Executing command [ /bin/sh /usr/tests/bin/sh/expansion/cmdsubst4.0 ]
===> bin/sh/expansion/functional_test:cmdsubst5
Result: passed
Duration: 0.514s

Metadata:
    allowed_architectures is empty
    allowed_platforms is empty
    description is empty
    has_cleanup = false
    required_configs is empty
    required_disk_space = 0
    required_files is empty
    required_memory = 0
    required_programs is empty
    required_user is empty
    timeout = 300

Standard output:
Executing command [ /bin/sh /usr/tests/bin/sh/expansion/cmdsubst5.0 ]
===> bin/sh/expansion/functional_test:cmdsubst6
Result: passed
Duration: 0.574s

Metadata:
    allowed_architectures is empty
    allowed_platforms is empty
    description is empty
    has_cleanup = false
    required_configs is empty
    required_disk_space = 0
    required_files is empty
    required_memory = 0
    required_programs is empty
    required_user is empty
    timeout = 300

Standard output:
Executing command [ /bin/sh /usr/tests/bin/sh/expansion/cmdsubst6.0 ]
===> bin/sh/expansion/functional_test:cmdsubst7
Result: passed
Duration: 0.205s

Metadata:
    allowed_architectures is empty
    allowed_platforms is empty
    description is empty
    has_cleanup = false
    required_configs is empty
    required_disk_space = 0
    required_files is empty
    required_memory = 0
    required_programs is empty
    required_user is empty
    timeout = 300

Standard output:
Executing command [ /bin/sh /usr/tests/bin/sh/expansion/cmdsubst7.0 ]
===> bin/sh/expansion/functional_test:cmdsubst8
Result: passed
Duration: 0.133s

Metadata:
    allowed_architectures is empty
    allowed_platforms is empty
    description is empty
    has_cleanup = false
    required_configs is empty
    required_disk_space = 0
    required_files is empty
    required_memory = 0
    required_programs is empty
    required_user is empty
    timeout = 300

Standard output:
Executing command [ /bin/sh /usr/tests/bin/sh/expansion/cmdsubst8.0 ]
===> bin/sh/expansion/functional_test:cmdsubst9
Result: passed
Duration: 0.200s

Metadata:
    allowed_architectures is empty
    allowed_platforms is empty
    description is empty
    has_cleanup = false
    required_configs is empty
    required_disk_space = 0
    required_files is empty
    required_memory = 0
    required_programs is empty
    required_user is empty
    timeout = 300

Standard output:
Executing command [ /bin/sh /usr/tests/bin/sh/expansion/cmdsubst9.0 ]
===> bin/sh/expansion/functional_test:export1
Result: passed
Duration: 0.115s

Metadata:
    allowed_architectures is empty
    allowed_platforms is empty
    description is empty
    has_cleanup = false
    required_configs is empty
    required_disk_space = 0
    required_files is empty
    required_memory = 0
    required_programs is empty
    required_user is empty
    timeout = 300

Standard output:
Executing command [ /bin/sh /usr/tests/bin/sh/expansion/export1.0 ]
===> bin/sh/expansion/functional_test:export2
Result: passed
Duration: 0.859s

Metadata:
    allowed_architectures is empty
    allowed_platforms is empty
    description is empty
    has_cleanup = false
    required_configs is empty
    required_disk_space = 0
    required_files is empty
    required_memory = 0
    required_programs is empty
    required_user is empty
    timeout = 300

Standard output:
Executing command [ /bin/sh /usr/tests/bin/sh/expansion/export2.0 ]
===> bin/sh/expansion/functional_test:export3
Result: passed
Duration: 0.392s

Metadata:
    allowed_architectures is empty
    allowed_platforms is empty
    description is empty
    has_cleanup = false
    required_configs is empty
    required_disk_space = 0
    required_files is empty
    required_memory = 0
    required_programs is empty
    required_user is empty
    timeout = 300

Standard output:
Executing command [ /bin/sh /usr/tests/bin/sh/expansion/export3.0 ]
===> bin/sh/expansion/functional_test:heredoc1
Result: passed
Duration: 0.232s

Metadata:
    allowed_architectures is empty
    allowed_platforms is empty
    description is empty
    has_cleanup = false
    required_configs is empty
    required_disk_space = 0
    required_files is empty
    required_memory = 0
    required_programs is empty
    required_user is empty
    timeout = 300

Standard output:
Executing command [ /bin/sh /usr/tests/bin/sh/expansion/heredoc1.0 ]
===> bin/sh/expansion/functional_test:heredoc2
Result: passed
Duration: 0.171s

Metadata:
    allowed_architectures is empty
    allowed_platforms is empty
    description is empty
    has_cleanup = false
    required_configs is empty
    required_disk_space = 0
    required_files is empty
    required_memory = 0
    required_programs is empty
    required_user is empty
    timeout = 300

Standard output:
Executing command [ /bin/sh /usr/tests/bin/sh/expansion/heredoc2.0 ]
===> bin/sh/expansion/functional_test:ifs1
Result: passed
Duration: 0.538s

Metadata:
    allowed_architectures is empty
    allowed_platforms is empty
    description is empty
    has_cleanup = false
    required_configs is empty
    required_disk_space = 0
    required_files is empty
    required_memory = 0
    required_programs is empty
    required_user is empty
    timeout = 300

Standard output:
Executing command [ /bin/sh /usr/tests/bin/sh/expansion/ifs1.0 ]
===> bin/sh/expansion/functional_test:ifs2
Result: passed
Duration: 0.418s

Metadata:
    allowed_architectures is empty
    allowed_platforms is empty
    description is empty
    has_cleanup = false
    required_configs is empty
    required_disk_space = 0
    required_files is empty
    required_memory = 0
    required_programs is empty
    required_user is empty
    timeout = 300

Standard output:
Executing command [ /bin/sh /usr/tests/bin/sh/expansion/ifs2.0 ]
===> bin/sh/expansion/functional_test:ifs3
Result: passed
Duration: 0.212s

Metadata:
    allowed_architectures is empty
    allowed_platforms is empty
    description is empty
    has_cleanup = false
    required_configs is empty
    required_disk_space = 0
    required_files is empty
    required_memory = 0
    required_programs is empty
    required_user is empty
    timeout = 300

Standard output:
Executing command [ /bin/sh /usr/tests/bin/sh/expansion/ifs3.0 ]
===> bin/sh/expansion/functional_test:ifs4
Result: passed
Duration: 0.304s

Metadata:
    allowed_architectures is empty
    allowed_platforms is empty
    description is empty
    has_cleanup = false
    required_configs is empty
    required_disk_space = 0
    required_files is empty
    required_memory = 0
    required_programs is empty
    required_user is empty
    timeout = 300

Standard output:
Executing command [ /bin/sh /usr/tests/bin/sh/expansion/ifs4.0 ]
===> bin/sh/expansion/functional_test:ifs5
Result: passed
Duration: 0.449s

Metadata:
    allowed_architectures is empty
    allowed_platforms is empty
    description is empty
    has_cleanup = false
    required_configs is empty
    required_disk_space = 0
    required_files is empty
    required_memory = 0
    required_programs is empty
    required_user is empty
    timeout = 300

Standard output:
Executing command [ /bin/sh /usr/tests/bin/sh/expansion/ifs5.0 ]
===> bin/sh/expansion/functional_test:ifs6
Result: passed
Duration: 0.563s

Metadata:
    allowed_architectures is empty
    allowed_platforms is empty
    description is empty
    has_cleanup = false
    required_configs is empty
    required_disk_space = 0
    required_files is empty
    required_memory = 0
    required_programs is empty
    required_user is empty
    timeout = 300

Standard output:
Executing command [ /bin/sh /usr/tests/bin/sh/expansion/ifs6.0 ]
===> bin/sh/expansion/functional_test:ifs7
Result: passed
Duration: 0.382s

Metadata:
    allowed_architectures is empty
    allowed_platforms is empty
    description is empty
    has_cleanup = false
    required_configs is empty
    required_disk_space = 0
    required_files is empty
    required_memory = 0
    required_programs is empty
    required_user is empty
    timeout = 300

Standard output:
Executing command [ /bin/sh /usr/tests/bin/sh/expansion/ifs7.0 ]
===> bin/sh/expansion/functional_test:length1
Result: passed
Duration: 0.350s

Metadata:
    allowed_architectures is empty
    allowed_platforms is empty
    description is empty
    has_cleanup = false
    required_configs is empty
    required_disk_space = 0
    required_files is empty
    required_memory = 0
    required_programs is empty
    required_user is empty
    timeout = 300

Standard output:
Executing command [ /bin/sh /usr/tests/bin/sh/expansion/length1.0 ]
===> bin/sh/expansion/functional_test:length2
Result: passed
Duration: 0.183s

Metadata:
    allowed_architectures is empty
    allowed_platforms is empty
    description is empty
    has_cleanup = false
    required_configs is empty
    required_disk_space = 0
    required_files is empty
    required_memory = 0
    required_programs is empty
    required_user is empty
    timeout = 300

Standard output:
Executing command [ /bin/sh /usr/tests/bin/sh/expansion/length2.0 ]
===> bin/sh/expansion/functional_test:length3
Result: passed
Duration: 0.706s

Metadata:
    allowed_architectures is empty
    allowed_platforms is empty
    description is empty
    has_cleanup = false
    required_configs is empty
    required_disk_space = 0
    required_files is empty
    required_memory = 0
    required_programs is empty
    required_user is empty
    timeout = 300

Standard output:
Executing command [ /bin/sh /usr/tests/bin/sh/expansion/length3.0 ]
===> bin/sh/expansion/functional_test:length4
Result: passed
Duration: 0.066s

Metadata:
    allowed_architectures is empty
    allowed_platforms is empty
    description is empty
    has_cleanup = false
    required_configs is empty
    required_disk_space = 0
    required_files is empty
    required_memory = 0
    required_programs is empty
    required_user is empty
    timeout = 300

Standard output:
Executing command [ /bin/sh /usr/tests/bin/sh/expansion/length4.0 ]
===> bin/sh/expansion/functional_test:length5
Result: passed
Duration: 0.064s

Metadata:
    allowed_architectures is empty
    allowed_platforms is empty
    description is empty
    has_cleanup = false
    required_configs is empty
    required_disk_space = 0
    required_files is empty
    required_memory = 0
    required_programs is empty
    required_user is empty
    timeout = 300

Standard output:
Executing command [ /bin/sh /usr/tests/bin/sh/expansion/length5.0 ]
===> bin/sh/expansion/functional_test:length6
Result: passed
Duration: 0.059s

Metadata:
    allowed_architectures is empty
    allowed_platforms is empty
    description is empty
    has_cleanup = false
    required_configs is empty
    required_disk_space = 0
    required_files is empty
    required_memory = 0
    required_programs is empty
    required_user is empty
    timeout = 300

Standard output:
Executing command [ /bin/sh /usr/tests/bin/sh/expansion/length6.0 ]
===> bin/sh/expansion/functional_test:length7
Result: passed
Duration: 0.062s

Metadata:
    allowed_architectures is empty
    allowed_platforms is empty
    description is empty
    has_cleanup = false
    required_configs is empty
    required_disk_space = 0
    required_files is empty
    required_memory = 0
    required_programs is empty
    required_user is empty
    timeout = 300

Standard output:
Executing command [ /bin/sh /usr/tests/bin/sh/expansion/length7.0 ]
===> bin/sh/expansion/functional_test:length8
Result: passed
Duration: 0.079s

Metadata:
    allowed_architectures is empty
    allowed_platforms is empty
    description is empty
    has_cleanup = false
    required_configs is empty
    required_disk_space = 0
    required_files is empty
    required_memory = 0
    required_programs is empty
    required_user is empty
    timeout = 300

Standard output:
Executing command [ /bin/sh /usr/tests/bin/sh/expansion/length8.0 ]
===> bin/sh/expansion/functional_test:local1
Result: passed
Duration: 0.087s

Metadata:
    allowed_architectures is empty
    allowed_platforms is empty
    description is empty
    has_cleanup = false
    required_configs is empty
    required_disk_space = 0
    required_files is empty
    required_memory = 0
    required_programs is empty
    required_user is empty
    timeout = 300

Standard output:
Executing command [ /bin/sh /usr/tests/bin/sh/expansion/local1.0 ]
===> bin/sh/expansion/functional_test:local2
Result: passed
Duration: 0.059s

Metadata:
    allowed_architectures is empty
    allowed_platforms is empty
    description is empty
    has_cleanup = false
    required_configs is empty
    required_disk_space = 0
    required_files is empty
    required_memory = 0
    required_programs is empty
    required_user is empty
    timeout = 300

Standard output:
Executing command [ /bin/sh /usr/tests/bin/sh/expansion/local2.0 ]
===> bin/sh/expansion/functional_test:pathname1
Result: passed
Duration: 0.588s

Metadata:
    allowed_architectures is empty
    allowed_platforms is empty
    description is empty
    has_cleanup = false
    required_configs is empty
    required_disk_space = 0
    required_files is empty
    required_memory = 0
    required_programs is empty
    required_user is empty
    timeout = 300

Standard output:
Executing command [ /bin/sh /usr/tests/bin/sh/expansion/pathname1.0 ]
===> bin/sh/expansion/functional_test:pathname2
Result: passed
Duration: 0.334s

Metadata:
    allowed_architectures is empty
    allowed_platforms is empty
    description is empty
    has_cleanup = false
    required_configs is empty
    required_disk_space = 0
    required_files is empty
    required_memory = 0
    required_programs is empty
    required_user is empty
    timeout = 300

Standard output:
Executing command [ /bin/sh /usr/tests/bin/sh/expansion/pathname2.0 ]
===> bin/sh/expansion/functional_test:pathname3
Result: passed
Duration: 0.069s

Metadata:
    allowed_architectures is empty
    allowed_platforms is empty
    description is empty
    has_cleanup = false
    required_configs is empty
    required_disk_space = 0
    required_files is empty
    required_memory = 0
    required_programs is empty
    required_user is empty
    timeout = 300

Standard output:
Executing command [ /bin/sh /usr/tests/bin/sh/expansion/pathname3.0 ]
===> bin/sh/expansion/functional_test:pathname4
Result: passed
Duration: 0.119s

Metadata:
    allowed_architectures is empty
    allowed_platforms is empty
    description is empty
    has_cleanup = false
    required_configs is empty
    required_disk_space = 0
    required_files is empty
    required_memory = 0
    required_programs is empty
    required_user is empty
    timeout = 300

Standard output:
Executing command [ /bin/sh /usr/tests/bin/sh/expansion/pathname4.0 ]
===> bin/sh/expansion/functional_test:pathname5
Result: passed
Duration: 0.057s

Metadata:
    allowed_architectures is empty
    allowed_platforms is empty
    description is empty
    has_cleanup = false
    required_configs is empty
    required_disk_space = 0
    required_files is empty
    required_memory = 0
    required_programs is empty
    required_user is empty
    timeout = 300

Standard output:
Executing command [ /bin/sh /usr/tests/bin/sh/expansion/pathname5.0 ]
===> bin/sh/expansion/functional_test:plus_minus1
Result: passed
Duration: 0.061s

Metadata:
    allowed_architectures is empty
    allowed_platforms is empty
    description is empty
    has_cleanup = false
    required_configs is empty
    required_disk_space = 0
    required_files is empty
    required_memory = 0
    required_programs is empty
    required_user is empty
    timeout = 300

Standard output:
Executing command [ /bin/sh /usr/tests/bin/sh/expansion/plus-minus1.0 ]
===> bin/sh/expansion/functional_test:plus_minus2
Result: passed
Duration: 0.059s

Metadata:
    allowed_architectures is empty
    allowed_platforms is empty
    description is empty
    has_cleanup = false
    required_configs is empty
    required_disk_space = 0
    required_files is empty
    required_memory = 0
    required_programs is empty
    required_user is empty
    timeout = 300

Standard output:
Executing command [ /bin/sh /usr/tests/bin/sh/expansion/plus-minus2.0 ]
===> bin/sh/expansion/functional_test:plus_minus3
Result: passed
Duration: 0.061s

Metadata:
    allowed_architectures is empty
    allowed_platforms is empty
    description is empty
    has_cleanup = false
    required_configs is empty
    required_disk_space = 0
    required_files is empty
    required_memory = 0
    required_programs is empty
    required_user is empty
    timeout = 300

Standard output:
Executing command [ /bin/sh /usr/tests/bin/sh/expansion/plus-minus3.0 ]
===> bin/sh/expansion/functional_test:plus_minus4
Result: passed
Duration: 0.060s

Metadata:
    allowed_architectures is empty
    allowed_platforms is empty
    description is empty
    has_cleanup = false
    required_configs is empty
    required_disk_space = 0
    required_files is empty
    required_memory = 0
    required_programs is empty
    required_user is empty
    timeout = 300

Standard output:
Executing command [ /bin/sh /usr/tests/bin/sh/expansion/plus-minus4.0 ]
===> bin/sh/expansion/functional_test:plus_minus5
Result: passed
Duration: 0.061s

Metadata:
    allowed_architectures is empty
    allowed_platforms is empty
    description is empty
    has_cleanup = false
    required_configs is empty
    required_disk_space = 0
    required_files is empty
    required_memory = 0
    required_programs is empty
    required_user is empty
    timeout = 300

Standard output:
Executing command [ /bin/sh /usr/tests/bin/sh/expansion/plus-minus5.0 ]
===> bin/sh/expansion/functional_test:plus_minus6
Result: passed
Duration: 0.072s

Metadata:
    allowed_architectures is empty
    allowed_platforms is empty
    description is empty
    has_cleanup = false
    required_configs is empty
    required_disk_space = 0
    required_files is empty
    required_memory = 0
    required_programs is empty
    required_user is empty
    timeout = 300

Standard output:
Executing command [ /bin/sh /usr/tests/bin/sh/expansion/plus-minus6.0 ]
===> bin/sh/expansion/functional_test:plus_minus7
Result: passed
Duration: 0.060s

Metadata:
    allowed_architectures is empty
    allowed_platforms is empty
    description is empty
    has_cleanup = false
    required_configs is empty
    required_disk_space = 0
    required_files is empty
    required_memory = 0
    required_programs is empty
    required_user is empty
    timeout = 300

Standard output:
Executing command [ /bin/sh /usr/tests/bin/sh/expansion/plus-minus7.0 ]
===> bin/sh/expansion/functional_test:plus_minus8
Result: passed
Duration: 0.058s

Metadata:
    allowed_architectures is empty
    allowed_platforms is empty
    description is empty
    has_cleanup = false
    required_configs is empty
    required_disk_space = 0
    required_files is empty
    required_memory = 0
    required_programs is empty
    required_user is empty
    timeout = 300

Standard output:
Executing command [ /bin/sh /usr/tests/bin/sh/expansion/plus-minus8.0 ]
===> bin/sh/expansion/functional_test:question1
Result: passed
Duration: 0.096s

Metadata:
    allowed_architectures is empty
    allowed_platforms is empty
    description is empty
    has_cleanup = false
    required_configs is empty
    required_disk_space = 0
    required_files is empty
    required_memory = 0
    required_programs is empty
    required_user is empty
    timeout = 300

Standard output:
Executing command [ /bin/sh /usr/tests/bin/sh/expansion/question1.0 ]
===> bin/sh/expansion/functional_test:readonly1
Result: passed
Duration: 0.060s

Metadata:
    allowed_architectures is empty
    allowed_platforms is empty
    description is empty
    has_cleanup = false
    required_configs is empty
    required_disk_space = 0
    required_files is empty
    required_memory = 0
    required_programs is empty
    required_user is empty
    timeout = 300

Standard output:
Executing command [ /bin/sh /usr/tests/bin/sh/expansion/readonly1.0 ]
===> bin/sh/expansion/functional_test:redir1
Result: passed
Duration: 0.108s

Metadata:
    allowed_architectures is empty
    allowed_platforms is empty
    description is empty
    has_cleanup = false
    required_configs is empty
    required_disk_space = 0
    required_files is empty
    required_memory = 0
    required_programs is empty
    required_user is empty
    timeout = 300

Standard output:
Executing command [ /bin/sh /usr/tests/bin/sh/expansion/redir1.0 ]
===> bin/sh/expansion/functional_test:set_u1
Result: passed
Duration: 1.334s

Metadata:
    allowed_architectures is empty
    allowed_platforms is empty
    description is empty
    has_cleanup = false
    required_configs is empty
    required_disk_space = 0
    required_files is empty
    required_memory = 0
    required_programs is empty
    required_user is empty
    timeout = 300

Standard output:
Executing command [ /bin/sh /usr/tests/bin/sh/expansion/set-u1.0 ]
===> bin/sh/expansion/functional_test:set_u2
Result: passed
Duration: 0.398s

Metadata:
    allowed_architectures is empty
    allowed_platforms is empty
    description is empty
    has_cleanup = false
    required_configs is empty
    required_disk_space = 0
    required_files is empty
    required_memory = 0
    required_programs is empty
    required_user is empty
    timeout = 300

Standard output:
Executing command [ /bin/sh /usr/tests/bin/sh/expansion/set-u2.0 ]
===> bin/sh/expansion/functional_test:set_u3
Result: passed
Duration: 1.235s

Metadata:
    allowed_architectures is empty
    allowed_platforms is empty
    description is empty
    has_cleanup = false
    required_configs is empty
    required_disk_space = 0
    required_files is empty
    required_memory = 0
    required_programs is empty
    required_user is empty
    timeout = 300

Standard output:
Executing command [ /bin/sh /usr/tests/bin/sh/expansion/set-u3.0 ]
===> bin/sh/expansion/functional_test:tilde1
Result: passed
Duration: 0.201s

Metadata:
    allowed_architectures is empty
    allowed_platforms is empty
    description is empty
    has_cleanup = false
    required_configs is empty
    required_disk_space = 0
    required_files is empty
    required_memory = 0
    required_programs is empty
    required_user is empty
    timeout = 300

Standard output:
Executing command [ /bin/sh /usr/tests/bin/sh/expansion/tilde1.0 ]
===> bin/sh/expansion/functional_test:tilde2
Result: passed
Duration: 0.188s

Metadata:
    allowed_architectures is empty
    allowed_platforms is empty
    description is empty
    has_cleanup = false
    required_configs is empty
    required_disk_space = 0
    required_files is empty
    required_memory = 0
    required_programs is empty
    required_user is empty
    timeout = 300

Standard output:
Executing command [ /bin/sh /usr/tests/bin/sh/expansion/tilde2.0 ]
===> bin/sh/expansion/functional_test:trim1
Result: passed
Duration: 0.232s

Metadata:
    allowed_architectures is empty
    allowed_platforms is empty
    description is empty
    has_cleanup = false
    required_configs is empty
    required_disk_space = 0
    required_files is empty
    required_memory = 0
    required_programs is empty
    required_user is empty
    timeout = 300

Standard output:
Executing command [ /bin/sh /usr/tests/bin/sh/expansion/trim1.0 ]
===> bin/sh/expansion/functional_test:trim2
Result: passed
Duration: 0.168s

Metadata:
    allowed_architectures is empty
    allowed_platforms is empty
    description is empty
    has_cleanup = false
    required_configs is empty
    required_disk_space = 0
    required_files is empty
    required_memory = 0
    required_programs is empty
    required_user is empty
    timeout = 300

Standard output:
Executing command [ /bin/sh /usr/tests/bin/sh/expansion/trim2.0 ]
===> bin/sh/expansion/functional_test:trim3
Result: passed
Duration: 0.242s

Metadata:
    allowed_architectures is empty
    allowed_platforms is empty
    description is empty
    has_cleanup = false
    required_configs is empty
    required_disk_space = 0
    required_files is empty
    required_memory = 0
    required_programs is empty
    required_user is empty
    timeout = 300

Standard output:
Executing command [ /bin/sh /usr/tests/bin/sh/expansion/trim3.0 ]
===> bin/sh/expansion/functional_test:trim4
Result: passed
Duration: 0.452s

Metadata:
    allowed_architectures is empty
    allowed_platforms is empty
    description is empty
    has_cleanup = false
    required_configs is empty
    required_disk_space = 0
    required_files is empty
    required_memory = 0
    required_programs is empty
    required_user is empty
    timeout = 300

Standard output:
Executing command [ /bin/sh /usr/tests/bin/sh/expansion/trim4.0 ]
===> bin/sh/expansion/functional_test:trim5
Result: passed
Duration: 0.273s

Metadata:
    allowed_architectures is empty
    allowed_platforms is empty
    description is empty
    has_cleanup = false
    required_configs is empty
    required_disk_space = 0
    required_files is empty
    required_memory = 0
    required_programs is empty
    required_user is empty
    timeout = 300

Standard output:
Executing command [ /bin/sh /usr/tests/bin/sh/expansion/trim5.0 ]
===> bin/sh/expansion/functional_test:trim6
Result: passed
Duration: 0.167s

Metadata:
    allowed_architectures is empty
    allowed_platforms is empty
    description is empty
    has_cleanup = false
    required_configs is empty
    required_disk_space = 0
    required_files is empty
    required_memory = 0
    required_programs is empty
    required_user is empty
    timeout = 300

Standard output:
Executing command [ /bin/sh /usr/tests/bin/sh/expansion/trim6.0 ]
===> bin/sh/expansion/functional_test:trim7
Result: passed
Duration: 0.154s

Metadata:
    allowed_architectures is empty
    allowed_platforms is empty
    description is empty
    has_cleanup = false
    required_configs is empty
    required_disk_space = 0
    required_files is empty
    required_memory = 0
    required_programs is empty
    required_user is empty
    timeout = 300

Standard output:
Executing command [ /bin/sh /usr/tests/bin/sh/expansion/trim7.0 ]
===> bin/sh/expansion/functional_test:trim8
Result: passed
Duration: 0.248s

Metadata:
    allowed_architectures is empty
    allowed_platforms is empty
    description is empty
    has_cleanup = false
    required_configs is empty
    required_disk_space = 0
    required_files is empty
    required_memory = 0
    required_programs is empty
    required_user is empty
    timeout = 300

Standard output:
Executing command [ /bin/sh /usr/tests/bin/sh/expansion/trim8.0 ]
===> bin/sh/parameters/functional_test:env1
Result: passed
Duration: 0.683s

Metadata:
    allowed_architectures is empty
    allowed_platforms is empty
    description is empty
    has_cleanup = false
    required_configs is empty
    required_disk_space = 0
    required_files is empty
    required_memory = 0
    required_programs is empty
    required_user is empty
    timeout = 300

Standard output:
Executing command [ /bin/sh /usr/tests/bin/sh/parameters/env1.0 ]
===> bin/sh/parameters/functional_test:exitstatus1
Result: passed
Duration: 0.475s

Metadata:
    allowed_architectures is empty
    allowed_platforms is empty
    description is empty
    has_cleanup = false
    required_configs is empty
    required_disk_space = 0
    required_files is empty
    required_memory = 0
    required_programs is empty
    required_user is empty
    timeout = 300

Standard output:
Executing command [ /bin/sh /usr/tests/bin/sh/parameters/exitstatus1.0 ]
===> bin/sh/parameters/functional_test:mail1
Result: passed
Duration: 1.627s

Metadata:
    allowed_architectures is empty
    allowed_platforms is empty
    description is empty
    has_cleanup = false
    required_configs is empty
    required_disk_space = 0
    required_files is empty
    required_memory = 0
    required_programs is empty
    required_user is empty
    timeout = 300

Standard output:
Executing command [ /bin/sh /usr/tests/bin/sh/parameters/mail1.0 ]
===> bin/sh/parameters/functional_test:mail2
Result: passed
Duration: 0.327s

Metadata:
    allowed_architectures is empty
    allowed_platforms is empty
    description is empty
    has_cleanup = false
    required_configs is empty
    required_disk_space = 0
    required_files is empty
    required_memory = 0
    required_programs is empty
    required_user is empty
    timeout = 300

Standard output:
Executing command [ /bin/sh /usr/tests/bin/sh/parameters/mail2.0 ]
===> bin/sh/parameters/functional_test:optind1
Result: passed
Duration: 0.419s

Metadata:
    allowed_architectures is empty
    allowed_platforms is empty
    description is empty
    has_cleanup = false
    required_configs is empty
    required_disk_space = 0
    required_files is empty
    required_memory = 0
    required_programs is empty
    required_user is empty
    timeout = 300

Standard output:
Executing command [ /bin/sh /usr/tests/bin/sh/parameters/optind1.0 ]
===> bin/sh/parameters/functional_test:optind2
Result: passed
Duration: 0.433s

Metadata:
    allowed_architectures is empty
    allowed_platforms is empty
    description is empty
    has_cleanup = false
    required_configs is empty
    required_disk_space = 0
    required_files is empty
    required_memory = 0
    required_programs is empty
    required_user is empty
    timeout = 300

Standard output:
Executing command [ /bin/sh /usr/tests/bin/sh/parameters/optind2.0 ]
===> bin/sh/parameters/functional_test:positional1
Result: passed
Duration: 0.380s

Metadata:
    allowed_architectures is empty
    allowed_platforms is empty
    description is empty
    has_cleanup = false
    required_configs is empty
    required_disk_space = 0
    required_files is empty
    required_memory = 0
    required_programs is empty
    required_user is empty
    timeout = 300

Standard output:
Executing command [ /bin/sh /usr/tests/bin/sh/parameters/positional1.0 ]
===> bin/sh/parameters/functional_test:positional2
Result: passed
Duration: 0.674s

Metadata:
    allowed_architectures is empty
    allowed_platforms is empty
    description is empty
    has_cleanup = false
    required_configs is empty
    required_disk_space = 0
    required_files is empty
    required_memory = 0
    required_programs is empty
    required_user is empty
    timeout = 300

Standard output:
Executing command [ /bin/sh /usr/tests/bin/sh/parameters/positional2.0 ]
===> bin/sh/parameters/functional_test:positional3
Result: passed
Duration: 0.563s

Metadata:
    allowed_architectures is empty
    allowed_platforms is empty
    description is empty
    has_cleanup = false
    required_configs is empty
    required_disk_space = 0
    required_files is empty
    required_memory = 0
    required_programs is empty
    required_user is empty
    timeout = 300

Standard output:
Executing command [ /bin/sh /usr/tests/bin/sh/parameters/positional3.0 ]
===> bin/sh/parameters/functional_test:positional4
Result: passed
Duration: 0.392s

Metadata:
    allowed_architectures is empty
    allowed_platforms is empty
    description is empty
    has_cleanup = false
    required_configs is empty
    required_disk_space = 0
    required_files is empty
    required_memory = 0
    required_programs is empty
    required_user is empty
    timeout = 300

Standard output:
Executing command [ /bin/sh /usr/tests/bin/sh/parameters/positional4.0 ]
===> bin/sh/parameters/functional_test:positional5
Result: passed
Duration: 0.503s

Metadata:
    allowed_architectures is empty
    allowed_platforms is empty
    description is empty
    has_cleanup = false
    required_configs is empty
    required_disk_space = 0
    required_files is empty
    required_memory = 0
    required_programs is empty
    required_user is empty
    timeout = 300

Standard output:
Executing command [ /bin/sh /usr/tests/bin/sh/parameters/positional5.0 ]
===> bin/sh/parameters/functional_test:positional6
Result: passed
Duration: 0.992s

Metadata:
    allowed_architectures is empty
    allowed_platforms is empty
    description is empty
    has_cleanup = false
    required_configs is empty
    required_disk_space = 0
    required_files is empty
    required_memory = 0
    required_programs is empty
    required_user is empty
    timeout = 300

Standard output:
Executing command [ /bin/sh /usr/tests/bin/sh/parameters/positional6.0 ]
===> bin/sh/parameters/functional_test:positional7
Result: passed
Duration: 0.202s

Metadata:
    allowed_architectures is empty
    allowed_platforms is empty
    description is empty
    has_cleanup = false
    required_configs is empty
    required_disk_space = 0
    required_files is empty
    required_memory = 0
    required_programs is empty
    required_user is empty
    timeout = 300

Standard output:
Executing command [ /bin/sh /usr/tests/bin/sh/parameters/positional7.0 ]
===> bin/sh/parameters/functional_test:pwd1
Result: passed
Duration: 0.139s

Metadata:
    allowed_architectures is empty
    allowed_platforms is empty
    description is empty
    has_cleanup = false
    required_configs is empty
    required_disk_space = 0
    required_files is empty
    required_memory = 0
    required_programs is empty
    required_user is empty
    timeout = 300

Standard output:
Executing command [ /bin/sh /usr/tests/bin/sh/parameters/pwd1.0 ]
===> bin/sh/parameters/functional_test:pwd2
Result: passed
Duration: 0.267s

Metadata:
    allowed_architectures is empty
    allowed_platforms is empty
    description is empty
    has_cleanup = false
    required_configs is empty
    required_disk_space = 0
    required_files is empty
    required_memory = 0
    required_programs is empty
    required_user is empty
    timeout = 300

Standard output:
Executing command [ /bin/sh /usr/tests/bin/sh/parameters/pwd2.0 ]
===> bin/sh/parser/functional_test:alias1
Result: passed
Duration: 0.463s

Metadata:
    allowed_architectures is empty
    allowed_platforms is empty
    description is empty
    has_cleanup = false
    required_configs is empty
    required_disk_space = 0
    required_files is empty
    required_memory = 0
    required_programs is empty
    required_user is empty
    timeout = 300

Standard output:
Executing command [ /bin/sh /usr/tests/bin/sh/parser/alias1.0 ]
===> bin/sh/parser/functional_test:alias10
Result: passed
Duration: 0.088s

Metadata:
    allowed_architectures is empty
    allowed_platforms is empty
    description is empty
    has_cleanup = false
    required_configs is empty
    required_disk_space = 0
    required_files is empty
    required_memory = 0
    required_programs is empty
    required_user is empty
    timeout = 300

Standard output:
Executing command [ /bin/sh /usr/tests/bin/sh/parser/alias10.0 ]
===> bin/sh/parser/functional_test:alias11
Result: passed
Duration: 0.117s

Metadata:
    allowed_architectures is empty
    allowed_platforms is empty
    description is empty
    has_cleanup = false
    required_configs is empty
    required_disk_space = 0
    required_files is empty
    required_memory = 0
    required_programs is empty
    required_user is empty
    timeout = 300

Standard output:
Executing command [ /bin/sh /usr/tests/bin/sh/parser/alias11.0 ]
===> bin/sh/parser/functional_test:alias12
Result: passed
Duration: 0.247s

Metadata:
    allowed_architectures is empty
    allowed_platforms is empty
    description is empty
    has_cleanup = false
    required_configs is empty
    required_disk_space = 0
    required_files is empty
    required_memory = 0
    required_programs is empty
    required_user is empty
    timeout = 300

Standard output:
Executing command [ /bin/sh /usr/tests/bin/sh/parser/alias12.0 ]
===> bin/sh/parser/functional_test:alias13
Result: passed
Duration: 0.141s

Metadata:
    allowed_architectures is empty
    allowed_platforms is empty
    description is empty
    has_cleanup = false
    required_configs is empty
    required_disk_space = 0
    required_files is empty
    required_memory = 0
    required_programs is empty
    required_user is empty
    timeout = 300

Standard output:
Executing command [ /bin/sh /usr/tests/bin/sh/parser/alias13.0 ]
===> bin/sh/parser/functional_test:alias14
Result: passed
Duration: 0.678s

Metadata:
    allowed_architectures is empty
    allowed_platforms is empty
    description is empty
    has_cleanup = false
    required_configs is empty
    required_disk_space = 0
    required_files is empty
    required_memory = 0
    required_programs is empty
    required_user is empty
    timeout = 300

Standard output:
Executing command [ /bin/sh /usr/tests/bin/sh/parser/alias14.0 ]
===> bin/sh/parser/functional_test:alias15
Result: passed
Duration: 0.557s

Metadata:
    allowed_architectures is empty
    allowed_platforms is empty
    description is empty
    has_cleanup = false
    required_configs is empty
    required_disk_space = 0
    required_files is empty
    required_memory = 0
    required_programs is empty
    required_user is empty
    timeout = 300

Standard output:
Executing command [ /bin/sh /usr/tests/bin/sh/parser/alias15.0 ]
===> bin/sh/parser/functional_test:alias2
Result: passed
Duration: 0.183s

Metadata:
    allowed_architectures is empty
    allowed_platforms is empty
    description is empty
    has_cleanup = false
    required_configs is empty
    required_disk_space = 0
    required_files is empty
    required_memory = 0
    required_programs is empty
    required_user is empty
    timeout = 300

Standard output:
Executing command [ /bin/sh /usr/tests/bin/sh/parser/alias2.0 ]
===> bin/sh/parser/functional_test:alias3
Result: passed
Duration: 0.259s

Metadata:
    allowed_architectures is empty
    allowed_platforms is empty
    description is empty
    has_cleanup = false
    required_configs is empty
    required_disk_space = 0
    required_files is empty
    required_memory = 0
    required_programs is empty
    required_user is empty
    timeout = 300

Standard output:
Executing command [ /bin/sh /usr/tests/bin/sh/parser/alias3.0 ]
===> bin/sh/parser/functional_test:alias4
Result: passed
Duration: 1.252s

Metadata:
    allowed_architectures is empty
    allowed_platforms is empty
    description is empty
    has_cleanup = false
    required_configs is empty
    required_disk_space = 0
    required_files is empty
    required_memory = 0
    required_programs is empty
    required_user is empty
    timeout = 300

Standard output:
Executing command [ /bin/sh /usr/tests/bin/sh/parser/alias4.0 ]
===> bin/sh/parser/functional_test:alias5
Result: passed
Duration: 0.232s

Metadata:
    allowed_architectures is empty
    allowed_platforms is empty
    description is empty
    has_cleanup = false
    required_configs is empty
    required_disk_space = 0
    required_files is empty
    required_memory = 0
    required_programs is empty
    required_user is empty
    timeout = 300

Standard output:
Executing command [ /bin/sh /usr/tests/bin/sh/parser/alias5.0 ]
===> bin/sh/parser/functional_test:alias6
Result: passed
Duration: 0.210s

Metadata:
    allowed_architectures is empty
    allowed_platforms is empty
    description is empty
    has_cleanup = false
    required_configs is empty
    required_disk_space = 0
    required_files is empty
    required_memory = 0
    required_programs is empty
    required_user is empty
    timeout = 300

Standard output:
Executing command [ /bin/sh /usr/tests/bin/sh/parser/alias6.0 ]
===> bin/sh/parser/functional_test:alias7
Result: passed
Duration: 0.205s

Metadata:
    allowed_architectures is empty
    allowed_platforms is empty
    description is empty
    has_cleanup = false
    required_configs is empty
    required_disk_space = 0
    required_files is empty
    required_memory = 0
    required_programs is empty
    required_user is empty
    timeout = 300

Standard output:
Executing command [ /bin/sh /usr/tests/bin/sh/parser/alias7.0 ]
===> bin/sh/parser/functional_test:alias8
Result: passed
Duration: 0.386s

Metadata:
    allowed_architectures is empty
    allowed_platforms is empty
    description is empty
    has_cleanup = false
    required_configs is empty
    required_disk_space = 0
    required_files is empty
    required_memory = 0
    required_programs is empty
    required_user is empty
    timeout = 300

Standard output:
Executing command [ /bin/sh /usr/tests/bin/sh/parser/alias8.0 ]
===> bin/sh/parser/functional_test:alias9
Result: passed
Duration: 0.152s

Metadata:
    allowed_architectures is empty
    allowed_platforms is empty
    description is empty
    has_cleanup = false
    required_configs is empty
    required_disk_space = 0
    required_files is empty
    required_memory = 0
    required_programs is empty
    required_user is empty
    timeout = 300

Standard output:
Executing command [ /bin/sh /usr/tests/bin/sh/parser/alias9.0 ]
===> bin/sh/parser/functional_test:and_pipe_not
Result: passed
Duration: 0.087s

Metadata:
    allowed_architectures is empty
    allowed_platforms is empty
    description is empty
    has_cleanup = false
    required_configs is empty
    required_disk_space = 0
    required_files is empty
    required_memory = 0
    required_programs is empty
    required_user is empty
    timeout = 300

Standard output:
Executing command [ /bin/sh /usr/tests/bin/sh/parser/and-pipe-not.0 ]
===> bin/sh/parser/functional_test:case1
Result: passed
Duration: 0.104s

Metadata:
    allowed_architectures is empty
    allowed_platforms is empty
    description is empty
    has_cleanup = false
    required_configs is empty
    required_disk_space = 0
    required_files is empty
    required_memory = 0
    required_programs is empty
    required_user is empty
    timeout = 300

Standard output:
Executing command [ /bin/sh /usr/tests/bin/sh/parser/case1.0 ]
===> bin/sh/parser/functional_test:case2
Result: passed
Duration: 0.110s

Metadata:
    allowed_architectures is empty
    allowed_platforms is empty
    description is empty
    has_cleanup = false
    required_configs is empty
    required_disk_space = 0
    required_files is empty
    required_memory = 0
    required_programs is empty
    required_user is empty
    timeout = 300

Standard output:
Executing command [ /bin/sh /usr/tests/bin/sh/parser/case2.0 ]
===> bin/sh/parser/functional_test:dollar_quote1
Result: passed
Duration: 0.166s

Metadata:
    allowed_architectures is empty
    allowed_platforms is empty
    description is empty
    has_cleanup = false
    required_configs is empty
    required_disk_space = 0
    required_files is empty
    required_memory = 0
    required_programs is empty
    required_user is empty
    timeout = 300

Standard output:
Executing command [ /bin/sh /usr/tests/bin/sh/parser/dollar-quote1.0 ]
===> bin/sh/parser/functional_test:dollar_quote10
Result: passed
Duration: 0.159s

Metadata:
    allowed_architectures is empty
    allowed_platforms is empty
    description is empty
    has_cleanup = false
    required_configs is empty
    required_disk_space = 0
    required_files is empty
    required_memory = 0
    required_programs is empty
    required_user is empty
    timeout = 300

Standard output:
Executing command [ /bin/sh /usr/tests/bin/sh/parser/dollar-quote10.0 ]
===> bin/sh/parser/functional_test:dollar_quote11
Result: passed
Duration: 0.093s

Metadata:
    allowed_architectures is empty
    allowed_platforms is empty
    description is empty
    has_cleanup = false
    required_configs is empty
    required_disk_space = 0
    required_files is empty
    required_memory = 0
    required_programs is empty
    required_user is empty
    timeout = 300

Standard output:
Executing command [ /bin/sh /usr/tests/bin/sh/parser/dollar-quote11.0 ]
===> bin/sh/parser/functional_test:dollar_quote2
Result: passed
Duration: 0.157s

Metadata:
    allowed_architectures is empty
    allowed_platforms is empty
    description is empty
    has_cleanup = false
    required_configs is empty
    required_disk_space = 0
    required_files is empty
    required_memory = 0
    required_programs is empty
    required_user is empty
    timeout = 300

Standard output:
Executing command [ /bin/sh /usr/tests/bin/sh/parser/dollar-quote2.0 ]
===> bin/sh/parser/functional_test:dollar_quote3
Result: passed
Duration: 0.091s

Metadata:
    allowed_architectures is empty
    allowed_platforms is empty
    description is empty
    has_cleanup = false
    required_configs is empty
    required_disk_space = 0
    required_files is empty
    required_memory = 0
    required_programs is empty
    required_user is empty
    timeout = 300

Standard output:
Executing command [ /bin/sh /usr/tests/bin/sh/parser/dollar-quote3.0 ]
===> bin/sh/parser/functional_test:dollar_quote4
Result: passed
Duration: 0.235s

Metadata:
    allowed_architectures is empty
    allowed_platforms is empty
    description is empty
    has_cleanup = false
    required_configs is empty
    required_disk_space = 0
    required_files is empty
    required_memory = 0
    required_programs is empty
    required_user is empty
    timeout = 300

Standard output:
Executing command [ /bin/sh /usr/tests/bin/sh/parser/dollar-quote4.0 ]
===> bin/sh/parser/functional_test:dollar_quote5
Result: passed
Duration: 0.520s

Metadata:
    allowed_architectures is empty
    allowed_platforms is empty
    description is empty
    has_cleanup = false
    required_configs is empty
    required_disk_space = 0
    required_files is empty
    required_memory = 0
    required_programs is empty
    required_user is empty
    timeout = 300

Standard output:
Executing command [ /bin/sh /usr/tests/bin/sh/parser/dollar-quote5.0 ]
===> bin/sh/parser/functional_test:dollar_quote6
Result: passed
Duration: 0.125s

Metadata:
    allowed_architectures is empty
    allowed_platforms is empty
    description is empty
    has_cleanup = false
    required_configs is empty
    required_disk_space = 0
    required_files is empty
    required_memory = 0
    required_programs is empty
    required_user is empty
    timeout = 300

Standard output:
Executing command [ /bin/sh /usr/tests/bin/sh/parser/dollar-quote6.0 ]
===> bin/sh/parser/functional_test:dollar_quote7
Result: passed
Duration: 0.189s

Metadata:
    allowed_architectures is empty
    allowed_platforms is empty
    description is empty
    has_cleanup = false
    required_configs is empty
    required_disk_space = 0
    required_files is empty
    required_memory = 0
    required_programs is empty
    required_user is empty
    timeout = 300

Standard output:
Executing command [ /bin/sh /usr/tests/bin/sh/parser/dollar-quote7.0 ]
===> bin/sh/parser/functional_test:dollar_quote8
Result: passed
Duration: 0.138s

Metadata:
    allowed_architectures is empty
    allowed_platforms is empty
    description is empty
    has_cleanup = false
    required_configs is empty
    required_disk_space = 0
    required_files is empty
    required_memory = 0
    required_programs is empty
    required_user is empty
    timeout = 300

Standard output:
Executing command [ /bin/sh /usr/tests/bin/sh/parser/dollar-quote8.0 ]
===> bin/sh/parser/functional_test:dollar_quote9
Result: passed
Duration: 0.175s

Metadata:
    allowed_architectures is empty
    allowed_platforms is empty
    description is empty
    has_cleanup = false
    required_configs is empty
    required_disk_space = 0
    required_files is empty
    required_memory = 0
    required_programs is empty
    required_user is empty
    timeout = 300

Standard output:
Executing command [ /bin/sh /usr/tests/bin/sh/parser/dollar-quote9.0 ]
===> bin/sh/parser/functional_test:empty_braces1
Result: passed
Duration: 0.194s

Metadata:
    allowed_architectures is empty
    allowed_platforms is empty
    description is empty
    has_cleanup = false
    required_configs is empty
    required_disk_space = 0
    required_files is empty
    required_memory = 0
    required_programs is empty
    required_user is empty
    timeout = 300

Standard output:
Executing command [ /bin/sh /usr/tests/bin/sh/parser/empty-braces1.0 ]
===> bin/sh/parser/functional_test:empty_cmd1
Result: passed
Duration: 0.917s

Metadata:
    allowed_architectures is empty
    allowed_platforms is empty
    description is empty
    has_cleanup = false
    required_configs is empty
    required_disk_space = 0
    required_files is empty
    required_memory = 0
    required_programs is empty
    required_user is empty
    timeout = 300

Standard output:
Executing command [ /bin/sh /usr/tests/bin/sh/parser/empty-cmd1.0 ]
===> bin/sh/parser/functional_test:for1
Result: passed
Duration: 0.237s

Metadata:
    allowed_architectures is empty
    allowed_platforms is empty
    description is empty
    has_cleanup = false
    required_configs is empty
    required_disk_space = 0
    required_files is empty
    required_memory = 0
    required_programs is empty
    required_user is empty
    timeout = 300

Standard output:
Executing command [ /bin/sh /usr/tests/bin/sh/parser/for1.0 ]
===> bin/sh/parser/functional_test:for2
Result: passed
Duration: 0.168s

Metadata:
    allowed_architectures is empty
    allowed_platforms is empty
    description is empty
    has_cleanup = false
    required_configs is empty
    required_disk_space = 0
    required_files is empty
    required_memory = 0
    required_programs is empty
    required_user is empty
    timeout = 300

Standard output:
Executing command [ /bin/sh /usr/tests/bin/sh/parser/for2.0 ]
===> bin/sh/parser/functional_test:func1
Result: passed
Duration: 0.195s

Metadata:
    allowed_architectures is empty
    allowed_platforms is empty
    description is empty
    has_cleanup = false
    required_configs is empty
    required_disk_space = 0
    required_files is empty
    required_memory = 0
    required_programs is empty
    required_user is empty
    timeout = 300

Standard output:
Executing command [ /bin/sh /usr/tests/bin/sh/parser/func1.0 ]
===> bin/sh/parser/functional_test:func2
Result: passed
Duration: 0.144s

Metadata:
    allowed_architectures is empty
    allowed_platforms is empty
    description is empty
    has_cleanup = false
    required_configs is empty
    required_disk_space = 0
    required_files is empty
    required_memory = 0
    required_programs is empty
    required_user is empty
    timeout = 300

Standard output:
Executing command [ /bin/sh /usr/tests/bin/sh/parser/func2.0 ]
===> bin/sh/parser/functional_test:func3
Result: passed
Duration: 0.122s

Metadata:
    allowed_architectures is empty
    allowed_platforms is empty
    description is empty
    has_cleanup = false
    required_configs is empty
    required_disk_space = 0
    required_files is empty
    required_memory = 0
    required_programs is empty
    required_user is empty
    timeout = 300

Standard output:
Executing command [ /bin/sh /usr/tests/bin/sh/parser/func3.0 ]
===> bin/sh/parser/functional_test:heredoc1
Result: passed
Duration: 0.158s

Metadata:
    allowed_architectures is empty
    allowed_platforms is empty
    description is empty
    has_cleanup = false
    required_configs is empty
    required_disk_space = 0
    required_files is empty
    required_memory = 0
    required_programs is empty
    required_user is empty
    timeout = 300

Standard output:
Executing command [ /bin/sh /usr/tests/bin/sh/parser/heredoc1.0 ]
===> bin/sh/parser/functional_test:heredoc10
Result: passed
Duration: 0.212s

Metadata:
    allowed_architectures is empty
    allowed_platforms is empty
    description is empty
    has_cleanup = false
    required_configs is empty
    required_disk_space = 0
    required_files is empty
    required_memory = 0
    required_programs is empty
    required_user is empty
    timeout = 300

Standard output:
Executing command [ /bin/sh /usr/tests/bin/sh/parser/heredoc10.0 ]
===> bin/sh/parser/functional_test:heredoc11
Result: passed
Duration: 0.124s

Metadata:
    allowed_architectures is empty
    allowed_platforms is empty
    description is empty
    has_cleanup = false
    required_configs is empty
    required_disk_space = 0
    required_files is empty
    required_memory = 0
    required_programs is empty
    required_user is empty
    timeout = 300

Standard output:
Executing command [ /bin/sh /usr/tests/bin/sh/parser/heredoc11.0 ]
===> bin/sh/parser/functional_test:heredoc12
Result: passed
Duration: 0.194s

Metadata:
    allowed_architectures is empty
    allowed_platforms is empty
    description is empty
    has_cleanup = false
    required_configs is empty
    required_disk_space = 0
    required_files is empty
    required_memory = 0
    required_programs is empty
    required_user is empty
    timeout = 300

Standard output:
Executing command [ /bin/sh /usr/tests/bin/sh/parser/heredoc12.0 ]
===> bin/sh/parser/functional_test:heredoc2
Result: passed
Duration: 0.095s

Metadata:
    allowed_architectures is empty
    allowed_platforms is empty
    description is empty
    has_cleanup = false
    required_configs is empty
    required_disk_space = 0
    required_files is empty
    required_memory = 0
    required_programs is empty
    required_user is empty
    timeout = 300

Standard output:
Executing command [ /bin/sh /usr/tests/bin/sh/parser/heredoc2.0 ]
===> bin/sh/parser/functional_test:heredoc3
Result: passed
Duration: 0.170s

Metadata:
    allowed_architectures is empty
    allowed_platforms is empty
    description is empty
    has_cleanup = false
    required_configs is empty
    required_disk_space = 0
    required_files is empty
    required_memory = 0
    required_programs is empty
    required_user is empty
    timeout = 300

Standard output:
Executing command [ /bin/sh /usr/tests/bin/sh/parser/heredoc3.0 ]
===> bin/sh/parser/functional_test:heredoc4
Result: passed
Duration: 0.282s

Metadata:
    allowed_architectures is empty
    allowed_platforms is empty
    description is empty
    has_cleanup = false
    required_configs is empty
    required_disk_space = 0
    required_files is empty
    required_memory = 0
    required_programs is empty
    required_user is empty
    timeout = 300

Standard output:
Executing command [ /bin/sh /usr/tests/bin/sh/parser/heredoc4.0 ]
===> bin/sh/parser/functional_test:heredoc5
Result: passed
Duration: 0.205s

Metadata:
    allowed_architectures is empty
    allowed_platforms is empty
    description is empty
    has_cleanup = false
    required_configs is empty
    required_disk_space = 0
    required_files is empty
    required_memory = 0
    required_programs is empty
    required_user is empty
    timeout = 300

Standard output:
Executing command [ /bin/sh /usr/tests/bin/sh/parser/heredoc5.0 ]
===> bin/sh/parser/functional_test:heredoc6
Result: passed
Duration: 0.109s

Metadata:
    allowed_architectures is empty
    allowed_platforms is empty
    description is empty
    has_cleanup = false
    required_configs is empty
    required_disk_space = 0
    required_files is empty
    required_memory = 0
    required_programs is empty
    required_user is empty
    timeout = 300

Standard output:
Executing command [ /bin/sh /usr/tests/bin/sh/parser/heredoc6.0 ]
===> bin/sh/parser/functional_test:heredoc7
Result: passed
Duration: 0.118s

Metadata:
    allowed_architectures is empty
    allowed_platforms is empty
    description is empty
    has_cleanup = false
    required_configs is empty
    required_disk_space = 0
    required_files is empty
    required_memory = 0
    required_programs is empty
    required_user is empty
    timeout = 300

Standard output:
Executing command [ /bin/sh /usr/tests/bin/sh/parser/heredoc7.0 ]
===> bin/sh/parser/functional_test:heredoc8
Result: passed
Duration: 0.089s

Metadata:
    allowed_architectures is empty
    allowed_platforms is empty
    description is empty
    has_cleanup = false
    required_configs is empty
    required_disk_space = 0
    required_files is empty
    required_memory = 0
    required_programs is empty
    required_user is empty
    timeout = 300

Standard output:
Executing command [ /bin/sh /usr/tests/bin/sh/parser/heredoc8.0 ]
===> bin/sh/parser/functional_test:heredoc9
Result: passed
Duration: 0.287s

Metadata:
    allowed_architectures is empty
    allowed_platforms is empty
    description is empty
    has_cleanup = false
    required_configs is empty
    required_disk_space = 0
    required_files is empty
    required_memory = 0
    required_programs is empty
    required_user is empty
    timeout = 300

Standard output:
Executing command [ /bin/sh /usr/tests/bin/sh/parser/heredoc9.0 ]
===> bin/sh/parser/functional_test:line_cont1
Result: passed
Duration: 0.199s

Metadata:
    allowed_architectures is empty
    allowed_platforms is empty
    description is empty
    has_cleanup = false
    required_configs is empty
    required_disk_space = 0
    required_files is empty
    required_memory = 0
    required_programs is empty
    required_user is empty
    timeout = 300

Standard output:
Executing command [ /bin/sh /usr/tests/bin/sh/parser/line-cont1.0 ]
===> bin/sh/parser/functional_test:line_cont10
Result: passed
Duration: 0.157s

Metadata:
    allowed_architectures is empty
    allowed_platforms is empty
    description is empty
    has_cleanup = false
    required_configs is empty
    required_disk_space = 0
    required_files is empty
    required_memory = 0
    required_programs is empty
    required_user is empty
    timeout = 300

Standard output:
Executing command [ /bin/sh /usr/tests/bin/sh/parser/line-cont10.0 ]
===> bin/sh/parser/functional_test:line_cont11
Result: passed
Duration: 0.150s

Metadata:
    allowed_architectures is empty
    allowed_platforms is empty
    description is empty
    has_cleanup = false
    required_configs is empty
    required_disk_space = 0
    required_files is empty
    required_memory = 0
    required_programs is empty
    required_user is empty
    timeout = 300

Standard output:
Executing command [ /bin/sh /usr/tests/bin/sh/parser/line-cont11.0 ]
===> bin/sh/parser/functional_test:line_cont2
Result: passed
Duration: 0.149s

Metadata:
    allowed_architectures is empty
    allowed_platforms is empty
    description is empty
    has_cleanup = false
    required_configs is empty
    required_disk_space = 0
    required_files is empty
    required_memory = 0
    required_programs is empty
    required_user is empty
    timeout = 300

Standard output:
Executing command [ /bin/sh /usr/tests/bin/sh/parser/line-cont2.0 ]
===> bin/sh/parser/functional_test:line_cont3
Result: passed
Duration: 0.118s

Metadata:
    allowed_architectures is empty
    allowed_platforms is empty
    description is empty
    has_cleanup = false
    required_configs is empty
    required_disk_space = 0
    required_files is empty
    required_memory = 0
    required_programs is empty
    required_user is empty
    timeout = 300

Standard output:
Executing command [ /bin/sh /usr/tests/bin/sh/parser/line-cont3.0 ]
===> bin/sh/parser/functional_test:line_cont4
Result: passed
Duration: 0.108s

Metadata:
    allowed_architectures is empty
    allowed_platforms is empty
    description is empty
    has_cleanup = false
    required_configs is empty
    required_disk_space = 0
    required_files is empty
    required_memory = 0
    required_programs is empty
    required_user is empty
    timeout = 300

Standard output:
Executing command [ /bin/sh /usr/tests/bin/sh/parser/line-cont4.0 ]
===> bin/sh/parser/functional_test:line_cont5
Result: passed
Duration: 0.152s

Metadata:
    allowed_architectures is empty
    allowed_platforms is empty
    description is empty
    has_cleanup = false
    required_configs is empty
    required_disk_space = 0
    required_files is empty
    required_memory = 0
    required_programs is empty
    required_user is empty
    timeout = 300

Standard output:
Executing command [ /bin/sh /usr/tests/bin/sh/parser/line-cont5.0 ]
===> bin/sh/parser/functional_test:line_cont6
Result: passed
Duration: 0.092s

Metadata:
    allowed_architectures is empty
    allowed_platforms is empty
    description is empty
    has_cleanup = false
    required_configs is empty
    required_disk_space = 0
    required_files is empty
    required_memory = 0
    required_programs is empty
    required_user is empty
    timeout = 300

Standard output:
Executing command [ /bin/sh /usr/tests/bin/sh/parser/line-cont6.0 ]
===> bin/sh/parser/functional_test:line_cont7
Result: passed
Duration: 0.703s

Metadata:
    allowed_architectures is empty
    allowed_platforms is empty
    description is empty
    has_cleanup = false
    required_configs is empty
    required_disk_space = 0
    required_files is empty
    required_memory = 0
    required_programs is empty
    required_user is empty
    timeout = 300

Standard output:
Executing command [ /bin/sh /usr/tests/bin/sh/parser/line-cont7.0 ]
===> bin/sh/parser/functional_test:line_cont8
Result: passed
Duration: 0.130s

Metadata:
    allowed_architectures is empty
    allowed_platforms is empty
    description is empty
    has_cleanup = false
    required_configs is empty
    required_disk_space = 0
    required_files is empty
    required_memory = 0
    required_programs is empty
    required_user is empty
    timeout = 300

Standard output:
Executing command [ /bin/sh /usr/tests/bin/sh/parser/line-cont8.0 ]
===> bin/sh/parser/functional_test:line_cont9
Result: passed
Duration: 0.086s

Metadata:
    allowed_architectures is empty
    allowed_platforms is empty
    description is empty
    has_cleanup = false
    required_configs is empty
    required_disk_space = 0
    required_files is empty
    required_memory = 0
    required_programs is empty
    required_user is empty
    timeout = 300

Standard output:
Executing command [ /bin/sh /usr/tests/bin/sh/parser/line-cont9.0 ]
===> bin/sh/parser/functional_test:no_space1
Result: passed
Duration: 0.116s

Metadata:
    allowed_architectures is empty
    allowed_platforms is empty
    description is empty
    has_cleanup = false
    required_configs is empty
    required_disk_space = 0
    required_files is empty
    required_memory = 0
    required_programs is empty
    required_user is empty
    timeout = 300

Standard output:
Executing command [ /bin/sh /usr/tests/bin/sh/parser/no-space1.0 ]
===> bin/sh/parser/functional_test:no_space2
Result: passed
Duration: 0.086s

Metadata:
    allowed_architectures is empty
    allowed_platforms is empty
    description is empty
    has_cleanup = false
    required_configs is empty
    required_disk_space = 0
    required_files is empty
    required_memory = 0
    required_programs is empty
    required_user is empty
    timeout = 300

Standard output:
Executing command [ /bin/sh /usr/tests/bin/sh/parser/no-space2.0 ]
===> bin/sh/parser/functional_test:only_redir1
Result: passed
Duration: 0.126s

Metadata:
    allowed_architectures is empty
    allowed_platforms is empty
    description is empty
    has_cleanup = false
    required_configs is empty
    required_disk_space = 0
    required_files is empty
    required_memory = 0
    required_programs is empty
    required_user is empty
    timeout = 300

Standard output:
Executing command [ /bin/sh /usr/tests/bin/sh/parser/only-redir1.0 ]
===> bin/sh/parser/functional_test:only_redir2
Result: passed
Duration: 0.119s

Metadata:
    allowed_architectures is empty
    allowed_platforms is empty
    description is empty
    has_cleanup = false
    required_configs is empty
    required_disk_space = 0
    required_files is empty
    required_memory = 0
    required_programs is empty
    required_user is empty
    timeout = 300

Standard output:
Executing command [ /bin/sh /usr/tests/bin/sh/parser/only-redir2.0 ]
===> bin/sh/parser/functional_test:only_redir3
Result: passed
Duration: 0.126s

Metadata:
    allowed_architectures is empty
    allowed_platforms is empty
    description is empty
    has_cleanup = false
    required_configs is empty
    required_disk_space = 0
    required_files is empty
    required_memory = 0
    required_programs is empty
    required_user is empty
    timeout = 300

Standard output:
Executing command [ /bin/sh /usr/tests/bin/sh/parser/only-redir3.0 ]
===> bin/sh/parser/functional_test:only_redir4
Result: passed
Duration: 0.248s

Metadata:
    allowed_architectures is empty
    allowed_platforms is empty
    description is empty
    has_cleanup = false
    required_configs is empty
    required_disk_space = 0
    required_files is empty
    required_memory = 0
    required_programs is empty
    required_user is empty
    timeout = 300

Standard output:
Executing command [ /bin/sh /usr/tests/bin/sh/parser/only-redir4.0 ]
===> bin/sh/parser/functional_test:pipe_not1
Result: passed
Duration: 0.203s

Metadata:
    allowed_architectures is empty
    allowed_platforms is empty
    description is empty
    has_cleanup = false
    required_configs is empty
    required_disk_space = 0
    required_files is empty
    required_memory = 0
    required_programs is empty
    required_user is empty
    timeout = 300

Standard output:
Executing command [ /bin/sh /usr/tests/bin/sh/parser/pipe-not1.0 ]
===> bin/sh/parser/functional_test:var_assign1
Result: passed
Duration: 0.308s

Metadata:
    allowed_architectures is empty
    allowed_platforms is empty
    description is empty
    has_cleanup = false
    required_configs is empty
    required_disk_space = 0
    required_files is empty
    required_memory = 0
    required_programs is empty
    required_user is empty
    timeout = 300

Standard output:
Executing command [ /bin/sh /usr/tests/bin/sh/parser/var-assign1.0 ]
===> bin/sh/set-e/functional_test:and1
Result: passed
Duration: 0.180s

Metadata:
    allowed_architectures is empty
    allowed_platforms is empty
    description is empty
    has_cleanup = false
    required_configs is empty
    required_disk_space = 0
    required_files is empty
    required_memory = 0
    required_programs is empty
    required_user is empty
    timeout = 300

Standard output:
Executing command [ /bin/sh /usr/tests/bin/sh/set-e/and1.0 ]
===> bin/sh/set-e/functional_test:and2
Result: passed
Duration: 0.137s

Metadata:
    allowed_architectures is empty
    allowed_platforms is empty
    description is empty
    has_cleanup = false
    required_configs is empty
    required_disk_space = 0
    required_files is empty
    required_memory = 0
    required_programs is empty
    required_user is empty
    timeout = 300

Standard output:
Executing command [ /bin/sh /usr/tests/bin/sh/set-e/and2.1 ]
===> bin/sh/set-e/functional_test:and3
Result: passed
Duration: 0.107s

Metadata:
    allowed_architectures is empty
    allowed_platforms is empty
    description is empty
    has_cleanup = false
    required_configs is empty
    required_disk_space = 0
    required_files is empty
    required_memory = 0
    required_programs is empty
    required_user is empty
    timeout = 300

Standard output:
Executing command [ /bin/sh /usr/tests/bin/sh/set-e/and3.0 ]
===> bin/sh/set-e/functional_test:and4
Result: passed
Duration: 0.106s

Metadata:
    allowed_architectures is empty
    allowed_platforms is empty
    description is empty
    has_cleanup = false
    required_configs is empty
    required_disk_space = 0
    required_files is empty
    required_memory = 0
    required_programs is empty
    required_user is empty
    timeout = 300

Standard output:
Executing command [ /bin/sh /usr/tests/bin/sh/set-e/and4.0 ]
===> bin/sh/set-e/functional_test:background1
Result: passed
Duration: 0.137s

Metadata:
    allowed_architectures is empty
    allowed_platforms is empty
    description is empty
    has_cleanup = false
    required_configs is empty
    required_disk_space = 0
    required_files is empty
    required_memory = 0
    required_programs is empty
    required_user is empty
    timeout = 300

Standard output:
Executing command [ /bin/sh /usr/tests/bin/sh/set-e/background1.0 ]
===> bin/sh/set-e/functional_test:cmd1
Result: passed
Duration: 0.133s

Metadata:
    allowed_architectures is empty
    allowed_platforms is empty
    description is empty
    has_cleanup = false
    required_configs is empty
    required_disk_space = 0
    required_files is empty
    required_memory = 0
    required_programs is empty
    required_user is empty
    timeout = 300

Standard output:
Executing command [ /bin/sh /usr/tests/bin/sh/set-e/cmd1.0 ]
===> bin/sh/set-e/functional_test:cmd2
Result: passed
Duration: 0.743s

Metadata:
    allowed_architectures is empty
    allowed_platforms is empty
    description is empty
    has_cleanup = false
    required_configs is empty
    required_disk_space = 0
    required_files is empty
    required_memory = 0
    required_programs is empty
    required_user is empty
    timeout = 300

Standard output:
Executing command [ /bin/sh /usr/tests/bin/sh/set-e/cmd2.1 ]
===> bin/sh/set-e/functional_test:elif1
Result: passed
Duration: 1.459s

Metadata:
    allowed_architectures is empty
    allowed_platforms is empty
    description is empty
    has_cleanup = false
    required_configs is empty
    required_disk_space = 0
    required_files is empty
    required_memory = 0
    required_programs is empty
    required_user is empty
    timeout = 300

Standard output:
Executing command [ /bin/sh /usr/tests/bin/sh/set-e/elif1.0 ]
===> bin/sh/set-e/functional_test:elif2
Result: passed
Duration: 0.527s

Metadata:
    allowed_architectures is empty
    allowed_platforms is empty
    description is empty
    has_cleanup = false
    required_configs is empty
    required_disk_space = 0
    required_files is empty
    required_memory = 0
    required_programs is empty
    required_user is empty
    timeout = 300

Standard output:
Executing command [ /bin/sh /usr/tests/bin/sh/set-e/elif2.0 ]
===> bin/sh/set-e/functional_test:eval1
Result: passed
Duration: 0.344s

Metadata:
    allowed_architectures is empty
    allowed_platforms is empty
    description is empty
    has_cleanup = false
    required_configs is empty
    required_disk_space = 0
    required_files is empty
    required_memory = 0
    required_programs is empty
    required_user is empty
    timeout = 300

Standard output:
Executing command [ /bin/sh /usr/tests/bin/sh/set-e/eval1.0 ]
===> bin/sh/set-e/functional_test:eval2
Result: passed
Duration: 0.143s

Metadata:
    allowed_architectures is empty
    allowed_platforms is empty
    description is empty
    has_cleanup = false
    required_configs is empty
    required_disk_space = 0
    required_files is empty
    required_memory = 0
    required_programs is empty
    required_user is empty
    timeout = 300

Standard output:
Executing command [ /bin/sh /usr/tests/bin/sh/set-e/eval2.1 ]
===> bin/sh/set-e/functional_test:for1
Result: passed
Duration: 0.214s

Metadata:
    allowed_architectures is empty
    allowed_platforms is empty
    description is empty
    has_cleanup = false
    required_configs is empty
    required_disk_space = 0
    required_files is empty
    required_memory = 0
    required_programs is empty
    required_user is empty
    timeout = 300

Standard output:
Executing command [ /bin/sh /usr/tests/bin/sh/set-e/for1.0 ]
===> bin/sh/set-e/functional_test:func1
Result: passed
Duration: 0.326s

Metadata:
    allowed_architectures is empty
    allowed_platforms is empty
    description is empty
    has_cleanup = false
    required_configs is empty
    required_disk_space = 0
    required_files is empty
    required_memory = 0
    required_programs is empty
    required_user is empty
    timeout = 300

Standard output:
Executing command [ /bin/sh /usr/tests/bin/sh/set-e/func1.0 ]
===> bin/sh/set-e/functional_test:func2
Result: passed
Duration: 0.339s

Metadata:
    allowed_architectures is empty
    allowed_platforms is empty
    description is empty
    has_cleanup = false
    required_configs is empty
    required_disk_space = 0
    required_files is empty
    required_memory = 0
    required_programs is empty
    required_user is empty
    timeout = 300

Standard output:
Executing command [ /bin/sh /usr/tests/bin/sh/set-e/func2.1 ]
===> bin/sh/set-e/functional_test:if1
Result: passed
Duration: 0.171s

Metadata:
    allowed_architectures is empty
    allowed_platforms is empty
    description is empty
    has_cleanup = false
    required_configs is empty
    required_disk_space = 0
    required_files is empty
    required_memory = 0
    required_programs is empty
    required_user is empty
    timeout = 300

Standard output:
Executing command [ /bin/sh /usr/tests/bin/sh/set-e/if1.0 ]
===> bin/sh/set-e/functional_test:if2
Result: passed
Duration: 0.185s

Metadata:
    allowed_architectures is empty
    allowed_platforms is empty
    description is empty
    has_cleanup = false
    required_configs is empty
    required_disk_space = 0
    required_files is empty
    required_memory = 0
    required_programs is empty
    required_user is empty
    timeout = 300

Standard output:
Executing command [ /bin/sh /usr/tests/bin/sh/set-e/if2.0 ]
===> bin/sh/set-e/functional_test:if3
Result: passed
Duration: 0.177s

Metadata:
    allowed_architectures is empty
    allowed_platforms is empty
    description is empty
    has_cleanup = false
    required_configs is empty
    required_disk_space = 0
    required_files is empty
    required_memory = 0
    required_programs is empty
    required_user is empty
    timeout = 300

Standard output:
Executing command [ /bin/sh /usr/tests/bin/sh/set-e/if3.0 ]
===> bin/sh/set-e/functional_test:not1
Result: passed
Duration: 0.112s

Metadata:
    allowed_architectures is empty
    allowed_platforms is empty
    description is empty
    has_cleanup = false
    required_configs is empty
    required_disk_space = 0
    required_files is empty
    required_memory = 0
    required_programs is empty
    required_user is empty
    timeout = 300

Standard output:
Executing command [ /bin/sh /usr/tests/bin/sh/set-e/not1.0 ]
===> bin/sh/set-e/functional_test:not2
Result: passed
Duration: 0.129s

Metadata:
    allowed_architectures is empty
    allowed_platforms is empty
    description is empty
    has_cleanup = false
    required_configs is empty
    required_disk_space = 0
    required_files is empty
    required_memory = 0
    required_programs is empty
    required_user is empty
    timeout = 300

Standard output:
Executing command [ /bin/sh /usr/tests/bin/sh/set-e/not2.0 ]
===> bin/sh/set-e/functional_test:or1
Result: passed
Duration: 0.170s

Metadata:
    allowed_architectures is empty
    allowed_platforms is empty
    description is empty
    has_cleanup = false
    required_configs is empty
    required_disk_space = 0
    required_files is empty
    required_memory = 0
    required_programs is empty
    required_user is empty
    timeout = 300

Standard output:
Executing command [ /bin/sh /usr/tests/bin/sh/set-e/or1.0 ]
===> bin/sh/set-e/functional_test:or2
Result: passed
Duration: 0.153s

Metadata:
    allowed_architectures is empty
    allowed_platforms is empty
    description is empty
    has_cleanup = false
    required_configs is empty
    required_disk_space = 0
    required_files is empty
    required_memory = 0
    required_programs is empty
    required_user is empty
    timeout = 300

Standard output:
Executing command [ /bin/sh /usr/tests/bin/sh/set-e/or2.0 ]
===> bin/sh/set-e/functional_test:or3
Result: passed
Duration: 0.588s

Metadata:
    allowed_architectures is empty
    allowed_platforms is empty
    description is empty
    has_cleanup = false
    required_configs is empty
    required_disk_space = 0
    required_files is empty
    required_memory = 0
    required_programs is empty
    required_user is empty
    timeout = 300

Standard output:
Executing command [ /bin/sh /usr/tests/bin/sh/set-e/or3.1 ]
===> bin/sh/set-e/functional_test:pipe1
Result: passed
Duration: 0.660s

Metadata:
    allowed_architectures is empty
    allowed_platforms is empty
    description is empty
    has_cleanup = false
    required_configs is empty
    required_disk_space = 0
    required_files is empty
    required_memory = 0
    required_programs is empty
    required_user is empty
    timeout = 300

Standard output:
Executing command [ /bin/sh /usr/tests/bin/sh/set-e/pipe1.1 ]
===> bin/sh/set-e/functional_test:pipe2
Result: passed
Duration: 0.453s

Metadata:
    allowed_architectures is empty
    allowed_platforms is empty
    description is empty
    has_cleanup = false
    required_configs is empty
    required_disk_space = 0
    required_files is empty
    required_memory = 0
    required_programs is empty
    required_user is empty
    timeout = 300

Standard output:
Executing command [ /bin/sh /usr/tests/bin/sh/set-e/pipe2.0 ]
===> bin/sh/set-e/functional_test:return1
Result: passed
Duration: 0.616s

Metadata:
    allowed_architectures is empty
    allowed_platforms is empty
    description is empty
    has_cleanup = false
    required_configs is empty
    required_disk_space = 0
    required_files is empty
    required_memory = 0
    required_programs is empty
    required_user is empty
    timeout = 300

Standard output:
Executing command [ /bin/sh /usr/tests/bin/sh/set-e/return1.0 ]
===> bin/sh/set-e/functional_test:semi1
Result: passed
Duration: 0.200s

Metadata:
    allowed_architectures is empty
    allowed_platforms is empty
    description is empty
    has_cleanup = false
    required_configs is empty
    required_disk_space = 0
    required_files is empty
    required_memory = 0
    required_programs is empty
    required_user is empty
    timeout = 300

Standard output:
Executing command [ /bin/sh /usr/tests/bin/sh/set-e/semi1.1 ]
===> bin/sh/set-e/functional_test:semi2
Result: passed
Duration: 0.315s

Metadata:
    allowed_architectures is empty
    allowed_platforms is empty
    description is empty
    has_cleanup = false
    required_configs is empty
    required_disk_space = 0
    required_files is empty
    required_memory = 0
    required_programs is empty
    required_user is empty
    timeout = 300

Standard output:
Executing command [ /bin/sh /usr/tests/bin/sh/set-e/semi2.1 ]
===> bin/sh/set-e/functional_test:subshell1
Result: passed
Duration: 0.310s

Metadata:
    allowed_architectures is empty
    allowed_platforms is empty
    description is empty
    has_cleanup = false
    required_configs is empty
    required_disk_space = 0
    required_files is empty
    required_memory = 0
    required_programs is empty
    required_user is empty
    timeout = 300

Standard output:
Executing command [ /bin/sh /usr/tests/bin/sh/set-e/subshell1.0 ]
===> bin/sh/set-e/functional_test:subshell2
Result: passed
Duration: 0.344s

Metadata:
    allowed_architectures is empty
    allowed_platforms is empty
    description is empty
    has_cleanup = false
    required_configs is empty
    required_disk_space = 0
    required_files is empty
    required_memory = 0
    required_programs is empty
    required_user is empty
    timeout = 300

Standard output:
Executing command [ /bin/sh /usr/tests/bin/sh/set-e/subshell2.1 ]
===> bin/sh/set-e/functional_test:until1
Result: passed
Duration: 0.417s

Metadata:
    allowed_architectures is empty
    allowed_platforms is empty
    description is empty
    has_cleanup = false
    required_configs is empty
    required_disk_space = 0
    required_files is empty
    required_memory = 0
    required_programs is empty
    required_user is empty
    timeout = 300

Standard output:
Executing command [ /bin/sh /usr/tests/bin/sh/set-e/until1.0 ]
===> bin/sh/set-e/functional_test:until2
Result: passed
Duration: 0.227s

Metadata:
    allowed_architectures is empty
    allowed_platforms is empty
    description is empty
    has_cleanup = false
    required_configs is empty
    required_disk_space = 0
    required_files is empty
    required_memory = 0
    required_programs is empty
    required_user is empty
    timeout = 300

Standard output:
Executing command [ /bin/sh /usr/tests/bin/sh/set-e/until2.0 ]
===> bin/sh/set-e/functional_test:until3
Result: passed
Duration: 0.133s

Metadata:
    allowed_architectures is empty
    allowed_platforms is empty
    description is empty
    has_cleanup = false
    required_configs is empty
    required_disk_space = 0
    required_files is empty
    required_memory = 0
    required_programs is empty
    required_user is empty
    timeout = 300

Standard output:
Executing command [ /bin/sh /usr/tests/bin/sh/set-e/until3.0 ]
===> bin/sh/set-e/functional_test:while1
Result: passed
Duration: 0.240s

Metadata:
    allowed_architectures is empty
    allowed_platforms is empty
    description is empty
    has_cleanup = false
    required_configs is empty
    required_disk_space = 0
    required_files is empty
    required_memory = 0
    required_programs is empty
    required_user is empty
    timeout = 300

Standard output:
Executing command [ /bin/sh /usr/tests/bin/sh/set-e/while1.0 ]
===> bin/sh/set-e/functional_test:while2
Result: passed
Duration: 0.121s

Metadata:
    allowed_architectures is empty
    allowed_platforms is empty
    description is empty
    has_cleanup = false
    required_configs is empty
    required_disk_space = 0
    required_files is empty
    required_memory = 0
    required_programs is empty
    required_user is empty
    timeout = 300

Standard output:
Executing command [ /bin/sh /usr/tests/bin/sh/set-e/while2.0 ]
===> bin/sh/set-e/functional_test:while3
Result: passed
Duration: 0.113s

Metadata:
    allowed_architectures is empty
    allowed_platforms is empty
    description is empty
    has_cleanup = false
    required_configs is empty
    required_disk_space = 0
    required_files is empty
    required_memory = 0
    required_programs is empty
    required_user is empty
    timeout = 300

Standard output:
Executing command [ /bin/sh /usr/tests/bin/sh/set-e/while3.0 ]
===> bin/sleep/sleep_test:fraction
Result: passed
Duration: 1.482s

Metadata:
    allowed_architectures is empty
    allowed_platforms is empty
    description = Test that sleep(1) handles fractions of a second (PR bin/3914)
    has_cleanup = false
    required_configs is empty
    required_disk_space = 0
    required_files is empty
    required_memory = 0
    required_programs is empty
    required_user is empty
    timeout = 300

Standard output:
Executing command [ /bin/sh -c sleep 0.1 ]
Executing command [ /bin/sh -c sleep 0.2 ]
Executing command [ /bin/sh -c sleep 0.3 ]
===> bin/sleep/sleep_test:hex
Result: passed
Duration: 1.408s

Metadata:
    allowed_architectures is empty
    allowed_platforms is empty
    description = Test that sleep(1) handles hexadecimal arguments
    has_cleanup = false
    required_configs is empty
    required_disk_space = 0
    required_files is empty
    required_memory = 0
    required_programs is empty
    required_user is empty
    timeout = 300

Standard output:
Executing command [ /bin/sh -c sleep 0x01 ]
===> bin/sleep/sleep_test:nonnumeric
Result: passed
Duration: 0.183s

Metadata:
    allowed_architectures is empty
    allowed_platforms is empty
    description = Test that sleep(1) errors out with non-numeric argument (PR bin/27140)
    has_cleanup = false
    required_configs is empty
    required_disk_space = 0
    required_files is empty
    required_memory = 0
    required_programs is empty
    required_user is empty
    timeout = 300

Standard output:
Executing command [ /bin/sh -c sleep xyz ]
Executing command [ /bin/sh -c sleep x21 ]
Executing command [ /bin/sh -c sleep  /3 ]
===> bin/test/legacy_test:main
Result: passed
Duration: 0.885s

Metadata:
    allowed_architectures is empty
    allowed_platforms is empty
    description is empty
    has_cleanup = false
    required_configs is empty
    required_disk_space = 0
    required_files is empty
    required_memory = 0
    required_programs is empty
    required_user = unprivileged
    timeout = 300

Standard output:
1..130
ok 1 b = b
ok 2 b == b
ok 3 b != b
ok 4 \( b = b \)
ok 5 \( b == b \)
ok 6 ! \( b = b \)
ok 7 ! \( b == b \)
ok 8 ! -f /etc/passwd
ok 9 -h = -h
ok 10 -o = -o
ok 11 -f = h
ok 12 -h = f
ok 13 -o = f
ok 14 f = -o
ok 15 \( -h = -h \)
ok 16 \( a = -h \)
ok 17 \( -f = h \)
ok 18 -h = -h -o a
ok 19 \( -h = -h \) -o 1
ok 20 -h = -h -o -h = -h
ok 21 \( -h = -h \) -o \( -h = -h \)
ok 22 roedelheim = roedelheim
ok 23 potsdam = berlin-dahlem
ok 24 -d /
ok 25 -d / -a a != b
ok 26 -z "-z"
ok 27 -n -n
ok 28 0
ok 29 \( 0 \)
ok 30 -E
ok 31 -X -a -X
ok 32 -XXX
ok 33 \( -E \)
ok 34 true -o X
ok 35 true -o -X
ok 36 \( \( \( a = a \) -o 1 \) -a 1 \) -a true
ok 37 -h /
ok 38 -r /
ok 39 -w /
ok 40 -x /bin/sh
ok 41 -c /dev/null
ok 42 -f /etc/passwd
ok 43 -s /etc/passwd
ok 44 ! \( 700 -le 1000 -a -n "1" -a "20" = "20" \)
ok 45 100 -eq 100
ok 46 100 -lt 200
ok 47 1000 -lt 200
ok 48 1000 -gt 200
ok 49 1000 -ge 200
ok 50 1000 -ge 1000
ok 51 2 -ne 2
ok 52 0 -eq 0
ok 53 -5 -eq 5
ok 54 \( 0 -eq 0 \)
ok 55 1 -eq 0 -o a = a -a 1 -eq 0 -o a = aa
ok 56 "" -o ""
ok 57 "" -a ""
ok 58 "a" -a ""
ok 59 "a" -a ! ""
ok 60 ""
ok 61 ! ""
ok 62 !
ok 63 \(
ok 64 \)
ok 65 \( = \)
ok 66 \( != \)
ok 67 \( ! \)
ok 68 \( \( \)
ok 69 \( \) \)
ok 70 ! = !
ok 71 ! != !
ok 72 -n = \)
ok 73 ! != \)
ok 74 ! = a
ok 75 ! != -n
ok 76 ! -c /etc/passwd
ok 77 ! = = =
ok 78 ! = = \)
ok 79 ! "" -o ""
ok 80 ! "x" -o ""
ok 81 ! "" -o "x"
ok 82 ! "x" -o "x"
ok 83 \( -f /etc/passwd \)
ok 84 \( ! "" \)
ok 85 \( ! -e \)
ok 86 0 -eq 0 -a -d /
ok 87 -s = "" -o "" = ""
ok 88 "" = "" -o -s = ""
ok 89 -s = "" -o -s = ""
ok 90 -z x -o x = "#" -o x = x
ok 91 -z y -o y = "#" -o y = x
ok 92 0 -ne 0 -o ! -f /
ok 93 1 -ne 0 -o ! -f /etc/passwd
ok 94 0 -ne 0 -o ! -f /etc/passwd
ok 95 -n =
ok 96 -z =
ok 97 ! =
ok 98 -n -eq
ok 99 -z -eq
ok 100 ! -eq
ok 101 -n -a
ok 102 -z -a
ok 103 ! -a
ok 104 -n -o
ok 105 -z -o
ok 106 ! -o
ok 107 ! -n =
ok 108 ! -z =
ok 109 ! ! =
ok 110 ! -n -eq
ok 111 ! -z -eq
ok 112 ! ! -eq
ok 113 ! -n -a
ok 114 ! -z -a
ok 115 ! ! -a
ok 116 ! -n -o
ok 117 ! -z -o
ok 118 ! ! -o
ok 119 \( -n = \)
ok 120 \( -z = \)
ok 121 \( ! = \)
ok 122 \( -n -eq \)
ok 123 \( -z -eq \)
ok 124 \( ! -eq \)
ok 125 \( -n -a \)
ok 126 \( -z -a \)
ok 127 \( ! -a \)
ok 128 \( -n -o \)
ok 129 \( -z -o \)
ok 130 \( ! -o \)
===> etc/rc.d/routing_test:static_ipv6_loopback_route_for_each_fib
Result: skipped: Required configuration property 'fibs' not defined
Duration: 0.000s

Metadata:
    allowed_architectures is empty
    allowed_platforms is empty
    description = Every FIB should have a static IPv6 loopback route
    has_cleanup = true
    required_configs = fibs
    required_disk_space = 0
    required_files is empty
    required_memory = 0
    required_programs = sysrc
    required_user = root
    timeout = 300
===> gnu/usr.bin/diff/diff_test:mallocv
Result: passed
Duration: 0.180s

Metadata:
    allowed_architectures is empty
    allowed_platforms is empty
    description = Test diff(1) with MALLOC_OPTIONS=V (cf. PR bin/26453)
    has_cleanup = false
    required_configs is empty
    required_disk_space = 0
    required_files is empty
    required_memory = 0
    required_programs is empty
    required_user is empty
    timeout = 300

Standard output:
Executing command [ /bin/sh -c env MALLOC_OPTIONS=V diff  /usr/tests/gnu/usr.bin/diff/d_mallocv1.in /usr/tests/gnu/usr.bin/diff/d_mallocv2.in ]
===> gnu/usr.bin/diff/diff_test:nomallocv
Result: passed
Duration: 0.061s

Metadata:
    allowed_architectures is empty
    allowed_platforms is empty
    description = Test diff(1) with no MALLOC_OPTIONS=V
    has_cleanup = false
    required_configs is empty
    required_disk_space = 0
    required_files is empty
    required_memory = 0
    required_programs is empty
    required_user is empty
    timeout = 300

Standard output:
Executing command [ /bin/sh -c diff  /usr/tests/gnu/usr.bin/diff/d_mallocv1.in /usr/tests/gnu/usr.bin/diff/d_mallocv2.in ]
===> gnu/usr.bin/diff/diff_test:same
Result: passed
Duration: 0.264s

Metadata:
    allowed_architectures is empty
    allowed_platforms is empty
    description = Test diff(1) with identical files
    has_cleanup = false
    required_configs is empty
    required_disk_space = 0
    required_files is empty
    required_memory = 0
    required_programs is empty
    required_user is empty
    timeout = 300

Standard output:
Executing command [ /bin/sh -c diff /usr/tests/gnu/usr.bin/diff/diff_test /usr/tests/gnu/usr.bin/diff/diff_test ]
===> lib/atf/libatf-c++/atf_c++_test:include
Result: passed
Duration: 2.217s

Metadata:
    allowed_architectures is empty
    allowed_platforms is empty
    description = Tests that the atf-c++.hpp file can be included on its own, without any prerequisites
    has_cleanup = false
    required_configs is empty
    required_disk_space = 0
    required_files is empty
    required_memory = 0
    required_programs is empty
    required_user is empty
    timeout = 300

Standard output:
> c++ -O2 -pipe -DHAVE_CONFIG_H -I/usr/include -Wall -Werror -o test.o -c test.cpp
===> lib/atf/libatf-c++/build_test:c_o
Result: passed
Duration: 0.700s

Metadata:
    allowed_architectures is empty
    allowed_platforms is empty
    description = Tests the c_o function
    has_cleanup = false
    required_configs is empty
    required_disk_space = 0
    required_files is empty
    required_memory = 0
    required_programs is empty
    required_user is empty
    timeout = 300

Standard output:
> Test: No flags
Setting ATF_BUILD_CC to 'cc'
Setting ATF_BUILD_CFLAGS to ''
Setting ATF_BUILD_CPPFLAGS to ''
Expected arguments: 'cc' '-o' 'test.o' '-c' 'test.c'
Arguments returned: 'cc' '-o' 'test.o' '-c' 'test.c'
> Test: Multi-word program name
Setting ATF_BUILD_CC to 'cc -foo'
Setting ATF_BUILD_CFLAGS to ''
Setting ATF_BUILD_CPPFLAGS to ''
Expected arguments: 'cc' '-foo' '-o' 'test.o' '-c' 'test.c'
Arguments returned: 'cc' '-foo' '-o' 'test.o' '-c' 'test.c'
> Test: Some cflags
Setting ATF_BUILD_CC to 'cc'
Setting ATF_BUILD_CFLAGS to '-f1 -f2    -f3 -f4-f5'
Setting ATF_BUILD_CPPFLAGS to ''
Expected arguments: 'cc' '-f1' '-f2' '-f3' '-f4-f5' '-o' 'test.o' '-c' 'test.c'
Arguments returned: 'cc' '-f1' '-f2' '-f3' '-f4-f5' '-o' 'test.o' '-c' 'test.c'
> Test: Some cppflags
Setting ATF_BUILD_CC to 'cc'
Setting ATF_BUILD_CFLAGS to ''
Setting ATF_BUILD_CPPFLAGS to '-f1 -f2    -f3 -f4-f5'
Expected arguments: 'cc' '-f1' '-f2' '-f3' '-f4-f5' '-o' 'test.o' '-c' 'test.c'
Arguments returned: 'cc' '-f1' '-f2' '-f3' '-f4-f5' '-o' 'test.o' '-c' 'test.c'
> Test: Some cflags and cppflags
Setting ATF_BUILD_CC to 'cc'
Setting ATF_BUILD_CFLAGS to '-f2'
Setting ATF_BUILD_CPPFLAGS to '-f1'
Expected arguments: 'cc' '-f1' '-f2' '-o' 'test.o' '-c' 'test.c'
Arguments returned: 'cc' '-f1' '-f2' '-o' 'test.o' '-c' 'test.c'
> Test: Some optional arguments
Setting ATF_BUILD_CC to 'cc'
Setting ATF_BUILD_CFLAGS to ''
Setting ATF_BUILD_CPPFLAGS to ''
Expected arguments: 'cc' '-o1' '-o2' '-o' 'test.o' '-c' 'test.c'
Arguments returned: 'cc' '-o1' '-o2' '-o' 'test.o' '-c' 'test.c'
> Test: Some cflags, cppflags and optional arguments
Setting ATF_BUILD_CC to 'cc'
Setting ATF_BUILD_CFLAGS to '-f2'
Setting ATF_BUILD_CPPFLAGS to '-f1'
Expected arguments: 'cc' '-f1' '-f2' '-o1' '-o2' '-o' 'test.o' '-c' 'test.c'
Arguments returned: 'cc' '-f1' '-f2' '-o1' '-o2' '-o' 'test.o' '-c' 'test.c'
===> lib/atf/libatf-c++/build_test:cpp
Result: passed
Duration: 0.413s

Metadata:
    allowed_architectures is empty
    allowed_platforms is empty
    description = Tests the cpp function
    has_cleanup = false
    required_configs is empty
    required_disk_space = 0
    required_files is empty
    required_memory = 0
    required_programs is empty
    required_user is empty
    timeout = 300

Standard output:
> Test: No flags
Setting ATF_BUILD_CPP to 'cpp'
Setting ATF_BUILD_CPPFLAGS to ''
Expected arguments: 'cpp' '-o' 'test.out' 'test.c'
Arguments returned: 'cpp' '-o' 'test.out' 'test.c'
> Test: Multi-word program name
Setting ATF_BUILD_CPP to 'cpp -foo'
Setting ATF_BUILD_CPPFLAGS to ''
Expected arguments: 'cpp' '-foo' '-o' 'test.out' 'test.c'
Arguments returned: 'cpp' '-foo' '-o' 'test.out' 'test.c'
> Test: Some cppflags
Setting ATF_BUILD_CPP to 'cpp'
Setting ATF_BUILD_CPPFLAGS to '-f1 -f2    -f3 -f4-f5'
Expected arguments: 'cpp' '-f1' '-f2' '-f3' '-f4-f5' '-o' 'test.out' 'test.c'
Arguments returned: 'cpp' '-f1' '-f2' '-f3' '-f4-f5' '-o' 'test.out' 'test.c'
> Test: Some optional arguments
Setting ATF_BUILD_CPP to 'cpp'
Setting ATF_BUILD_CPPFLAGS to ''
Expected arguments: 'cpp' '-o1' '-o2' '-o' 'test.out' 'test.c'
Arguments returned: 'cpp' '-o1' '-o2' '-o' 'test.out' 'test.c'
> Test: Some cppflags and optional arguments
Setting ATF_BUILD_CPP to 'cpp'
Setting ATF_BUILD_CPPFLAGS to '-f1'
Expected arguments: 'cpp' '-f1' '-o1' '-o2' '-o' 'test.out' 'test.c'
Arguments returned: 'cpp' '-f1' '-o1' '-o2' '-o' 'test.out' 'test.c'
===> lib/atf/libatf-c++/build_test:cxx_o
Result: passed
Duration: 1.033s

Metadata:
    allowed_architectures is empty
    allowed_platforms is empty
    description = Tests the cxx_o function
    has_cleanup = false
    required_configs is empty
    required_disk_space = 0
    required_files is empty
    required_memory = 0
    required_programs is empty
    required_user is empty
    timeout = 300

Standard output:
> Test: No flags
Setting ATF_BUILD_CXX to 'c++'
Setting ATF_BUILD_CXXFLAGS to ''
Setting ATF_BUILD_CPPFLAGS to ''
Expected arguments: 'c++' '-o' 'test.o' '-c' 'test.c'
Arguments returned: 'c++' '-o' 'test.o' '-c' 'test.c'
> Test: Multi-word program name
Setting ATF_BUILD_CXX to 'c++ -foo'
Setting ATF_BUILD_CXXFLAGS to ''
Setting ATF_BUILD_CPPFLAGS to ''
Expected arguments: 'c++' '-foo' '-o' 'test.o' '-c' 'test.c'
Arguments returned: 'c++' '-foo' '-o' 'test.o' '-c' 'test.c'
> Test: Some cxxflags
Setting ATF_BUILD_CXX to 'c++'
Setting ATF_BUILD_CXXFLAGS to '-f1 -f2    -f3 -f4-f5'
Setting ATF_BUILD_CPPFLAGS to ''
Expected arguments: 'c++' '-f1' '-f2' '-f3' '-f4-f5' '-o' 'test.o' '-c' 'test.c'
Arguments returned: 'c++' '-f1' '-f2' '-f3' '-f4-f5' '-o' 'test.o' '-c' 'test.c'
> Test: Some cppflags
Setting ATF_BUILD_CXX to 'c++'
Setting ATF_BUILD_CXXFLAGS to ''
Setting ATF_BUILD_CPPFLAGS to '-f1 -f2    -f3 -f4-f5'
Expected arguments: 'c++' '-f1' '-f2' '-f3' '-f4-f5' '-o' 'test.o' '-c' 'test.c'
Arguments returned: 'c++' '-f1' '-f2' '-f3' '-f4-f5' '-o' 'test.o' '-c' 'test.c'
> Test: Some cxxflags and cppflags
Setting ATF_BUILD_CXX to 'c++'
Setting ATF_BUILD_CXXFLAGS to '-f2'
Setting ATF_BUILD_CPPFLAGS to '-f1'
Expected arguments: 'c++' '-f1' '-f2' '-o' 'test.o' '-c' 'test.c'
Arguments returned: 'c++' '-f1' '-f2' '-o' 'test.o' '-c' 'test.c'
> Test: Some optional arguments
Setting ATF_BUILD_CXX to 'c++'
Setting ATF_BUILD_CXXFLAGS to ''
Setting ATF_BUILD_CPPFLAGS to ''
Expected arguments: 'c++' '-o1' '-o2' '-o' 'test.o' '-c' 'test.c'
Arguments returned: 'c++' '-o1' '-o2' '-o' 'test.o' '-c' 'test.c'
> Test: Some cxxflags, cppflags and optional arguments
Setting ATF_BUILD_CXX to 'c++'
Setting ATF_BUILD_CXXFLAGS to '-f2'
Setting ATF_BUILD_CPPFLAGS to '-f1'
Expected arguments: 'c++' '-f1' '-f2' '-o1' '-o2' '-o' 'test.o' '-c' 'test.c'
Arguments returned: 'c++' '-f1' '-f2' '-o1' '-o2' '-o' 'test.o' '-c' 'test.c'
===> lib/atf/libatf-c++/build_test:equal_argvs
Result: passed
Duration: 0.777s

Metadata:
    allowed_architectures is empty
    allowed_platforms is empty
    description = Tests the test case internal equal_argvs function
    has_cleanup = false
    required_configs is empty
    required_disk_space = 0
    required_files is empty
    required_memory = 0
    required_programs is empty
    required_user is empty
    timeout = 300
===> lib/atf/libatf-c++/check_test:build_c_o
Result: passed
Duration: 0.222s

Metadata:
    allowed_architectures is empty
    allowed_platforms is empty
    description = Tests the build_c_o function
    has_cleanup = false
    required_configs is empty
    required_disk_space = 0
    required_files is empty
    required_memory = 0
    required_programs is empty
    required_user is empty
    timeout = 300

Standard output:
Looking for '-o test.o' in '> cc -O2 -pipe -DHAVE_CONFIG_H -o test.o -c test.c'
Looking for '-c test.c' in '> cc -O2 -pipe -DHAVE_CONFIG_H -o test.o -c test.c'
Looking for '-o test.o' in '> cc -O2 -pipe -DHAVE_CONFIG_H -o test.o -c test.c'
Looking for '-c test.c' in '> cc -O2 -pipe -DHAVE_CONFIG_H -o test.o -c test.c'
Looking for 'test.c' in 'test.c:1:26: error: use of undeclared identifier 'UNDEFINED_SYMBOL''
Looking for 'UNDEFINED_SYMBOL' in 'test.c:1:26: error: use of undeclared identifier 'UNDEFINED_SYMBOL''
===> lib/atf/libatf-c++/check_test:build_cpp
Result: passed
Duration: 0.089s

Metadata:
    allowed_architectures is empty
    allowed_platforms is empty
    description = Tests the build_cpp function
    has_cleanup = false
    required_configs is empty
    required_disk_space = 0
    required_files is empty
    required_memory = 0
    required_programs is empty
    required_user is empty
    timeout = 300

Standard output:
Looking for '-o.*test.p' in '> cpp -o test.p test.c'
Looking for 'test.c' in '> cpp -o test.p test.c'
Looking for 'foo bar' in '# 1 "test.c"'
Looking for 'foo bar' in '# 1 "<built-in>" 1'
Looking for 'foo bar' in '# 1 "<built-in>" 3'
Looking for 'foo bar' in '# 311 "<built-in>" 3'
Looking for 'foo bar' in '# 1 "<command line>" 1'
Looking for 'foo bar' in '# 1 "<built-in>" 2'
Looking for 'foo bar' in '# 1 "test.c" 2'
Looking for 'foo bar' in ''
Looking for 'foo bar' in ''
Looking for 'foo bar' in 'foo bar'
Looking for '-o test.p' in '> cpp -o test.p test.c'
Looking for 'test.c' in '> cpp -o test.p test.c'
Looking for 'test.c' in 'test.c:1:10: fatal error: './non-existent.h' file not found'
Looking for 'non-existent.h' in 'test.c:1:10: fatal error: './non-existent.h' file not found'
===> lib/atf/libatf-c++/check_test:build_cxx_o
Result: passed
Duration: 1.122s

Metadata:
    allowed_architectures is empty
    allowed_platforms is empty
    description = Tests the build_cxx_o function
    has_cleanup = false
    required_configs is empty
    required_disk_space = 0
    required_files is empty
    required_memory = 0
    required_programs is empty
    required_user is empty
    timeout = 300

Standard output:
Looking for '-o test.o' in '> c++ -O2 -pipe -DHAVE_CONFIG_H -o test.o -c test.cpp'
Looking for '-c test.cpp' in '> c++ -O2 -pipe -DHAVE_CONFIG_H -o test.o -c test.cpp'
Looking for '-o test.o' in '> c++ -O2 -pipe -DHAVE_CONFIG_H -o test.o -c test.cpp'
Looking for '-c test.cpp' in '> c++ -O2 -pipe -DHAVE_CONFIG_H -o test.o -c test.cpp'
Looking for 'test.cpp' in 'test.cpp:1:26: error: use of undeclared identifier 'UNDEFINED_SYMBOL''
Looking for 'UNDEFINED_SYMBOL' in 'test.cpp:1:26: error: use of undeclared identifier 'UNDEFINED_SYMBOL''
===> lib/atf/libatf-c++/check_test:exec_cleanup
Result: passed
Duration: 0.296s

Metadata:
    allowed_architectures is empty
    allowed_platforms is empty
    description = Tests that exec properly cleans up the temporary files it creates
    has_cleanup = false
    required_configs is empty
    required_disk_space = 0
    required_files is empty
    required_memory = 0
    required_programs is empty
    required_user is empty
    timeout = 300

Standard output:
Executing /usr/tests/lib/atf/libatf-c/detail/process_helpers exit-success
===> lib/atf/libatf-c++/check_test:exec_exitstatus
Result: passed
Duration: 0.156s

Metadata:
    allowed_architectures is empty
    allowed_platforms is empty
    description = Tests that exec properly captures the exit status of the executed command
    has_cleanup = false
    required_configs is empty
    required_disk_space = 0
    required_files is empty
    required_memory = 0
    required_programs is empty
    required_user is empty
    timeout = 300

Standard output:
Executing /usr/tests/lib/atf/libatf-c/detail/process_helpers exit-success
Executing /usr/tests/lib/atf/libatf-c/detail/process_helpers exit-failure
Executing /usr/tests/lib/atf/libatf-c/detail/process_helpers exit-signal
===> lib/atf/libatf-c++/check_test:exec_stdout_stderr
Result: passed
Duration: 0.419s

Metadata:
    allowed_architectures is empty
    allowed_platforms is empty
    description = Tests that exec properly captures the stdout and stderr streams of the child process
    has_cleanup = false
    required_configs is empty
    required_disk_space = 0
    required_files is empty
    required_memory = 0
    required_programs is empty
    required_user is empty
    timeout = 300

Standard output:
Executing /usr/tests/lib/atf/libatf-c/detail/process_helpers stdout-stderr result1
Executing /usr/tests/lib/atf/libatf-c/detail/process_helpers stdout-stderr result2
===> lib/atf/libatf-c++/check_test:exec_unknown
Result: passed
Duration: 0.135s

Metadata:
    allowed_architectures is empty
    allowed_platforms is empty
    description = Tests that running a non-existing binary is handled correctly
    has_cleanup = false
    required_configs is empty
    required_disk_space = 0
    required_files is empty
    required_memory = 0
    required_programs is empty
    required_user is empty
    timeout = 300
===> lib/atf/libatf-c++/detail/application_test:getopt
Result: passed
Duration: 0.016s

Metadata:
    allowed_architectures is empty
    allowed_platforms is empty
    description is empty
    has_cleanup = false
    required_configs is empty
    required_disk_space = 0
    required_files is empty
    required_memory = 0
    required_programs is empty
    required_user is empty
    timeout = 300
===> lib/atf/libatf-c++/detail/env_test:get_with_default
Result: passed
Duration: 0.016s

Metadata:
    allowed_architectures is empty
    allowed_platforms is empty
    description = Tests the get function with a default value
    has_cleanup = false
    required_configs is empty
    required_disk_space = 0
    required_files is empty
    required_memory = 0
    required_programs is empty
    required_user is empty
    timeout = 300
===> lib/atf/libatf-c++/detail/env_test:has_get
Result: passed
Duration: 0.016s

Metadata:
    allowed_architectures is empty
    allowed_platforms is empty
    description = Tests the has and get functions
    has_cleanup = false
    required_configs is empty
    required_disk_space = 0
    required_files is empty
    required_memory = 0
    required_programs is empty
    required_user is empty
    timeout = 300
===> lib/atf/libatf-c++/detail/env_test:set
Result: passed
Duration: 0.017s

Metadata:
    allowed_architectures is empty
    allowed_platforms is empty
    description = Tests the set function
    has_cleanup = false
    required_configs is empty
    required_disk_space = 0
    required_files is empty
    required_memory = 0
    required_programs is empty
    required_user is empty
    timeout = 300
===> lib/atf/libatf-c++/detail/env_test:unset
Result: passed
Duration: 0.016s

Metadata:
    allowed_architectures is empty
    allowed_platforms is empty
    description = Tests the unset function
    has_cleanup = false
    required_configs is empty
    required_disk_space = 0
    required_files is empty
    required_memory = 0
    required_programs is empty
    required_user is empty
    timeout = 300
===> lib/atf/libatf-c++/detail/exceptions_test:throw_atf_error_libc
Result: passed
Duration: 0.017s

Metadata:
    allowed_architectures is empty
    allowed_platforms is empty
    description = Tests the throw_atf_error function when raising a libc error
    has_cleanup = false
    required_configs is empty
    required_disk_space = 0
    required_files is empty
    required_memory = 0
    required_programs is empty
    required_user is empty
    timeout = 300
===> lib/atf/libatf-c++/detail/exceptions_test:throw_atf_error_no_memory
Result: passed
Duration: 0.017s

Metadata:
    allowed_architectures is empty
    allowed_platforms is empty
    description = Tests the throw_atf_error function when raising a no_memory error
    has_cleanup = false
    required_configs is empty
    required_disk_space = 0
    required_files is empty
    required_memory = 0
    required_programs is empty
    required_user is empty
    timeout = 300
===> lib/atf/libatf-c++/detail/exceptions_test:throw_atf_error_unknown
Result: passed
Duration: 0.016s

Metadata:
    allowed_architectures is empty
    allowed_platforms is empty
    description = Tests the throw_atf_error function when raising an unknown error
    has_cleanup = false
    required_configs is empty
    required_disk_space = 0
    required_files is empty
    required_memory = 0
    required_programs is empty
    required_user is empty
    timeout = 300
===> lib/atf/libatf-c++/detail/fs_test:directory_file_info
Result: passed
Duration: 0.438s

Metadata:
    allowed_architectures is empty
    allowed_platforms is empty
    description = Tests that the file_info objects attached to the directory are valid
    has_cleanup = false
    required_configs is empty
    required_disk_space = 0
    required_files is empty
    required_memory = 0
    required_programs is empty
    required_user is empty
    timeout = 300
===> lib/atf/libatf-c++/detail/fs_test:directory_names
Result: passed
Duration: 0.033s

Metadata:
    allowed_architectures is empty
    allowed_platforms is empty
    description = Tests the directory's names method
    has_cleanup = false
    required_configs is empty
    required_disk_space = 0
    required_files is empty
    required_memory = 0
    required_programs is empty
    required_user is empty
    timeout = 300
===> lib/atf/libatf-c++/detail/fs_test:directory_read
Result: passed
Duration: 0.022s

Metadata:
    allowed_architectures is empty
    allowed_platforms is empty
    description = Tests the directory class creation, which reads the contents of a directory
    has_cleanup = false
    required_configs is empty
    required_disk_space = 0
    required_files is empty
    required_memory = 0
    required_programs is empty
    required_user is empty
    timeout = 300
===> lib/atf/libatf-c++/detail/fs_test:exists
Result: passed
Duration: 0.023s

Metadata:
    allowed_architectures is empty
    allowed_platforms is empty
    description = Tests the exists function
    has_cleanup = false
    required_configs is empty
    required_disk_space = 0
    required_files is empty
    required_memory = 0
    required_programs is empty
    required_user is empty
    timeout = 300
===> lib/atf/libatf-c++/detail/fs_test:file_info_perms
Result: passed
Duration: 0.018s

Metadata:
    allowed_architectures is empty
    allowed_platforms is empty
    description = Tests the file_info methods to get the file's permissions
    has_cleanup = false
    required_configs is empty
    required_disk_space = 0
    required_files is empty
    required_memory = 0
    required_programs is empty
    required_user is empty
    timeout = 300
===> lib/atf/libatf-c++/detail/fs_test:file_info_stat
Result: passed
Duration: 0.021s

Metadata:
    allowed_architectures is empty
    allowed_platforms is empty
    description = Tests the file_info creation and its basic contents
    has_cleanup = false
    required_configs is empty
    required_disk_space = 0
    required_files is empty
    required_memory = 0
    required_programs is empty
    required_user is empty
    timeout = 300
===> lib/atf/libatf-c++/detail/fs_test:is_executable
Result: passed
Duration: 0.022s

Metadata:
    allowed_architectures is empty
    allowed_platforms is empty
    description = Tests the is_executable function
    has_cleanup = false
    required_configs is empty
    required_disk_space = 0
    required_files is empty
    required_memory = 0
    required_programs is empty
    required_user is empty
    timeout = 300
===> lib/atf/libatf-c++/detail/fs_test:path_branch_path
Result: passed
Duration: 0.017s

Metadata:
    allowed_architectures is empty
    allowed_platforms is empty
    description = Tests the path::branch_path function
    has_cleanup = false
    required_configs is empty
    required_disk_space = 0
    required_files is empty
    required_memory = 0
    required_programs is empty
    required_user is empty
    timeout = 300
===> lib/atf/libatf-c++/detail/fs_test:path_compare_different
Result: passed
Duration: 0.016s

Metadata:
    allowed_architectures is empty
    allowed_platforms is empty
    description = Tests the comparison for difference between paths
    has_cleanup = false
    required_configs is empty
    required_disk_space = 0
    required_files is empty
    required_memory = 0
    required_programs is empty
    required_user is empty
    timeout = 300
===> lib/atf/libatf-c++/detail/fs_test:path_compare_equal
Result: passed
Duration: 0.017s

Metadata:
    allowed_architectures is empty
    allowed_platforms is empty
    description = Tests the comparison for equality between paths
    has_cleanup = false
    required_configs is empty
    required_disk_space = 0
    required_files is empty
    required_memory = 0
    required_programs is empty
    required_user is empty
    timeout = 300
===> lib/atf/libatf-c++/detail/fs_test:path_concat
Result: passed
Duration: 0.390s

Metadata:
    allowed_architectures is empty
    allowed_platforms is empty
    description = Tests the concatenation of multiple paths
    has_cleanup = false
    required_configs is empty
    required_disk_space = 0
    required_files is empty
    required_memory = 0
    required_programs is empty
    required_user is empty
    timeout = 300
===> lib/atf/libatf-c++/detail/fs_test:path_is_absolute
Result: passed
Duration: 0.647s

Metadata:
    allowed_architectures is empty
    allowed_platforms is empty
    description = Tests the path::is_absolute function
    has_cleanup = false
    required_configs is empty
    required_disk_space = 0
    required_files is empty
    required_memory = 0
    required_programs is empty
    required_user is empty
    timeout = 300
===> lib/atf/libatf-c++/detail/fs_test:path_is_root
Result: passed
Duration: 0.079s

Metadata:
    allowed_architectures is empty
    allowed_platforms is empty
    description = Tests the path::is_root function
    has_cleanup = false
    required_configs is empty
    required_disk_space = 0
    required_files is empty
    required_memory = 0
    required_programs is empty
    required_user is empty
    timeout = 300
===> lib/atf/libatf-c++/detail/fs_test:path_leaf_name
Result: passed
Duration: 0.640s

Metadata:
    allowed_architectures is empty
    allowed_platforms is empty
    description = Tests the path::leaf_name function
    has_cleanup = false
    required_configs is empty
    required_disk_space = 0
    required_files is empty
    required_memory = 0
    required_programs is empty
    required_user is empty
    timeout = 300
===> lib/atf/libatf-c++/detail/fs_test:path_normalize
Result: passed
Duration: 7.154s

Metadata:
    allowed_architectures is empty
    allowed_platforms is empty
    description = Tests the path's normalization
    has_cleanup = false
    required_configs is empty
    required_disk_space = 0
    required_files is empty
    required_memory = 0
    required_programs is empty
    required_user is empty
    timeout = 300
===> lib/atf/libatf-c++/detail/fs_test:path_op_less
Result: passed
Duration: 0.617s

Metadata:
    allowed_architectures is empty
    allowed_platforms is empty
    description = Tests that the path's less-than operator works
    has_cleanup = false
    required_configs is empty
    required_disk_space = 0
    required_files is empty
    required_memory = 0
    required_programs is empty
    required_user is empty
    timeout = 300
===> lib/atf/libatf-c++/detail/fs_test:path_to_absolute
Result: passed
Duration: 0.374s

Metadata:
    allowed_architectures is empty
    allowed_platforms is empty
    description = Tests the conversion of a relative path to an absolute one
    has_cleanup = false
    required_configs is empty
    required_disk_space = 0
    required_files is empty
    required_memory = 0
    required_programs is empty
    required_user is empty
    timeout = 300
===> lib/atf/libatf-c++/detail/fs_test:remove
Result: passed
Duration: 0.283s

Metadata:
    allowed_architectures is empty
    allowed_platforms is empty
    description = Tests the remove function
    has_cleanup = false
    required_configs is empty
    required_disk_space = 0
    required_files is empty
    required_memory = 0
    required_programs is empty
    required_user is empty
    timeout = 300
===> lib/atf/libatf-c++/detail/process_test:argv_array_assign
Result: passed
Duration: 1.027s

Metadata:
    allowed_architectures is empty
    allowed_platforms is empty
    description = Tests that assigning an argv_array works
    has_cleanup = false
    required_configs is empty
    required_disk_space = 0
    required_files is empty
    required_memory = 0
    required_programs is empty
    required_user is empty
    timeout = 300
===> lib/atf/libatf-c++/detail/process_test:argv_array_copy
Result: passed
Duration: 0.269s

Metadata:
    allowed_architectures is empty
    allowed_platforms is empty
    description = Tests that copying an argv_array constructed from a C-style array of strings works
    has_cleanup = false
    required_configs is empty
    required_disk_space = 0
    required_files is empty
    required_memory = 0
    required_programs is empty
    required_user is empty
    timeout = 300
===> lib/atf/libatf-c++/detail/process_test:argv_array_exec_argv
Result: passed
Duration: 0.360s

Metadata:
    allowed_architectures is empty
    allowed_platforms is empty
    description = Tests that the exec argv provided by an argv_array is correct
    has_cleanup = false
    required_configs is empty
    required_disk_space = 0
    required_files is empty
    required_memory = 0
    required_programs is empty
    required_user is empty
    timeout = 300
===> lib/atf/libatf-c++/detail/process_test:argv_array_init_carray
Result: passed
Duration: 0.244s

Metadata:
    allowed_architectures is empty
    allowed_platforms is empty
    description = Tests that argv_array is correctly constructed from a C-style array of strings
    has_cleanup = false
    required_configs is empty
    required_disk_space = 0
    required_files is empty
    required_memory = 0
    required_programs is empty
    required_user is empty
    timeout = 300
===> lib/atf/libatf-c++/detail/process_test:argv_array_init_col
Result: passed
Duration: 0.403s

Metadata:
    allowed_architectures is empty
    allowed_platforms is empty
    description = Tests that argv_array is correctly constructed from a string collection
    has_cleanup = false
    required_configs is empty
    required_disk_space = 0
    required_files is empty
    required_memory = 0
    required_programs is empty
    required_user is empty
    timeout = 300
===> lib/atf/libatf-c++/detail/process_test:argv_array_init_empty
Result: passed
Duration: 0.332s

Metadata:
    allowed_architectures is empty
    allowed_platforms is empty
    description = Tests that argv_array is correctly constructed by the default constructor
    has_cleanup = false
    required_configs is empty
    required_disk_space = 0
    required_files is empty
    required_memory = 0
    required_programs is empty
    required_user is empty
    timeout = 300
===> lib/atf/libatf-c++/detail/process_test:argv_array_init_varargs
Result: passed
Duration: 0.172s

Metadata:
    allowed_architectures is empty
    allowed_platforms is empty
    description = Tests that argv_array is correctly constructed from a variable list of arguments
    has_cleanup = false
    required_configs is empty
    required_disk_space = 0
    required_files is empty
    required_memory = 0
    required_programs is empty
    required_user is empty
    timeout = 300
===> lib/atf/libatf-c++/detail/process_test:argv_array_iter
Result: passed
Duration: 0.164s

Metadata:
    allowed_architectures is empty
    allowed_platforms is empty
    description = Tests that an argv_array can be iterated
    has_cleanup = false
    required_configs is empty
    required_disk_space = 0
    required_files is empty
    required_memory = 0
    required_programs is empty
    required_user is empty
    timeout = 300
===> lib/atf/libatf-c++/detail/process_test:exec_failure
Result: passed
Duration: 0.372s

Metadata:
    allowed_architectures is empty
    allowed_platforms is empty
    description = Tests execing a command that reports failure
    has_cleanup = false
    required_configs is empty
    required_disk_space = 0
    required_files is empty
    required_memory = 0
    required_programs is empty
    required_user is empty
    timeout = 300
===> lib/atf/libatf-c++/detail/process_test:exec_success
Result: passed
Duration: 0.305s

Metadata:
    allowed_architectures is empty
    allowed_platforms is empty
    description = Tests execing a command that reports success
    has_cleanup = false
    required_configs is empty
    required_disk_space = 0
    required_files is empty
    required_memory = 0
    required_programs is empty
    required_user is empty
    timeout = 300
===> lib/atf/libatf-c++/detail/text_test:duplicate
Result: passed
Duration: 0.273s

Metadata:
    allowed_architectures is empty
    allowed_platforms is empty
    description = Tests the duplicate function
    has_cleanup = false
    required_configs is empty
    required_disk_space = 0
    required_files is empty
    required_memory = 0
    required_programs is empty
    required_user is empty
    timeout = 300
===> lib/atf/libatf-c++/detail/text_test:join
Result: passed
Duration: 0.240s

Metadata:
    allowed_architectures is empty
    allowed_platforms is empty
    description = Tests the join function
    has_cleanup = false
    required_configs is empty
    required_disk_space = 0
    required_files is empty
    required_memory = 0
    required_programs is empty
    required_user is empty
    timeout = 300
===> lib/atf/libatf-c++/detail/text_test:match
Result: passed
Duration: 0.584s

Metadata:
    allowed_architectures is empty
    allowed_platforms is empty
    description = Tests the match function
    has_cleanup = false
    required_configs is empty
    required_disk_space = 0
    required_files is empty
    required_memory = 0
    required_programs is empty
    required_user is empty
    timeout = 300
===> lib/atf/libatf-c++/detail/text_test:split
Result: passed
Duration: 1.552s

Metadata:
    allowed_architectures is empty
    allowed_platforms is empty
    description = Tests the split function
    has_cleanup = false
    required_configs is empty
    required_disk_space = 0
    required_files is empty
    required_memory = 0
    required_programs is empty
    required_user is empty
    timeout = 300
===> lib/atf/libatf-c++/detail/text_test:split_delims
Result: passed
Duration: 0.503s

Metadata:
    allowed_architectures is empty
    allowed_platforms is empty
    description = Tests the split function using different delimiters
    has_cleanup = false
    required_configs is empty
    required_disk_space = 0
    required_files is empty
    required_memory = 0
    required_programs is empty
    required_user is empty
    timeout = 300
===> lib/atf/libatf-c++/detail/text_test:to_bool
Result: passed
Duration: 0.317s

Metadata:
    allowed_architectures is empty
    allowed_platforms is empty
    description = Tests the to_string function
    has_cleanup = false
    required_configs is empty
    required_disk_space = 0
    required_files is empty
    required_memory = 0
    required_programs is empty
    required_user is empty
    timeout = 300
===> lib/atf/libatf-c++/detail/text_test:to_bytes
Result: passed
Duration: 0.156s

Metadata:
    allowed_architectures is empty
    allowed_platforms is empty
    description = Tests the to_bytes function
    has_cleanup = false
    required_configs is empty
    required_disk_space = 0
    required_files is empty
    required_memory = 0
    required_programs is empty
    required_user is empty
    timeout = 300
===> lib/atf/libatf-c++/detail/text_test:to_string
Result: passed
Duration: 0.215s

Metadata:
    allowed_architectures is empty
    allowed_platforms is empty
    description = Tests the to_string function
    has_cleanup = false
    required_configs is empty
    required_disk_space = 0
    required_files is empty
    required_memory = 0
    required_programs is empty
    required_user is empty
    timeout = 300
===> lib/atf/libatf-c++/detail/text_test:to_type
Result: passed
Duration: 0.171s

Metadata:
    allowed_architectures is empty
    allowed_platforms is empty
    description = Tests the to_type function
    has_cleanup = false
    required_configs is empty
    required_disk_space = 0
    required_files is empty
    required_memory = 0
    required_programs is empty
    required_user is empty
    timeout = 300
===> lib/atf/libatf-c++/detail/text_test:trim
Result: passed
Duration: 0.417s

Metadata:
    allowed_architectures is empty
    allowed_platforms is empty
    description = Tests the trim function
    has_cleanup = false
    required_configs is empty
    required_disk_space = 0
    required_files is empty
    required_memory = 0
    required_programs is empty
    required_user is empty
    timeout = 300
===> lib/atf/libatf-c++/macros_test:check_errno
Result: passed
Duration: 0.151s

Metadata:
    allowed_architectures is empty
    allowed_platforms is empty
    description = Tests the ATF_CHECK_ERRNO macro
    has_cleanup = false
    required_configs is empty
    required_disk_space = 0
    required_files is empty
    required_memory = 0
    required_programs is empty
    required_user is empty
    timeout = 300

Standard output:
Looking for '^failed' in 'failed: 1 checks failed; see output for more details'
Looking for 'macros_test.cpp:[0-9]+: Expected true value in errno_ok_stub\(\) == -1$' in '*** Check failed: /builds/FreeBSD_HEAD/contrib/atf/atf-c++/macros_test.cpp:248: Expected true value in errno_ok_stub() == -1'
Looking for '^passed' in 'passed'
Looking for '^failed' in 'failed: 1 checks failed; see output for more details'
Looking for 'macros_test.cpp:[0-9]+: Expected errno 3, got 4, in errno_fail_stub\(4\) == -1$' in '*** Check failed: /builds/FreeBSD_HEAD/contrib/atf/atf-c++/macros_test.cpp:252: Expected errno 3, got 4, in errno_fail_stub(4) == -1'
===> lib/atf/libatf-c++/macros_test:detect_unused_tests
Result: passed
Duration: 1.166s

Metadata:
    allowed_architectures is empty
    allowed_platforms is empty
    description = Tests that defining an unused test case raises a warning (and thus an error)
    has_cleanup = false
    required_configs is empty
    required_disk_space = 0
    required_files is empty
    required_memory = 0
    required_programs is empty
    required_user is empty
    timeout = 300

Standard output:
> c++ -O2 -pipe -DHAVE_CONFIG_H -I/usr/include -Wall -Werror -o test.o -c compiler_test.cpp
> c++ -O2 -pipe -DHAVE_CONFIG_H -I/usr/include -Wall -Werror -o test.o -c /usr/tests/lib/atf/libatf-c++/unused_test.cpp

Standard error:
compiler_test.cpp:3:1: error: unused variable 'unused' [-Werror,-Wunused-variable]
define_unused;
^
compiler_test.cpp:2:41: note: expanded from macro 'define_unused'
#define define_unused static test_class unused
                                        ^
1 error generated.
c++ failed with exit code 1
/usr/tests/lib/atf/libatf-c++/unused_test.cpp:36:1: error: unused variable 'atfu_tcptr_this_is_unused' [-Werror,-Wunused-variable]
ATF_TEST_CASE(this_is_unused);
^
/usr/include/atf-c++/macros.hpp:58:30: note: expanded from macro 'ATF_TEST_CASE'
    static atfu_tc_ ## name* atfu_tcptr_ ## name; \
                             ^
<scratch space>:569:1: note: expanded from here
atfu_tcptr_this_is_unused
^
1 error generated.
c++ failed with exit code 1
===> lib/atf/libatf-c++/macros_test:fail
Result: passed
Duration: 0.065s

Metadata:
    allowed_architectures is empty
    allowed_platforms is empty
    description = Tests the ATF_FAIL macro
    has_cleanup = false
    required_configs is empty
    required_disk_space = 0
    required_files is empty
    required_memory = 0
    required_programs is empty
    required_user is empty
    timeout = 300

Standard output:
Looking for '^failed: Failed on purpose' in 'failed: Failed on purpose'
===> lib/atf/libatf-c++/macros_test:pass
Result: passed
Duration: 0.170s

Metadata:
    allowed_architectures is empty
    allowed_platforms is empty
    description = Tests the ATF_PASS macro
    has_cleanup = false
    required_configs is empty
    required_disk_space = 0
    required_files is empty
    required_memory = 0
    required_programs is empty
    required_user is empty
    timeout = 300

Standard output:
Looking for '^passed' in 'passed'
===> lib/atf/libatf-c++/macros_test:require
Result: passed
Duration: 0.238s

Metadata:
    allowed_architectures is empty
    allowed_platforms is empty
    description = Tests the ATF_REQUIRE macro
    has_cleanup = false
    required_configs is empty
    required_disk_space = 0
    required_files is empty
    required_memory = 0
    required_programs is empty
    required_user is empty
    timeout = 300

Standard output:
Checking with a false value
Looking for '^failed: .*condition not met' in 'failed: Line 108: condition not met'
Checking with a true value
Looking for '^passed' in 'passed'
===> lib/atf/libatf-c++/macros_test:require_eq
Result: passed
Duration: 0.227s

Metadata:
    allowed_architectures is empty
    allowed_platforms is empty
    description = Tests the ATF_REQUIRE_EQ macro
    has_cleanup = false
    required_configs is empty
    required_disk_space = 0
    required_files is empty
    required_memory = 0
    required_programs is empty
    required_user is empty
    timeout = 300

Standard output:
Checking with 1, 1 and expecting true
Looking for '^passed' in 'passed'
Checking with 1, 2 and expecting false
Looking for '^failed: .*v1 != v2' in 'failed: Line 123: v1 != v2 (1 != 2)'
Checking with 2, 1 and expecting false
Looking for '^failed: .*v1 != v2' in 'failed: Line 123: v1 != v2 (2 != 1)'
Checking with 2, 2 and expecting true
Looking for '^passed' in 'passed'
===> lib/atf/libatf-c++/macros_test:require_errno
Result: passed
Duration: 0.330s

Metadata:
    allowed_architectures is empty
    allowed_platforms is empty
    description = Tests the ATF_REQUIRE_ERRNO macro
    has_cleanup = false
    required_configs is empty
    required_disk_space = 0
    required_files is empty
    required_memory = 0
    required_programs is empty
    required_user is empty
    timeout = 300

Standard output:
Looking for '^failed: .*macros_test.cpp:[0-9]+: Expected true value in errno_ok_stub\(\) == -1$' in 'failed: /builds/FreeBSD_HEAD/contrib/atf/atf-c++/macros_test.cpp:269: Expected true value in errno_ok_stub() == -1'
Looking for '^passed' in 'passed'
Looking for '^failed: .*macros_test.cpp:[0-9]+: Expected errno 3, got 4, in errno_fail_stub\(4\) == -1$' in 'failed: /builds/FreeBSD_HEAD/contrib/atf/atf-c++/macros_test.cpp:273: Expected errno 3, got 4, in errno_fail_stub(4) == -1'
===> lib/atf/libatf-c++/macros_test:require_in
Result: passed
Duration: 0.224s

Metadata:
    allowed_architectures is empty
    allowed_platforms is empty
    description = Tests the ATF_REQUIRE_IN macro
    has_cleanup = false
    required_configs is empty
    required_disk_space = 0
    required_files is empty
    required_memory = 0
    required_programs is empty
    required_user is empty
    timeout = 300

Standard output:
Looking for '^passed' in 'passed'
Looking for '^passed' in 'passed'
Looking for '^passed' in 'passed'
Looking for '^failed: ' in 'failed: Line 142: (collection).find(element) != (collection).end() not met'
Looking for '^failed: ' in 'failed: Line 142: (collection).find(element) != (collection).end() not met'
Looking for '^failed: ' in 'failed: Line 142: (collection).find(element) != (collection).end() not met'
===> lib/atf/libatf-c++/macros_test:require_match
Result: passed
Duration: 0.170s

Metadata:
    allowed_architectures is empty
    allowed_platforms is empty
    description = Tests the ATF_REQUIRE_MATCH macro
    has_cleanup = false
    required_configs is empty
    required_disk_space = 0
    required_files is empty
    required_memory = 0
    required_programs is empty
    required_user is empty
    timeout = 300

Standard output:
Checking with foo.*bar, this is a foo, bar, baz and expecting true
Looking for '^passed' in 'passed'
Checking with bar.*baz, this is a baz, bar, foo and expecting false
Looking for '^failed: ' in 'failed: Line 157: 'this is a baz, bar, foo' does not match regexp 'bar.*baz''
===> lib/atf/libatf-c++/macros_test:require_not_in
Result: passed
Duration: 0.180s

Metadata:
    allowed_architectures is empty
    allowed_platforms is empty
    description = Tests the ATF_REQUIRE_NOT_IN macro
    has_cleanup = false
    required_configs is empty
    required_disk_space = 0
    required_files is empty
    required_memory = 0
    required_programs is empty
    required_user is empty
    timeout = 300

Standard output:
Looking for '^failed: ' in 'failed: Line 176: (collection).find(element) == (collection).end() not met'
Looking for '^failed: ' in 'failed: Line 176: (collection).find(element) == (collection).end() not met'
Looking for '^failed: ' in 'failed: Line 176: (collection).find(element) == (collection).end() not met'
Looking for '^passed' in 'passed'
Looking for '^passed' in 'passed'
Looking for '^passed' in 'passed'
===> lib/atf/libatf-c++/macros_test:require_throw
Result: passed
Duration: 0.295s

Metadata:
    allowed_architectures is empty
    allowed_platforms is empty
    description = Tests the ATF_REQUIRE_THROW macro
    has_cleanup = false
    required_configs is empty
    required_disk_space = 0
    required_files is empty
    required_memory = 0
    required_programs is empty
    required_user is empty
    timeout = 300

Standard output:
Checking with throw_int and expecting false
Checking that message contains 'unexpected error'
Looking for '^failed: .*unexpected error' in 'failed: Line 190: if (1) throw int(5) threw an unexpected error (not std::runtime_error)'
Checking with throw_rt and expecting true
Looking for '^passed' in 'passed'
Checking with no_throw_rt and expecting false
Checking that message contains 'did not throw'
Looking for '^failed: .*did not throw' in 'failed: Line 196: if (0) throw std::runtime_error("e") did not throw std::runtime_error as expected'
===> lib/atf/libatf-c++/macros_test:require_throw_re
Result: passed
Duration: 0.458s

Metadata:
    allowed_architectures is empty
    allowed_platforms is empty
    description = Tests the ATF_REQUIRE_THROW_RE macro
    has_cleanup = false
    required_configs is empty
    required_disk_space = 0
    required_files is empty
    required_memory = 0
    required_programs is empty
    required_user is empty
    timeout = 300

Standard output:
Checking with throw_int and expecting false
Checking that message contains 'unexpected error'
Looking for '^failed: .*unexpected error' in 'failed: Line 211: if (1) throw int(5) threw an unexpected error (not std::runtime_error)'
Checking with throw_rt_match and expecting true
Looking for '^passed' in 'passed'
Checking with throw_rt_no_match and expecting false
Checking that message contains 'threw.*runtime_error\(baz foo bar a\).*does not match 'foo\.\*baz''
Looking for '^failed: .*threw.*runtime_error\(baz foo bar a\).*does not match 'foo\.\*baz'' in 'failed: Line 217: if (1) throw std::runtime_error("baz foo bar a") threw std::runtime_error(baz foo bar a), but does not match 'foo.*baz''
Checking with no_throw_rt and expecting false
Checking that message contains 'did not throw'
Looking for '^failed: .*did not throw' in 'failed: Line 220: if (0) throw std::runtime_error("e") did not throw std::runtime_error as expected'
===> lib/atf/libatf-c++/macros_test:skip
Result: passed
Duration: 0.360s

Metadata:
    allowed_architectures is empty
    allowed_platforms is empty
    description = Tests the ATF_SKIP macro
    has_cleanup = false
    required_configs is empty
    required_disk_space = 0
    required_files is empty
    required_memory = 0
    required_programs is empty
    required_user is empty
    timeout = 300

Standard output:
Looking for '^skipped: Skipped on purpose' in 'skipped: Skipped on purpose'
===> lib/atf/libatf-c++/macros_test:use
Result: passed
Duration: 2.862s

Metadata:
    allowed_architectures is empty
    allowed_platforms is empty
    description = Tests that the macros provided by the atf-c++/macros.hpp file do not cause syntax errors when used
    has_cleanup = false
    required_configs is empty
    required_disk_space = 0
    required_files is empty
    required_memory = 0
    required_programs is empty
    required_user is empty
    timeout = 300

Standard output:
> c++ -O2 -pipe -DHAVE_CONFIG_H -I/usr/include -Wall -Werror -o test.o -c /usr/tests/lib/atf/libatf-c++/macros_hpp_test.cpp
===> lib/atf/libatf-c++/tests_test:atf_tp_writer
Result: passed
Duration: 0.508s

Metadata:
    allowed_architectures is empty
    allowed_platforms is empty
    description = Verifies the application/X-atf-tp writer
    has_cleanup = false
    required_configs is empty
    required_disk_space = 0
    required_files is empty
    required_memory = 0
    required_programs is empty
    required_user is empty
    timeout = 300
===> lib/atf/libatf-c++/utils_test:cat_file__empty
Result: passed
Duration: 0.474s

Metadata:
    allowed_architectures is empty
    allowed_platforms is empty
    description is empty
    has_cleanup = false
    required_configs is empty
    required_disk_space = 0
    required_files is empty
    required_memory = 0
    required_programs is empty
    required_user is empty
    timeout = 300
===> lib/atf/libatf-c++/utils_test:cat_file__no_newline_eof
Result: passed
Duration: 0.111s

Metadata:
    allowed_architectures is empty
    allowed_platforms is empty
    description is empty
    has_cleanup = false
    required_configs is empty
    required_disk_space = 0
    required_files is empty
    required_memory = 0
    required_programs is empty
    required_user is empty
    timeout = 300
===> lib/atf/libatf-c++/utils_test:cat_file__one_line
Result: passed
Duration: 0.255s

Metadata:
    allowed_architectures is empty
    allowed_platforms is empty
    description is empty
    has_cleanup = false
    required_configs is empty
    required_disk_space = 0
    required_files is empty
    required_memory = 0
    required_programs is empty
    required_user is empty
    timeout = 300
===> lib/atf/libatf-c++/utils_test:cat_file__several_lines
Result: passed
Duration: 0.528s

Metadata:
    allowed_architectures is empty
    allowed_platforms is empty
    description is empty
    has_cleanup = false
    required_configs is empty
    required_disk_space = 0
    required_files is empty
    required_memory = 0
    required_programs is empty
    required_user is empty
    timeout = 300
===> lib/atf/libatf-c++/utils_test:compare_file__empty__match
Result: passed
Duration: 0.314s

Metadata:
    allowed_architectures is empty
    allowed_platforms is empty
    description is empty
    has_cleanup = false
    required_configs is empty
    required_disk_space = 0
    required_files is empty
    required_memory = 0
    required_programs is empty
    required_user is empty
    timeout = 300
===> lib/atf/libatf-c++/utils_test:compare_file__empty__not_match
Result: passed
Duration: 0.427s

Metadata:
    allowed_architectures is empty
    allowed_platforms is empty
    description is empty
    has_cleanup = false
    required_configs is empty
    required_disk_space = 0
    required_files is empty
    required_memory = 0
    required_programs is empty
    required_user is empty
    timeout = 300
===> lib/atf/libatf-c++/utils_test:compare_file__long__match
Result: passed
Duration: 0.352s

Metadata:
    allowed_architectures is empty
    allowed_platforms is empty
    description is empty
    has_cleanup = false
    required_configs is empty
    required_disk_space = 0
    required_files is empty
    required_memory = 0
    required_programs is empty
    required_user is empty
    timeout = 300
===> lib/atf/libatf-c++/utils_test:compare_file__long__not_match
Result: passed
Duration: 0.274s

Metadata:
    allowed_architectures is empty
    allowed_platforms is empty
    description is empty
    has_cleanup = false
    required_configs is empty
    required_disk_space = 0
    required_files is empty
    required_memory = 0
    required_programs is empty
    required_user is empty
    timeout = 300
===> lib/atf/libatf-c++/utils_test:compare_file__short__match
Result: passed
Duration: 0.757s

Metadata:
    allowed_architectures is empty
    allowed_platforms is empty
    description is empty
    has_cleanup = false
    required_configs is empty
    required_disk_space = 0
    required_files is empty
    required_memory = 0
    required_programs is empty
    required_user is empty
    timeout = 300
===> lib/atf/libatf-c++/utils_test:compare_file__short__not_match
Result: passed
Duration: 0.211s

Metadata:
    allowed_architectures is empty
    allowed_platforms is empty
    description is empty
    has_cleanup = false
    required_configs is empty
    required_disk_space = 0
    required_files is empty
    required_memory = 0
    required_programs is empty
    required_user is empty
    timeout = 300
===> lib/atf/libatf-c++/utils_test:copy_file__empty
Result: passed
Duration: 0.469s

Metadata:
    allowed_architectures is empty
    allowed_platforms is empty
    description is empty
    has_cleanup = false
    required_configs is empty
    required_disk_space = 0
    required_files is empty
    required_memory = 0
    required_programs is empty
    required_user is empty
    timeout = 300
===> lib/atf/libatf-c++/utils_test:copy_file__some_contents
Result: passed
Duration: 0.545s

Metadata:
    allowed_architectures is empty
    allowed_platforms is empty
    description is empty
    has_cleanup = false
    required_configs is empty
    required_disk_space = 0
    required_files is empty
    required_memory = 0
    required_programs is empty
    required_user is empty
    timeout = 300
===> lib/atf/libatf-c++/utils_test:create_file
Result: passed
Duration: 0.298s

Metadata:
    allowed_architectures is empty
    allowed_platforms is empty
    description is empty
    has_cleanup = false
    required_configs is empty
    required_disk_space = 0
    required_files is empty
    required_memory = 0
    required_programs is empty
    required_user is empty
    timeout = 300
===> lib/atf/libatf-c++/utils_test:file_exists
Result: passed
Duration: 0.422s

Metadata:
    allowed_architectures is empty
    allowed_platforms is empty
    description is empty
    has_cleanup = false
    required_configs is empty
    required_disk_space = 0
    required_files is empty
    required_memory = 0
    required_programs is empty
    required_user is empty
    timeout = 300
===> lib/atf/libatf-c++/utils_test:fork
Result: passed
Duration: 0.598s

Metadata:
    allowed_architectures is empty
    allowed_platforms is empty
    description is empty
    has_cleanup = false
    required_configs is empty
    required_disk_space = 0
    required_files is empty
    required_memory = 0
    required_programs is empty
    required_user is empty
    timeout = 300

Standard output:
Should not get into child

Standard error:
Should not get into child
===> lib/atf/libatf-c++/utils_test:grep_collection__set
Result: passed
Duration: 0.323s

Metadata:
    allowed_architectures is empty
    allowed_platforms is empty
    description is empty
    has_cleanup = false
    required_configs is empty
    required_disk_space = 0
    required_files is empty
    required_memory = 0
    required_programs is empty
    required_user is empty
    timeout = 300

Standard output:
Looking for 'irs' in 'First'
Looking for 'cond' in 'First'
Looking for 'cond' in 'Second'
Looking for 'Third' in 'First'
Looking for 'Third' in 'Second'
===> lib/atf/libatf-c++/utils_test:grep_collection__vector
Result: passed
Duration: 0.588s

Metadata:
    allowed_architectures is empty
    allowed_platforms is empty
    description is empty
    has_cleanup = false
    required_configs is empty
    required_disk_space = 0
    required_files is empty
    required_memory = 0
    required_programs is empty
    required_user is empty
    timeout = 300

Standard output:
Looking for 'irs' in 'First'
Looking for 'cond' in 'First'
Looking for 'cond' in 'Second'
Looking for 'Third' in 'First'
Looking for 'Third' in 'Second'
===> lib/atf/libatf-c++/utils_test:grep_file
Result: passed
Duration: 0.506s

Metadata:
    allowed_architectures is empty
    allowed_platforms is empty
    description is empty
    has_cleanup = false
    required_configs is empty
    required_disk_space = 0
    required_files is empty
    required_memory = 0
    required_programs is empty
    required_user is empty
    timeout = 300

Standard output:
Looking for 'line1' in 'line1'
Looking for 'second line' in 'line1'
Looking for 'second line' in 'the second line'
Looking for 'aa.*bb' in 'line1'
Looking for 'aa.*bb' in 'the second line'
Looking for 'aa.*bb' in 'aaaabbbb'
Looking for 'foo' in 'line1'
Looking for 'foo' in 'the second line'
Looking for 'foo' in 'aaaabbbb'
Looking for 'bar' in 'line1'
Looking for 'bar' in 'the second line'
Looking for 'bar' in 'aaaabbbb'
Looking for 'aaaaa' in 'line1'
Looking for 'aaaaa' in 'the second line'
Looking for 'aaaaa' in 'aaaabbbb'
===> lib/atf/libatf-c++/utils_test:grep_string
Result: passed
Duration: 0.954s

Metadata:
    allowed_architectures is empty
    allowed_platforms is empty
    description is empty
    has_cleanup = false
    required_configs is empty
    required_disk_space = 0
    required_files is empty
    required_memory = 0
    required_programs is empty
    required_user is empty
    timeout = 300

Standard output:
Looking for 'a string' in 'a string - aaaabbbb'
Looking for '^a string' in 'a string - aaaabbbb'
Looking for 'aaaabbbb$' in 'a string - aaaabbbb'
Looking for 'aa.*bb' in 'a string - aaaabbbb'
Looking for 'foo' in 'a string - aaaabbbb'
Looking for 'bar' in 'a string - aaaabbbb'
Looking for 'aaaaa' in 'a string - aaaabbbb'
===> lib/atf/libatf-c++/utils_test:redirect__other
Result: passed
Duration: 0.278s

Metadata:
    allowed_architectures is empty
    allowed_platforms is empty
    description is empty
    has_cleanup = false
    required_configs is empty
    required_disk_space = 0
    required_files is empty
    required_memory = 0
    required_programs is empty
    required_user is empty
    timeout = 300
===> lib/atf/libatf-c++/utils_test:redirect__stderr
Result: passed
Duration: 0.349s

Metadata:
    allowed_architectures is empty
    allowed_platforms is empty
    description is empty
    has_cleanup = false
    required_configs is empty
    required_disk_space = 0
    required_files is empty
    required_memory = 0
    required_programs is empty
    required_user is empty
    timeout = 300

Standard error:
Buffer this===> lib/atf/libatf-c++/utils_test:redirect__stdout
Result: passed
Duration: 0.644s

Metadata:
    allowed_architectures is empty
    allowed_platforms is empty
    description is empty
    has_cleanup = false
    required_configs is empty
    required_disk_space = 0
    required_files is empty
    required_memory = 0
    required_programs is empty
    required_user is empty
    timeout = 300

Standard output:
Buffer this===> lib/atf/libatf-c++/utils_test:wait__invalid_exitstatus
Result: passed
Duration: 0.353s

Metadata:
    allowed_architectures is empty
    allowed_platforms is empty
    description is empty
    has_cleanup = false
    required_configs is empty
    required_disk_space = 0
    required_files is empty
    required_memory = 0
    required_programs is empty
    required_user is empty
    timeout = 300

Standard output:
subprocess stdout: Some output
subprocess stderr: Some error
===> lib/atf/libatf-c++/utils_test:wait__invalid_stderr
Result: passed
Duration: 0.310s

Metadata:
    allowed_architectures is empty
    allowed_platforms is empty
    description is empty
    has_cleanup = false
    required_configs is empty
    required_disk_space = 0
    required_files is empty
    required_memory = 0
    required_programs is empty
    required_user is empty
    timeout = 300

Standard output:
subprocess stdout: Some output
subprocess stderr: Some error
===> lib/atf/libatf-c++/utils_test:wait__invalid_stdout
Result: passed
Duration: 0.336s

Metadata:
    allowed_architectures is empty
    allowed_platforms is empty
    description is empty
    has_cleanup = false
    required_configs is empty
    required_disk_space = 0
    required_files is empty
    required_memory = 0
    required_programs is empty
    required_user is empty
    timeout = 300

Standard output:
subprocess stdout: Some output
subprocess stderr: Some error
===> lib/atf/libatf-c++/utils_test:wait__ok
Result: passed
Duration: 0.142s

Metadata:
    allowed_architectures is empty
    allowed_platforms is empty
    description is empty
    has_cleanup = false
    required_configs is empty
    required_disk_space = 0
    required_files is empty
    required_memory = 0
    required_programs is empty
    required_user is empty
    timeout = 300

Standard output:
subprocess stdout: Some output
subprocess stderr: Some error
===> lib/atf/libatf-c++/utils_test:wait__ok_nested
Result: passed
Duration: 0.280s

Metadata:
    allowed_architectures is empty
    allowed_platforms is empty
    description is empty
    has_cleanup = false
    required_configs is empty
    required_disk_space = 0
    required_files is empty
    required_memory = 0
    required_programs is empty
    required_user is empty
    timeout = 300

Standard output:
subprocess stdout: Parent output
subprocess stdout: subprocess stdout: Child output
subprocess stdout: subprocess stderr: Child error
subprocess stderr: Parent error
===> lib/atf/libatf-c++/utils_test:wait__save_stderr
Result: passed
Duration: 0.271s

Metadata:
    allowed_architectures is empty
    allowed_platforms is empty
    description is empty
    has_cleanup = false
    required_configs is empty
    required_disk_space = 0
    required_files is empty
    required_memory = 0
    required_programs is empty
    required_user is empty
    timeout = 300

Standard output:
subprocess stdout: Some output
subprocess stderr: Some error
===> lib/atf/libatf-c++/utils_test:wait__save_stdout
Result: passed
Duration: 0.025s

Metadata:
    allowed_architectures is empty
    allowed_platforms is empty
    description is empty
    has_cleanup = false
    required_configs is empty
    required_disk_space = 0
    required_files is empty
    required_memory = 0
    required_programs is empty
    required_user is empty
    timeout = 300

Standard output:
subprocess stdout: Some output
subprocess stderr: Some error
===> lib/atf/libatf-c/atf_c_test:include
Result: passed
Duration: 27.012s

Metadata:
    allowed_architectures is empty
    allowed_platforms is empty
    description = Tests that the atf-c.h file can be included on its own, without any prerequisites
    has_cleanup = false
    required_configs is empty
    required_disk_space = 0
    required_files is empty
    required_memory = 0
    required_programs is empty
    required_user is empty
    timeout = 300

Standard output:
> cc -O2 -pipe -DHAVE_CONFIG_H -I/usr/include -Wall -Werror -o test.o -c test.c
===> lib/atf/libatf-c/build_test:c_o
Result: passed
Duration: 0.397s

Metadata:
    allowed_architectures is empty
    allowed_platforms is empty
    description = Tests the atf_build_c_o function
    has_cleanup = false
    required_configs is empty
    required_disk_space = 0
    required_files is empty
    required_memory = 0
    required_programs is empty
    required_user is empty
    timeout = 300

Standard output:
> Test: No flags
Setting ATF_BUILD_CC to 'cc'
Setting ATF_BUILD_CFLAGS to ''
Setting ATF_BUILD_CPPFLAGS to ''
Expected arguments: 'cc' '-o' 'test.o' '-c' 'test.c'
Returned arguments: 'cc' '-o' 'test.o' '-c' 'test.c'
> Test: Multi-word program name
Setting ATF_BUILD_CC to 'cc -foo'
Setting ATF_BUILD_CFLAGS to ''
Setting ATF_BUILD_CPPFLAGS to ''
Expected arguments: 'cc' '-foo' '-o' 'test.o' '-c' 'test.c'
Returned arguments: 'cc' '-foo' '-o' 'test.o' '-c' 'test.c'
> Test: Some cflags
Setting ATF_BUILD_CC to 'cc'
Setting ATF_BUILD_CFLAGS to '-f1 -f2    -f3 -f4-f5'
Setting ATF_BUILD_CPPFLAGS to ''
Expected arguments: 'cc' '-f1' '-f2' '-f3' '-f4-f5' '-o' 'test.o' '-c' 'test.c'
Returned arguments: 'cc' '-f1' '-f2' '-f3' '-f4-f5' '-o' 'test.o' '-c' 'test.c'
> Test: Some cppflags
Setting ATF_BUILD_CC to 'cc'
Setting ATF_BUILD_CFLAGS to ''
Setting ATF_BUILD_CPPFLAGS to '-f1 -f2    -f3 -f4-f5'
Expected arguments: 'cc' '-f1' '-f2' '-f3' '-f4-f5' '-o' 'test.o' '-c' 'test.c'
Returned arguments: 'cc' '-f1' '-f2' '-f3' '-f4-f5' '-o' 'test.o' '-c' 'test.c'
> Test: Some cflags and cppflags
Setting ATF_BUILD_CC to 'cc'
Setting ATF_BUILD_CFLAGS to '-f2'
Setting ATF_BUILD_CPPFLAGS to '-f1'
Expected arguments: 'cc' '-f1' '-f2' '-o' 'test.o' '-c' 'test.c'
Returned arguments: 'cc' '-f1' '-f2' '-o' 'test.o' '-c' 'test.c'
> Test: Some optional arguments
Setting ATF_BUILD_CC to 'cc'
Setting ATF_BUILD_CFLAGS to ''
Setting ATF_BUILD_CPPFLAGS to ''
Expected arguments: 'cc' '-o1' '-o2' '-o' 'test.o' '-c' 'test.c'
Returned arguments: 'cc' '-o1' '-o2' '-o' 'test.o' '-c' 'test.c'
> Test: Some cflags, cppflags and optional arguments
Setting ATF_BUILD_CC to 'cc'
Setting ATF_BUILD_CFLAGS to '-f2'
Setting ATF_BUILD_CPPFLAGS to '-f1'
Expected arguments: 'cc' '-f1' '-f2' '-o1' '-o2' '-o' 'test.o' '-c' 'test.c'
Returned arguments: 'cc' '-f1' '-f2' '-o1' '-o2' '-o' 'test.o' '-c' 'test.c'
===> lib/atf/libatf-c/build_test:cpp
Result: passed
Duration: 0.315s

Metadata:
    allowed_architectures is empty
    allowed_platforms is empty
    description = Tests the atf_build_cpp function
    has_cleanup = false
    required_configs is empty
    required_disk_space = 0
    required_files is empty
    required_memory = 0
    required_programs is empty
    required_user is empty
    timeout = 300

Standard output:
> Test: No flags
Setting ATF_BUILD_CPP to 'cpp'
Setting ATF_BUILD_CPPFLAGS to ''
Expected arguments: 'cpp' '-o' 'test.out' 'test.c'
Returned arguments: 'cpp' '-o' 'test.out' 'test.c'
> Test: Multi-word program name
Setting ATF_BUILD_CPP to 'cpp -foo'
Setting ATF_BUILD_CPPFLAGS to ''
Expected arguments: 'cpp' '-foo' '-o' 'test.out' 'test.c'
Returned arguments: 'cpp' '-foo' '-o' 'test.out' 'test.c'
> Test: Some cppflags
Setting ATF_BUILD_CPP to 'cpp'
Setting ATF_BUILD_CPPFLAGS to '-f1 -f2    -f3 -f4-f5'
Expected arguments: 'cpp' '-f1' '-f2' '-f3' '-f4-f5' '-o' 'test.out' 'test.c'
Returned arguments: 'cpp' '-f1' '-f2' '-f3' '-f4-f5' '-o' 'test.out' 'test.c'
> Test: Some optional arguments
Setting ATF_BUILD_CPP to 'cpp'
Setting ATF_BUILD_CPPFLAGS to ''
Expected arguments: 'cpp' '-o1' '-o2' '-o' 'test.out' 'test.c'
Returned arguments: 'cpp' '-o1' '-o2' '-o' 'test.out' 'test.c'
> Test: Some cppflags and optional arguments
Setting ATF_BUILD_CPP to 'cpp'
Setting ATF_BUILD_CPPFLAGS to '-f1'
Expected arguments: 'cpp' '-f1' '-o1' '-o2' '-o' 'test.out' 'test.c'
Returned arguments: 'cpp' '-f1' '-o1' '-o2' '-o' 'test.out' 'test.c'
===> lib/atf/libatf-c/build_test:cxx_o
Result: passed
Duration: 1.951s

Metadata:
    allowed_architectures is empty
    allowed_platforms is empty
    description = Tests the atf_build_cxx_o function
    has_cleanup = false
    required_configs is empty
    required_disk_space = 0
    required_files is empty
    required_memory = 0
    required_programs is empty
    required_user is empty
    timeout = 300

Standard output:
> Test: No flags
Setting ATF_BUILD_CXX to 'c++'
Setting ATF_BUILD_CXXFLAGS to ''
Setting ATF_BUILD_CPPFLAGS to ''
Expected arguments: 'c++' '-o' 'test.o' '-c' 'test.c'
Returned arguments: 'c++' '-o' 'test.o' '-c' 'test.c'
> Test: Multi-word program name
Setting ATF_BUILD_CXX to 'c++ -foo'
Setting ATF_BUILD_CXXFLAGS to ''
Setting ATF_BUILD_CPPFLAGS to ''
Expected arguments: 'c++' '-foo' '-o' 'test.o' '-c' 'test.c'
Returned arguments: 'c++' '-foo' '-o' 'test.o' '-c' 'test.c'
> Test: Some cxxflags
Setting ATF_BUILD_CXX to 'c++'
Setting ATF_BUILD_CXXFLAGS to '-f1 -f2    -f3 -f4-f5'
Setting ATF_BUILD_CPPFLAGS to ''
Expected arguments: 'c++' '-f1' '-f2' '-f3' '-f4-f5' '-o' 'test.o' '-c' 'test.c'
Returned arguments: 'c++' '-f1' '-f2' '-f3' '-f4-f5' '-o' 'test.o' '-c' 'test.c'
> Test: Some cppflags
Setting ATF_BUILD_CXX to 'c++'
Setting ATF_BUILD_CXXFLAGS to ''
Setting ATF_BUILD_CPPFLAGS to '-f1 -f2    -f3 -f4-f5'
Expected arguments: 'c++' '-f1' '-f2' '-f3' '-f4-f5' '-o' 'test.o' '-c' 'test.c'
Returned arguments: 'c++' '-f1' '-f2' '-f3' '-f4-f5' '-o' 'test.o' '-c' 'test.c'
> Test: Some cxxflags and cppflags
Setting ATF_BUILD_CXX to 'c++'
Setting ATF_BUILD_CXXFLAGS to '-f2'
Setting ATF_BUILD_CPPFLAGS to '-f1'
Expected arguments: 'c++' '-f1' '-f2' '-o' 'test.o' '-c' 'test.c'
Returned arguments: 'c++' '-f1' '-f2' '-o' 'test.o' '-c' 'test.c'
> Test: Some optional arguments
Setting ATF_BUILD_CXX to 'c++'
Setting ATF_BUILD_CXXFLAGS to ''
Setting ATF_BUILD_CPPFLAGS to ''
Expected arguments: 'c++' '-o1' '-o2' '-o' 'test.o' '-c' 'test.c'
Returned arguments: 'c++' '-o1' '-o2' '-o' 'test.o' '-c' 'test.c'
> Test: Some cxxflags, cppflags and optional arguments
Setting ATF_BUILD_CXX to 'c++'
Setting ATF_BUILD_CXXFLAGS to '-f2'
Setting ATF_BUILD_CPPFLAGS to '-f1'
Expected arguments: 'c++' '-f1' '-f2' '-o1' '-o2' '-o' 'test.o' '-c' 'test.c'
Returned arguments: 'c++' '-f1' '-f2' '-o1' '-o2' '-o' 'test.o' '-c' 'test.c'
===> lib/atf/libatf-c/build_test:equal_arrays
Result: passed
Duration: 52.584s

Metadata:
    allowed_architectures is empty
    allowed_platforms is empty
    description = Tests the test case internal equal_arrays function
    has_cleanup = false
    required_configs is empty
    required_disk_space = 0
    required_files is empty
    required_memory = 0
    required_programs is empty
    required_user is empty
    timeout = 300
===> lib/atf/libatf-c/check_test:build_c_o
Result: passed
Duration: 3.416s

Metadata:
    allowed_architectures is empty
    allowed_platforms is empty
    description = Checks the atf_check_build_c_o function
    has_cleanup = false
    required_configs is empty
    required_disk_space = 0
    required_files is empty
    required_memory = 0
    required_programs is empty
    required_user is empty
    timeout = 300

Standard output:
Looking for '-o test.o' in '> cc -O2 -pipe -DHAVE_CONFIG_H -o test.o -c test.c'
Looking for '-c test.c' in '> cc -O2 -pipe -DHAVE_CONFIG_H -o test.o -c test.c'
Looking for '-o test.o' in 'Looking for '-o test.o' in '> cc -O2 -pipe -DHAVE_CONFIG_H -o test.o -c test.c''
Looking for '-c test.c' in 'Looking for '-o test.o' in '> cc -O2 -pipe -DHAVE_CONFIG_H -o test.o -c test.c''
Looking for 'test.c' in 'test.c:1:26: error: use of undeclared identifier 'UNDEFINED_SYMBOL''
Looking for 'UNDEFINED_SYMBOL' in 'test.c:1:26: error: use of undeclared identifier 'UNDEFINED_SYMBOL''
===> lib/atf/libatf-c/check_test:build_cpp
Result: passed
Duration: 0.985s

Metadata:
    allowed_architectures is empty
    allowed_platforms is empty
    description = Checks the atf_check_build_cpp function
    has_cleanup = false
    required_configs is empty
    required_disk_space = 0
    required_files is empty
    required_memory = 0
    required_programs is empty
    required_user is empty
    timeout = 300

Standard output:
Looking for '-o.*test.p' in '> cpp -o test.p test.c'
Looking for 'test.c' in '> cpp -o test.p test.c'
Looking for 'foo bar' in '# 1 "test.c"'
Looking for 'foo bar' in '# 1 "<built-in>" 1'
Looking for 'foo bar' in '# 1 "<built-in>" 3'
Looking for 'foo bar' in '# 311 "<built-in>" 3'
Looking for 'foo bar' in '# 1 "<command line>" 1'
Looking for 'foo bar' in '# 1 "<built-in>" 2'
Looking for 'foo bar' in '# 1 "test.c" 2'
Looking for 'foo bar' in ''
Looking for 'foo bar' in ''
Looking for 'foo bar' in 'foo bar'
Looking for '-o test.p' in 'Looking for '-o.*test.p' in '> cpp -o test.p test.c''
Looking for 'test.c' in 'Looking for '-o.*test.p' in '> cpp -o test.p test.c''
Looking for 'test.c' in 'test.c:1:10: fatal error: './non-existent.h' file not found'
Looking for 'non-existent.h' in 'test.c:1:10: fatal error: './non-existent.h' file not found'
===> lib/atf/libatf-c/check_test:build_cxx_o
Result: passed
Duration: 6.169s

Metadata:
    allowed_architectures is empty
    allowed_platforms is empty
    description = Checks the atf_check_build_cxx_o function
    has_cleanup = false
    required_configs is empty
    required_disk_space = 0
    required_files is empty
    required_memory = 0
    required_programs is empty
    required_user is empty
    timeout = 300

Standard output:
Looking for '-o test.o' in '> c++ -O2 -pipe -DHAVE_CONFIG_H -o test.o -c test.cpp'
Looking for '-c test.cpp' in '> c++ -O2 -pipe -DHAVE_CONFIG_H -o test.o -c test.cpp'
Looking for '-o test.o' in 'Looking for '-o test.o' in '> c++ -O2 -pipe -DHAVE_CONFIG_H -o test.o -c test.cpp''
Looking for '-c test.cpp' in 'Looking for '-o test.o' in '> c++ -O2 -pipe -DHAVE_CONFIG_H -o test.o -c test.cpp''
Looking for 'test.cpp' in 'test.cpp:1:26: error: use of undeclared identifier 'UNDEFINED_SYMBOL''
Looking for 'UNDEFINED_SYMBOL' in 'test.cpp:1:26: error: use of undeclared identifier 'UNDEFINED_SYMBOL''
===> lib/atf/libatf-c/check_test:exec_array
Result: passed
Duration: 1.298s

Metadata:
    allowed_architectures is empty
    allowed_platforms is empty
    description = Checks that atf_check_exec_array works properly
    has_cleanup = false
    required_configs is empty
    required_disk_space = 0
    required_files is empty
    required_memory = 0
    required_programs is empty
    required_user is empty
    timeout = 300
===> lib/atf/libatf-c/check_test:exec_cleanup
Result: passed
Duration: 0.205s

Metadata:
    allowed_architectures is empty
    allowed_platforms is empty
    description = Checks that atf_check_exec_array properly cleans up the temporary files it creates
    has_cleanup = false
    required_configs is empty
    required_disk_space = 0
    required_files is empty
    required_memory = 0
    required_programs is empty
    required_user is empty
    timeout = 300

Standard output:
Executing /usr/tests/lib/atf/libatf-c/detail/process_helpers exit-success
===> lib/atf/libatf-c/check_test:exec_exitstatus
Result: passed
Duration: 0.716s

Metadata:
    allowed_architectures is empty
    allowed_platforms is empty
    description = Checks that atf_check_exec_array properly captures the exit status of the executed command
    has_cleanup = false
    required_configs is empty
    required_disk_space = 0
    required_files is empty
    required_memory = 0
    required_programs is empty
    required_user is empty
    timeout = 300

Standard output:
Executing /usr/tests/lib/atf/libatf-c/detail/process_helpers exit-success
Executing /usr/tests/lib/atf/libatf-c/detail/process_helpers exit-failure
Executing /usr/tests/lib/atf/libatf-c/detail/process_helpers exit-signal
===> lib/atf/libatf-c/check_test:exec_stdout_stderr
Result: passed
Duration: 0.529s

Metadata:
    allowed_architectures is empty
    allowed_platforms is empty
    description = Checks that atf_check_exec_array properly captures the stdout and stderr streams of the child process
    has_cleanup = false
    required_configs is empty
    required_disk_space = 0
    required_files is empty
    required_memory = 0
    required_programs is empty
    required_user is empty
    timeout = 300

Standard output:
Executing /usr/tests/lib/atf/libatf-c/detail/process_helpers stdout-stderr result1
Executing /usr/tests/lib/atf/libatf-c/detail/process_helpers stdout-stderr result2
===> lib/atf/libatf-c/check_test:exec_umask
Result: passed
Duration: 0.125s

Metadata:
    allowed_architectures is empty
    allowed_platforms is empty
    description = Checks that atf_check_exec_array correctly reports an error if the umask is too restrictive to create temporary files
    has_cleanup = false
    required_configs is empty
    required_disk_space = 0
    required_files is empty
    required_memory = 0
    required_programs is empty
    required_user is empty
    timeout = 300
===> lib/atf/libatf-c/check_test:exec_unknown
Result: passed
Duration: 0.315s

Metadata:
    allowed_architectures is empty
    allowed_platforms is empty
    description = Checks that running a non-existing binary is handled correctly
    has_cleanup = false
    required_configs is empty
    required_disk_space = 0
    required_files is empty
    required_memory = 0
    required_programs is empty
    required_user is empty
    timeout = 300
===> lib/atf/libatf-c/detail/dynstr_test:append_ap
Result: passed
Duration: 1.352s

Metadata:
    allowed_architectures is empty
    allowed_platforms is empty
    description = Checks that appending a string to another one works
    has_cleanup = false
    required_configs is empty
    required_disk_space = 0
    required_files is empty
    required_memory = 0
    required_programs is empty
    required_user is empty
    timeout = 300

Standard output:
Appending with plain string
Appending with formatted string
===> lib/atf/libatf-c/detail/dynstr_test:append_fmt
Result: passed
Duration: 0.924s

Metadata:
    allowed_architectures is empty
    allowed_platforms is empty
    description = Checks that appending a string to another one works
    has_cleanup = false
    required_configs is empty
    required_disk_space = 0
    required_files is empty
    required_memory = 0
    required_programs is empty
    required_user is empty
    timeout = 300

Standard output:
Appending with plain string
Appending with formatted string
===> lib/atf/libatf-c/detail/dynstr_test:clear
Result: passed
Duration: 0.485s

Metadata:
    allowed_architectures is empty
    allowed_platforms is empty
    description = Checks clearing a string
    has_cleanup = false
    required_configs is empty
    required_disk_space = 0
    required_files is empty
    required_memory = 0
    required_programs is empty
    required_user is empty
    timeout = 300

Standard output:
Clear an empty string
Clear a non-empty string
===> lib/atf/libatf-c/detail/dynstr_test:copy
Result: passed
Duration: 0.631s

Metadata:
    allowed_architectures is empty
    allowed_platforms is empty
    description = Checks the atf_dynstr_copy constructor
    has_cleanup = false
    required_configs is empty
    required_disk_space = 0
    required_files is empty
    required_memory = 0
    required_programs is empty
    required_user is empty
    timeout = 300
===> lib/atf/libatf-c/detail/dynstr_test:cstring
Result: passed
Duration: 0.539s

Metadata:
    allowed_architectures is empty
    allowed_platforms is empty
    description = Checks the method to obtain a plain C string
    has_cleanup = false
    required_configs is empty
    required_disk_space = 0
    required_files is empty
    required_memory = 0
    required_programs is empty
    required_user is empty
    timeout = 300
===> lib/atf/libatf-c/detail/dynstr_test:equal_cstring
Result: passed
Duration: 0.397s

Metadata:
    allowed_architectures is empty
    allowed_platforms is empty
    description = Checks the atf_equal_dynstr_cstring function
    has_cleanup = false
    required_configs is empty
    required_disk_space = 0
    required_files is empty
    required_memory = 0
    required_programs is empty
    required_user is empty
    timeout = 300
===> lib/atf/libatf-c/detail/dynstr_test:equal_dynstr
Result: passed
Duration: 0.820s

Metadata:
    allowed_architectures is empty
    allowed_platforms is empty
    description = Checks the atf_equal_dynstr_dynstr function
    has_cleanup = false
    required_configs is empty
    required_disk_space = 0
    required_files is empty
    required_memory = 0
    required_programs is empty
    required_user is empty
    timeout = 300
===> lib/atf/libatf-c/detail/dynstr_test:fini_disown
Result: passed
Duration: 1.015s

Metadata:
    allowed_architectures is empty
    allowed_platforms is empty
    description = Checks grabbing ownership of the internal plain C string
    has_cleanup = false
    required_configs is empty
    required_disk_space = 0
    required_files is empty
    required_memory = 0
    required_programs is empty
    required_user is empty
    timeout = 300
===> lib/atf/libatf-c/detail/dynstr_test:init
Result: passed
Duration: 0.775s

Metadata:
    allowed_architectures is empty
    allowed_platforms is empty
    description = Checks the empty constructor
    has_cleanup = false
    required_configs is empty
    required_disk_space = 0
    required_files is empty
    required_memory = 0
    required_programs is empty
    required_user is empty
    timeout = 300
===> lib/atf/libatf-c/detail/dynstr_test:init_ap
Result: passed
Duration: 1.300s

Metadata:
    allowed_architectures is empty
    allowed_platforms is empty
    description = Checks the formatted constructor using a va_list argument
    has_cleanup = false
    required_configs is empty
    required_disk_space = 0
    required_files is empty
    required_memory = 0
    required_programs is empty
    required_user is empty
    timeout = 300
===> lib/atf/libatf-c/detail/dynstr_test:init_fmt
Result: passed
Duration: 0.794s

Metadata:
    allowed_architectures is empty
    allowed_platforms is empty
    description = Checks the formatted constructor using a variable list of parameters
    has_cleanup = false
    required_configs is empty
    required_disk_space = 0
    required_files is empty
    required_memory = 0
    required_programs is empty
    required_user is empty
    timeout = 300
===> lib/atf/libatf-c/detail/dynstr_test:init_raw
Result: passed
Duration: 0.318s

Metadata:
    allowed_architectures is empty
    allowed_platforms is empty
    description = Checks the construction of a string using a raw memory pointer
    has_cleanup = false
    required_configs is empty
    required_disk_space = 0
    required_files is empty
    required_memory = 0
    required_programs is empty
    required_user is empty
    timeout = 300
===> lib/atf/libatf-c/detail/dynstr_test:init_rep
Result: passed
Duration: 0.344s

Metadata:
    allowed_architectures is empty
    allowed_platforms is empty
    description = Checks the construction of a string by repeating characters
    has_cleanup = false
    required_configs is empty
    required_disk_space = 0
    required_files is empty
    required_memory = 0
    required_programs is empty
    required_user is empty
    timeout = 300
===> lib/atf/libatf-c/detail/dynstr_test:init_substr
Result: passed
Duration: 1.433s

Metadata:
    allowed_architectures is empty
    allowed_platforms is empty
    description = Checks the construction of a string using a substring of another one
    has_cleanup = false
    required_configs is empty
    required_disk_space = 0
    required_files is empty
    required_memory = 0
    required_programs is empty
    required_user is empty
    timeout = 300
===> lib/atf/libatf-c/detail/dynstr_test:length
Result: passed
Duration: 0.714s

Metadata:
    allowed_architectures is empty
    allowed_platforms is empty
    description = Checks the method to obtain the length
    has_cleanup = false
    required_configs is empty
    required_disk_space = 0
    required_files is empty
    required_memory = 0
    required_programs is empty
    required_user is empty
    timeout = 300
===> lib/atf/libatf-c/detail/dynstr_test:prepend_ap
Result: passed
Duration: 0.944s

Metadata:
    allowed_architectures is empty
    allowed_platforms is empty
    description = Checks that prepending a string to another one works
    has_cleanup = false
    required_configs is empty
    required_disk_space = 0
    required_files is empty
    required_memory = 0
    required_programs is empty
    required_user is empty
    timeout = 300

Standard output:
Prepending with plain string
Prepending with formatted string
===> lib/atf/libatf-c/detail/dynstr_test:prepend_fmt
Result: passed
Duration: 0.441s

Metadata:
    allowed_architectures is empty
    allowed_platforms is empty
    description = Checks that prepending a string to another one works
    has_cleanup = false
    required_configs is empty
    required_disk_space = 0
    required_files is empty
    required_memory = 0
    required_programs is empty
    required_user is empty
    timeout = 300

Standard output:
Prepending with plain string
Prepending with formatted string
===> lib/atf/libatf-c/detail/dynstr_test:rfind_ch
Result: passed
Duration: 0.410s

Metadata:
    allowed_architectures is empty
    allowed_platforms is empty
    description = Checks the method to locate the first occurrence of a character starting from the end
    has_cleanup = false
    required_configs is empty
    required_disk_space = 0
    required_files is empty
    required_memory = 0
    required_programs is empty
    required_user is empty
    timeout = 300
===> lib/atf/libatf-c/detail/env_test:get
Result: passed
Duration: 0.654s

Metadata:
    allowed_architectures is empty
    allowed_platforms is empty
    description = Tests the atf_env_get function
    has_cleanup = false
    required_configs is empty
    required_disk_space = 0
    required_files is empty
    required_memory = 0
    required_programs is empty
    required_user is empty
    timeout = 300
===> lib/atf/libatf-c/detail/env_test:get_with_default
Result: passed
Duration: 0.264s

Metadata:
    allowed_architectures is empty
    allowed_platforms is empty
    description = Tests the atf_env_get_with_default function
    has_cleanup = false
    required_configs is empty
    required_disk_space = 0
    required_files is empty
    required_memory = 0
    required_programs is empty
    required_user is empty
    timeout = 300
===> lib/atf/libatf-c/detail/env_test:has
Result: passed
Duration: 0.016s

Metadata:
    allowed_architectures is empty
    allowed_platforms is empty
    description = Tests the atf_env_has function
    has_cleanup = false
    required_configs is empty
    required_disk_space = 0
    required_files is empty
    required_memory = 0
    required_programs is empty
    required_user is empty
    timeout = 300
===> lib/atf/libatf-c/detail/env_test:set
Result: passed
Duration: 0.015s

Metadata:
    allowed_architectures is empty
    allowed_platforms is empty
    description = Tests the atf_env_set function
    has_cleanup = false
    required_configs is empty
    required_disk_space = 0
    required_files is empty
    required_memory = 0
    required_programs is empty
    required_user is empty
    timeout = 300
===> lib/atf/libatf-c/detail/env_test:unset
Result: passed
Duration: 0.016s

Metadata:
    allowed_architectures is empty
    allowed_platforms is empty
    description = Tests the atf_env_unset function
    has_cleanup = false
    required_configs is empty
    required_disk_space = 0
    required_files is empty
    required_memory = 0
    required_programs is empty
    required_user is empty
    timeout = 300
===> lib/atf/libatf-c/detail/fs_test:eaccess
Result: passed
Duration: 0.019s

Metadata:
    allowed_architectures is empty
    allowed_platforms is empty
    description = Tests the atf_fs_eaccess function
    has_cleanup = false
    required_configs is empty
    required_disk_space = 0
    required_files is empty
    required_memory = 0
    required_programs is empty
    required_user is empty
    timeout = 300

Standard output:
Non-existent file checks

File mode     : 0000
Access mode   : 0x02
Expected error: 0
Error         : None

File mode     : 0000
Access mode   : 0x04
Expected error: 0
Error         : None

File mode     : 0000
Access mode   : 0x08
Expected error: 13
Error         : 13

File mode     : 0001
Access mode   : 0x02
Expected error: 0
Error         : None

File mode     : 0001
Access mode   : 0x04
Expected error: 0
Error         : None

File mode     : 0001
Access mode   : 0x08
Expected error: 0
Error         : None

File mode     : 0002
Access mode   : 0x02
Expected error: 0
Error         : None

File mode     : 0002
Access mode   : 0x04
Expected error: 0
Error         : None

File mode     : 0002
Access mode   : 0x08
Expected error: 13
Error         : 13

File mode     : 0004
Access mode   : 0x02
Expected error: 0
Error         : None

File mode     : 0004
Access mode   : 0x04
Expected error: 0
Error         : None

File mode     : 0004
Access mode   : 0x08
Expected error: 13
Error         : 13

File mode     : 0010
Access mode   : 0x02
Expected error: 0
Error         : None

File mode     : 0010
Access mode   : 0x04
Expected error: 0
Error         : None

File mode     : 0010
Access mode   : 0x08
Expected error: 0
Error         : None

File mode     : 0020
Access mode   : 0x02
Expected error: 0
Error         : None

File mode     : 0020
Access mode   : 0x04
Expected error: 0
Error         : None

File mode     : 0020
Access mode   : 0x08
Expected error: 13
Error         : 13

File mode     : 0040
Access mode   : 0x02
Expected error: 0
Error         : None

File mode     : 0040
Access mode   : 0x04
Expected error: 0
Error         : None

File mode     : 0040
Access mode   : 0x08
Expected error: 13
Error         : 13

File mode     : 0100
Access mode   : 0x02
Expected error: 0
Error         : None

File mode     : 0100
Access mode   : 0x04
Expected error: 0
Error         : None

File mode     : 0100
Access mode   : 0x08
Expected error: 0
Error         : None

File mode     : 0200
Access mode   : 0x02
Expected error: 0
Error         : None

File mode     : 0200
Access mode   : 0x04
Expected error: 0
Error         : None

File mode     : 0200
Access mode   : 0x08
Expected error: 13
Error         : 13

File mode     : 0400
Access mode   : 0x02
Expected error: 0
Error         : None

File mode     : 0400
Access mode   : 0x04
Expected error: 0
Error         : None

File mode     : 0400
Access mode   : 0x08
Expected error: 13
Error         : 13
===> lib/atf/libatf-c/detail/fs_test:exists
Result: passed
Duration: 0.648s

Metadata:
    allowed_architectures is empty
    allowed_platforms is empty
    description = Tests the atf_fs_exists function
    has_cleanup = false
    required_configs is empty
    required_disk_space = 0
    required_files is empty
    required_memory = 0
    required_programs is empty
    required_user is empty
    timeout = 300

Standard output:
Checking existence of a directory
Checking existence of a file
Checking existence of a non-existent file
===> lib/atf/libatf-c/detail/fs_test:getcwd
Result: passed
Duration: 1.401s

Metadata:
    allowed_architectures is empty
    allowed_platforms is empty
    description = Tests the atf_fs_getcwd function
    has_cleanup = false
    required_configs is empty
    required_disk_space = 0
    required_files is empty
    required_memory = 0
    required_programs is empty
    required_user is empty
    timeout = 300
===> lib/atf/libatf-c/detail/fs_test:mkdtemp_err
Result: passed
Duration: 0.650s

Metadata:
    allowed_architectures is empty
    allowed_platforms is empty
    description = Tests the atf_fs_mkdtemp function, error conditions
    has_cleanup = false
    required_configs is empty
    required_disk_space = 0
    required_files is empty
    required_memory = 0
    required_programs is empty
    required_user = unprivileged
    timeout = 300
===> lib/atf/libatf-c/detail/fs_test:mkdtemp_ok
Result: passed
Duration: 0.434s

Metadata:
    allowed_architectures is empty
    allowed_platforms is empty
    description = Tests the atf_fs_mkdtemp function, successful execution
    has_cleanup = false
    required_configs is empty
    required_disk_space = 0
    required_files is empty
    required_memory = 0
    required_programs is empty
    required_user is empty
    timeout = 300
===> lib/atf/libatf-c/detail/fs_test:mkdtemp_umask
Result: passed
Duration: 0.528s

Metadata:
    allowed_architectures is empty
    allowed_platforms is empty
    description = Tests the atf_fs_mkdtemp function causing an error due to a too strict umask
    has_cleanup = false
    required_configs is empty
    required_disk_space = 0
    required_files is empty
    required_memory = 0
    required_programs is empty
    required_user is empty
    timeout = 300

Standard output:
Creating temporary directory with umask 00100
Creating temporary directory with umask 00200
Creating temporary directory with umask 00400
Creating temporary directory with umask 00500
Creating temporary directory with umask 00600
===> lib/atf/libatf-c/detail/fs_test:mkstemp_err
Result: passed
Duration: 10.102s

Metadata:
    allowed_architectures is empty
    allowed_platforms is empty
    description = Tests the atf_fs_mkstemp function, error conditions
    has_cleanup = false
    required_configs is empty
    required_disk_space = 0
    required_files is empty
    required_memory = 0
    required_programs is empty
    required_user = unprivileged
    timeout = 300
===> lib/atf/libatf-c/detail/fs_test:mkstemp_ok
Result: passed
Duration: 0.318s

Metadata:
    allowed_architectures is empty
    allowed_platforms is empty
    description = Tests the atf_fs_mkstemp function, successful execution
    has_cleanup = false
    required_configs is empty
    required_disk_space = 0
    required_files is empty
    required_memory = 0
    required_programs is empty
    required_user is empty
    timeout = 300
===> lib/atf/libatf-c/detail/fs_test:mkstemp_umask
Result: passed
Duration: 0.750s

Metadata:
    allowed_architectures is empty
    allowed_platforms is empty
    description = Tests the atf_fs_mkstemp function causing an error due to a too strict umask
    has_cleanup = false
    required_configs is empty
    required_disk_space = 0
    required_files is empty
    required_memory = 0
    required_programs is empty
    required_user is empty
    timeout = 300

Standard output:
Creating temporary regular file with umask 00100
Creating temporary regular file with umask 00200
Creating temporary regular file with umask 00400
===> lib/atf/libatf-c/detail/fs_test:path_append
Result: passed
Duration: 0.325s

Metadata:
    allowed_architectures is empty
    allowed_platforms is empty
    description = Tests the concatenation of multiple paths
    has_cleanup = false
    required_configs is empty
    required_disk_space = 0
    required_files is empty
    required_memory = 0
    required_programs is empty
    required_user is empty
    timeout = 300

Standard output:
Input          : >foo<
Append         : >bar<
Expected output: >foo/bar<
Output         : >foo/bar<

Input          : >foo/<
Append         : >/bar<
Expected output: >foo/bar<
Output         : >foo/bar<

Input          : >foo/<
Append         : >/bar/baz<
Expected output: >foo/bar/baz<
Output         : >foo/bar/baz<

Input          : >foo/<
Append         : >///bar///baz<
Expected output: >foo/bar/baz<
Output         : >foo/bar/baz<

===> lib/atf/libatf-c/detail/fs_test:path_branch_path
Result: passed
Duration: 1.096s

Metadata:
    allowed_architectures is empty
    allowed_platforms is empty
    description = Tests the atf_fs_path_branch_path function
    has_cleanup = false
    required_configs is empty
    required_disk_space = 0
    required_files is empty
    required_memory = 0
    required_programs is empty
    required_user is empty
    timeout = 300

Standard output:
Input          : .
Expected output: .
Output         : .

Input          : foo
Expected output: .
Output         : .

Input          : foo/bar
Expected output: foo
Output         : foo

Input          : /foo
Expected output: /
Output         : /

Input          : /foo/bar
Expected output: /foo
Output         : /foo

===> lib/atf/libatf-c/detail/fs_test:path_copy
Result: passed
Duration: 0.609s

Metadata:
    allowed_architectures is empty
    allowed_platforms is empty
    description = Tests the atf_fs_path_copy constructor
    has_cleanup = false
    required_configs is empty
    required_disk_space = 0
    required_files is empty
    required_memory = 0
    required_programs is empty
    required_user is empty
    timeout = 300
===> lib/atf/libatf-c/detail/fs_test:path_equal
Result: passed
Duration: 0.345s

Metadata:
    allowed_architectures is empty
    allowed_platforms is empty
    description = Tests the equality operators for paths
    has_cleanup = false
    required_configs is empty
    required_disk_space = 0
    required_files is empty
    required_memory = 0
    required_programs is empty
    required_user is empty
    timeout = 300
===> lib/atf/libatf-c/detail/fs_test:path_is_absolute
Result: passed
Duration: 1.162s

Metadata:
    allowed_architectures is empty
    allowed_platforms is empty
    description = Tests the path::is_absolute function
    has_cleanup = false
    required_configs is empty
    required_disk_space = 0
    required_files is empty
    required_memory = 0
    required_programs is empty
    required_user is empty
    timeout = 300

Standard output:
Input          : /
Expected result: true
Result         : true

Input          : ////
Expected result: true
Result         : true

Input          : ////a
Expected result: true
Result         : true

Input          : //a//
Expected result: true
Result         : true

Input          : a////
Expected result: false
Result         : false

Input          : ../foo
Expected result: false
Result         : false

===> lib/atf/libatf-c/detail/fs_test:path_is_root
Result: passed
Duration: 0.411s

Metadata:
    allowed_architectures is empty
    allowed_platforms is empty
    description = Tests the path::is_root function
    has_cleanup = false
    required_configs is empty
    required_disk_space = 0
    required_files is empty
    required_memory = 0
    required_programs is empty
    required_user is empty
    timeout = 300

Standard output:
Input          : /
Expected result: true
Result         : true

Input          : ////
Expected result: true
Result         : true

Input          : ////a
Expected result: false
Result         : false

Input          : //a//
Expected result: false
Result         : false

Input          : a////
Expected result: false
Result         : false

Input          : ../foo
Expected result: false
Result         : false

===> lib/atf/libatf-c/detail/fs_test:path_leaf_name
Result: passed
Duration: 0.256s

Metadata:
    allowed_architectures is empty
    allowed_platforms is empty
    description = Tests the atf_fs_path_leaf_name function
    has_cleanup = false
    required_configs is empty
    required_disk_space = 0
    required_files is empty
    required_memory = 0
    required_programs is empty
    required_user is empty
    timeout = 300

Standard output:
Input          : .
Expected output: .
Output         : .

Input          : foo
Expected output: foo
Output         : foo

Input          : foo/bar
Expected output: bar
Output         : bar

Input          : /foo
Expected output: foo
Output         : foo

Input          : /foo/bar
Expected output: bar
Output         : bar

===> lib/atf/libatf-c/detail/fs_test:path_normalize
Result: passed
Duration: 0.375s

Metadata:
    allowed_architectures is empty
    allowed_platforms is empty
    description = Tests the path's normalization
    has_cleanup = false
    required_configs is empty
    required_disk_space = 0
    required_files is empty
    required_memory = 0
    required_programs is empty
    required_user is empty
    timeout = 300

Standard output:
Input          : >.<
Expected output: >.<
Output         : >.<

Input          : >..<
Expected output: >..<
Output         : >..<

Input          : >/<
Expected output: >/<
Output         : >/<

Input          : >//<
Expected output: >/<
Output         : >/<

Input          : >///<
Expected output: >/<
Output         : >/<

Input          : >foo<
Expected output: >foo<
Output         : >foo<

Input          : >foo/<
Expected output: >foo<
Output         : >foo<

Input          : >foo/bar<
Expected output: >foo/bar<
Output         : >foo/bar<

Input          : >foo/bar/<
Expected output: >foo/bar<
Output         : >foo/bar<

Input          : >/foo<
Expected output: >/foo<
Output         : >/foo<

Input          : >/foo/bar<
Expected output: >/foo/bar<
Output         : >/foo/bar<

Input          : >/foo/bar/<
Expected output: >/foo/bar<
Output         : >/foo/bar<

Input          : >///foo<
Expected output: >/foo<
Output         : >/foo<

Input          : >///foo///bar<
Expected output: >/foo/bar<
Output         : >/foo/bar<

Input          : >///foo///bar///<
Expected output: >/foo/bar<
Output         : >/foo/bar<

===> lib/atf/libatf-c/detail/fs_test:path_to_absolute
Result: passed
Duration: 0.416s

Metadata:
    allowed_architectures is empty
    allowed_platforms is empty
    description = Tests the atf_fs_path_to_absolute function
    has_cleanup = false
    required_configs is empty
    required_disk_space = 0
    required_files is empty
    required_memory = 0
    required_programs is empty
    required_user is empty
    timeout = 300

Standard output:
Relative path: .
Absolute path: /tmp/kyua.atf-tester.kXXdVx/.

Relative path: dir
Absolute path: /tmp/kyua.atf-tester.kXXdVx/dir

===> lib/atf/libatf-c/detail/fs_test:rmdir_empty
Result: passed
Duration: 0.752s

Metadata:
    allowed_architectures is empty
    allowed_platforms is empty
    description = Tests the atf_fs_rmdir function
    has_cleanup = false
    required_configs is empty
    required_disk_space = 0
    required_files is empty
    required_memory = 0
    required_programs is empty
    required_user is empty
    timeout = 300
===> lib/atf/libatf-c/detail/fs_test:rmdir_enotempty
Result: passed
Duration: 1.429s

Metadata:
    allowed_architectures is empty
    allowed_platforms is empty
    description = Tests the atf_fs_rmdir function
    has_cleanup = false
    required_configs is empty
    required_disk_space = 0
    required_files is empty
    required_memory = 0
    required_programs is empty
    required_user is empty
    timeout = 300
===> lib/atf/libatf-c/detail/fs_test:rmdir_eperm
Result: passed
Duration: 0.828s

Metadata:
    allowed_architectures is empty
    allowed_platforms is empty
    description = Tests the atf_fs_rmdir function
    has_cleanup = false
    required_configs is empty
    required_disk_space = 0
    required_files is empty
    required_memory = 0
    required_programs is empty
    required_user is empty
    timeout = 300
===> lib/atf/libatf-c/detail/fs_test:stat_mode
Result: passed
Duration: 0.651s

Metadata:
    allowed_architectures is empty
    allowed_platforms is empty
    description = Tests the atf_fs_stat_get_mode function and, indirectly, the constructor
    has_cleanup = false
    required_configs is empty
    required_disk_space = 0
    required_files is empty
    required_memory = 0
    required_programs is empty
    required_user is empty
    timeout = 300
===> lib/atf/libatf-c/detail/fs_test:stat_perms
Result: passed
Duration: 0.700s

Metadata:
    allowed_architectures is empty
    allowed_platforms is empty
    description = Tests the atf_fs_stat_is_* functions
    has_cleanup = false
    required_configs is empty
    required_disk_space = 0
    required_files is empty
    required_memory = 0
    required_programs is empty
    required_user is empty
    timeout = 300
===> lib/atf/libatf-c/detail/fs_test:stat_type
Result: passed
Duration: 0.575s

Metadata:
    allowed_architectures is empty
    allowed_platforms is empty
    description = Tests the atf_fs_stat_get_type function and, indirectly, the constructor
    has_cleanup = false
    required_configs is empty
    required_disk_space = 0
    required_files is empty
    required_memory = 0
    required_programs is empty
    required_user is empty
    timeout = 300
===> lib/atf/libatf-c/detail/list_test:list_append
Result: passed
Duration: 0.110s

Metadata:
    allowed_architectures is empty
    allowed_platforms is empty
    description = Checks the atf_list_append function
    has_cleanup = false
    required_configs is empty
    required_disk_space = 0
    required_files is empty
    required_memory = 0
    required_programs is empty
    required_user is empty
    timeout = 300
===> lib/atf/libatf-c/detail/list_test:list_append_list
Result: passed
Duration: 0.015s

Metadata:
    allowed_architectures is empty
    allowed_platforms is empty
    description = Checks the atf_list_append_list function
    has_cleanup = false
    required_configs is empty
    required_disk_space = 0
    required_files is empty
    required_memory = 0
    required_programs is empty
    required_user is empty
    timeout = 300
===> lib/atf/libatf-c/detail/list_test:list_for_each
Result: passed
Duration: 0.016s

Metadata:
    allowed_architectures is empty
    allowed_platforms is empty
    description = Checks the atf_list_for_each macro
    has_cleanup = false
    required_configs is empty
    required_disk_space = 0
    required_files is empty
    required_memory = 0
    required_programs is empty
    required_user is empty
    timeout = 300

Standard output:
Iterating over empty list
Iterating over list of 0 elements
Iterating over list of 1 elements
Retrieved item: 1
Iterating over list of 2 elements
Retrieved item: 1
Retrieved item: 2
Iterating over list of 3 elements
Retrieved item: 1
Retrieved item: 2
Retrieved item: 3
Iterating over list of 4 elements
Retrieved item: 1
Retrieved item: 2
Retrieved item: 3
Retrieved item: 4
Iterating over list of 5 elements
Retrieved item: 1
Retrieved item: 2
Retrieved item: 3
Retrieved item: 4
Retrieved item: 5
Iterating over list of 6 elements
Retrieved item: 1
Retrieved item: 2
Retrieved item: 3
Retrieved item: 4
Retrieved item: 5
Retrieved item: 6
Iterating over list of 7 elements
Retrieved item: 1
Retrieved item: 2
Retrieved item: 3
Retrieved item: 4
Retrieved item: 5
Retrieved item: 6
Retrieved item: 7
Iterating over list of 8 elements
Retrieved item: 1
Retrieved item: 2
Retrieved item: 3
Retrieved item: 4
Retrieved item: 5
Retrieved item: 6
Retrieved item: 7
Retrieved item: 8
Iterating over list of 9 elements
Retrieved item: 1
Retrieved item: 2
Retrieved item: 3
Retrieved item: 4
Retrieved item: 5
Retrieved item: 6
Retrieved item: 7
Retrieved item: 8
Retrieved item: 9
Iterating over list of 10 elements
Retrieved item: 1
Retrieved item: 2
Retrieved item: 3
Retrieved item: 4
Retrieved item: 5
Retrieved item: 6
Retrieved item: 7
Retrieved item: 8
Retrieved item: 9
Retrieved item: 10
===> lib/atf/libatf-c/detail/list_test:list_for_each_c
Result: passed
Duration: 0.603s

Metadata:
    allowed_architectures is empty
    allowed_platforms is empty
    description = Checks the atf_list_for_each_c macro
    has_cleanup = false
    required_configs is empty
    required_disk_space = 0
    required_files is empty
    required_memory = 0
    required_programs is empty
    required_user is empty
    timeout = 300

Standard output:
Iterating over empty list
Iterating over list of 0 elements
Iterating over list of 1 elements
Retrieved item: 1
Iterating over list of 2 elements
Retrieved item: 1
Retrieved item: 2
Iterating over list of 3 elements
Retrieved item: 1
Retrieved item: 2
Retrieved item: 3
Iterating over list of 4 elements
Retrieved item: 1
Retrieved item: 2
Retrieved item: 3
Retrieved item: 4
Iterating over list of 5 elements
Retrieved item: 1
Retrieved item: 2
Retrieved item: 3
Retrieved item: 4
Retrieved item: 5
Iterating over list of 6 elements
Retrieved item: 1
Retrieved item: 2
Retrieved item: 3
Retrieved item: 4
Retrieved item: 5
Retrieved item: 6
Iterating over list of 7 elements
Retrieved item: 1
Retrieved item: 2
Retrieved item: 3
Retrieved item: 4
Retrieved item: 5
Retrieved item: 6
Retrieved item: 7
Iterating over list of 8 elements
Retrieved item: 1
Retrieved item: 2
Retrieved item: 3
Retrieved item: 4
Retrieved item: 5
Retrieved item: 6
Retrieved item: 7
Retrieved item: 8
Iterating over list of 9 elements
Retrieved item: 1
Retrieved item: 2
Retrieved item: 3
Retrieved item: 4
Retrieved item: 5
Retrieved item: 6
Retrieved item: 7
Retrieved item: 8
Retrieved item: 9
Iterating over list of 10 elements
Retrieved item: 1
Retrieved item: 2
Retrieved item: 3
Retrieved item: 4
Retrieved item: 5
Retrieved item: 6
Retrieved item: 7
Retrieved item: 8
Retrieved item: 9
Retrieved item: 10
===> lib/atf/libatf-c/detail/list_test:list_index
Result: passed
Duration: 0.747s

Metadata:
    allowed_architectures is empty
    allowed_platforms is empty
    description = Checks the atf_list_index function
    has_cleanup = false
    required_configs is empty
    required_disk_space = 0
    required_files is empty
    required_memory = 0
    required_programs is empty
    required_user is empty
    timeout = 300
===> lib/atf/libatf-c/detail/list_test:list_index_c
Result: passed
Duration: 0.517s

Metadata:
    allowed_architectures is empty
    allowed_platforms is empty
    description = Checks the atf_list_index_c function
    has_cleanup = false
    required_configs is empty
    required_disk_space = 0
    required_files is empty
    required_memory = 0
    required_programs is empty
    required_user is empty
    timeout = 300
===> lib/atf/libatf-c/detail/list_test:list_init
Result: passed
Duration: 0.596s

Metadata:
    allowed_architectures is empty
    allowed_platforms is empty
    description = Checks the atf_list_init function
    has_cleanup = false
    required_configs is empty
    required_disk_space = 0
    required_files is empty
    required_memory = 0
    required_programs is empty
    required_user is empty
    timeout = 300
===> lib/atf/libatf-c/detail/list_test:list_to_charpp_empty
Result: passed
Duration: 0.329s

Metadata:
    allowed_architectures is empty
    allowed_platforms is empty
    description is empty
    has_cleanup = false
    required_configs is empty
    required_disk_space = 0
    required_files is empty
    required_memory = 0
    required_programs is empty
    required_user is empty
    timeout = 300
===> lib/atf/libatf-c/detail/list_test:list_to_charpp_some
Result: passed
Duration: 0.489s

Metadata:
    allowed_architectures is empty
    allowed_platforms is empty
    description is empty
    has_cleanup = false
    required_configs is empty
    required_disk_space = 0
    required_files is empty
    required_memory = 0
    required_programs is empty
    required_user is empty
    timeout = 300
===> lib/atf/libatf-c/detail/map_test:find
Result: passed
Duration: 0.640s

Metadata:
    allowed_architectures is empty
    allowed_platforms is empty
    description = Checks the atf_map_find function
    has_cleanup = false
    required_configs is empty
    required_disk_space = 0
    required_files is empty
    required_memory = 0
    required_programs is empty
    required_user is empty
    timeout = 300
===> lib/atf/libatf-c/detail/map_test:find_c
Result: passed
Duration: 0.242s

Metadata:
    allowed_architectures is empty
    allowed_platforms is empty
    description = Checks the atf_map_find_c function
    has_cleanup = false
    required_configs is empty
    required_disk_space = 0
    required_files is empty
    required_memory = 0
    required_programs is empty
    required_user is empty
    timeout = 300
===> lib/atf/libatf-c/detail/map_test:map_for_each
Result: passed
Duration: 0.111s

Metadata:
    allowed_architectures is empty
    allowed_platforms is empty
    description = Checks the atf_map_for_each macro
    has_cleanup = false
    required_configs is empty
    required_disk_space = 0
    required_files is empty
    required_memory = 0
    required_programs is empty
    required_user is empty
    timeout = 300

Standard output:
Iterating over empty map
Iterating over map of 0 elements
Iterating over map of 1 elements
Retrieved item: 1
Iterating over map of 2 elements
Retrieved item: 1
Retrieved item: 2
Iterating over map of 3 elements
Retrieved item: 1
Retrieved item: 2
Retrieved item: 3
Iterating over map of 4 elements
Retrieved item: 1
Retrieved item: 2
Retrieved item: 3
Retrieved item: 4
Iterating over map of 5 elements
Retrieved item: 1
Retrieved item: 2
Retrieved item: 3
Retrieved item: 4
Retrieved item: 5
Iterating over map of 6 elements
Retrieved item: 1
Retrieved item: 2
Retrieved item: 3
Retrieved item: 4
Retrieved item: 5
Retrieved item: 6
Iterating over map of 7 elements
Retrieved item: 1
Retrieved item: 2
Retrieved item: 3
Retrieved item: 4
Retrieved item: 5
Retrieved item: 6
Retrieved item: 7
Iterating over map of 8 elements
Retrieved item: 1
Retrieved item: 2
Retrieved item: 3
Retrieved item: 4
Retrieved item: 5
Retrieved item: 6
Retrieved item: 7
Retrieved item: 8
Iterating over map of 9 elements
Retrieved item: 1
Retrieved item: 2
Retrieved item: 3
Retrieved item: 4
Retrieved item: 5
Retrieved item: 6
Retrieved item: 7
Retrieved item: 8
Retrieved item: 9
Iterating over map of 10 elements
Retrieved item: 1
Retrieved item: 2
Retrieved item: 3
Retrieved item: 4
Retrieved item: 5
Retrieved item: 6
Retrieved item: 7
Retrieved item: 8
Retrieved item: 9
Retrieved item: 10
===> lib/atf/libatf-c/detail/map_test:map_for_each_c
Result: passed
Duration: 0.338s

Metadata:
    allowed_architectures is empty
    allowed_platforms is empty
    description = Checks the atf_map_for_each_c macro
    has_cleanup = false
    required_configs is empty
    required_disk_space = 0
    required_files is empty
    required_memory = 0
    required_programs is empty
    required_user is empty
    timeout = 300

Standard output:
Iterating over empty map
Iterating over map of 0 elements
Iterating over map of 1 elements
Retrieved item: 1
Iterating over map of 2 elements
Retrieved item: 1
Retrieved item: 2
Iterating over map of 3 elements
Retrieved item: 1
Retrieved item: 2
Retrieved item: 3
Iterating over map of 4 elements
Retrieved item: 1
Retrieved item: 2
Retrieved item: 3
Retrieved item: 4
Iterating over map of 5 elements
Retrieved item: 1
Retrieved item: 2
Retrieved item: 3
Retrieved item: 4
Retrieved item: 5
Iterating over map of 6 elements
Retrieved item: 1
Retrieved item: 2
Retrieved item: 3
Retrieved item: 4
Retrieved item: 5
Retrieved item: 6
Iterating over map of 7 elements
Retrieved item: 1
Retrieved item: 2
Retrieved item: 3
Retrieved item: 4
Retrieved item: 5
Retrieved item: 6
Retrieved item: 7
Iterating over map of 8 elements
Retrieved item: 1
Retrieved item: 2
Retrieved item: 3
Retrieved item: 4
Retrieved item: 5
Retrieved item: 6
Retrieved item: 7
Retrieved item: 8
Iterating over map of 9 elements
Retrieved item: 1
Retrieved item: 2
Retrieved item: 3
Retrieved item: 4
Retrieved item: 5
Retrieved item: 6
Retrieved item: 7
Retrieved item: 8
Retrieved item: 9
Iterating over map of 10 elements
Retrieved item: 1
Retrieved item: 2
Retrieved item: 3
Retrieved item: 4
Retrieved item: 5
Retrieved item: 6
Retrieved item: 7
Retrieved item: 8
Retrieved item: 9
Retrieved item: 10
===> lib/atf/libatf-c/detail/map_test:map_init
Result: passed
Duration: 0.176s

Metadata:
    allowed_architectures is empty
    allowed_platforms is empty
    description = Checks the atf_map_init function
    has_cleanup = false
    required_configs is empty
    required_disk_space = 0
    required_files is empty
    required_memory = 0
    required_programs is empty
    required_user is empty
    timeout = 300
===> lib/atf/libatf-c/detail/map_test:map_init_charpp_empty
Result: passed
Duration: 0.237s

Metadata:
    allowed_architectures is empty
    allowed_platforms is empty
    description is empty
    has_cleanup = false
    required_configs is empty
    required_disk_space = 0
    required_files is empty
    required_memory = 0
    required_programs is empty
    required_user is empty
    timeout = 300
===> lib/atf/libatf-c/detail/map_test:map_init_charpp_null
Result: passed
Duration: 0.943s

Metadata:
    allowed_architectures is empty
    allowed_platforms is empty
    description is empty
    has_cleanup = false
    required_configs is empty
    required_disk_space = 0
    required_files is empty
    required_memory = 0
    required_programs is empty
    required_user is empty
    timeout = 300
===> lib/atf/libatf-c/detail/map_test:map_init_charpp_short
Result: passed
Duration: 0.331s

Metadata:
    allowed_architectures is empty
    allowed_platforms is empty
    description is empty
    has_cleanup = false
    required_configs is empty
    required_disk_space = 0
    required_files is empty
    required_memory = 0
    required_programs is empty
    required_user is empty
    timeout = 300
===> lib/atf/libatf-c/detail/map_test:map_init_charpp_some
Result: passed
Duration: 0.646s

Metadata:
    allowed_architectures is empty
    allowed_platforms is empty
    description is empty
    has_cleanup = false
    required_configs is empty
    required_disk_space = 0
    required_files is empty
    required_memory = 0
    required_programs is empty
    required_user is empty
    timeout = 300
===> lib/atf/libatf-c/detail/map_test:map_insert
Result: passed
Duration: 1.121s

Metadata:
    allowed_architectures is empty
    allowed_platforms is empty
    description = Checks the atf_map_insert function
    has_cleanup = false
    required_configs is empty
    required_disk_space = 0
    required_files is empty
    required_memory = 0
    required_programs is empty
    required_user is empty
    timeout = 300

Standard output:
Inserting some values
Replacing a value
===> lib/atf/libatf-c/detail/map_test:stable_keys
Result: passed
Duration: 0.677s

Metadata:
    allowed_architectures is empty
    allowed_platforms is empty
    description = Checks that the keys do not change even if their original values do
    has_cleanup = false
    required_configs is empty
    required_disk_space = 0
    required_files is empty
    required_memory = 0
    required_programs is empty
    required_user is empty
    timeout = 300
===> lib/atf/libatf-c/detail/map_test:to_charpp_empty
Result: passed
Duration: 0.840s

Metadata:
    allowed_architectures is empty
    allowed_platforms is empty
    description is empty
    has_cleanup = false
    required_configs is empty
    required_disk_space = 0
    required_files is empty
    required_memory = 0
    required_programs is empty
    required_user is empty
    timeout = 300
===> lib/atf/libatf-c/detail/map_test:to_charpp_some
Result: passed
Duration: 0.545s

Metadata:
    allowed_architectures is empty
    allowed_platforms is empty
    description is empty
    has_cleanup = false
    required_configs is empty
    required_disk_space = 0
    required_files is empty
    required_memory = 0
    required_programs is empty
    required_user is empty
    timeout = 300
===> lib/atf/libatf-c/detail/process_test:child_pid
Result: passed
Duration: 0.743s

Metadata:
    allowed_architectures is empty
    allowed_platforms is empty
    description = Tests the correctness of the pid stored in the child type
    has_cleanup = false
    required_configs is empty
    required_disk_space = 0
    required_files is empty
    required_memory = 0
    required_programs is empty
    required_user is empty
    timeout = 300

Standard output:
Expected PID: 22439
Actual PID: 22439

Standard error:
Reporting 22439 to parent
===> lib/atf/libatf-c/detail/process_test:child_wait_eintr
Result: passed
Duration: 1.538s

Metadata:
    allowed_architectures is empty
    allowed_platforms is empty
    description = Tests the interruption of the wait method by an external signal, and the return of an EINTR error
    has_cleanup = false
    required_configs is empty
    required_disk_space = 0
    required_files is empty
    required_memory = 0
    required_programs is empty
    required_user is empty
    timeout = 30

Standard output:
Waiting for child to issue wait(2)
Interrupting child's wait(2) call
Waiting for child's completion

Standard error:
Child entering wait(2)
Child's wait(2) terminated
Child is killing subchild
===> lib/atf/libatf-c/detail/process_test:exec_failure
Result: passed
Duration: 0.388s

Metadata:
    allowed_architectures is empty
    allowed_platforms is empty
    description = Tests execing a command
    has_cleanup = false
    required_configs is empty
    required_disk_space = 0
    required_files is empty
    required_memory = 0
    required_programs is empty
    required_user is empty
    timeout = 300

Standard output:
Executing /usr/tests/lib/atf/libatf-c/detail/process_helpers exit-failure
===> lib/atf/libatf-c/detail/process_test:exec_list
Result: passed
Duration: 0.224s

Metadata:
    allowed_architectures is empty
    allowed_platforms is empty
    description = Tests execing a command
    has_cleanup = false
    required_configs is empty
    required_disk_space = 0
    required_files is empty
    required_memory = 0
    required_programs is empty
    required_user is empty
    timeout = 300
===> lib/atf/libatf-c/detail/process_test:exec_prehook
Result: passed
Duration: 0.319s

Metadata:
    allowed_architectures is empty
    allowed_platforms is empty
    description = Tests execing a command with a prehook
    has_cleanup = false
    required_configs is empty
    required_disk_space = 0
    required_files is empty
    required_memory = 0
    required_programs is empty
    required_user is empty
    timeout = 300

Standard output:
Executing /usr/tests/lib/atf/libatf-c/detail/process_helpers exit-success
Executing /usr/tests/lib/atf/libatf-c/detail/process_helpers exit-success
===> lib/atf/libatf-c/detail/process_test:exec_success
Result: passed
Duration: 0.800s

Metadata:
    allowed_architectures is empty
    allowed_platforms is empty
    description = Tests execing a command
    has_cleanup = false
    required_configs is empty
    required_disk_space = 0
    required_files is empty
    required_memory = 0
    required_programs is empty
    required_user is empty
    timeout = 300

Standard output:
Executing /usr/tests/lib/atf/libatf-c/detail/process_helpers exit-success
===> lib/atf/libatf-c/detail/process_test:fork_cookie
Result: passed
Duration: 0.026s

Metadata:
    allowed_architectures is empty
    allowed_platforms is empty
    description = Tests forking a child, with a null and non-null data cookie
    has_cleanup = false
    required_configs is empty
    required_disk_space = 0
    required_files is empty
    required_memory = 0
    required_programs is empty
    required_user is empty
    timeout = 300
===> lib/atf/libatf-c/detail/process_test:fork_out_capture_err_capture
Result: passed
Duration: 0.018s

Metadata:
    allowed_architectures is empty
    allowed_platforms is empty
    description = Tests forking a child, with stdout capture and stderr capture
    has_cleanup = false
    required_configs is empty
    required_disk_space = 0
    required_files is empty
    required_memory = 0
    required_programs is empty
    required_user is empty
    timeout = 300

Standard output:
Looking for 'stdout: msg' in 'stdout: msg'
Looking for 'stderr: msg' in 'stdout: msg'
Looking for 'stdout: msg' in 'stderr: msg'
Looking for 'stderr: msg' in 'stderr: msg'
===> lib/atf/libatf-c/detail/process_test:fork_out_capture_err_connect
Result: passed
Duration: 0.531s

Metadata:
    allowed_architectures is empty
    allowed_platforms is empty
    description = Tests forking a child, with stdout capture and stderr connect
    has_cleanup = false
    required_configs is empty
    required_disk_space = 0
    required_files is empty
    required_memory = 0
    required_programs is empty
    required_user is empty
    timeout = 300

Standard output:
Looking for 'stdout: msg' in 'stdout: msg'
Looking for 'stderr: msg' in 'stdout: msg'
Looking for 'stderr: msg' in 'stderr: msg'
Looking for 'stdout: msg' in 'stderr: msg'
===> lib/atf/libatf-c/detail/process_test:fork_out_capture_err_default
Result: passed
Duration: 1.059s

Metadata:
    allowed_architectures is empty
    allowed_platforms is empty
    description = Tests forking a child, with stdout capture and stderr default
    has_cleanup = false
    required_configs is empty
    required_disk_space = 0
    required_files is empty
    required_memory = 0
    required_programs is empty
    required_user is empty
    timeout = 300

Standard output:
Looking for 'stdout: msg' in 'stdout: msg'
Looking for 'stderr: msg' in 'stdout: msg'
Looking for 'stderr: msg' in 'stderr: msg'
Looking for 'stdout: msg' in 'stderr: msg'
===> lib/atf/libatf-c/detail/process_test:fork_out_capture_err_inherit
Result: passed
Duration: 0.499s

Metadata:
    allowed_architectures is empty
    allowed_platforms is empty
    description = Tests forking a child, with stdout capture and stderr inherit
    has_cleanup = false
    required_configs is empty
    required_disk_space = 0
    required_files is empty
    required_memory = 0
    required_programs is empty
    required_user is empty
    timeout = 300

Standard output:
Looking for 'stdout: msg' in 'stdout: msg'
Looking for 'stderr: msg' in 'stdout: msg'
Looking for 'stderr: msg' in 'stderr: msg'
Looking for 'stdout: msg' in 'stderr: msg'
===> lib/atf/libatf-c/detail/process_test:fork_out_capture_err_redirect_fd
Result: passed
Duration: 0.791s

Metadata:
    allowed_architectures is empty
    allowed_platforms is empty
    description = Tests forking a child, with stdout capture and stderr redirect_fd
    has_cleanup = false
    required_configs is empty
    required_disk_space = 0
    required_files is empty
    required_memory = 0
    required_programs is empty
    required_user is empty
    timeout = 300

Standard output:
Looking for 'stdout: msg' in 'stdout: msg'
Looking for 'stderr: msg' in 'stdout: msg'
Looking for 'stderr: msg' in 'stderr: msg'
Looking for 'stdout: msg' in 'stderr: msg'
===> lib/atf/libatf-c/detail/process_test:fork_out_capture_err_redirect_path
Result: passed
Duration: 0.450s

Metadata:
    allowed_architectures is empty
    allowed_platforms is empty
    description = Tests forking a child, with stdout capture and stderr redirect_path
    has_cleanup = false
    required_configs is empty
    required_disk_space = 0
    required_files is empty
    required_memory = 0
    required_programs is empty
    required_user is empty
    timeout = 300

Standard output:
Looking for 'stdout: msg' in 'stdout: msg'
Looking for 'stderr: msg' in 'stdout: msg'
Looking for 'stderr: msg' in 'stderr: msg'
Looking for 'stdout: msg' in 'stderr: msg'
===> lib/atf/libatf-c/detail/process_test:fork_out_connect_err_capture
Result: passed
Duration: 0.379s

Metadata:
    allowed_architectures is empty
    allowed_platforms is empty
    description = Tests forking a child, with stdout connect and stderr capture
    has_cleanup = false
    required_configs is empty
    required_disk_space = 0
    required_files is empty
    required_memory = 0
    required_programs is empty
    required_user is empty
    timeout = 300

Standard output:
Looking for 'stdout: msg' in 'stdout: msg'
Looking for 'stderr: msg' in 'stdout: msg'
Looking for 'stdout: msg' in 'stderr: msg'
Looking for 'stderr: msg' in 'stderr: msg'
===> lib/atf/libatf-c/detail/process_test:fork_out_connect_err_connect
Result: passed
Duration: 0.311s

Metadata:
    allowed_architectures is empty
    allowed_platforms is empty
    description = Tests forking a child, with stdout connect and stderr connect
    has_cleanup = false
    required_configs is empty
    required_disk_space = 0
    required_files is empty
    required_memory = 0
    required_programs is empty
    required_user is empty
    timeout = 300

Standard output:
Looking for 'stdout: msg' in 'stdout: msg'
Looking for 'stderr: msg' in 'stdout: msg'
Looking for 'stderr: msg' in 'stderr: msg'
Looking for 'stdout: msg' in 'stderr: msg'
===> lib/atf/libatf-c/detail/process_test:fork_out_connect_err_default
Result: passed
Duration: 0.535s

Metadata:
    allowed_architectures is empty
    allowed_platforms is empty
    description = Tests forking a child, with stdout connect and stderr default
    has_cleanup = false
    required_configs is empty
    required_disk_space = 0
    required_files is empty
    required_memory = 0
    required_programs is empty
    required_user is empty
    timeout = 300

Standard output:
Looking for 'stdout: msg' in 'stdout: msg'
Looking for 'stderr: msg' in 'stdout: msg'
Looking for 'stderr: msg' in 'stderr: msg'
Looking for 'stdout: msg' in 'stderr: msg'
===> lib/atf/libatf-c/detail/process_test:fork_out_connect_err_inherit
Result: passed
Duration: 8.337s

Metadata:
    allowed_architectures is empty
    allowed_platforms is empty
    description = Tests forking a child, with stdout connect and stderr inherit
    has_cleanup = false
    required_configs is empty
    required_disk_space = 0
    required_files is empty
    required_memory = 0
    required_programs is empty
    required_user is empty
    timeout = 300

Standard output:
Looking for 'stdout: msg' in 'stdout: msg'
Looking for 'stderr: msg' in 'stdout: msg'
Looking for 'stderr: msg' in 'stderr: msg'
Looking for 'stdout: msg' in 'stderr: msg'
===> lib/atf/libatf-c/detail/process_test:fork_out_connect_err_redirect_fd
Result: passed
Duration: 0.698s

Metadata:
    allowed_architectures is empty
    allowed_platforms is empty
    description = Tests forking a child, with stdout connect and stderr redirect_fd
    has_cleanup = false
    required_configs is empty
    required_disk_space = 0
    required_files is empty
    required_memory = 0
    required_programs is empty
    required_user is empty
    timeout = 300

Standard output:
Looking for 'stdout: msg' in 'stdout: msg'
Looking for 'stderr: msg' in 'stdout: msg'
Looking for 'stderr: msg' in 'stderr: msg'
Looking for 'stdout: msg' in 'stderr: msg'
===> lib/atf/libatf-c/detail/process_test:fork_out_connect_err_redirect_path
Result: passed
Duration: 0.337s

Metadata:
    allowed_architectures is empty
    allowed_platforms is empty
    description = Tests forking a child, with stdout connect and stderr redirect_path
    has_cleanup = false
    required_configs is empty
    required_disk_space = 0
    required_files is empty
    required_memory = 0
    required_programs is empty
    required_user is empty
    timeout = 300

Standard output:
Looking for 'stdout: msg' in 'stdout: msg'
Looking for 'stderr: msg' in 'stdout: msg'
Looking for 'stderr: msg' in 'stderr: msg'
Looking for 'stdout: msg' in 'stderr: msg'
===> lib/atf/libatf-c/detail/process_test:fork_out_default_err_capture
Result: passed
Duration: 0.254s

Metadata:
    allowed_architectures is empty
    allowed_platforms is empty
    description = Tests forking a child, with stdout default and stderr capture
    has_cleanup = false
    required_configs is empty
    required_disk_space = 0
    required_files is empty
    required_memory = 0
    required_programs is empty
    required_user is empty
    timeout = 300

Standard output:
Looking for 'stdout: msg' in 'stdout: msg'
Looking for 'stderr: msg' in 'stdout: msg'
Looking for 'stdout: msg' in 'stderr: msg'
Looking for 'stderr: msg' in 'stderr: msg'
===> lib/atf/libatf-c/detail/process_test:fork_out_default_err_connect
Result: passed
Duration: 0.502s

Metadata:
    allowed_architectures is empty
    allowed_platforms is empty
    description = Tests forking a child, with stdout default and stderr connect
    has_cleanup = false
    required_configs is empty
    required_disk_space = 0
    required_files is empty
    required_memory = 0
    required_programs is empty
    required_user is empty
    timeout = 300

Standard output:
Looking for 'stdout: msg' in 'stdout: msg'
Looking for 'stderr: msg' in 'stdout: msg'
Looking for 'stderr: msg' in 'stderr: msg'
Looking for 'stdout: msg' in 'stderr: msg'
===> lib/atf/libatf-c/detail/process_test:fork_out_default_err_default
Result: passed
Duration: 0.948s

Metadata:
    allowed_architectures is empty
    allowed_platforms is empty
    description = Tests forking a child, with stdout default and stderr default
    has_cleanup = false
    required_configs is empty
    required_disk_space = 0
    required_files is empty
    required_memory = 0
    required_programs is empty
    required_user is empty
    timeout = 300

Standard output:
Looking for 'stdout: msg' in 'stdout: msg'
Looking for 'stderr: msg' in 'stdout: msg'
Looking for 'stderr: msg' in 'stderr: msg'
Looking for 'stdout: msg' in 'stderr: msg'
===> lib/atf/libatf-c/detail/process_test:fork_out_default_err_inherit
Result: passed
Duration: 0.981s

Metadata:
    allowed_architectures is empty
    allowed_platforms is empty
    description = Tests forking a child, with stdout default and stderr inherit
    has_cleanup = false
    required_configs is empty
    required_disk_space = 0
    required_files is empty
    required_memory = 0
    required_programs is empty
    required_user is empty
    timeout = 300

Standard output:
Looking for 'stdout: msg' in 'stdout: msg'
Looking for 'stderr: msg' in 'stdout: msg'
Looking for 'stderr: msg' in 'stderr: msg'
Looking for 'stdout: msg' in 'stderr: msg'
===> lib/atf/libatf-c/detail/process_test:fork_out_default_err_redirect_fd
Result: passed
Duration: 0.716s

Metadata:
    allowed_architectures is empty
    allowed_platforms is empty
    description = Tests forking a child, with stdout default and stderr redirect_fd
    has_cleanup = false
    required_configs is empty
    required_disk_space = 0
    required_files is empty
    required_memory = 0
    required_programs is empty
    required_user is empty
    timeout = 300

Standard output:
Looking for 'stdout: msg' in 'stdout: msg'
Looking for 'stderr: msg' in 'stdout: msg'
Looking for 'stderr: msg' in 'stderr: msg'
Looking for 'stdout: msg' in 'stderr: msg'
===> lib/atf/libatf-c/detail/process_test:fork_out_default_err_redirect_path
Result: passed
Duration: 0.562s

Metadata:
    allowed_architectures is empty
    allowed_platforms is empty
    description = Tests forking a child, with stdout default and stderr redirect_path
    has_cleanup = false
    required_configs is empty
    required_disk_space = 0
    required_files is empty
    required_memory = 0
    required_programs is empty
    required_user is empty
    timeout = 300

Standard output:
Looking for 'stdout: msg' in 'stdout: msg'
Looking for 'stderr: msg' in 'stdout: msg'
Looking for 'stderr: msg' in 'stderr: msg'
Looking for 'stdout: msg' in 'stderr: msg'
===> lib/atf/libatf-c/detail/process_test:fork_out_inherit_err_capture
Result: passed
Duration: 0.176s

Metadata:
    allowed_architectures is empty
    allowed_platforms is empty
    description = Tests forking a child, with stdout inherit and stderr capture
    has_cleanup = false
    required_configs is empty
    required_disk_space = 0
    required_files is empty
    required_memory = 0
    required_programs is empty
    required_user is empty
    timeout = 300

Standard output:
Looking for 'stdout: msg' in 'stdout: msg'
Looking for 'stderr: msg' in 'stdout: msg'
Looking for 'stdout: msg' in 'stderr: msg'
Looking for 'stderr: msg' in 'stderr: msg'
===> lib/atf/libatf-c/detail/process_test:fork_out_inherit_err_connect
Result: passed
Duration: 0.366s

Metadata:
    allowed_architectures is empty
    allowed_platforms is empty
    description = Tests forking a child, with stdout inherit and stderr connect
    has_cleanup = false
    required_configs is empty
    required_disk_space = 0
    required_files is empty
    required_memory = 0
    required_programs is empty
    required_user is empty
    timeout = 300

Standard output:
Looking for 'stdout: msg' in 'stdout: msg'
Looking for 'stderr: msg' in 'stdout: msg'
Looking for 'stderr: msg' in 'stderr: msg'
Looking for 'stdout: msg' in 'stderr: msg'
===> lib/atf/libatf-c/detail/process_test:fork_out_inherit_err_default
Result: passed
Duration: 0.200s

Metadata:
    allowed_architectures is empty
    allowed_platforms is empty
    description = Tests forking a child, with stdout inherit and stderr default
    has_cleanup = false
    required_configs is empty
    required_disk_space = 0
    required_files is empty
    required_memory = 0
    required_programs is empty
    required_user is empty
    timeout = 300

Standard output:
Looking for 'stdout: msg' in 'stdout: msg'
Looking for 'stderr: msg' in 'stdout: msg'
Looking for 'stderr: msg' in 'stderr: msg'
Looking for 'stdout: msg' in 'stderr: msg'
===> lib/atf/libatf-c/detail/process_test:fork_out_inherit_err_inherit
Result: passed
Duration: 0.096s

Metadata:
    allowed_architectures is empty
    allowed_platforms is empty
    description = Tests forking a child, with stdout inherit and stderr inherit
    has_cleanup = false
    required_configs is empty
    required_disk_space = 0
    required_files is empty
    required_memory = 0
    required_programs is empty
    required_user is empty
    timeout = 300

Standard output:
Looking for 'stdout: msg' in 'stdout: msg'
Looking for 'stderr: msg' in 'stdout: msg'
Looking for 'stderr: msg' in 'stderr: msg'
Looking for 'stdout: msg' in 'stderr: msg'
===> lib/atf/libatf-c/detail/process_test:fork_out_inherit_err_redirect_fd
Result: passed
Duration: 0.113s

Metadata:
    allowed_architectures is empty
    allowed_platforms is empty
    description = Tests forking a child, with stdout inherit and stderr redirect_fd
    has_cleanup = false
    required_configs is empty
    required_disk_space = 0
    required_files is empty
    required_memory = 0
    required_programs is empty
    required_user is empty
    timeout = 300

Standard output:
Looking for 'stdout: msg' in 'stdout: msg'
Looking for 'stderr: msg' in 'stdout: msg'
Looking for 'stderr: msg' in 'stderr: msg'
Looking for 'stdout: msg' in 'stderr: msg'
===> lib/atf/libatf-c/detail/process_test:fork_out_inherit_err_redirect_path
Result: passed
Duration: 0.208s

Metadata:
    allowed_architectures is empty
    allowed_platforms is empty
    description = Tests forking a child, with stdout inherit and stderr redirect_path
    has_cleanup = false
    required_configs is empty
    required_disk_space = 0
    required_files is empty
    required_memory = 0
    required_programs is empty
    required_user is empty
    timeout = 300

Standard output:
Looking for 'stdout: msg' in 'stdout: msg'
Looking for 'stderr: msg' in 'stdout: msg'
Looking for 'stderr: msg' in 'stderr: msg'
Looking for 'stdout: msg' in 'stderr: msg'
===> lib/atf/libatf-c/detail/process_test:fork_out_redirect_fd_err_capture
Result: passed
Duration: 0.327s

Metadata:
    allowed_architectures is empty
    allowed_platforms is empty
    description = Tests forking a child, with stdout redirect_fd and stderr capture
    has_cleanup = false
    required_configs is empty
    required_disk_space = 0
    required_files is empty
    required_memory = 0
    required_programs is empty
    required_user is empty
    timeout = 300

Standard output:
Looking for 'stdout: msg' in 'stdout: msg'
Looking for 'stderr: msg' in 'stdout: msg'
Looking for 'stdout: msg' in 'stderr: msg'
Looking for 'stderr: msg' in 'stderr: msg'
===> lib/atf/libatf-c/detail/process_test:fork_out_redirect_fd_err_connect
Result: passed
Duration: 0.124s

Metadata:
    allowed_architectures is empty
    allowed_platforms is empty
    description = Tests forking a child, with stdout redirect_fd and stderr connect
    has_cleanup = false
    required_configs is empty
    required_disk_space = 0
    required_files is empty
    required_memory = 0
    required_programs is empty
    required_user is empty
    timeout = 300

Standard output:
Looking for 'stdout: msg' in 'stdout: msg'
Looking for 'stderr: msg' in 'stdout: msg'
Looking for 'stderr: msg' in 'stderr: msg'
Looking for 'stdout: msg' in 'stderr: msg'
===> lib/atf/libatf-c/detail/process_test:fork_out_redirect_fd_err_default
Result: passed
Duration: 0.021s

Metadata:
    allowed_architectures is empty
    allowed_platforms is empty
    description = Tests forking a child, with stdout redirect_fd and stderr default
    has_cleanup = false
    required_configs is empty
    required_disk_space = 0
    required_files is empty
    required_memory = 0
    required_programs is empty
    required_user is empty
    timeout = 300

Standard output:
Looking for 'stdout: msg' in 'stdout: msg'
Looking for 'stderr: msg' in 'stdout: msg'
Looking for 'stderr: msg' in 'stderr: msg'
Looking for 'stdout: msg' in 'stderr: msg'
===> lib/atf/libatf-c/detail/process_test:fork_out_redirect_fd_err_inherit
Result: passed
Duration: 0.020s

Metadata:
    allowed_architectures is empty
    allowed_platforms is empty
    description = Tests forking a child, with stdout redirect_fd and stderr inherit
    has_cleanup = false
    required_configs is empty
    required_disk_space = 0
    required_files is empty
    required_memory = 0
    required_programs is empty
    required_user is empty
    timeout = 300

Standard output:
Looking for 'stdout: msg' in 'stdout: msg'
Looking for 'stderr: msg' in 'stdout: msg'
Looking for 'stderr: msg' in 'stderr: msg'
Looking for 'stdout: msg' in 'stderr: msg'
===> lib/atf/libatf-c/detail/process_test:fork_out_redirect_fd_err_redirect_fd
Result: passed
Duration: 0.784s

Metadata:
    allowed_architectures is empty
    allowed_platforms is empty
    description = Tests forking a child, with stdout redirect_fd and stderr redirect_fd
    has_cleanup = false
    required_configs is empty
    required_disk_space = 0
    required_files is empty
    required_memory = 0
    required_programs is empty
    required_user is empty
    timeout = 300

Standard output:
Looking for 'stdout: msg' in 'stdout: msg'
Looking for 'stderr: msg' in 'stdout: msg'
Looking for 'stderr: msg' in 'stderr: msg'
Looking for 'stdout: msg' in 'stderr: msg'
===> lib/atf/libatf-c/detail/process_test:fork_out_redirect_fd_err_redirect_path
Result: passed
Duration: 1.437s

Metadata:
    allowed_architectures is empty
    allowed_platforms is empty
    description = Tests forking a child, with stdout redirect_fd and stderr redirect_path
    has_cleanup = false
    required_configs is empty
    required_disk_space = 0
    required_files is empty
    required_memory = 0
    required_programs is empty
    required_user is empty
    timeout = 300

Standard output:
Looking for 'stdout: msg' in 'stdout: msg'
Looking for 'stderr: msg' in 'stdout: msg'
Looking for 'stderr: msg' in 'stderr: msg'
Looking for 'stdout: msg' in 'stderr: msg'
===> lib/atf/libatf-c/detail/process_test:fork_out_redirect_path_err_capture
Result: passed
Duration: 0.479s

Metadata:
    allowed_architectures is empty
    allowed_platforms is empty
    description = Tests forking a child, with stdout redirect_path and stderr capture
    has_cleanup = false
    required_configs is empty
    required_disk_space = 0
    required_files is empty
    required_memory = 0
    required_programs is empty
    required_user is empty
    timeout = 300

Standard output:
Looking for 'stdout: msg' in 'stdout: msg'
Looking for 'stderr: msg' in 'stdout: msg'
Looking for 'stdout: msg' in 'stderr: msg'
Looking for 'stderr: msg' in 'stderr: msg'
===> lib/atf/libatf-c/detail/process_test:fork_out_redirect_path_err_connect
Result: passed
Duration: 0.836s

Metadata:
    allowed_architectures is empty
    allowed_platforms is empty
    description = Tests forking a child, with stdout redirect_path and stderr connect
    has_cleanup = false
    required_configs is empty
    required_disk_space = 0
    required_files is empty
    required_memory = 0
    required_programs is empty
    required_user is empty
    timeout = 300

Standard output:
Looking for 'stdout: msg' in 'stdout: msg'
Looking for 'stderr: msg' in 'stdout: msg'
Looking for 'stderr: msg' in 'stderr: msg'
Looking for 'stdout: msg' in 'stderr: msg'
===> lib/atf/libatf-c/detail/process_test:fork_out_redirect_path_err_default
Result: passed
Duration: 0.593s

Metadata:
    allowed_architectures is empty
    allowed_platforms is empty
    description = Tests forking a child, with stdout redirect_path and stderr default
    has_cleanup = false
    required_configs is empty
    required_disk_space = 0
    required_files is empty
    required_memory = 0
    required_programs is empty
    required_user is empty
    timeout = 300

Standard output:
Looking for 'stdout: msg' in 'stdout: msg'
Looking for 'stderr: msg' in 'stdout: msg'
Looking for 'stderr: msg' in 'stderr: msg'
Looking for 'stdout: msg' in 'stderr: msg'
===> lib/atf/libatf-c/detail/process_test:fork_out_redirect_path_err_inherit
Result: passed
Duration: 0.783s

Metadata:
    allowed_architectures is empty
    allowed_platforms is empty
    description = Tests forking a child, with stdout redirect_path and stderr inherit
    has_cleanup = false
    required_configs is empty
    required_disk_space = 0
    required_files is empty
    required_memory = 0
    required_programs is empty
    required_user is empty
    timeout = 300

Standard output:
Looking for 'stdout: msg' in 'stdout: msg'
Looking for 'stderr: msg' in 'stdout: msg'
Looking for 'stderr: msg' in 'stderr: msg'
Looking for 'stdout: msg' in 'stderr: msg'
===> lib/atf/libatf-c/detail/process_test:fork_out_redirect_path_err_redirect_fd
Result: passed
Duration: 0.461s

Metadata:
    allowed_architectures is empty
    allowed_platforms is empty
    description = Tests forking a child, with stdout redirect_path and stderr redirect_fd
    has_cleanup = false
    required_configs is empty
    required_disk_space = 0
    required_files is empty
    required_memory = 0
    required_programs is empty
    required_user is empty
    timeout = 300

Standard output:
Looking for 'stdout: msg' in 'stdout: msg'
Looking for 'stderr: msg' in 'stdout: msg'
Looking for 'stderr: msg' in 'stderr: msg'
Looking for 'stdout: msg' in 'stderr: msg'
===> lib/atf/libatf-c/detail/process_test:fork_out_redirect_path_err_redirect_path
Result: passed
Duration: 1.576s

Metadata:
    allowed_architectures is empty
    allowed_platforms is empty
    description = Tests forking a child, with stdout redirect_path and stderr redirect_path
    has_cleanup = false
    required_configs is empty
    required_disk_space = 0
    required_files is empty
    required_memory = 0
    required_programs is empty
    required_user is empty
    timeout = 300

Standard output:
Looking for 'stdout: msg' in 'stdout: msg'
Looking for 'stderr: msg' in 'stdout: msg'
Looking for 'stderr: msg' in 'stderr: msg'
Looking for 'stdout: msg' in 'stderr: msg'
===> lib/atf/libatf-c/detail/process_test:status_coredump
Result: passed
Duration: 10.887s

Metadata:
    allowed_architectures is empty
    allowed_platforms is empty
    description = Tests the status type for processes that crash
    has_cleanup = false
    required_configs is empty
    required_disk_space = 0
    required_files is empty
    required_memory = 0
    required_programs is empty
    required_user is empty
    timeout = 300
===> lib/atf/libatf-c/detail/process_test:status_exited
Result: passed
Duration: 0.584s

Metadata:
    allowed_architectures is empty
    allowed_platforms is empty
    description = Tests the status type for processes that exit cleanly
    has_cleanup = false
    required_configs is empty
    required_disk_space = 0
    required_files is empty
    required_memory = 0
    required_programs is empty
    required_user is empty
    timeout = 300
===> lib/atf/libatf-c/detail/process_test:status_signaled
Result: passed
Duration: 0.492s

Metadata:
    allowed_architectures is empty
    allowed_platforms is empty
    description = Tests the status type for processes that end due to a signal
    has_cleanup = false
    required_configs is empty
    required_disk_space = 0
    required_files is empty
    required_memory = 0
    required_programs is empty
    required_user is empty
    timeout = 300
===> lib/atf/libatf-c/detail/process_test:stream_init_capture
Result: passed
Duration: 0.456s

Metadata:
    allowed_architectures is empty
    allowed_platforms is empty
    description = Tests the atf_process_stream_init_capture function
    has_cleanup = false
    required_configs is empty
    required_disk_space = 0
    required_files is empty
    required_memory = 0
    required_programs is empty
    required_user is empty
    timeout = 300
===> lib/atf/libatf-c/detail/process_test:stream_init_connect
Result: passed
Duration: 0.300s

Metadata:
    allowed_architectures is empty
    allowed_platforms is empty
    description = Tests the atf_process_stream_init_connect function
    has_cleanup = false
    required_configs is empty
    required_disk_space = 0
    required_files is empty
    required_memory = 0
    required_programs is empty
    required_user is empty
    timeout = 300
===> lib/atf/libatf-c/detail/process_test:stream_init_inherit
Result: passed
Duration: 0.327s

Metadata:
    allowed_architectures is empty
    allowed_platforms is empty
    description = Tests the atf_process_stream_init_inherit function
    has_cleanup = false
    required_configs is empty
    required_disk_space = 0
    required_files is empty
    required_memory = 0
    required_programs is empty
    required_user is empty
    timeout = 300
===> lib/atf/libatf-c/detail/process_test:stream_init_redirect_fd
Result: passed
Duration: 0.276s

Metadata:
    allowed_architectures is empty
    allowed_platforms is empty
    description = Tests the atf_process_stream_init_redirect_fd function
    has_cleanup = false
    required_configs is empty
    required_disk_space = 0
    required_files is empty
    required_memory = 0
    required_programs is empty
    required_user is empty
    timeout = 300
===> lib/atf/libatf-c/detail/process_test:stream_init_redirect_path
Result: passed
Duration: 0.513s

Metadata:
    allowed_architectures is empty
    allowed_platforms is empty
    description = Tests the atf_process_stream_init_redirect_path function
    has_cleanup = false
    required_configs is empty
    required_disk_space = 0
    required_files is empty
    required_memory = 0
    required_programs is empty
    required_user is empty
    timeout = 300
===> lib/atf/libatf-c/detail/sanity_test:inv
Result: passed
Duration: 14.247s

Metadata:
    allowed_architectures is empty
    allowed_platforms is empty
    description = Tests the INV macro
    has_cleanup = false
    required_configs is empty
    required_disk_space = 0
    required_files is empty
    required_memory = 0
    required_programs is empty
    required_user is empty
    timeout = 300

Standard output:
Looking for 'Invariant' in 'sanity_test: Invariant check failed at /builds/FreeBSD_HEAD/contrib/atf/atf-c/detail/sanity_test.c:68: td->m_cond'
Looking for '/builds/FreeBSD_HEAD/contrib/atf/atf-c/detail/sanity_test.c' in 'sanity_test: Invariant check failed at /builds/FreeBSD_HEAD/contrib/atf/atf-c/detail/sanity_test.c:68: td->m_cond'
Looking for 'atf-discuss@googlegroups.com' in 'sanity_test: This is probably a bug in this application or one of the libraries it uses.  If you believe this problem is caused by, or is related to Automated Testing Framework 0.21, please report it to atf-discuss@googlegroups.com and provide as many details as possible describing how you got to this condition.'
Looking for 'Invariant' in 'sanity_test: Invariant check failed at /builds/FreeBSD_HEAD/contrib/atf/atf-c/detail/sanity_test.c:68: td->m_cond'
Looking for '/builds/FreeBSD_HEAD/contrib/atf/atf-c/detail/sanity_test.c' in 'sanity_test: Invariant check failed at /builds/FreeBSD_HEAD/contrib/atf/atf-c/detail/sanity_test.c:68: td->m_cond'
Looking for 'atf-discuss@googlegroups.com' in 'sanity_test: This is probably a bug in this application or one of the libraries it uses.  If you believe this problem is caused by, or is related to Automated Testing Framework 0.21, please report it to atf-discuss@googlegroups.com and provide as many details as possible describing how you got to this condition.'
===> lib/atf/libatf-c/detail/sanity_test:post
Result: passed
Duration: 5.347s

Metadata:
    allowed_architectures is empty
    allowed_platforms is empty
    description = Tests the POST macro
    has_cleanup = false
    required_configs is empty
    required_disk_space = 0
    required_files is empty
    required_memory = 0
    required_programs is empty
    required_user is empty
    timeout = 300

Standard output:
Looking for 'Postcondition' in 'sanity_test: Postcondition check failed at /builds/FreeBSD_HEAD/contrib/atf/atf-c/detail/sanity_test.c:76: td->m_cond'
Looking for '/builds/FreeBSD_HEAD/contrib/atf/atf-c/detail/sanity_test.c' in 'sanity_test: Postcondition check failed at /builds/FreeBSD_HEAD/contrib/atf/atf-c/detail/sanity_test.c:76: td->m_cond'
Looking for 'atf-discuss@googlegroups.com' in 'sanity_test: This is probably a bug in this application or one of the libraries it uses.  If you believe this problem is caused by, or is related to Automated Testing Framework 0.21, please report it to atf-discuss@googlegroups.com and provide as many details as possible describing how you got to this condition.'
Looking for 'Postcondition' in 'sanity_test: Postcondition check failed at /builds/FreeBSD_HEAD/contrib/atf/atf-c/detail/sanity_test.c:76: td->m_cond'
Looking for '/builds/FreeBSD_HEAD/contrib/atf/atf-c/detail/sanity_test.c' in 'sanity_test: Postcondition check failed at /builds/FreeBSD_HEAD/contrib/atf/atf-c/detail/sanity_test.c:76: td->m_cond'
Looking for 'atf-discuss@googlegroups.com' in 'sanity_test: This is probably a bug in this application or one of the libraries it uses.  If you believe this problem is caused by, or is related to Automated Testing Framework 0.21, please report it to atf-discuss@googlegroups.com and provide as many details as possible describing how you got to this condition.'
===> lib/atf/libatf-c/detail/sanity_test:pre
Result: passed
Duration: 5.174s

Metadata:
    allowed_architectures is empty
    allowed_platforms is empty
    description = Tests the PRE macro
    has_cleanup = false
    required_configs is empty
    required_disk_space = 0
    required_files is empty
    required_memory = 0
    required_programs is empty
    required_user is empty
    timeout = 300

Standard output:
Looking for 'Precondition' in 'sanity_test: Precondition check failed at /builds/FreeBSD_HEAD/contrib/atf/atf-c/detail/sanity_test.c:72: td->m_cond'
Looking for '/builds/FreeBSD_HEAD/contrib/atf/atf-c/detail/sanity_test.c' in 'sanity_test: Precondition check failed at /builds/FreeBSD_HEAD/contrib/atf/atf-c/detail/sanity_test.c:72: td->m_cond'
Looking for 'atf-discuss@googlegroups.com' in 'sanity_test: This is probably a bug in this application or one of the libraries it uses.  If you believe this problem is caused by, or is related to Automated Testing Framework 0.21, please report it to atf-discuss@googlegroups.com and provide as many details as possible describing how you got to this condition.'
Looking for 'Precondition' in 'sanity_test: Precondition check failed at /builds/FreeBSD_HEAD/contrib/atf/atf-c/detail/sanity_test.c:72: td->m_cond'
Looking for '/builds/FreeBSD_HEAD/contrib/atf/atf-c/detail/sanity_test.c' in 'sanity_test: Precondition check failed at /builds/FreeBSD_HEAD/contrib/atf/atf-c/detail/sanity_test.c:72: td->m_cond'
Looking for 'atf-discuss@googlegroups.com' in 'sanity_test: This is probably a bug in this application or one of the libraries it uses.  If you believe this problem is caused by, or is related to Automated Testing Framework 0.21, please report it to atf-discuss@googlegroups.com and provide as many details as possible describing how you got to this condition.'
===> lib/atf/libatf-c/detail/sanity_test:unreachable
Result: passed
Duration: 3.970s

Metadata:
    allowed_architectures is empty
    allowed_platforms is empty
    description = Tests the UNREACHABLE macro
    has_cleanup = false
    required_configs is empty
    required_disk_space = 0
    required_files is empty
    required_memory = 0
    required_programs is empty
    required_user is empty
    timeout = 300

Standard output:
Looking for 'Invariant' in 'sanity_test: Invariant check failed at /builds/FreeBSD_HEAD/contrib/atf/atf-c/detail/sanity_test.c:81: 0'
Looking for '/builds/FreeBSD_HEAD/contrib/atf/atf-c/detail/sanity_test.c' in 'sanity_test: Invariant check failed at /builds/FreeBSD_HEAD/contrib/atf/atf-c/detail/sanity_test.c:81: 0'
Looking for 'atf-discuss@googlegroups.com' in 'sanity_test: This is probably a bug in this application or one of the libraries it uses.  If you believe this problem is caused by, or is related to Automated Testing Framework 0.21, please report it to atf-discuss@googlegroups.com and provide as many details as possible describing how you got to this condition.'
Looking for 'Invariant' in 'sanity_test: Invariant check failed at /builds/FreeBSD_HEAD/contrib/atf/atf-c/detail/sanity_test.c:81: 0'
Looking for '/builds/FreeBSD_HEAD/contrib/atf/atf-c/detail/sanity_test.c' in 'sanity_test: Invariant check failed at /builds/FreeBSD_HEAD/contrib/atf/atf-c/detail/sanity_test.c:81: 0'
Looking for 'atf-discuss@googlegroups.com' in 'sanity_test: This is probably a bug in this application or one of the libraries it uses.  If you believe this problem is caused by, or is related to Automated Testing Framework 0.21, please report it to atf-discuss@googlegroups.com and provide as many details as possible describing how you got to this condition.'
===> lib/atf/libatf-c/detail/text_test:for_each_word
Result: passed
Duration: 0.197s

Metadata:
    allowed_architectures is empty
    allowed_platforms is empty
    description = Checks the atf_text_for_each_wordfunction
    has_cleanup = false
    required_configs is empty
    required_disk_space = 0
    required_files is empty
    required_memory = 0
    required_programs is empty
    required_user is empty
    timeout = 300
===> lib/atf/libatf-c/detail/text_test:format
Result: passed
Duration: 0.135s

Metadata:
    allowed_architectures is empty
    allowed_platforms is empty
    description = Checks the construction of free-form strings using a variable parameters list
    has_cleanup = false
    required_configs is empty
    required_disk_space = 0
    required_files is empty
    required_memory = 0
    required_programs is empty
    required_user is empty
    timeout = 300
===> lib/atf/libatf-c/detail/text_test:format_ap
Result: passed
Duration: 0.015s

Metadata:
    allowed_architectures is empty
    allowed_platforms is empty
    description = Checks the construction of free-form strings using a va_list argument
    has_cleanup = false
    required_configs is empty
    required_disk_space = 0
    required_files is empty
    required_memory = 0
    required_programs is empty
    required_user is empty
    timeout = 300
===> lib/atf/libatf-c/detail/text_test:split
Result: passed
Duration: 0.014s

Metadata:
    allowed_architectures is empty
    allowed_platforms is empty
    description = Checks the split function
    has_cleanup = false
    required_configs is empty
    required_disk_space = 0
    required_files is empty
    required_memory = 0
    required_programs is empty
    required_user is empty
    timeout = 300

Standard output:
Splitting '' with delimiter ' '
Expecting 0 words
Splitting ' ' with delimiter ' '
Expecting 0 words
Splitting '    ' with delimiter ' '
Expecting 0 words
Splitting 'a b' with delimiter ' '
Expecting 2 words
Word at position 0 should be 'a'
Word at position 1 should be 'b'
Splitting 'a b c d' with delimiter ' '
Expecting 4 words
Word at position 0 should be 'a'
Word at position 1 should be 'b'
Word at position 2 should be 'c'
Word at position 3 should be 'd'
Splitting 'foo bar' with delimiter ' '
Expecting 2 words
Word at position 0 should be 'foo'
Word at position 1 should be 'bar'
Splitting 'foo bar baz foobar' with delimiter ' '
Expecting 4 words
Word at position 0 should be 'foo'
Word at position 1 should be 'bar'
Word at position 2 should be 'baz'
Word at position 3 should be 'foobar'
Splitting ' foo bar' with delimiter ' '
Expecting 2 words
Word at position 0 should be 'foo'
Word at position 1 should be 'bar'
Splitting 'foo  bar' with delimiter ' '
Expecting 2 words
Word at position 0 should be 'foo'
Word at position 1 should be 'bar'
Splitting 'foo bar ' with delimiter ' '
Expecting 2 words
Word at position 0 should be 'foo'
Word at position 1 should be 'bar'
Splitting '  foo  bar  ' with delimiter ' '
Expecting 2 words
Word at position 0 should be 'foo'
Word at position 1 should be 'bar'
===> lib/atf/libatf-c/detail/text_test:split_delims
Result: passed
Duration: 0.015s

Metadata:
    allowed_architectures is empty
    allowed_platforms is empty
    description = Checks the split function using different delimiters
    has_cleanup = false
    required_configs is empty
    required_disk_space = 0
    required_files is empty
    required_memory = 0
    required_programs is empty
    required_user is empty
    timeout = 300

Standard output:
Splitting '' with delimiter '/'
Expecting 0 words
Splitting ' ' with delimiter '/'
Expecting 1 words
Word at position 0 should be ' '
Splitting '    ' with delimiter '/'
Expecting 1 words
Word at position 0 should be '    '
Splitting 'a/b' with delimiter '/'
Expecting 2 words
Word at position 0 should be 'a'
Word at position 1 should be 'b'
Splitting 'aLONGDELIMbcdLONGDELIMef' with delimiter 'LONGDELIM'
Expecting 3 words
Word at position 0 should be 'a'
Word at position 1 should be 'bcd'
Word at position 2 should be 'ef'
===> lib/atf/libatf-c/detail/text_test:to_bool
Result: passed
Duration: 0.482s

Metadata:
    allowed_architectures is empty
    allowed_platforms is empty
    description = Checks the atf_text_to_bool function
    has_cleanup = false
    required_configs is empty
    required_disk_space = 0
    required_files is empty
    required_memory = 0
    required_programs is empty
    required_user is empty
    timeout = 300
===> lib/atf/libatf-c/detail/text_test:to_long
Result: passed
Duration: 0.351s

Metadata:
    allowed_architectures is empty
    allowed_platforms is empty
    description = Checks the atf_text_to_long function
    has_cleanup = false
    required_configs is empty
    required_disk_space = 0
    required_files is empty
    required_memory = 0
    required_programs is empty
    required_user is empty
    timeout = 300
===> lib/atf/libatf-c/detail/user_test:euid
Result: passed
Duration: 0.217s

Metadata:
    allowed_architectures is empty
    allowed_platforms is empty
    description = Tests the atf_user_euid function
    has_cleanup = false
    required_configs is empty
    required_disk_space = 0
    required_files is empty
    required_memory = 0
    required_programs is empty
    required_user is empty
    timeout = 300
===> lib/atf/libatf-c/detail/user_test:is_member_of_group
Result: passed
Duration: 1.036s

Metadata:
    allowed_architectures is empty
    allowed_platforms is empty
    description = Tests the atf_user_is_member_of_group function
    has_cleanup = false
    required_configs is empty
    required_disk_space = 0
    required_files is empty
    required_memory = 0
    required_programs is empty
    required_user is empty
    timeout = 300

Standard output:
User group 0 is 0
User group 1 is 5
User belongs to 2 groups
Last GID is 5
Checking if user belongs to group 0
Checking if user does not belong to group 1
Checking if user does not belong to group 2
Checking if user does not belong to group 3
Checking if user does not belong to group 4
===> lib/atf/libatf-c/detail/user_test:is_root
Result: passed
Duration: 0.683s

Metadata:
    allowed_architectures is empty
    allowed_platforms is empty
    description = Tests the atf_user_is_root function
    has_cleanup = false
    required_configs is empty
    required_disk_space = 0
    required_files is empty
    required_memory = 0
    required_programs is empty
    required_user is empty
    timeout = 300
===> lib/atf/libatf-c/detail/user_test:is_unprivileged
Result: passed
Duration: 0.360s

Metadata:
    allowed_architectures is empty
    allowed_platforms is empty
    description = Tests the atf_user_is_unprivileged function
    has_cleanup = false
    required_configs is empty
    required_disk_space = 0
    required_files is empty
    required_memory = 0
    required_programs is empty
    required_user is empty
    timeout = 300
===> lib/atf/libatf-c/error_test:error_new
Result: passed
Duration: 0.198s

Metadata:
    allowed_architectures is empty
    allowed_platforms is empty
    description = Checks the construction of an error object
    has_cleanup = false
    required_configs is empty
    required_disk_space = 0
    required_files is empty
    required_memory = 0
    required_programs is empty
    required_user is empty
    timeout = 300
===> lib/atf/libatf-c/error_test:error_new_wo_memory
Result: passed
Duration: 0.017s

Metadata:
    allowed_architectures is empty
    allowed_platforms is empty
    description = Checks that an unavailable memory error raised when constructing an error object is properly converted to the no_memory static error type
    has_cleanup = false
    required_configs is empty
    required_disk_space = 0
    required_files is empty
    required_memory = 0
    required_programs is empty
    required_user is empty
    timeout = 300
===> lib/atf/libatf-c/error_test:format
Result: passed
Duration: 0.015s

Metadata:
    allowed_architectures is empty
    allowed_platforms is empty
    description = Checks the default formatting function and the ability to change it
    has_cleanup = false
    required_configs is empty
    required_disk_space = 0
    required_files is empty
    required_memory = 0
    required_programs is empty
    required_user is empty
    timeout = 300

Standard output:
Testing default formatting function
Error string is: Error 'test_error'
Testing custom formatting function
Error string is: Test formatting function
===> lib/atf/libatf-c/error_test:is_error
Result: passed
Duration: 0.014s

Metadata:
    allowed_architectures is empty
    allowed_platforms is empty
    description = Checks the is_error method to determine if an error object holds success or an error
    has_cleanup = false
    required_configs is empty
    required_disk_space = 0
    required_files is empty
    required_memory = 0
    required_programs is empty
    required_user is empty
    timeout = 300
===> lib/atf/libatf-c/error_test:libc_format
Result: passed
Duration: 0.449s

Metadata:
    allowed_architectures is empty
    allowed_platforms is empty
    description = Checks the formatting of libc errors
    has_cleanup = false
    required_configs is empty
    required_disk_space = 0
    required_files is empty
    required_memory = 0
    required_programs is empty
    required_user is empty
    timeout = 300
===> lib/atf/libatf-c/error_test:libc_new
Result: passed
Duration: 0.114s

Metadata:
    allowed_architectures is empty
    allowed_platforms is empty
    description = Checks the construction of libc errors
    has_cleanup = false
    required_configs is empty
    required_disk_space = 0
    required_files is empty
    required_memory = 0
    required_programs is empty
    required_user is empty
    timeout = 300
===> lib/atf/libatf-c/error_test:no_error
Result: passed
Duration: 0.231s

Metadata:
    allowed_architectures is empty
    allowed_platforms is empty
    description = Checks that constructing a non-error object works
    has_cleanup = false
    required_configs is empty
    required_disk_space = 0
    required_files is empty
    required_memory = 0
    required_programs is empty
    required_user is empty
    timeout = 300
===> lib/atf/libatf-c/error_test:no_memory_format
Result: passed
Duration: 0.471s

Metadata:
    allowed_architectures is empty
    allowed_platforms is empty
    description = Checks the formatting of no_memory errors
    has_cleanup = false
    required_configs is empty
    required_disk_space = 0
    required_files is empty
    required_memory = 0
    required_programs is empty
    required_user is empty
    timeout = 300
===> lib/atf/libatf-c/error_test:no_memory_new
Result: passed
Duration: 0.140s

Metadata:
    allowed_architectures is empty
    allowed_platforms is empty
    description = Checks the construction of no_memory errors
    has_cleanup = false
    required_configs is empty
    required_disk_space = 0
    required_files is empty
    required_memory = 0
    required_programs is empty
    required_user is empty
    timeout = 300
===> lib/atf/libatf-c/error_test:no_memory_twice
Result: passed
Duration: 1.095s

Metadata:
    allowed_architectures is empty
    allowed_platforms is empty
    description = Checks the construction of no_memory errors multiple times, as this error is initialized statically
    has_cleanup = false
    required_configs is empty
    required_disk_space = 0
    required_files is empty
    required_memory = 0
    required_programs is empty
    required_user is empty
    timeout = 300
===> lib/atf/libatf-c/macros_test:check
Result: passed
Duration: 0.354s

Metadata:
    allowed_architectures is empty
    allowed_platforms is empty
    description = Tests the ATF_CHECK and ATF_CHECK_MSG macros
    has_cleanup = false
    required_configs is empty
    required_disk_space = 0
    required_files is empty
    required_memory = 0
    required_programs is empty
    required_user is empty
    timeout = 300

Standard output:
Checking with a 0 value
Looking for '^failed' in 'failed: 1 checks failed; see output for more details'
Looking for 'Check failed: .*macros_test.c:[0-9]+: 0 not met$' in '*** Check failed: /builds/FreeBSD_HEAD/contrib/atf/atf-c/macros_test.c:326: 0 not met'
Checking with a 1 value
Looking for '^passed' in 'passed'
Checking with a 0 value
Looking for '^failed' in 'failed: 1 checks failed; see output for more details'
Looking for 'Check failed: .*macros_test.c:[0-9]+: expected a false value$' in '*** Check failed: /builds/FreeBSD_HEAD/contrib/atf/atf-c/macros_test.c:328: expected a false value'
Checking with a 1 value
Looking for '^passed' in 'passed'
===> lib/atf/libatf-c/macros_test:check_eq
Result: passed
Duration: 1.044s

Metadata:
    allowed_architectures is empty
    allowed_platforms is empty
    description = Tests the ATF_CHECK_EQ and ATF_CHECK_EQ_MSG macros
    has_cleanup = false
    required_configs is empty
    required_disk_space = 0
    required_files is empty
    required_memory = 0
    required_programs is empty
    required_user is empty
    timeout = 300

Standard output:
Checking with 1, 1 and expecting true
Looking for '^passed' in 'passed'
Checking with 1, 2 and expecting false
Looking for '^failed' in 'failed: 1 checks failed; see output for more details'
Looking for 'Check failed: .*macros_test.c:[0-9]+: 1 != 2$' in '*** Check failed: /builds/FreeBSD_HEAD/contrib/atf/atf-c/macros_test.c:420: 1 != 2'
Checking with 2, 1 and expecting false
Looking for '^failed' in 'failed: 1 checks failed; see output for more details'
Looking for 'Check failed: .*macros_test.c:[0-9]+: 2 != 1$' in '*** Check failed: /builds/FreeBSD_HEAD/contrib/atf/atf-c/macros_test.c:421: 2 != 1'
Checking with 2, 2 and expecting true
Looking for '^passed' in 'passed'
Checking with 1, 1 and expecting true
Looking for '^passed' in 'passed'
Checking with 1, 2 and expecting false
Looking for '^failed' in 'failed: 1 checks failed; see output for more details'
Looking for 'Check failed: .*macros_test.c:[0-9]+: 1 != 2: 1 does not match 2$' in '*** Check failed: /builds/FreeBSD_HEAD/contrib/atf/atf-c/macros_test.c:424: 1 != 2: 1 does not match 2'
Checking with 2, 1 and expecting false
Looking for '^failed' in 'failed: 1 checks failed; see output for more details'
Looking for 'Check failed: .*macros_test.c:[0-9]+: 2 != 1: 2 does not match 1$' in '*** Check failed: /builds/FreeBSD_HEAD/contrib/atf/atf-c/macros_test.c:425: 2 != 1: 2 does not match 1'
Checking with 2, 2 and expecting true
Looking for '^passed' in 'passed'
===> lib/atf/libatf-c/macros_test:check_errno
Result: passed
Duration: 0.702s

Metadata:
    allowed_architectures is empty
    allowed_platforms is empty
    description = Tests the ATF_CHECK_ERRNO macro
    has_cleanup = false
    required_configs is empty
    required_disk_space = 0
    required_files is empty
    required_memory = 0
    required_programs is empty
    required_user is empty
    timeout = 300

Standard output:
Looking for '^failed' in 'failed: 1 checks failed; see output for more details'
Looking for 'macros_test.c:[0-9]+: Expected true value in errno_ok_stub\(\) == -1$' in '*** Check failed: /builds/FreeBSD_HEAD/contrib/atf/atf-c/macros_test.c:225: Expected true value in errno_ok_stub() == -1'
Looking for '^passed' in 'passed'
Looking for '^failed' in 'failed: 1 checks failed; see output for more details'
Looking for 'macros_test.c:[0-9]+: Expected errno 3, got 4, in errno_fail_stub\(4\) == -1$' in '*** Check failed: /builds/FreeBSD_HEAD/contrib/atf/atf-c/macros_test.c:227: Expected errno 3, got 4, in errno_fail_stub(4) == -1'
===> lib/atf/libatf-c/macros_test:check_match
Result: passed
Duration: 0.699s

Metadata:
    allowed_architectures is empty
    allowed_platforms is empty
    description = Tests the ATF_CHECK_MATCH and ATF_CHECK_MATCH_MSG macros
    has_cleanup = false
    required_configs is empty
    required_disk_space = 0
    required_files is empty
    required_memory = 0
    required_programs is empty
    required_user is empty
    timeout = 300

Standard output:
Checking with hello [a-z]+, abc hello world and expecting true
Looking for '^passed' in 'passed'
Checking with hello [a-z]+, abc hello WORLD and expecting false
Looking for '^failed' in 'failed: 1 checks failed; see output for more details'
Looking for 'Check failed: .*macros_test.c:[0-9]+: 'hello \[a-z\]\+' not matched in 'abc hello WORLD'$' in '*** Check failed: /builds/FreeBSD_HEAD/contrib/atf/atf-c/macros_test.c:515: 'hello [a-z]+' not matched in 'abc hello WORLD''
Checking with hello [a-z]+, abc hello world and expecting true
Looking for '^passed' in 'passed'
Checking with hello [a-z]+, abc hello WORLD and expecting false
Looking for '^failed' in 'failed: 1 checks failed; see output for more details'
Looking for 'Check failed: .*macros_test.c:[0-9]+: 'hello \[a-z\]\+' not matched in 'abc hello WORLD': uppercase$' in '*** Check failed: /builds/FreeBSD_HEAD/contrib/atf/atf-c/macros_test.c:517: 'hello [a-z]+' not matched in 'abc hello WORLD': uppercase'
===> lib/atf/libatf-c/macros_test:check_streq
Result: passed
Duration: 0.496s

Metadata:
    allowed_architectures is empty
    allowed_platforms is empty
    description = Tests the ATF_CHECK_STREQ and ATF_CHECK_STREQ_MSG macros
    has_cleanup = false
    required_configs is empty
    required_disk_space = 0
    required_files is empty
    required_memory = 0
    required_programs is empty
    required_user is empty
    timeout = 300

Standard output:
Checking with 1, 1 and expecting true
Looking for '^passed' in 'passed'
Checking with 1, 2 and expecting false
Looking for '^failed' in 'failed: 1 checks failed; see output for more details'
Looking for 'Check failed: .*macros_test.c:[0-9]+: "1" != "2" \(1 != 2\)$' in '*** Check failed: /builds/FreeBSD_HEAD/contrib/atf/atf-c/macros_test.c:459: "1" != "2" (1 != 2)'
Checking with 2, 1 and expecting false
Looking for '^failed' in 'failed: 1 checks failed; see output for more details'
Looking for 'Check failed: .*macros_test.c:[0-9]+: "2" != "1" \(2 != 1\)$' in '*** Check failed: /builds/FreeBSD_HEAD/contrib/atf/atf-c/macros_test.c:460: "2" != "1" (2 != 1)'
Checking with 2, 2 and expecting true
Looking for '^passed' in 'passed'
Checking with 1, 1 and expecting true
Looking for '^passed' in 'passed'
Checking with 1, 2 and expecting false
Looking for '^failed' in 'failed: 1 checks failed; see output for more details'
Looking for 'Check failed: .*macros_test.c:[0-9]+: "1" != "2" \(1 != 2\): 1 does not match 2$' in '*** Check failed: /builds/FreeBSD_HEAD/contrib/atf/atf-c/macros_test.c:463: "1" != "2" (1 != 2): 1 does not match 2'
Checking with 2, 1 and expecting false
Looking for '^failed' in 'failed: 1 checks failed; see output for more details'
Looking for 'Check failed: .*macros_test.c:[0-9]+: "2" != "1" \(2 != 1\): 2 does not match 1$' in '*** Check failed: /builds/FreeBSD_HEAD/contrib/atf/atf-c/macros_test.c:464: "2" != "1" (2 != 1): 2 does not match 1'
Checking with 2, 2 and expecting true
Looking for '^passed' in 'passed'
Checking with 5, 9 and expecting false
Looking for '^failed' in 'failed: 1 checks failed; see output for more details'
Looking for 'Check failed: .*macros_test.c:[0-9]+: check_streq_var1 != check_streq_var2 \(5 != 9\)$' in '*** Check failed: /builds/FreeBSD_HEAD/contrib/atf/atf-c/macros_test.c:470: check_streq_var1 != check_streq_var2 (5 != 9)'
===> lib/atf/libatf-c/macros_test:detect_unused_tests
Result: passed
Duration: 1.472s

Metadata:
    allowed_architectures is empty
    allowed_platforms is empty
    description = Tests that defining an unused test case raises a warning (and thus an error)
    has_cleanup = false
    required_configs is empty
    required_disk_space = 0
    required_files is empty
    required_memory = 0
    required_programs is empty
    required_user is empty
    timeout = 300

Standard output:
> cc -O2 -pipe -DHAVE_CONFIG_H -I/usr/include -Wall -Werror -o test.o -c compiler_test.c
> cc -O2 -pipe -DHAVE_CONFIG_H -I/usr/include -Wall -Werror -o test.o -c /usr/tests/lib/atf/libatf-c/unused_test.c

Standard error:
compiler_test.c:3:1: error: unused variable 'unused' [-Werror,-Wunused-variable]
define_unused;
^
compiler_test.c:2:49: note: expanded from macro 'define_unused'
#define define_unused static struct test_struct unused
                                                ^
1 error generated.
cc failed with exit code 1
/usr/tests/lib/atf/libatf-c/unused_test.c:37:1: error: unused variable 'atfu_this_is_unused_tc' [-Werror,-Wunused-variable]
ATF_TC(this_is_unused);
^
/usr/include/atf-c/macros.h:56:21: note: expanded from macro 'ATF_TC'
    static atf_tc_t atfu_ ## tc ## _tc; \
                    ^
<scratch space>:33:1: note: expanded from here
atfu_this_is_unused_tc
^
/usr/tests/lib/atf/libatf-c/unused_test.c:37:1: error: unused variable 'atfu_this_is_unused_tc_pack' [-Werror,-Wunused-const-variable]
/usr/include/atf-c/macros.h:57:26: note: expanded from macro 'ATF_TC'
    static atf_tc_pack_t atfu_ ## tc ## _tc_pack = { \
                         ^
<scratch space>:35:1: note: expanded from here
atfu_this_is_unused_tc_pack
^
2 errors generated.
cc failed with exit code 1
===> lib/atf/libatf-c/macros_test:msg_embedded_fmt
Result: passed
Duration: 0.277s

Metadata:
    allowed_architectures is empty
    allowed_platforms is empty
    description = Tests that format strings passed as part of the automatically-generated messages do not get expanded
    has_cleanup = false
    required_configs is empty
    required_disk_space = 0
    required_files is empty
    required_memory = 0
    required_programs is empty
    required_user is empty
    timeout = 300

Standard output:
Checking with an expected 'aux_bool\("%d"\) not met' message
Looking for 'Check failed: .*macros_test.c:[0-9]+: aux_bool\("%d"\) not met$' in '*** Check failed: /builds/FreeBSD_HEAD/contrib/atf/atf-c/macros_test.c:785: aux_bool("%d") not met'
Checking with an expected 'aux_bool\("%d"\) not met' message
Looking for '^failed: .*macros_test.c:[0-9]+: aux_bool\("%d"\) not met$' in 'failed: /builds/FreeBSD_HEAD/contrib/atf/atf-c/macros_test.c:786: aux_bool("%d") not met'
Checking with an expected 'aux_str\("%d"\) != "" \(foo != \)' message
Looking for 'Check failed: .*macros_test.c:[0-9]+: aux_str\("%d"\) != "" \(foo != \)$' in '*** Check failed: /builds/FreeBSD_HEAD/contrib/atf/atf-c/macros_test.c:787: aux_str("%d") != "" (foo != )'
Checking with an expected 'aux_str\("%d"\) != "" \(foo != \)' message
Looking for '^failed: .*macros_test.c:[0-9]+: aux_str\("%d"\) != "" \(foo != \)$' in 'failed: /builds/FreeBSD_HEAD/contrib/atf/atf-c/macros_test.c:788: aux_str("%d") != "" (foo != )'
===> lib/atf/libatf-c/macros_test:require
Result: passed
Duration: 0.445s

Metadata:
    allowed_architectures is empty
    allowed_platforms is empty
    description = Tests the ATF_REQUIRE and ATF_REQUIRE_MSG macros
    has_cleanup = false
    required_configs is empty
    required_disk_space = 0
    required_files is empty
    required_memory = 0
    required_programs is empty
    required_user is empty
    timeout = 300

Standard output:
Checking with a 0 value
Looking for '^failed: .*macros_test.c:[0-9]+: 0 not met$' in 'failed: /builds/FreeBSD_HEAD/contrib/atf/atf-c/macros_test.c:548: 0 not met'
Checking with a 1 value
Looking for '^passed' in 'passed'
Checking with a 0 value
Looking for '^failed: .*macros_test.c:[0-9]+: expected a false value$' in 'failed: /builds/FreeBSD_HEAD/contrib/atf/atf-c/macros_test.c:550: expected a false value'
Checking with a 1 value
Looking for '^passed' in 'passed'
===> lib/atf/libatf-c/macros_test:require_eq
Result: passed
Duration: 0.682s

Metadata:
    allowed_architectures is empty
    allowed_platforms is empty
    description = Tests the ATF_REQUIRE_EQ and ATF_REQUIRE_EQ_MSG macros
    has_cleanup = false
    required_configs is empty
    required_disk_space = 0
    required_files is empty
    required_memory = 0
    required_programs is empty
    required_user is empty
    timeout = 300

Standard output:
Checking with 1, 1 and expecting true
Looking for '^passed' in 'passed'
Checking with 1, 2 and expecting false
Looking for '^failed: .*macros_test.c:[0-9]+: 1 != 2$' in 'failed: /builds/FreeBSD_HEAD/contrib/atf/atf-c/macros_test.c:642: 1 != 2'
Checking with 2, 1 and expecting false
Looking for '^failed: .*macros_test.c:[0-9]+: 2 != 1$' in 'failed: /builds/FreeBSD_HEAD/contrib/atf/atf-c/macros_test.c:643: 2 != 1'
Checking with 2, 2 and expecting true
Looking for '^passed' in 'passed'
Checking with 1, 1 and expecting true
Looking for '^passed' in 'passed'
Checking with 1, 2 and expecting false
Looking for '^failed: .*macros_test.c:[0-9]+: 1 != 2: 1 does not match 2$' in 'failed: /builds/FreeBSD_HEAD/contrib/atf/atf-c/macros_test.c:646: 1 != 2: 1 does not match 2'
Checking with 2, 1 and expecting false
Looking for '^failed: .*macros_test.c:[0-9]+: 2 != 1: 2 does not match 1$' in 'failed: /builds/FreeBSD_HEAD/contrib/atf/atf-c/macros_test.c:647: 2 != 1: 2 does not match 1'
Checking with 2, 2 and expecting true
Looking for '^passed' in 'passed'
===> lib/atf/libatf-c/macros_test:require_errno
Result: passed
Duration: 0.252s

Metadata:
    allowed_architectures is empty
    allowed_platforms is empty
    description = Tests the ATF_REQUIRE_ERRNO macro
    has_cleanup = false
    required_configs is empty
    required_disk_space = 0
    required_files is empty
    required_memory = 0
    required_programs is empty
    required_user is empty
    timeout = 300

Standard output:
Looking for '^failed: .*macros_test.c:[0-9]+: Expected true value in errno_ok_stub\(\) == -1$' in 'failed: /builds/FreeBSD_HEAD/contrib/atf/atf-c/macros_test.c:229: Expected true value in errno_ok_stub() == -1'
Looking for '^passed' in 'passed'
Looking for '^failed: .*macros_test.c:[0-9]+: Expected errno 3, got 4, in errno_fail_stub\(4\) == -1$' in 'failed: /builds/FreeBSD_HEAD/contrib/atf/atf-c/macros_test.c:231: Expected errno 3, got 4, in errno_fail_stub(4) == -1'
===> lib/atf/libatf-c/macros_test:require_match
Result: passed
Duration: 0.036s

Metadata:
    allowed_architectures is empty
    allowed_platforms is empty
    description = Tests the ATF_REQUIRE_MATCH and ATF_REQUIRE_MATCH_MSG macros
    has_cleanup = false
    required_configs is empty
    required_disk_space = 0
    required_files is empty
    required_memory = 0
    required_programs is empty
    required_user is empty
    timeout = 300

Standard output:
Checking with hello [a-z]+, abc hello world and expecting true
Looking for '^passed' in 'passed'
Checking with hello [a-z]+, abc hello WORLD and expecting false
Looking for '^failed: .*macros_test.c:[0-9]+: 'hello \[a-z\]\+' not matched in 'abc hello WORLD'$' in 'failed: /builds/FreeBSD_HEAD/contrib/atf/atf-c/macros_test.c:737: 'hello [a-z]+' not matched in 'abc hello WORLD''
Checking with hello [a-z]+, abc hello world and expecting true
Looking for '^passed' in 'passed'
Checking with hello [a-z]+, abc hello WORLD and expecting false
Looking for '^failed: .*macros_test.c:[0-9]+: 'hello \[a-z\]\+' not matched in 'abc hello WORLD': uppercase$' in 'failed: /builds/FreeBSD_HEAD/contrib/atf/atf-c/macros_test.c:739: 'hello [a-z]+' not matched in 'abc hello WORLD': uppercase'
===> lib/atf/libatf-c/macros_test:require_streq
Result: passed
Duration: 0.053s

Metadata:
    allowed_architectures is empty
    allowed_platforms is empty
    description = Tests the ATF_REQUIRE_STREQ and ATF_REQUIRE_STREQ_MSG macros
    has_cleanup = false
    required_configs is empty
    required_disk_space = 0
    required_files is empty
    required_memory = 0
    required_programs is empty
    required_user is empty
    timeout = 300

Standard output:
Checking with 1, 1 and expecting true
Looking for '^passed' in 'passed'
Checking with 1, 2 and expecting false
Looking for '^failed: .*macros_test.c:[0-9]+: "1" != "2" \(1 != 2\)$' in 'failed: /builds/FreeBSD_HEAD/contrib/atf/atf-c/macros_test.c:681: "1" != "2" (1 != 2)'
Checking with 2, 1 and expecting false
Looking for '^failed: .*macros_test.c:[0-9]+: "2" != "1" \(2 != 1\)$' in 'failed: /builds/FreeBSD_HEAD/contrib/atf/atf-c/macros_test.c:682: "2" != "1" (2 != 1)'
Checking with 2, 2 and expecting true
Looking for '^passed' in 'passed'
Checking with 1, 1 and expecting true
Looking for '^passed' in 'passed'
Checking with 1, 2 and expecting false
Looking for '^failed: .*macros_test.c:[0-9]+: "1" != "2" \(1 != 2\): 1 does not match 2$' in 'failed: /builds/FreeBSD_HEAD/contrib/atf/atf-c/macros_test.c:685: "1" != "2" (1 != 2): 1 does not match 2'
Checking with 2, 1 and expecting false
Looking for '^failed: .*macros_test.c:[0-9]+: "2" != "1" \(2 != 1\): 2 does not match 1$' in 'failed: /builds/FreeBSD_HEAD/contrib/atf/atf-c/macros_test.c:686: "2" != "1" (2 != 1): 2 does not match 1'
Checking with 2, 2 and expecting true
Looking for '^passed' in 'passed'
Checking with 5, 9 and expecting false
Looking for '^failed: .*macros_test.c:[0-9]+: require_streq_var1 != require_streq_var2 \(5 != 9\)$' in 'failed: /builds/FreeBSD_HEAD/contrib/atf/atf-c/macros_test.c:692: require_streq_var1 != require_streq_var2 (5 != 9)'
===> lib/atf/libatf-c/macros_test:use
Result: passed
Duration: 0.611s

Metadata:
    allowed_architectures is empty
    allowed_platforms is empty
    description = Tests that the macros provided by the atf-c/macros.h file do not cause syntax errors when used
    has_cleanup = false
    required_configs is empty
    required_disk_space = 0
    required_files is empty
    required_memory = 0
    required_programs is empty
    required_user is empty
    timeout = 300

Standard output:
> cc -O2 -pipe -DHAVE_CONFIG_H -I/usr/include -Wall -Werror -o test.o -c /usr/tests/lib/atf/libatf-c/macros_h_test.c
===> lib/atf/libatf-c/tc_test:config
Result: passed
Duration: 0.564s

Metadata:
    allowed_architectures is empty
    allowed_platforms is empty
    description = Tests the atf_tc_get_config_var, atf_tc_get_config_var_wd and atf_tc_has_config_var functions
    has_cleanup = false
    required_configs is empty
    required_disk_space = 0
    required_files is empty
    required_memory = 0
    required_programs is empty
    required_user is empty
    timeout = 300
===> lib/atf/libatf-c/tc_test:init
Result: passed
Duration: 0.464s

Metadata:
    allowed_architectures is empty
    allowed_platforms is empty
    description = Tests the atf_tc_init function
    has_cleanup = false
    required_configs is empty
    required_disk_space = 0
    required_files is empty
    required_memory = 0
    required_programs is empty
    required_user is empty
    timeout = 300
===> lib/atf/libatf-c/tc_test:init_pack
Result: passed
Duration: 0.173s

Metadata:
    allowed_architectures is empty
    allowed_platforms is empty
    description = Tests the atf_tc_init_pack function
    has_cleanup = false
    required_configs is empty
    required_disk_space = 0
    required_files is empty
    required_memory = 0
    required_programs is empty
    required_user is empty
    timeout = 300
===> lib/atf/libatf-c/tc_test:vars
Result: passed
Duration: 1.041s

Metadata:
    allowed_architectures is empty
    allowed_platforms is empty
    description = Tests the atf_tc_get_md_var, atf_tc_has_md_var and atf_tc_set_md_var functions
    has_cleanup = false
    required_configs is empty
    required_disk_space = 0
    required_files is empty
    required_memory = 0
    required_programs is empty
    required_user is empty
    timeout = 300
===> lib/atf/libatf-c/tp_test:getopt
Result: passed
Duration: 0.364s

Metadata:
    allowed_architectures is empty
    allowed_platforms is empty
    description = Checks if getopt(3) global state is reset by the test program driver so that test cases can use getopt(3) again
    has_cleanup = false
    required_configs is empty
    required_disk_space = 0
    required_files is empty
    required_memory = 0
    required_programs is empty
    required_user is empty
    timeout = 300
===> lib/atf/libatf-c/utils_test:cat_file__empty
Result: passed
Duration: 0.140s

Metadata:
    allowed_architectures is empty
    allowed_platforms is empty
    description is empty
    has_cleanup = false
    required_configs is empty
    required_disk_space = 0
    required_files is empty
    required_memory = 0
    required_programs is empty
    required_user is empty
    timeout = 300
===> lib/atf/libatf-c/utils_test:cat_file__no_newline_eof
Result: passed
Duration: 0.689s

Metadata:
    allowed_architectures is empty
    allowed_platforms is empty
    description is empty
    has_cleanup = false
    required_configs is empty
    required_disk_space = 0
    required_files is empty
    required_memory = 0
    required_programs is empty
    required_user is empty
    timeout = 300
===> lib/atf/libatf-c/utils_test:cat_file__one_line
Result: passed
Duration: 0.276s

Metadata:
    allowed_architectures is empty
    allowed_platforms is empty
    description is empty
    has_cleanup = false
    required_configs is empty
    required_disk_space = 0
    required_files is empty
    required_memory = 0
    required_programs is empty
    required_user is empty
    timeout = 300
===> lib/atf/libatf-c/utils_test:cat_file__several_lines
Result: passed
Duration: 0.280s

Metadata:
    allowed_architectures is empty
    allowed_platforms is empty
    description is empty
    has_cleanup = false
    required_configs is empty
    required_disk_space = 0
    required_files is empty
    required_memory = 0
    required_programs is empty
    required_user is empty
    timeout = 300
===> lib/atf/libatf-c/utils_test:compare_file__empty__match
Result: passed
Duration: 0.317s

Metadata:
    allowed_architectures is empty
    allowed_platforms is empty
    description is empty
    has_cleanup = false
    required_configs is empty
    required_disk_space = 0
    required_files is empty
    required_memory = 0
    required_programs is empty
    required_user is empty
    timeout = 300
===> lib/atf/libatf-c/utils_test:compare_file__empty__not_match
Result: passed
Duration: 29.604s

Metadata:
    allowed_architectures is empty
    allowed_platforms is empty
    description is empty
    has_cleanup = false
    required_configs is empty
    required_disk_space = 0
    required_files is empty
    required_memory = 0
    required_programs is empty
    required_user is empty
    timeout = 300
===> lib/atf/libatf-c/utils_test:compare_file__long__match
Result: passed
Duration: 0.273s

Metadata:
    allowed_architectures is empty
    allowed_platforms is empty
    description is empty
    has_cleanup = false
    required_configs is empty
    required_disk_space = 0
    required_files is empty
    required_memory = 0
    required_programs is empty
    required_user is empty
    timeout = 300
===> lib/atf/libatf-c/utils_test:compare_file__long__not_match
Result: passed
Duration: 0.300s

Metadata:
    allowed_architectures is empty
    allowed_platforms is empty
    description is empty
    has_cleanup = false
    required_configs is empty
    required_disk_space = 0
    required_files is empty
    required_memory = 0
    required_programs is empty
    required_user is empty
    timeout = 300
===> lib/atf/libatf-c/utils_test:compare_file__short__match
Result: passed
Duration: 0.409s

Metadata:
    allowed_architectures is empty
    allowed_platforms is empty
    description is empty
    has_cleanup = false
    required_configs is empty
    required_disk_space = 0
    required_files is empty
    required_memory = 0
    required_programs is empty
    required_user is empty
    timeout = 300
===> lib/atf/libatf-c/utils_test:compare_file__short__not_match
Result: passed
Duration: 0.542s

Metadata:
    allowed_architectures is empty
    allowed_platforms is empty
    description is empty
    has_cleanup = false
    required_configs is empty
    required_disk_space = 0
    required_files is empty
    required_memory = 0
    required_programs is empty
    required_user is empty
    timeout = 300
===> lib/atf/libatf-c/utils_test:copy_file__empty
Result: passed
Duration: 1.400s

Metadata:
    allowed_architectures is empty
    allowed_platforms is empty
    description is empty
    has_cleanup = false
    required_configs is empty
    required_disk_space = 0
    required_files is empty
    required_memory = 0
    required_programs is empty
    required_user is empty
    timeout = 300
===> lib/atf/libatf-c/utils_test:copy_file__some_contents
Result: passed
Duration: 0.568s

Metadata:
    allowed_architectures is empty
    allowed_platforms is empty
    description is empty
    has_cleanup = false
    required_configs is empty
    required_disk_space = 0
    required_files is empty
    required_memory = 0
    required_programs is empty
    required_user is empty
    timeout = 300
===> lib/atf/libatf-c/utils_test:create_file
Result: passed
Duration: 0.390s

Metadata:
    allowed_architectures is empty
    allowed_platforms is empty
    description is empty
    has_cleanup = false
    required_configs is empty
    required_disk_space = 0
    required_files is empty
    required_memory = 0
    required_programs is empty
    required_user is empty
    timeout = 300
===> lib/atf/libatf-c/utils_test:file_exists
Result: passed
Duration: 0.727s

Metadata:
    allowed_architectures is empty
    allowed_platforms is empty
    description is empty
    has_cleanup = false
    required_configs is empty
    required_disk_space = 0
    required_files is empty
    required_memory = 0
    required_programs is empty
    required_user is empty
    timeout = 300
===> lib/atf/libatf-c/utils_test:fork
Result: passed
Duration: 0.698s

Metadata:
    allowed_architectures is empty
    allowed_platforms is empty
    description is empty
    has_cleanup = false
    required_configs is empty
    required_disk_space = 0
    required_files is empty
    required_memory = 0
    required_programs is empty
    required_user is empty
    timeout = 300

Standard output:
Should not get into child
Should not get into child

Standard error:
Should not get into child
===> lib/atf/libatf-c/utils_test:free_charpp__empty
Result: passed
Duration: 0.452s

Metadata:
    allowed_architectures is empty
    allowed_platforms is empty
    description is empty
    has_cleanup = false
    required_configs is empty
    required_disk_space = 0
    required_files is empty
    required_memory = 0
    required_programs is empty
    required_user is empty
    timeout = 300
===> lib/atf/libatf-c/utils_test:free_charpp__some
Result: passed
Duration: 0.485s

Metadata:
    allowed_architectures is empty
    allowed_platforms is empty
    description is empty
    has_cleanup = false
    required_configs is empty
    required_disk_space = 0
    required_files is empty
    required_memory = 0
    required_programs is empty
    required_user is empty
    timeout = 300
===> lib/atf/libatf-c/utils_test:grep_file
Result: passed
Duration: 0.440s

Metadata:
    allowed_architectures is empty
    allowed_platforms is empty
    description is empty
    has_cleanup = false
    required_configs is empty
    required_disk_space = 0
    required_files is empty
    required_memory = 0
    required_programs is empty
    required_user is empty
    timeout = 300

Standard output:
Looking for 'line1' in 'line1'
Looking for 'line1' in 'line1'
Looking for 'second line' in 'line1'
Looking for 'second line' in 'the second line'
Looking for 'aa.*bb' in 'line1'
Looking for 'aa.*bb' in 'the second line'
Looking for 'aa.*bb' in 'aaaabbbb'
Looking for 'foo' in 'line1'
Looking for 'foo' in 'the second line'
Looking for 'foo' in 'aaaabbbb'
Looking for 'bar' in 'line1'
Looking for 'bar' in 'the second line'
Looking for 'bar' in 'aaaabbbb'
Looking for 'aaaaa' in 'line1'
Looking for 'aaaaa' in 'the second line'
Looking for 'aaaaa' in 'aaaabbbb'
===> lib/atf/libatf-c/utils_test:grep_string
Result: passed
Duration: 0.017s

Metadata:
    allowed_architectures is empty
    allowed_platforms is empty
    description is empty
    has_cleanup = false
    required_configs is empty
    required_disk_space = 0
    required_files is empty
    required_memory = 0
    required_programs is empty
    required_user is empty
    timeout = 300

Standard output:
Looking for 'a string' in 'a string - aaaabbbb'
Looking for '^a string' in 'a string - aaaabbbb'
Looking for 'aaaabbbb$' in 'a string - aaaabbbb'
Looking for 'aa.*bb' in 'a string - aaaabbbb'
Looking for 'foo' in 'a string - aaaabbbb'
Looking for 'bar' in 'a string - aaaabbbb'
Looking for 'aaaaa' in 'a string - aaaabbbb'
===> lib/atf/libatf-c/utils_test:readline__none
Result: passed
Duration: 0.016s

Metadata:
    allowed_architectures is empty
    allowed_platforms is empty
    description is empty
    has_cleanup = false
    required_configs is empty
    required_disk_space = 0
    required_files is empty
    required_memory = 0
    required_programs is empty
    required_user is empty
    timeout = 300
===> lib/atf/libatf-c/utils_test:readline__some
Result: passed
Duration: 0.018s

Metadata:
    allowed_architectures is empty
    allowed_platforms is empty
    description is empty
    has_cleanup = false
    required_configs is empty
    required_disk_space = 0
    required_files is empty
    required_memory = 0
    required_programs is empty
    required_user is empty
    timeout = 300
===> lib/atf/libatf-c/utils_test:redirect__other
Result: passed
Duration: 0.017s

Metadata:
    allowed_architectures is empty
    allowed_platforms is empty
    description is empty
    has_cleanup = false
    required_configs is empty
    required_disk_space = 0
    required_files is empty
    required_memory = 0
    required_programs is empty
    required_user is empty
    timeout = 300
===> lib/atf/libatf-c/utils_test:redirect__stderr
Result: passed
Duration: 0.017s

Metadata:
    allowed_architectures is empty
    allowed_platforms is empty
    description is empty
    has_cleanup = false
    required_configs is empty
    required_disk_space = 0
    required_files is empty
    required_memory = 0
    required_programs is empty
    required_user is empty
    timeout = 300

Standard error:
Buffer this===> lib/atf/libatf-c/utils_test:redirect__stdout
Result: passed
Duration: 0.017s

Metadata:
    allowed_architectures is empty
    allowed_platforms is empty
    description is empty
    has_cleanup = false
    required_configs is empty
    required_disk_space = 0
    required_files is empty
    required_memory = 0
    required_programs is empty
    required_user is empty
    timeout = 300

Standard output:
Buffer this===> lib/atf/libatf-c/utils_test:wait__invalid_exitstatus
Result: passed
Duration: 0.021s

Metadata:
    allowed_architectures is empty
    allowed_platforms is empty
    description is empty
    has_cleanup = false
    required_configs is empty
    required_disk_space = 0
    required_files is empty
    required_memory = 0
    required_programs is empty
    required_user is empty
    timeout = 300

Standard output:
subprocess stdout: Some output
subprocess stderr: Some error
===> lib/atf/libatf-c/utils_test:wait__invalid_stderr
Result: passed
Duration: 0.022s

Metadata:
    allowed_architectures is empty
    allowed_platforms is empty
    description is empty
    has_cleanup = false
    required_configs is empty
    required_disk_space = 0
    required_files is empty
    required_memory = 0
    required_programs is empty
    required_user is empty
    timeout = 300

Standard output:
subprocess stdout: Some output
subprocess stderr: Some error
===> lib/atf/libatf-c/utils_test:wait__invalid_stdout
Result: passed
Duration: 0.056s

Metadata:
    allowed_architectures is empty
    allowed_platforms is empty
    description is empty
    has_cleanup = false
    required_configs is empty
    required_disk_space = 0
    required_files is empty
    required_memory = 0
    required_programs is empty
    required_user is empty
    timeout = 300

Standard output:
subprocess stdout: Some output
subprocess stderr: Some error
===> lib/atf/libatf-c/utils_test:wait__ok
Result: passed
Duration: 1.395s

Metadata:
    allowed_architectures is empty
    allowed_platforms is empty
    description is empty
    has_cleanup = false
    required_configs is empty
    required_disk_space = 0
    required_files is empty
    required_memory = 0
    required_programs is empty
    required_user is empty
    timeout = 300

Standard output:
subprocess stdout: Some output
subprocess stderr: Some error
===> lib/atf/libatf-c/utils_test:wait__ok_nested
Result: passed
Duration: 1.359s

Metadata:
    allowed_architectures is empty
    allowed_platforms is empty
    description is empty
    has_cleanup = false
    required_configs is empty
    required_disk_space = 0
    required_files is empty
    required_memory = 0
    required_programs is empty
    required_user is empty
    timeout = 300

Standard output:
subprocess stdout: Parent output
subprocess stdout: subprocess stdout: Child output
subprocess stdout: subprocess stderr: Child error
subprocess stderr: Parent error
===> lib/atf/libatf-c/utils_test:wait__save_stderr
Result: passed
Duration: 0.629s

Metadata:
    allowed_architectures is empty
    allowed_platforms is empty
    description is empty
    has_cleanup = false
    required_configs is empty
    required_disk_space = 0
    required_files is empty
    required_memory = 0
    required_programs is empty
    required_user is empty
    timeout = 300

Standard output:
subprocess stdout: Some output
subprocess stderr: Some error
===> lib/atf/libatf-c/utils_test:wait__save_stdout
Result: passed
Duration: 1.106s

Metadata:
    allowed_architectures is empty
    allowed_platforms is empty
    description is empty
    has_cleanup = false
    required_configs is empty
    required_disk_space = 0
    required_files is empty
    required_memory = 0
    required_programs is empty
    required_user is empty
    timeout = 300

Standard output:
subprocess stdout: Some output
subprocess stderr: Some error
===> lib/atf/test-programs/config_test:vflag
Result: passed
Duration: 2.483s

Metadata:
    allowed_architectures is empty
    allowed_platforms is empty
    description = Tests that the -v flag works correctly to set configuration variables
    has_cleanup = false
    required_configs is empty
    required_disk_space = 0
    required_files is empty
    required_memory = 0
    required_programs is empty
    required_user is empty
    timeout = 300

Standard output:
Executing command [ /usr/tests/lib/atf/test-programs/c_helpers -s /usr/tests/lib/atf/test-programs -r resfile config_unset ]
Executing command [ grep passed resfile ]
Executing command [ /usr/tests/lib/atf/test-programs/c_helpers -s /usr/tests/lib/atf/test-programs -r resfile -v test= config_empty ]
Executing command [ grep passed resfile ]
Executing command [ /usr/tests/lib/atf/test-programs/c_helpers -s /usr/tests/lib/atf/test-programs -r resfile -v test=foo config_value ]
Executing command [ grep passed resfile ]
Executing command [ /bin/sh -c /usr/tests/lib/atf/test-programs/c_helpers -s /usr/tests/lib/atf/test-programs -r resfile -v 'test=foo bar' config_multi_value ]
Executing command [ grep passed resfile ]
Executing command [ /usr/tests/lib/atf/test-programs/cpp_helpers -s /usr/tests/lib/atf/test-programs -r resfile config_unset ]
Executing command [ grep passed resfile ]
Executing command [ /usr/tests/lib/atf/test-programs/cpp_helpers -s /usr/tests/lib/atf/test-programs -r resfile -v test= config_empty ]
Executing command [ grep passed resfile ]
Executing command [ /usr/tests/lib/atf/test-programs/cpp_helpers -s /usr/tests/lib/atf/test-programs -r resfile -v test=foo config_value ]
Executing command [ grep passed resfile ]
Executing command [ /bin/sh -c /usr/tests/lib/atf/test-programs/cpp_helpers -s /usr/tests/lib/atf/test-programs -r resfile -v 'test=foo bar' config_multi_value ]
Executing command [ grep passed resfile ]
Executing command [ /usr/tests/lib/atf/test-programs/sh_helpers -s /usr/tests/lib/atf/test-programs -r resfile config_unset ]
Executing command [ grep passed resfile ]
Executing command [ /usr/tests/lib/atf/test-programs/sh_helpers -s /usr/tests/lib/atf/test-programs -r resfile -v test= config_empty ]
Executing command [ grep passed resfile ]
Executing command [ /usr/tests/lib/atf/test-programs/sh_helpers -s /usr/tests/lib/atf/test-programs -r resfile -v test=foo config_value ]
Executing command [ grep passed resfile ]
Executing command [ /bin/sh -c /usr/tests/lib/atf/test-programs/sh_helpers -s /usr/tests/lib/atf/test-programs -r resfile -v 'test=foo bar' config_multi_value ]
Executing command [ grep passed resfile ]
===> lib/atf/test-programs/expect_test:expect_death
Result: passed
Duration: 2.803s

Metadata:
    allowed_architectures is empty
    allowed_platforms is empty
    description is empty
    has_cleanup = false
    required_configs is empty
    required_disk_space = 0
    required_files is empty
    required_memory = 0
    required_programs is empty
    required_user is empty
    timeout = 300

Standard output:
Executing command [ /usr/tests/lib/atf/test-programs/c_helpers -r result expect_death_and_exit ]
Executing command [ cat result ]
Executing command [ /usr/tests/lib/atf/test-programs/c_helpers -r result expect_death_and_signal ]
Executing command [ cat result ]
Executing command [ /usr/tests/lib/atf/test-programs/c_helpers -r result expect_death_but_pass ]
Executing command [ cat result ]
Executing command [ /usr/tests/lib/atf/test-programs/cpp_helpers -r result expect_death_and_exit ]
Executing command [ cat result ]
Executing command [ /usr/tests/lib/atf/test-programs/cpp_helpers -r result expect_death_and_signal ]
Executing command [ cat result ]
Executing command [ /usr/tests/lib/atf/test-programs/cpp_helpers -r result expect_death_but_pass ]
Executing command [ cat result ]
Executing command [ /usr/tests/lib/atf/test-programs/sh_helpers -r result expect_death_and_exit ]
Executing command [ cat result ]
Executing command [ /usr/tests/lib/atf/test-programs/sh_helpers -r result expect_death_and_signal ]
Executing command [ cat result ]
Executing command [ /usr/tests/lib/atf/test-programs/sh_helpers -r result expect_death_but_pass ]
Executing command [ cat result ]
===> lib/atf/test-programs/expect_test:expect_exit
Result: passed
Duration: 1.305s

Metadata:
    allowed_architectures is empty
    allowed_platforms is empty
    description is empty
    has_cleanup = false
    required_configs is empty
    required_disk_space = 0
    required_files is empty
    required_memory = 0
    required_programs is empty
    required_user is empty
    timeout = 300

Standard output:
Executing command [ /usr/tests/lib/atf/test-programs/c_helpers -r result expect_exit_any_and_exit ]
Executing command [ cat result ]
Executing command [ /usr/tests/lib/atf/test-programs/c_helpers -r result expect_exit_code_and_exit ]
Executing command [ cat result ]
Executing command [ /usr/tests/lib/atf/test-programs/c_helpers -r result expect_exit_but_pass ]
Executing command [ cat result ]
Executing command [ /usr/tests/lib/atf/test-programs/cpp_helpers -r result expect_exit_any_and_exit ]
Executing command [ cat result ]
Executing command [ /usr/tests/lib/atf/test-programs/cpp_helpers -r result expect_exit_code_and_exit ]
Executing command [ cat result ]
Executing command [ /usr/tests/lib/atf/test-programs/cpp_helpers -r result expect_exit_but_pass ]
Executing command [ cat result ]
Executing command [ /usr/tests/lib/atf/test-programs/sh_helpers -r result expect_exit_any_and_exit ]
Executing command [ cat result ]
Executing command [ /usr/tests/lib/atf/test-programs/sh_helpers -r result expect_exit_code_and_exit ]
Executing command [ cat result ]
Executing command [ /usr/tests/lib/atf/test-programs/sh_helpers -r result expect_exit_but_pass ]
Executing command [ cat result ]
===> lib/atf/test-programs/expect_test:expect_fail
Result: passed
Duration: 2.911s

Metadata:
    allowed_architectures is empty
    allowed_platforms is empty
    description is empty
    has_cleanup = false
    required_configs is empty
    required_disk_space = 0
    required_files is empty
    required_memory = 0
    required_programs is empty
    required_user is empty
    timeout = 300

Standard output:
Executing command [ /usr/tests/lib/atf/test-programs/c_helpers -r result expect_fail_and_fail_requirement ]
Executing command [ cat result ]
Executing command [ /usr/tests/lib/atf/test-programs/c_helpers -r result expect_fail_but_pass ]
Executing command [ cat result ]
Executing command [ /usr/tests/lib/atf/test-programs/c_helpers -r result expect_fail_and_fail_check ]
Executing command [ cat result ]
Executing command [ /usr/tests/lib/atf/test-programs/cpp_helpers -r result expect_fail_and_fail_requirement ]
Executing command [ cat result ]
Executing command [ /usr/tests/lib/atf/test-programs/cpp_helpers -r result expect_fail_but_pass ]
Executing command [ cat result ]
Executing command [ /usr/tests/lib/atf/test-programs/cpp_helpers -r result expect_fail_and_fail_check ]
Executing command [ cat result ]
Executing command [ /usr/tests/lib/atf/test-programs/sh_helpers -r result expect_fail_and_fail_requirement ]
Executing command [ cat result ]
Executing command [ /usr/tests/lib/atf/test-programs/sh_helpers -r result expect_fail_but_pass ]
Executing command [ cat result ]
===> lib/atf/test-programs/expect_test:expect_pass
Result: passed
Duration: 0.789s

Metadata:
    allowed_architectures is empty
    allowed_platforms is empty
    description is empty
    has_cleanup = false
    required_configs is empty
    required_disk_space = 0
    required_files is empty
    required_memory = 0
    required_programs is empty
    required_user is empty
    timeout = 300

Standard output:
Executing command [ /usr/tests/lib/atf/test-programs/c_helpers -r result expect_pass_and_pass ]
Executing command [ cat result ]
Executing command [ /usr/tests/lib/atf/test-programs/c_helpers -r result expect_pass_but_fail_requirement ]
Executing command [ cat result ]
Executing command [ /usr/tests/lib/atf/test-programs/c_helpers -r result expect_pass_but_fail_check ]
Executing command [ cat result ]
Executing command [ /usr/tests/lib/atf/test-programs/cpp_helpers -r result expect_pass_and_pass ]
Executing command [ cat result ]
Executing command [ /usr/tests/lib/atf/test-programs/cpp_helpers -r result expect_pass_but_fail_requirement ]
Executing command [ cat result ]
Executing command [ /usr/tests/lib/atf/test-programs/cpp_helpers -r result expect_pass_but_fail_check ]
Executing command [ cat result ]
Executing command [ /usr/tests/lib/atf/test-programs/sh_helpers -r result expect_pass_and_pass ]
Executing command [ cat result ]
Executing command [ /usr/tests/lib/atf/test-programs/sh_helpers -r result expect_pass_but_fail_requirement ]
Executing command [ cat result ]
===> lib/atf/test-programs/expect_test:expect_signal
Result: passed
Duration: 4.049s

Metadata:
    allowed_architectures is empty
    allowed_platforms is empty
    description is empty
    has_cleanup = false
    required_configs is empty
    required_disk_space = 0
    required_files is empty
    required_memory = 0
    required_programs is empty
    required_user is empty
    timeout = 300

Standard output:
Executing command [ /usr/tests/lib/atf/test-programs/c_helpers -r result expect_signal_any_and_signal ]
Executing command [ cat result ]
Executing command [ /usr/tests/lib/atf/test-programs/c_helpers -r result expect_signal_no_and_signal ]
Executing command [ cat result ]
Executing command [ /usr/tests/lib/atf/test-programs/c_helpers -r result expect_signal_but_pass ]
Executing command [ cat result ]
Executing command [ /usr/tests/lib/atf/test-programs/cpp_helpers -r result expect_signal_any_and_signal ]
Executing command [ cat result ]
Executing command [ /usr/tests/lib/atf/test-programs/cpp_helpers -r result expect_signal_no_and_signal ]
Executing command [ cat result ]
Executing command [ /usr/tests/lib/atf/test-programs/cpp_helpers -r result expect_signal_but_pass ]
Executing command [ cat result ]
Executing command [ /usr/tests/lib/atf/test-programs/sh_helpers -r result expect_signal_any_and_signal ]
Executing command [ cat result ]
Executing command [ /usr/tests/lib/atf/test-programs/sh_helpers -r result expect_signal_no_and_signal ]
Executing command [ cat result ]
Executing command [ /usr/tests/lib/atf/test-programs/sh_helpers -r result expect_signal_but_pass ]
Executing command [ cat result ]
===> lib/atf/test-programs/expect_test:expect_timeout
Result: passed
Duration: 7.361s

Metadata:
    allowed_architectures is empty
    allowed_platforms is empty
    description is empty
    has_cleanup = false
    required_configs is empty
    required_disk_space = 0
    required_files is empty
    required_memory = 0
    required_programs is empty
    required_user is empty
    timeout = 300

Standard output:
Executing command [ /usr/tests/lib/atf/test-programs/c_helpers -r result expect_timeout_but_pass ]
Executing command [ cat result ]
Executing command [ /usr/tests/lib/atf/test-programs/cpp_helpers -r result expect_timeout_but_pass ]
Executing command [ cat result ]
Executing command [ /usr/tests/lib/atf/test-programs/sh_helpers -r result expect_timeout_but_pass ]
Executing command [ cat result ]
===> lib/atf/test-programs/meta_data_test:no_descr
Result: passed
Duration: 2.105s

Metadata:
    allowed_architectures is empty
    allowed_platforms is empty
    description = Tests that the description may not be present
    has_cleanup = false
    required_configs is empty
    required_disk_space = 0
    required_files is empty
    required_memory = 0
    required_programs is empty
    required_user is empty
    timeout = 300

Standard output:
Executing command [ /usr/tests/lib/atf/test-programs/c_helpers -s /usr/tests/lib/atf/test-programs -l ]
Executing command [ /usr/tests/lib/atf/test-programs/c_helpers -s /usr/tests/lib/atf/test-programs metadata_no_descr ]
Executing command [ /usr/tests/lib/atf/test-programs/cpp_helpers -s /usr/tests/lib/atf/test-programs -l ]
Executing command [ /usr/tests/lib/atf/test-programs/cpp_helpers -s /usr/tests/lib/atf/test-programs metadata_no_descr ]
Executing command [ /usr/tests/lib/atf/test-programs/sh_helpers -s /usr/tests/lib/atf/test-programs -l ]
Executing command [ /usr/tests/lib/atf/test-programs/sh_helpers -s /usr/tests/lib/atf/test-programs metadata_no_descr ]
===> lib/atf/test-programs/meta_data_test:no_head
Result: passed
Duration: 1.133s

Metadata:
    allowed_architectures is empty
    allowed_platforms is empty
    description = Tests that the head may not be present
    has_cleanup = false
    required_configs is empty
    required_disk_space = 0
    required_files is empty
    required_memory = 0
    required_programs is empty
    required_user is empty
    timeout = 300

Standard output:
Executing command [ /usr/tests/lib/atf/test-programs/c_helpers -s /usr/tests/lib/atf/test-programs -l ]
Executing command [ /usr/tests/lib/atf/test-programs/c_helpers -s /usr/tests/lib/atf/test-programs metadata_no_head ]
Executing command [ /usr/tests/lib/atf/test-programs/cpp_helpers -s /usr/tests/lib/atf/test-programs -l ]
Executing command [ /usr/tests/lib/atf/test-programs/cpp_helpers -s /usr/tests/lib/atf/test-programs metadata_no_head ]
Executing command [ /usr/tests/lib/atf/test-programs/sh_helpers -s /usr/tests/lib/atf/test-programs -l ]
Executing command [ /usr/tests/lib/atf/test-programs/sh_helpers -s /usr/tests/lib/atf/test-programs metadata_no_head ]
===> lib/atf/test-programs/result_test:result_exception
Result: passed
Duration: 5.173s

Metadata:
    allowed_architectures is empty
    allowed_platforms is empty
    description = Tests that an unhandled exception is correctly captured
    has_cleanup = false
    required_configs is empty
    required_disk_space = 0
    required_files is empty
    required_memory = 0
    required_programs is empty
    required_user is empty
    timeout = 300

Standard output:
Executing command [ /usr/tests/lib/atf/test-programs/cpp_helpers -s  result_exception ]
===> lib/atf/test-programs/result_test:result_on_stdout
Result: passed
Duration: 1.007s

Metadata:
    allowed_architectures is empty
    allowed_platforms is empty
    description = Tests that the test case result is printed on stdout by default
    has_cleanup = false
    required_configs is empty
    required_disk_space = 0
    required_files is empty
    required_memory = 0
    required_programs is empty
    required_user is empty
    timeout = 300

Standard output:
Executing command [ /usr/tests/lib/atf/test-programs/c_helpers -s /usr/tests/lib/atf/test-programs result_pass ]
Executing command [ /usr/tests/lib/atf/test-programs/c_helpers -s /usr/tests/lib/atf/test-programs result_fail ]
Executing command [ /usr/tests/lib/atf/test-programs/c_helpers -s /usr/tests/lib/atf/test-programs result_skip ]
Executing command [ /usr/tests/lib/atf/test-programs/cpp_helpers -s /usr/tests/lib/atf/test-programs result_pass ]
Executing command [ /usr/tests/lib/atf/test-programs/cpp_helpers -s /usr/tests/lib/atf/test-programs result_fail ]
Executing command [ /usr/tests/lib/atf/test-programs/cpp_helpers -s /usr/tests/lib/atf/test-programs result_skip ]
Executing command [ /usr/tests/lib/atf/test-programs/sh_helpers -s /usr/tests/lib/atf/test-programs result_pass ]
Executing command [ /usr/tests/lib/atf/test-programs/sh_helpers -s /usr/tests/lib/atf/test-programs result_fail ]
Executing command [ /usr/tests/lib/atf/test-programs/sh_helpers -s /usr/tests/lib/atf/test-programs result_skip ]
===> lib/atf/test-programs/result_test:result_to_file
Result: passed
Duration: 1.500s

Metadata:
    allowed_architectures is empty
    allowed_platforms is empty
    description = Tests that the test case result is sent to a file if -r is used
    has_cleanup = false
    required_configs is empty
    required_disk_space = 0
    required_files is empty
    required_memory = 0
    required_programs is empty
    required_user is empty
    timeout = 300

Standard output:
Executing command [ /usr/tests/lib/atf/test-programs/c_helpers -s /usr/tests/lib/atf/test-programs -r resfile result_pass ]
Executing command [ cat resfile ]
Executing command [ /usr/tests/lib/atf/test-programs/c_helpers -s /usr/tests/lib/atf/test-programs -r resfile result_fail ]
Executing command [ cat resfile ]
Executing command [ /usr/tests/lib/atf/test-programs/c_helpers -s /usr/tests/lib/atf/test-programs -r resfile result_skip ]
Executing command [ cat resfile ]
Executing command [ /usr/tests/lib/atf/test-programs/cpp_helpers -s /usr/tests/lib/atf/test-programs -r resfile result_pass ]
Executing command [ cat resfile ]
Executing command [ /usr/tests/lib/atf/test-programs/cpp_helpers -s /usr/tests/lib/atf/test-programs -r resfile result_fail ]
Executing command [ cat resfile ]
Executing command [ /usr/tests/lib/atf/test-programs/cpp_helpers -s /usr/tests/lib/atf/test-programs -r resfile result_skip ]
Executing command [ cat resfile ]
Executing command [ /usr/tests/lib/atf/test-programs/sh_helpers -s /usr/tests/lib/atf/test-programs -r resfile result_pass ]
Executing command [ cat resfile ]
Executing command [ /usr/tests/lib/atf/test-programs/sh_helpers -s /usr/tests/lib/atf/test-programs -r resfile result_fail ]
Executing command [ cat resfile ]
Executing command [ /usr/tests/lib/atf/test-programs/sh_helpers -s /usr/tests/lib/atf/test-programs -r resfile result_skip ]
Executing command [ cat resfile ]
===> lib/atf/test-programs/result_test:result_to_file_fail
Result: passed
Duration: 9.371s

Metadata:
    allowed_architectures is empty
    allowed_platforms is empty
    description = Tests controlled failure if the test program fails to create the results file
    has_cleanup = false
    required_configs is empty
    required_disk_space = 0
    required_files is empty
    required_memory = 0
    required_programs is empty
    required_user = unprivileged
    timeout = 300

Standard output:
Executing command [ /usr/tests/lib/atf/test-programs/c_helpers -s /usr/tests/lib/atf/test-programs -r dir/resfile result_pass ]
Executing command [ /usr/tests/lib/atf/test-programs/cpp_helpers -s /usr/tests/lib/atf/test-programs -r dir/resfile result_pass ]
Executing command [ /usr/tests/lib/atf/test-programs/sh_helpers -s /usr/tests/lib/atf/test-programs -r dir/resfile result_pass ]
===> lib/atf/test-programs/result_test:runtime_warnings
Result: passed
Duration: 0.593s

Metadata:
    allowed_architectures is empty
    allowed_platforms is empty
    description = Tests that the test case prints a warning because it is being run outside of a runtime engine
    has_cleanup = false
    required_configs is empty
    required_disk_space = 0
    required_files is empty
    required_memory = 0
    required_programs is empty
    required_user is empty
    timeout = 300

Standard output:
Executing command [ /usr/tests/lib/atf/test-programs/c_helpers -s /usr/tests/lib/atf/test-programs result_pass ]
Executing command [ /usr/tests/lib/atf/test-programs/cpp_helpers -s /usr/tests/lib/atf/test-programs result_pass ]
Executing command [ /usr/tests/lib/atf/test-programs/sh_helpers -s /usr/tests/lib/atf/test-programs result_pass ]
===> lib/atf/test-programs/srcdir_test:default
Result: passed
Duration: 0.435s

Metadata:
    allowed_architectures is empty
    allowed_platforms is empty
    description = Checks that the program can find its files if executed from the same directory
    has_cleanup = false
    required_configs is empty
    required_disk_space = 0
    required_files is empty
    required_memory = 0
    required_programs is empty
    required_user is empty
    timeout = 300

Standard output:
Executing command [ /bin/sh -c cd tmp && ./c_helpers srcdir_exists ]
Executing command [ /usr/tests/lib/atf/test-programs/c_helpers -r res srcdir_exists ]
Executing command [ grep Cannot find datafile res ]
Executing command [ /bin/sh -c cd tmp && ./cpp_helpers srcdir_exists ]
Executing command [ /usr/tests/lib/atf/test-programs/cpp_helpers -r res srcdir_exists ]
Executing command [ grep Cannot find datafile res ]
Executing command [ /bin/sh -c cd tmp && ./sh_helpers srcdir_exists ]
Executing command [ /usr/tests/lib/atf/test-programs/sh_helpers -r res srcdir_exists ]
Executing command [ grep Cannot find datafile res ]
===> lib/atf/test-programs/srcdir_test:libtool
Result: passed
Duration: 0.662s

Metadata:
    allowed_architectures is empty
    allowed_platforms is empty
    description = Checks that the program can find its files if executed from the source directory and if it was built with libtool
    has_cleanup = false
    required_configs is empty
    required_disk_space = 0
    required_files is empty
    required_memory = 0
    required_programs is empty
    required_user is empty
    timeout = 300

Standard output:
Executing command [ /bin/sh -c cd tmp && ./.libs/c_helpers srcdir_exists ]
Executing command [ /usr/tests/lib/atf/test-programs/c_helpers -r res srcdir_exists ]
Executing command [ grep Cannot find datafile res ]
Executing command [ /bin/sh -c cd tmp && ./.libs/cpp_helpers srcdir_exists ]
Executing command [ /usr/tests/lib/atf/test-programs/cpp_helpers -r res srcdir_exists ]
Executing command [ grep Cannot find datafile res ]
Executing command [ /bin/sh -c cd tmp && ./.libs/lt-c_helpers srcdir_exists ]
Executing command [ /usr/tests/lib/atf/test-programs/c_helpers -r res srcdir_exists ]
Executing command [ grep Cannot find datafile res ]
Executing command [ /bin/sh -c cd tmp && ./.libs/lt-cpp_helpers srcdir_exists ]
Executing command [ /usr/tests/lib/atf/test-programs/cpp_helpers -r res srcdir_exists ]
Executing command [ grep Cannot find datafile res ]
===> lib/atf/test-programs/srcdir_test:relative
Result: passed
Duration: 5.600s

Metadata:
    allowed_architectures is empty
    allowed_platforms is empty
    description = Checks that passing a relative path through -s works
    has_cleanup = false
    required_configs is empty
    required_disk_space = 0
    required_files is empty
    required_memory = 0
    required_programs is empty
    required_user is empty
    timeout = 300

Standard output:
Helper is: c_helpers
Using source directory: tmp
Executing command [ ./tmp/c_helpers -s tmp srcdir_exists ]
Executing command [ /usr/tests/lib/atf/test-programs/c_helpers -r res srcdir_exists ]
Executing command [ grep Cannot find datafile res ]
Executing command [ /usr/tests/lib/atf/test-programs/c_helpers -s tmp srcdir_exists ]
Helper is: c_helpers
Using source directory: tmp/.
Executing command [ ./tmp/c_helpers -s tmp/. srcdir_exists ]
Executing command [ /usr/tests/lib/atf/test-programs/c_helpers -r res srcdir_exists ]
Executing command [ grep Cannot find datafile res ]
Executing command [ /usr/tests/lib/atf/test-programs/c_helpers -s tmp/. srcdir_exists ]
Helper is: c_helpers
Using source directory: ./tmp
Executing command [ ./tmp/c_helpers -s ./tmp srcdir_exists ]
Executing command [ /usr/tests/lib/atf/test-programs/c_helpers -r res srcdir_exists ]
Executing command [ grep Cannot find datafile res ]
Executing command [ /usr/tests/lib/atf/test-programs/c_helpers -s ./tmp srcdir_exists ]
Helper is: cpp_helpers
Using source directory: tmp
Executing command [ ./tmp/cpp_helpers -s tmp srcdir_exists ]
Executing command [ /usr/tests/lib/atf/test-programs/cpp_helpers -r res srcdir_exists ]
Executing command [ grep Cannot find datafile res ]
Executing command [ /usr/tests/lib/atf/test-programs/cpp_helpers -s tmp srcdir_exists ]
Helper is: cpp_helpers
Using source directory: tmp/.
Executing command [ ./tmp/cpp_helpers -s tmp/. srcdir_exists ]
Executing command [ /usr/tests/lib/atf/test-programs/cpp_helpers -r res srcdir_exists ]
Executing command [ grep Cannot find datafile res ]
Executing command [ /usr/tests/lib/atf/test-programs/cpp_helpers -s tmp/. srcdir_exists ]
Helper is: cpp_helpers
Using source directory: ./tmp
Executing command [ ./tmp/cpp_helpers -s ./tmp srcdir_exists ]
Executing command [ /usr/tests/lib/atf/test-programs/cpp_helpers -r res srcdir_exists ]
Executing command [ grep Cannot find datafile res ]
Executing command [ /usr/tests/lib/atf/test-programs/cpp_helpers -s ./tmp srcdir_exists ]
Helper is: sh_helpers
Using source directory: tmp
Executing command [ ./tmp/sh_helpers -s tmp srcdir_exists ]
Executing command [ /usr/tests/lib/atf/test-programs/sh_helpers -r res srcdir_exists ]
Executing command [ grep Cannot find datafile res ]
Executing command [ /usr/tests/lib/atf/test-programs/sh_helpers -s tmp srcdir_exists ]
Helper is: sh_helpers
Using source directory: tmp/.
Executing command [ ./tmp/sh_helpers -s tmp/. srcdir_exists ]
Executing command [ /usr/tests/lib/atf/test-programs/sh_helpers -r res srcdir_exists ]
Executing command [ grep Cannot find datafile res ]
Executing command [ /usr/tests/lib/atf/test-programs/sh_helpers -s tmp/. srcdir_exists ]
Helper is: sh_helpers
Using source directory: ./tmp
Executing command [ ./tmp/sh_helpers -s ./tmp srcdir_exists ]
Executing command [ /usr/tests/lib/atf/test-programs/sh_helpers -r res srcdir_exists ]
Executing command [ grep Cannot find datafile res ]
Executing command [ /usr/tests/lib/atf/test-programs/sh_helpers -s ./tmp srcdir_exists ]
===> lib/atf/test-programs/srcdir_test:sflag
Result: passed
Duration: 1.716s

Metadata:
    allowed_architectures is empty
    allowed_platforms is empty
    description = Checks that the program can find its files when using the -s flag
    has_cleanup = false
    required_configs is empty
    required_disk_space = 0
    required_files is empty
    required_memory = 0
    required_programs is empty
    required_user is empty
    timeout = 300

Standard output:
Executing command [ /bin/sh -c cd tmp && ./c_helpers -s /tmp/kyua.atf-tester.k74PIi/tmp                    srcdir_exists ]
Executing command [ /usr/tests/lib/atf/test-programs/c_helpers -r res srcdir_exists ]
Executing command [ grep Cannot find datafile res ]
Executing command [ /usr/tests/lib/atf/test-programs/c_helpers -s /tmp/kyua.atf-tester.k74PIi/tmp srcdir_exists ]
Executing command [ /bin/sh -c cd tmp && ./cpp_helpers -s /tmp/kyua.atf-tester.k74PIi/tmp                    srcdir_exists ]
Executing command [ /usr/tests/lib/atf/test-programs/cpp_helpers -r res srcdir_exists ]
Executing command [ grep Cannot find datafile res ]
Executing command [ /usr/tests/lib/atf/test-programs/cpp_helpers -s /tmp/kyua.atf-tester.k74PIi/tmp srcdir_exists ]
Executing command [ /bin/sh -c cd tmp && ./sh_helpers -s /tmp/kyua.atf-tester.k74PIi/tmp                    srcdir_exists ]
Executing command [ /usr/tests/lib/atf/test-programs/sh_helpers -r res srcdir_exists ]
Executing command [ grep Cannot find datafile res ]
Executing command [ /usr/tests/lib/atf/test-programs/sh_helpers -s /tmp/kyua.atf-tester.k74PIi/tmp srcdir_exists ]
===> lib/libc/c063/faccessat:faccessat_fd
Result: passed
Duration: 0.231s

Metadata:
    allowed_architectures is empty
    allowed_platforms is empty
    description = See that faccessat works with fd
    has_cleanup = false
    required_configs is empty
    required_disk_space = 0
    required_files is empty
    required_memory = 0
    required_programs is empty
    required_user is empty
    timeout = 300
===> lib/libc/c063/faccessat:faccessat_fdcwd
Result: passed
Duration: 0.187s

Metadata:
    allowed_architectures is empty
    allowed_platforms is empty
    description = See that faccessat works with fd as AT_FDCWD
    has_cleanup = false
    required_configs is empty
    required_disk_space = 0
    required_files is empty
    required_memory = 0
    required_programs is empty
    required_user is empty
    timeout = 300
===> lib/libc/c063/faccessat:faccessat_fdcwderr
Result: passed
Duration: 0.175s

Metadata:
    allowed_architectures is empty
    allowed_platforms is empty
    description = See that faccessat fails with fd as AT_FDCWD and bad path
    has_cleanup = false
    required_configs is empty
    required_disk_space = 0
    required_files is empty
    required_memory = 0
    required_programs is empty
    required_user is empty
    timeout = 300
===> lib/libc/c063/faccessat:faccessat_fderr1
Result: passed
Duration: 0.101s

Metadata:
    allowed_architectures is empty
    allowed_platforms is empty
    description = See that faccessat fail with bad path
    has_cleanup = false
    required_configs is empty
    required_disk_space = 0
    required_files is empty
    required_memory = 0
    required_programs is empty
    required_user is empty
    timeout = 300
===> lib/libc/c063/faccessat:faccessat_fderr2
Result: passed
Duration: 0.104s

Metadata:
    allowed_architectures is empty
    allowed_platforms is empty
    description = See that faccessat fails with bad fdat
    has_cleanup = false
    required_configs is empty
    required_disk_space = 0
    required_files is empty
    required_memory = 0
    required_programs is empty
    required_user is empty
    timeout = 300
===> lib/libc/c063/faccessat:faccessat_fderr3
Result: passed
Duration: 0.149s

Metadata:
    allowed_architectures is empty
    allowed_platforms is empty
    description = See that faccessat fails with fd as -1
    has_cleanup = false
    required_configs is empty
    required_disk_space = 0
    required_files is empty
    required_memory = 0
    required_programs is empty
    required_user is empty
    timeout = 300
===> lib/libc/c063/faccessat:faccessat_fdlink
Result: expected_failure: Depends on non-standard behavior not mentioned in POSIX.1-2008: /builds/FreeBSD_HEAD/contrib/netbsd-tests/lib/libc/c063/t_faccessat.c:174: faccessat(dfd, BASELINK, F_OK, AT_SYMLINK_NOFOLLOW) == 0 not met
Duration: 0.899s

Metadata:
    allowed_architectures is empty
    allowed_platforms is empty
    description = See that faccessat works on symlink
    has_cleanup = false
    required_configs is empty
    required_disk_space = 0
    required_files is empty
    required_memory = 0
    required_programs is empty
    required_user is empty
    timeout = 300
===> lib/libc/c063/fchmodat:fchmodat_fd
Result: passed
Duration: 0.355s

Metadata:
    allowed_architectures is empty
    allowed_platforms is empty
    description = See that fchmodat works with fd
    has_cleanup = false
    required_configs is empty
    required_disk_space = 0
    required_files is empty
    required_memory = 0
    required_programs is empty
    required_user is empty
    timeout = 300
===> lib/libc/c063/fchmodat:fchmodat_fdcwd
Result: passed
Duration: 1.175s

Metadata:
    allowed_architectures is empty
    allowed_platforms is empty
    description = See that fchmodat works with fd as AT_FDCWD
    has_cleanup = false
    required_configs is empty
    required_disk_space = 0
    required_files is empty
    required_memory = 0
    required_programs is empty
    required_user is empty
    timeout = 300
===> lib/libc/c063/fchmodat:fchmodat_fdcwderr
Result: passed
Duration: 0.402s

Metadata:
    allowed_architectures is empty
    allowed_platforms is empty
    description = See that fchmodat fails with fd as AT_FDCWD and bad path
    has_cleanup = false
    required_configs is empty
    required_disk_space = 0
    required_files is empty
    required_memory = 0
    required_programs is empty
    required_user is empty
    timeout = 300
===> lib/libc/c063/fchmodat:fchmodat_fderr1
Result: passed
Duration: 0.309s

Metadata:
    allowed_architectures is empty
    allowed_platforms is empty
    description = See that fchmodat fail with bad path
    has_cleanup = false
    required_configs is empty
    required_disk_space = 0
    required_files is empty
    required_memory = 0
    required_programs is empty
    required_user is empty
    timeout = 300
===> lib/libc/c063/fchmodat:fchmodat_fderr2
Result: passed
Duration: 0.553s

Metadata:
    allowed_architectures is empty
    allowed_platforms is empty
    description = See that fchmodat fails with bad fdat
    has_cleanup = false
    required_configs is empty
    required_disk_space = 0
    required_files is empty
    required_memory = 0
    required_programs is empty
    required_user is empty
    timeout = 300
===> lib/libc/c063/fchmodat:fchmodat_fderr3
Result: passed
Duration: 0.081s

Metadata:
    allowed_architectures is empty
    allowed_platforms is empty
    description = See that fchmodat fails with fd as -1
    has_cleanup = false
    required_configs is empty
    required_disk_space = 0
    required_files is empty
    required_memory = 0
    required_programs is empty
    required_user is empty
    timeout = 300
===> lib/libc/c063/fchmodat:fchmodat_fdlink
Result: passed
Duration: 0.172s

Metadata:
    allowed_architectures is empty
    allowed_platforms is empty
    description = See that fchmodat works on symlink
    has_cleanup = false
    required_configs is empty
    required_disk_space = 0
    required_files is empty
    required_memory = 0
    required_programs is empty
    required_user is empty
    timeout = 300
===> lib/libc/c063/fchownat:fchownat_fd
Result: passed
Duration: 0.266s

Metadata:
    allowed_architectures is empty
    allowed_platforms is empty
    description = See that fchownat works with fd
    has_cleanup = false
    required_configs is empty
    required_disk_space = 0
    required_files is empty
    required_memory = 0
    required_programs is empty
    required_user = root
    timeout = 300
===> lib/libc/c063/fchownat:fchownat_fdcwd
Result: passed
Duration: 0.159s

Metadata:
    allowed_architectures is empty
    allowed_platforms is empty
    description = See that fchownat works with fd as AT_FDCWD
    has_cleanup = false
    required_configs is empty
    required_disk_space = 0
    required_files is empty
    required_memory = 0
    required_programs is empty
    required_user = root
    timeout = 300
===> lib/libc/c063/fchownat:fchownat_fdcwderr
Result: passed
Duration: 0.057s

Metadata:
    allowed_architectures is empty
    allowed_platforms is empty
    description = See that fchownat fails with fd as AT_FDCWD and bad path
    has_cleanup = false
    required_configs is empty
    required_disk_space = 0
    required_files is empty
    required_memory = 0
    required_programs is empty
    required_user = root
    timeout = 300
===> lib/libc/c063/fchownat:fchownat_fderr1
Result: passed
Duration: 0.103s

Metadata:
    allowed_architectures is empty
    allowed_platforms is empty
    description = See that fchownat fail with bad path
    has_cleanup = false
    required_configs is empty
    required_disk_space = 0
    required_files is empty
    required_memory = 0
    required_programs is empty
    required_user = root
    timeout = 300
===> lib/libc/c063/fchownat:fchownat_fderr2
Result: passed
Duration: 0.370s

Metadata:
    allowed_architectures is empty
    allowed_platforms is empty
    description = See that fchownat fails with bad fdat
    has_cleanup = false
    required_configs is empty
    required_disk_space = 0
    required_files is empty
    required_memory = 0
    required_programs is empty
    required_user = root
    timeout = 300
===> lib/libc/c063/fchownat:fchownat_fderr3
Result: passed
Duration: 0.974s

Metadata:
    allowed_architectures is empty
    allowed_platforms is empty
    description = See that fchownat fails with fd as -1
    has_cleanup = false
    required_configs is empty
    required_disk_space = 0
    required_files is empty
    required_memory = 0
    required_programs is empty
    required_user = root
    timeout = 300
===> lib/libc/c063/fchownat:fchownat_fdlink
Result: passed
Duration: 0.212s

Metadata:
    allowed_architectures is empty
    allowed_platforms is empty
    description = See that fchownat works on symlink
    has_cleanup = false
    required_configs is empty
    required_disk_space = 0
    required_files is empty
    required_memory = 0
    required_programs is empty
    required_user = root
    timeout = 300
===> lib/libc/c063/fexecve:fexecve
Result: passed
Duration: 0.293s

Metadata:
    allowed_architectures is empty
    allowed_platforms is empty
    description = See that fexecve works
    has_cleanup = false
    required_configs is empty
    required_disk_space = 0
    required_files is empty
    required_memory = 0
    required_programs is empty
    required_user is empty
    timeout = 300
===> lib/libc/c063/fstatat:fstatat_fd
Result: passed
Duration: 0.951s

Metadata:
    allowed_architectures is empty
    allowed_platforms is empty
    description = See that fstatat works with fd
    has_cleanup = false
    required_configs is empty
    required_disk_space = 0
    required_files is empty
    required_memory = 0
    required_programs is empty
    required_user is empty
    timeout = 300
===> lib/libc/c063/fstatat:fstatat_fdcwd
Result: passed
Duration: 0.329s

Metadata:
    allowed_architectures is empty
    allowed_platforms is empty
    description = See that fstatat works with fd as AT_FDCWD
    has_cleanup = false
    required_configs is empty
    required_disk_space = 0
    required_files is empty
    required_memory = 0
    required_programs is empty
    required_user is empty
    timeout = 300
===> lib/libc/c063/fstatat:fstatat_fdcwderr
Result: passed
Duration: 0.195s

Metadata:
    allowed_architectures is empty
    allowed_platforms is empty
    description = See that fstatat fails with fd as AT_FDCWD and bad path
    has_cleanup = false
    required_configs is empty
    required_disk_space = 0
    required_files is empty
    required_memory = 0
    required_programs is empty
    required_user is empty
    timeout = 300
===> lib/libc/c063/fstatat:fstatat_fderr1
Result: passed
Duration: 0.154s

Metadata:
    allowed_architectures is empty
    allowed_platforms is empty
    description = See that fstatat fail with bad path
    has_cleanup = false
    required_configs is empty
    required_disk_space = 0
    required_files is empty
    required_memory = 0
    required_programs is empty
    required_user is empty
    timeout = 300
===> lib/libc/c063/fstatat:fstatat_fderr2
Result: passed
Duration: 0.155s

Metadata:
    allowed_architectures is empty
    allowed_platforms is empty
    description = See that fstatat fails with bad fdat
    has_cleanup = false
    required_configs is empty
    required_disk_space = 0
    required_files is empty
    required_memory = 0
    required_programs is empty
    required_user is empty
    timeout = 300
===> lib/libc/c063/fstatat:fstatat_fderr3
Result: passed
Duration: 0.362s

Metadata:
    allowed_architectures is empty
    allowed_platforms is empty
    description = See that fstatat fails with fd as -1
    has_cleanup = false
    required_configs is empty
    required_disk_space = 0
    required_files is empty
    required_memory = 0
    required_programs is empty
    required_user is empty
    timeout = 300
===> lib/libc/c063/fstatat:fstatat_fdlink
Result: passed
Duration: 0.351s

Metadata:
    allowed_architectures is empty
    allowed_platforms is empty
    description = See that fstatat works on symlink
    has_cleanup = false
    required_configs is empty
    required_disk_space = 0
    required_files is empty
    required_memory = 0
    required_programs is empty
    required_user is empty
    timeout = 300
===> lib/libc/c063/linkat:linkat_fd
Result: passed
Duration: 0.354s

Metadata:
    allowed_architectures is empty
    allowed_platforms is empty
    description = See that linkat works with fd
    has_cleanup = false
    required_configs is empty
    required_disk_space = 0
    required_files is empty
    required_memory = 0
    required_programs is empty
    required_user is empty
    timeout = 300
===> lib/libc/c063/linkat:linkat_fdcwd
Result: passed
Duration: 0.189s

Metadata:
    allowed_architectures is empty
    allowed_platforms is empty
    description = See that linkat works with fd as AT_FDCWD
    has_cleanup = false
    required_configs is empty
    required_disk_space = 0
    required_files is empty
    required_memory = 0
    required_programs is empty
    required_user is empty
    timeout = 300
===> lib/libc/c063/linkat:linkat_fdcwderr
Result: passed
Duration: 0.184s

Metadata:
    allowed_architectures is empty
    allowed_platforms is empty
    description = See that linkat fails with fd as AT_FDCWD and bad path
    has_cleanup = false
    required_configs is empty
    required_disk_space = 0
    required_files is empty
    required_memory = 0
    required_programs is empty
    required_user is empty
    timeout = 300
===> lib/libc/c063/linkat:linkat_fderr
Result: passed
Duration: 0.796s

Metadata:
    allowed_architectures is empty
    allowed_platforms is empty
    description = See that linkat fails with fd as -1
    has_cleanup = false
    required_configs is empty
    required_disk_space = 0
    required_files is empty
    required_memory = 0
    required_programs is empty
    required_user is empty
    timeout = 300
===> lib/libc/c063/linkat:linkat_fdlink1
Result: passed
Duration: 0.159s

Metadata:
    allowed_architectures is empty
    allowed_platforms is empty
    description = See that linkat works on symlink target
    has_cleanup = false
    required_configs is empty
    required_disk_space = 0
    required_files is empty
    required_memory = 0
    required_programs is empty
    required_user is empty
    timeout = 300
===> lib/libc/c063/linkat:linkat_fdlink2
Result: passed
Duration: 0.461s

Metadata:
    allowed_architectures is empty
    allowed_platforms is empty
    description = See that linkat works on symlink source
    has_cleanup = false
    required_configs is empty
    required_disk_space = 0
    required_files is empty
    required_memory = 0
    required_programs is empty
    required_user is empty
    timeout = 300
===> lib/libc/c063/mkdirat:mkdirat_fd
Result: passed
Duration: 2.221s

Metadata:
    allowed_architectures is empty
    allowed_platforms is empty
    description = See that mkdirat works with fd
    has_cleanup = false
    required_configs is empty
    required_disk_space = 0
    required_files is empty
    required_memory = 0
    required_programs is empty
    required_user is empty
    timeout = 300
===> lib/libc/c063/mkdirat:mkdirat_fdcwd
Result: passed
Duration: 0.551s

Metadata:
    allowed_architectures is empty
    allowed_platforms is empty
    description = See that mkdirat works with fd as AT_FDCWD
    has_cleanup = false
    required_configs is empty
    required_disk_space = 0
    required_files is empty
    required_memory = 0
    required_programs is empty
    required_user is empty
    timeout = 300
===> lib/libc/c063/mkdirat:mkdirat_fdcwderr
Result: passed
Duration: 0.285s

Metadata:
    allowed_architectures is empty
    allowed_platforms is empty
    description = See that mkdirat fails with fd as AT_FDCWD and bad path
    has_cleanup = false
    required_configs is empty
    required_disk_space = 0
    required_files is empty
    required_memory = 0
    required_programs is empty
    required_user is empty
    timeout = 300
===> lib/libc/c063/mkdirat:mkdirat_fderr
Result: passed
Duration: 0.274s

Metadata:
    allowed_architectures is empty
    allowed_platforms is empty
    description = See that mkdirat fails with fd as -1
    has_cleanup = false
    required_configs is empty
    required_disk_space = 0
    required_files is empty
    required_memory = 0
    required_programs is empty
    required_user is empty
    timeout = 300
===> lib/libc/c063/mkfifoat:mkfifoat_fd
Result: passed
Duration: 0.912s

Metadata:
    allowed_architectures is empty
    allowed_platforms is empty
    description = See that mkfifoat works with fd
    has_cleanup = false
    required_configs is empty
    required_disk_space = 0
    required_files is empty
    required_memory = 0
    required_programs is empty
    required_user is empty
    timeout = 300
===> lib/libc/c063/mkfifoat:mkfifoat_fdcwd
Result: passed
Duration: 0.728s

Metadata:
    allowed_architectures is empty
    allowed_platforms is empty
    description = See that mkfifoat works with fd as AT_FDCWD
    has_cleanup = false
    required_configs is empty
    required_disk_space = 0
    required_files is empty
    required_memory = 0
    required_programs is empty
    required_user is empty
    timeout = 300
===> lib/libc/c063/mkfifoat:mkfifoat_fdcwderr
Result: passed
Duration: 0.736s

Metadata:
    allowed_architectures is empty
    allowed_platforms is empty
    description = See that mkfifoat fails with fd as AT_FDCWD and bad path
    has_cleanup = false
    required_configs is empty
    required_disk_space = 0
    required_files is empty
    required_memory = 0
    required_programs is empty
    required_user is empty
    timeout = 300
===> lib/libc/c063/mkfifoat:mkfifoat_fderr
Result: passed
Duration: 0.738s

Metadata:
    allowed_architectures is empty
    allowed_platforms is empty
    description = See that mkfifoat fails with fd as -1
    has_cleanup = false
    required_configs is empty
    required_disk_space = 0
    required_files is empty
    required_memory = 0
    required_programs is empty
    required_user is empty
    timeout = 300
===> lib/libc/c063/mknodat:mknodat_fd
Result: passed
Duration: 0.200s

Metadata:
    allowed_architectures is empty
    allowed_platforms is empty
    description = See that mknodat works with fd
    has_cleanup = false
    required_configs is empty
    required_disk_space = 0
    required_files is empty
    required_memory = 0
    required_programs is empty
    required_user = root
    timeout = 300
===> lib/libc/c063/mknodat:mknodat_fdcwd
Result: passed
Duration: 0.229s

Metadata:
    allowed_architectures is empty
    allowed_platforms is empty
    description = See that mknodat works with fd as AT_FDCWD
    has_cleanup = false
    required_configs is empty
    required_disk_space = 0
    required_files is empty
    required_memory = 0
    required_programs is empty
    required_user = root
    timeout = 300
===> lib/libc/c063/mknodat:mknodat_fdcwderr
Result: passed
Duration: 0.101s

Metadata:
    allowed_architectures is empty
    allowed_platforms is empty
    description = See that mknodat fails with fd as AT_FDCWD and bad path
    has_cleanup = false
    required_configs is empty
    required_disk_space = 0
    required_files is empty
    required_memory = 0
    required_programs is empty
    required_user = root
    timeout = 300
===> lib/libc/c063/mknodat:mknodat_fderr
Result: passed
Duration: 0.218s

Metadata:
    allowed_architectures is empty
    allowed_platforms is empty
    description = See that mknodat fails with fd as -1
    has_cleanup = false
    required_configs is empty
    required_disk_space = 0
    required_files is empty
    required_memory = 0
    required_programs is empty
    required_user = root
    timeout = 300
===> lib/libc/c063/openat:openat_fd
Result: passed
Duration: 0.211s

Metadata:
    allowed_architectures is empty
    allowed_platforms is empty
    description = See that openat works with fd
    has_cleanup = false
    required_configs is empty
    required_disk_space = 0
    required_files is empty
    required_memory = 0
    required_programs is empty
    required_user is empty
    timeout = 300
===> lib/libc/c063/openat:openat_fdcwd
Result: passed
Duration: 0.193s

Metadata:
    allowed_architectures is empty
    allowed_platforms is empty
    description = See that openat works with fd as AT_FDCWD
    has_cleanup = false
    required_configs is empty
    required_disk_space = 0
    required_files is empty
    required_memory = 0
    required_programs is empty
    required_user is empty
    timeout = 300
===> lib/libc/c063/openat:openat_fdcwderr
Result: passed
Duration: 0.139s

Metadata:
    allowed_architectures is empty
    allowed_platforms is empty
    description = See that openat fails with fd as AT_FDCWD and bad path
    has_cleanup = false
    required_configs is empty
    required_disk_space = 0
    required_files is empty
    required_memory = 0
    required_programs is empty
    required_user is empty
    timeout = 300
===> lib/libc/c063/openat:openat_fderr1
Result: passed
Duration: 0.182s

Metadata:
    allowed_architectures is empty
    allowed_platforms is empty
    description = See that openat fail with bad path
    has_cleanup = false
    required_configs is empty
    required_disk_space = 0
    required_files is empty
    required_memory = 0
    required_programs is empty
    required_user is empty
    timeout = 300
===> lib/libc/c063/openat:openat_fderr2
Result: passed
Duration: 0.283s

Metadata:
    allowed_architectures is empty
    allowed_platforms is empty
    description = See that openat fails with bad fdat
    has_cleanup = false
    required_configs is empty
    required_disk_space = 0
    required_files is empty
    required_memory = 0
    required_programs is empty
    required_user is empty
    timeout = 300
===> lib/libc/c063/openat:openat_fderr3
Result: passed
Duration: 0.934s

Metadata:
    allowed_architectures is empty
    allowed_platforms is empty
    description = See that openat fails with fd as -1
    has_cleanup = false
    required_configs is empty
    required_disk_space = 0
    required_files is empty
    required_memory = 0
    required_programs is empty
    required_user is empty
    timeout = 300
===> lib/libc/c063/readlinkat:readlinkat_fd
Result: passed
Duration: 0.465s

Metadata:
    allowed_architectures is empty
    allowed_platforms is empty
    description = See that readlinkat works with fd
    has_cleanup = false
    required_configs is empty
    required_disk_space = 0
    required_files is empty
    required_memory = 0
    required_programs is empty
    required_user is empty
    timeout = 300
===> lib/libc/c063/readlinkat:readlinkat_fdcwd
Result: passed
Duration: 0.823s

Metadata:
    allowed_architectures is empty
    allowed_platforms is empty
    description = See that readlinkat works with fd as AT_FDCWD
    has_cleanup = false
    required_configs is empty
    required_disk_space = 0
    required_files is empty
    required_memory = 0
    required_programs is empty
    required_user is empty
    timeout = 300
===> lib/libc/c063/readlinkat:readlinkat_fdcwderr
Result: passed
Duration: 0.156s

Metadata:
    allowed_architectures is empty
    allowed_platforms is empty
    description = See that readlinkat fails with fd as AT_FDCWD and bad path
    has_cleanup = false
    required_configs is empty
    required_disk_space = 0
    required_files is empty
    required_memory = 0
    required_programs is empty
    required_user is empty
    timeout = 300
===> lib/libc/c063/readlinkat:readlinkat_fderr1
Result: passed
Duration: 0.242s

Metadata:
    allowed_architectures is empty
    allowed_platforms is empty
    description = See that readlinkat fail with bad path
    has_cleanup = false
    required_configs is empty
    required_disk_space = 0
    required_files is empty
    required_memory = 0
    required_programs is empty
    required_user is empty
    timeout = 300
===> lib/libc/c063/readlinkat:readlinkat_fderr2
Result: passed
Duration: 0.530s

Metadata:
    allowed_architectures is empty
    allowed_platforms is empty
    description = See that readlinkat fails with fd as -1
    has_cleanup = false
    required_configs is empty
    required_disk_space = 0
    required_files is empty
    required_memory = 0
    required_programs is empty
    required_user is empty
    timeout = 300
===> lib/libc/c063/renameat:renameat_fd
Result: passed
Duration: 0.273s

Metadata:
    allowed_architectures is empty
    allowed_platforms is empty
    description = See that renameat works with fd
    has_cleanup = false
    required_configs is empty
    required_disk_space = 0
    required_files is empty
    required_memory = 0
    required_programs is empty
    required_user is empty
    timeout = 300
===> lib/libc/c063/renameat:renameat_fdcwd
Result: passed
Duration: 0.259s

Metadata:
    allowed_architectures is empty
    allowed_platforms is empty
    description = See that renameat works with fd as AT_FDCWD
    has_cleanup = false
    required_configs is empty
    required_disk_space = 0
    required_files is empty
    required_memory = 0
    required_programs is empty
    required_user is empty
    timeout = 300
===> lib/libc/c063/renameat:renameat_fdcwderr
Result: passed
Duration: 0.183s

Metadata:
    allowed_architectures is empty
    allowed_platforms is empty
    description = See that renameat fails with fd as AT_FDCWD and bad path
    has_cleanup = false
    required_configs is empty
    required_disk_space = 0
    required_files is empty
    required_memory = 0
    required_programs is empty
    required_user is empty
    timeout = 300
===> lib/libc/c063/renameat:renameat_fderr
Result: passed
Duration: 0.174s

Metadata:
    allowed_architectures is empty
    allowed_platforms is empty
    description = See that renameat fails with fd as -1
    has_cleanup = false
    required_configs is empty
    required_disk_space = 0
    required_files is empty
    required_memory = 0
    required_programs is empty
    required_user is empty
    timeout = 300
===> lib/libc/c063/symlinkat:symlinkat_fd
Result: passed
Duration: 0.024s

Metadata:
    allowed_architectures is empty
    allowed_platforms is empty
    description = See that symlinkat works with fd
    has_cleanup = false
    required_configs is empty
    required_disk_space = 0
    required_files is empty
    required_memory = 0
    required_programs is empty
    required_user is empty
    timeout = 300
===> lib/libc/c063/symlinkat:symlinkat_fdcwd
Result: passed
Duration: 0.022s

Metadata:
    allowed_architectures is empty
    allowed_platforms is empty
    description = See that symlinkat works with fd as AT_FDCWD
    has_cleanup = false
    required_configs is empty
    required_disk_space = 0
    required_files is empty
    required_memory = 0
    required_programs is empty
    required_user is empty
    timeout = 300
===> lib/libc/c063/symlinkat:symlinkat_fdcwderr
Result: passed
Duration: 0.140s

Metadata:
    allowed_architectures is empty
    allowed_platforms is empty
    description = See that symlinkat works with fd as AT_FDCWD and bad path
    has_cleanup = false
    required_configs is empty
    required_disk_space = 0
    required_files is empty
    required_memory = 0
    required_programs is empty
    required_user is empty
    timeout = 300
===> lib/libc/c063/symlinkat:symlinkat_fderr
Result: passed
Duration: 0.020s

Metadata:
    allowed_architectures is empty
    allowed_platforms is empty
    description = See that symlinkat fails with fd as -1
    has_cleanup = false
    required_configs is empty
    required_disk_space = 0
    required_files is empty
    required_memory = 0
    required_programs is empty
    required_user is empty
    timeout = 300
===> lib/libc/c063/unlinkat:unlinkat_dir
Result: passed
Duration: 0.018s

Metadata:
    allowed_architectures is empty
    allowed_platforms is empty
    description = See that unlinkat can remove directories
    has_cleanup = false
    required_configs is empty
    required_disk_space = 0
    required_files is empty
    required_memory = 0
    required_programs is empty
    required_user is empty
    timeout = 300
===> lib/libc/c063/unlinkat:unlinkat_fd
Result: passed
Duration: 0.017s

Metadata:
    allowed_architectures is empty
    allowed_platforms is empty
    description = See that unlinkat works with fd
    has_cleanup = false
    required_configs is empty
    required_disk_space = 0
    required_files is empty
    required_memory = 0
    required_programs is empty
    required_user is empty
    timeout = 300
===> lib/libc/c063/unlinkat:unlinkat_fdcwd
Result: passed
Duration: 0.016s

Metadata:
    allowed_architectures is empty
    allowed_platforms is empty
    description = See that unlinkat works with fd as AT_FDCWD
    has_cleanup = false
    required_configs is empty
    required_disk_space = 0
    required_files is empty
    required_memory = 0
    required_programs is empty
    required_user is empty
    timeout = 300
===> lib/libc/c063/unlinkat:unlinkat_fdcwderr
Result: passed
Duration: 0.016s

Metadata:
    allowed_architectures is empty
    allowed_platforms is empty
    description = See that unlinkat fails with fd as AT_FDCWD and bad path
    has_cleanup = false
    required_configs is empty
    required_disk_space = 0
    required_files is empty
    required_memory = 0
    required_programs is empty
    required_user is empty
    timeout = 300
===> lib/libc/c063/unlinkat:unlinkat_fderr1
Result: passed
Duration: 0.015s

Metadata:
    allowed_architectures is empty
    allowed_platforms is empty
    description = See that unlinkat fail with bad path
    has_cleanup = false
    required_configs is empty
    required_disk_space = 0
    required_files is empty
    required_memory = 0
    required_programs is empty
    required_user is empty
    timeout = 300
===> lib/libc/c063/unlinkat:unlinkat_fderr2
Result: passed
Duration: 0.017s

Metadata:
    allowed_architectures is empty
    allowed_platforms is empty
    description = See that unlinkat fails with bad fdat
    has_cleanup = false
    required_configs is empty
    required_disk_space = 0
    required_files is empty
    required_memory = 0
    required_programs is empty
    required_user is empty
    timeout = 300
===> lib/libc/c063/unlinkat:unlinkat_fderr3
Result: passed
Duration: 0.018s

Metadata:
    allowed_architectures is empty
    allowed_platforms is empty
    description = See that unlinkat fails with fd as -1
    has_cleanup = false
    required_configs is empty
    required_disk_space = 0
    required_files is empty
    required_memory = 0
    required_programs is empty
    required_user is empty
    timeout = 300
===> lib/libc/c063/utimensat:utimensat_fd
Result: passed
Duration: 0.019s

Metadata:
    allowed_architectures is empty
    allowed_platforms is empty
    description = See that utimensat works with fd
    has_cleanup = false
    required_configs is empty
    required_disk_space = 0
    required_files is empty
    required_memory = 0
    required_programs is empty
    required_user is empty
    timeout = 300
===> lib/libc/c063/utimensat:utimensat_fdcwd
Result: passed
Duration: 0.018s

Metadata:
    allowed_architectures is empty
    allowed_platforms is empty
    description = See that utimensat works with fd as AT_FDCWD
    has_cleanup = false
    required_configs is empty
    required_disk_space = 0
    required_files is empty
    required_memory = 0
    required_programs is empty
    required_user is empty
    timeout = 300
===> lib/libc/c063/utimensat:utimensat_fdcwderr
Result: passed
Duration: 0.017s

Metadata:
    allowed_architectures is empty
    allowed_platforms is empty
    description = See that utimensat fails with fd as AT_FDCWD and bad path
    has_cleanup = false
    required_configs is empty
    required_disk_space = 0
    required_files is empty
    required_memory = 0
    required_programs is empty
    required_user is empty
    timeout = 300
===> lib/libc/c063/utimensat:utimensat_fderr1
Result: passed
Duration: 0.016s

Metadata:
    allowed_architectures is empty
    allowed_platforms is empty
    description = See that utimensat fail with bad path
    has_cleanup = false
    required_configs is empty
    required_disk_space = 0
    required_files is empty
    required_memory = 0
    required_programs is empty
    required_user is empty
    timeout = 300
===> lib/libc/c063/utimensat:utimensat_fderr2
Result: passed
Duration: 0.018s

Metadata:
    allowed_architectures is empty
    allowed_platforms is empty
    description = See that utimensat fails with bad fdat
    has_cleanup = false
    required_configs is empty
    required_disk_space = 0
    required_files is empty
    required_memory = 0
    required_programs is empty
    required_user is empty
    timeout = 300
===> lib/libc/c063/utimensat:utimensat_fderr3
Result: passed
Duration: 0.016s

Metadata:
    allowed_architectures is empty
    allowed_platforms is empty
    description = See that utimensat fails with fd as -1
    has_cleanup = false
    required_configs is empty
    required_disk_space = 0
    required_files is empty
    required_memory = 0
    required_programs is empty
    required_user is empty
    timeout = 300
===> lib/libc/c063/utimensat:utimensat_fdlink
Result: passed
Duration: 0.018s

Metadata:
    allowed_architectures is empty
    allowed_platforms is empty
    description = See that utimensat works on symlink
    has_cleanup = false
    required_configs is empty
    required_disk_space = 0
    required_files is empty
    required_memory = 0
    required_programs is empty
    required_user is empty
    timeout = 300
===> lib/libc/db/db_test:alternate_recno
Result: passed
Duration: 0.291s

Metadata:
    allowed_architectures is empty
    allowed_platforms is empty
    description = Checks recno database using alternating order entries
    has_cleanup = false
    required_configs is empty
    required_disk_space = 0
    required_files is empty
    required_memory = 0
    required_programs is empty
    required_user is empty
    timeout = 300

Standard output:
Executing command [ /usr/tests/lib/libc/db/h_db -o out recno in ]
===> lib/libc/db/db_test:big_btree
Result: passed
Duration: 6.855s

Metadata:
    allowed_architectures is empty
    allowed_platforms is empty
    description = Checks btree database using small keys and big data pairs: inserts the programs in /bin with their paths as their keys.
    has_cleanup = false
    required_configs is empty
    required_disk_space = 0
    required_files is empty
    required_memory = 0
    required_programs is empty
    required_user is empty
    timeout = 300

Standard output:
checking page size: 512
Executing command [ /usr/tests/lib/libc/db/h_db -o out btree in ]
checking page size: 16384
Executing command [ /usr/tests/lib/libc/db/h_db -o out btree in ]
checking page size: 65536
Executing command [ /usr/tests/lib/libc/db/h_db -o out btree in ]
===> lib/libc/db/db_test:big_hash
Result: passed
Duration: 2.521s

Metadata:
    allowed_architectures is empty
    allowed_platforms is empty
    description = Checks hash database using small keys and big data pairs: inserts the programs in /bin with their paths as their keys.
    has_cleanup = false
    required_configs is empty
    required_disk_space = 0
    required_files is empty
    required_memory = 0
    required_programs is empty
    required_user is empty
    timeout = 300

Standard output:
Executing command [ /usr/tests/lib/libc/db/h_db -o out hash in ]
===> lib/libc/db/db_test:big_recno
Result: passed
Duration: 4.662s

Metadata:
    allowed_architectures is empty
    allowed_platforms is empty
    description = Checks recno database using small keys and big data pairs: inserts the programs in /bin with their paths as their keys.
    has_cleanup = false
    required_configs is empty
    required_disk_space = 0
    required_files is empty
    required_memory = 0
    required_programs is empty
    required_user is empty
    timeout = 300

Standard output:
checking page size: 512
Executing command [ /usr/tests/lib/libc/db/h_db -o out recno in ]
checking page size: 16384
Executing command [ /usr/tests/lib/libc/db/h_db -o out recno in ]
checking page size: 65536
Executing command [ /usr/tests/lib/libc/db/h_db -o out recno in ]
===> lib/libc/db/db_test:bsize_ffactor
Result: passed
Duration: 19.009s

Metadata:
    allowed_architectures is empty
    allowed_platforms is empty
    description = Checks hash database with various bucketsizes and fill factors
    has_cleanup = false
    required_configs is empty
    required_disk_space = 0
    required_files is empty
    required_memory = 0
    required_programs is empty
    required_user is empty
    timeout = 480

Standard output:
bucketsize 256, fill factor 11
Executing command [ /usr/tests/lib/libc/db/h_db -ibsize=256,ffactor=11,nelem=25000,cachesize=65536 hash in ]
bucketsize 256, fill factor 14
Executing command [ /usr/tests/lib/libc/db/h_db -ibsize=256,ffactor=14,nelem=25000,cachesize=65536 hash in ]
bucketsize 256, fill factor 21
Executing command [ /usr/tests/lib/libc/db/h_db -ibsize=256,ffactor=21,nelem=25000,cachesize=65536 hash in ]
bucketsize 512, fill factor 21
Executing command [ /usr/tests/lib/libc/db/h_db -ibsize=512,ffactor=21,nelem=25000,cachesize=65536 hash in ]
bucketsize 512, fill factor 28
Executing command [ /usr/tests/lib/libc/db/h_db -ibsize=512,ffactor=28,nelem=25000,cachesize=65536 hash in ]
bucketsize 512, fill factor 43
Executing command [ /usr/tests/lib/libc/db/h_db -ibsize=512,ffactor=43,nelem=25000,cachesize=65536 hash in ]
bucketsize 1024, fill factor 43
Executing command [ /usr/tests/lib/libc/db/h_db -ibsize=1024,ffactor=43,nelem=25000,cachesize=65536 hash in ]
bucketsize 1024, fill factor 57
Executing command [ /usr/tests/lib/libc/db/h_db -ibsize=1024,ffactor=57,nelem=25000,cachesize=65536 hash in ]
bucketsize 1024, fill factor 85
Executing command [ /usr/tests/lib/libc/db/h_db -ibsize=1024,ffactor=85,nelem=25000,cachesize=65536 hash in ]
bucketsize 2048, fill factor 85
Executing command [ /usr/tests/lib/libc/db/h_db -ibsize=2048,ffactor=85,nelem=25000,cachesize=65536 hash in ]
bucketsize 2048, fill factor 114
Executing command [ /usr/tests/lib/libc/db/h_db -ibsize=2048,ffactor=114,nelem=25000,cachesize=65536 hash in ]
bucketsize 2048, fill factor 171
Executing command [ /usr/tests/lib/libc/db/h_db -ibsize=2048,ffactor=171,nelem=25000,cachesize=65536 hash in ]
bucketsize 4096, fill factor 171
Executing command [ /usr/tests/lib/libc/db/h_db -ibsize=4096,ffactor=171,nelem=25000,cachesize=65536 hash in ]
bucketsize 4096, fill factor 228
Executing command [ /usr/tests/lib/libc/db/h_db -ibsize=4096,ffactor=228,nelem=25000,cachesize=65536 hash in ]
bucketsize 4096, fill factor 341
Executing command [ /usr/tests/lib/libc/db/h_db -ibsize=4096,ffactor=341,nelem=25000,cachesize=65536 hash in ]
bucketsize 8192, fill factor 341
Executing command [ /usr/tests/lib/libc/db/h_db -ibsize=8192,ffactor=341,nelem=25000,cachesize=65536 hash in ]
bucketsize 8192, fill factor 455
Executing command [ /usr/tests/lib/libc/db/h_db -ibsize=8192,ffactor=455,nelem=25000,cachesize=65536 hash in ]
bucketsize 8192, fill factor 683
Executing command [ /usr/tests/lib/libc/db/h_db -ibsize=8192,ffactor=683,nelem=25000,cachesize=65536 hash in ]
===> lib/libc/db/db_test:byte_orders_btree
Result: passed
Duration: 2.929s

Metadata:
    allowed_architectures is empty
    allowed_platforms is empty
    description = Checks btree database using differing byte orders
    has_cleanup = false
    required_configs is empty
    required_disk_space = 0
    required_files is empty
    required_memory = 0
    required_programs is empty
    required_user is empty
    timeout = 300

Standard output:
Executing command [ /usr/tests/lib/libc/db/h_db -ilorder=1234 -f byte.file btree in ]
Executing command [ /usr/tests/lib/libc/db/h_db -s -ilorder=1234 -f byte.file btree in ]
Executing command [ /usr/tests/lib/libc/db/h_db -ilorder=4321 -f byte.file btree in ]
Executing command [ /usr/tests/lib/libc/db/h_db -s -ilorder=4321 -f byte.file btree in ]
===> lib/libc/db/db_test:byte_orders_hash
Result: passed
Duration: 2.031s

Metadata:
    allowed_architectures is empty
    allowed_platforms is empty
    description = Checks hash database using differing byte orders
    has_cleanup = false
    required_configs is empty
    required_disk_space = 0
    required_files is empty
    required_memory = 0
    required_programs is empty
    required_user is empty
    timeout = 300

Standard output:
Executing command [ /usr/tests/lib/libc/db/h_db -ilorder=1234 -f byte.file hash in ]
Executing command [ /usr/tests/lib/libc/db/h_db -s -ilorder=1234 -f byte.file hash in ]
Executing command [ /usr/tests/lib/libc/db/h_db -ilorder=4321 -f byte.file hash in ]
Executing command [ /usr/tests/lib/libc/db/h_db -s -ilorder=4321 -f byte.file hash in ]
===> lib/libc/db/db_test:cursor_flags_btree
Result: passed
Duration: 0.675s

Metadata:
    allowed_architectures is empty
    allowed_platforms is empty
    description = Checks use of cursor flags without initialization in btree database
    has_cleanup = false
    required_configs is empty
    required_disk_space = 0
    required_files is empty
    required_memory = 0
    required_programs is empty
    required_user is empty
    timeout = 300

Standard output:
Executing command [ /usr/tests/lib/libc/db/h_db -o out btree in ]
Executing command [ test -s out ]
Executing command [ /usr/tests/lib/libc/db/h_db -o out btree in ]
Executing command [ test -s out ]
===> lib/libc/db/db_test:cursor_flags_recno
Result: passed
Duration: 0.460s

Metadata:
    allowed_architectures is empty
    allowed_platforms is empty
    description = Checks use of cursor flags without initialization in recno database
    has_cleanup = false
    required_configs is empty
    required_disk_space = 0
    required_files is empty
    required_memory = 0
    required_programs is empty
    required_user is empty
    timeout = 300

Standard output:
Executing command [ /usr/tests/lib/libc/db/h_db -o out recno in ]
Executing command [ test -s out ]
Executing command [ /usr/tests/lib/libc/db/h_db -o out recno in ]
Executing command [ test -s out ]
===> lib/libc/db/db_test:delete_btree
Result: passed
Duration: 0.293s

Metadata:
    allowed_architectures is empty
    allowed_platforms is empty
    description = Checks removing records in btree database
    has_cleanup = false
    required_configs is empty
    required_disk_space = 0
    required_files is empty
    required_memory = 0
    required_programs is empty
    required_user is empty
    timeout = 300

Standard output:
Executing command [ /usr/tests/lib/libc/db/h_db -o out btree in ]
Executing command [ cat out ]
===> lib/libc/db/db_test:delete_recno
Result: passed
Duration: 0.478s

Metadata:
    allowed_architectures is empty
    allowed_platforms is empty
    description = Checks removing records in recno database
    has_cleanup = false
    required_configs is empty
    required_disk_space = 0
    required_files is empty
    required_memory = 0
    required_programs is empty
    required_user is empty
    timeout = 300

Standard output:
Executing command [ /usr/tests/lib/libc/db/h_db -o out recno in ]
Executing command [ cat out ]
===> lib/libc/db/db_test:duplicate_btree
Result: passed
Duration: 1.328s

Metadata:
    allowed_architectures is empty
    allowed_platforms is empty
    description = Checks btree database with duplicate keys
    has_cleanup = false
    required_configs is empty
    required_disk_space = 0
    required_files is empty
    required_memory = 0
    required_programs is empty
    required_user is empty
    timeout = 300

Standard output:
Executing command [ /bin/sh -c /usr/tests/lib/libc/db/h_db -iflags=1 btree in | sort ]
===> lib/libc/db/db_test:four_char_hash
Result: passed
Duration: 0.617s

Metadata:
    allowed_architectures is empty
    allowed_platforms is empty
    description = Checks hash database with 4 char key and value insert on a 65536 bucket size
    has_cleanup = false
    required_configs is empty
    required_disk_space = 0
    required_files is empty
    required_memory = 0
    required_programs is empty
    required_user is empty
    timeout = 300

Standard output:
Executing command [ /usr/tests/lib/libc/db/h_db -i bsize=32768 hash in ]
===> lib/libc/db/db_test:medium_btree
Result: passed
Duration: 0.467s

Metadata:
    allowed_architectures is empty
    allowed_platforms is empty
    description = Checks btree database using small keys and medium data pairs: takes the first 200 entries in the dictionary, and gives them each a medium size data entry.
    has_cleanup = false
    required_configs is empty
    required_disk_space = 0
    required_files is empty
    required_memory = 0
    required_programs is empty
    required_user is empty
    timeout = 300

Standard output:
Executing command [ /usr/tests/lib/libc/db/h_db btree in ]
===> lib/libc/db/db_test:medium_hash
Result: passed
Duration: 0.353s

Metadata:
    allowed_architectures is empty
    allowed_platforms is empty
    description = Checks hash database using small keys and medium data pairs: takes the first 200 entries in the dictionary, and gives them each a medium size data entry.
    has_cleanup = false
    required_configs is empty
    required_disk_space = 0
    required_files is empty
    required_memory = 0
    required_programs is empty
    required_user is empty
    timeout = 300

Standard output:
Executing command [ /usr/tests/lib/libc/db/h_db hash in ]
===> lib/libc/db/db_test:medium_recno
Result: passed
Duration: 0.167s

Metadata:
    allowed_architectures is empty
    allowed_platforms is empty
    description = Checks recno database using small keys and medium data pairs: takes the first 200 entries in the dictionary, and gives them each a medium size data entry.
    has_cleanup = false
    required_configs is empty
    required_disk_space = 0
    required_files is empty
    required_memory = 0
    required_programs is empty
    required_user is empty
    timeout = 300

Standard output:
Executing command [ /usr/tests/lib/libc/db/h_db recno in ]
===> lib/libc/db/db_test:random_recno
Result: passed
Duration: 0.651s

Metadata:
    allowed_architectures is empty
    allowed_platforms is empty
    description = Checks recno database using random entries
    has_cleanup = false
    required_configs is empty
    required_disk_space = 0
    required_files is empty
    required_memory = 0
    required_programs is empty
    required_user is empty
    timeout = 300

Standard output:
Executing command [ /usr/tests/lib/libc/db/h_db recno in ]
===> lib/libc/db/db_test:repeated_btree
Result: passed
Duration: 1.267s

Metadata:
    allowed_architectures is empty
    allowed_platforms is empty
    description = Checks btree database with repeated small keys and big data pairs. Makes sure that overflow pages are reused
    has_cleanup = false
    required_configs is empty
    required_disk_space = 0
    required_files is empty
    required_memory = 0
    required_programs is empty
    required_user is empty
    timeout = 300

Standard output:
	1 of 10             
	2 of 10             
	3 of 10             
	4 of 10             
	5 of 10             
	6 of 10             
	7 of 10             
	8 of 10 (comparison)
	9 of 10             
	10 of 10             
===> lib/libc/db/db_test:repeated_hash
Result: passed
Duration: 2.135s

Metadata:
    allowed_architectures is empty
    allowed_platforms is empty
    description = Checks hash database with repeated small keys and big data pairs. Makes sure that overflow pages are reused
    has_cleanup = false
    required_configs is empty
    required_disk_space = 0
    required_files is empty
    required_memory = 0
    required_programs is empty
    required_user is empty
    timeout = 300

Standard output:
	1 of 10             
	2 of 10             
	3 of 10             
	4 of 10             
	5 of 10             
	6 of 10             
	7 of 10             
	8 of 10 (comparison)
	9 of 10             
	10 of 10             
===> lib/libc/db/db_test:reverse_order_recno
Result: passed
Duration: 0.814s

Metadata:
    allowed_architectures is empty
    allowed_platforms is empty
    description = Checks reverse order inserts in recno database
    has_cleanup = false
    required_configs is empty
    required_disk_space = 0
    required_files is empty
    required_memory = 0
    required_programs is empty
    required_user is empty
    timeout = 300

Standard output:
Executing command [ /usr/tests/lib/libc/db/h_db recno in ]
===> lib/libc/db/db_test:reverse_recno
Result: passed
Duration: 0.517s

Metadata:
    allowed_architectures is empty
    allowed_platforms is empty
    description = Checks recno database using reverse order entries
    has_cleanup = false
    required_configs is empty
    required_disk_space = 0
    required_files is empty
    required_memory = 0
    required_programs is empty
    required_user is empty
    timeout = 300

Standard output:
Executing command [ /usr/tests/lib/libc/db/h_db recno in ]
===> lib/libc/db/db_test:small_btree
Result: passed
Duration: 0.999s

Metadata:
    allowed_architectures is empty
    allowed_platforms is empty
    description = Checks btree database using small keys and small data pairs: takes the first hundred entries in the dictionary, and makes them be key/data pairs.
    has_cleanup = false
    required_configs is empty
    required_disk_space = 0
    required_files is empty
    required_memory = 0
    required_programs is empty
    required_user is empty
    timeout = 300

Standard output:
Executing command [ /usr/tests/lib/libc/db/h_db btree in ]
===> lib/libc/db/db_test:small_hash
Result: passed
Duration: 1.441s

Metadata:
    allowed_architectures is empty
    allowed_platforms is empty
    description = Checks hash database using small keys and small data pairs: takes the first hundred entries in the dictionary, and makes them be key/data pairs.
    has_cleanup = false
    required_configs is empty
    required_disk_space = 0
    required_files is empty
    required_memory = 0
    required_programs is empty
    required_user is empty
    timeout = 300

Standard output:
Executing command [ /usr/tests/lib/libc/db/h_db hash in ]
===> lib/libc/db/db_test:small_page_btree
Result: passed
Duration: 12.145s

Metadata:
    allowed_architectures is empty
    allowed_platforms is empty
    description = Checks btree database with lots of keys and small page size: takes the first 20000 entries in the dictionary, reverses them, and gives them each a small size data entry. Uses a small page size to make sure the btree split code gets hammered.
    has_cleanup = false
    required_configs is empty
    required_disk_space = 0
    required_files is empty
    required_memory = 0
    required_programs is empty
    required_user is empty
    timeout = 300

Standard output:
Executing command [ /usr/tests/lib/libc/db/h_db -i psize=512 btree in ]
===> lib/libc/db/db_test:small_recno
Result: passed
Duration: 0.998s

Metadata:
    allowed_architectures is empty
    allowed_platforms is empty
    description = Checks recno database using small keys and small data pairs: takes the first hundred entries in the dictionary, and makes them be key/data pairs.
    has_cleanup = false
    required_configs is empty
    required_disk_space = 0
    required_files is empty
    required_memory = 0
    required_programs is empty
    required_user is empty
    timeout = 300

Standard output:
Executing command [ /usr/tests/lib/libc/db/h_db recno in ]
===> lib/libc/gen/alarm_test:alarm_basic
Result: passed
Duration: 1.567s

Metadata:
    allowed_architectures is empty
    allowed_platforms is empty
    description = A basic test of alarm(3)
    has_cleanup = false
    required_configs is empty
    required_disk_space = 0
    required_files is empty
    required_memory = 0
    required_programs is empty
    required_user is empty
    timeout = 300
===> lib/libc/gen/alarm_test:alarm_fork
Result: passed
Duration: 0.243s

Metadata:
    allowed_architectures is empty
    allowed_platforms is empty
    description = Does fork(2) clear a pending alarm?
    has_cleanup = false
    required_configs is empty
    required_disk_space = 0
    required_files is empty
    required_memory = 0
    required_programs is empty
    required_user is empty
    timeout = 300
===> lib/libc/gen/alarm_test:alarm_previous
Result: passed
Duration: 0.421s

Metadata:
    allowed_architectures is empty
    allowed_platforms is empty
    description = Test return value from alarm(3)
    has_cleanup = false
    required_configs is empty
    required_disk_space = 0
    required_files is empty
    required_memory = 0
    required_programs is empty
    required_user is empty
    timeout = 300
===> lib/libc/gen/arc4random_test:test_arc4random
Result: passed
Duration: 0.104s

Metadata:
    allowed_architectures is empty
    allowed_platforms is empty
    description is empty
    has_cleanup = false
    required_configs is empty
    required_disk_space = 0
    required_files is empty
    required_memory = 0
    required_programs is empty
    required_user is empty
    timeout = 300

Standard output:
1..1
1..1
===> lib/libc/gen/assert_test:assert_false
Result: passed
Duration: 0.464s

Metadata:
    allowed_architectures is empty
    allowed_platforms is empty
    description = Test that assert(3) works, #1
    has_cleanup = false
    required_configs is empty
    required_disk_space = 0
    required_files is empty
    required_memory = 0
    required_programs is empty
    required_user is empty
    timeout = 300
===> lib/libc/gen/assert_test:assert_true
Result: passed
Duration: 1.812s

Metadata:
    allowed_architectures is empty
    allowed_platforms is empty
    description = Test that assert(3) works, #2
    has_cleanup = false
    required_configs is empty
    required_disk_space = 0
    required_files is empty
    required_memory = 0
    required_programs is empty
    required_user is empty
    timeout = 300
===> lib/libc/gen/basedirname_test:basename_posix
Result: passed
Duration: 0.207s

Metadata:
    allowed_architectures is empty
    allowed_platforms is empty
    description = Test basename(3) with POSIX examples
    has_cleanup = false
    required_configs is empty
    required_disk_space = 0
    required_files is empty
    required_memory = 0
    required_programs is empty
    required_user is empty
    timeout = 300
===> lib/libc/gen/basedirname_test:dirname_posix
Result: passed
Duration: 0.163s

Metadata:
    allowed_architectures is empty
    allowed_platforms is empty
    description = Test dirname(3) with POSIX examples
    has_cleanup = false
    required_configs is empty
    required_disk_space = 0
    required_files is empty
    required_memory = 0
    required_programs is empty
    required_user is empty
    timeout = 300
===> lib/libc/gen/dir_test:seekdir_basic
Result: passed
Duration: 0.124s

Metadata:
    allowed_architectures is empty
    allowed_platforms is empty
    description = Check telldir(3) and seekdir(3) for correct behavior (PR lib/24324)
    has_cleanup = false
    required_configs is empty
    required_disk_space = 0
    required_files is empty
    required_memory = 0
    required_programs is empty
    required_user is empty
    timeout = 300
===> lib/libc/gen/dir_test:telldir_leak
Result: passed
Duration: 0.096s

Metadata:
    allowed_architectures is empty
    allowed_platforms is empty
    description = Check telldir(3) for memory leakage (PR lib/24324)
    has_cleanup = false
    required_configs is empty
    required_disk_space = 0
    required_files is empty
    required_memory = 0
    required_programs is empty
    required_user is empty
    timeout = 300

Standard output:
OK: used 0 bytes
===> lib/libc/gen/execve/execve_test:t_execve_null
Result: passed
Duration: 0.287s

Metadata:
    allowed_architectures is empty
    allowed_platforms is empty
    description = Tests an empty execve(2) executing
    has_cleanup = false
    required_configs is empty
    required_disk_space = 0
    required_files is empty
    required_memory = 0
    required_programs is empty
    required_user is empty
    timeout = 300
===> lib/libc/gen/floatunditf_test:floatunditf
Result: skipped: Requires long double support
Duration: 0.153s

Metadata:
    allowed_architectures is empty
    allowed_platforms is empty
    description = Verify that uint64 -> long double conversion works
    has_cleanup = false
    required_configs is empty
    required_disk_space = 0
    required_files is empty
    required_memory = 0
    required_programs is empty
    required_user is empty
    timeout = 300
===> lib/libc/gen/fnmatch_test:fnmatch_backslashes
Result: passed
Duration: 0.906s

Metadata:
    allowed_architectures is empty
    allowed_platforms is empty
    description = Test translation of '\' with fnmatch(3) (PR lib/41558)
    has_cleanup = false
    required_configs is empty
    required_disk_space = 0
    required_files is empty
    required_memory = 0
    required_programs is empty
    required_user is empty
    timeout = 300
===> lib/libc/gen/fnmatch_test:fnmatch_casefold
Result: passed
Duration: 0.083s

Metadata:
    allowed_architectures is empty
    allowed_platforms is empty
    description = Test FNM_CASEFOLD
    has_cleanup = false
    required_configs is empty
    required_disk_space = 0
    required_files is empty
    required_memory = 0
    required_programs is empty
    required_user is empty
    timeout = 300
===> lib/libc/gen/fnmatch_test:fnmatch_leadingdir
Result: passed
Duration: 0.109s

Metadata:
    allowed_architectures is empty
    allowed_platforms is empty
    description = Test FNM_LEADING_DIR
    has_cleanup = false
    required_configs is empty
    required_disk_space = 0
    required_files is empty
    required_memory = 0
    required_programs is empty
    required_user is empty
    timeout = 300
===> lib/libc/gen/fnmatch_test:fnmatch_noescape
Result: passed
Duration: 0.050s

Metadata:
    allowed_architectures is empty
    allowed_platforms is empty
    description = Test FNM_NOESCAPE
    has_cleanup = false
    required_configs is empty
    required_disk_space = 0
    required_files is empty
    required_memory = 0
    required_programs is empty
    required_user is empty
    timeout = 300
===> lib/libc/gen/fnmatch_test:fnmatch_pathname
Result: passed
Duration: 0.119s

Metadata:
    allowed_architectures is empty
    allowed_platforms is empty
    description = Test FNM_PATHNAME
    has_cleanup = false
    required_configs is empty
    required_disk_space = 0
    required_files is empty
    required_memory = 0
    required_programs is empty
    required_user is empty
    timeout = 300
===> lib/libc/gen/fnmatch_test:fnmatch_period
Result: passed
Duration: 0.190s

Metadata:
    allowed_architectures is empty
    allowed_platforms is empty
    description = Test FNM_PERIOD
    has_cleanup = false
    required_configs is empty
    required_disk_space = 0
    required_files is empty
    required_memory = 0
    required_programs is empty
    required_user is empty
    timeout = 300
===> lib/libc/gen/fpclassify2_test:test_fpclassify
Result: passed
Duration: 0.088s

Metadata:
    allowed_architectures is empty
    allowed_platforms is empty
    description is empty
    has_cleanup = false
    required_configs is empty
    required_disk_space = 0
    required_files is empty
    required_memory = 0
    required_programs is empty
    required_user is empty
    timeout = 300
===> lib/libc/gen/fpclassify_test:no_test
Result: skipped: Test not available on this architecture
Duration: 0.517s

Metadata:
    allowed_architectures is empty
    allowed_platforms is empty
    description = Dummy test
    has_cleanup = false
    required_configs is empty
    required_disk_space = 0
    required_files is empty
    required_memory = 0
    required_programs is empty
    required_user is empty
    timeout = 300
===> lib/libc/gen/fpsetmask_test:no_test
Result: skipped: Test not available on this architecture.
Duration: 0.290s

Metadata:
    allowed_architectures is empty
    allowed_platforms is empty
    description = Dummy test case
    has_cleanup = false
    required_configs is empty
    required_disk_space = 0
    required_files is empty
    required_memory = 0
    required_programs is empty
    required_user is empty
    timeout = 300
===> lib/libc/gen/fpsetround_test:fpsetround_basic
Result: skipped: Test not applicable on this architecture.
Duration: 0.251s

Metadata:
    allowed_architectures is empty
    allowed_platforms is empty
    description = Minimal testing of fpgetround(3) and fpsetround(3)
    has_cleanup = false
    required_configs is empty
    required_disk_space = 0
    required_files is empty
    required_memory = 0
    required_programs is empty
    required_user is empty
    timeout = 300
===> lib/libc/gen/ftok_test:ftok_err
Result: passed
Duration: 0.258s

Metadata:
    allowed_architectures is empty
    allowed_platforms is empty
    description = Test errors from ftok(3)
    has_cleanup = false
    required_configs is empty
    required_disk_space = 0
    required_files is empty
    required_memory = 0
    required_programs is empty
    required_user is empty
    timeout = 300
===> lib/libc/gen/ftok_test:ftok_link
Result: passed
Duration: 0.198s

Metadata:
    allowed_architectures is empty
    allowed_platforms is empty
    description = Test that links return the same key
    has_cleanup = true
    required_configs is empty
    required_disk_space = 0
    required_files is empty
    required_memory = 0
    required_programs is empty
    required_user is empty
    timeout = 300
===> lib/libc/gen/getcwd_test:getcwd_err
Result: passed
Duration: 0.226s

Metadata:
    allowed_architectures is empty
    allowed_platforms is empty
    description = Test error conditions in getcwd(3)
    has_cleanup = false
    required_configs is empty
    required_disk_space = 0
    required_files is empty
    required_memory = 0
    required_programs is empty
    required_user is empty
    timeout = 300
===> lib/libc/gen/getcwd_test:getcwd_fts
Result: passed
Duration: 1.268s

Metadata:
    allowed_architectures is empty
    allowed_platforms is empty
    description = A basic test of getcwd(3)
    has_cleanup = false
    required_configs is empty
    required_disk_space = 0
    required_files is empty
    required_memory = 0
    required_programs is empty
    required_user is empty
    timeout = 300
===> lib/libc/gen/getgrent_test:getgrent_loop
Result: passed
Duration: 0.115s

Metadata:
    allowed_architectures is empty
    allowed_platforms is empty
    description = Test sequential getgrent(2)
    has_cleanup = false
    required_configs is empty
    required_disk_space = 0
    required_files is empty
    required_memory = 0
    required_programs is empty
    required_user is empty
    timeout = 300
===> lib/libc/gen/getgrent_test:getgrent_setgid
Result: passed
Duration: 1.086s

Metadata:
    allowed_architectures is empty
    allowed_platforms is empty
    description = Test consistency of the group db
    has_cleanup = false
    required_configs is empty
    required_disk_space = 0
    required_files is empty
    required_memory = 0
    required_programs is empty
    required_user = root
    timeout = 300
===> lib/libc/gen/glob_test:glob_star_not
Result: passed
Duration: 0.073s

Metadata:
    allowed_architectures is empty
    allowed_platforms is empty
    description = Test glob(3) ** without GLOB_STAR
    has_cleanup = false
    required_configs is empty
    required_disk_space = 0
    required_files is empty
    required_memory = 0
    required_programs is empty
    required_user is empty
    timeout = 300
===> lib/libc/gen/humanize_number_test:humanize_number_basic
Result: passed
Duration: 0.372s

Metadata:
    allowed_architectures is empty
    allowed_platforms is empty
    description = Test humanize_number(3)
    has_cleanup = false
    required_configs is empty
    required_disk_space = 0
    required_files is empty
    required_memory = 0
    required_programs is empty
    required_user is empty
    timeout = 300
===> lib/libc/gen/humanize_number_test:humanize_number_big
Result: passed
Duration: 0.330s

Metadata:
    allowed_architectures is empty
    allowed_platforms is empty
    description = Test humanize big numbers (PR lib/44097)
    has_cleanup = false
    required_configs is empty
    required_disk_space = 0
    required_files is empty
    required_memory = 0
    required_programs is empty
    required_user is empty
    timeout = 300
===> lib/libc/gen/isnan_test:isinf_basic
Result: passed
Duration: 0.283s

Metadata:
    allowed_architectures is empty
    allowed_platforms is empty
    description = Verify that isinf(3) works
    has_cleanup = false
    required_configs is empty
    required_disk_space = 0
    required_files is empty
    required_memory = 0
    required_programs is empty
    required_user is empty
    timeout = 300
===> lib/libc/gen/isnan_test:isnan_basic
Result: passed
Duration: 0.197s

Metadata:
    allowed_architectures is empty
    allowed_platforms is empty
    description = Verify that isnan(3) works
    has_cleanup = false
    required_configs is empty
    required_disk_space = 0
    required_files is empty
    required_memory = 0
    required_programs is empty
    required_user is empty
    timeout = 300
===> lib/libc/gen/nice_test:nice_err
Result: passed
Duration: 0.315s

Metadata:
    allowed_architectures is empty
    allowed_platforms is empty
    description = Test nice(3) for invalid parameters (PR lib/42587)
    has_cleanup = false
    required_configs is empty
    required_disk_space = 0
    required_files is empty
    required_memory = 0
    required_programs is empty
    required_user = unprivileged
    timeout = 300
===> lib/libc/gen/nice_test:nice_priority
Result: passed
Duration: 0.128s

Metadata:
    allowed_architectures is empty
    allowed_platforms is empty
    description = Test nice(3) vs. getpriority(2)
    has_cleanup = false
    required_configs is empty
    required_disk_space = 0
    required_files is empty
    required_memory = 0
    required_programs is empty
    required_user is empty
    timeout = 300
===> lib/libc/gen/nice_test:nice_root
Result: passed
Duration: 0.315s

Metadata:
    allowed_architectures is empty
    allowed_platforms is empty
    description = Test that nice(3) works
    has_cleanup = false
    required_configs is empty
    required_disk_space = 0
    required_files is empty
    required_memory = 0
    required_programs is empty
    required_user = root
    timeout = 300
===> lib/libc/gen/nice_test:nice_thread
Result: passed
Duration: 0.345s

Metadata:
    allowed_architectures is empty
    allowed_platforms is empty
    description = Test nice(3) with threads
    has_cleanup = false
    required_configs is empty
    required_disk_space = 0
    required_files is empty
    required_memory = 0
    required_programs is empty
    required_user is empty
    timeout = 300
===> lib/libc/gen/pause_test:pause_basic
Result: passed
Duration: 2.063s

Metadata:
    allowed_architectures is empty
    allowed_platforms is empty
    description = A basic test of pause(3), #1
    has_cleanup = false
    required_configs is empty
    required_disk_space = 0
    required_files is empty
    required_memory = 0
    required_programs is empty
    required_user is empty
    timeout = 300
===> lib/libc/gen/pause_test:pause_kill
Result: passed
Duration: 2.462s

Metadata:
    allowed_architectures is empty
    allowed_platforms is empty
    description = A basic test of pause(3), #2
    has_cleanup = false
    required_configs is empty
    required_disk_space = 0
    required_files is empty
    required_memory = 0
    required_programs is empty
    required_user is empty
    timeout = 300
===> lib/libc/gen/posix_spawn/fileactions_test:t_spawn_empty_fileactions
Result: passed
Duration: 0.066s

Metadata:
    allowed_architectures is empty
    allowed_platforms is empty
    description = posix_spawn with empty fileactions (PR kern/46038)
    has_cleanup = false
    required_configs is empty
    required_disk_space = 0
    required_files is empty
    required_memory = 0
    required_programs = /bin/cat
    required_user is empty
    timeout = 300
===> lib/libc/gen/posix_spawn/fileactions_test:t_spawn_fileactions
Result: passed
Duration: 0.073s

Metadata:
    allowed_architectures is empty
    allowed_platforms is empty
    description = Tests various complex fileactions
    has_cleanup = false
    required_configs is empty
    required_disk_space = 0
    required_files is empty
    required_memory = 0
    required_programs is empty
    required_user is empty
    timeout = 300

Standard output:
test...===> lib/libc/gen/posix_spawn/fileactions_test:t_spawn_open_nonexistent
Result: passed
Duration: 0.141s

Metadata:
    allowed_architectures is empty
    allowed_platforms is empty
    description = posix_spawn fails when a file to open does not exist
    has_cleanup = false
    required_configs is empty
    required_disk_space = 0
    required_files is empty
    required_memory = 0
    required_programs = /bin/cat
    required_user is empty
    timeout = 300
===> lib/libc/gen/posix_spawn/fileactions_test:t_spawn_openmode
Result: passed
Duration: 0.163s

Metadata:
    allowed_architectures is empty
    allowed_platforms is empty
    description = Test the proper handling of 'mode' for 'open' fileactions
    has_cleanup = false
    required_configs is empty
    required_disk_space = 0
    required_files is empty
    required_memory = 0
    required_programs = /bin/cat
    required_user is empty
    timeout = 300

Standard error:
cat: stdin: Bad file descriptor
===> lib/libc/gen/posix_spawn/fileactions_test:t_spawn_reopen
Result: passed
Duration: 0.105s

Metadata:
    allowed_architectures is empty
    allowed_platforms is empty
    description = an open filehandle can be replaced by a 'open' fileaction
    has_cleanup = false
    required_configs is empty
    required_disk_space = 0
    required_files is empty
    required_memory = 0
    required_programs = /bin/cat
    required_user is empty
    timeout = 300
===> lib/libc/gen/posix_spawn/spawn_test:t_spawn_child
Result: passed
Duration: 0.162s

Metadata:
    allowed_architectures is empty
    allowed_platforms is empty
    description = posix_spawn a child and get it's return code
    has_cleanup = false
    required_configs is empty
    required_disk_space = 0
    required_files is empty
    required_memory = 0
    required_programs is empty
    required_user is empty
    timeout = 300

Standard error:
h_spawn exiting with status 0
h_spawn exiting with status 1
h_spawn exiting with status 7
===> lib/libc/gen/posix_spawn/spawn_test:t_spawn_ls
Result: passed
Duration: 0.096s

Metadata:
    allowed_architectures is empty
    allowed_platforms is empty
    description = Tests a simple posix_spawn executing /bin/ls
    has_cleanup = false
    required_configs is empty
    required_disk_space = 0
    required_files is empty
    required_memory = 0
    required_programs is empty
    required_user is empty
    timeout = 300
===> lib/libc/gen/posix_spawn/spawn_test:t_spawn_missing
Result: passed
Duration: 0.154s

Metadata:
    allowed_architectures is empty
    allowed_platforms is empty
    description = posix_spawn a non existant binary
    has_cleanup = false
    required_configs is empty
    required_disk_space = 0
    required_files is empty
    required_memory = 0
    required_programs is empty
    required_user is empty
    timeout = 300
===> lib/libc/gen/posix_spawn/spawn_test:t_spawn_nonexec
Result: passed
Duration: 0.081s

Metadata:
    allowed_architectures is empty
    allowed_platforms is empty
    description = posix_spawn a script with non existing interpreter
    has_cleanup = false
    required_configs is empty
    required_disk_space = 0
    required_files is empty
    required_memory = 0
    required_programs is empty
    required_user is empty
    timeout = 300
===> lib/libc/gen/posix_spawn/spawn_test:t_spawn_zero
Result: passed
Duration: 0.137s

Metadata:
    allowed_architectures is empty
    allowed_platforms is empty
    description = posix_spawn an invalid binary
    has_cleanup = false
    required_configs is empty
    required_disk_space = 0
    required_files is empty
    required_memory = 0
    required_programs is empty
    required_user is empty
    timeout = 300
===> lib/libc/gen/posix_spawn/spawn_test:t_spawnp_ls
Result: passed
Duration: 0.151s

Metadata:
    allowed_architectures is empty
    allowed_platforms is empty
    description = Tests a simple posix_spawnp executing ls via $PATH
    has_cleanup = false
    required_configs is empty
    required_disk_space = 0
    required_files is empty
    required_memory = 0
    required_programs is empty
    required_user is empty
    timeout = 300
===> lib/libc/gen/raise_test:raise_err
Result: passed
Duration: 0.169s

Metadata:
    allowed_architectures is empty
    allowed_platforms is empty
    description = Test raise(3) for invalid parameters
    has_cleanup = false
    required_configs is empty
    required_disk_space = 0
    required_files is empty
    required_memory = 0
    required_programs is empty
    required_user is empty
    timeout = 300
===> lib/libc/gen/raise_test:raise_ret
Result: passed
Duration: 1.342s

Metadata:
    allowed_architectures is empty
    allowed_platforms is empty
    description = Test return order of raise(3)
    has_cleanup = false
    required_configs is empty
    required_disk_space = 0
    required_files is empty
    required_memory = 0
    required_programs is empty
    required_user is empty
    timeout = 300
===> lib/libc/gen/raise_test:raise_sig
Result: passed
Duration: 0.122s

Metadata:
    allowed_architectures is empty
    allowed_platforms is empty
    description = A basic test of raise(3)
    has_cleanup = false
    required_configs is empty
    required_disk_space = 0
    required_files is empty
    required_memory = 0
    required_programs is empty
    required_user is empty
    timeout = 300
===> lib/libc/gen/raise_test:raise_stress
Result: passed
Duration: 0.871s

Metadata:
    allowed_architectures is empty
    allowed_platforms is empty
    description = A basic stress test with raise(3)
    has_cleanup = false
    required_configs is empty
    required_disk_space = 0
    required_files is empty
    required_memory = 0
    required_programs is empty
    required_user is empty
    timeout = 300
===> lib/libc/gen/realpath_test:realpath_basic
Result: passed
Duration: 0.072s

Metadata:
    allowed_architectures is empty
    allowed_platforms is empty
    description = A basic test of realpath(3)
    has_cleanup = false
    required_configs is empty
    required_disk_space = 0
    required_files is empty
    required_memory = 0
    required_programs is empty
    required_user is empty
    timeout = 300
===> lib/libc/gen/realpath_test:realpath_huge
Result: passed
Duration: 0.029s

Metadata:
    allowed_architectures is empty
    allowed_platforms is empty
    description = Test huge path with realpath(3)
    has_cleanup = false
    required_configs is empty
    required_disk_space = 0
    required_files is empty
    required_memory = 0
    required_programs is empty
    required_user is empty
    timeout = 300
===> lib/libc/gen/realpath_test:realpath_symlink
Result: passed
Duration: 0.033s

Metadata:
    allowed_architectures is empty
    allowed_platforms is empty
    description = Test symbolic link with realpath(3)
    has_cleanup = false
    required_configs is empty
    required_disk_space = 0
    required_files is empty
    required_memory = 0
    required_programs is empty
    required_user is empty
    timeout = 300
===> lib/libc/gen/setdomainname_test:setdomainname_basic
Result: passed
Duration: 0.132s

Metadata:
    allowed_architectures is empty
    allowed_platforms is empty
    description = A basic test of setdomainname(3)
    has_cleanup = true
    required_configs is empty
    required_disk_space = 0
    required_files is empty
    required_memory = 0
    required_programs is empty
    required_user = root
    timeout = 300
===> lib/libc/gen/setdomainname_test:setdomainname_limit
Result: passed
Duration: 0.083s

Metadata:
    allowed_architectures is empty
    allowed_platforms is empty
    description = Too long domain name errors out?
    has_cleanup = true
    required_configs is empty
    required_disk_space = 0
    required_files is empty
    required_memory = 0
    required_programs is empty
    required_user = root
    timeout = 300
===> lib/libc/gen/setdomainname_test:setdomainname_perm
Result: passed
Duration: 0.508s

Metadata:
    allowed_architectures is empty
    allowed_platforms is empty
    description = Can normal user set the domain name?
    has_cleanup = true
    required_configs is empty
    required_disk_space = 0
    required_files is empty
    required_memory = 0
    required_programs is empty
    required_user = unprivileged
    timeout = 300
===> lib/libc/gen/sethostname_test:sethostname_basic
Result: skipped: screws up the test host's hostname on FreeBSD
Duration: 0.090s

Metadata:
    allowed_architectures is empty
    allowed_platforms is empty
    description = A basic test of sethostname(3)
    has_cleanup = true
    required_configs is empty
    required_disk_space = 0
    required_files is empty
    required_memory = 0
    required_programs is empty
    required_user = root
    timeout = 300
===> lib/libc/gen/sethostname_test:sethostname_limit
Result: passed
Duration: 0.251s

Metadata:
    allowed_architectures is empty
    allowed_platforms is empty
    description = Too long host name errors out?
    has_cleanup = true
    required_configs is empty
    required_disk_space = 0
    required_files is empty
    required_memory = 0
    required_programs is empty
    required_user = root
    timeout = 300
===> lib/libc/gen/sethostname_test:sethostname_perm
Result: passed
Duration: 0.106s

Metadata:
    allowed_architectures is empty
    allowed_platforms is empty
    description = Can normal user set the host name?
    has_cleanup = true
    required_configs is empty
    required_disk_space = 0
    required_files is empty
    required_memory = 0
    required_programs is empty
    required_user = unprivileged
    timeout = 300
===> lib/libc/gen/sleep_test:kevent
Result: passed
Duration: 27.164s

Metadata:
    allowed_architectures is empty
    allowed_platforms is empty
    description = Test kevent(2) timing
    has_cleanup = false
    required_configs is empty
    required_disk_space = 0
    required_files is empty
    required_memory = 0
    required_programs is empty
    required_user is empty
    timeout = 65
===> lib/libc/gen/sleep_test:nanosleep
Result: expected_failure: Long reschedule latency due to PR kern/43997: Reschedule latency -6300432003384101 exceeds allowable fuzz 40000000
Duration: 0.330s

Metadata:
    allowed_architectures is empty
    allowed_platforms is empty
    description = Test nanosleep(2) timing
    has_cleanup = false
    required_configs is empty
    required_disk_space = 0
    required_files is empty
    required_memory = 0
    required_programs is empty
    required_user is empty
    timeout = 65
===> lib/libc/gen/sleep_test:select
Result: passed
Duration: 37.233s

Metadata:
    allowed_architectures is empty
    allowed_platforms is empty
    description = Test select(2) timing
    has_cleanup = false
    required_configs is empty
    required_disk_space = 0
    required_files is empty
    required_memory = 0
    required_programs is empty
    required_user is empty
    timeout = 65
===> lib/libc/gen/sleep_test:sleep
Result: passed
Duration: 29.526s

Metadata:
    allowed_architectures is empty
    allowed_platforms is empty
    description = Test sleep(3) timing
    has_cleanup = false
    required_configs is empty
    required_disk_space = 0
    required_files is empty
    required_memory = 0
    required_programs is empty
    required_user is empty
    timeout = 65
===> lib/libc/gen/syslog_test:syslog_pthread
Result: passed
Duration: 0.222s

Metadata:
    allowed_architectures is empty
    allowed_platforms is empty
    description = Test that syslog(3) works when linked to pthread(3) (PR lib/44248)
    has_cleanup = false
    required_configs is empty
    required_disk_space = 0
    required_files is empty
    required_memory = 0
    required_programs is empty
    required_user is empty
    timeout = 2
===> lib/libc/gen/time_test:time_copy
Result: passed
Duration: 0.073s

Metadata:
    allowed_architectures is empty
    allowed_platforms is empty
    description = Test the return values of time(3)
    has_cleanup = false
    required_configs is empty
    required_disk_space = 0
    required_files is empty
    required_memory = 0
    required_programs is empty
    required_user is empty
    timeout = 300
===> lib/libc/gen/time_test:time_mono
Result: passed
Duration: 10.902s

Metadata:
    allowed_architectures is empty
    allowed_platforms is empty
    description = Test monotonicity of time(3)
    has_cleanup = false
    required_configs is empty
    required_disk_space = 0
    required_files is empty
    required_memory = 0
    required_programs is empty
    required_user is empty
    timeout = 300

Standard error:
1438098423 vs. 1438098424
1438098424 vs. 1438098425
1438098425 vs. 1438098426
1438098426 vs. 1438098427
1438098427 vs. 1438098428
1438098428 vs. 1438098429
1438098429 vs. 1438098430
1438098430 vs. 1438098431
1438098431 vs. 1438098432
1438098432 vs. 1438098433
===> lib/libc/gen/time_test:time_timeofday
Result: passed
Duration: 0.485s

Metadata:
    allowed_architectures is empty
    allowed_platforms is empty
    description = Test time(3) vs. gettimeofday(2)
    has_cleanup = false
    required_configs is empty
    required_disk_space = 0
    required_files is empty
    required_memory = 0
    required_programs is empty
    required_user is empty
    timeout = 300

Standard error:
1438098434 vs. 1438098434
===> lib/libc/gen/ttyname_test:ttyname_err
Result: passed
Duration: 0.466s

Metadata:
    allowed_architectures is empty
    allowed_platforms is empty
    description = Test errors in ttyname(3)
    has_cleanup = false
    required_configs is empty
    required_disk_space = 0
    required_files is empty
    required_memory = 0
    required_programs is empty
    required_user is empty
    timeout = 300
===> lib/libc/gen/ttyname_test:ttyname_r_err
Result: passed
Duration: 0.290s

Metadata:
    allowed_architectures is empty
    allowed_platforms is empty
    description = Test errors in ttyname_r(3)
    has_cleanup = false
    required_configs is empty
    required_disk_space = 0
    required_files is empty
    required_memory = 0
    required_programs is empty
    required_user is empty
    timeout = 300
===> lib/libc/gen/ttyname_test:ttyname_r_stdin
Result: passed
Duration: 0.169s

Metadata:
    allowed_architectures is empty
    allowed_platforms is empty
    description = Test ttyname_r(3) with stdin(3)
    has_cleanup = false
    required_configs is empty
    required_disk_space = 0
    required_files is empty
    required_memory = 0
    required_programs is empty
    required_user is empty
    timeout = 300
===> lib/libc/gen/ttyname_test:ttyname_stdin
Result: passed
Duration: 0.302s

Metadata:
    allowed_architectures is empty
    allowed_platforms is empty
    description = Test ttyname(3) with stdin(3)
    has_cleanup = false
    required_configs is empty
    required_disk_space = 0
    required_files is empty
    required_memory = 0
    required_programs is empty
    required_user is empty
    timeout = 300
===> lib/libc/gen/vis_test:strunvis_hex
Result: passed
Duration: 0.130s

Metadata:
    allowed_architectures is empty
    allowed_platforms is empty
    description = Test strunvis(3) \xXX
    has_cleanup = false
    required_configs is empty
    required_disk_space = 0
    required_files is empty
    required_memory = 0
    required_programs is empty
    required_user is empty
    timeout = 300
===> lib/libc/gen/vis_test:strvis_basic
Result: passed
Duration: 0.143s

Metadata:
    allowed_architectures is empty
    allowed_platforms is empty
    description = Test strvis(3)
    has_cleanup = false
    required_configs is empty
    required_disk_space = 0
    required_files is empty
    required_memory = 0
    required_programs is empty
    required_user is empty
    timeout = 300
===> lib/libc/gen/vis_test:strvis_empty
Result: passed
Duration: 0.172s

Metadata:
    allowed_architectures is empty
    allowed_platforms is empty
    description = Test strvis(3) empty
    has_cleanup = false
    required_configs is empty
    required_disk_space = 0
    required_files is empty
    required_memory = 0
    required_programs is empty
    required_user is empty
    timeout = 300
===> lib/libc/gen/vis_test:strvis_null
Result: passed
Duration: 0.440s

Metadata:
    allowed_architectures is empty
    allowed_platforms is empty
    description = Test strvis(3) NULL
    has_cleanup = false
    required_configs is empty
    required_disk_space = 0
    required_files is empty
    required_memory = 0
    required_programs is empty
    required_user is empty
    timeout = 300
===> lib/libc/hash/hash_test:md5
Result: passed
Duration: 1.206s

Metadata:
    allowed_architectures is empty
    allowed_platforms is empty
    description = Checks MD5 functions
    has_cleanup = false
    required_configs is empty
    required_disk_space = 0
    required_files is empty
    required_memory = 0
    required_programs is empty
    required_user is empty
    timeout = 300

Standard output:
Executing command [ /bin/sh -c /usr/tests/lib/libc/hash/h_hash -r < /usr/tests/lib/libc/hash/data/md5test-in ]
===> lib/libc/hash/hash_test:sha1
Result: passed
Duration: 0.638s

Metadata:
    allowed_architectures is empty
    allowed_platforms is empty
    description = Checks SHA1 functions
    has_cleanup = false
    required_configs is empty
    required_disk_space = 0
    required_files is empty
    required_memory = 0
    required_programs is empty
    required_user is empty
    timeout = 300

Standard output:
Executing command [ /bin/sh -c /usr/tests/lib/libc/hash/h_hash -rs < /usr/tests/lib/libc/hash/data/sha1test-in ]
Executing command [ /bin/sh -c jot -s '' -b 'a' -n 1000000 | /usr/tests/lib/libc/hash/h_hash -rs ]
===> lib/libc/hash/sha2_test:t_sha256
Result: passed
Duration: 0.711s

Metadata:
    allowed_architectures is empty
    allowed_platforms is empty
    description = Test SHA256 functions for consistent results
    has_cleanup = false
    required_configs is empty
    required_disk_space = 0
    required_files is empty
    required_memory = 0
    required_programs is empty
    required_user is empty
    timeout = 300
===> lib/libc/hash/sha2_test:t_sha384
Result: passed
Duration: 0.886s

Metadata:
    allowed_architectures is empty
    allowed_platforms is empty
    description = Test SHA384 functions for consistent results
    has_cleanup = false
    required_configs is empty
    required_disk_space = 0
    required_files is empty
    required_memory = 0
    required_programs is empty
    required_user is empty
    timeout = 300
===> lib/libc/hash/sha2_test:t_sha512
Result: passed
Duration: 0.310s

Metadata:
    allowed_architectures is empty
    allowed_platforms is empty
    description = Test SHA512 functions for consistent results
    has_cleanup = false
    required_configs is empty
    required_disk_space = 0
    required_files is empty
    required_memory = 0
    required_programs is empty
    required_user is empty
    timeout = 300
===> lib/libc/inet/inet_network_test:inet_addr_basic
Result: passed
Duration: 0.109s

Metadata:
    allowed_architectures is empty
    allowed_platforms is empty
    description = Checks inet_addr(3)
    has_cleanup = false
    required_configs is empty
    required_disk_space = 0
    required_files is empty
    required_memory = 0
    required_programs is empty
    required_user is empty
    timeout = 300

Standard error:
checking 127.0.0.1
checking 99.99.99.99
checking 0.0.0.0
checking 255.255.255.255
===> lib/libc/inet/inet_network_test:inet_addr_err
Result: passed
Duration: 0.087s

Metadata:
    allowed_architectures is empty
    allowed_platforms is empty
    description = Invalid addresses with inet_addr(3)
    has_cleanup = false
    required_configs is empty
    required_disk_space = 0
    required_files is empty
    required_memory = 0
    required_programs is empty
    required_user is empty
    timeout = 300

Standard error:
checking . . . .
checking 1.2.3.
checking 0.0.0.256
checking 255.255.255.256
checking ................................................
checking a.b.c.d
checking 0x0.0x1.0x2.0x3
checking -1.-1.-1.-1
checking 
checking  
===> lib/libc/inet/inet_network_test:inet_network_basic
Result: passed
Duration: 0.038s

Metadata:
    allowed_architectures is empty
    allowed_platforms is empty
    description = Checks inet_network(3)
    has_cleanup = false
    required_configs is empty
    required_disk_space = 0
    required_files is empty
    required_memory = 0
    required_programs is empty
    required_user is empty
    timeout = 300
===> lib/libc/inet/inet_network_test:inet_network_err
Result: passed
Duration: 0.138s

Metadata:
    allowed_architectures is empty
    allowed_platforms is empty
    description = Invalid addresses w/ inet_network(3)
    has_cleanup = false
    required_configs is empty
    required_disk_space = 0
    required_files is empty
    required_memory = 0
    required_programs is empty
    required_user is empty
    timeout = 300
===> lib/libc/locale/io_test:bad_big5_getwc
Result: expected_failure: does not return WEOF as expected: /builds/FreeBSD_HEAD/contrib/netbsd-tests/lib/libc/locale/t_io.c:179: getwc(fp) != WEOF
Duration: 1.087s

Metadata:
    allowed_architectures is empty
    allowed_platforms is empty
    description = Test bad big5 wchar getwc
    has_cleanup = false
    required_configs is empty
    required_disk_space = 0
    required_files is empty
    required_memory = 0
    required_programs is empty
    required_user is empty
    timeout = 300
===> lib/libc/locale/io_test:bad_big5_swprintf
Result: skipped: does not fail as expected (may be implementation specific issue with the test)
Duration: 0.125s

Metadata:
    allowed_architectures is empty
    allowed_platforms is empty
    description = Test bad big5 wchar swprintf
    has_cleanup = false
    required_configs is empty
    required_disk_space = 0
    required_files is empty
    required_memory = 0
    required_programs is empty
    required_user is empty
    timeout = 300
===> lib/libc/locale/io_test:bad_big5_wprintf
Result: skipped: does not fail as expected (may be implementation specific issue with the test)
Duration: 0.247s

Metadata:
    allowed_architectures is empty
    allowed_platforms is empty
    description = Test bad big5 wchar wprintf
    has_cleanup = false
    required_configs is empty
    required_disk_space = 0
    required_files is empty
    required_memory = 0
    required_programs is empty
    required_user is empty
    timeout = 300
===> lib/libc/locale/io_test:good_big5_getwc
Result: passed
Duration: 1.148s

Metadata:
    allowed_architectures is empty
    allowed_platforms is empty
    description = Test good big5 wchar getwc
    has_cleanup = false
    required_configs is empty
    required_disk_space = 0
    required_files is empty
    required_memory = 0
    required_programs is empty
    required_user is empty
    timeout = 300
===> lib/libc/locale/io_test:good_big5_swprintf
Result: passed
Duration: 3.292s

Metadata:
    allowed_architectures is empty
    allowed_platforms is empty
    description = Test good big5 wchar swprintf
    has_cleanup = false
    required_configs is empty
    required_disk_space = 0
    required_files is empty
    required_memory = 0
    required_programs is empty
    required_user is empty
    timeout = 300
===> lib/libc/locale/io_test:good_big5_wprintf
Result: passed
Duration: 0.767s

Metadata:
    allowed_architectures is empty
    allowed_platforms is empty
    description = Test good big5 wchar wprintf
    has_cleanup = false
    required_configs is empty
    required_disk_space = 0
    required_files is empty
    required_memory = 0
    required_programs is empty
    required_user is empty
    timeout = 300

Standard output:
Ï@
===> lib/libc/locale/mbrtowc_test:mbrtowc_internal
Result: expected_failure: ja_* locale fails: /builds/FreeBSD_HEAD/contrib/netbsd-tests/lib/libc/locale/t_mbrtowc.c:177: errno != EILSEQ
Duration: 5.810s

Metadata:
    allowed_architectures is empty
    allowed_platforms is empty
    description = Checks mbrtowc(3) and mbsrtowcs(3) (using internal state) with different locales
    has_cleanup = false
    required_configs is empty
    required_disk_space = 0
    required_files is empty
    required_memory = 0
    required_programs is empty
    required_user is empty
    timeout = 300

Standard output:
Checking string: "ABCD01234_\134"
Using locale: C
Using mbstate: no
Ok.
Checking string: "[\001\177][\200\007\377][\010\000\377\377][\001\000\000\037\377\377][\040\000\000\003\377\377\377][\004\000\000\000\177\377\377\377]"
Using locale: C/en_US.UTF-8/C/C/C/C
Using mbstate: no
Ok.
Checking string: "“ú–{ŒêA‚ B‚¢"
Using locale: C/ja_JP.SJIS/C/C/C/C
Using mbstate: no

Standard error:
Locale ja_JP.ISO2022-JP2 not found.
===> lib/libc/locale/mbrtowc_test:mbrtowc_object
Result: passed
Duration: 6.016s

Metadata:
    allowed_architectures is empty
    allowed_platforms is empty
    description = Checks mbrtowc(3) and mbsrtowcs(3) (using state object) with different locales
    has_cleanup = false
    required_configs is empty
    required_disk_space = 0
    required_files is empty
    required_memory = 0
    required_programs is empty
    required_user is empty
    timeout = 300

Standard output:
Checking string: "ABCD01234_\134"
Using locale: C
Using mbstate: yes
Ok.
Checking string: "[\001\177][\200\007\377][\010\000\377\377][\001\000\000\037\377\377][\040\000\000\003\377\377\377][\004\000\000\000\177\377\377\377]"
Using locale: C/en_US.UTF-8/C/C/C/C
Using mbstate: yes
Ok.
Checking string: "“ú–{ŒêA‚ B‚¢"
Using locale: C/ja_JP.SJIS/C/C/C/C
Using mbstate: yes
Ok.
Checking string: "ÆüËÜ¸ìA¤¢B¤¤"
Using locale: C/ja_JP.eucJP/C/C/C/C
Using mbstate: yes
Ok.

Standard error:
Locale ja_JP.ISO2022-JP2 not found.
===> lib/libc/locale/mbsnrtowcs_test:mbsnrtowcs
Result: passed
Duration: 77.227s

Metadata:
    allowed_architectures is empty
    allowed_platforms is empty
    description = Checks mbsnrtowc(3) with different locales
    has_cleanup = false
    required_configs is empty
    required_disk_space = 0
    required_files is empty
    required_memory = 0
    required_programs is empty
    required_user is empty
    timeout = 300
===> lib/libc/locale/mbstowcs_test:mbstowcs_basic
Result: passed
Duration: 2.326s

Metadata:
    allowed_architectures is empty
    allowed_platforms is empty
    description = Checks wide character functions with different locales
    has_cleanup = false
    required_configs is empty
    required_disk_space = 0
    required_files is empty
    required_memory = 0
    required_programs is empty
    required_user is empty
    timeout = 300

Standard output:
Checking string: "[\001\177][\200\007\377][\010\000\377\377][\001\000\000\037\377\377][\040\000\000\003\377\377\377][\004\000\000\000\177\377\377\377]"
Using locale: C/en_US.UTF-8/C/C/C/C
Ok.
Checking string: "‚r‚i‚h‚r‚Å‚·Baaaa‚ ‚¢‚¤‚¦‚¨"
Using locale: C/ja_JP.SJIS/C/C/C/C
Ok.
Checking string: "£Å£Õ£Ã¤Ç¤¹¡£aaaa¤¢¤¤¤¦¤¨¤ª"
Using locale: C/ja_JP.eucJP/C/C/C/C
Ok.

Standard error:
Locale ja_JP.ISO2022-JP not found.
===> lib/libc/locale/mbtowc_test:mbtowc
Result: expected_failure: zh_CN.GB18030: /builds/FreeBSD_HEAD/contrib/netbsd-tests/lib/libc/locale/t_mbtowc.c:122: ret != (size_t)-1 not met
Duration: 4.073s

Metadata:
    allowed_architectures is empty
    allowed_platforms is empty
    description = Checks mbtowc(3)
    has_cleanup = false
    required_configs is empty
    required_disk_space = 0
    required_files is empty
    required_memory = 0
    required_programs is empty
    required_user is empty
    timeout = 300

Standard output:
Using locale: C/en_US.UTF-8/C/C/C/C
Locale is state-dependent
Checking illegal sequence: "\240"
mbtowc() returned: -1
errno: Illegal byte sequence
Checking legal sequence: "\240"
mbtowc() returned: 2
errno: No error: 0
Ok.
Using locale: C/ja_JP.SJIS/C/C/C/C
Locale is state-dependent
Checking illegal sequence: "\202"
mbtowc() returned: -1
errno: Illegal byte sequence
Checking legal sequence: "‚‚\240"
mbtowc() returned: 2
errno: No error: 0
Ok.
Using locale: C/ja_JP.eucJP/C/C/C/C
Locale is state-dependent
Checking illegal sequence: "¤"
mbtowc() returned: -1
errno: Illegal byte sequence
Checking legal sequence: "¤¤¢"
mbtowc() returned: 2
errno: No error: 0
Ok.
Using locale: C/zh_TW.Big5/C/C/C/C
Locale is state-dependent
Checking illegal sequence: "\241"
mbtowc() returned: -1
errno: Illegal byte sequence
Checking legal sequence: "¡¡@"
mbtowc() returned: 2
errno: No error: 0
Ok.
Using locale: C/zh_CN.GB18030/C/C/C/C
Locale is state-dependent
Checking illegal sequence: "\241"
mbtowc() returned: -1
errno: Illegal byte sequence
Checking legal sequence: "\241\241"
mbtowc() returned: -1

Standard error:
Locale ja_JP.ISO2022-JP not found.
Locale zh_TW.eucTW not found.
===> lib/libc/locale/wcscspn_test:wcscspn
Result: passed
Duration: 1.236s

Metadata:
    allowed_architectures is empty
    allowed_platforms is empty
    description = Test wcscspn(3)
    has_cleanup = false
    required_configs is empty
    required_disk_space = 0
    required_files is empty
    required_memory = 0
    required_programs is empty
    required_user is empty
    timeout = 300
===> lib/libc/locale/wcspbrk_test:wcspbrk
Result: passed
Duration: 1.513s

Metadata:
    allowed_architectures is empty
    allowed_platforms is empty
    description = Test wcspbrk(3)
    has_cleanup = false
    required_configs is empty
    required_disk_space = 0
    required_files is empty
    required_memory = 0
    required_programs is empty
    required_user is empty
    timeout = 300
===> lib/libc/locale/wcsspn_test:wcsspn
Result: passed
Duration: 1.233s

Metadata:
    allowed_architectures is empty
    allowed_platforms is empty
    description = Test wcsspn(3)
    has_cleanup = false
    required_configs is empty
    required_disk_space = 0
    required_files is empty
    required_memory = 0
    required_programs is empty
    required_user is empty
    timeout = 300
===> lib/libc/locale/wcstod_test:wcstod
Result: passed
Duration: 6.365s

Metadata:
    allowed_architectures is empty
    allowed_platforms is empty
    description = Checks wcstod(3)
    has_cleanup = false
    required_configs is empty
    required_disk_space = 0
    required_files is empty
    required_memory = 0
    required_programs is empty
    required_user is empty
    timeout = 300

Standard output:
Checking wcstod("IN", &tail):
[errno]
  got     : No error: 0
  expected: No error: 0
[endptr - nptr]
  got     : 0
  expected: 0
[result]
  real:     0.000000
  expected: 0.000000

Checking wcstod("+IN", &tail):
[errno]
  got     : No error: 0
  expected: No error: 0
[endptr - nptr]
  got     : 0
  expected: 0
[result]
  real:     0.000000
  expected: 0.000000

Checking wcstod("-IN", &tail):
[errno]
  got     : No error: 0
  expected: No error: 0
[endptr - nptr]
  got     : 0
  expected: 0
[result]
  real:     0.000000
  expected: 0.000000

Checking wcstod("INX", &tail):
[errno]
  got     : No error: 0
  expected: No error: 0
[endptr - nptr]
  got     : 0
  expected: 0
[result]
  real:     0.000000
  expected: 0.000000

Checking wcstod("+INX", &tail):
[errno]
  got     : No error: 0
  expected: No error: 0
[endptr - nptr]
  got     : 0
  expected: 0
[result]
  real:     0.000000
  expected: 0.000000

Checking wcstod("-INX", &tail):
[errno]
  got     : No error: 0
  expected: No error: 0
[endptr - nptr]
  got     : 0
  expected: 0
[result]
  real:     0.000000
  expected: 0.000000

Checking wcstod("INF", &tail):
[errno]
  got     : No error: 0
  expected: No error: 0
[endptr - nptr]
  got     : 3
  expected: 3
[result]
  real:     INF
  expected: INF

Checking wcstod("+INF", &tail):
[errno]
  got     : No error: 0
  expected: No error: 0
[endptr - nptr]
  got     : 4
  expected: 4
[result]
  real:     INF
  expected: INF

Checking wcstod("-INF", &tail):
[errno]
  got     : No error: 0
  expected: No error: 0
[endptr - nptr]
  got     : 4
  expected: 4
[result]
  real:     -INF
  expected: -INF

Checking wcstod("INFX", &tail):
[errno]
  got     : No error: 0
  expected: No error: 0
[endptr - nptr]
  got     : 3
  expected: 3
[result]
  real:     INF
  expected: INF

Checking wcstod("+INFX", &tail):
[errno]
  got     : No error: 0
  expected: No error: 0
[endptr - nptr]
  got     : 4
  expected: 4
[result]
  real:     INF
  expected: INF

Checking wcstod("-INFX", &tail):
[errno]
  got     : No error: 0
  expected: No error: 0
[endptr - nptr]
  got     : 4
  expected: 4
[result]
  real:     -INF
  expected: -INF

Checking wcstod("     IN", &tail):
[errno]
  got     : No error: 0
  expected: No error: 0
[endptr - nptr]
  got     : 0
  expected: 0
[result]
  real:     0.000000
  expected: 0.000000

Checking wcstod("     +IN", &tail):
[errno]
  got     : No error: 0
  expected: No error: 0
[endptr - nptr]
  got     : 0
  expected: 0
[result]
  real:     0.000000
  expected: 0.000000

Checking wcstod("     -IN", &tail):
[errno]
  got     : No error: 0
  expected: No error: 0
[endptr - nptr]
  got     : 0
  expected: 0
[result]
  real:     0.000000
  expected: 0.000000

Checking wcstod("     INX", &tail):
[errno]
  got     : No error: 0
  expected: No error: 0
[endptr - nptr]
  got     : 0
  expected: 0
[result]
  real:     0.000000
  expected: 0.000000

Checking wcstod("     +INX", &tail):
[errno]
  got     : No error: 0
  expected: No error: 0
[endptr - nptr]
  got     : 0
  expected: 0
[result]
  real:     0.000000
  expected: 0.000000

Checking wcstod("     -INX", &tail):
[errno]
  got     : No error: 0
  expected: No error: 0
[endptr - nptr]
  got     : 0
  expected: 0
[result]
  real:     0.000000
  expected: 0.000000

Checking wcstod("+     INF", &tail):
[errno]
  got     : No error: 0
  expected: No error: 0
[endptr - nptr]
  got     : 0
  expected: 0
[result]
  real:     0.000000
  expected: 0.000000

Checking wcstod("-     INF", &tail):
[errno]
  got     : No error: 0
  expected: No error: 0
[endptr - nptr]
  got     : 0
  expected: 0
[result]
  real:     0.000000
  expected: 0.000000

Checking wcstod("     INF", &tail):
[errno]
  got     : No error: 0
  expected: No error: 0
[endptr - nptr]
  got     : 8
  expected: 8
[result]
  real:     INF
  expected: INF

Checking wcstod("     +INF", &tail):
[errno]
  got     : No error: 0
  expected: No error: 0
[endptr - nptr]
  got     : 9
  expected: 9
[result]
  real:     INF
  expected: INF

Checking wcstod("     -INF", &tail):
[errno]
  got     : No error: 0
  expected: No error: 0
[endptr - nptr]
  got     : 9
  expected: 9
[result]
  real:     -INF
  expected: -INF

Checking wcstod("     INFX", &tail):
[errno]
  got     : No error: 0
  expected: No error: 0
[endptr - nptr]
  got     : 8
  expected: 8
[result]
  real:     INF
  expected: INF

Checking wcstod("     +INFX", &tail):
[errno]
  got     : No error: 0
  expected: No error: 0
[endptr - nptr]
  got     : 9
  expected: 9
[result]
  real:     INF
  expected: INF

Checking wcstod("     -INFX", &tail):
[errno]
  got     : No error: 0
  expected: No error: 0
[endptr - nptr]
  got     : 9
  expected: 9
[result]
  real:     -INF
  expected: -INF

Checking wcstod("     INFINIT", &tail):
[errno]
  got     : No error: 0
  expected: No error: 0
[endptr - nptr]
  got     : 8
  expected: 8
[result]
  real:     INF
  expected: INF

Checking wcstod("     +INFINIT", &tail):
[errno]
  got     : No error: 0
  expected: No error: 0
[endptr - nptr]
  got     : 9
  expected: 9
[result]
  real:     INF
  expected: INF

Checking wcstod("     -INFINIT", &tail):
[errno]
  got     : No error: 0
  expected: No error: 0
[endptr - nptr]
  got     : 9
  expected: 9
[result]
  real:     -INF
  expected: -INF

Checking wcstod("     INFINITY", &tail):
[errno]
  got     : No error: 0
  expected: No error: 0
[endptr - nptr]
  got     : 13
  expected: 13
[result]
  real:     INF
  expected: INF

Checking wcstod("     +INFINITY", &tail):
[errno]
  got     : No error: 0
  expected: No error: 0
[endptr - nptr]
  got     : 14
  expected: 14
[result]
  real:     INF
  expected: INF

Checking wcstod("     -INFINITY", &tail):
[errno]
  got     : No error: 0
  expected: No error: 0
[endptr - nptr]
  got     : 14
  expected: 14
[result]
  real:     -INF
  expected: -INF

Checking wcstod("     INFINITYX", &tail):
[errno]
  got     : No error: 0
  expected: No error: 0
[endptr - nptr]
  got     : 13
  expected: 13
[result]
  real:     INF
  expected: INF

Checking wcstod("     +INFINITYX", &tail):
[errno]
  got     : No error: 0
  expected: No error: 0
[endptr - nptr]
  got     : 14
  expected: 14
[result]
  real:     INF
  expected: INF

Checking wcstod("     -INFINITYX", &tail):
[errno]
  got     : No error: 0
  expected: No error: 0
[endptr - nptr]
  got     : 14
  expected: 14
[result]
  real:     -INF
  expected: -INF

Checking wcstod("NA", &tail):
[errno]
  got     : No error: 0
  expected: No error: 0
[endptr - nptr]
  got     : 0
  expected: 0
[result]
  real:     0.000000
  expected: 0.000000

Checking wcstod("+NA", &tail):
[errno]
  got     : No error: 0
  expected: No error: 0
[endptr - nptr]
  got     : 0
  expected: 0
[result]
  real:     0.000000
  expected: 0.000000

Checking wcstod("-NA", &tail):
[errno]
  got     : No error: 0
  expected: No error: 0
[endptr - nptr]
  got     : 0
  expected: 0
[result]
  real:     0.000000
  expected: 0.000000

Checking wcstod("NAX", &tail):
[errno]
  got     : No error: 0
  expected: No error: 0
[endptr - nptr]
  got     : 0
  expected: 0
[result]
  real:     0.000000
  expected: 0.000000

Checking wcstod("+NAX", &tail):
[errno]
  got     : No error: 0
  expected: No error: 0
[endptr - nptr]
  got     : 0
  expected: 0
[result]
  real:     0.000000
  expected: 0.000000

Checking wcstod("-NAX", &tail):
[errno]
  got     : No error: 0
  expected: No error: 0
[endptr - nptr]
  got     : 0
  expected: 0
[result]
  real:     0.000000
  expected: 0.000000

Checking wcstod("NAN", &tail):
[errno]
  got     : No error: 0
  expected: No error: 0
[endptr - nptr]
  got     : 3
  expected: 3
[result]
  real:     NAN
  expected: NAN

Checking wcstod("+NAN", &tail):
[errno]
  got     : No error: 0
  expected: No error: 0
[endptr - nptr]
  got     : 4
  expected: 4
[result]
  real:     NAN
  expected: NAN

Checking wcstod("-NAN", &tail):
[errno]
  got     : No error: 0
  expected: No error: 0
[endptr - nptr]
  got     : 4
  expected: 4
[result]
  real:     NAN
  expected: NAN

Checking wcstod("NANX", &tail):
[errno]
  got     : No error: 0
  expected: No error: 0
[endptr - nptr]
  got     : 3
  expected: 3
[result]
  real:     NAN
  expected: NAN

Checking wcstod("+NANX", &tail):
[errno]
  got     : No error: 0
  expected: No error: 0
[endptr - nptr]
  got     : 4
  expected: 4
[result]
  real:     NAN
  expected: NAN

Checking wcstod("-NANX", &tail):
[errno]
  got     : No error: 0
  expected: No error: 0
[endptr - nptr]
  got     : 4
  expected: 4
[result]
  real:     NAN
  expected: NAN

Checking wcstod("     NA", &tail):
[errno]
  got     : No error: 0
  expected: No error: 0
[endptr - nptr]
  got     : 0
  expected: 0
[result]
  real:     0.000000
  expected: 0.000000

Checking wcstod("     +NA", &tail):
[errno]
  got     : No error: 0
  expected: No error: 0
[endptr - nptr]
  got     : 0
  expected: 0
[result]
  real:     0.000000
  expected: 0.000000

Checking wcstod("     -NA", &tail):
[errno]
  got     : No error: 0
  expected: No error: 0
[endptr - nptr]
  got     : 0
  expected: 0
[result]
  real:     0.000000
  expected: 0.000000

Checking wcstod("     NAX", &tail):
[errno]
  got     : No error: 0
  expected: No error: 0
[endptr - nptr]
  got     : 0
  expected: 0
[result]
  real:     0.000000
  expected: 0.000000

Checking wcstod("     +NAX", &tail):
[errno]
  got     : No error: 0
  expected: No error: 0
[endptr - nptr]
  got     : 0
  expected: 0
[result]
  real:     0.000000
  expected: 0.000000

Checking wcstod("     -NAX", &tail):
[errno]
  got     : No error: 0
  expected: No error: 0
[endptr - nptr]
  got     : 0
  expected: 0
[result]
  real:     0.000000
  expected: 0.000000

Checking wcstod("+     NAN", &tail):
[errno]
  got     : No error: 0
  expected: No error: 0
[endptr - nptr]
  got     : 0
  expected: 0
[result]
  real:     0.000000
  expected: 0.000000

Checking wcstod("-     NAN", &tail):
[errno]
  got     : No error: 0
  expected: No error: 0
[endptr - nptr]
  got     : 0
  expected: 0
[result]
  real:     0.000000
  expected: 0.000000

Checking wcstod("     NAN", &tail):
[errno]
  got     : No error: 0
  expected: No error: 0
[endptr - nptr]
  got     : 8
  expected: 8
[result]
  real:     NAN
  expected: NAN

Checking wcstod("     +NAN", &tail):
[errno]
  got     : No error: 0
  expected: No error: 0
[endptr - nptr]
  got     : 9
  expected: 9
[result]
  real:     NAN
  expected: NAN

Checking wcstod("     -NAN", &tail):
[errno]
  got     : No error: 0
  expected: No error: 0
[endptr - nptr]
  got     : 9
  expected: 9
[result]
  real:     NAN
  expected: NAN

Checking wcstod("     NANX", &tail):
[errno]
  got     : No error: 0
  expected: No error: 0
[endptr - nptr]
  got     : 8
  expected: 8
[result]
  real:     NAN
  expected: NAN

Checking wcstod("     +NANX", &tail):
[errno]
  got     : No error: 0
  expected: No error: 0
[endptr - nptr]
  got     : 9
  expected: 9
[result]
  real:     NAN
  expected: NAN

Checking wcstod("     -NANX", &tail):
[errno]
  got     : No error: 0
  expected: No error: 0
[endptr - nptr]
  got     : 9
  expected: 9
[result]
  real:     NAN
  expected: NAN

Checking wcstod("0", &tail):
[errno]
  got     : No error: 0
  expected: No error: 0
[endptr - nptr]
  got     : 1
  expected: 1
[result]
  real:     0.000000
  expected: 0.000000

Checking wcstod("+0", &tail):
[errno]
  got     : No error: 0
  expected: No error: 0
[endptr - nptr]
  got     : 2
  expected: 2
[result]
  real:     0.000000
  expected: 0.000000

Checking wcstod("-0", &tail):
[errno]
  got     : No error: 0
  expected: No error: 0
[endptr - nptr]
  got     : 2
  expected: 2
[result]
  real:     -0.000000
  expected: 0.000000

Checking wcstod("          0", &tail):
[errno]
  got     : No error: 0
  expected: No error: 0
[endptr - nptr]
  got     : 11
  expected: 11
[result]
  real:     0.000000
  expected: 0.000000

Checking wcstod("          +0", &tail):
[errno]
  got     : No error: 0
  expected: No error: 0
[endptr - nptr]
  got     : 12
  expected: 12
[result]
  real:     0.000000
  expected: 0.000000

Checking wcstod("          -0", &tail):
[errno]
  got     : No error: 0
  expected: No error: 0
[endptr - nptr]
  got     : 12
  expected: 12
[result]
  real:     -0.000000
  expected: 0.000000

Checking wcstod("+          0", &tail):
[errno]
  got     : No error: 0
  expected: No error: 0
[endptr - nptr]
  got     : 0
  expected: 0
[result]
  real:     0.000000
  expected: 0.000000

Checking wcstod("-          0", &tail):
[errno]
  got     : No error: 0
  expected: No error: 0
[endptr - nptr]
  got     : 0
  expected: 0
[result]
  real:     0.000000
  expected: 0.000000

Checking wcstod(".", &tail):
[errno]
  got     : No error: 0
  expected: No error: 0
[endptr - nptr]
  got     : 0
  expected: 0
[result]
  real:     0.000000
  expected: 0.000000

Checking wcstod(".0", &tail):
[errno]
  got     : No error: 0
  expected: No error: 0
[endptr - nptr]
  got     : 2
  expected: 2
[result]
  real:     0.000000
  expected: 0.000000

Checking wcstod(".00", &tail):
[errno]
  got     : No error: 0
  expected: No error: 0
[endptr - nptr]
  got     : 3
  expected: 3
[result]
  real:     0.000000
  expected: 0.000000

Checking wcstod(".000", &tail):
[errno]
  got     : No error: 0
  expected: No error: 0
[endptr - nptr]
  got     : 4
  expected: 4
[result]
  real:     0.000000
  expected: 0.000000

Checking wcstod("0.", &tail):
[errno]
  got     : No error: 0
  expected: No error: 0
[endptr - nptr]
  got     : 2
  expected: 2
[result]
  real:     0.000000
  expected: 0.000000

Checking wcstod("+0.", &tail):
[errno]
  got     : No error: 0
  expected: No error: 0
[endptr - nptr]
  got     : 3
  expected: 3
[result]
  real:     0.000000
  expected: 0.000000

Checking wcstod("-0.", &tail):
[errno]
  got     : No error: 0
  expected: No error: 0
[endptr - nptr]
  got     : 3
  expected: 3
[result]
  real:     -0.000000
  expected: 0.000000

Checking wcstod("          0.", &tail):
[errno]
  got     : No error: 0
  expected: No error: 0
[endptr - nptr]
  got     : 12
  expected: 12
[result]
  real:     0.000000
  expected: 0.000000

Checking wcstod("          +0.", &tail):
[errno]
  got     : No error: 0
  expected: No error: 0
[endptr - nptr]
  got     : 13
  expected: 13
[result]
  real:     0.000000
  expected: 0.000000

Checking wcstod("          -0.", &tail):
[errno]
  got     : No error: 0
  expected: No error: 0
[endptr - nptr]
  got     : 13
  expected: 13
[result]
  real:     -0.000000
  expected: 0.000000

Checking wcstod("0.0", &tail):
[errno]
  got     : No error: 0
  expected: No error: 0
[endptr - nptr]
  got     : 3
  expected: 3
[result]
  real:     0.000000
  expected: 0.000000

Checking wcstod("+0.0", &tail):
[errno]
  got     : No error: 0
  expected: No error: 0
[endptr - nptr]
  got     : 4
  expected: 4
[result]
  real:     0.000000
  expected: 0.000000

Checking wcstod("-0.0", &tail):
[errno]
  got     : No error: 0
  expected: No error: 0
[endptr - nptr]
  got     : 4
  expected: 4
[result]
  real:     -0.000000
  expected: 0.000000

Checking wcstod("          0.0", &tail):
[errno]
  got     : No error: 0
  expected: No error: 0
[endptr - nptr]
  got     : 13
  expected: 13
[result]
  real:     0.000000
  expected: 0.000000

Checking wcstod("          +0.0", &tail):
[errno]
  got     : No error: 0
  expected: No error: 0
[endptr - nptr]
  got     : 14
  expected: 14
[result]
  real:     0.000000
  expected: 0.000000

Checking wcstod("          -0.0", &tail):
[errno]
  got     : No error: 0
  expected: No error: 0
[endptr - nptr]
  got     : 14
  expected: 14
[result]
  real:     -0.000000
  expected: 0.000000

Checking wcstod("000", &tail):
[errno]
  got     : No error: 0
  expected: No error: 0
[endptr - nptr]
  got     : 3
  expected: 3
[result]
  real:     0.000000
  expected: 0.000000

Checking wcstod("+000", &tail):
[errno]
  got     : No error: 0
  expected: No error: 0
[endptr - nptr]
  got     : 4
  expected: 4
[result]
  real:     0.000000
  expected: 0.000000

Checking wcstod("-000", &tail):
[errno]
  got     : No error: 0
  expected: No error: 0
[endptr - nptr]
  got     : 4
  expected: 4
[result]
  real:     -0.000000
  expected: 0.000000

Checking wcstod("          000", &tail):
[errno]
  got     : No error: 0
  expected: No error: 0
[endptr - nptr]
  got     : 13
  expected: 13
[result]
  real:     0.000000
  expected: 0.000000

Checking wcstod("          +000", &tail):
[errno]
  got     : No error: 0
  expected: No error: 0
[endptr - nptr]
  got     : 14
  expected: 14
[result]
  real:     0.000000
  expected: 0.000000

Checking wcstod("          -000", &tail):
[errno]
  got     : No error: 0
  expected: No error: 0
[endptr - nptr]
  got     : 14
  expected: 14
[result]
  real:     -0.000000
  expected: 0.000000

Checking wcstod("000.", &tail):
[errno]
  got     : No error: 0
  expected: No error: 0
[endptr - nptr]
  got     : 4
  expected: 4
[result]
  real:     0.000000
  expected: 0.000000

Checking wcstod("+000.", &tail):
[errno]
  got     : No error: 0
  expected: No error: 0
[endptr - nptr]
  got     : 5
  expected: 5
[result]
  real:     0.000000
  expected: 0.000000

Checking wcstod("-000.", &tail):
[errno]
  got     : No error: 0
  expected: No error: 0
[endptr - nptr]
  got     : 5
  expected: 5
[result]
  real:     -0.000000
  expected: 0.000000

Checking wcstod("          000.", &tail):
[errno]
  got     : No error: 0
  expected: No error: 0
[endptr - nptr]
  got     : 14
  expected: 14
[result]
  real:     0.000000
  expected: 0.000000

Checking wcstod("          +000.", &tail):
[errno]
  got     : No error: 0
  expected: No error: 0
[endptr - nptr]
  got     : 15
  expected: 15
[result]
  real:     0.000000
  expected: 0.000000

Checking wcstod("          -000.", &tail):
[errno]
  got     : No error: 0
  expected: No error: 0
[endptr - nptr]
  got     : 15
  expected: 15
[result]
  real:     -0.000000
  expected: 0.000000

Checking wcstod("000.0", &tail):
[errno]
  got     : No error: 0
  expected: No error: 0
[endptr - nptr]
  got     : 5
  expected: 5
[result]
  real:     0.000000
  expected: 0.000000

Checking wcstod("+000.0", &tail):
[errno]
  got     : No error: 0
  expected: No error: 0
[endptr - nptr]
  got     : 6
  expected: 6
[result]
  real:     0.000000
  expected: 0.000000

Checking wcstod("-000.0", &tail):
[errno]
  got     : No error: 0
  expected: No error: 0
[endptr - nptr]
  got     : 6
  expected: 6
[result]
  real:     -0.000000
  expected: 0.000000

Checking wcstod("          000.0", &tail):
[errno]
  got     : No error: 0
  expected: No error: 0
[endptr - nptr]
  got     : 15
  expected: 15
[result]
  real:     0.000000
  expected: 0.000000

Checking wcstod("          +000.0", &tail):
[errno]
  got     : No error: 0
  expected: No error: 0
[endptr - nptr]
  got     : 16
  expected: 16
[result]
  real:     0.000000
  expected: 0.000000

Checking wcstod("          -000.0", &tail):
[errno]
  got     : No error: 0
  expected: No error: 0
[endptr - nptr]
  got     : 16
  expected: 16
[result]
  real:     -0.000000
  expected: 0.000000

Checking wcstod("0.0.", &tail):
[errno]
  got     : No error: 0
  expected: No error: 0
[endptr - nptr]
  got     : 3
  expected: 3
[result]
  real:     0.000000
  expected: 0.000000

Checking wcstod("+0.0.", &tail):
[errno]
  got     : No error: 0
  expected: No error: 0
[endptr - nptr]
  got     : 4
  expected: 4
[result]
  real:     0.000000
  expected: 0.000000

Checking wcstod("-0.0.", &tail):
[errno]
  got     : No error: 0
  expected: No error: 0
[endptr - nptr]
  got     : 4
  expected: 4
[result]
  real:     -0.000000
  expected: 0.000000

Checking wcstod("          0.0.", &tail):
[errno]
  got     : No error: 0
  expected: No error: 0
[endptr - nptr]
  got     : 13
  expected: 13
[result]
  real:     0.000000
  expected: 0.000000

Checking wcstod("          +0.0.", &tail):
[errno]
  got     : No error: 0
  expected: No error: 0
[endptr - nptr]
  got     : 14
  expected: 14
[result]
  real:     0.000000
  expected: 0.000000

Checking wcstod("          -0.0.", &tail):
[errno]
  got     : No error: 0
  expected: No error: 0
[endptr - nptr]
  got     : 14
  expected: 14
[result]
  real:     -0.000000
  expected: 0.000000

Checking wcstod("0.0.0", &tail):
[errno]
  got     : No error: 0
  expected: No error: 0
[endptr - nptr]
  got     : 3
  expected: 3
[result]
  real:     0.000000
  expected: 0.000000

Checking wcstod("+0.0.0", &tail):
[errno]
  got     : No error: 0
  expected: No error: 0
[endptr - nptr]
  got     : 4
  expected: 4
[result]
  real:     0.000000
  expected: 0.000000

Checking wcstod("-0.0.0", &tail):
[errno]
  got     : No error: 0
  expected: No error: 0
[endptr - nptr]
  got     : 4
  expected: 4
[result]
  real:     -0.000000
  expected: 0.000000

Checking wcstod("          0.0.0", &tail):
[errno]
  got     : No error: 0
  expected: No error: 0
[endptr - nptr]
  got     : 13
  expected: 13
[result]
  real:     0.000000
  expected: 0.000000

Checking wcstod("          +0.0.0", &tail):
[errno]
  got     : No error: 0
  expected: No error: 0
[endptr - nptr]
  got     : 14
  expected: 14
[result]
  real:     0.000000
  expected: 0.000000

Checking wcstod("          -0.0.0", &tail):
[errno]
  got     : No error: 0
  expected: No error: 0
[endptr - nptr]
  got     : 14
  expected: 14
[result]
  real:     -0.000000
  expected: 0.000000

Checking wcstod("0X", &tail):
[errno]
  got     : No error: 0
  expected: No error: 0
[endptr - nptr]
  got     : 1
  expected: 1
[result]
  real:     0.000000
  expected: 0.000000

Checking wcstod("+0X", &tail):
[errno]
  got     : No error: 0
  expected: No error: 0
[endptr - nptr]
  got     : 2
  expected: 2
[result]
  real:     0.000000
  expected: 0.000000

Checking wcstod("-0X", &tail):
[errno]
  got     : No error: 0
  expected: No error: 0
[endptr - nptr]
  got     : 2
  expected: 2
[result]
  real:     -0.000000
  expected: 0.000000

Checking wcstod("0X.", &tail):
[errno]
  got     : No error: 0
  expected: No error: 0
[endptr - nptr]
  got     : 1
  expected: 1
[result]
  real:     0.000000
  expected: 0.000000

Checking wcstod("+0X.", &tail):
[errno]
  got     : No error: 0
  expected: No error: 0
[endptr - nptr]
  got     : 2
  expected: 2
[result]
  real:     0.000000
  expected: 0.000000

Checking wcstod("-0X.", &tail):
[errno]
  got     : No error: 0
  expected: No error: 0
[endptr - nptr]
  got     : 2
  expected: 2
[result]
  real:     -0.000000
  expected: 0.000000

Checking wcstod("          0X.", &tail):
[errno]
  got     : No error: 0
  expected: No error: 0
[endptr - nptr]
  got     : 11
  expected: 11
[result]
  real:     0.000000
  expected: 0.000000

Checking wcstod("          +0X.", &tail):
[errno]
  got     : No error: 0
  expected: No error: 0
[endptr - nptr]
  got     : 12
  expected: 12
[result]
  real:     0.000000
  expected: 0.000000

Checking wcstod("          -0X.", &tail):
[errno]
  got     : No error: 0
  expected: No error: 0
[endptr - nptr]
  got     : 12
  expected: 12
[result]
  real:     -0.000000
  expected: 0.000000

Checking wcstod("0X.0", &tail):
[errno]
  got     : No error: 0
  expected: No error: 0
[endptr - nptr]
  got     : 4
  expected: 4
[result]
  real:     0.000000
  expected: 0.000000

Checking wcstod("+0X.0", &tail):
[errno]
  got     : No error: 0
  expected: No error: 0
[endptr - nptr]
  got     : 5
  expected: 5
[result]
  real:     0.000000
  expected: 0.000000

Checking wcstod("-0X.0", &tail):
[errno]
  got     : No error: 0
  expected: No error: 0
[endptr - nptr]
  got     : 5
  expected: 5
[result]
  real:     -0.000000
  expected: 0.000000

Checking wcstod("          0X.0", &tail):
[errno]
  got     : No error: 0
  expected: No error: 0
[endptr - nptr]
  got     : 14
  expected: 14
[result]
  real:     0.000000
  expected: 0.000000

Checking wcstod("          +0X.0", &tail):
[errno]
  got     : No error: 0
  expected: No error: 0
[endptr - nptr]
  got     : 15
  expected: 15
[result]
  real:     0.000000
  expected: 0.000000

Checking wcstod("          -0X.0", &tail):
[errno]
  got     : No error: 0
  expected: No error: 0
[endptr - nptr]
  got     : 15
  expected: 15
[result]
  real:     -0.000000
  expected: 0.000000

Checking wcstod("0X.0P", &tail):
[errno]
  got     : No error: 0
  expected: No error: 0
[endptr - nptr]
  got     : 4
  expected: 4
[result]
  real:     0.000000
  expected: 0.000000

Checking wcstod("+0X.0P", &tail):
[errno]
  got     : No error: 0
  expected: No error: 0
[endptr - nptr]
  got     : 5
  expected: 5
[result]
  real:     0.000000
  expected: 0.000000

Checking wcstod("-0X.0P", &tail):
[errno]
  got     : No error: 0
  expected: No error: 0
[endptr - nptr]
  got     : 5
  expected: 5
[result]
  real:     -0.000000
  expected: 0.000000

Checking wcstod("          0X.0P", &tail):
[errno]
  got     : No error: 0
  expected: No error: 0
[endptr - nptr]
  got     : 14
  expected: 14
[result]
  real:     0.000000
  expected: 0.000000

Checking wcstod("          +0X.0P", &tail):
[errno]
  got     : No error: 0
  expected: No error: 0
[endptr - nptr]
  got     : 15
  expected: 15
[result]
  real:     0.000000
  expected: 0.000000

Checking wcstod("          -0X.0P", &tail):
[errno]
  got     : No error: 0
  expected: No error: 0
[endptr - nptr]
  got     : 15
  expected: 15
[result]
  real:     -0.000000
  expected: 0.000000

Checking wcstod("0X0", &tail):
[errno]
  got     : No error: 0
  expected: No error: 0
[endptr - nptr]
  got     : 3
  expected: 3
[result]
  real:     0.000000
  expected: 0.000000

Checking wcstod("+0X0", &tail):
[errno]
  got     : No error: 0
  expected: No error: 0
[endptr - nptr]
  got     : 4
  expected: 4
[result]
  real:     0.000000
  expected: 0.000000

Checking wcstod("-0X0", &tail):
[errno]
  got     : No error: 0
  expected: No error: 0
[endptr - nptr]
  got     : 4
  expected: 4
[result]
  real:     -0.000000
  expected: 0.000000

Checking wcstod("          0X0", &tail):
[errno]
  got     : No error: 0
  expected: No error: 0
[endptr - nptr]
  got     : 13
  expected: 13
[result]
  real:     0.000000
  expected: 0.000000

Checking wcstod("          +0X0", &tail):
[errno]
  got     : No error: 0
  expected: No error: 0
[endptr - nptr]
  got     : 14
  expected: 14
[result]
  real:     0.000000
  expected: 0.000000

Checking wcstod("          -0X0", &tail):
[errno]
  got     : No error: 0
  expected: No error: 0
[endptr - nptr]
  got     : 14
  expected: 14
[result]
  real:     -0.000000
  expected: 0.000000

Checking wcstod("00X0.0", &tail):
[errno]
  got     : No error: 0
  expected: No error: 0
[endptr - nptr]
  got     : 2
  expected: 2
[result]
  real:     0.000000
  expected: 0.000000

Checking wcstod("+00X0.0", &tail):
[errno]
  got     : No error: 0
  expected: No error: 0
[endptr - nptr]
  got     : 3
  expected: 3
[result]
  real:     0.000000
  expected: 0.000000

Checking wcstod("-00X0.0", &tail):
[errno]
  got     : No error: 0
  expected: No error: 0
[endptr - nptr]
  got     : 3
  expected: 3
[result]
  real:     -0.000000
  expected: 0.000000

Checking wcstod("          00X0.0", &tail):
[errno]
  got     : No error: 0
  expected: No error: 0
[endptr - nptr]
  got     : 12
  expected: 12
[result]
  real:     0.000000
  expected: 0.000000

Checking wcstod("          +00X0.0", &tail):
[errno]
  got     : No error: 0
  expected: No error: 0
[endptr - nptr]
  got     : 13
  expected: 13
[result]
  real:     0.000000
  expected: 0.000000

Checking wcstod("          -00X0.0", &tail):
[errno]
  got     : No error: 0
  expected: No error: 0
[endptr - nptr]
  got     : 13
  expected: 13
[result]
  real:     -0.000000
  expected: 0.000000

Checking wcstod("0X0P", &tail):
[errno]
  got     : No error: 0
  expected: No error: 0
[endptr - nptr]
  got     : 3
  expected: 3
[result]
  real:     0.000000
  expected: 0.000000

Checking wcstod("+0X0P", &tail):
[errno]
  got     : No error: 0
  expected: No error: 0
[endptr - nptr]
  got     : 4
  expected: 4
[result]
  real:     0.000000
  expected: 0.000000

Checking wcstod("-0X0P", &tail):
[errno]
  got     : No error: 0
  expected: No error: 0
[endptr - nptr]
  got     : 4
  expected: 4
[result]
  real:     -0.000000
  expected: 0.000000

Checking wcstod("          0X0P", &tail):
[errno]
  got     : No error: 0
  expected: No error: 0
[endptr - nptr]
  got     : 13
  expected: 13
[result]
  real:     0.000000
  expected: 0.000000

Checking wcstod("          +0X0P", &tail):
[errno]
  got     : No error: 0
  expected: No error: 0
[endptr - nptr]
  got     : 14
  expected: 14
[result]
  real:     0.000000
  expected: 0.000000

Checking wcstod("          -0X0P", &tail):
[errno]
  got     : No error: 0
  expected: No error: 0
[endptr - nptr]
  got     : 14
  expected: 14
[result]
  real:     -0.000000
  expected: 0.000000

Checking wcstod("0X0.", &tail):
[errno]
  got     : No error: 0
  expected: No error: 0
[endptr - nptr]
  got     : 4
  expected: 4
[result]
  real:     0.000000
  expected: 0.000000

Checking wcstod("+0X0.", &tail):
[errno]
  got     : No error: 0
  expected: No error: 0
[endptr - nptr]
  got     : 5
  expected: 5
[result]
  real:     0.000000
  expected: 0.000000

Checking wcstod("-0X0.", &tail):
[errno]
  got     : No error: 0
  expected: No error: 0
[endptr - nptr]
  got     : 5
  expected: 5
[result]
  real:     -0.000000
  expected: 0.000000

Checking wcstod("          0X0.", &tail):
[errno]
  got     : No error: 0
  expected: No error: 0
[endptr - nptr]
  got     : 14
  expected: 14
[result]
  real:     0.000000
  expected: 0.000000

Checking wcstod("          +0X0.", &tail):
[errno]
  got     : No error: 0
  expected: No error: 0
[endptr - nptr]
  got     : 15
  expected: 15
[result]
  real:     0.000000
  expected: 0.000000

Checking wcstod("          -0X0.", &tail):
[errno]
  got     : No error: 0
  expected: No error: 0
[endptr - nptr]
  got     : 15
  expected: 15
[result]
  real:     -0.000000
  expected: 0.000000

Checking wcstod("0X0.0", &tail):
[errno]
  got     : No error: 0
  expected: No error: 0
[endptr - nptr]
  got     : 5
  expected: 5
[result]
  real:     0.000000
  expected: 0.000000

Checking wcstod("+0X0.0", &tail):
[errno]
  got     : No error: 0
  expected: No error: 0
[endptr - nptr]
  got     : 6
  expected: 6
[result]
  real:     0.000000
  expected: 0.000000

Checking wcstod("-0X0.0", &tail):
[errno]
  got     : No error: 0
  expected: No error: 0
[endptr - nptr]
  got     : 6
  expected: 6
[result]
  real:     -0.000000
  expected: 0.000000

Checking wcstod("          0X0.0", &tail):
[errno]
  got     : No error: 0
  expected: No error: 0
[endptr - nptr]
  got     : 15
  expected: 15
[result]
  real:     0.000000
  expected: 0.000000

Checking wcstod("          +0X0.0", &tail):
[errno]
  got     : No error: 0
  expected: No error: 0
[endptr - nptr]
  got     : 16
  expected: 16
[result]
  real:     0.000000
  expected: 0.000000

Checking wcstod("          -0X0.0", &tail):
[errno]
  got     : No error: 0
  expected: No error: 0
[endptr - nptr]
  got     : 16
  expected: 16
[result]
  real:     -0.000000
  expected: 0.000000

Checking wcstod("0X0.P", &tail):
[errno]
  got     : No error: 0
  expected: No error: 0
[endptr - nptr]
  got     : 4
  expected: 4
[result]
  real:     0.000000
  expected: 0.000000

Checking wcstod("+0X0.P", &tail):
[errno]
  got     : No error: 0
  expected: No error: 0
[endptr - nptr]
  got     : 5
  expected: 5
[result]
  real:     0.000000
  expected: 0.000000

Checking wcstod("-0X0.P", &tail):
[errno]
  got     : No error: 0
  expected: No error: 0
[endptr - nptr]
  got     : 5
  expected: 5
[result]
  real:     -0.000000
  expected: 0.000000

Checking wcstod("          0X0.P", &tail):
[errno]
  got     : No error: 0
  expected: No error: 0
[endptr - nptr]
  got     : 14
  expected: 14
[result]
  real:     0.000000
  expected: 0.000000

Checking wcstod("          +0X0.P", &tail):
[errno]
  got     : No error: 0
  expected: No error: 0
[endptr - nptr]
  got     : 15
  expected: 15
[result]
  real:     0.000000
  expected: 0.000000

Checking wcstod("          -0X0.P", &tail):
[errno]
  got     : No error: 0
  expected: No error: 0
[endptr - nptr]
  got     : 15
  expected: 15
[result]
  real:     -0.000000
  expected: 0.000000

Checking wcstod("0X0.P", &tail):
[errno]
  got     : No error: 0
  expected: No error: 0
[endptr - nptr]
  got     : 4
  expected: 4
[result]
  real:     0.000000
  expected: 0.000000

Checking wcstod("+0X0.P", &tail):
[errno]
  got     : No error: 0
  expected: No error: 0
[endptr - nptr]
  got     : 5
  expected: 5
[result]
  real:     0.000000
  expected: 0.000000

Checking wcstod("-0X0.P", &tail):
[errno]
  got     : No error: 0
  expected: No error: 0
[endptr - nptr]
  got     : 5
  expected: 5
[result]
  real:     -0.000000
  expected: 0.000000

Checking wcstod("          0X0.P", &tail):
[errno]
  got     : No error: 0
  expected: No error: 0
[endptr - nptr]
  got     : 14
  expected: 14
[result]
  real:     0.000000
  expected: 0.000000

Checking wcstod("          +0X0.P", &tail):
[errno]
  got     : No error: 0
  expected: No error: 0
[endptr - nptr]
  got     : 15
  expected: 15
[result]
  real:     0.000000
  expected: 0.000000

Checking wcstod("          -0X0.P", &tail):
[errno]
  got     : No error: 0
  expected: No error: 0
[endptr - nptr]
  got     : 15
  expected: 15
[result]
  real:     -0.000000
  expected: 0.000000

Checking wcstod("0.12345678", &tail):
[errno]
  got     : No error: 0
  expected: No error: 0
[endptr - nptr]
  got     : 10
  expected: 10
[result]
  real:     0.123457
  expected: 0.123457

Checking wcstod("+0.12345678", &tail):
[errno]
  got     : No error: 0
  expected: No error: 0
[endptr - nptr]
  got     : 11
  expected: 11
[result]
  real:     0.123457
  expected: 0.123457

Checking wcstod("-0.12345678", &tail):
[errno]
  got     : No error: 0
  expected: No error: 0
[endptr - nptr]
  got     : 11
  expected: 11
[result]
  real:     -0.123457
  expected: -0.123457

Checking wcstod("     0.12345678", &tail):
[errno]
  got     : No error: 0
  expected: No error: 0
[endptr - nptr]
  got     : 15
  expected: 15
[result]
  real:     0.123457
  expected: 0.123457

Checking wcstod("     +0.12345678", &tail):
[errno]
  got     : No error: 0
  expected: No error: 0
[endptr - nptr]
  got     : 16
  expected: 16
[result]
  real:     0.123457
  expected: 0.123457

Checking wcstod("     -0.12345678", &tail):
[errno]
  got     : No error: 0
  expected: No error: 0
[endptr - nptr]
  got     : 16
  expected: 16
[result]
  real:     -0.123457
  expected: -0.123457

Checking wcstod("0.12345E67", &tail):
[errno]
  got     : No error: 0
  expected: No error: 0
[endptr - nptr]
  got     : 10
  expected: 10
[result]
  real:     1234499999999999990586342234430876588775808682167182896205364461568.000000
  expected: 1234499999999999990586342234430876588775808682167182896205364461568.000000

Checking wcstod("+0.12345E67", &tail):
[errno]
  got     : No error: 0
  expected: No error: 0
[endptr - nptr]
  got     : 11
  expected: 11
[result]
  real:     1234499999999999990586342234430876588775808682167182896205364461568.000000
  expected: 1234499999999999990586342234430876588775808682167182896205364461568.000000

Checking wcstod("-0.12345E67", &tail):
[errno]
  got     : No error: 0
  expected: No error: 0
[endptr - nptr]
  got     : 11
  expected: 11
[result]
  real:     -1234499999999999990586342234430876588775808682167182896205364461568.000000
  expected: -1234499999999999990586342234430876588775808682167182896205364461568.000000

Checking wcstod("     0.12345E67", &tail):
[errno]
  got     : No error: 0
  expected: No error: 0
[endptr - nptr]
  got     : 15
  expected: 15
[result]
  real:     1234499999999999990586342234430876588775808682167182896205364461568.000000
  expected: 1234499999999999990586342234430876588775808682167182896205364461568.000000

Checking wcstod("     +0.12345E67", &tail):
[errno]
  got     : No error: 0
  expected: No error: 0
[endptr - nptr]
  got     : 16
  expected: 16
[result]
  real:     1234499999999999990586342234430876588775808682167182896205364461568.000000
  expected: 1234499999999999990586342234430876588775808682167182896205364461568.000000

Checking wcstod("     -0.12345E67", &tail):
[errno]
  got     : No error: 0
  expected: No error: 0
[endptr - nptr]
  got     : 16
  expected: 16
[result]
  real:     -1234499999999999990586342234430876588775808682167182896205364461568.000000
  expected: -1234499999999999990586342234430876588775808682167182896205364461568.000000

Checking wcstod("0.12345E+6", &tail):
[errno]
  got     : No error: 0
  expected: No error: 0
[endptr - nptr]
  got     : 10
  expected: 10
[result]
  real:     123450.000000
  expected: 123450.000000

Checking wcstod("+0.12345E+6", &tail):
[errno]
  got     : No error: 0
  expected: No error: 0
[endptr - nptr]
  got     : 11
  expected: 11
[result]
  real:     123450.000000
  expected: 123450.000000

Checking wcstod("-0.12345E+6", &tail):
[errno]
  got     : No error: 0
  expected: No error: 0
[endptr - nptr]
  got     : 11
  expected: 11
[result]
  real:     -123450.000000
  expected: -123450.000000

Checking wcstod("     0.12345E+6", &tail):
[errno]
  got     : No error: 0
  expected: No error: 0
[endptr - nptr]
  got     : 15
  expected: 15
[result]
  real:     123450.000000
  expected: 123450.000000

Checking wcstod("     +0.12345E+6", &tail):
[errno]
  got     : No error: 0
  expected: No error: 0
[endptr - nptr]
  got     : 16
  expected: 16
[result]
  real:     123450.000000
  expected: 123450.000000

Checking wcstod("     -0.12345E+6", &tail):
[errno]
  got     : No error: 0
  expected: No error: 0
[endptr - nptr]
  got     : 16
  expected: 16
[result]
  real:     -123450.000000
  expected: -123450.000000

Checking wcstod("0.98765E-4", &tail):
[errno]
  got     : No error: 0
  expected: No error: 0
[endptr - nptr]
  got     : 10
  expected: 10
[result]
  real:     0.000099
  expected: 0.000099

Checking wcstod("+0.98765E-4", &tail):
[errno]
  got     : No error: 0
  expected: No error: 0
[endptr - nptr]
  got     : 11
  expected: 11
[result]
  real:     0.000099
  expected: 0.000099

Checking wcstod("-0.98765E-4", &tail):
[errno]
  got     : No error: 0
  expected: No error: 0
[endptr - nptr]
  got     : 11
  expected: 11
[result]
  real:     -0.000099
  expected: -0.000099

Checking wcstod("     0.98765E-4", &tail):
[errno]
  got     : No error: 0
  expected: No error: 0
[endptr - nptr]
  got     : 15
  expected: 15
[result]
  real:     0.000099
  expected: 0.000099

Checking wcstod("     +0.98765E-4", &tail):
[errno]
  got     : No error: 0
  expected: No error: 0
[endptr - nptr]
  got     : 16
  expected: 16
[result]
  real:     0.000099
  expected: 0.000099

Checking wcstod("     -0.98765E-4", &tail):
[errno]
  got     : No error: 0
  expected: No error: 0
[endptr - nptr]
  got     : 16
  expected: 16
[result]
  real:     -0.000099
  expected: -0.000099

Checking wcstod("12345678E9", &tail):
[errno]
  got     : No error: 0
  expected: No error: 0
[endptr - nptr]
  got     : 10
  expected: 10
[result]
  real:     12345678000000000.000000
  expected: 12345678000000000.000000

Checking wcstod("+12345678E9", &tail):
[errno]
  got     : No error: 0
  expected: No error: 0
[endptr - nptr]
  got     : 11
  expected: 11
[result]
  real:     12345678000000000.000000
  expected: 12345678000000000.000000

Checking wcstod("-12345678E9", &tail):
[errno]
  got     : No error: 0
  expected: No error: 0
[endptr - nptr]
  got     : 11
  expected: 11
[result]
  real:     -12345678000000000.000000
  expected: -12345678000000000.000000

Checking wcstod("     12345678E9", &tail):
[errno]
  got     : No error: 0
  expected: No error: 0
[endptr - nptr]
  got     : 15
  expected: 15
[result]
  real:     12345678000000000.000000
  expected: 12345678000000000.000000

Checking wcstod("     +12345678E9", &tail):
[errno]
  got     : No error: 0
  expected: No error: 0
[endptr - nptr]
  got     : 16
  expected: 16
[result]
  real:     12345678000000000.000000
  expected: 12345678000000000.000000

Checking wcstod("     -12345678E9", &tail):
[errno]
  got     : No error: 0
  expected: No error: 0
[endptr - nptr]
  got     : 16
  expected: 16
[result]
  real:     -12345678000000000.000000
  expected: -12345678000000000.000000

Checking wcstod("0x1P+2", &tail):
[errno]
  got     : No error: 0
  expected: No error: 0
[endptr - nptr]
  got     : 6
  expected: 6
[result]
  real:     4.000000
  expected: 4.000000

Checking wcstod("+0x1P+2", &tail):
[errno]
  got     : No error: 0
  expected: No error: 0
[endptr - nptr]
  got     : 7
  expected: 7
[result]
  real:     4.000000
  expected: 4.000000

Checking wcstod("-0x1P+2", &tail):
[errno]
  got     : No error: 0
  expected: No error: 0
[endptr - nptr]
  got     : 7
  expected: 7
[result]
  real:     -4.000000
  expected: -4.000000

Checking wcstod("     0x1P+2", &tail):
[errno]
  got     : No error: 0
  expected: No error: 0
[endptr - nptr]
  got     : 11
  expected: 11
[result]
  real:     4.000000
  expected: 4.000000

Checking wcstod("     +0x1P+2", &tail):
[errno]
  got     : No error: 0
  expected: No error: 0
[endptr - nptr]
  got     : 12
  expected: 12
[result]
  real:     4.000000
  expected: 4.000000

Checking wcstod("     -0x1P+2", &tail):
[errno]
  got     : No error: 0
  expected: No error: 0
[endptr - nptr]
  got     : 12
  expected: 12
[result]
  real:     -4.000000
  expected: -4.000000

Checking wcstod("0x1.0P+2", &tail):
[errno]
  got     : No error: 0
  expected: No error: 0
[endptr - nptr]
  got     : 8
  expected: 8
[result]
  real:     4.000000
  expected: 4.000000

Checking wcstod("+0x1.0P+2", &tail):
[errno]
  got     : No error: 0
  expected: No error: 0
[endptr - nptr]
  got     : 9
  expected: 9
[result]
  real:     4.000000
  expected: 4.000000

Checking wcstod("-0x1.0P+2", &tail):
[errno]
  got     : No error: 0
  expected: No error: 0
[endptr - nptr]
  got     : 9
  expected: 9
[result]
  real:     -4.000000
  expected: -4.000000

Checking wcstod("     0x1.0P+2", &tail):
[errno]
  got     : No error: 0
  expected: No error: 0
[endptr - nptr]
  got     : 13
  expected: 13
[result]
  real:     4.000000
  expected: 4.000000

Checking wcstod("     +0x1.0P+2", &tail):
[errno]
  got     : No error: 0
  expected: No error: 0
[endptr - nptr]
  got     : 14
  expected: 14
[result]
  real:     4.000000
  expected: 4.000000

Checking wcstod("     -0x1.0P+2", &tail):
[errno]
  got     : No error: 0
  expected: No error: 0
[endptr - nptr]
  got     : 14
  expected: 14
[result]
  real:     -4.000000
  expected: -4.000000

Checking wcstod("0x1P-2", &tail):
[errno]
  got     : No error: 0
  expected: No error: 0
[endptr - nptr]
  got     : 6
  expected: 6
[result]
  real:     0.250000
  expected: 0.250000

Checking wcstod("+0x1P-2", &tail):
[errno]
  got     : No error: 0
  expected: No error: 0
[endptr - nptr]
  got     : 7
  expected: 7
[result]
  real:     0.250000
  expected: 0.250000

Checking wcstod("-0x1P-2", &tail):
[errno]
  got     : No error: 0
  expected: No error: 0
[endptr - nptr]
  got     : 7
  expected: 7
[result]
  real:     -0.250000
  expected: -0.250000

Checking wcstod("     0x1P-2", &tail):
[errno]
  got     : No error: 0
  expected: No error: 0
[endptr - nptr]
  got     : 11
  expected: 11
[result]
  real:     0.250000
  expected: 0.250000

Checking wcstod("     +0x1P-2", &tail):
[errno]
  got     : No error: 0
  expected: No error: 0
[endptr - nptr]
  got     : 12
  expected: 12
[result]
  real:     0.250000
  expected: 0.250000

Checking wcstod("     -0x1P-2", &tail):
[errno]
  got     : No error: 0
  expected: No error: 0
[endptr - nptr]
  got     : 12
  expected: 12
[result]
  real:     -0.250000
  expected: -0.250000

Checking wcstod("0x1.0P-2", &tail):
[errno]
  got     : No error: 0
  expected: No error: 0
[endptr - nptr]
  got     : 8
  expected: 8
[result]
  real:     0.250000
  expected: 0.250000

Checking wcstod("+0x1.0P-2", &tail):
[errno]
  got     : No error: 0
  expected: No error: 0
[endptr - nptr]
  got     : 9
  expected: 9
[result]
  real:     0.250000
  expected: 0.250000

Checking wcstod("-0x1.0P-2", &tail):
[errno]
  got     : No error: 0
  expected: No error: 0
[endptr - nptr]
  got     : 9
  expected: 9
[result]
  real:     -0.250000
  expected: -0.250000

Checking wcstod("     0x1.0P-2", &tail):
[errno]
  got     : No error: 0
  expected: No error: 0
[endptr - nptr]
  got     : 13
  expected: 13
[result]
  real:     0.250000
  expected: 0.250000

Checking wcstod("     +0x1.0P-2", &tail):
[errno]
  got     : No error: 0
  expected: No error: 0
[endptr - nptr]
  got     : 14
  expected: 14
[result]
  real:     0.250000
  expected: 0.250000

Checking wcstod("     -0x1.0P-2", &tail):
[errno]
  got     : No error: 0
  expected: No error: 0
[endptr - nptr]
  got     : 14
  expected: 14
[result]
  real:     -0.250000
  expected: -0.250000

===> lib/libc/locale/wctomb_test:wcrtomb
Result: passed
Duration: 1.372s

Metadata:
    allowed_architectures is empty
    allowed_platforms is empty
    description = Checks wcrtomb(3) (using internal state)
    has_cleanup = false
    required_configs is empty
    required_disk_space = 0
    required_files is empty
    required_memory = 0
    required_programs is empty
    required_user is empty
    timeout = 300

Standard output:
Checking wcrtomb() (using internal state)
Checking sequence: "ABC"
Using locale: C
Ok.

Standard error:
Locale ja_JP.ISO2022-JP not found.
===> lib/libc/locale/wctomb_test:wcrtomb_state
Result: passed
Duration: 1.030s

Metadata:
    allowed_architectures is empty
    allowed_platforms is empty
    description = Checks wcrtomb(3) (using state object)
    has_cleanup = false
    required_configs is empty
    required_disk_space = 0
    required_files is empty
    required_memory = 0
    required_programs is empty
    required_user is empty
    timeout = 300

Standard output:
Checking wcrtomb() (with state object)
Checking sequence: "ABC"
Using locale: C
Ok.

Standard error:
Locale ja_JP.ISO2022-JP not found.
===> lib/libc/locale/wctomb_test:wctomb
Result: passed
Duration: 4.450s

Metadata:
    allowed_architectures is empty
    allowed_platforms is empty
    description = Checks wctomb(3)
    has_cleanup = false
    required_configs is empty
    required_disk_space = 0
    required_files is empty
    required_memory = 0
    required_programs is empty
    required_user is empty
    timeout = 300

Standard output:
Checking wctomb()
Checking sequence: "ABC"
Using locale: C
Ok.

Standard error:
Locale ja_JP.ISO2022-JP not found.
===> lib/libc/net/ether_aton_test:tc_ether_aton
Result: passed
Duration: 0.260s

Metadata:
    allowed_architectures is empty
    allowed_platforms is empty
    description = Check that ether_aton(3) works
    has_cleanup = false
    required_configs is empty
    required_disk_space = 0
    required_files is empty
    required_memory = 0
    required_programs is empty
    required_user is empty
    timeout = 300
===> lib/libc/net/getprotoent_test:endprotoent_rewind
Result: passed
Duration: 0.112s

Metadata:
    allowed_architectures is empty
    allowed_platforms is empty
    description = Check that endprotoent(3) rewinds
    has_cleanup = false
    required_configs is empty
    required_disk_space = 0
    required_files is empty
    required_memory = 0
    required_programs is empty
    required_user is empty
    timeout = 300
===> lib/libc/net/getprotoent_test:getprotobyname_basic
Result: passed
Duration: 0.040s

Metadata:
    allowed_architectures is empty
    allowed_platforms is empty
    description = A naive test of getprotobyname(3)
    has_cleanup = false
    required_configs is empty
    required_disk_space = 0
    required_files is empty
    required_memory = 0
    required_programs is empty
    required_user is empty
    timeout = 300
===> lib/libc/net/getprotoent_test:getprotobyname_err
Result: passed
Duration: 0.044s

Metadata:
    allowed_architectures is empty
    allowed_platforms is empty
    description = Test EOF from getprotobyname(3)
    has_cleanup = false
    required_configs is empty
    required_disk_space = 0
    required_files is empty
    required_memory = 0
    required_programs is empty
    required_user is empty
    timeout = 300
===> lib/libc/net/getprotoent_test:getprotobynumber_basic
Result: passed
Duration: 0.064s

Metadata:
    allowed_architectures is empty
    allowed_platforms is empty
    description = A naive test of getprotobynumber(3)
    has_cleanup = false
    required_configs is empty
    required_disk_space = 0
    required_files is empty
    required_memory = 0
    required_programs is empty
    required_user is empty
    timeout = 300
===> lib/libc/net/getprotoent_test:getprotobynumber_err
Result: passed
Duration: 0.032s

Metadata:
    allowed_architectures is empty
    allowed_platforms is empty
    description = Test EOF from getprotobynumber(3)
    has_cleanup = false
    required_configs is empty
    required_disk_space = 0
    required_files is empty
    required_memory = 0
    required_programs is empty
    required_user is empty
    timeout = 300
===> lib/libc/net/getprotoent_test:getprotoent_next
Result: passed
Duration: 0.078s

Metadata:
    allowed_architectures is empty
    allowed_platforms is empty
    description = getprotoent(3) returns next line?
    has_cleanup = false
    required_configs is empty
    required_disk_space = 0
    required_files is empty
    required_memory = 0
    required_programs is empty
    required_user is empty
    timeout = 300
===> lib/libc/net/getprotoent_test:setprotoent_rewind
Result: passed
Duration: 0.032s

Metadata:
    allowed_architectures is empty
    allowed_platforms is empty
    description = Check that setprotoent(3) rewinds
    has_cleanup = false
    required_configs is empty
    required_disk_space = 0
    required_files is empty
    required_memory = 0
    required_programs is empty
    required_user is empty
    timeout = 300
===> lib/libc/net/nsdispatch_test:recurse
Result: passed
Duration: 0.514s

Metadata:
    allowed_architectures is empty
    allowed_platforms is empty
    description = Checks recursive calls to nsdispatch() within threaded program
    has_cleanup = false
    required_configs is empty
    required_disk_space = 0
    required_files is empty
    required_memory = 0
    required_programs is empty
    required_user is empty
    timeout = 300

Standard output:
Executing command [ /usr/tests/lib/libc/net/h_nsd_recurse ]
===> lib/libc/net/protoent_test:protoent
Result: passed
Duration: 0.218s

Metadata:
    allowed_architectures is empty
    allowed_platforms is empty
    description = Checks {get,set,end}protoent(3)
    has_cleanup = false
    required_configs is empty
    required_disk_space = 0
    required_files is empty
    required_memory = 0
    required_programs is empty
    required_user is empty
    timeout = 300
===> lib/libc/net/servent_test:servent
Result: passed
Duration: 0.808s

Metadata:
    allowed_architectures is empty
    allowed_platforms is empty
    description = Checks {get,set,end}servent(3)
    has_cleanup = false
    required_configs is empty
    required_disk_space = 0
    required_files is empty
    required_memory = 0
    required_programs is empty
    required_user is empty
    timeout = 300
===> lib/libc/regex/exhaust_test:regcomp_too_big
Result: passed
Duration: 0.657s

Metadata:
    allowed_architectures is empty
    allowed_platforms is empty
    description = Check that large patterns don't crash, but return a proper error code
    has_cleanup = false
    required_configs is empty
    required_disk_space = 0
    required_files is empty
    required_memory = 64.00M
    required_programs is empty
    required_user is empty
    timeout = 600
===> lib/libc/regex/regex_att_test:basic
Result: passed
Duration: 0.779s

Metadata:
    allowed_architectures is empty
    allowed_platforms is empty
    description = Tests basic functionality
    has_cleanup = false
    required_configs is empty
    required_disk_space = 0
    required_files is empty
    required_memory = 0
    required_programs is empty
    required_user is empty
    timeout = 300

Standard error:
skipping failed test at line 164 (pattern=a[-]?c, input=ac)
===> lib/libc/regex/regex_att_test:categorization
Result: passed
Duration: 0.402s

Metadata:
    allowed_architectures is empty
    allowed_platforms is empty
    description = Tests implementation categorization
    has_cleanup = false
    required_configs is empty
    required_disk_space = 0
    required_files is empty
    required_memory = 0
    required_programs is empty
    required_user is empty
    timeout = 300

Standard error:
skipping failed test at line 41 (pattern=(a*)*, input=a)
skipping failed test at line 46 (pattern=(aba|a*b)*, input=ababa)
skipping failed test at line 47 (pattern=(aba|a*b)*, input=ababa)
skipping failed test at line 48 (pattern=(aba|a*b)*, input=ababa)
skipping failed test at line 55 (pattern=\(a\(b\)*\)*\2, input=abab)
skipping failed test at line 56 (pattern=\(a\(b\)*\)*\2, input=abab)
===> lib/libc/regex/regex_att_test:forcedassoc
Result: passed
Duration: 0.038s

Metadata:
    allowed_architectures is empty
    allowed_platforms is empty
    description = Tests subexpression grouping to force association
    has_cleanup = false
    required_configs is empty
    required_disk_space = 0
    required_files is empty
    required_memory = 0
    required_programs is empty
    required_user is empty
    timeout = 300

Standard error:
skipping failed test at line 7 (pattern=((a|ab)(c|bcd))(d*), input=abcd)
skipping failed test at line 8 (pattern=((a|ab)(bcd|c))(d*), input=abcd)
skipping failed test at line 9 (pattern=((ab|a)(c|bcd))(d*), input=abcd)
skipping failed test at line 10 (pattern=((ab|a)(bcd|c))(d*), input=abcd)
skipping failed test at line 17 (pattern=((a*)(b|abc))(c*), input=abc)
skipping failed test at line 18 (pattern=((a*)(abc|b))(c*), input=abc)
skipping failed test at line 23 (pattern=((a*)(b|abc))(c*), input=abc)
skipping failed test at line 24 (pattern=((a*)(abc|b))(c*), input=abc)
===> lib/libc/regex/regex_att_test:leftassoc
Result: expected_failure: The expected and matched groups are mismatched on FreeBSD: 12 checks failed as expected; see output for more details
Duration: 0.072s

Metadata:
    allowed_architectures is empty
    allowed_platforms is empty
    description = Tests left-associative implementations
    has_cleanup = false
    required_configs is empty
    required_disk_space = 0
    required_files is empty
    required_memory = 0
    required_programs is empty
    required_user is empty
    timeout = 300

Standard error:
*** Expected check failure: The expected and matched groups are mismatched on FreeBSD: /builds/FreeBSD_HEAD/contrib/netbsd-tests/lib/libc/regex/t_regex_att.c:381: res != matches ((0,4)(0,2)(2,3)(3,4) != (0,4)(0,1)(1,4)(4,4)):  at line 3
*** Expected check failure: The expected and matched groups are mismatched on FreeBSD: /builds/FreeBSD_HEAD/contrib/netbsd-tests/lib/libc/regex/t_regex_att.c:381: res != matches ((0,4)(0,2)(2,3)(3,4) != (0,4)(0,1)(1,4)(4,4)):  at line 4
*** Expected check failure: The expected and matched groups are mismatched on FreeBSD: /builds/FreeBSD_HEAD/contrib/netbsd-tests/lib/libc/regex/t_regex_att.c:381: res != matches ((0,4)(0,2)(2,3)(3,4) != (0,4)(0,1)(1,4)(4,4)):  at line 5
*** Expected check failure: The expected and matched groups are mismatched on FreeBSD: /builds/FreeBSD_HEAD/contrib/netbsd-tests/lib/libc/regex/t_regex_att.c:381: res != matches ((0,4)(0,2)(2,3)(3,4) != (0,4)(0,1)(1,4)(4,4)):  at line 6
*** Expected check failure: The expected and matched groups are mismatched on FreeBSD: /builds/FreeBSD_HEAD/contrib/netbsd-tests/lib/libc/regex/t_regex_att.c:381: res != matches ((0,3)(0,1)(1,2)(2,3) != (0,3)(0,0)(0,3)(3,3)):  at line 8
*** Expected check failure: The expected and matched groups are mismatched on FreeBSD: /builds/FreeBSD_HEAD/contrib/netbsd-tests/lib/libc/regex/t_regex_att.c:381: res != matches ((0,3)(0,1)(1,2)(2,3) != (0,3)(0,0)(0,3)(3,3)):  at line 9
*** Expected check failure: The expected and matched groups are mismatched on FreeBSD: /builds/FreeBSD_HEAD/contrib/netbsd-tests/lib/libc/regex/t_regex_att.c:381: res != matches ((0,3)(0,1)(1,2)(2,3) != (0,3)(0,0)(0,3)(3,3)):  at line 10
*** Expected check failure: The expected and matched groups are mismatched on FreeBSD: /builds/FreeBSD_HEAD/contrib/netbsd-tests/lib/libc/regex/t_regex_att.c:381: res != matches ((0,3)(0,1)(1,2)(2,3) != (0,3)(0,0)(0,3)(3,3)):  at line 11
*** Expected check failure: The expected and matched groups are mismatched on FreeBSD: /builds/FreeBSD_HEAD/contrib/netbsd-tests/lib/libc/regex/t_regex_att.c:381: res != matches ((0,4)(0,2)(2,3)(3,4) != (0,4)(0,1)(1,4)(4,4)):  at line 13
*** Expected check failure: The expected and matched groups are mismatched on FreeBSD: /builds/FreeBSD_HEAD/contrib/netbsd-tests/lib/libc/regex/t_regex_att.c:381: res != matches ((0,4)(0,2)(2,3)(3,4) != (0,4)(0,1)(1,4)(4,4)):  at line 14
*** Expected check failure: The expected and matched groups are mismatched on FreeBSD: /builds/FreeBSD_HEAD/contrib/netbsd-tests/lib/libc/regex/t_regex_att.c:381: res != matches ((0,4)(0,2)(2,3)(3,4) != (0,4)(0,1)(1,4)(4,4)):  at line 15
*** Expected check failure: The expected and matched groups are mismatched on FreeBSD: /builds/FreeBSD_HEAD/contrib/netbsd-tests/lib/libc/regex/t_regex_att.c:381: res != matches ((0,4)(0,2)(2,3)(3,4) != (0,4)(0,1)(1,4)(4,4)):  at line 16
===> lib/libc/regex/regex_att_test:nullsubexpr
Result: passed
Duration: 0.071s

Metadata:
    allowed_architectures is empty
    allowed_platforms is empty
    description = Tests (...)*
    has_cleanup = false
    required_configs is empty
    required_disk_space = 0
    required_files is empty
    required_memory = 0
    required_programs is empty
    required_user is empty
    timeout = 300

Standard error:
skipping failed test at line 3 (pattern=(a*)*, input=a)
skipping failed test at line 5 (pattern=(a*)*, input=aaaaaa)
skipping failed test at line 6 (pattern=(a*)*, input=aaaaaax)
skipping failed test at line 7 (pattern=(a*)+, input=a)
skipping failed test at line 9 (pattern=(a*)+, input=aaaaaa)
skipping failed test at line 10 (pattern=(a*)+, input=aaaaaax)
skipping failed test at line 20 (pattern=([a]*)*, input=a)
skipping failed test at line 22 (pattern=([a]*)*, input=aaaaaa)
skipping failed test at line 23 (pattern=([a]*)*, input=aaaaaax)
skipping failed test at line 24 (pattern=([a]*)+, input=a)
skipping failed test at line 26 (pattern=([a]*)+, input=aaaaaa)
skipping failed test at line 27 (pattern=([a]*)+, input=aaaaaax)
skipping failed test at line 28 (pattern=([^b]*)*, input=a)
skipping failed test at line 30 (pattern=([^b]*)*, input=aaaaaa)
skipping failed test at line 31 (pattern=([^b]*)*, input=aaaaaab)
skipping failed test at line 32 (pattern=([ab]*)*, input=a)
skipping failed test at line 33 (pattern=([ab]*)*, input=aaaaaa)
skipping failed test at line 34 (pattern=([ab]*)*, input=ababab)
skipping failed test at line 35 (pattern=([ab]*)*, input=bababa)
skipping failed test at line 36 (pattern=([ab]*)*, input=b)
skipping failed test at line 37 (pattern=([ab]*)*, input=bbbbbb)
skipping failed test at line 38 (pattern=([ab]*)*, input=aaaabcde)
skipping failed test at line 39 (pattern=([^a]*)*, input=b)
skipping failed test at line 40 (pattern=([^a]*)*, input=bbbbbb)
skipping failed test at line 42 (pattern=([^ab]*)*, input=ccccxx)
skipping unsupported [no *? +? mimimal match ops] tests
skipping failed test at line 55 (pattern=\(a*\)*\(x\), input=ax)
skipping failed test at line 56 (pattern=\(a*\)*\(x\), input=axa)
skipping failed test at line 57 (pattern=\(a*\)*\(x\)\(\1\), input=x)
skipping failed test at line 58 (pattern=\(a*\)*\(x\)\(\1\), input=ax)
skipping failed test at line 61 (pattern=\(a*\)*\(x\)\(\1\)\(x\), input=axxa)
skipping failed test at line 64 (pattern=(a*)*(x), input=ax)
skipping failed test at line 65 (pattern=(a*)*(x), input=axa)
skipping failed test at line 68 (pattern=(a*)+(x), input=ax)
skipping failed test at line 69 (pattern=(a*)+(x), input=axa)
===> lib/libc/regex/regex_att_test:repetition
Result: passed
Duration: 0.046s

Metadata:
    allowed_architectures is empty
    allowed_platforms is empty
    description = Tests implicit vs. explicit repetition
    has_cleanup = false
    required_configs is empty
    required_disk_space = 0
    required_files is empty
    required_memory = 0
    required_programs is empty
    required_user is empty
    timeout = 300

Standard error:
skipping failed test at line 45 (pattern=((..)|(.)){2}, input=aaa)
skipping failed test at line 46 (pattern=((..)|(.)){3}, input=aaa)
skipping failed test at line 56 (pattern=((..)|(.)){3}, input=aaaa)
skipping failed test at line 66 (pattern=((..)|(.)){3}, input=aaaaa)
skipping failed test at line 85 (pattern=X(.?){0,}Y, input=X1234567Y)
skipping failed test at line 86 (pattern=X(.?){1,}Y, input=X1234567Y)
skipping failed test at line 87 (pattern=X(.?){2,}Y, input=X1234567Y)
skipping failed test at line 88 (pattern=X(.?){3,}Y, input=X1234567Y)
skipping failed test at line 89 (pattern=X(.?){4,}Y, input=X1234567Y)
skipping failed test at line 90 (pattern=X(.?){5,}Y, input=X1234567Y)
skipping failed test at line 91 (pattern=X(.?){6,}Y, input=X1234567Y)
skipping failed test at line 92 (pattern=X(.?){7,}Y, input=X1234567Y)
skipping failed test at line 94 (pattern=X(.?){0,8}Y, input=X1234567Y)
skipping failed test at line 95 (pattern=X(.?){1,8}Y, input=X1234567Y)
skipping failed test at line 96 (pattern=X(.?){2,8}Y, input=X1234567Y)
skipping failed test at line 97 (pattern=X(.?){3,8}Y, input=X1234567Y)
skipping failed test at line 98 (pattern=X(.?){4,8}Y, input=X1234567Y)
skipping failed test at line 99 (pattern=X(.?){5,8}Y, input=X1234567Y)
skipping failed test at line 100 (pattern=X(.?){6,8}Y, input=X1234567Y)
skipping failed test at line 101 (pattern=X(.?){7,8}Y, input=X1234567Y)
skipping failed test at line 113 (pattern=(a|ab|c|bcd){0,}(d*), input=ababcd)
skipping failed test at line 114 (pattern=(a|ab|c|bcd){1,}(d*), input=ababcd)
skipping failed test at line 115 (pattern=(a|ab|c|bcd){2,}(d*), input=ababcd)
skipping failed test at line 116 (pattern=(a|ab|c|bcd){3,}(d*), input=ababcd)
skipping failed test at line 119 (pattern=(a|ab|c|bcd){1,10}(d*), input=ababcd)
skipping failed test at line 120 (pattern=(a|ab|c|bcd){2,10}(d*), input=ababcd)
skipping failed test at line 121 (pattern=(a|ab|c|bcd){3,10}(d*), input=ababcd)
skipping failed test at line 123 (pattern=(a|ab|c|bcd)*(d*), input=ababcd)
skipping failed test at line 124 (pattern=(a|ab|c|bcd)+(d*), input=ababcd)
skipping failed test at line 129 (pattern=(ab|a|c|bcd){0,}(d*), input=ababcd)
skipping failed test at line 130 (pattern=(ab|a|c|bcd){1,}(d*), input=ababcd)
skipping failed test at line 131 (pattern=(ab|a|c|bcd){2,}(d*), input=ababcd)
skipping failed test at line 132 (pattern=(ab|a|c|bcd){3,}(d*), input=ababcd)
skipping failed test at line 135 (pattern=(ab|a|c|bcd){1,10}(d*), input=ababcd)
skipping failed test at line 136 (pattern=(ab|a|c|bcd){2,10}(d*), input=ababcd)
skipping failed test at line 137 (pattern=(ab|a|c|bcd){3,10}(d*), input=ababcd)
skipping failed test at line 139 (pattern=(ab|a|c|bcd)*(d*), input=ababcd)
skipping failed test at line 140 (pattern=(ab|a|c|bcd)+(d*), input=ababcd)
===> lib/libc/regex/regex_att_test:rightassoc
Result: passed
Duration: 0.119s

Metadata:
    allowed_architectures is empty
    allowed_platforms is empty
    description = Tests right-associative implementations
    has_cleanup = false
    required_configs is empty
    required_disk_space = 0
    required_files is empty
    required_memory = 0
    required_programs is empty
    required_user is empty
    timeout = 300
===> lib/libc/regex/regex_test:anchor
Result: passed
Duration: 0.154s

Metadata:
    allowed_architectures is empty
    allowed_platforms is empty
    description = Checks anchors and REG_NEWLINE
    has_cleanup = false
    required_configs is empty
    required_disk_space = 0
    required_files is empty
    required_memory = 0
    required_programs is empty
    required_user is empty
    timeout = 300

Standard output:
Executing command [ /bin/sh -c /usr/tests/lib/libc/regex/h_regex </usr/tests/lib/libc/regex/data/anchor.in ]
Executing command [ /bin/sh -c /usr/tests/lib/libc/regex/h_regex -el </usr/tests/lib/libc/regex/data/anchor.in ]
Executing command [ /bin/sh -c /usr/tests/lib/libc/regex/h_regex -er </usr/tests/lib/libc/regex/data/anchor.in ]
===> lib/libc/regex/regex_test:backref
Result: passed
Duration: 0.122s

Metadata:
    allowed_architectures is empty
    allowed_platforms is empty
    description = Checks back references
    has_cleanup = false
    required_configs is empty
    required_disk_space = 0
    required_files is empty
    required_memory = 0
    required_programs is empty
    required_user is empty
    timeout = 300

Standard output:
Executing command [ /bin/sh -c /usr/tests/lib/libc/regex/h_regex </usr/tests/lib/libc/regex/data/backref.in ]
Executing command [ /bin/sh -c /usr/tests/lib/libc/regex/h_regex -el </usr/tests/lib/libc/regex/data/backref.in ]
Executing command [ /bin/sh -c /usr/tests/lib/libc/regex/h_regex -er </usr/tests/lib/libc/regex/data/backref.in ]
===> lib/libc/regex/regex_test:basic
Result: passed
Duration: 11.371s

Metadata:
    allowed_architectures is empty
    allowed_platforms is empty
    description = Checks basic functionality
    has_cleanup = false
    required_configs is empty
    required_disk_space = 0
    required_files is empty
    required_memory = 0
    required_programs is empty
    required_user is empty
    timeout = 300

Standard output:
Executing command [ /bin/sh -c /usr/tests/lib/libc/regex/h_regex </usr/tests/lib/libc/regex/data/basic.in ]
Executing command [ /bin/sh -c /usr/tests/lib/libc/regex/h_regex -el </usr/tests/lib/libc/regex/data/basic.in ]
Executing command [ /bin/sh -c /usr/tests/lib/libc/regex/h_regex -er </usr/tests/lib/libc/regex/data/basic.in ]
===> lib/libc/regex/regex_test:bracket
Result: passed
Duration: 0.748s

Metadata:
    allowed_architectures is empty
    allowed_platforms is empty
    description = Checks brackets
    has_cleanup = false
    required_configs is empty
    required_disk_space = 0
    required_files is empty
    required_memory = 0
    required_programs is empty
    required_user is empty
    timeout = 300

Standard output:
Executing command [ /bin/sh -c /usr/tests/lib/libc/regex/h_regex </usr/tests/lib/libc/regex/data/bracket.in ]
Executing command [ /bin/sh -c /usr/tests/lib/libc/regex/h_regex -el </usr/tests/lib/libc/regex/data/bracket.in ]
Executing command [ /bin/sh -c /usr/tests/lib/libc/regex/h_regex -er </usr/tests/lib/libc/regex/data/bracket.in ]
===> lib/libc/regex/regex_test:c_comments
Result: passed
Duration: 0.411s

Metadata:
    allowed_architectures is empty
    allowed_platforms is empty
    description = Checks matching C comments
    has_cleanup = false
    required_configs is empty
    required_disk_space = 0
    required_files is empty
    required_memory = 0
    required_programs is empty
    required_user is empty
    timeout = 300

Standard output:
Executing command [ /bin/sh -c /usr/tests/lib/libc/regex/h_regex </usr/tests/lib/libc/regex/data/c_comments.in ]
Executing command [ /bin/sh -c /usr/tests/lib/libc/regex/h_regex -el </usr/tests/lib/libc/regex/data/c_comments.in ]
Executing command [ /bin/sh -c /usr/tests/lib/libc/regex/h_regex -er </usr/tests/lib/libc/regex/data/c_comments.in ]
===> lib/libc/regex/regex_test:complex
Result: passed
Duration: 1.325s

Metadata:
    allowed_architectures is empty
    allowed_platforms is empty
    description = Checks various complex examples
    has_cleanup = false
    required_configs is empty
    required_disk_space = 0
    required_files is empty
    required_memory = 0
    required_programs is empty
    required_user is empty
    timeout = 300

Standard output:
Executing command [ /bin/sh -c /usr/tests/lib/libc/regex/h_regex </usr/tests/lib/libc/regex/data/complex.in ]
Executing command [ /bin/sh -c /usr/tests/lib/libc/regex/h_regex -el </usr/tests/lib/libc/regex/data/complex.in ]
Executing command [ /bin/sh -c /usr/tests/lib/libc/regex/h_regex -er </usr/tests/lib/libc/regex/data/complex.in ]
===> lib/libc/regex/regex_test:error
Result: passed
Duration: 0.552s

Metadata:
    allowed_architectures is empty
    allowed_platforms is empty
    description = Checks syntax errors and non-errors
    has_cleanup = false
    required_configs is empty
    required_disk_space = 0
    required_files is empty
    required_memory = 0
    required_programs is empty
    required_user is empty
    timeout = 300

Standard output:
Executing command [ /bin/sh -c /usr/tests/lib/libc/regex/h_regex </usr/tests/lib/libc/regex/data/error.in ]
Executing command [ /bin/sh -c /usr/tests/lib/libc/regex/h_regex -el </usr/tests/lib/libc/regex/data/error.in ]
Executing command [ /bin/sh -c /usr/tests/lib/libc/regex/h_regex -er </usr/tests/lib/libc/regex/data/error.in ]
===> lib/libc/regex/regex_test:meta
Result: passed
Duration: 0.083s

Metadata:
    allowed_architectures is empty
    allowed_platforms is empty
    description = Checks metacharacters and backslashes
    has_cleanup = false
    required_configs is empty
    required_disk_space = 0
    required_files is empty
    required_memory = 0
    required_programs is empty
    required_user is empty
    timeout = 300

Standard output:
Executing command [ /bin/sh -c /usr/tests/lib/libc/regex/h_regex </usr/tests/lib/libc/regex/data/meta.in ]
Executing command [ /bin/sh -c /usr/tests/lib/libc/regex/h_regex -el </usr/tests/lib/libc/regex/data/meta.in ]
Executing command [ /bin/sh -c /usr/tests/lib/libc/regex/h_regex -er </usr/tests/lib/libc/regex/data/meta.in ]
===> lib/libc/regex/regex_test:nospec
Result: passed
Duration: 0.078s

Metadata:
    allowed_architectures is empty
    allowed_platforms is empty
    description = Checks NOSPEC option
    has_cleanup = false
    required_configs is empty
    required_disk_space = 0
    required_files is empty
    required_memory = 0
    required_programs is empty
    required_user is empty
    timeout = 300

Standard output:
Executing command [ /bin/sh -c /usr/tests/lib/libc/regex/h_regex </usr/tests/lib/libc/regex/data/nospec.in ]
Executing command [ /bin/sh -c /usr/tests/lib/libc/regex/h_regex -el </usr/tests/lib/libc/regex/data/nospec.in ]
Executing command [ /bin/sh -c /usr/tests/lib/libc/regex/h_regex -er </usr/tests/lib/libc/regex/data/nospec.in ]
===> lib/libc/regex/regex_test:paren
Result: passed
Duration: 0.077s

Metadata:
    allowed_architectures is empty
    allowed_platforms is empty
    description = Checks parentheses
    has_cleanup = false
    required_configs is empty
    required_disk_space = 0
    required_files is empty
    required_memory = 0
    required_programs is empty
    required_user is empty
    timeout = 300

Standard output:
Executing command [ /bin/sh -c /usr/tests/lib/libc/regex/h_regex </usr/tests/lib/libc/regex/data/paren.in ]
Executing command [ /bin/sh -c /usr/tests/lib/libc/regex/h_regex -el </usr/tests/lib/libc/regex/data/paren.in ]
Executing command [ /bin/sh -c /usr/tests/lib/libc/regex/h_regex -er </usr/tests/lib/libc/regex/data/paren.in ]
===> lib/libc/regex/regex_test:regress
Result: passed
Duration: 0.083s

Metadata:
    allowed_architectures is empty
    allowed_platforms is empty
    description = Checks various past problems and suspected problems
    has_cleanup = false
    required_configs is empty
    required_disk_space = 0
    required_files is empty
    required_memory = 0
    required_programs is empty
    required_user is empty
    timeout = 300

Standard output:
Executing command [ /bin/sh -c /usr/tests/lib/libc/regex/h_regex </usr/tests/lib/libc/regex/data/regress.in ]
Executing command [ /bin/sh -c /usr/tests/lib/libc/regex/h_regex -el </usr/tests/lib/libc/regex/data/regress.in ]
Executing command [ /bin/sh -c /usr/tests/lib/libc/regex/h_regex -er </usr/tests/lib/libc/regex/data/regress.in ]
===> lib/libc/regex/regex_test:repet_bounded
Result: passed
Duration: 0.097s

Metadata:
    allowed_architectures is empty
    allowed_platforms is empty
    description = Checks bounded repetitions
    has_cleanup = false
    required_configs is empty
    required_disk_space = 0
    required_files is empty
    required_memory = 0
    required_programs is empty
    required_user is empty
    timeout = 300

Standard output:
Executing command [ /bin/sh -c /usr/tests/lib/libc/regex/h_regex </usr/tests/lib/libc/regex/data/repet_bounded.in ]
Executing command [ /bin/sh -c /usr/tests/lib/libc/regex/h_regex -el </usr/tests/lib/libc/regex/data/repet_bounded.in ]
Executing command [ /bin/sh -c /usr/tests/lib/libc/regex/h_regex -er </usr/tests/lib/libc/regex/data/repet_bounded.in ]
===> lib/libc/regex/regex_test:repet_multi
Result: passed
Duration: 0.090s

Metadata:
    allowed_architectures is empty
    allowed_platforms is empty
    description = Checks multiple repetitions
    has_cleanup = false
    required_configs is empty
    required_disk_space = 0
    required_files is empty
    required_memory = 0
    required_programs is empty
    required_user is empty
    timeout = 300

Standard output:
Executing command [ /bin/sh -c /usr/tests/lib/libc/regex/h_regex </usr/tests/lib/libc/regex/data/repet_multi.in ]
Executing command [ /bin/sh -c /usr/tests/lib/libc/regex/h_regex -el </usr/tests/lib/libc/regex/data/repet_multi.in ]
Executing command [ /bin/sh -c /usr/tests/lib/libc/regex/h_regex -er </usr/tests/lib/libc/regex/data/repet_multi.in ]
===> lib/libc/regex/regex_test:repet_ordinary
Result: passed
Duration: 1.708s

Metadata:
    allowed_architectures is empty
    allowed_platforms is empty
    description = Checks ordinary repetitions
    has_cleanup = false
    required_configs is empty
    required_disk_space = 0
    required_files is empty
    required_memory = 0
    required_programs is empty
    required_user is empty
    timeout = 300

Standard output:
Executing command [ /bin/sh -c /usr/tests/lib/libc/regex/h_regex </usr/tests/lib/libc/regex/data/repet_ordinary.in ]
Executing command [ /bin/sh -c /usr/tests/lib/libc/regex/h_regex -el </usr/tests/lib/libc/regex/data/repet_ordinary.in ]
Executing command [ /bin/sh -c /usr/tests/lib/libc/regex/h_regex -er </usr/tests/lib/libc/regex/data/repet_ordinary.in ]
===> lib/libc/regex/regex_test:startend
Result: passed
Duration: 0.715s

Metadata:
    allowed_architectures is empty
    allowed_platforms is empty
    description = Checks STARTEND option
    has_cleanup = false
    required_configs is empty
    required_disk_space = 0
    required_files is empty
    required_memory = 0
    required_programs is empty
    required_user is empty
    timeout = 300

Standard output:
Executing command [ /bin/sh -c /usr/tests/lib/libc/regex/h_regex </usr/tests/lib/libc/regex/data/startend.in ]
Executing command [ /bin/sh -c /usr/tests/lib/libc/regex/h_regex -el </usr/tests/lib/libc/regex/data/startend.in ]
Executing command [ /bin/sh -c /usr/tests/lib/libc/regex/h_regex -er </usr/tests/lib/libc/regex/data/startend.in ]
===> lib/libc/regex/regex_test:subexp
Result: passed
Duration: 0.316s

Metadata:
    allowed_architectures is empty
    allowed_platforms is empty
    description = Checks subexpressions
    has_cleanup = false
    required_configs is empty
    required_disk_space = 0
    required_files is empty
    required_memory = 0
    required_programs is empty
    required_user is empty
    timeout = 300

Standard output:
Executing command [ /bin/sh -c /usr/tests/lib/libc/regex/h_regex </usr/tests/lib/libc/regex/data/subexp.in ]
Executing command [ /bin/sh -c /usr/tests/lib/libc/regex/h_regex -el </usr/tests/lib/libc/regex/data/subexp.in ]
Executing command [ /bin/sh -c /usr/tests/lib/libc/regex/h_regex -er </usr/tests/lib/libc/regex/data/subexp.in ]
===> lib/libc/regex/regex_test:subtle
Result: passed
Duration: 0.084s

Metadata:
    allowed_architectures is empty
    allowed_platforms is empty
    description = Checks various subtle examples
    has_cleanup = false
    required_configs is empty
    required_disk_space = 0
    required_files is empty
    required_memory = 0
    required_programs is empty
    required_user is empty
    timeout = 300

Standard output:
Executing command [ /bin/sh -c /usr/tests/lib/libc/regex/h_regex </usr/tests/lib/libc/regex/data/subtle.in ]
Executing command [ /bin/sh -c /usr/tests/lib/libc/regex/h_regex -el </usr/tests/lib/libc/regex/data/subtle.in ]
Executing command [ /bin/sh -c /usr/tests/lib/libc/regex/h_regex -er </usr/tests/lib/libc/regex/data/subtle.in ]
===> lib/libc/regex/regex_test:word_bound
Result: passed
Duration: 0.103s

Metadata:
    allowed_architectures is empty
    allowed_platforms is empty
    description = Checks word boundaries
    has_cleanup = false
    required_configs is empty
    required_disk_space = 0
    required_files is empty
    required_memory = 0
    required_programs is empty
    required_user is empty
    timeout = 300

Standard output:
Executing command [ /bin/sh -c /usr/tests/lib/libc/regex/h_regex </usr/tests/lib/libc/regex/data/word_bound.in ]
Executing command [ /bin/sh -c /usr/tests/lib/libc/regex/h_regex -el </usr/tests/lib/libc/regex/data/word_bound.in ]
Executing command [ /bin/sh -c /usr/tests/lib/libc/regex/h_regex -er </usr/tests/lib/libc/regex/data/word_bound.in ]
===> lib/libc/regex/regex_test:zero
Result: passed
Duration: 0.079s

Metadata:
    allowed_architectures is empty
    allowed_platforms is empty
    description = Checks NULs
    has_cleanup = false
    required_configs is empty
    required_disk_space = 0
    required_files is empty
    required_memory = 0
    required_programs is empty
    required_user is empty
    timeout = 300

Standard output:
Executing command [ /bin/sh -c /usr/tests/lib/libc/regex/h_regex </usr/tests/lib/libc/regex/data/zero.in ]
Executing command [ /bin/sh -c /usr/tests/lib/libc/regex/h_regex -el </usr/tests/lib/libc/regex/data/zero.in ]
Executing command [ /bin/sh -c /usr/tests/lib/libc/regex/h_regex -er </usr/tests/lib/libc/regex/data/zero.in ]
===> lib/libc/ssp/ssp_test:fgets
Result: passed
Duration: 96.651s

Metadata:
    allowed_architectures is empty
    allowed_platforms is empty
    description = Checks fgets(3)
    has_cleanup = false
    required_configs is empty
    required_disk_space = 0
    required_files is empty
    required_memory = 0
    required_programs is empty
    required_user is empty
    timeout = 300

Standard output:
Executing command [ echo ok |/usr/tests/lib/libc/ssp/h_fgets 10 ]
Executing command [ /usr/tests/lib/libc/ssp/h_fgets 10 ]
Executing command [ echo 0123456789abc |/usr/tests/lib/libc/ssp/h_fgets 13 ]
Executing command [ /usr/tests/lib/libc/ssp/h_fgets 13 ]
===> lib/libc/ssp/ssp_test:getcwd
Result: passed
Duration: 2.184s

Metadata:
    allowed_architectures is empty
    allowed_platforms is empty
    description = Checks getcwd(3)
    has_cleanup = false
    required_configs is empty
    required_disk_space = 0
    required_files is empty
    required_memory = 0
    required_programs is empty
    required_user is empty
    timeout = 300

Standard output:
Executing command [ /usr/tests/lib/libc/ssp/h_getcwd 1024 ]
Executing command [ /usr/tests/lib/libc/ssp/h_getcwd 1024 ]
===> lib/libc/ssp/ssp_test:gets
Result: passed
Duration: 7.177s

Metadata:
    allowed_architectures is empty
    allowed_platforms is empty
    description = Checks gets(3)
    has_cleanup = false
    required_configs is empty
    required_disk_space = 0
    required_files is empty
    required_memory = 0
    required_programs is empty
    required_user is empty
    timeout = 300

Standard output:
Executing command [ echo ok |/usr/tests/lib/libc/ssp/h_gets ]
Executing command [ /usr/tests/lib/libc/ssp/h_gets ]
Executing command [ echo 0123456789ab |/usr/tests/lib/libc/ssp/h_gets ]
Executing command [ /usr/tests/lib/libc/ssp/h_gets ]
===> lib/libc/ssp/ssp_test:memcpy
Result: passed
Duration: 8.811s

Metadata:
    allowed_architectures is empty
    allowed_platforms is empty
    description = Checks memcpy(3)
    has_cleanup = false
    required_configs is empty
    required_disk_space = 0
    required_files is empty
    required_memory = 0
    required_programs is empty
    required_user is empty
    timeout = 300

Standard output:
Executing command [ /usr/tests/lib/libc/ssp/h_memcpy 10 ]
Executing command [ /usr/tests/lib/libc/ssp/h_memcpy 10 ]
Executing command [ /usr/tests/lib/libc/ssp/h_memcpy 13 ]
Executing command [ /usr/tests/lib/libc/ssp/h_memcpy 13 ]
===> lib/libc/ssp/ssp_test:memmove
Result: passed
Duration: 7.418s

Metadata:
    allowed_architectures is empty
    allowed_platforms is empty
    description = Checks memmove(3)
    has_cleanup = false
    required_configs is empty
    required_disk_space = 0
    required_files is empty
    required_memory = 0
    required_programs is empty
    required_user is empty
    timeout = 300

Standard output:
Executing command [ /usr/tests/lib/libc/ssp/h_memmove 10 ]
Executing command [ /usr/tests/lib/libc/ssp/h_memmove 10 ]
Executing command [ /usr/tests/lib/libc/ssp/h_memmove 13 ]
Executing command [ /usr/tests/lib/libc/ssp/h_memmove 13 ]
===> lib/libc/ssp/ssp_test:memset
Result: passed
Duration: 48.259s

Metadata:
    allowed_architectures is empty
    allowed_platforms is empty
    description = Checks memset(3)
    has_cleanup = false
    required_configs is empty
    required_disk_space = 0
    required_files is empty
    required_memory = 0
    required_programs is empty
    required_user is empty
    timeout = 300

Standard output:
Executing command [ /usr/tests/lib/libc/ssp/h_memset 10 ]
Executing command [ /usr/tests/lib/libc/ssp/h_memset 10 ]
Executing command [ /usr/tests/lib/libc/ssp/h_memset 13 ]
Executing command [ /usr/tests/lib/libc/ssp/h_memset 13 ]
===> lib/libc/ssp/ssp_test:raw
Result: skipped: /usr/tests/lib/libc/ssp/h_raw is missing; skipping testcase
Duration: 0.446s

Metadata:
    allowed_architectures is empty
    allowed_platforms is empty
    description = Checks raw array overflow
    has_cleanup = false
    required_configs is empty
    required_disk_space = 0
    required_files is empty
    required_memory = 0
    required_programs is empty
    required_user is empty
    timeout = 300
===> lib/libc/ssp/ssp_test:read
Result: passed
Duration: 3.571s

Metadata:
    allowed_architectures is empty
    allowed_platforms is empty
    description = Checks read(2)
    has_cleanup = false
    required_configs is empty
    required_disk_space = 0
    required_files is empty
    required_memory = 0
    required_programs is empty
    required_user is empty
    timeout = 300

Standard output:
Executing command [ echo foo |/usr/tests/lib/libc/ssp/h_read 1024 ]
Executing command [ /usr/tests/lib/libc/ssp/h_read 1024 ]
Executing command [ echo bar |/usr/tests/lib/libc/ssp/h_read 1027 ]
Executing command [ /usr/tests/lib/libc/ssp/h_read 1027 ]
===> lib/libc/ssp/ssp_test:readlink
Result: passed
Duration: 2.916s

Metadata:
    allowed_architectures is empty
    allowed_platforms is empty
    description = Checks readlink(2)
    has_cleanup = false
    required_configs is empty
    required_disk_space = 0
    required_files is empty
    required_memory = 0
    required_programs is empty
    required_user is empty
    timeout = 300

Standard output:
Executing command [ /usr/tests/lib/libc/ssp/h_readlink 512 ]
Executing command [ /usr/tests/lib/libc/ssp/h_readlink 512 ]
Executing command [ /usr/tests/lib/libc/ssp/h_readlink 523 ]
Executing command [ /usr/tests/lib/libc/ssp/h_readlink 523 ]
===> lib/libc/ssp/ssp_test:snprintf
Result: passed
Duration: 4.167s

Metadata:
    allowed_architectures is empty
    allowed_platforms is empty
    description = Checks snprintf(3)
    has_cleanup = false
    required_configs is empty
    required_disk_space = 0
    required_files is empty
    required_memory = 0
    required_programs is empty
    required_user is empty
    timeout = 300

Standard output:
Executing command [ /usr/tests/lib/libc/ssp/h_snprintf 10 ]
Executing command [ /usr/tests/lib/libc/ssp/h_snprintf 10 ]
Executing command [ /usr/tests/lib/libc/ssp/h_snprintf 13 ]
Executing command [ /usr/tests/lib/libc/ssp/h_snprintf 13 ]
===> lib/libc/ssp/ssp_test:sprintf
Result: passed
Duration: 4.909s

Metadata:
    allowed_architectures is empty
    allowed_platforms is empty
    description = Checks sprintf(3)
    has_cleanup = false
    required_configs is empty
    required_disk_space = 0
    required_files is empty
    required_memory = 0
    required_programs is empty
    required_user is empty
    timeout = 300

Standard output:
Executing command [ /usr/tests/lib/libc/ssp/h_sprintf ok ]
Executing command [ /usr/tests/lib/libc/ssp/h_sprintf ok ]
Executing command [ /usr/tests/lib/libc/ssp/h_sprintf 0123456789ab ]
Executing command [ /usr/tests/lib/libc/ssp/h_sprintf 0123456789ab ]
===> lib/libc/ssp/ssp_test:stpcpy
Result: passed
Duration: 4.942s

Metadata:
    allowed_architectures is empty
    allowed_platforms is empty
    description = Checks stpcpy(3)
    has_cleanup = false
    required_configs is empty
    required_disk_space = 0
    required_files is empty
    required_memory = 0
    required_programs is empty
    required_user is empty
    timeout = 300

Standard output:
Executing command [ /usr/tests/lib/libc/ssp/h_stpcpy 0123456 ]
Executing command [ /usr/tests/lib/libc/ssp/h_stpcpy 0123456 ]
Executing command [ /usr/tests/lib/libc/ssp/h_stpcpy 0123456789ab ]
Executing command [ /usr/tests/lib/libc/ssp/h_stpcpy 0123456789ab ]
===> lib/libc/ssp/ssp_test:stpncpy
Result: passed
Duration: 5.656s

Metadata:
    allowed_architectures is empty
    allowed_platforms is empty
    description = Checks stpncpy(3)
    has_cleanup = false
    required_configs is empty
    required_disk_space = 0
    required_files is empty
    required_memory = 0
    required_programs is empty
    required_user is empty
    timeout = 300

Standard output:
Executing command [ /usr/tests/lib/libc/ssp/h_stpncpy 10 ]
Executing command [ /usr/tests/lib/libc/ssp/h_stpncpy 10 ]
Executing command [ /usr/tests/lib/libc/ssp/h_stpncpy 13 ]
Executing command [ /usr/tests/lib/libc/ssp/h_stpncpy 13 ]
===> lib/libc/ssp/ssp_test:strcat
Result: passed
Duration: 2.374s

Metadata:
    allowed_architectures is empty
    allowed_platforms is empty
    description = Checks strcat(3)
    has_cleanup = false
    required_configs is empty
    required_disk_space = 0
    required_files is empty
    required_memory = 0
    required_programs is empty
    required_user is empty
    timeout = 300

Standard output:
Executing command [ /usr/tests/lib/libc/ssp/h_strcat 0123456 ]
Executing command [ /usr/tests/lib/libc/ssp/h_strcat 0123456 ]
Executing command [ /usr/tests/lib/libc/ssp/h_strcat 0123456789ABCDEF ]
Executing command [ /usr/tests/lib/libc/ssp/h_strcat 0123456789ABCDEF ]
===> lib/libc/ssp/ssp_test:strcpy
Result: passed
Duration: 2.139s

Metadata:
    allowed_architectures is empty
    allowed_platforms is empty
    description = Checks strcpy(3)
    has_cleanup = false
    required_configs is empty
    required_disk_space = 0
    required_files is empty
    required_memory = 0
    required_programs is empty
    required_user is empty
    timeout = 300

Standard output:
Executing command [ /usr/tests/lib/libc/ssp/h_strcpy 0123456 ]
Executing command [ /usr/tests/lib/libc/ssp/h_strcpy 0123456 ]
Executing command [ /usr/tests/lib/libc/ssp/h_strcpy 0123456789ab ]
Executing command [ /usr/tests/lib/libc/ssp/h_strcpy 0123456789ab ]
===> lib/libc/ssp/ssp_test:strncat
Result: passed
Duration: 2.179s

Metadata:
    allowed_architectures is empty
    allowed_platforms is empty
    description = Checks strncat(3)
    has_cleanup = false
    required_configs is empty
    required_disk_space = 0
    required_files is empty
    required_memory = 0
    required_programs is empty
    required_user is empty
    timeout = 300

Standard output:
Executing command [ /usr/tests/lib/libc/ssp/h_strncat 8 ]
Executing command [ /usr/tests/lib/libc/ssp/h_strncat 8 ]
Executing command [ /usr/tests/lib/libc/ssp/h_strncat 11 ]
Executing command [ /usr/tests/lib/libc/ssp/h_strncat 11 ]
===> lib/libc/ssp/ssp_test:strncpy
Result: passed
Duration: 1.711s

Metadata:
    allowed_architectures is empty
    allowed_platforms is empty
    description = Checks strncpy(3)
    has_cleanup = false
    required_configs is empty
    required_disk_space = 0
    required_files is empty
    required_memory = 0
    required_programs is empty
    required_user is empty
    timeout = 300

Standard output:
Executing command [ /usr/tests/lib/libc/ssp/h_strncpy 10 ]
Executing command [ /usr/tests/lib/libc/ssp/h_strncpy 10 ]
Executing command [ /usr/tests/lib/libc/ssp/h_strncpy 13 ]
Executing command [ /usr/tests/lib/libc/ssp/h_strncpy 13 ]
===> lib/libc/ssp/ssp_test:vsnprintf
Result: passed
Duration: 21.530s

Metadata:
    allowed_architectures is empty
    allowed_platforms is empty
    description = Checks vsnprintf(3)
    has_cleanup = false
    required_configs is empty
    required_disk_space = 0
    required_files is empty
    required_memory = 0
    required_programs is empty
    required_user is empty
    timeout = 300

Standard output:
Executing command [ /usr/tests/lib/libc/ssp/h_vsnprintf 10 ]
Executing command [ /usr/tests/lib/libc/ssp/h_vsnprintf 10 ]
Executing command [ /usr/tests/lib/libc/ssp/h_vsnprintf 13 ]
Executing command [ /usr/tests/lib/libc/ssp/h_vsnprintf 13 ]
===> lib/libc/ssp/ssp_test:vsprintf
Result: passed
Duration: 2.490s

Metadata:
    allowed_architectures is empty
    allowed_platforms is empty
    description = Checks vsprintf(3)
    has_cleanup = false
    required_configs is empty
    required_disk_space = 0
    required_files is empty
    required_memory = 0
    required_programs is empty
    required_user is empty
    timeout = 300

Standard output:
Executing command [ /usr/tests/lib/libc/ssp/h_vsprintf ok ]
Executing command [ /usr/tests/lib/libc/ssp/h_vsprintf ok ]
Executing command [ /usr/tests/lib/libc/ssp/h_vsprintf 0123456789ab ]
Executing command [ /usr/tests/lib/libc/ssp/h_vsprintf 0123456789ab ]
===> lib/libc/stdio/clearerr_test:clearerr_basic
Result: passed
Duration: 0.038s

Metadata:
    allowed_architectures is empty
    allowed_platforms is empty
    description = A basic test of clearerr(3)
    has_cleanup = false
    required_configs is empty
    required_disk_space = 0
    required_files is empty
    required_memory = 0
    required_programs is empty
    required_user is empty
    timeout = 300
===> lib/libc/stdio/clearerr_test:clearerr_err
Result: passed
Duration: 0.013s

Metadata:
    allowed_architectures is empty
    allowed_platforms is empty
    description = Test that clearerr(3) does not fail
    has_cleanup = false
    required_configs is empty
    required_disk_space = 0
    required_files is empty
    required_memory = 0
    required_programs is empty
    required_user is empty
    timeout = 300
===> lib/libc/stdio/fflush_test:fflush_err
Result: expected_failure: the EOF invariant fails on FreeBSD; this is new: /builds/FreeBSD_HEAD/contrib/netbsd-tests/lib/libc/stdio/t_fflush.c:70: Expected true value in fflush(f) == EOF
Duration: 0.018s

Metadata:
    allowed_architectures is empty
    allowed_platforms is empty
    description = Test errors from fflush(3)
    has_cleanup = true
    required_configs is empty
    required_disk_space = 0
    required_files is empty
    required_memory = 0
    required_programs is empty
    required_user is empty
    timeout = 300
===> lib/libc/stdio/fflush_test:fflush_seek
Result: passed
Duration: 0.663s

Metadata:
    allowed_architectures is empty
    allowed_platforms is empty
    description = Test file offsets with fflush(3)
    has_cleanup = true
    required_configs is empty
    required_disk_space = 0
    required_files is empty
    required_memory = 0
    required_programs is empty
    required_user is empty
    timeout = 300
===> lib/libc/stdio/fflush_test:fpurge_err
Result: passed
Duration: 0.292s

Metadata:
    allowed_architectures is empty
    allowed_platforms is empty
    description = Test errors from fpurge(3)
    has_cleanup = true
    required_configs is empty
    required_disk_space = 0
    required_files is empty
    required_memory = 0
    required_programs is empty
    required_user is empty
    timeout = 300
===> lib/libc/stdio/fmemopen2_test:test_append_binary_pos
Result: passed
Duration: 0.014s

Metadata:
    allowed_architectures is empty
    allowed_platforms is empty
    description is empty
    has_cleanup = false
    required_configs is empty
    required_disk_space = 0
    required_files is empty
    required_memory = 0
    required_programs is empty
    required_user is empty
    timeout = 300
===> lib/libc/stdio/fmemopen2_test:test_autoalloc
Result: passed
Duration: 0.013s

Metadata:
    allowed_architectures is empty
    allowed_platforms is empty
    description is empty
    has_cleanup = false
    required_configs is empty
    required_disk_space = 0
    required_files is empty
    required_memory = 0
    required_programs is empty
    required_user is empty
    timeout = 300
===> lib/libc/stdio/fmemopen2_test:test_binary
Result: passed
Duration: 0.013s

Metadata:
    allowed_architectures is empty
    allowed_platforms is empty
    description is empty
    has_cleanup = false
    required_configs is empty
    required_disk_space = 0
    required_files is empty
    required_memory = 0
    required_programs is empty
    required_user is empty
    timeout = 300
===> lib/libc/stdio/fmemopen2_test:test_data_length
Result: passed
Duration: 1.414s

Metadata:
    allowed_architectures is empty
    allowed_platforms is empty
    description is empty
    has_cleanup = false
    required_configs is empty
    required_disk_space = 0
    required_files is empty
    required_memory = 0
    required_programs is empty
    required_user is empty
    timeout = 300
===> lib/libc/stdio/fmemopen2_test:test_preexisting
Result: passed
Duration: 0.015s

Metadata:
    allowed_architectures is empty
    allowed_platforms is empty
    description is empty
    has_cleanup = false
    required_configs is empty
    required_disk_space = 0
    required_files is empty
    required_memory = 0
    required_programs is empty
    required_user is empty
    timeout = 300
===> lib/libc/stdio/fmemopen2_test:test_size_0
Result: passed
Duration: 0.014s

Metadata:
    allowed_architectures is empty
    allowed_platforms is empty
    description is empty
    has_cleanup = false
    required_configs is empty
    required_disk_space = 0
    required_files is empty
    required_memory = 0
    required_programs is empty
    required_user is empty
    timeout = 300
===> lib/libc/stdio/fmemopen_test:test00
Result: passed
Duration: 0.176s

Metadata:
    allowed_architectures is empty
    allowed_platforms is empty
    description = test00
    has_cleanup = false
    required_configs is empty
    required_disk_space = 0
    required_files is empty
    required_memory = 0
    required_programs is empty
    required_user is empty
    timeout = 300
===> lib/libc/stdio/fmemopen_test:test01
Result: passed
Duration: 0.153s

Metadata:
    allowed_architectures is empty
    allowed_platforms is empty
    description = test01
    has_cleanup = false
    required_configs is empty
    required_disk_space = 0
    required_files is empty
    required_memory = 0
    required_programs is empty
    required_user is empty
    timeout = 300
===> lib/libc/stdio/fmemopen_test:test02
Result: passed
Duration: 0.206s

Metadata:
    allowed_architectures is empty
    allowed_platforms is empty
    description = test02
    has_cleanup = false
    required_configs is empty
    required_disk_space = 0
    required_files is empty
    required_memory = 0
    required_programs is empty
    required_user is empty
    timeout = 300
===> lib/libc/stdio/fmemopen_test:test03
Result: passed
Duration: 0.110s

Metadata:
    allowed_architectures is empty
    allowed_platforms is empty
    description = test03
    has_cleanup = false
    required_configs is empty
    required_disk_space = 0
    required_files is empty
    required_memory = 0
    required_programs is empty
    required_user is empty
    timeout = 300
===> lib/libc/stdio/fmemopen_test:test04
Result: passed
Duration: 0.164s

Metadata:
    allowed_architectures is empty
    allowed_platforms is empty
    description = test04
    has_cleanup = false
    required_configs is empty
    required_disk_space = 0
    required_files is empty
    required_memory = 0
    required_programs is empty
    required_user is empty
    timeout = 300
===> lib/libc/stdio/fmemopen_test:test05
Result: passed
Duration: 0.131s

Metadata:
    allowed_architectures is empty
    allowed_platforms is empty
    description = test05
    has_cleanup = false
    required_configs is empty
    required_disk_space = 0
    required_files is empty
    required_memory = 0
    required_programs is empty
    required_user is empty
    timeout = 300
===> lib/libc/stdio/fmemopen_test:test06
Result: passed
Duration: 0.101s

Metadata:
    allowed_architectures is empty
    allowed_platforms is empty
    description = test06
    has_cleanup = false
    required_configs is empty
    required_disk_space = 0
    required_files is empty
    required_memory = 0
    required_programs is empty
    required_user is empty
    timeout = 300
===> lib/libc/stdio/fmemopen_test:test07
Result: passed
Duration: 0.098s

Metadata:
    allowed_architectures is empty
    allowed_platforms is empty
    description = test07
    has_cleanup = false
    required_configs is empty
    required_disk_space = 0
    required_files is empty
    required_memory = 0
    required_programs is empty
    required_user is empty
    timeout = 300
===> lib/libc/stdio/fmemopen_test:test08
Result: passed
Duration: 0.169s

Metadata:
    allowed_architectures is empty
    allowed_platforms is empty
    description = test08
    has_cleanup = false
    required_configs is empty
    required_disk_space = 0
    required_files is empty
    required_memory = 0
    required_programs is empty
    required_user is empty
    timeout = 300
===> lib/libc/stdio/fmemopen_test:test09
Result: passed
Duration: 0.141s

Metadata:
    allowed_architectures is empty
    allowed_platforms is empty
    description = test09
    has_cleanup = false
    required_configs is empty
    required_disk_space = 0
    required_files is empty
    required_memory = 0
    required_programs is empty
    required_user is empty
    timeout = 300
===> lib/libc/stdio/fmemopen_test:test10
Result: passed
Duration: 0.092s

Metadata:
    allowed_architectures is empty
    allowed_platforms is empty
    description = test10
    has_cleanup = false
    required_configs is empty
    required_disk_space = 0
    required_files is empty
    required_memory = 0
    required_programs is empty
    required_user is empty
    timeout = 300
===> lib/libc/stdio/fmemopen_test:test11
Result: passed
Duration: 0.264s

Metadata:
    allowed_architectures is empty
    allowed_platforms is empty
    description = test11
    has_cleanup = false
    required_configs is empty
    required_disk_space = 0
    required_files is empty
    required_memory = 0
    required_programs is empty
    required_user is empty
    timeout = 300
===> lib/libc/stdio/fmemopen_test:test13
Result: passed
Duration: 1.123s

Metadata:
    allowed_architectures is empty
    allowed_platforms is empty
    description = test13
    has_cleanup = false
    required_configs is empty
    required_disk_space = 0
    required_files is empty
    required_memory = 0
    required_programs is empty
    required_user is empty
    timeout = 300
===> lib/libc/stdio/fmemopen_test:test14
Result: passed
Duration: 0.298s

Metadata:
    allowed_architectures is empty
    allowed_platforms is empty
    description = test14
    has_cleanup = false
    required_configs is empty
    required_disk_space = 0
    required_files is empty
    required_memory = 0
    required_programs is empty
    required_user is empty
    timeout = 300
===> lib/libc/stdio/fopen_test:fdopen_close
Result: passed
Duration: 0.290s

Metadata:
    allowed_architectures is empty
    allowed_platforms is empty
    description = See that descriptors are closed
    has_cleanup = true
    required_configs is empty
    required_disk_space = 0
    required_files is empty
    required_memory = 0
    required_programs is empty
    required_user is empty
    timeout = 300
===> lib/libc/stdio/fopen_test:fdopen_err
Result: passed
Duration: 0.353s

Metadata:
    allowed_architectures is empty
    allowed_platforms is empty
    description = Test errors from fdopen(3)
    has_cleanup = true
    required_configs is empty
    required_disk_space = 0
    required_files is empty
    required_memory = 0
    required_programs is empty
    required_user is empty
    timeout = 300
===> lib/libc/stdio/fopen_test:fdopen_seek
Result: passed
Duration: 0.244s

Metadata:
    allowed_architectures is empty
    allowed_platforms is empty
    description = Test stream position with fdopen(3)
    has_cleanup = true
    required_configs is empty
    required_disk_space = 0
    required_files is empty
    required_memory = 0
    required_programs is empty
    required_user is empty
    timeout = 300
===> lib/libc/stdio/fopen_test:fopen_append
Result: passed
Duration: 0.334s

Metadata:
    allowed_architectures is empty
    allowed_platforms is empty
    description = Test that append-mode works
    has_cleanup = true
    required_configs is empty
    required_disk_space = 0
    required_files is empty
    required_memory = 0
    required_programs is empty
    required_user is empty
    timeout = 300
===> lib/libc/stdio/fopen_test:fopen_err
Result: passed
Duration: 0.160s

Metadata:
    allowed_architectures is empty
    allowed_platforms is empty
    description = Test errors from fopen(3)
    has_cleanup = true
    required_configs is empty
    required_disk_space = 0
    required_files is empty
    required_memory = 0
    required_programs is empty
    required_user is empty
    timeout = 300
===> lib/libc/stdio/fopen_test:fopen_mode
Result: passed
Duration: 0.282s

Metadata:
    allowed_architectures is empty
    allowed_platforms is empty
    description = Test fopen(3) modes
    has_cleanup = true
    required_configs is empty
    required_disk_space = 0
    required_files is empty
    required_memory = 0
    required_programs is empty
    required_user is empty
    timeout = 300
===> lib/libc/stdio/fopen_test:fopen_perm
Result: passed
Duration: 0.226s

Metadata:
    allowed_architectures is empty
    allowed_platforms is empty
    description = Test permissions with fopen(3)
    has_cleanup = false
    required_configs is empty
    required_disk_space = 0
    required_files is empty
    required_memory = 0
    required_programs is empty
    required_user = unprivileged
    timeout = 300
===> lib/libc/stdio/fopen_test:fopen_seek
Result: passed
Duration: 0.200s

Metadata:
    allowed_architectures is empty
    allowed_platforms is empty
    description = Test initial stream position
    has_cleanup = true
    required_configs is empty
    required_disk_space = 0
    required_files is empty
    required_memory = 0
    required_programs is empty
    required_user is empty
    timeout = 300
===> lib/libc/stdio/fopen_test:freopen_std
Result: passed
Duration: 0.146s

Metadata:
    allowed_architectures is empty
    allowed_platforms is empty
    description = A basic test of freopen(3)
    has_cleanup = true
    required_configs is empty
    required_disk_space = 0
    required_files is empty
    required_memory = 0
    required_programs is empty
    required_user is empty
    timeout = 300
===> lib/libc/stdio/fputc_test:fputc_basic
Result: passed
Duration: 0.117s

Metadata:
    allowed_architectures is empty
    allowed_platforms is empty
    description = A basic test of fputc(3)
    has_cleanup = true
    required_configs is empty
    required_disk_space = 0
    required_files is empty
    required_memory = 0
    required_programs is empty
    required_user is empty
    timeout = 300
===> lib/libc/stdio/fputc_test:fputc_err
Result: passed
Duration: 0.154s

Metadata:
    allowed_architectures is empty
    allowed_platforms is empty
    description = Test errors from fputc(3)
    has_cleanup = true
    required_configs is empty
    required_disk_space = 0
    required_files is empty
    required_memory = 0
    required_programs is empty
    required_user is empty
    timeout = 300
===> lib/libc/stdio/fputc_test:putc_basic
Result: passed
Duration: 0.149s

Metadata:
    allowed_architectures is empty
    allowed_platforms is empty
    description = A basic test of putc(3)
    has_cleanup = true
    required_configs is empty
    required_disk_space = 0
    required_files is empty
    required_memory = 0
    required_programs is empty
    required_user is empty
    timeout = 300
===> lib/libc/stdio/fputc_test:putc_err
Result: passed
Duration: 0.054s

Metadata:
    allowed_architectures is empty
    allowed_platforms is empty
    description = Test errors from putc(3)
    has_cleanup = true
    required_configs is empty
    required_disk_space = 0
    required_files is empty
    required_memory = 0
    required_programs is empty
    required_user is empty
    timeout = 300
===> lib/libc/stdio/fputc_test:putc_unlocked_basic
Result: passed
Duration: 0.111s

Metadata:
    allowed_architectures is empty
    allowed_platforms is empty
    description = A basic test of putc_unlocked(3)
    has_cleanup = true
    required_configs is empty
    required_disk_space = 0
    required_files is empty
    required_memory = 0
    required_programs is empty
    required_user is empty
    timeout = 300
===> lib/libc/stdio/fputc_test:putc_unlocked_err
Result: passed
Duration: 0.039s

Metadata:
    allowed_architectures is empty
    allowed_platforms is empty
    description = Test errors from putc_unlocked(3)
    has_cleanup = true
    required_configs is empty
    required_disk_space = 0
    required_files is empty
    required_memory = 0
    required_programs is empty
    required_user is empty
    timeout = 300
===> lib/libc/stdio/mktemp_test:mktemp_not_exist
Result: passed
Duration: 0.150s

Metadata:
    allowed_architectures is empty
    allowed_platforms is empty
    description = Test that mktemp does not fail on a path that does not exist
    has_cleanup = false
    required_configs is empty
    required_disk_space = 0
    required_files is empty
    required_memory = 0
    required_programs is empty
    required_user is empty
    timeout = 300
===> lib/libc/stdio/popen_test:popen_zeropad
Result: passed
Duration: 0.116s

Metadata:
    allowed_architectures is empty
    allowed_platforms is empty
    description = output format zero padding
    has_cleanup = true
    required_configs is empty
    required_disk_space = 0
    required_files is empty
    required_memory = 0
    required_programs is empty
    required_user is empty
    timeout = 300
===> lib/libc/stdio/printf_test:snprintf_c99
Result: passed
Duration: 1.142s

Metadata:
    allowed_architectures is empty
    allowed_platforms is empty
    description = Test printf(3) C99 conformance (PR lib/22019)
    has_cleanup = false
    required_configs is empty
    required_disk_space = 0
    required_files is empty
    required_memory = 0
    required_programs is empty
    required_user is empty
    timeout = 300

Standard output:
printf = 0

Standard error:
snprintf = 0===> lib/libc/stdio/printf_test:snprintf_dotzero
Result: passed
Duration: 0.303s

Metadata:
    allowed_architectures is empty
    allowed_platforms is empty
    description = PR lib/32951: %.0f formats (0.0,0.5] to "0."
    has_cleanup = false
    required_configs is empty
    required_disk_space = 0
    required_files is empty
    required_memory = 0
    required_programs is empty
    required_user is empty
    timeout = 300
===> lib/libc/stdio/printf_test:snprintf_float
Result: passed
Duration: 0.195s

Metadata:
    allowed_architectures is empty
    allowed_platforms is empty
    description = test that floating conversions don't leak memory
    has_cleanup = false
    required_configs is empty
    required_disk_space = 0
    required_files is empty
    required_memory = 0
    required_programs is empty
    required_user is empty
    timeout = 300
===> lib/libc/stdio/printf_test:snprintf_posarg
Result: passed
Duration: 0.108s

Metadata:
    allowed_architectures is empty
    allowed_platforms is empty
    description = test for positional arguments
    has_cleanup = false
    required_configs is empty
    required_disk_space = 0
    required_files is empty
    required_memory = 0
    required_programs is empty
    required_user is empty
    timeout = 300
===> lib/libc/stdio/printf_test:snprintf_posarg_error
Result: expected_failure: some non-NetBSD platforms including FreeBSD don't validate negative size; testcase blows up with SIGSEGV
Duration: 2.345s

Metadata:
    allowed_architectures is empty
    allowed_platforms is empty
    description = test for positional arguments out of bounds
    has_cleanup = false
    required_configs is empty
    required_disk_space = 0
    required_files is empty
    required_memory = 0
    required_programs is empty
    required_user is empty
    timeout = 300

Standard error:
Process with PID 20224 dumped core; attempting to gather stack trace
(no debugging symbols found)...Core was generated by `printf_test'.
Program terminated with signal 11, Segmentation fault.
(no debugging symbols found)...(no debugging symbols found)...(no debugging symbols found)...#0  0x0000000800ae0165 in sbrk () from /lib/libc.so.7
GDB exited successfully
===> lib/libc/stdio/printf_test:snprintf_posarg_width
Result: passed
Duration: 0.073s

Metadata:
    allowed_architectures is empty
    allowed_platforms is empty
    description = test for positional arguments with field width
    has_cleanup = false
    required_configs is empty
    required_disk_space = 0
    required_files is empty
    required_memory = 0
    required_programs is empty
    required_user is empty
    timeout = 300
===> lib/libc/stdio/printf_test:sprintf_zeropad
Result: passed
Duration: 0.052s

Metadata:
    allowed_architectures is empty
    allowed_platforms is empty
    description = Test output format zero padding (PR lib/44113)
    has_cleanup = false
    required_configs is empty
    required_disk_space = 0
    required_files is empty
    required_memory = 0
    required_programs is empty
    required_user is empty
    timeout = 300
===> lib/libc/stdio/scanf_test:sscanf_neghex
Result: passed
Duration: 0.087s

Metadata:
    allowed_architectures is empty
    allowed_platforms is empty
    description = PR lib/21691: %i and %x fail with negative hex numbers
    has_cleanup = false
    required_configs is empty
    required_disk_space = 0
    required_files is empty
    required_memory = 0
    required_programs is empty
    required_user is empty
    timeout = 300
===> lib/libc/stdio/scanf_test:sscanf_whitespace
Result: expected_failure: fails on FreeBSD and some variants of Linux: /builds/FreeBSD_HEAD/contrib/netbsd-tests/lib/libc/stdio/t_scanf.c:74: c == 'z' not met
Duration: 0.028s

Metadata:
    allowed_architectures is empty
    allowed_platforms is empty
    description = verify sscanf skips all whitespace
    has_cleanup = false
    required_configs is empty
    required_disk_space = 0
    required_files is empty
    required_memory = 0
    required_programs is empty
    required_user is empty
    timeout = 300
===> lib/libc/stdlib/abs_test:abs_basic
Result: passed
Duration: 0.104s

Metadata:
    allowed_architectures is empty
    allowed_platforms is empty
    description = Test that abs(3) works
    has_cleanup = false
    required_configs is empty
    required_disk_space = 0
    required_files is empty
    required_memory = 0
    required_programs is empty
    required_user is empty
    timeout = 300
===> lib/libc/stdlib/abs_test:imaxabs_basic
Result: passed
Duration: 0.091s

Metadata:
    allowed_architectures is empty
    allowed_platforms is empty
    description = Test that imaxabs(3) works
    has_cleanup = false
    required_configs is empty
    required_disk_space = 0
    required_files is empty
    required_memory = 0
    required_programs is empty
    required_user is empty
    timeout = 300
===> lib/libc/stdlib/abs_test:labs_basic
Result: passed
Duration: 0.040s

Metadata:
    allowed_architectures is empty
    allowed_platforms is empty
    description = Test that labs(3) works
    has_cleanup = false
    required_configs is empty
    required_disk_space = 0
    required_files is empty
    required_memory = 0
    required_programs is empty
    required_user is empty
    timeout = 300
===> lib/libc/stdlib/abs_test:llabs_basic
Result: passed
Duration: 0.070s

Metadata:
    allowed_architectures is empty
    allowed_platforms is empty
    description = Test that llabs(3) works
    has_cleanup = false
    required_configs is empty
    required_disk_space = 0
    required_files is empty
    required_memory = 0
    required_programs is empty
    required_user is empty
    timeout = 300
===> lib/libc/stdlib/atoi_test:atof_strtod
Result: passed
Duration: 0.085s

Metadata:
    allowed_architectures is empty
    allowed_platforms is empty
    description = Test that atof(3) matches the corresponding strtod(3) call
    has_cleanup = false
    required_configs is empty
    required_disk_space = 0
    required_files is empty
    required_memory = 0
    required_programs is empty
    required_user is empty
    timeout = 300
===> lib/libc/stdlib/atoi_test:atoi_strtol
Result: passed
Duration: 0.092s

Metadata:
    allowed_architectures is empty
    allowed_platforms is empty
    description = Test that atoi(3) matches the corresponding strtol(3) call
    has_cleanup = false
    required_configs is empty
    required_disk_space = 0
    required_files is empty
    required_memory = 0
    required_programs is empty
    required_user is empty
    timeout = 300
===> lib/libc/stdlib/atoi_test:atol_strtol
Result: passed
Duration: 0.029s

Metadata:
    allowed_architectures is empty
    allowed_platforms is empty
    description = Test that atol(3) matches the corresponding strtol(3) call
    has_cleanup = false
    required_configs is empty
    required_disk_space = 0
    required_files is empty
    required_memory = 0
    required_programs is empty
    required_user is empty
    timeout = 300
===> lib/libc/stdlib/atoi_test:atoll_strtoll
Result: passed
Duration: 0.082s

Metadata:
    allowed_architectures is empty
    allowed_platforms is empty
    description = Test that atoll(3) matches the corresponding strtoll(3) call
    has_cleanup = false
    required_configs is empty
    required_disk_space = 0
    required_files is empty
    required_memory = 0
    required_programs is empty
    required_user is empty
    timeout = 300
===> lib/libc/stdlib/div_test:div_basic
Result: passed
Duration: 1.110s

Metadata:
    allowed_architectures is empty
    allowed_platforms is empty
    description = Test div(3) for correctness
    has_cleanup = false
    required_configs is empty
    required_disk_space = 0
    required_files is empty
    required_memory = 0
    required_programs is empty
    required_user is empty
    timeout = 300
===> lib/libc/stdlib/div_test:ldiv_basic
Result: passed
Duration: 0.268s

Metadata:
    allowed_architectures is empty
    allowed_platforms is empty
    description = Test ldiv(3) for correctness
    has_cleanup = false
    required_configs is empty
    required_disk_space = 0
    required_files is empty
    required_memory = 0
    required_programs is empty
    required_user is empty
    timeout = 300
===> lib/libc/stdlib/div_test:lldiv_basic
Result: passed
Duration: 0.420s

Metadata:
    allowed_architectures is empty
    allowed_platforms is empty
    description = Test lllldiv(3) for correctness
    has_cleanup = false
    required_configs is empty
    required_disk_space = 0
    required_files is empty
    required_memory = 0
    required_programs is empty
    required_user is empty
    timeout = 300
===> lib/libc/stdlib/exit_test:exit_atexit
Result: passed
Duration: 0.662s

Metadata:
    allowed_architectures is empty
    allowed_platforms is empty
    description = A basic test of atexit(3)
    has_cleanup = false
    required_configs is empty
    required_disk_space = 0
    required_files is empty
    required_memory = 0
    required_programs is empty
    required_user is empty
    timeout = 300
===> lib/libc/stdlib/exit_test:exit_basic
Result: passed
Duration: 0.430s

Metadata:
    allowed_architectures is empty
    allowed_platforms is empty
    description = A basic test of exit(3)
    has_cleanup = false
    required_configs is empty
    required_disk_space = 0
    required_files is empty
    required_memory = 0
    required_programs is empty
    required_user is empty
    timeout = 300
===> lib/libc/stdlib/exit_test:exit_status
Result: passed
Duration: 0.350s

Metadata:
    allowed_architectures is empty
    allowed_platforms is empty
    description = Test exit(3) status
    has_cleanup = false
    required_configs is empty
    required_disk_space = 0
    required_files is empty
    required_memory = 0
    required_programs is empty
    required_user is empty
    timeout = 300
===> lib/libc/stdlib/exit_test:exit_tmpfile
Result: passed
Duration: 1.902s

Metadata:
    allowed_architectures is empty
    allowed_platforms is empty
    description = Temporary files are unlinked?
    has_cleanup = false
    required_configs is empty
    required_disk_space = 0
    required_files is empty
    required_memory = 0
    required_programs is empty
    required_user is empty
    timeout = 300
===> lib/libc/stdlib/getenv_test:clearenv_basic
Result: passed
Duration: 0.470s

Metadata:
    allowed_architectures is empty
    allowed_platforms is empty
    description = Test user clearing environment directly
    has_cleanup = false
    required_configs is empty
    required_disk_space = 0
    required_files is empty
    required_memory = 0
    required_programs is empty
    required_user is empty
    timeout = 300
===> lib/libc/stdlib/getenv_test:getenv_basic
Result: passed
Duration: 0.357s

Metadata:
    allowed_architectures is empty
    allowed_platforms is empty
    description = Test setenv(3), getenv(3)
    has_cleanup = false
    required_configs is empty
    required_disk_space = 0
    required_files is empty
    required_memory = 0
    required_programs is empty
    required_user is empty
    timeout = 300
===> lib/libc/stdlib/getenv_test:putenv_basic
Result: passed
Duration: 0.181s

Metadata:
    allowed_architectures is empty
    allowed_platforms is empty
    description = Test putenv(3), getenv(3), unsetenv(3)
    has_cleanup = false
    required_configs is empty
    required_disk_space = 0
    required_files is empty
    required_memory = 0
    required_programs is empty
    required_user is empty
    timeout = 300
===> lib/libc/stdlib/getenv_test:setenv_basic
Result: expected_failure: FreeBSD does not validate the second argument to setenv(3); see bin/189805
Duration: 9.869s

Metadata:
    allowed_architectures is empty
    allowed_platforms is empty
    description = Test setenv(3), getenv(3), unsetenv(3)
    has_cleanup = false
    required_configs is empty
    required_disk_space = 0
    required_files is empty
    required_memory = 0
    required_programs is empty
    required_user is empty
    timeout = 300

Standard error:
Process with PID 20273 dumped core; attempting to gather stack trace
(no debugging symbols found)...Core was generated by `getenv_test'.
Program terminated with signal 11, Segmentation fault.
(no debugging symbols found)...(no debugging symbols found)...(no debugging symbols found)...#0  0x0000000800b73adf in strlen () from /lib/libc.so.7
GDB exited successfully
===> lib/libc/stdlib/getenv_test:setenv_mixed
Result: passed
Duration: 0.426s

Metadata:
    allowed_architectures is empty
    allowed_platforms is empty
    description = Test mixing setenv(3), unsetenv(3) and putenv(3)
    has_cleanup = false
    required_configs is empty
    required_disk_space = 0
    required_files is empty
    required_memory = 0
    required_programs is empty
    required_user is empty
    timeout = 300
===> lib/libc/stdlib/getopt_test:getopt
Result: passed
Duration: 0.446s

Metadata:
    allowed_architectures is empty
    allowed_platforms is empty
    description = Checks getopt(3)
    has_cleanup = false
    required_configs is empty
    required_disk_space = 0
    required_files is empty
    required_memory = 0
    required_programs is empty
    required_user is empty
    timeout = 300

Standard output:
Executing command [ /bin/sh -c /usr/tests/lib/libc/stdlib/h_getopt ]
Executing command [ /bin/sh -c /usr/tests/lib/libc/stdlib/h_getopt ]
Executing command [ /bin/sh -c /usr/tests/lib/libc/stdlib/h_getopt ]
Executing command [ /bin/sh -c /usr/tests/lib/libc/stdlib/h_getopt ]
h_getopt: illegal option -- e
Executing command [ /bin/sh -c /usr/tests/lib/libc/stdlib/h_getopt ]
Executing command [ /bin/sh -c /usr/tests/lib/libc/stdlib/h_getopt ]
Executing command [ /bin/sh -c /usr/tests/lib/libc/stdlib/h_getopt ]
===> lib/libc/stdlib/getopt_test:getopt_long
Result: passed
Duration: 0.352s

Metadata:
    allowed_architectures is empty
    allowed_platforms is empty
    description = Checks getopt_long(3)
    has_cleanup = false
    required_configs is empty
    required_disk_space = 0
    required_files is empty
    required_memory = 0
    required_programs is empty
    required_user is empty
    timeout = 300

Standard output:
Executing command [ /bin/sh -c /usr/tests/lib/libc/stdlib/h_getopt_long ]
Executing command [ /bin/sh -c /usr/tests/lib/libc/stdlib/h_getopt_long ]
Executing command [ /bin/sh -c /usr/tests/lib/libc/stdlib/h_getopt_long ]
Executing command [ /bin/sh -c /usr/tests/lib/libc/stdlib/h_getopt_long ]
Executing command [ /bin/sh -c /usr/tests/lib/libc/stdlib/h_getopt_long ]
Executing command [ /bin/sh -c /usr/tests/lib/libc/stdlib/h_getopt_long ]
===> lib/libc/stdlib/hsearch_test:hsearch_duplicate
Result: passed
Duration: 0.419s

Metadata:
    allowed_architectures is empty
    allowed_platforms is empty
    description = Checks that inserting duplicate doesn't overwrite existing data
    has_cleanup = false
    required_configs is empty
    required_disk_space = 0
    required_files is empty
    required_memory = 0
    required_programs is empty
    required_user is empty
    timeout = 300
===> lib/libc/stdlib/hsearch_test:hsearch_nonexistent
Result: passed
Duration: 0.347s

Metadata:
    allowed_architectures is empty
    allowed_platforms is empty
    description = Checks searching for non-existent entry
    has_cleanup = false
    required_configs is empty
    required_disk_space = 0
    required_files is empty
    required_memory = 0
    required_programs is empty
    required_user is empty
    timeout = 300
===> lib/libc/stdlib/hsearch_test:hsearch_two
Result: passed
Duration: 0.312s

Metadata:
    allowed_architectures is empty
    allowed_platforms is empty
    description = Checks that searching doesn't overwrite previous search results
    has_cleanup = false
    required_configs is empty
    required_disk_space = 0
    required_files is empty
    required_memory = 0
    required_programs is empty
    required_user is empty
    timeout = 300
===> lib/libc/stdlib/posix_memalign_test:posix_memalign_basic
Result: passed
Duration: 0.423s

Metadata:
    allowed_architectures is empty
    allowed_platforms is empty
    description = Checks posix_memalign(3)
    has_cleanup = false
    required_configs is empty
    required_disk_space = 0
    required_files is empty
    required_memory = 0
    required_programs is empty
    required_user is empty
    timeout = 300

Standard output:
Checking posix_memalign(&p, 512, 1)...
Checking posix_memalign(&p, 1024, 2)...
Checking posix_memalign(&p, 16, 3)...
Checking posix_memalign(&p, 32, 4)...
Checking posix_memalign(&p, 64, 10)...
Checking posix_memalign(&p, 4, 100)...
Checking posix_memalign(&p, 2048, 16384)...
Checking posix_memalign(&p, 16, 32768)...
Checking posix_memalign(&p, 2, 65536)...
===> lib/libc/stdlib/random_test:random_same
Result: passed
Duration: 0.200s

Metadata:
    allowed_architectures is empty
    allowed_platforms is empty
    description = Test that random(3) does not always return the same value when the seed is initialized to zero
    has_cleanup = false
    required_configs is empty
    required_disk_space = 0
    required_files is empty
    required_memory = 0
    required_programs is empty
    required_user is empty
    timeout = 300

Standard error:
i = 1, j = 0: 1248161417 vs. 577655601
i = 2, j = 0: 192959563 vs. 577655601
i = 2, j = 1: 192959563 vs. 1248161417
i = 3, j = 0: 143633695 vs. 577655601
i = 3, j = 1: 143633695 vs. 1248161417
i = 3, j = 2: 143633695 vs. 192959563
i = 4, j = 0: 541917479 vs. 577655601
i = 4, j = 1: 541917479 vs. 1248161417
i = 4, j = 2: 541917479 vs. 192959563
i = 4, j = 3: 541917479 vs. 143633695
i = 5, j = 0: 1903093295 vs. 577655601
i = 5, j = 1: 1903093295 vs. 1248161417
i = 5, j = 2: 1903093295 vs. 192959563
i = 5, j = 3: 1903093295 vs. 143633695
i = 5, j = 4: 1903093295 vs. 541917479
i = 6, j = 0: 725992962 vs. 577655601
i = 6, j = 1: 725992962 vs. 1248161417
i = 6, j = 2: 725992962 vs. 192959563
i = 6, j = 3: 725992962 vs. 143633695
i = 6, j = 4: 725992962 vs. 541917479
i = 6, j = 5: 725992962 vs. 1903093295
i = 7, j = 0: 153633432 vs. 577655601
i = 7, j = 1: 153633432 vs. 1248161417
i = 7, j = 2: 153633432 vs. 192959563
i = 7, j = 3: 153633432 vs. 143633695
i = 7, j = 4: 153633432 vs. 541917479
i = 7, j = 5: 153633432 vs. 1903093295
i = 7, j = 6: 153633432 vs. 725992962
i = 8, j = 0: 1380105456 vs. 577655601
i = 8, j = 1: 1380105456 vs. 1248161417
i = 8, j = 2: 1380105456 vs. 192959563
i = 8, j = 3: 1380105456 vs. 143633695
i = 8, j = 4: 1380105456 vs. 541917479
i = 8, j = 5: 1380105456 vs. 1903093295
i = 8, j = 6: 1380105456 vs. 725992962
i = 8, j = 7: 1380105456 vs. 153633432
i = 9, j = 0: 141823245 vs. 577655601
i = 9, j = 1: 141823245 vs. 1248161417
i = 9, j = 2: 141823245 vs. 192959563
i = 9, j = 3: 141823245 vs. 143633695
i = 9, j = 4: 141823245 vs. 541917479
i = 9, j = 5: 141823245 vs. 1903093295
i = 9, j = 6: 141823245 vs. 725992962
i = 9, j = 7: 141823245 vs. 153633432
i = 9, j = 8: 141823245 vs. 1380105456
===> lib/libc/stdlib/strtod_test:strtod_basic
Result: passed
Duration: 0.360s

Metadata:
    allowed_architectures is empty
    allowed_platforms is empty
    description = A basic test of strtod(3)
    has_cleanup = false
    required_configs is empty
    required_disk_space = 0
    required_files is empty
    required_memory = 0
    required_programs is empty
    required_user is empty
    timeout = 300
===> lib/libc/stdlib/strtod_test:strtod_gherman_bug
Result: passed
Duration: 0.231s

Metadata:
    allowed_architectures is empty
    allowed_platforms is empty
    description = Test a bug found by Geza Herman
    has_cleanup = false
    required_configs is empty
    required_disk_space = 0
    required_files is empty
    required_memory = 0
    required_programs is empty
    required_user is empty
    timeout = 300
===> lib/libc/stdlib/strtod_test:strtod_hex
Result: passed
Duration: 0.167s

Metadata:
    allowed_architectures is empty
    allowed_platforms is empty
    description = A strtod(3) with hexadecimals
    has_cleanup = false
    required_configs is empty
    required_disk_space = 0
    required_files is empty
    required_memory = 0
    required_programs is empty
    required_user is empty
    timeout = 300
===> lib/libc/stdlib/strtod_test:strtod_inf
Result: passed
Duration: 1.354s

Metadata:
    allowed_architectures is empty
    allowed_platforms is empty
    description = A strtod(3) with INF (PR lib/33262)
    has_cleanup = false
    required_configs is empty
    required_disk_space = 0
    required_files is empty
    required_memory = 0
    required_programs is empty
    required_user is empty
    timeout = 300
===> lib/libc/stdlib/strtod_test:strtod_nan
Result: passed
Duration: 0.314s

Metadata:
    allowed_architectures is empty
    allowed_platforms is empty
    description = A strtod(3) with NaN
    has_cleanup = false
    required_configs is empty
    required_disk_space = 0
    required_files is empty
    required_memory = 0
    required_programs is empty
    required_user is empty
    timeout = 300
===> lib/libc/stdlib/strtod_test:strtod_round
Result: passed
Duration: 0.059s

Metadata:
    allowed_architectures is empty
    allowed_platforms is empty
    description = Test rouding in strtod(3)
    has_cleanup = false
    required_configs is empty
    required_disk_space = 0
    required_files is empty
    required_memory = 0
    required_programs is empty
    required_user is empty
    timeout = 300
===> lib/libc/stdlib/strtod_test:strtod_underflow
Result: passed
Duration: 0.162s

Metadata:
    allowed_architectures is empty
    allowed_platforms is empty
    description = Test underflow in strtod(3)
    has_cleanup = false
    required_configs is empty
    required_disk_space = 0
    required_files is empty
    required_memory = 0
    required_programs is empty
    required_user is empty
    timeout = 300
===> lib/libc/stdlib/strtod_test:strtof_inf
Result: passed
Duration: 0.072s

Metadata:
    allowed_architectures is empty
    allowed_platforms is empty
    description = A strtof(3) with INF (PR lib/33262)
    has_cleanup = false
    required_configs is empty
    required_disk_space = 0
    required_files is empty
    required_memory = 0
    required_programs is empty
    required_user is empty
    timeout = 300
===> lib/libc/stdlib/strtod_test:strtof_nan
Result: passed
Duration: 0.050s

Metadata:
    allowed_architectures is empty
    allowed_platforms is empty
    description = A strtof(3) with NaN
    has_cleanup = false
    required_configs is empty
    required_disk_space = 0
    required_files is empty
    required_memory = 0
    required_programs is empty
    required_user is empty
    timeout = 300
===> lib/libc/stdlib/strtod_test:strtold_inf
Result: passed
Duration: 0.130s

Metadata:
    allowed_architectures is empty
    allowed_platforms is empty
    description = A strtold(3) with INF (PR lib/33262)
    has_cleanup = false
    required_configs is empty
    required_disk_space = 0
    required_files is empty
    required_memory = 0
    required_programs is empty
    required_user is empty
    timeout = 300
===> lib/libc/stdlib/strtod_test:strtold_nan
Result: passed
Duration: 0.089s

Metadata:
    allowed_architectures is empty
    allowed_platforms is empty
    description = A strtold(3) with NaN (PR lib/45020)
    has_cleanup = false
    required_configs is empty
    required_disk_space = 0
    required_files is empty
    required_memory = 0
    required_programs is empty
    required_user is empty
    timeout = 300
===> lib/libc/stdlib/strtol_test:strtol_base
Result: passed
Duration: 0.063s

Metadata:
    allowed_architectures is empty
    allowed_platforms is empty
    description = Test strtol(3) with different bases
    has_cleanup = false
    required_configs is empty
    required_disk_space = 0
    required_files is empty
    required_memory = 0
    required_programs is empty
    required_user is empty
    timeout = 300
===> lib/libc/stdlib/strtol_test:strtol_case
Result: passed
Duration: 0.078s

Metadata:
    allowed_architectures is empty
    allowed_platforms is empty
    description = Case insensitivity with strtol(3)
    has_cleanup = false
    required_configs is empty
    required_disk_space = 0
    required_files is empty
    required_memory = 0
    required_programs is empty
    required_user is empty
    timeout = 300
===> lib/libc/stdlib/strtol_test:strtol_range
Result: passed
Duration: 0.366s

Metadata:
    allowed_architectures is empty
    allowed_platforms is empty
    description = Test ERANGE from strtol(3)
    has_cleanup = false
    required_configs is empty
    required_disk_space = 0
    required_files is empty
    required_memory = 0
    required_programs is empty
    required_user is empty
    timeout = 300
===> lib/libc/stdlib/strtol_test:strtol_signed
Result: passed
Duration: 0.064s

Metadata:
    allowed_architectures is empty
    allowed_platforms is empty
    description = A basic test of strtol(3)
    has_cleanup = false
    required_configs is empty
    required_disk_space = 0
    required_files is empty
    required_memory = 0
    required_programs is empty
    required_user is empty
    timeout = 300
===> lib/libc/stdlib/system_test:system_basic
Result: passed
Duration: 0.070s

Metadata:
    allowed_architectures is empty
    allowed_platforms is empty
    description = A basic test of system(3)
    has_cleanup = true
    required_configs is empty
    required_disk_space = 0
    required_files is empty
    required_memory = 0
    required_programs is empty
    required_user is empty
    timeout = 300
===> lib/libc/string/memchr:memchr_basic
Result: passed
Duration: 0.204s

Metadata:
    allowed_architectures is empty
    allowed_platforms is empty
    description = Test memchr(3) results, #1
    has_cleanup = false
    required_configs is empty
    required_disk_space = 0
    required_files is empty
    required_memory = 0
    required_programs is empty
    required_user is empty
    timeout = 300
===> lib/libc/string/memchr:memchr_simple
Result: passed
Duration: 0.203s

Metadata:
    allowed_architectures is empty
    allowed_platforms is empty
    description = Test memchr(3) results, #2
    has_cleanup = false
    required_configs is empty
    required_disk_space = 0
    required_files is empty
    required_memory = 0
    required_programs is empty
    required_user is empty
    timeout = 300
===> lib/libc/string/memchr:memrchr_simple
Result: passed
Duration: 0.245s

Metadata:
    allowed_architectures is empty
    allowed_platforms is empty
    description = Test memrchr(3) results
    has_cleanup = false
    required_configs is empty
    required_disk_space = 0
    required_files is empty
    required_memory = 0
    required_programs is empty
    required_user is empty
    timeout = 300
===> lib/libc/string/memcpy:memccpy_simple
Result: passed
Duration: 0.277s

Metadata:
    allowed_architectures is empty
    allowed_platforms is empty
    description = Test memccpy(3) results
    has_cleanup = false
    required_configs is empty
    required_disk_space = 0
    required_files is empty
    required_memory = 0
    required_programs is empty
    required_user is empty
    timeout = 300
===> lib/libc/string/memcpy:memcpy_basic
Result: passed
Duration: 0.285s

Metadata:
    allowed_architectures is empty
    allowed_platforms is empty
    description = Test memcpy results
    has_cleanup = false
    required_configs is empty
    required_disk_space = 0
    required_files is empty
    required_memory = 0
    required_programs is empty
    required_user is empty
    timeout = 300
===> lib/libc/string/memcpy:memcpy_return
Result: passed
Duration: 0.037s

Metadata:
    allowed_architectures is empty
    allowed_platforms is empty
    description = Test memcpy(3) return value
    has_cleanup = false
    required_configs is empty
    required_disk_space = 0
    required_files is empty
    required_memory = 0
    required_programs is empty
    required_user is empty
    timeout = 300
===> lib/libc/string/memmem:memmem_basic
Result: passed
Duration: 0.990s

Metadata:
    allowed_architectures is empty
    allowed_platforms is empty
    description = Test memmem results
    has_cleanup = false
    required_configs is empty
    required_disk_space = 0
    required_files is empty
    required_memory = 0
    required_programs is empty
    required_user is empty
    timeout = 300
===> lib/libc/string/memset:memset_array
Result: passed
Duration: 0.188s

Metadata:
    allowed_architectures is empty
    allowed_platforms is empty
    description = Test memset(3) with arrays
    has_cleanup = false
    required_configs is empty
    required_disk_space = 0
    required_files is empty
    required_memory = 0
    required_programs is empty
    required_user is empty
    timeout = 300
===> lib/libc/string/memset:memset_basic
Result: passed
Duration: 0.124s

Metadata:
    allowed_architectures is empty
    allowed_platforms is empty
    description = A basic test of memset(3)
    has_cleanup = false
    required_configs is empty
    required_disk_space = 0
    required_files is empty
    required_memory = 0
    required_programs is empty
    required_user is empty
    timeout = 300
===> lib/libc/string/memset:memset_nonzero
Result: passed
Duration: 0.147s

Metadata:
    allowed_architectures is empty
    allowed_platforms is empty
    description = Test memset(3) with non-zero params
    has_cleanup = false
    required_configs is empty
    required_disk_space = 0
    required_files is empty
    required_memory = 0
    required_programs is empty
    required_user is empty
    timeout = 300
===> lib/libc/string/memset:memset_return
Result: passed
Duration: 0.087s

Metadata:
    allowed_architectures is empty
    allowed_platforms is empty
    description = Test memset(3) return value
    has_cleanup = false
    required_configs is empty
    required_disk_space = 0
    required_files is empty
    required_memory = 0
    required_programs is empty
    required_user is empty
    timeout = 300
===> lib/libc/string/memset:memset_struct
Result: passed
Duration: 0.102s

Metadata:
    allowed_architectures is empty
    allowed_platforms is empty
    description = Test memset(3) with a structure
    has_cleanup = false
    required_configs is empty
    required_disk_space = 0
    required_files is empty
    required_memory = 0
    required_programs is empty
    required_user is empty
    timeout = 300
===> lib/libc/string/strcat:strcat_basic
Result: passed
Duration: 0.377s

Metadata:
    allowed_architectures is empty
    allowed_platforms is empty
    description = Test strcat(3) results
    has_cleanup = false
    required_configs is empty
    required_disk_space = 0
    required_files is empty
    required_memory = 0
    required_programs is empty
    required_user is empty
    timeout = 300
===> lib/libc/string/strcat:strncat_simple
Result: passed
Duration: 0.201s

Metadata:
    allowed_architectures is empty
    allowed_platforms is empty
    description = Test strncat(3) results
    has_cleanup = false
    required_configs is empty
    required_disk_space = 0
    required_files is empty
    required_memory = 0
    required_programs is empty
    required_user is empty
    timeout = 300
===> lib/libc/string/strchr:strchr_basic
Result: passed
Duration: 0.237s

Metadata:
    allowed_architectures is empty
    allowed_platforms is empty
    description = Test strchr(3) results
    has_cleanup = false
    required_configs is empty
    required_disk_space = 0
    required_files is empty
    required_memory = 0
    required_programs is empty
    required_user is empty
    timeout = 300
===> lib/libc/string/strcmp:strcmp_basic
Result: passed
Duration: 0.466s

Metadata:
    allowed_architectures is empty
    allowed_platforms is empty
    description = Test strcmp(3) results, #1
    has_cleanup = false
    required_configs is empty
    required_disk_space = 0
    required_files is empty
    required_memory = 0
    required_programs is empty
    required_user is empty
    timeout = 300
===> lib/libc/string/strcmp:strcmp_simple
Result: passed
Duration: 0.650s

Metadata:
    allowed_architectures is empty
    allowed_platforms is empty
    description = Test strcmp(3) results, #2
    has_cleanup = false
    required_configs is empty
    required_disk_space = 0
    required_files is empty
    required_memory = 0
    required_programs is empty
    required_user is empty
    timeout = 300
===> lib/libc/string/strcpy:strcpy_basic
Result: passed
Duration: 0.559s

Metadata:
    allowed_architectures is empty
    allowed_platforms is empty
    description = Test strcpy(3) results
    has_cleanup = false
    required_configs is empty
    required_disk_space = 0
    required_files is empty
    required_memory = 0
    required_programs is empty
    required_user is empty
    timeout = 300
===> lib/libc/string/strcspn:strcspn
Result: passed
Duration: 1.414s

Metadata:
    allowed_architectures is empty
    allowed_platforms is empty
    description = Test strcspn(3)
    has_cleanup = false
    required_configs is empty
    required_disk_space = 0
    required_files is empty
    required_memory = 0
    required_programs is empty
    required_user is empty
    timeout = 300
===> lib/libc/string/strerror:strerror_basic
Result: passed
Duration: 0.183s

Metadata:
    allowed_architectures is empty
    allowed_platforms is empty
    description = A basic test of strerror(3)
    has_cleanup = false
    required_configs is empty
    required_disk_space = 0
    required_files is empty
    required_memory = 0
    required_programs is empty
    required_user is empty
    timeout = 300
===> lib/libc/string/strerror:strerror_err
Result: passed
Duration: 0.269s

Metadata:
    allowed_architectures is empty
    allowed_platforms is empty
    description = Test errors from strerror(3)
    has_cleanup = false
    required_configs is empty
    required_disk_space = 0
    required_files is empty
    required_memory = 0
    required_programs is empty
    required_user is empty
    timeout = 300
===> lib/libc/string/strerror:strerror_r_basic
Result: passed
Duration: 0.356s

Metadata:
    allowed_architectures is empty
    allowed_platforms is empty
    description = A basic test of strerror_r(3)
    has_cleanup = false
    required_configs is empty
    required_disk_space = 0
    required_files is empty
    required_memory = 0
    required_programs is empty
    required_user is empty
    timeout = 300
===> lib/libc/string/strerror:strerror_r_err
Result: passed
Duration: 0.334s

Metadata:
    allowed_architectures is empty
    allowed_platforms is empty
    description = Test errors from strerror_r(3)
    has_cleanup = false
    required_configs is empty
    required_disk_space = 0
    required_files is empty
    required_memory = 0
    required_programs is empty
    required_user is empty
    timeout = 300
===> lib/libc/string/strlen:strlen_basic
Result: passed
Duration: 0.424s

Metadata:
    allowed_architectures is empty
    allowed_platforms is empty
    description = Test strlen(3) results
    has_cleanup = false
    required_configs is empty
    required_disk_space = 0
    required_files is empty
    required_memory = 0
    required_programs is empty
    required_user is empty
    timeout = 300
===> lib/libc/string/strlen:strlen_huge
Result: passed
Duration: 0.389s

Metadata:
    allowed_architectures is empty
    allowed_platforms is empty
    description = Test strlen(3) with huge strings
    has_cleanup = false
    required_configs is empty
    required_disk_space = 0
    required_files is empty
    required_memory = 0
    required_programs is empty
    required_user is empty
    timeout = 300
===> lib/libc/string/strlen:strnlen_basic
Result: passed
Duration: 0.518s

Metadata:
    allowed_architectures is empty
    allowed_platforms is empty
    description = A naive test of strnlen(3)
    has_cleanup = false
    required_configs is empty
    required_disk_space = 0
    required_files is empty
    required_memory = 0
    required_programs is empty
    required_user is empty
    timeout = 300
===> lib/libc/string/strpbrk:strpbrk
Result: passed
Duration: 0.627s

Metadata:
    allowed_architectures is empty
    allowed_platforms is empty
    description = Test strpbrk(3)
    has_cleanup = false
    required_configs is empty
    required_disk_space = 0
    required_files is empty
    required_memory = 0
    required_programs is empty
    required_user is empty
    timeout = 300
===> lib/libc/string/strrchr:strrchr_basic
Result: passed
Duration: 1.385s

Metadata:
    allowed_architectures is empty
    allowed_platforms is empty
    description = Test strrchr(3) results
    has_cleanup = false
    required_configs is empty
    required_disk_space = 0
    required_files is empty
    required_memory = 0
    required_programs is empty
    required_user is empty
    timeout = 300
===> lib/libc/string/strspn:strspn
Result: passed
Duration: 0.757s

Metadata:
    allowed_architectures is empty
    allowed_platforms is empty
    description = Test strspn(3)
    has_cleanup = false
    required_configs is empty
    required_disk_space = 0
    required_files is empty
    required_memory = 0
    required_programs is empty
    required_user is empty
    timeout = 300
===> lib/libc/string/swab:swab_basic
Result: passed
Duration: 0.691s

Metadata:
    allowed_architectures is empty
    allowed_platforms is empty
    description = Test swab results
    has_cleanup = false
    required_configs is empty
    required_disk_space = 0
    required_files is empty
    required_memory = 0
    required_programs is empty
    required_user is empty
    timeout = 300
===> lib/libc/sys/access_test:access_access
Result: passed
Duration: 0.197s

Metadata:
    allowed_architectures is empty
    allowed_platforms is empty
    description = Test access(2) for EACCES
    has_cleanup = true
    required_configs is empty
    required_disk_space = 0
    required_files is empty
    required_memory = 0
    required_programs is empty
    required_user = unprivileged
    timeout = 300
===> lib/libc/sys/access_test:access_fault
Result: passed
Duration: 0.256s

Metadata:
    allowed_architectures is empty
    allowed_platforms is empty
    description = Test access(2) for EFAULT
    has_cleanup = false
    required_configs is empty
    required_disk_space = 0
    required_files is empty
    required_memory = 0
    required_programs is empty
    required_user is empty
    timeout = 300
===> lib/libc/sys/access_test:access_inval
Result: passed
Duration: 0.417s

Metadata:
    allowed_architectures is empty
    allowed_platforms is empty
    description = Test access(2) for EINVAL
    has_cleanup = false
    required_configs is empty
    required_disk_space = 0
    required_files is empty
    required_memory = 0
    required_programs is empty
    required_user is empty
    timeout = 300
===> lib/libc/sys/access_test:access_notdir
Result: passed
Duration: 0.338s

Metadata:
    allowed_architectures is empty
    allowed_platforms is empty
    description = Test access(2) for ENOTDIR
    has_cleanup = false
    required_configs is empty
    required_disk_space = 0
    required_files is empty
    required_memory = 0
    required_programs is empty
    required_user is empty
    timeout = 300
===> lib/libc/sys/access_test:access_notexist
Result: passed
Duration: 0.281s

Metadata:
    allowed_architectures is empty
    allowed_platforms is empty
    description = Test access(2) for ENOENT
    has_cleanup = false
    required_configs is empty
    required_disk_space = 0
    required_files is empty
    required_memory = 0
    required_programs is empty
    required_user is empty
    timeout = 300
===> lib/libc/sys/access_test:access_toolong
Result: passed
Duration: 0.198s

Metadata:
    allowed_architectures is empty
    allowed_platforms is empty
    description = Test access(2) for ENAMETOOLONG
    has_cleanup = false
    required_configs is empty
    required_disk_space = 0
    required_files is empty
    required_memory = 0
    required_programs is empty
    required_user is empty
    timeout = 300
===> lib/libc/sys/chroot_test:chroot_basic
Result: passed
Duration: 1.581s

Metadata:
    allowed_architectures is empty
    allowed_platforms is empty
    description = A basic test of chroot(2)
    has_cleanup = false
    required_configs is empty
    required_disk_space = 0
    required_files is empty
    required_memory = 0
    required_programs is empty
    required_user = root
    timeout = 300
===> lib/libc/sys/chroot_test:chroot_err
Result: passed
Duration: 0.175s

Metadata:
    allowed_architectures is empty
    allowed_platforms is empty
    description = Test error conditions of chroot(2)
    has_cleanup = false
    required_configs is empty
    required_disk_space = 0
    required_files is empty
    required_memory = 0
    required_programs is empty
    required_user = root
    timeout = 300
===> lib/libc/sys/chroot_test:chroot_perm
Result: passed
Duration: 0.144s

Metadata:
    allowed_architectures is empty
    allowed_platforms is empty
    description = Test permissions with chroot(2)
    has_cleanup = false
    required_configs is empty
    required_disk_space = 0
    required_files is empty
    required_memory = 0
    required_programs is empty
    required_user = unprivileged
    timeout = 300
===> lib/libc/sys/clock_gettime_test:clock_gettime_real
Result: passed
Duration: 0.139s

Metadata:
    allowed_architectures is empty
    allowed_platforms is empty
    description = Checks the monotonicity of the CLOCK_REALTIME implementation
    has_cleanup = false
    required_configs is empty
    required_disk_space = 0
    required_files is empty
    required_memory = 0
    required_programs is empty
    required_user = root
    timeout = 300

Standard output:
kern.timecounter.hardware = HPET
kern.timecounter.choice = TSC-low(-100) ACPI-fast(900) HPET(950) i8254(0) dummy(-1000000)
===> lib/libc/sys/connect_test:connect_low_port
Result: passed
Duration: 0.168s

Metadata:
    allowed_architectures is empty
    allowed_platforms is empty
    description = Checks that low-port allocation works
    has_cleanup = false
    required_configs is empty
    required_disk_space = 0
    required_files is empty
    required_memory = 0
    required_programs is empty
    required_user = root
    timeout = 300
===> lib/libc/sys/dup_test:dup2_basic
Result: passed
Duration: 0.128s

Metadata:
    allowed_architectures is empty
    allowed_platforms is empty
    description = A basic test of dup2(2)
    has_cleanup = false
    required_configs is empty
    required_disk_space = 0
    required_files is empty
    required_memory = 0
    required_programs is empty
    required_user is empty
    timeout = 300
===> lib/libc/sys/dup_test:dup2_err
Result: passed
Duration: 0.136s

Metadata:
    allowed_architectures is empty
    allowed_platforms is empty
    description = Test error conditions of dup2(2)
    has_cleanup = false
    required_configs is empty
    required_disk_space = 0
    required_files is empty
    required_memory = 0
    required_programs is empty
    required_user is empty
    timeout = 300
===> lib/libc/sys/dup_test:dup2_max
Result: passed
Duration: 0.130s

Metadata:
    allowed_architectures is empty
    allowed_platforms is empty
    description = Test dup2(2) against limits
    has_cleanup = false
    required_configs is empty
    required_disk_space = 0
    required_files is empty
    required_memory = 0
    required_programs is empty
    required_user is empty
    timeout = 300
===> lib/libc/sys/dup_test:dup2_mode
Result: passed
Duration: 0.113s

Metadata:
    allowed_architectures is empty
    allowed_platforms is empty
    description = A basic test of dup2(2)
    has_cleanup = true
    required_configs is empty
    required_disk_space = 0
    required_files is empty
    required_memory = 0
    required_programs is empty
    required_user is empty
    timeout = 300
===> lib/libc/sys/dup_test:dup3_err
Result: passed
Duration: 0.069s

Metadata:
    allowed_architectures is empty
    allowed_platforms is empty
    description = Test error conditions of dup3(2) (PR lib/45148)
    has_cleanup = false
    required_configs is empty
    required_disk_space = 0
    required_files is empty
    required_memory = 0
    required_programs is empty
    required_user is empty
    timeout = 300
===> lib/libc/sys/dup_test:dup3_max
Result: passed
Duration: 0.128s

Metadata:
    allowed_architectures is empty
    allowed_platforms is empty
    description = Test dup3(2) against limits
    has_cleanup = false
    required_configs is empty
    required_disk_space = 0
    required_files is empty
    required_memory = 0
    required_programs is empty
    required_user is empty
    timeout = 300
===> lib/libc/sys/dup_test:dup3_mode
Result: passed
Duration: 0.256s

Metadata:
    allowed_architectures is empty
    allowed_platforms is empty
    description = A basic test of dup3(2)
    has_cleanup = true
    required_configs is empty
    required_disk_space = 0
    required_files is empty
    required_memory = 0
    required_programs is empty
    required_user is empty
    timeout = 300
===> lib/libc/sys/dup_test:dup_err
Result: passed
Duration: 1.148s

Metadata:
    allowed_architectures is empty
    allowed_platforms is empty
    description = Test error conditions of dup(2)
    has_cleanup = false
    required_configs is empty
    required_disk_space = 0
    required_files is empty
    required_memory = 0
    required_programs is empty
    required_user is empty
    timeout = 300
===> lib/libc/sys/dup_test:dup_max
Result: passed
Duration: 0.443s

Metadata:
    allowed_architectures is empty
    allowed_platforms is empty
    description = Test dup(2) against limits
    has_cleanup = true
    required_configs is empty
    required_disk_space = 0
    required_files is empty
    required_memory = 0
    required_programs is empty
    required_user is empty
    timeout = 300
===> lib/libc/sys/dup_test:dup_mode
Result: passed
Duration: 1.667s

Metadata:
    allowed_architectures is empty
    allowed_platforms is empty
    description = A basic test of dup(2)
    has_cleanup = true
    required_configs is empty
    required_disk_space = 0
    required_files is empty
    required_memory = 0
    required_programs is empty
    required_user is empty
    timeout = 300
===> lib/libc/sys/fsync_test:fsync_err
Result: passed
Duration: 0.388s

Metadata:
    allowed_architectures is empty
    allowed_platforms is empty
    description = Test error conditions of fsync(2) (PR kern/30)
    has_cleanup = false
    required_configs is empty
    required_disk_space = 0
    required_files is empty
    required_memory = 0
    required_programs is empty
    required_user is empty
    timeout = 300
===> lib/libc/sys/fsync_test:fsync_sync
Result: passed
Duration: 0.510s

Metadata:
    allowed_architectures is empty
    allowed_platforms is empty
    description = A basic test of fsync(2)
    has_cleanup = false
    required_configs is empty
    required_disk_space = 0
    required_files is empty
    required_memory = 0
    required_programs is empty
    required_user is empty
    timeout = 300
===> lib/libc/sys/getcontext_test:getcontext_err
Result: passed
Duration: 0.177s

Metadata:
    allowed_architectures is empty
    allowed_platforms is empty
    description = Test errors from getcontext(2)
    has_cleanup = false
    required_configs is empty
    required_disk_space = 0
    required_files is empty
    required_memory = 0
    required_programs is empty
    required_user is empty
    timeout = 300
===> lib/libc/sys/getcontext_test:setcontext_err
Result: passed
Duration: 0.118s

Metadata:
    allowed_architectures is empty
    allowed_platforms is empty
    description = Test errors from setcontext(2)
    has_cleanup = false
    required_configs is empty
    required_disk_space = 0
    required_files is empty
    required_memory = 0
    required_programs is empty
    required_user is empty
    timeout = 300
===> lib/libc/sys/getcontext_test:setcontext_link
Result: passed
Duration: 0.081s

Metadata:
    allowed_architectures is empty
    allowed_platforms is empty
    description = Checks get/make/setcontext(), context linking via uc_link(), and argument passing to the new context
    has_cleanup = false
    required_configs is empty
    required_disk_space = 0
    required_files is empty
    required_memory = 0
    required_programs is empty
    required_user is empty
    timeout = 300
===> lib/libc/sys/getgroups_test:getgroups_err
Result: expected_failure: Reported as kern/189941: /builds/FreeBSD_HEAD/contrib/netbsd-tests/lib/libc/sys/t_getgroups.c:63: getgroups(-1, gidset) == -1 not met
Duration: 0.013s

Metadata:
    allowed_architectures is empty
    allowed_platforms is empty
    description = Test errors in getgroups(2)
    has_cleanup = false
    required_configs is empty
    required_disk_space = 0
    required_files is empty
    required_memory = 0
    required_programs is empty
    required_user is empty
    timeout = 300
===> lib/libc/sys/getgroups_test:getgroups_getgid
Result: passed
Duration: 0.013s

Metadata:
    allowed_architectures is empty
    allowed_platforms is empty
    description = Test getgid(2) from getgroups(2)
    has_cleanup = false
    required_configs is empty
    required_disk_space = 0
    required_files is empty
    required_memory = 0
    required_programs is empty
    required_user is empty
    timeout = 300
===> lib/libc/sys/getgroups_test:getgroups_setgid
Result: passed
Duration: 0.014s

Metadata:
    allowed_architectures is empty
    allowed_platforms is empty
    description = Test setgid(2) from getgroups(2)
    has_cleanup = false
    required_configs is empty
    required_disk_space = 0
    required_files is empty
    required_memory = 0
    required_programs is empty
    required_user = root
    timeout = 300
===> lib/libc/sys/getgroups_test:getgroups_zero
Result: passed
Duration: 0.014s

Metadata:
    allowed_architectures is empty
    allowed_platforms is empty
    description = Test getgroups(2) with zero param
    has_cleanup = false
    required_configs is empty
    required_disk_space = 0
    required_files is empty
    required_memory = 0
    required_programs is empty
    required_user is empty
    timeout = 300
===> lib/libc/sys/getitimer_test:getitimer_empty
Result: passed
Duration: 0.015s

Metadata:
    allowed_architectures is empty
    allowed_platforms is empty
    description = getitimer(2) before setitimer(2)
    has_cleanup = false
    required_configs is empty
    required_disk_space = 0
    required_files is empty
    required_memory = 0
    required_programs is empty
    required_user is empty
    timeout = 300
===> lib/libc/sys/getitimer_test:getitimer_err
Result: passed
Duration: 0.026s

Metadata:
    allowed_architectures is empty
    allowed_platforms is empty
    description = Test errors from getitimer(2)
    has_cleanup = false
    required_configs is empty
    required_disk_space = 0
    required_files is empty
    required_memory = 0
    required_programs is empty
    required_user is empty
    timeout = 300
===> lib/libc/sys/getitimer_test:setitimer_basic
Result: passed
Duration: 0.014s

Metadata:
    allowed_architectures is empty
    allowed_platforms is empty
    description = A basic test of setitimer(2)
    has_cleanup = false
    required_configs is empty
    required_disk_space = 0
    required_files is empty
    required_memory = 0
    required_programs is empty
    required_user is empty
    timeout = 300
===> lib/libc/sys/getitimer_test:setitimer_err
Result: passed
Duration: 0.014s

Metadata:
    allowed_architectures is empty
    allowed_platforms is empty
    description = Test errors from setitimer(2) (PR standards/44927)
    has_cleanup = false
    required_configs is empty
    required_disk_space = 0
    required_files is empty
    required_memory = 0
    required_programs is empty
    required_user is empty
    timeout = 300
===> lib/libc/sys/getitimer_test:setitimer_old
Result: passed
Duration: 0.014s

Metadata:
    allowed_architectures is empty
    allowed_platforms is empty
    description = Test old values from setitimer(2)
    has_cleanup = false
    required_configs is empty
    required_disk_space = 0
    required_files is empty
    required_memory = 0
    required_programs is empty
    required_user is empty
    timeout = 300
===> lib/libc/sys/getlogin_test:getlogin_r_err
Result: passed
Duration: 0.014s

Metadata:
    allowed_architectures is empty
    allowed_platforms is empty
    description = Test errors from getlogin_r(2)
    has_cleanup = false
    required_configs is empty
    required_disk_space = 0
    required_files is empty
    required_memory = 0
    required_programs is empty
    required_user is empty
    timeout = 300
===> lib/libc/sys/getlogin_test:getlogin_same
Result: passed
Duration: 0.014s

Metadata:
    allowed_architectures is empty
    allowed_platforms is empty
    description = getlogin(2) vs. getlogin_r(2)
    has_cleanup = false
    required_configs is empty
    required_disk_space = 0
    required_files is empty
    required_memory = 0
    required_programs is empty
    required_user is empty
    timeout = 300
===> lib/libc/sys/getlogin_test:setlogin_basic
Result: passed
Duration: 0.015s

Metadata:
    allowed_architectures is empty
    allowed_platforms is empty
    description = Test that setlogin(2) works
    has_cleanup = false
    required_configs is empty
    required_disk_space = 0
    required_files is empty
    required_memory = 0
    required_programs is empty
    required_user = root
    timeout = 300
===> lib/libc/sys/getlogin_test:setlogin_err
Result: passed
Duration: 0.015s

Metadata:
    allowed_architectures is empty
    allowed_platforms is empty
    description = Test errors from setlogin(2)
    has_cleanup = false
    required_configs is empty
    required_disk_space = 0
    required_files is empty
    required_memory = 0
    required_programs is empty
    required_user = root
    timeout = 300
===> lib/libc/sys/getlogin_test:setlogin_perm
Result: passed
Duration: 0.015s

Metadata:
    allowed_architectures is empty
    allowed_platforms is empty
    description = Test setlogin(2) as normal user
    has_cleanup = false
    required_configs is empty
    required_disk_space = 0
    required_files is empty
    required_memory = 0
    required_programs is empty
    required_user = unprivileged
    timeout = 300
===> lib/libc/sys/getpid_test:getpid_process
Result: passed
Duration: 0.023s

Metadata:
    allowed_architectures is empty
    allowed_platforms is empty
    description = Test getpid(2) with processes
    has_cleanup = false
    required_configs is empty
    required_disk_space = 0
    required_files is empty
    required_memory = 0
    required_programs is empty
    required_user is empty
    timeout = 300
===> lib/libc/sys/getpid_test:getpid_thread
Result: passed
Duration: 0.017s

Metadata:
    allowed_architectures is empty
    allowed_platforms is empty
    description = Test getpid(2) with threads
    has_cleanup = false
    required_configs is empty
    required_disk_space = 0
    required_files is empty
    required_memory = 0
    required_programs is empty
    required_user is empty
    timeout = 300
===> lib/libc/sys/getrusage_test:getrusage_err
Result: passed
Duration: 0.015s

Metadata:
    allowed_architectures is empty
    allowed_platforms is empty
    description = Test error conditions
    has_cleanup = false
    required_configs is empty
    required_disk_space = 0
    required_files is empty
    required_memory = 0
    required_programs is empty
    required_user is empty
    timeout = 300
===> lib/libc/sys/getrusage_test:getrusage_sig
Result: passed
Duration: 0.014s

Metadata:
    allowed_architectures is empty
    allowed_platforms is empty
    description = Test signal count with getrusage(2)
    has_cleanup = false
    required_configs is empty
    required_disk_space = 0
    required_files is empty
    required_memory = 0
    required_programs is empty
    required_user is empty
    timeout = 300
===> lib/libc/sys/getrusage_test:getrusage_utime_back
Result: passed
Duration: 3.916s

Metadata:
    allowed_architectures is empty
    allowed_platforms is empty
    description = Test bogus values from getrusage(2)
    has_cleanup = false
    required_configs is empty
    required_disk_space = 0
    required_files is empty
    required_memory = 0
    required_programs is empty
    required_user is empty
    timeout = 300
===> lib/libc/sys/getrusage_test:getrusage_utime_zero
Result: skipped: this testcase passes/fails sporadically on FreeBSD/i386 @ r273153 (at least)
Duration: 0.343s

Metadata:
    allowed_architectures is empty
    allowed_platforms is empty
    description = Test zero utime from getrusage(2)
    has_cleanup = false
    required_configs is empty
    required_disk_space = 0
    required_files is empty
    required_memory = 0
    required_programs is empty
    required_user is empty
    timeout = 300
===> lib/libc/sys/getsid_test:getsid_current
Result: passed
Duration: 0.378s

Metadata:
    allowed_architectures is empty
    allowed_platforms is empty
    description = Test getsid(0)
    has_cleanup = false
    required_configs is empty
    required_disk_space = 0
    required_files is empty
    required_memory = 0
    required_programs is empty
    required_user is empty
    timeout = 300
===> lib/libc/sys/getsid_test:getsid_err
Result: passed
Duration: 0.292s

Metadata:
    allowed_architectures is empty
    allowed_platforms is empty
    description = Test error conditions in getsid(2)
    has_cleanup = false
    required_configs is empty
    required_disk_space = 0
    required_files is empty
    required_memory = 0
    required_programs is empty
    required_user is empty
    timeout = 300
===> lib/libc/sys/getsid_test:getsid_process
Result: passed
Duration: 0.217s

Metadata:
    allowed_architectures is empty
    allowed_platforms is empty
    description = Test getsid(2) with processes
    has_cleanup = false
    required_configs is empty
    required_disk_space = 0
    required_files is empty
    required_memory = 0
    required_programs is empty
    required_user is empty
    timeout = 300
===> lib/libc/sys/gettimeofday_test:gettimeofday_err
Result: passed
Duration: 0.194s

Metadata:
    allowed_architectures is empty
    allowed_platforms is empty
    description = Test errors from gettimeofday(2)
    has_cleanup = false
    required_configs is empty
    required_disk_space = 0
    required_files is empty
    required_memory = 0
    required_programs is empty
    required_user is empty
    timeout = 300
===> lib/libc/sys/gettimeofday_test:gettimeofday_mono
Result: passed
Duration: 0.137s

Metadata:
    allowed_architectures is empty
    allowed_platforms is empty
    description = Test monotonicity of gettimeofday(2)
    has_cleanup = false
    required_configs is empty
    required_disk_space = 0
    required_files is empty
    required_memory = 0
    required_programs is empty
    required_user is empty
    timeout = 300
===> lib/libc/sys/issetugid_test:issetugid_egid
Result: passed
Duration: 0.184s

Metadata:
    allowed_architectures is empty
    allowed_platforms is empty
    description = A test of issetugid(2), eff. GID
    has_cleanup = false
    required_configs is empty
    required_disk_space = 0
    required_files is empty
    required_memory = 0
    required_programs is empty
    required_user = root
    timeout = 300
===> lib/libc/sys/issetugid_test:issetugid_euid
Result: passed
Duration: 0.089s

Metadata:
    allowed_architectures is empty
    allowed_platforms is empty
    description = A test of issetugid(2), eff. UID
    has_cleanup = false
    required_configs is empty
    required_disk_space = 0
    required_files is empty
    required_memory = 0
    required_programs is empty
    required_user = root
    timeout = 300
===> lib/libc/sys/issetugid_test:issetugid_rgid
Result: passed
Duration: 0.085s

Metadata:
    allowed_architectures is empty
    allowed_platforms is empty
    description = A test of issetugid(2), real GID
    has_cleanup = false
    required_configs is empty
    required_disk_space = 0
    required_files is empty
    required_memory = 0
    required_programs is empty
    required_user = root
    timeout = 300
===> lib/libc/sys/issetugid_test:issetugid_ruid
Result: passed
Duration: 0.281s

Metadata:
    allowed_architectures is empty
    allowed_platforms is empty
    description = A test of issetugid(2), real UID
    has_cleanup = false
    required_configs is empty
    required_disk_space = 0
    required_files is empty
    required_memory = 0
    required_programs is empty
    required_user = root
    timeout = 300
===> lib/libc/sys/kevent_test:kevent_zerotimer
Result: passed
Duration: 1.060s

Metadata:
    allowed_architectures is empty
    allowed_platforms is empty
    description = Checks that kevent with a 0 timer does not crash the system (PR lib/45618)
    has_cleanup = false
    required_configs is empty
    required_disk_space = 0
    required_files is empty
    required_memory = 0
    required_programs is empty
    required_user is empty
    timeout = 300
===> lib/libc/sys/kevent_test:kqueue_desc_passing
Result: passed
Duration: 0.768s

Metadata:
    allowed_architectures is empty
    allowed_platforms is empty
    description = Checks that passing a kqueue to another process does not crash the kernel (PR 46463)
    has_cleanup = false
    required_configs is empty
    required_disk_space = 0
    required_files is empty
    required_memory = 0
    required_programs is empty
    required_user is empty
    timeout = 300

Standard output:
parent (pid 20754): sending kq fd 4
===> lib/libc/sys/kevent_test:kqueue_unsupported_fd
Result: skipped: no /nonexistent available for testing
Duration: 0.283s

Metadata:
    allowed_architectures is empty
    allowed_platforms is empty
    description = Checks that watching an fd whose type is not supported does not crash the kernel
    has_cleanup = false
    required_configs is empty
    required_disk_space = 0
    required_files is empty
    required_memory = 0
    required_programs is empty
    required_user is empty
    timeout = 300
===> lib/libc/sys/kill_test:kill_basic
Result: passed
Duration: 0.330s

Metadata:
    allowed_architectures is empty
    allowed_platforms is empty
    description = Test that kill(2) works
    has_cleanup = false
    required_configs is empty
    required_disk_space = 0
    required_files is empty
    required_memory = 0
    required_programs is empty
    required_user is empty
    timeout = 300
===> lib/libc/sys/kill_test:kill_err
Result: passed
Duration: 0.121s

Metadata:
    allowed_architectures is empty
    allowed_platforms is empty
    description = Test error conditions of kill(2)
    has_cleanup = false
    required_configs is empty
    required_disk_space = 0
    required_files is empty
    required_memory = 0
    required_programs is empty
    required_user is empty
    timeout = 300
===> lib/libc/sys/kill_test:kill_perm
Result: passed
Duration: 1.308s

Metadata:
    allowed_architectures is empty
    allowed_platforms is empty
    description = Test kill(2) permissions
    has_cleanup = false
    required_configs is empty
    required_disk_space = 0
    required_files is empty
    required_memory = 0
    required_programs is empty
    required_user = root
    timeout = 300
===> lib/libc/sys/kill_test:kill_pgrp_neg
Result: passed
Duration: 0.069s

Metadata:
    allowed_architectures is empty
    allowed_platforms is empty
    description = Test kill(2) with process group, #2
    has_cleanup = false
    required_configs is empty
    required_disk_space = 0
    required_files is empty
    required_memory = 0
    required_programs is empty
    required_user is empty
    timeout = 300
===> lib/libc/sys/kill_test:kill_pgrp_zero
Result: passed
Duration: 0.067s

Metadata:
    allowed_architectures is empty
    allowed_platforms is empty
    description = Test kill(2) with process group, #1
    has_cleanup = false
    required_configs is empty
    required_disk_space = 0
    required_files is empty
    required_memory = 0
    required_programs is empty
    required_user is empty
    timeout = 300
===> lib/libc/sys/link_test:link_count
Result: passed
Duration: 0.048s

Metadata:
    allowed_architectures is empty
    allowed_platforms is empty
    description = link(2) counts are incremented?
    has_cleanup = true
    required_configs is empty
    required_disk_space = 0
    required_files is empty
    required_memory = 0
    required_programs is empty
    required_user is empty
    timeout = 300
===> lib/libc/sys/link_test:link_err
Result: passed
Duration: 0.150s

Metadata:
    allowed_architectures is empty
    allowed_platforms is empty
    description = Test error conditions of link(2)
    has_cleanup = true
    required_configs is empty
    required_disk_space = 0
    required_files is empty
    required_memory = 0
    required_programs is empty
    required_user is empty
    timeout = 300
===> lib/libc/sys/link_test:link_perm
Result: passed
Duration: 0.037s

Metadata:
    allowed_architectures is empty
    allowed_platforms is empty
    description = Test permissions with link(2)
    has_cleanup = false
    required_configs is empty
    required_disk_space = 0
    required_files is empty
    required_memory = 0
    required_programs is empty
    required_user = unprivileged
    timeout = 300
===> lib/libc/sys/link_test:link_stat
Result: passed
Duration: 0.083s

Metadata:
    allowed_architectures is empty
    allowed_platforms is empty
    description = Check stat(2) of a linked file
    has_cleanup = true
    required_configs is empty
    required_disk_space = 0
    required_files is empty
    required_memory = 0
    required_programs is empty
    required_user is empty
    timeout = 300
===> lib/libc/sys/listen_test:listen_err
Result: passed
Duration: 0.164s

Metadata:
    allowed_architectures is empty
    allowed_platforms is empty
    description = Checks errors from listen(2) (PR standards/46150)
    has_cleanup = true
    required_configs is empty
    required_disk_space = 0
    required_files is empty
    required_memory = 0
    required_programs is empty
    required_user is empty
    timeout = 300
===> lib/libc/sys/listen_test:listen_low_port
Result: passed
Duration: 0.063s

Metadata:
    allowed_architectures is empty
    allowed_platforms is empty
    description = Does low-port allocation work?
    has_cleanup = false
    required_configs is empty
    required_disk_space = 0
    required_files is empty
    required_memory = 0
    required_programs is empty
    required_user = root
    timeout = 300
===> lib/libc/sys/mincore_test:mincore_err
Result: passed
Duration: 0.073s

Metadata:
    allowed_architectures is empty
    allowed_platforms is empty
    description = Test errors from mincore(2)
    has_cleanup = false
    required_configs is empty
    required_disk_space = 0
    required_files is empty
    required_memory = 0
    required_programs is empty
    required_user is empty
    timeout = 300
===> lib/libc/sys/mincore_test:mincore_resid
Result: passed
Duration: 0.052s

Metadata:
    allowed_architectures is empty
    allowed_platforms is empty
    description = Test page residency with mincore(2)
    has_cleanup = true
    required_configs is empty
    required_disk_space = 0
    required_files is empty
    required_memory = 0
    required_programs is empty
    required_user is empty
    timeout = 300
===> lib/libc/sys/mincore_test:mincore_shmseg
Result: passed
Duration: 0.156s

Metadata:
    allowed_architectures is empty
    allowed_platforms is empty
    description = residency of shared memory
    has_cleanup = false
    required_configs is empty
    required_disk_space = 0
    required_files is empty
    required_memory = 0
    required_programs is empty
    required_user is empty
    timeout = 300

Standard error:
128 pages still resident
===> lib/libc/sys/mkdir_test:mkdir_err
Result: passed
Duration: 0.785s

Metadata:
    allowed_architectures is empty
    allowed_platforms is empty
    description = Checks errors from mkdir(2)
    has_cleanup = false
    required_configs is empty
    required_disk_space = 0
    required_files is empty
    required_memory = 0
    required_programs is empty
    required_user is empty
    timeout = 300
===> lib/libc/sys/mkdir_test:mkdir_mode
Result: passed
Duration: 1.419s

Metadata:
    allowed_architectures is empty
    allowed_platforms is empty
    description = Test that UIDs and GIDs are right for a directory created with mkdir(2)
    has_cleanup = true
    required_configs is empty
    required_disk_space = 0
    required_files is empty
    required_memory = 0
    required_programs is empty
    required_user = root
    timeout = 300
===> lib/libc/sys/mkdir_test:mkdir_perm
Result: passed
Duration: 0.134s

Metadata:
    allowed_architectures is empty
    allowed_platforms is empty
    description = Checks permissions with mkdir(2)
    has_cleanup = true
    required_configs is empty
    required_disk_space = 0
    required_files is empty
    required_memory = 0
    required_programs is empty
    required_user = unprivileged
    timeout = 300
===> lib/libc/sys/mkdir_test:mkdir_trail
Result: passed
Duration: 0.237s

Metadata:
    allowed_architectures is empty
    allowed_platforms is empty
    description = Checks mkdir(2) for trailing slashes
    has_cleanup = false
    required_configs is empty
    required_disk_space = 0
    required_files is empty
    required_memory = 0
    required_programs is empty
    required_user is empty
    timeout = 300

Standard output:
Checking "dir1/"
Checking "dir2//"
===> lib/libc/sys/mkfifo_test:mkfifo_block
Result: passed
Duration: 1.252s

Metadata:
    allowed_architectures is empty
    allowed_platforms is empty
    description = Test that FIFOs block
    has_cleanup = true
    required_configs is empty
    required_disk_space = 0
    required_files is empty
    required_memory = 0
    required_programs is empty
    required_user is empty
    timeout = 300
===> lib/libc/sys/mkfifo_test:mkfifo_err
Result: passed
Duration: 0.133s

Metadata:
    allowed_architectures is empty
    allowed_platforms is empty
    description = Test erros from mkfifo(2)
    has_cleanup = true
    required_configs is empty
    required_disk_space = 0
    required_files is empty
    required_memory = 0
    required_programs is empty
    required_user is empty
    timeout = 300
===> lib/libc/sys/mkfifo_test:mkfifo_nonblock
Result: passed
Duration: 1.891s

Metadata:
    allowed_architectures is empty
    allowed_platforms is empty
    description = Test O_NONBLOCK with FIFOs
    has_cleanup = true
    required_configs is empty
    required_disk_space = 0
    required_files is empty
    required_memory = 0
    required_programs is empty
    required_user is empty
    timeout = 300
===> lib/libc/sys/mkfifo_test:mkfifo_perm
Result: passed
Duration: 0.292s

Metadata:
    allowed_architectures is empty
    allowed_platforms is empty
    description = Test permissions with mkfifo(2)
    has_cleanup = true
    required_configs is empty
    required_disk_space = 0
    required_files is empty
    required_memory = 0
    required_programs is empty
    required_user = unprivileged
    timeout = 300
===> lib/libc/sys/mkfifo_test:mkfifo_stat
Result: passed
Duration: 0.590s

Metadata:
    allowed_architectures is empty
    allowed_platforms is empty
    description = Test mkfifo(2) with stat
    has_cleanup = true
    required_configs is empty
    required_disk_space = 0
    required_files is empty
    required_memory = 0
    required_programs is empty
    required_user is empty
    timeout = 300
===> lib/libc/sys/mknod_test:mknod_err
Result: passed
Duration: 0.325s

Metadata:
    allowed_architectures is empty
    allowed_platforms is empty
    description = Test error conditions of mknod(2) (PR kern/45111)
    has_cleanup = true
    required_configs is empty
    required_disk_space = 0
    required_files is empty
    required_memory = 0
    required_programs is empty
    required_user = root
    timeout = 300
===> lib/libc/sys/mknod_test:mknod_exist
Result: passed
Duration: 0.167s

Metadata:
    allowed_architectures is empty
    allowed_platforms is empty
    description = Test EEXIST from mknod(2)
    has_cleanup = true
    required_configs is empty
    required_disk_space = 0
    required_files is empty
    required_memory = 0
    required_programs is empty
    required_user = root
    timeout = 300
===> lib/libc/sys/mknod_test:mknod_perm
Result: passed
Duration: 0.348s

Metadata:
    allowed_architectures is empty
    allowed_platforms is empty
    description = Test permissions of mknod(2)
    has_cleanup = true
    required_configs is empty
    required_disk_space = 0
    required_files is empty
    required_memory = 0
    required_programs is empty
    required_user = unprivileged
    timeout = 300
===> lib/libc/sys/mknod_test:mknod_stat
Result: expected_failure: mknod does not allow S_IFREG: /builds/FreeBSD_HEAD/contrib/netbsd-tests/lib/libc/sys/t_mknod.c:179: mknod(path, S_IFREG, 0) == 0 not met
Duration: 0.215s

Metadata:
    allowed_architectures is empty
    allowed_platforms is empty
    description = A basic test of mknod(2)
    has_cleanup = true
    required_configs is empty
    required_disk_space = 0
    required_files is empty
    required_memory = 0
    required_programs is empty
    required_user = root
    timeout = 300
===> lib/libc/sys/mlock_test:mlock_clip
Result: passed
Duration: 0.333s

Metadata:
    allowed_architectures is empty
    allowed_platforms is empty
    description = Test with mlock(2) that UVM only clips if the clip address is within the entry (PR kern/44788)
    has_cleanup = false
    required_configs is empty
    required_disk_space = 0
    required_files is empty
    required_memory = 0
    required_programs is empty
    required_user is empty
    timeout = 300
===> lib/libc/sys/mlock_test:mlock_err
Result: passed
Duration: 0.247s

Metadata:
    allowed_architectures is empty
    allowed_platforms is empty
    description = Test error conditions in mlock(2) and munlock(2)
    has_cleanup = false
    required_configs is empty
    required_disk_space = 0
    required_files is empty
    required_memory = 0
    required_programs is empty
    required_user is empty
    timeout = 300

Standard output:
testing with (hopefully) invalid pointer 0x603000
===> lib/libc/sys/mlock_test:mlock_limits
Result: passed
Duration: 0.102s

Metadata:
    allowed_architectures is empty
    allowed_platforms is empty
    description = Test system limits with mlock(2)
    has_cleanup = false
    required_configs is empty
    required_disk_space = 0
    required_files is empty
    required_memory = 0
    required_programs is empty
    required_user is empty
    timeout = 300

Standard error:
trying to lock 4096 bytes with 4095 byte limit
trying to lock 3996 bytes with 3995 byte limit
trying to lock 3896 bytes with 3895 byte limit
trying to lock 3796 bytes with 3795 byte limit
trying to lock 3696 bytes with 3695 byte limit
trying to lock 3596 bytes with 3595 byte limit
trying to lock 3496 bytes with 3495 byte limit
trying to lock 3396 bytes with 3395 byte limit
trying to lock 3296 bytes with 3295 byte limit
trying to lock 3196 bytes with 3195 byte limit
trying to lock 3096 bytes with 3095 byte limit
trying to lock 2996 bytes with 2995 byte limit
trying to lock 2896 bytes with 2895 byte limit
trying to lock 2796 bytes with 2795 byte limit
trying to lock 2696 bytes with 2695 byte limit
trying to lock 2596 bytes with 2595 byte limit
trying to lock 2496 bytes with 2495 byte limit
trying to lock 2396 bytes with 2395 byte limit
trying to lock 2296 bytes with 2295 byte limit
trying to lock 2196 bytes with 2195 byte limit
trying to lock 2096 bytes with 2095 byte limit
trying to lock 1996 bytes with 1995 byte limit
trying to lock 1896 bytes with 1895 byte limit
trying to lock 1796 bytes with 1795 byte limit
trying to lock 1696 bytes with 1695 byte limit
trying to lock 1596 bytes with 1595 byte limit
trying to lock 1496 bytes with 1495 byte limit
trying to lock 1396 bytes with 1395 byte limit
trying to lock 1296 bytes with 1295 byte limit
trying to lock 1196 bytes with 1195 byte limit
trying to lock 1096 bytes with 1095 byte limit
trying to lock 996 bytes with 995 byte limit
trying to lock 896 bytes with 895 byte limit
trying to lock 796 bytes with 795 byte limit
trying to lock 696 bytes with 695 byte limit
trying to lock 596 bytes with 595 byte limit
trying to lock 496 bytes with 495 byte limit
trying to lock 396 bytes with 395 byte limit
trying to lock 296 bytes with 295 byte limit
trying to lock 196 bytes with 195 byte limit
trying to lock 96 bytes with 95 byte limit
===> lib/libc/sys/mlock_test:mlock_mmap
Result: passed
Duration: 0.187s

Metadata:
    allowed_architectures is empty
    allowed_platforms is empty
    description = Test mlock(2)-mmap(2) interaction
    has_cleanup = false
    required_configs is empty
    required_disk_space = 0
    required_files is empty
    required_memory = 0
    required_programs is empty
    required_user is empty
    timeout = 300
===> lib/libc/sys/mlock_test:mlock_nested
Result: passed
Duration: 0.331s

Metadata:
    allowed_architectures is empty
    allowed_platforms is empty
    description = Test that consecutive mlock(2) calls succeed
    has_cleanup = false
    required_configs is empty
    required_disk_space = 0
    required_files is empty
    required_memory = 0
    required_programs is empty
    required_user is empty
    timeout = 300
===> lib/libc/sys/mmap_test:mmap_err
Result: passed
Duration: 0.102s

Metadata:
    allowed_architectures is empty
    allowed_platforms is empty
    description = Test error conditions of mmap(2)
    has_cleanup = false
    required_configs is empty
    required_disk_space = 0
    required_files is empty
    required_memory = 0
    required_programs is empty
    required_user is empty
    timeout = 300
===> lib/libc/sys/mmap_test:mmap_loan
Result: passed
Duration: 0.131s

Metadata:
    allowed_architectures is empty
    allowed_platforms is empty
    description = Test uvm page loanout with mmap(2)
    has_cleanup = true
    required_configs is empty
    required_disk_space = 0
    required_files is empty
    required_memory = 0
    required_programs is empty
    required_user is empty
    timeout = 300
===> lib/libc/sys/mmap_test:mmap_prot_1
Result: passed
Duration: 0.091s

Metadata:
    allowed_architectures is empty
    allowed_platforms is empty
    description = Test mmap(2) protections, #1
    has_cleanup = true
    required_configs is empty
    required_disk_space = 0
    required_files is empty
    required_memory = 0
    required_programs is empty
    required_user is empty
    timeout = 300
===> lib/libc/sys/mmap_test:mmap_prot_2
Result: passed
Duration: 0.111s

Metadata:
    allowed_architectures is empty
    allowed_platforms is empty
    description = Test mmap(2) protections, #2
    has_cleanup = false
    required_configs is empty
    required_disk_space = 0
    required_files is empty
    required_memory = 0
    required_programs is empty
    required_user is empty
    timeout = 300
===> lib/libc/sys/mmap_test:mmap_prot_3
Result: passed
Duration: 0.245s

Metadata:
    allowed_architectures is empty
    allowed_platforms is empty
    description = Test mmap(2) protections, #3
    has_cleanup = true
    required_configs is empty
    required_disk_space = 0
    required_files is empty
    required_memory = 0
    required_programs is empty
    required_user is empty
    timeout = 300
===> lib/libc/sys/mmap_test:mmap_truncate
Result: passed
Duration: 1.690s

Metadata:
    allowed_architectures is empty
    allowed_platforms is empty
    description = Test mmap(2) and ftruncate(2)
    has_cleanup = true
    required_configs is empty
    required_disk_space = 0
    required_files is empty
    required_memory = 0
    required_programs is empty
    required_user is empty
    timeout = 300
===> lib/libc/sys/mmap_test:mmap_va0
Result: passed
Duration: 0.604s

Metadata:
    allowed_architectures is empty
    allowed_platforms is empty
    description = Test mmap(2) and vm.user_va0_disable
    has_cleanup = false
    required_configs is empty
    required_disk_space = 0
    required_files is empty
    required_memory = 0
    required_programs is empty
    required_user is empty
    timeout = 300
===> lib/libc/sys/mprotect_test:mprotect_access
Result: passed
Duration: 0.652s

Metadata:
    allowed_architectures is empty
    allowed_platforms is empty
    description = Test for EACCES from mprotect(2)
    has_cleanup = true
    required_configs is empty
    required_disk_space = 0
    required_files is empty
    required_memory = 0
    required_programs is empty
    required_user is empty
    timeout = 300
===> lib/libc/sys/mprotect_test:mprotect_err
Result: passed
Duration: 0.603s

Metadata:
    allowed_architectures is empty
    allowed_platforms is empty
    description = Test error conditions of mprotect(2)
    has_cleanup = false
    required_configs is empty
    required_disk_space = 0
    required_files is empty
    required_memory = 0
    required_programs is empty
    required_user is empty
    timeout = 300
===> lib/libc/sys/mprotect_test:mprotect_pax
Result: passed
Duration: 0.530s

Metadata:
    allowed_architectures is empty
    allowed_platforms is empty
    description = PaX restrictions and mprotect(2)
    has_cleanup = false
    required_configs is empty
    required_disk_space = 0
    required_files is empty
    required_memory = 0
    required_programs is empty
    required_user = root
    timeout = 300
===> lib/libc/sys/mprotect_test:mprotect_write
Result: passed
Duration: 0.945s

Metadata:
    allowed_architectures is empty
    allowed_platforms is empty
    description = Test mprotect(2) write protections
    has_cleanup = false
    required_configs is empty
    required_disk_space = 0
    required_files is empty
    required_memory = 0
    required_programs is empty
    required_user is empty
    timeout = 300
===> lib/libc/sys/msgctl_test:msgctl_err
Result: passed
Duration: 3.803s

Metadata:
    allowed_architectures is empty
    allowed_platforms is empty
    description = Test errors from msgctl(2)
    has_cleanup = true
    required_configs is empty
    required_disk_space = 0
    required_files is empty
    required_memory = 0
    required_programs is empty
    required_user is empty
    timeout = 300
===> lib/libc/sys/msgctl_test:msgctl_perm
Result: passed
Duration: 0.188s

Metadata:
    allowed_architectures is empty
    allowed_platforms is empty
    description = Test permissions with msgctl(2)
    has_cleanup = true
    required_configs is empty
    required_disk_space = 0
    required_files is empty
    required_memory = 0
    required_programs is empty
    required_user = root
    timeout = 300
===> lib/libc/sys/msgctl_test:msgctl_pid
Result: passed
Duration: 2.252s

Metadata:
    allowed_architectures is empty
    allowed_platforms is empty
    description = Test that PIDs are updated
    has_cleanup = true
    required_configs is empty
    required_disk_space = 0
    required_files is empty
    required_memory = 0
    required_programs is empty
    required_user is empty
    timeout = 300
===> lib/libc/sys/msgctl_test:msgctl_set
Result: passed
Duration: 0.078s

Metadata:
    allowed_architectures is empty
    allowed_platforms is empty
    description = Test msgctl(2) with IPC_SET
    has_cleanup = true
    required_configs is empty
    required_disk_space = 0
    required_files is empty
    required_memory = 0
    required_programs is empty
    required_user = root
    timeout = 300
===> lib/libc/sys/msgctl_test:msgctl_time
Result: passed
Duration: 0.144s

Metadata:
    allowed_architectures is empty
    allowed_platforms is empty
    description = Test that access times are updated
    has_cleanup = true
    required_configs is empty
    required_disk_space = 0
    required_files is empty
    required_memory = 0
    required_programs is empty
    required_user is empty
    timeout = 300
===> lib/libc/sys/msgget_test:msgget_excl
Result: passed
Duration: 0.201s

Metadata:
    allowed_architectures is empty
    allowed_platforms is empty
    description = Test msgget(2) with IPC_EXCL
    has_cleanup = true
    required_configs is empty
    required_disk_space = 0
    required_files is empty
    required_memory = 0
    required_programs is empty
    required_user is empty
    timeout = 300
===> lib/libc/sys/msgget_test:msgget_exit
Result: passed
Duration: 0.163s

Metadata:
    allowed_architectures is empty
    allowed_platforms is empty
    description = Test that XSI message queues are not removed when the process exits
    has_cleanup = true
    required_configs is empty
    required_disk_space = 0
    required_files is empty
    required_memory = 0
    required_programs is empty
    required_user is empty
    timeout = 300
===> lib/libc/sys/msgget_test:msgget_init
Result: passed
Duration: 0.043s

Metadata:
    allowed_architectures is empty
    allowed_platforms is empty
    description = Test that msgget(2) initializes data structures properly
    has_cleanup = true
    required_configs is empty
    required_disk_space = 0
    required_files is empty
    required_memory = 0
    required_programs is empty
    required_user is empty
    timeout = 300
===> lib/libc/sys/msgget_test:msgget_limit
Result: passed
Duration: 0.086s

Metadata:
    allowed_architectures is empty
    allowed_platforms is empty
    description = Test msgget(2) against system limits
    has_cleanup = false
    required_configs is empty
    required_disk_space = 0
    required_files is empty
    required_memory = 0
    required_programs is empty
    required_user is empty
    timeout = 300

Standard error:
key[0] = 589824
key[1] = 65537
key[2] = 65538
key[3] = 65539
key[4] = 65540
key[5] = 65541
key[6] = 65542
key[7] = 65543
key[8] = 65544
key[9] = 65545
key[10] = 65546
key[11] = 65547
key[12] = 65548
key[13] = 65549
key[14] = 65550
key[15] = 65551
key[16] = 65552
key[17] = 65553
key[18] = 65554
key[19] = 65555
key[20] = 65556
key[21] = 65557
key[22] = 65558
key[23] = 65559
key[24] = 65560
key[25] = 65561
key[26] = 65562
key[27] = 65563
key[28] = 65564
key[29] = 65565
key[30] = 65566
key[31] = 65567
key[32] = 65568
key[33] = 65569
key[34] = 65570
key[35] = 65571
key[36] = 65572
key[37] = 65573
key[38] = 65574
key[39] = 65575
===> lib/libc/sys/msgget_test:msgget_mode
Result: passed
Duration: 0.195s

Metadata:
    allowed_architectures is empty
    allowed_platforms is empty
    description = Test different modes with msgget(2)
    has_cleanup = true
    required_configs is empty
    required_disk_space = 0
    required_files is empty
    required_memory = 0
    required_programs is empty
    required_user = root
    timeout = 300

Standard error:
testing mode 448
testing mode 256
testing mode 128
testing mode 64
testing mode 56
testing mode 32
testing mode 16
testing mode 8
testing mode 7
testing mode 4
testing mode 2
testing mode 1
===> lib/libc/sys/msgrcv_test:msgrcv_basic
Result: passed
Duration: 0.125s

Metadata:
    allowed_architectures is empty
    allowed_platforms is empty
    description = A basic test of msgrcv(2)
    has_cleanup = true
    required_configs is empty
    required_disk_space = 0
    required_files is empty
    required_memory = 0
    required_programs is empty
    required_user is empty
    timeout = 300
===> lib/libc/sys/msgrcv_test:msgrcv_block
Result: passed
Duration: 2.860s

Metadata:
    allowed_architectures is empty
    allowed_platforms is empty
    description = Test that msgrcv(2) blocks
    has_cleanup = true
    required_configs is empty
    required_disk_space = 0
    required_files is empty
    required_memory = 0
    required_programs is empty
    required_user is empty
    timeout = 300
===> lib/libc/sys/msgrcv_test:msgrcv_err
Result: passed
Duration: 0.297s

Metadata:
    allowed_architectures is empty
    allowed_platforms is empty
    description = Test errors from msgrcv(2)
    has_cleanup = true
    required_configs is empty
    required_disk_space = 0
    required_files is empty
    required_memory = 0
    required_programs is empty
    required_user is empty
    timeout = 300
===> lib/libc/sys/msgrcv_test:msgrcv_mtype
Result: passed
Duration: 0.431s

Metadata:
    allowed_architectures is empty
    allowed_platforms is empty
    description = Test message types with msgrcv(2)
    has_cleanup = true
    required_configs is empty
    required_disk_space = 0
    required_files is empty
    required_memory = 0
    required_programs is empty
    required_user is empty
    timeout = 300
===> lib/libc/sys/msgrcv_test:msgrcv_nonblock
Result: passed
Duration: 2.421s

Metadata:
    allowed_architectures is empty
    allowed_platforms is empty
    description = Test msgrcv(2) with IPC_NOWAIT
    has_cleanup = true
    required_configs is empty
    required_disk_space = 0
    required_files is empty
    required_memory = 0
    required_programs is empty
    required_user is empty
    timeout = 10
===> lib/libc/sys/msgrcv_test:msgrcv_truncate
Result: passed
Duration: 0.264s

Metadata:
    allowed_architectures is empty
    allowed_platforms is empty
    description = Test msgrcv(2) with MSG_NOERROR
    has_cleanup = true
    required_configs is empty
    required_disk_space = 0
    required_files is empty
    required_memory = 0
    required_programs is empty
    required_user is empty
    timeout = 300
===> lib/libc/sys/msgsnd_test:msgsnd_block
Result: passed
Duration: 2.267s

Metadata:
    allowed_architectures is empty
    allowed_platforms is empty
    description = Test that msgsnd(2) blocks
    has_cleanup = true
    required_configs is empty
    required_disk_space = 0
    required_files is empty
    required_memory = 0
    required_programs is empty
    required_user is empty
    timeout = 10
===> lib/libc/sys/msgsnd_test:msgsnd_count
Result: passed
Duration: 0.354s

Metadata:
    allowed_architectures is empty
    allowed_platforms is empty
    description = Test that msgsnd(2) increments the amount of message in the queue, as given by msgctl(2)
    has_cleanup = true
    required_configs is empty
    required_disk_space = 0
    required_files is empty
    required_memory = 0
    required_programs is empty
    required_user is empty
    timeout = 10
===> lib/libc/sys/msgsnd_test:msgsnd_err
Result: passed
Duration: 0.169s

Metadata:
    allowed_architectures is empty
    allowed_platforms is empty
    description = Test errors from msgsnd(2)
    has_cleanup = true
    required_configs is empty
    required_disk_space = 0
    required_files is empty
    required_memory = 0
    required_programs is empty
    required_user is empty
    timeout = 300
===> lib/libc/sys/msgsnd_test:msgsnd_nonblock
Result: passed
Duration: 2.186s

Metadata:
    allowed_architectures is empty
    allowed_platforms is empty
    description = Test msgsnd(2) with IPC_NOWAIT
    has_cleanup = true
    required_configs is empty
    required_disk_space = 0
    required_files is empty
    required_memory = 0
    required_programs is empty
    required_user is empty
    timeout = 10
===> lib/libc/sys/msgsnd_test:msgsnd_perm
Result: passed
Duration: 0.123s

Metadata:
    allowed_architectures is empty
    allowed_platforms is empty
    description = Test permissions with msgsnd(2)
    has_cleanup = true
    required_configs is empty
    required_disk_space = 0
    required_files is empty
    required_memory = 0
    required_programs is empty
    required_user = root
    timeout = 300
===> lib/libc/sys/msync_test:msync_async
Result: passed
Duration: 0.083s

Metadata:
    allowed_architectures is empty
    allowed_platforms is empty
    description = Test of msync(2), MS_ASYNC
    has_cleanup = false
    required_configs is empty
    required_disk_space = 0
    required_files is empty
    required_memory = 0
    required_programs is empty
    required_user is empty
    timeout = 300
===> lib/libc/sys/msync_test:msync_err
Result: passed
Duration: 0.088s

Metadata:
    allowed_architectures is empty
    allowed_platforms is empty
    description = Test error conditions in msync(2)
    has_cleanup = false
    required_configs is empty
    required_disk_space = 0
    required_files is empty
    required_memory = 0
    required_programs is empty
    required_user is empty
    timeout = 300
===> lib/libc/sys/msync_test:msync_invalidate
Result: passed
Duration: 1.133s

Metadata:
    allowed_architectures is empty
    allowed_platforms is empty
    description = Test of msync(2), MS_INVALIDATE
    has_cleanup = false
    required_configs is empty
    required_disk_space = 0
    required_files is empty
    required_memory = 0
    required_programs is empty
    required_user is empty
    timeout = 300
===> lib/libc/sys/msync_test:msync_sync
Result: passed
Duration: 0.475s

Metadata:
    allowed_architectures is empty
    allowed_platforms is empty
    description = Test of msync(2), MS_SYNC
    has_cleanup = false
    required_configs is empty
    required_disk_space = 0
    required_files is empty
    required_memory = 0
    required_programs is empty
    required_user is empty
    timeout = 300
===> lib/libc/sys/nanosleep_test:nanosleep_basic
Result: passed
Duration: 0.458s

Metadata:
    allowed_architectures is empty
    allowed_platforms is empty
    description = Test that nanosleep(2) works
    has_cleanup = false
    required_configs is empty
    required_disk_space = 0
    required_files is empty
    required_memory = 0
    required_programs is empty
    required_user is empty
    timeout = 300
===> lib/libc/sys/nanosleep_test:nanosleep_err
Result: passed
Duration: 0.226s

Metadata:
    allowed_architectures is empty
    allowed_platforms is empty
    description = Test errors from nanosleep(2) (PR bin/14558)
    has_cleanup = false
    required_configs is empty
    required_disk_space = 0
    required_files is empty
    required_memory = 0
    required_programs is empty
    required_user is empty
    timeout = 300
===> lib/libc/sys/nanosleep_test:nanosleep_sig
Result: passed
Duration: 1.336s

Metadata:
    allowed_architectures is empty
    allowed_platforms is empty
    description = Test signal for nanosleep(2)
    has_cleanup = false
    required_configs is empty
    required_disk_space = 0
    required_files is empty
    required_memory = 0
    required_programs is empty
    required_user is empty
    timeout = 300
===> lib/libc/sys/pipe2_test:pipe2_basic
Result: passed
Duration: 0.972s

Metadata:
    allowed_architectures is empty
    allowed_platforms is empty
    description = A basic test of pipe2(2)
    has_cleanup = false
    required_configs is empty
    required_disk_space = 0
    required_files is empty
    required_memory = 0
    required_programs is empty
    required_user is empty
    timeout = 300
===> lib/libc/sys/pipe2_test:pipe2_cloexec
Result: passed
Duration: 0.224s

Metadata:
    allowed_architectures is empty
    allowed_platforms is empty
    description = A close-on-exec test of pipe2(2)
    has_cleanup = false
    required_configs is empty
    required_disk_space = 0
    required_files is empty
    required_memory = 0
    required_programs is empty
    required_user is empty
    timeout = 300
===> lib/libc/sys/pipe2_test:pipe2_consume
Result: passed
Duration: 0.075s

Metadata:
    allowed_architectures is empty
    allowed_platforms is empty
    description = Test that consuming file descriptors with pipe2(2) does not crash the system (PR kern/46457)
    has_cleanup = false
    required_configs is empty
    required_disk_space = 0
    required_files is empty
    required_memory = 0
    required_programs is empty
    required_user is empty
    timeout = 300
===> lib/libc/sys/pipe2_test:pipe2_einval
Result: passed
Duration: 0.103s

Metadata:
    allowed_architectures is empty
    allowed_platforms is empty
    description = A error check of pipe2(2)
    has_cleanup = false
    required_configs is empty
    required_disk_space = 0
    required_files is empty
    required_memory = 0
    required_programs is empty
    required_user is empty
    timeout = 300
===> lib/libc/sys/pipe2_test:pipe2_nonblock
Result: passed
Duration: 0.081s

Metadata:
    allowed_architectures is empty
    allowed_platforms is empty
    description = A non-blocking test of pipe2(2)
    has_cleanup = false
    required_configs is empty
    required_disk_space = 0
    required_files is empty
    required_memory = 0
    required_programs is empty
    required_user is empty
    timeout = 300
===> lib/libc/sys/pipe_test:pipe_restart
Result: passed
Duration: 2.706s

Metadata:
    allowed_architectures is empty
    allowed_platforms is empty
    description = Checks that writing to pipe works correctly after being interrupted and restarted (kern/14087)
    has_cleanup = false
    required_configs is empty
    required_disk_space = 0
    required_files is empty
    required_memory = 0
    required_programs is empty
    required_user is empty
    timeout = 300

Standard output:
Read:     0x200000
Expected: 0x200000
===> lib/libc/sys/poll_test:poll_3way
Result: passed
Duration: 10.152s

Metadata:
    allowed_architectures is empty
    allowed_platforms is empty
    description = Check for 3-way collision for descriptor. First child comes and polls on descriptor, second child comes and polls, first child times out and exits, third child comes and polls. When the wakeup event happens, the two remaining children should both be awaken. (kern/17517)
    has_cleanup = false
    required_configs is empty
    required_disk_space = 0
    required_files is empty
    required_memory = 0
    required_programs is empty
    required_user is empty
    timeout = 15

Standard output:
parent write
parent terminated
===> lib/libc/sys/poll_test:poll_basic
Result: passed
Duration: 0.051s

Metadata:
    allowed_architectures is empty
    allowed_platforms is empty
    description = Basis functionality test for poll(2)
    has_cleanup = false
    required_configs is empty
    required_disk_space = 0
    required_files is empty
    required_memory = 0
    required_programs is empty
    required_user is empty
    timeout = 10
===> lib/libc/sys/poll_test:poll_err
Result: passed
Duration: 0.182s

Metadata:
    allowed_architectures is empty
    allowed_platforms is empty
    description = Check errors from poll(2)
    has_cleanup = false
    required_configs is empty
    required_disk_space = 0
    required_files is empty
    required_memory = 0
    required_programs is empty
    required_user is empty
    timeout = 300
===> lib/libc/sys/revoke_test:revoke_basic
Result: skipped: revoke(2) is only implemented for devfs(5).
Duration: 0.132s

Metadata:
    allowed_architectures is empty
    allowed_platforms is empty
    description = A basic test of revoke(2)
    has_cleanup = true
    required_configs is empty
    required_disk_space = 0
    required_files is empty
    required_memory = 0
    required_programs is empty
    required_user is empty
    timeout = 300
===> lib/libc/sys/revoke_test:revoke_err
Result: skipped: revoke(2) is only implemented for devfs(5).
Duration: 0.036s

Metadata:
    allowed_architectures is empty
    allowed_platforms is empty
    description = Test errors from revoke(2)
    has_cleanup = false
    required_configs is empty
    required_disk_space = 0
    required_files is empty
    required_memory = 0
    required_programs is empty
    required_user = unprivileged
    timeout = 300
===> lib/libc/sys/revoke_test:revoke_perm
Result: skipped: revoke(2) is only implemented for devfs(5).
Duration: 0.071s

Metadata:
    allowed_architectures is empty
    allowed_platforms is empty
    description = Test permissions revoke(2)
    has_cleanup = true
    required_configs is empty
    required_disk_space = 0
    required_files is empty
    required_memory = 0
    required_programs is empty
    required_user = root
    timeout = 300
===> lib/libc/sys/select_test:pselect_sigmask
Result: passed
Duration: 1.085s

Metadata:
    allowed_architectures is empty
    allowed_platforms is empty
    description = Checks pselect's temporary mask setting when a signal is received (PR lib/43625)
    has_cleanup = false
    required_configs is empty
    required_disk_space = 0
    required_files is empty
    required_memory = 0
    required_programs is empty
    required_user is empty
    timeout = 300

Standard error:
select_test: fork: Interrupted system call
===> lib/libc/sys/select_test:pselect_timeout
Result: passed
Duration: 0.767s

Metadata:
    allowed_architectures is empty
    allowed_platforms is empty
    description = Checks pselect's temporary mask setting when a timeout occurs
    has_cleanup = false
    required_configs is empty
    required_disk_space = 0
    required_files is empty
    required_memory = 0
    required_programs is empty
    required_user is empty
    timeout = 300
===> lib/libc/sys/setrlimit_test:setrlimit_basic
Result: passed
Duration: 0.125s

Metadata:
    allowed_architectures is empty
    allowed_platforms is empty
    description = A basic soft limit test
    has_cleanup = false
    required_configs is empty
    required_disk_space = 0
    required_files is empty
    required_memory = 0
    required_programs is empty
    required_user is empty
    timeout = 300
===> lib/libc/sys/setrlimit_test:setrlimit_current
Result: passed
Duration: 0.052s

Metadata:
    allowed_architectures is empty
    allowed_platforms is empty
    description = setrlimit(3) with current limits
    has_cleanup = false
    required_configs is empty
    required_disk_space = 0
    required_files is empty
    required_memory = 0
    required_programs is empty
    required_user is empty
    timeout = 300
===> lib/libc/sys/setrlimit_test:setrlimit_err
Result: passed
Duration: 0.166s

Metadata:
    allowed_architectures is empty
    allowed_platforms is empty
    description = Test error conditions
    has_cleanup = false
    required_configs is empty
    required_disk_space = 0
    required_files is empty
    required_memory = 0
    required_programs is empty
    required_user is empty
    timeout = 300
===> lib/libc/sys/setrlimit_test:setrlimit_fsize
Result: passed
Duration: 0.153s

Metadata:
    allowed_architectures is empty
    allowed_platforms is empty
    description = Test setrlimit(2), RLIMIT_FSIZE
    has_cleanup = true
    required_configs is empty
    required_disk_space = 0
    required_files is empty
    required_memory = 0
    required_programs is empty
    required_user is empty
    timeout = 300
===> lib/libc/sys/setrlimit_test:setrlimit_memlock
Result: passed
Duration: 0.052s

Metadata:
    allowed_architectures is empty
    allowed_platforms is empty
    description = Test setrlimit(2), RLIMIT_MEMLOCK
    has_cleanup = false
    required_configs is empty
    required_disk_space = 0
    required_files is empty
    required_memory = 0
    required_programs is empty
    required_user is empty
    timeout = 300
===> lib/libc/sys/setrlimit_test:setrlimit_nofile_1
Result: passed
Duration: 0.121s

Metadata:
    allowed_architectures is empty
    allowed_platforms is empty
    description = Test setrlimit(2), RLIMIT_NOFILE, #1
    has_cleanup = false
    required_configs is empty
    required_disk_space = 0
    required_files is empty
    required_memory = 0
    required_programs is empty
    required_user is empty
    timeout = 300
===> lib/libc/sys/setrlimit_test:setrlimit_nofile_2
Result: passed
Duration: 0.104s

Metadata:
    allowed_architectures is empty
    allowed_platforms is empty
    description = Test setrlimit(2), RLIMIT_NOFILE, #2
    has_cleanup = false
    required_configs is empty
    required_disk_space = 0
    required_files is empty
    required_memory = 0
    required_programs is empty
    required_user is empty
    timeout = 300
===> lib/libc/sys/setrlimit_test:setrlimit_nproc
Result: passed
Duration: 0.639s

Metadata:
    allowed_architectures is empty
    allowed_platforms is empty
    description = Test setrlimit(2), RLIMIT_NPROC
    has_cleanup = false
    required_configs is empty
    required_disk_space = 0
    required_files is empty
    required_memory = 0
    required_programs is empty
    required_user = unprivileged
    timeout = 300
===> lib/libc/sys/setrlimit_test:setrlimit_perm
Result: passed
Duration: 0.216s

Metadata:
    allowed_architectures is empty
    allowed_platforms is empty
    description = Test setrlimit(2) for EPERM
    has_cleanup = false
    required_configs is empty
    required_disk_space = 0
    required_files is empty
    required_memory = 0
    required_programs is empty
    required_user = unprivileged
    timeout = 300
===> lib/libc/sys/setuid_test:setuid_perm
Result: passed
Duration: 0.708s

Metadata:
    allowed_architectures is empty
    allowed_platforms is empty
    description = Test setuid(0) as normal user
    has_cleanup = false
    required_configs is empty
    required_disk_space = 0
    required_files is empty
    required_memory = 0
    required_programs is empty
    required_user = unprivileged
    timeout = 300
===> lib/libc/sys/setuid_test:setuid_real
Result: passed
Duration: 0.300s

Metadata:
    allowed_architectures is empty
    allowed_platforms is empty
    description = Test setuid(2) with real UID
    has_cleanup = false
    required_configs is empty
    required_disk_space = 0
    required_files is empty
    required_memory = 0
    required_programs is empty
    required_user is empty
    timeout = 300
===> lib/libc/sys/setuid_test:setuid_root
Result: passed
Duration: 0.568s

Metadata:
    allowed_architectures is empty
    allowed_platforms is empty
    description = A basic test of setuid(2)
    has_cleanup = false
    required_configs is empty
    required_disk_space = 0
    required_files is empty
    required_memory = 0
    required_programs is empty
    required_user = root
    timeout = 300
===> lib/libc/sys/sigaction_test:sigaction_basic
Result: passed
Duration: 0.540s

Metadata:
    allowed_architectures is empty
    allowed_platforms is empty
    description = Checks for correct I&D cachesynchronization after copying out the trampoline code.
    has_cleanup = false
    required_configs is empty
    required_disk_space = 0
    required_files is empty
    required_memory = 0
    required_programs is empty
    required_user is empty
    timeout = 300
===> lib/libc/sys/sigaction_test:sigaction_noflags
Result: passed
Duration: 0.104s

Metadata:
    allowed_architectures is empty
    allowed_platforms is empty
    description = Checks programming a signal with sigaction(2) but without any flags
    has_cleanup = false
    required_configs is empty
    required_disk_space = 0
    required_files is empty
    required_memory = 0
    required_programs is empty
    required_user is empty
    timeout = 300
===> lib/libc/sys/sigaction_test:sigaction_resethand
Result: passed
Duration: 1.559s

Metadata:
    allowed_architectures is empty
    allowed_platforms is empty
    description = Checks that SA_RESETHAND works
    has_cleanup = false
    required_configs is empty
    required_disk_space = 0
    required_files is empty
    required_memory = 0
    required_programs is empty
    required_user is empty
    timeout = 300
===> lib/libc/sys/sigqueue_test:sigqueue_basic
Result: passed
Duration: 6.632s

Metadata:
    allowed_architectures is empty
    allowed_platforms is empty
    description = Checks sigqueue(3) sigval delivery
    has_cleanup = false
    required_configs is empty
    required_disk_space = 0
    required_files is empty
    required_memory = 0
    required_programs is empty
    required_user is empty
    timeout = 300
===> lib/libc/sys/sigqueue_test:sigqueue_err
Result: passed
Duration: 0.164s

Metadata:
    allowed_architectures is empty
    allowed_platforms is empty
    description = Test errors from sigqueue(3)
    has_cleanup = false
    required_configs is empty
    required_disk_space = 0
    required_files is empty
    required_memory = 0
    required_programs is empty
    required_user is empty
    timeout = 300
===> lib/libc/sys/sigtimedwait_test:sigtimedwait_NULL_timeout
Result: passed
Duration: 5.271s

Metadata:
    allowed_architectures is empty
    allowed_platforms is empty
    description = Test sigtimedwait() without timeout
    has_cleanup = false
    required_configs is empty
    required_disk_space = 0
    required_files is empty
    required_memory = 0
    required_programs is empty
    required_user is empty
    timeout = 10
===> lib/libc/sys/sigtimedwait_test:sigtimedwait_all0timeout
Result: passed
Duration: 0.182s

Metadata:
    allowed_architectures is empty
    allowed_platforms is empty
    description = Test for PR kern/47625: sigtimedwait with a timeout value of all zero should return imediately
    has_cleanup = false
    required_configs is empty
    required_disk_space = 0
    required_files is empty
    required_memory = 0
    required_programs is empty
    required_user is empty
    timeout = 10
===> lib/libc/sys/sigtimedwait_test:sigtimedwait_small_timeout
Result: passed
Duration: 5.302s

Metadata:
    allowed_architectures is empty
    allowed_platforms is empty
    description = Test sigtimedwait with a small timeout
    has_cleanup = false
    required_configs is empty
    required_disk_space = 0
    required_files is empty
    required_memory = 0
    required_programs is empty
    required_user is empty
    timeout = 15
===> lib/libc/sys/socketpair_test:socketpair_basic
Result: passed
Duration: 2.125s

Metadata:
    allowed_architectures is empty
    allowed_platforms is empty
    description = A basic test of socketpair(2)
    has_cleanup = false
    required_configs is empty
    required_disk_space = 0
    required_files is empty
    required_memory = 0
    required_programs is empty
    required_user is empty
    timeout = 300
===> lib/libc/sys/socketpair_test:socketpair_cloexec
Result: passed
Duration: 0.277s

Metadata:
    allowed_architectures is empty
    allowed_platforms is empty
    description = A close-on-exec of socketpair(2)
    has_cleanup = false
    required_configs is empty
    required_disk_space = 0
    required_files is empty
    required_memory = 0
    required_programs is empty
    required_user is empty
    timeout = 300
===> lib/libc/sys/socketpair_test:socketpair_nonblock
Result: passed
Duration: 0.428s

Metadata:
    allowed_architectures is empty
    allowed_platforms is empty
    description = A non-blocking test of socketpair(2)
    has_cleanup = false
    required_configs is empty
    required_disk_space = 0
    required_files is empty
    required_memory = 0
    required_programs is empty
    required_user is empty
    timeout = 300
===> lib/libc/sys/stat_test:stat_chflags
Result: passed
Duration: 28.409s

Metadata:
    allowed_architectures is empty
    allowed_platforms is empty
    description = Test chflags(2) with stat(2)
    has_cleanup = true
    required_configs is empty
    required_disk_space = 0
    required_files is empty
    required_memory = 0
    required_programs is empty
    required_user is empty
    timeout = 300
===> lib/libc/sys/stat_test:stat_dir
Result: passed
Duration: 0.673s

Metadata:
    allowed_architectures is empty
    allowed_platforms is empty
    description = Test stat(2) with directories
    has_cleanup = false
    required_configs is empty
    required_disk_space = 0
    required_files is empty
    required_memory = 0
    required_programs is empty
    required_user is empty
    timeout = 300
===> lib/libc/sys/stat_test:stat_err
Result: passed
Duration: 0.096s

Metadata:
    allowed_architectures is empty
    allowed_platforms is empty
    description = Test errors from the stat(2) family
    has_cleanup = false
    required_configs is empty
    required_disk_space = 0
    required_files is empty
    required_memory = 0
    required_programs is empty
    required_user is empty
    timeout = 300
===> lib/libc/sys/stat_test:stat_mtime
Result: passed
Duration: 4.692s

Metadata:
    allowed_architectures is empty
    allowed_platforms is empty
    description = Test modification times with stat(2)
    has_cleanup = true
    required_configs is empty
    required_disk_space = 0
    required_files is empty
    required_memory = 0
    required_programs is empty
    required_user is empty
    timeout = 300
===> lib/libc/sys/stat_test:stat_perm
Result: passed
Duration: 0.206s

Metadata:
    allowed_architectures is empty
    allowed_platforms is empty
    description = Test permissions with stat(2)
    has_cleanup = true
    required_configs is empty
    required_disk_space = 0
    required_files is empty
    required_memory = 0
    required_programs is empty
    required_user = root
    timeout = 300
===> lib/libc/sys/stat_test:stat_size
Result: passed
Duration: 0.203s

Metadata:
    allowed_architectures is empty
    allowed_platforms is empty
    description = Test file sizes with stat(2)
    has_cleanup = true
    required_configs is empty
    required_disk_space = 0
    required_files is empty
    required_memory = 0
    required_programs is empty
    required_user is empty
    timeout = 300
===> lib/libc/sys/stat_test:stat_socket
Result: passed
Duration: 0.092s

Metadata:
    allowed_architectures is empty
    allowed_platforms is empty
    description = Test fstat(2) with a socket (PR kern/46077)
    has_cleanup = false
    required_configs is empty
    required_disk_space = 0
    required_files is empty
    required_memory = 0
    required_programs is empty
    required_user is empty
    timeout = 300
===> lib/libc/sys/stat_test:stat_symlink
Result: passed
Duration: 0.187s

Metadata:
    allowed_architectures is empty
    allowed_platforms is empty
    description = Test symbolic links with stat(2)
    has_cleanup = true
    required_configs is empty
    required_disk_space = 0
    required_files is empty
    required_memory = 0
    required_programs is empty
    required_user is empty
    timeout = 300
===> lib/libc/sys/timer_create_test:timer_create_err
Result: passed
Duration: 0.583s

Metadata:
    allowed_architectures is empty
    allowed_platforms is empty
    description = Check errors from timer_create(2) (PR lib/42434
    has_cleanup = false
    required_configs is empty
    required_disk_space = 0
    required_files is empty
    required_memory = 0
    required_programs is empty
    required_user is empty
    timeout = 300
===> lib/libc/sys/timer_create_test:timer_create_mono
Result: passed
Duration: 1.279s

Metadata:
    allowed_architectures is empty
    allowed_platforms is empty
    description = Checks timer_create(2) with CLOCK_MONOTONIC and sigevent(3), SIGEV_SIGNAL
    has_cleanup = false
    required_configs is empty
    required_disk_space = 0
    required_files is empty
    required_memory = 0
    required_programs is empty
    required_user is empty
    timeout = 300

Standard error:
timer_signal_handler: Alarm clock
===> lib/libc/sys/timer_create_test:timer_create_mono_expire
Result: passed
Duration: 2.477s

Metadata:
    allowed_architectures is empty
    allowed_platforms is empty
    description = Checks timer_create(2) with CLOCK_MONOTONIC and sigevent(3), SIGEV_SIGNAL, with expiration
    has_cleanup = false
    required_configs is empty
    required_disk_space = 0
    required_files is empty
    required_memory = 0
    required_programs is empty
    required_user is empty
    timeout = 300
===> lib/libc/sys/timer_create_test:timer_create_real
Result: passed
Duration: 1.517s

Metadata:
    allowed_architectures is empty
    allowed_platforms is empty
    description = Checks timer_create(2) with CLOCK_REALTIME and sigevent(3), SIGEV_SIGNAL
    has_cleanup = false
    required_configs is empty
    required_disk_space = 0
    required_files is empty
    required_memory = 0
    required_programs is empty
    required_user is empty
    timeout = 300

Standard error:
timer_signal_handler: Alarm clock
===> lib/libc/sys/timer_create_test:timer_create_real_expire
Result: passed
Duration: 2.966s

Metadata:
    allowed_architectures is empty
    allowed_platforms is empty
    description = Checks timer_create(2) with CLOCK_REALTIME and sigevent(3), SIGEV_SIGNAL, with expiration
    has_cleanup = false
    required_configs is empty
    required_disk_space = 0
    required_files is empty
    required_memory = 0
    required_programs is empty
    required_user is empty
    timeout = 300
===> lib/libc/sys/truncate_test:ftruncate_basic
Result: passed
Duration: 0.753s

Metadata:
    allowed_architectures is empty
    allowed_platforms is empty
    description = A basic test of ftruncate(2)
    has_cleanup = true
    required_configs is empty
    required_disk_space = 0
    required_files is empty
    required_memory = 0
    required_programs is empty
    required_user is empty
    timeout = 300

Standard error:
truncating to 8 bytes
truncating to 16 bytes
truncating to 512 bytes
truncating to 1024 bytes
truncating to 2048 bytes
truncating to 4094 bytes
truncating to 3000 bytes
truncating to 30 bytes
===> lib/libc/sys/truncate_test:ftruncate_err
Result: passed
Duration: 0.124s

Metadata:
    allowed_architectures is empty
    allowed_platforms is empty
    description = Test errors from ftruncate(2)
    has_cleanup = false
    required_configs is empty
    required_disk_space = 0
    required_files is empty
    required_memory = 0
    required_programs is empty
    required_user = unprivileged
    timeout = 300
===> lib/libc/sys/truncate_test:truncate_basic
Result: passed
Duration: 0.323s

Metadata:
    allowed_architectures is empty
    allowed_platforms is empty
    description = A basic test of truncate(2)
    has_cleanup = true
    required_configs is empty
    required_disk_space = 0
    required_files is empty
    required_memory = 0
    required_programs is empty
    required_user is empty
    timeout = 300

Standard error:
truncating to 8 bytes
truncating to 16 bytes
truncating to 512 bytes
truncating to 1024 bytes
truncating to 2048 bytes
truncating to 4094 bytes
truncating to 3000 bytes
truncating to 30 bytes
===> lib/libc/sys/truncate_test:truncate_err
Result: passed
Duration: 0.083s

Metadata:
    allowed_architectures is empty
    allowed_platforms is empty
    description = Test errors from truncate(2)
    has_cleanup = false
    required_configs is empty
    required_disk_space = 0
    required_files is empty
    required_memory = 0
    required_programs is empty
    required_user = unprivileged
    timeout = 300
===> lib/libc/sys/ucontext_test:ucontext_basic
Result: passed
Duration: 0.040s

Metadata:
    allowed_architectures is empty
    allowed_platforms is empty
    description = Checks {get,set}context(2)
    has_cleanup = false
    required_configs is empty
    required_disk_space = 0
    required_files is empty
    required_memory = 0
    required_programs is empty
    required_user is empty
    timeout = 300

Standard output:
Start
x == 0
x == 1
x == 2
x == 3
x == 4
x == 5
x == 6
x == 7
x == 8
x == 9
x == 10
x == 11
x == 12
x == 13
x == 14
x == 15
x == 16
x == 17
x == 18
x == 19
x == 20
End, y = 21
===> lib/libc/sys/umask_test:umask_fork
Result: passed
Duration: 0.042s

Metadata:
    allowed_architectures is empty
    allowed_platforms is empty
    description = Check that umask(2) is inherited
    has_cleanup = true
    required_configs is empty
    required_disk_space = 0
    required_files is empty
    required_memory = 0
    required_programs is empty
    required_user is empty
    timeout = 300
===> lib/libc/sys/umask_test:umask_open
Result: passed
Duration: 0.026s

Metadata:
    allowed_architectures is empty
    allowed_platforms is empty
    description = A basic test of open(2) and umask(2)
    has_cleanup = true
    required_configs is empty
    required_disk_space = 0
    required_files is empty
    required_memory = 0
    required_programs is empty
    required_user is empty
    timeout = 300
===> lib/libc/sys/umask_test:umask_previous
Result: passed
Duration: 0.016s

Metadata:
    allowed_architectures is empty
    allowed_platforms is empty
    description = Test the return value from umask(2)
    has_cleanup = true
    required_configs is empty
    required_disk_space = 0
    required_files is empty
    required_memory = 0
    required_programs is empty
    required_user is empty
    timeout = 300
===> lib/libc/sys/unlink_test:unlink_basic
Result: passed
Duration: 0.480s

Metadata:
    allowed_architectures is empty
    allowed_platforms is empty
    description = A basic test of unlink(2)
    has_cleanup = true
    required_configs is empty
    required_disk_space = 0
    required_files is empty
    required_memory = 0
    required_programs is empty
    required_user is empty
    timeout = 300
===> lib/libc/sys/unlink_test:unlink_err
Result: passed
Duration: 0.517s

Metadata:
    allowed_architectures is empty
    allowed_platforms is empty
    description = Test error conditions of unlink(2)
    has_cleanup = true
    required_configs is empty
    required_disk_space = 0
    required_files is empty
    required_memory = 0
    required_programs is empty
    required_user is empty
    timeout = 300
===> lib/libc/sys/unlink_test:unlink_fifo
Result: passed
Duration: 0.303s

Metadata:
    allowed_architectures is empty
    allowed_platforms is empty
    description = Test unlink(2) for a FIFO
    has_cleanup = true
    required_configs is empty
    required_disk_space = 0
    required_files is empty
    required_memory = 0
    required_programs is empty
    required_user is empty
    timeout = 300
===> lib/libc/sys/unlink_test:unlink_perm
Result: passed
Duration: 0.705s

Metadata:
    allowed_architectures is empty
    allowed_platforms is empty
    description = Test permissions with unlink(2)
    has_cleanup = true
    required_configs is empty
    required_disk_space = 0
    required_files is empty
    required_memory = 0
    required_programs is empty
    required_user = unprivileged
    timeout = 300
===> lib/libc/sys/write_test:write_err
Result: passed
Duration: 100.036s

Metadata:
    allowed_architectures is empty
    allowed_platforms is empty
    description = Checks errors from write(2)
    has_cleanup = true
    required_configs is empty
    required_disk_space = 0
    required_files is empty
    required_memory = 0
    required_programs is empty
    required_user is empty
    timeout = 300
===> lib/libc/sys/write_test:write_pipe
Result: passed
Duration: 0.056s

Metadata:
    allowed_architectures is empty
    allowed_platforms is empty
    description = Checks for EPIPE from write(2)
    has_cleanup = false
    required_configs is empty
    required_disk_space = 0
    required_files is empty
    required_memory = 0
    required_programs is empty
    required_user is empty
    timeout = 300
===> lib/libc/sys/write_test:write_pos
Result: passed
Duration: 0.026s

Metadata:
    allowed_architectures is empty
    allowed_platforms is empty
    description = Checks that write(2) updates the file position
    has_cleanup = true
    required_configs is empty
    required_disk_space = 0
    required_files is empty
    required_memory = 0
    required_programs is empty
    required_user is empty
    timeout = 300
===> lib/libc/sys/write_test:write_ret
Result: passed
Duration: 0.095s

Metadata:
    allowed_architectures is empty
    allowed_platforms is empty
    description = Checks return values from write(2)
    has_cleanup = true
    required_configs is empty
    required_disk_space = 0
    required_files is empty
    required_memory = 0
    required_programs is empty
    required_user is empty
    timeout = 300
===> lib/libc/sys/write_test:writev_iovmax
Result: passed
Duration: 0.071s

Metadata:
    allowed_architectures is empty
    allowed_platforms is empty
    description = Checks that file descriptor is properly FILE_UNUSE()d when iovcnt is greater than IOV_MAX
    has_cleanup = false
    required_configs is empty
    required_disk_space = 0
    required_files is empty
    required_memory = 0
    required_programs is empty
    required_user is empty
    timeout = 10

Standard output:
Calling writev(2, NULL, IOV_MAX + 1)...
===> lib/libc/termios/tcsetpgrp_test:tcsetpgrp_err
Result: passed
Duration: 0.632s

Metadata:
    allowed_architectures is empty
    allowed_platforms is empty
    description = Test errors from tcsetpgrp(3) (PR lib/41673)
    has_cleanup = false
    required_configs is empty
    required_disk_space = 0
    required_files is empty
    required_memory = 0
    required_programs is empty
    required_user is empty
    timeout = 300
===> lib/libc/tls/tls_dlopen_test:t_tls_dlopen
Result: passed
Duration: 0.569s

Metadata:
    allowed_architectures is empty
    allowed_platforms is empty
    description = Test (un)initialized TLS variables and dlopen
    has_cleanup = false
    required_configs is empty
    required_disk_space = 0
    required_files is empty
    required_memory = 0
    required_programs is empty
    required_user is empty
    timeout = 300
===> lib/libc/tls/tls_dynamic_test:t_tls_dynamic
Result: passed
Duration: 0.242s

Metadata:
    allowed_architectures is empty
    allowed_platforms is empty
    description = Test (un)initialized TLS variables in dynamic binaries
    has_cleanup = false
    required_configs is empty
    required_disk_space = 0
    required_files is empty
    required_memory = 0
    required_programs is empty
    required_user is empty
    timeout = 300
===> lib/libc/ttyio/ttyio_test:ioctl
Result: passed
Duration: 5.393s

Metadata:
    allowed_architectures is empty
    allowed_platforms is empty
    description = Checks that ioctl calls are restarted properly after being interrupted
    has_cleanup = false
    required_configs is empty
    required_disk_space = 0
    required_files is empty
    required_memory = 0
    required_programs is empty
    required_user is empty
    timeout = 300

Standard output:
parent: spawned child1
parent: spawned child2
child1: exiting
child2: exiting
===> lib/libcrypt/crypt_tests:invalid
Result: passed
Duration: 0.292s

Metadata:
    allowed_architectures is empty
    allowed_platforms is empty
    description = Tests that invalid password fails
    has_cleanup = false
    required_configs is empty
    required_disk_space = 0
    required_files is empty
    required_memory = 0
    required_programs is empty
    required_user is empty
    timeout = 300
===> lib/libcrypt/crypt_tests:md5
Result: passed
Duration: 0.090s

Metadata:
    allowed_architectures is empty
    allowed_platforms is empty
    description = Tests the MD5 based password hash
    has_cleanup = false
    required_configs is empty
    required_disk_space = 0
    required_files is empty
    required_memory = 0
    required_programs is empty
    required_user is empty
    timeout = 300
===> lib/libmp/legacy_test:main
Result: passed
Duration: 0.057s

Metadata:
    allowed_architectures is empty
    allowed_platforms is empty
    description is empty
    has_cleanup = false
    required_configs is empty
    required_disk_space = 0
    required_files is empty
    required_memory = 0
    required_programs is empty
    required_user is empty
    timeout = 300

Standard output:
1..25
ok 1 - madd0
ok 2 - madd1
ok 3 - msub0
ok 4 - msub1
ok 5 - move0
ok 6 - xtom
ok 7 - mtox0
ok 8 - gcd0
ok 9 - mdiv0
ok 10 - mdiv1
ok 11 - mdiv2
ok 12 - mdiv3
ok 13 - sdiv0
ok 14 - sdiv1
ok 15 - sdiv2
ok 16 - sdiv3
ok 17 - mmult0
ok 18 - mmult1
ok 19 - pow0
ok 20 - pow1
ok 21 - rpow0
ok 22 - msqrt0
ok 23 - msqrt1
ok 24 - msqrt2
ok 25 - msqrt3
===> lib/libnv/dnv_tests:dnvlist_get_binary__default_value
Result: passed
Duration: 0.239s

Metadata:
    allowed_architectures is empty
    allowed_platforms is empty
    description is empty
    has_cleanup = false
    required_configs is empty
    required_disk_space = 0
    required_files is empty
    required_memory = 0
    required_programs is empty
    required_user is empty
    timeout = 300
===> lib/libnv/dnv_tests:dnvlist_get_binary__present
Result: passed
Duration: 0.113s

Metadata:
    allowed_architectures is empty
    allowed_platforms is empty
    description is empty
    has_cleanup = false
    required_configs is empty
    required_disk_space = 0
    required_files is empty
    required_memory = 0
    required_programs is empty
    required_user is empty
    timeout = 300
===> lib/libnv/dnv_tests:dnvlist_get_bool__default_value
Result: passed
Duration: 0.178s

Metadata:
    allowed_architectures is empty
    allowed_platforms is empty
    description is empty
    has_cleanup = false
    required_configs is empty
    required_disk_space = 0
    required_files is empty
    required_memory = 0
    required_programs is empty
    required_user is empty
    timeout = 300
===> lib/libnv/dnv_tests:dnvlist_get_bool__present
Result: passed
Duration: 0.076s

Metadata:
    allowed_architectures is empty
    allowed_platforms is empty
    description is empty
    has_cleanup = false
    required_configs is empty
    required_disk_space = 0
    required_files is empty
    required_memory = 0
    required_programs is empty
    required_user is empty
    timeout = 300
===> lib/libnv/dnv_tests:dnvlist_get_number__default_value
Result: passed
Duration: 0.147s

Metadata:
    allowed_architectures is empty
    allowed_platforms is empty
    description is empty
    has_cleanup = false
    required_configs is empty
    required_disk_space = 0
    required_files is empty
    required_memory = 0
    required_programs is empty
    required_user is empty
    timeout = 300
===> lib/libnv/dnv_tests:dnvlist_get_number__present
Result: passed
Duration: 0.147s

Metadata:
    allowed_architectures is empty
    allowed_platforms is empty
    description is empty
    has_cleanup = false
    required_configs is empty
    required_disk_space = 0
    required_files is empty
    required_memory = 0
    required_programs is empty
    required_user is empty
    timeout = 300
===> lib/libnv/dnv_tests:dnvlist_get_nvlist__default_value
Result: passed
Duration: 0.228s

Metadata:
    allowed_architectures is empty
    allowed_platforms is empty
    description is empty
    has_cleanup = false
    required_configs is empty
    required_disk_space = 0
    required_files is empty
    required_memory = 0
    required_programs is empty
    required_user is empty
    timeout = 300
===> lib/libnv/dnv_tests:dnvlist_get_nvlist__present
Result: passed
Duration: 0.146s

Metadata:
    allowed_architectures is empty
    allowed_platforms is empty
    description is empty
    has_cleanup = false
    required_configs is empty
    required_disk_space = 0
    required_files is empty
    required_memory = 0
    required_programs is empty
    required_user is empty
    timeout = 300
===> lib/libnv/dnv_tests:dnvlist_get_string__default_value
Result: passed
Duration: 0.016s

Metadata:
    allowed_architectures is empty
    allowed_platforms is empty
    description is empty
    has_cleanup = false
    required_configs is empty
    required_disk_space = 0
    required_files is empty
    required_memory = 0
    required_programs is empty
    required_user is empty
    timeout = 300
===> lib/libnv/dnv_tests:dnvlist_get_string__present
Result: passed
Duration: 0.069s

Metadata:
    allowed_architectures is empty
    allowed_platforms is empty
    description is empty
    has_cleanup = false
    required_configs is empty
    required_disk_space = 0
    required_files is empty
    required_memory = 0
    required_programs is empty
    required_user is empty
    timeout = 300
===> lib/libnv/dnv_tests:dnvlist_take_binary__default_value
Result: passed
Duration: 0.016s

Metadata:
    allowed_architectures is empty
    allowed_platforms is empty
    description is empty
    has_cleanup = false
    required_configs is empty
    required_disk_space = 0
    required_files is empty
    required_memory = 0
    required_programs is empty
    required_user is empty
    timeout = 300
===> lib/libnv/dnv_tests:dnvlist_take_binary__empty
Result: passed
Duration: 0.016s

Metadata:
    allowed_architectures is empty
    allowed_platforms is empty
    description is empty
    has_cleanup = false
    required_configs is empty
    required_disk_space = 0
    required_files is empty
    required_memory = 0
    required_programs is empty
    required_user is empty
    timeout = 300
===> lib/libnv/dnv_tests:dnvlist_take_binary__present
Result: passed
Duration: 0.016s

Metadata:
    allowed_architectures is empty
    allowed_platforms is empty
    description is empty
    has_cleanup = false
    required_configs is empty
    required_disk_space = 0
    required_files is empty
    required_memory = 0
    required_programs is empty
    required_user is empty
    timeout = 300
===> lib/libnv/dnv_tests:dnvlist_take_bool__default_value
Result: passed
Duration: 0.016s

Metadata:
    allowed_architectures is empty
    allowed_platforms is empty
    description is empty
    has_cleanup = false
    required_configs is empty
    required_disk_space = 0
    required_files is empty
    required_memory = 0
    required_programs is empty
    required_user is empty
    timeout = 300
===> lib/libnv/dnv_tests:dnvlist_take_bool__empty
Result: passed
Duration: 0.016s

Metadata:
    allowed_architectures is empty
    allowed_platforms is empty
    description is empty
    has_cleanup = false
    required_configs is empty
    required_disk_space = 0
    required_files is empty
    required_memory = 0
    required_programs is empty
    required_user is empty
    timeout = 300
===> lib/libnv/dnv_tests:dnvlist_take_bool__present
Result: passed
Duration: 0.016s

Metadata:
    allowed_architectures is empty
    allowed_platforms is empty
    description is empty
    has_cleanup = false
    required_configs is empty
    required_disk_space = 0
    required_files is empty
    required_memory = 0
    required_programs is empty
    required_user is empty
    timeout = 300
===> lib/libnv/dnv_tests:dnvlist_take_number__default_value
Result: passed
Duration: 0.016s

Metadata:
    allowed_architectures is empty
    allowed_platforms is empty
    description is empty
    has_cleanup = false
    required_configs is empty
    required_disk_space = 0
    required_files is empty
    required_memory = 0
    required_programs is empty
    required_user is empty
    timeout = 300
===> lib/libnv/dnv_tests:dnvlist_take_number__empty
Result: passed
Duration: 0.016s

Metadata:
    allowed_architectures is empty
    allowed_platforms is empty
    description is empty
    has_cleanup = false
    required_configs is empty
    required_disk_space = 0
    required_files is empty
    required_memory = 0
    required_programs is empty
    required_user is empty
    timeout = 300
===> lib/libnv/dnv_tests:dnvlist_take_number__present
Result: passed
Duration: 0.017s

Metadata:
    allowed_architectures is empty
    allowed_platforms is empty
    description is empty
    has_cleanup = false
    required_configs is empty
    required_disk_space = 0
    required_files is empty
    required_memory = 0
    required_programs is empty
    required_user is empty
    timeout = 300
===> lib/libnv/dnv_tests:dnvlist_take_nvlist__default_value
Result: passed
Duration: 0.015s

Metadata:
    allowed_architectures is empty
    allowed_platforms is empty
    description is empty
    has_cleanup = false
    required_configs is empty
    required_disk_space = 0
    required_files is empty
    required_memory = 0
    required_programs is empty
    required_user is empty
    timeout = 300
===> lib/libnv/dnv_tests:dnvlist_take_nvlist__empty
Result: passed
Duration: 0.016s

Metadata:
    allowed_architectures is empty
    allowed_platforms is empty
    description is empty
    has_cleanup = false
    required_configs is empty
    required_disk_space = 0
    required_files is empty
    required_memory = 0
    required_programs is empty
    required_user is empty
    timeout = 300
===> lib/libnv/dnv_tests:dnvlist_take_nvlist__present
Result: passed
Duration: 0.016s

Metadata:
    allowed_architectures is empty
    allowed_platforms is empty
    description is empty
    has_cleanup = false
    required_configs is empty
    required_disk_space = 0
    required_files is empty
    required_memory = 0
    required_programs is empty
    required_user is empty
    timeout = 300
===> lib/libnv/dnv_tests:dnvlist_take_string__default_value
Result: passed
Duration: 0.016s

Metadata:
    allowed_architectures is empty
    allowed_platforms is empty
    description is empty
    has_cleanup = false
    required_configs is empty
    required_disk_space = 0
    required_files is empty
    required_memory = 0
    required_programs is empty
    required_user is empty
    timeout = 300
===> lib/libnv/dnv_tests:dnvlist_take_string__empty
Result: passed
Duration: 0.017s

Metadata:
    allowed_architectures is empty
    allowed_platforms is empty
    description is empty
    has_cleanup = false
    required_configs is empty
    required_disk_space = 0
    required_files is empty
    required_memory = 0
    required_programs is empty
    required_user is empty
    timeout = 300
===> lib/libnv/dnv_tests:dnvlist_take_string__present
Result: passed
Duration: 0.016s

Metadata:
    allowed_architectures is empty
    allowed_platforms is empty
    description is empty
    has_cleanup = false
    required_configs is empty
    required_disk_space = 0
    required_files is empty
    required_memory = 0
    required_programs is empty
    required_user is empty
    timeout = 300
===> lib/libnv/nv_tests:nvlist_add_binary__single_insert
Result: passed
Duration: 0.016s

Metadata:
    allowed_architectures is empty
    allowed_platforms is empty
    description is empty
    has_cleanup = false
    required_configs is empty
    required_disk_space = 0
    required_files is empty
    required_memory = 0
    required_programs is empty
    required_user is empty
    timeout = 300
===> lib/libnv/nv_tests:nvlist_add_bool__single_insert
Result: passed
Duration: 0.017s

Metadata:
    allowed_architectures is empty
    allowed_platforms is empty
    description is empty
    has_cleanup = false
    required_configs is empty
    required_disk_space = 0
    required_files is empty
    required_memory = 0
    required_programs is empty
    required_user is empty
    timeout = 300
===> lib/libnv/nv_tests:nvlist_add_null__single_insert
Result: passed
Duration: 0.017s

Metadata:
    allowed_architectures is empty
    allowed_platforms is empty
    description is empty
    has_cleanup = false
    required_configs is empty
    required_disk_space = 0
    required_files is empty
    required_memory = 0
    required_programs is empty
    required_user is empty
    timeout = 300
===> lib/libnv/nv_tests:nvlist_add_number__single_insert
Result: passed
Duration: 0.017s

Metadata:
    allowed_architectures is empty
    allowed_platforms is empty
    description is empty
    has_cleanup = false
    required_configs is empty
    required_disk_space = 0
    required_files is empty
    required_memory = 0
    required_programs is empty
    required_user is empty
    timeout = 300
===> lib/libnv/nv_tests:nvlist_add_nvlist__child_with_error
Result: passed
Duration: 0.016s

Metadata:
    allowed_architectures is empty
    allowed_platforms is empty
    description is empty
    has_cleanup = false
    required_configs is empty
    required_disk_space = 0
    required_files is empty
    required_memory = 0
    required_programs is empty
    required_user is empty
    timeout = 300
===> lib/libnv/nv_tests:nvlist_add_nvlist__single_insert
Result: passed
Duration: 0.471s

Metadata:
    allowed_architectures is empty
    allowed_platforms is empty
    description is empty
    has_cleanup = false
    required_configs is empty
    required_disk_space = 0
    required_files is empty
    required_memory = 0
    required_programs is empty
    required_user is empty
    timeout = 300
===> lib/libnv/nv_tests:nvlist_add_string__single_insert
Result: passed
Duration: 0.255s

Metadata:
    allowed_architectures is empty
    allowed_platforms is empty
    description is empty
    has_cleanup = false
    required_configs is empty
    required_disk_space = 0
    required_files is empty
    required_memory = 0
    required_programs is empty
    required_user is empty
    timeout = 300
===> lib/libnv/nv_tests:nvlist_clone__empty_nvlist
Result: passed
Duration: 0.119s

Metadata:
    allowed_architectures is empty
    allowed_platforms is empty
    description is empty
    has_cleanup = false
    required_configs is empty
    required_disk_space = 0
    required_files is empty
    required_memory = 0
    required_programs is empty
    required_user is empty
    timeout = 300
===> lib/libnv/nv_tests:nvlist_clone__error_nvlist
Result: passed
Duration: 0.628s

Metadata:
    allowed_architectures is empty
    allowed_platforms is empty
    description is empty
    has_cleanup = false
    required_configs is empty
    required_disk_space = 0
    required_files is empty
    required_memory = 0
    required_programs is empty
    required_user is empty
    timeout = 300
===> lib/libnv/nv_tests:nvlist_clone__nested_nvlist
Result: passed
Duration: 0.113s

Metadata:
    allowed_architectures is empty
    allowed_platforms is empty
    description is empty
    has_cleanup = false
    required_configs is empty
    required_disk_space = 0
    required_files is empty
    required_memory = 0
    required_programs is empty
    required_user is empty
    timeout = 300
===> lib/libnv/nv_tests:nvlist_clone__nonempty_nvlist
Result: passed
Duration: 0.075s

Metadata:
    allowed_architectures is empty
    allowed_platforms is empty
    description is empty
    has_cleanup = false
    required_configs is empty
    required_disk_space = 0
    required_files is empty
    required_memory = 0
    required_programs is empty
    required_user is empty
    timeout = 300
===> lib/libnv/nv_tests:nvlist_create__is_empty
Result: passed
Duration: 0.157s

Metadata:
    allowed_architectures is empty
    allowed_platforms is empty
    description is empty
    has_cleanup = false
    required_configs is empty
    required_disk_space = 0
    required_files is empty
    required_memory = 0
    required_programs is empty
    required_user is empty
    timeout = 300
===> lib/libnv/nv_tests:nvlist_free__single_binary
Result: passed
Duration: 0.074s

Metadata:
    allowed_architectures is empty
    allowed_platforms is empty
    description is empty
    has_cleanup = false
    required_configs is empty
    required_disk_space = 0
    required_files is empty
    required_memory = 0
    required_programs is empty
    required_user is empty
    timeout = 300
===> lib/libnv/nv_tests:nvlist_free__single_bool
Result: passed
Duration: 0.074s

Metadata:
    allowed_architectures is empty
    allowed_platforms is empty
    description is empty
    has_cleanup = false
    required_configs is empty
    required_disk_space = 0
    required_files is empty
    required_memory = 0
    required_programs is empty
    required_user is empty
    timeout = 300
===> lib/libnv/nv_tests:nvlist_free__single_null
Result: passed
Duration: 0.184s

Metadata:
    allowed_architectures is empty
    allowed_platforms is empty
    description is empty
    has_cleanup = false
    required_configs is empty
    required_disk_space = 0
    required_files is empty
    required_memory = 0
    required_programs is empty
    required_user is empty
    timeout = 300
===> lib/libnv/nv_tests:nvlist_free__single_number
Result: passed
Duration: 0.105s

Metadata:
    allowed_architectures is empty
    allowed_platforms is empty
    description is empty
    has_cleanup = false
    required_configs is empty
    required_disk_space = 0
    required_files is empty
    required_memory = 0
    required_programs is empty
    required_user is empty
    timeout = 300
===> lib/libnv/nv_tests:nvlist_free__single_nvlist
Result: passed
Duration: 0.113s

Metadata:
    allowed_architectures is empty
    allowed_platforms is empty
    description is empty
    has_cleanup = false
    required_configs is empty
    required_disk_space = 0
    required_files is empty
    required_memory = 0
    required_programs is empty
    required_user is empty
    timeout = 300
===> lib/libnv/nv_tests:nvlist_free__single_string
Result: passed
Duration: 0.041s

Metadata:
    allowed_architectures is empty
    allowed_platforms is empty
    description is empty
    has_cleanup = false
    required_configs is empty
    required_disk_space = 0
    required_files is empty
    required_memory = 0
    required_programs is empty
    required_user is empty
    timeout = 300
===> lib/libnv/nv_tests:nvlist_free_binary__single_binary
Result: passed
Duration: 0.051s

Metadata:
    allowed_architectures is empty
    allowed_platforms is empty
    description is empty
    has_cleanup = false
    required_configs is empty
    required_disk_space = 0
    required_files is empty
    required_memory = 0
    required_programs is empty
    required_user is empty
    timeout = 300
===> lib/libnv/nv_tests:nvlist_free_bool__single_bool
Result: passed
Duration: 0.108s

Metadata:
    allowed_architectures is empty
    allowed_platforms is empty
    description is empty
    has_cleanup = false
    required_configs is empty
    required_disk_space = 0
    required_files is empty
    required_memory = 0
    required_programs is empty
    required_user is empty
    timeout = 300
===> lib/libnv/nv_tests:nvlist_free_null__single_null
Result: passed
Duration: 0.613s

Metadata:
    allowed_architectures is empty
    allowed_platforms is empty
    description is empty
    has_cleanup = false
    required_configs is empty
    required_disk_space = 0
    required_files is empty
    required_memory = 0
    required_programs is empty
    required_user is empty
    timeout = 300
===> lib/libnv/nv_tests:nvlist_free_number__single_number
Result: passed
Duration: 0.331s

Metadata:
    allowed_architectures is empty
    allowed_platforms is empty
    description is empty
    has_cleanup = false
    required_configs is empty
    required_disk_space = 0
    required_files is empty
    required_memory = 0
    required_programs is empty
    required_user is empty
    timeout = 300
===> lib/libnv/nv_tests:nvlist_free_nvlist__single_nvlist
Result: passed
Duration: 0.170s

Metadata:
    allowed_architectures is empty
    allowed_platforms is empty
    description is empty
    has_cleanup = false
    required_configs is empty
    required_disk_space = 0
    required_files is empty
    required_memory = 0
    required_programs is empty
    required_user is empty
    timeout = 300
===> lib/libnv/nv_tests:nvlist_free_string__single_string
Result: passed
Duration: 0.229s

Metadata:
    allowed_architectures is empty
    allowed_platforms is empty
    description is empty
    has_cleanup = false
    required_configs is empty
    required_disk_space = 0
    required_files is empty
    required_memory = 0
    required_programs is empty
    required_user is empty
    timeout = 300
===> lib/libnv/nv_tests:nvlist_move_binary__single_insert
Result: passed
Duration: 0.252s

Metadata:
    allowed_architectures is empty
    allowed_platforms is empty
    description is empty
    has_cleanup = false
    required_configs is empty
    required_disk_space = 0
    required_files is empty
    required_memory = 0
    required_programs is empty
    required_user is empty
    timeout = 300
===> lib/libnv/nv_tests:nvlist_move_nvlist__child_with_error
Result: passed
Duration: 0.293s

Metadata:
    allowed_architectures is empty
    allowed_platforms is empty
    description is empty
    has_cleanup = false
    required_configs is empty
    required_disk_space = 0
    required_files is empty
    required_memory = 0
    required_programs is empty
    required_user is empty
    timeout = 300
===> lib/libnv/nv_tests:nvlist_move_nvlist__null_child
Result: passed
Duration: 0.815s

Metadata:
    allowed_architectures is empty
    allowed_platforms is empty
    description is empty
    has_cleanup = false
    required_configs is empty
    required_disk_space = 0
    required_files is empty
    required_memory = 0
    required_programs is empty
    required_user is empty
    timeout = 300
===> lib/libnv/nv_tests:nvlist_move_nvlist__single_insert
Result: passed
Duration: 1.199s

Metadata:
    allowed_architectures is empty
    allowed_platforms is empty
    description is empty
    has_cleanup = false
    required_configs is empty
    required_disk_space = 0
    required_files is empty
    required_memory = 0
    required_programs is empty
    required_user is empty
    timeout = 300
===> lib/libnv/nv_tests:nvlist_move_string__single_insert
Result: passed
Duration: 0.322s

Metadata:
    allowed_architectures is empty
    allowed_platforms is empty
    description is empty
    has_cleanup = false
    required_configs is empty
    required_disk_space = 0
    required_files is empty
    required_memory = 0
    required_programs is empty
    required_user is empty
    timeout = 300
===> lib/libnv/nv_tests:nvlist_pack__empty_nvlist
Result: passed
Duration: 0.373s

Metadata:
    allowed_architectures is empty
    allowed_platforms is empty
    description is empty
    has_cleanup = false
    required_configs is empty
    required_disk_space = 0
    required_files is empty
    required_memory = 0
    required_programs is empty
    required_user is empty
    timeout = 300
===> lib/libnv/nv_tests:nvlist_pack__error_nvlist
Result: passed
Duration: 0.292s

Metadata:
    allowed_architectures is empty
    allowed_platforms is empty
    description is empty
    has_cleanup = false
    required_configs is empty
    required_disk_space = 0
    required_files is empty
    required_memory = 0
    required_programs is empty
    required_user is empty
    timeout = 300
===> lib/libnv/nv_tests:nvlist_pack__multiple_values
Result: passed
Duration: 0.153s

Metadata:
    allowed_architectures is empty
    allowed_platforms is empty
    description is empty
    has_cleanup = false
    required_configs is empty
    required_disk_space = 0
    required_files is empty
    required_memory = 0
    required_programs is empty
    required_user is empty
    timeout = 300
===> lib/libnv/nv_tests:nvlist_take_binary__other_keys_unchanged
Result: passed
Duration: 0.331s

Metadata:
    allowed_architectures is empty
    allowed_platforms is empty
    description is empty
    has_cleanup = false
    required_configs is empty
    required_disk_space = 0
    required_files is empty
    required_memory = 0
    required_programs is empty
    required_user is empty
    timeout = 300
===> lib/libnv/nv_tests:nvlist_take_binary__single_remove
Result: passed
Duration: 0.223s

Metadata:
    allowed_architectures is empty
    allowed_platforms is empty
    description is empty
    has_cleanup = false
    required_configs is empty
    required_disk_space = 0
    required_files is empty
    required_memory = 0
    required_programs is empty
    required_user is empty
    timeout = 300
===> lib/libnv/nv_tests:nvlist_take_bool__other_keys_unchanged
Result: passed
Duration: 0.331s

Metadata:
    allowed_architectures is empty
    allowed_platforms is empty
    description is empty
    has_cleanup = false
    required_configs is empty
    required_disk_space = 0
    required_files is empty
    required_memory = 0
    required_programs is empty
    required_user is empty
    timeout = 300
===> lib/libnv/nv_tests:nvlist_take_bool__single_remove
Result: passed
Duration: 0.204s

Metadata:
    allowed_architectures is empty
    allowed_platforms is empty
    description is empty
    has_cleanup = false
    required_configs is empty
    required_disk_space = 0
    required_files is empty
    required_memory = 0
    required_programs is empty
    required_user is empty
    timeout = 300
===> lib/libnv/nv_tests:nvlist_take_number__other_keys_unchanged
Result: passed
Duration: 0.249s

Metadata:
    allowed_architectures is empty
    allowed_platforms is empty
    description is empty
    has_cleanup = false
    required_configs is empty
    required_disk_space = 0
    required_files is empty
    required_memory = 0
    required_programs is empty
    required_user is empty
    timeout = 300
===> lib/libnv/nv_tests:nvlist_take_number__single_remove
Result: passed
Duration: 0.224s

Metadata:
    allowed_architectures is empty
    allowed_platforms is empty
    description is empty
    has_cleanup = false
    required_configs is empty
    required_disk_space = 0
    required_files is empty
    required_memory = 0
    required_programs is empty
    required_user is empty
    timeout = 300
===> lib/libnv/nv_tests:nvlist_take_nvlist__other_keys_unchanged
Result: passed
Duration: 0.064s

Metadata:
    allowed_architectures is empty
    allowed_platforms is empty
    description is empty
    has_cleanup = false
    required_configs is empty
    required_disk_space = 0
    required_files is empty
    required_memory = 0
    required_programs is empty
    required_user is empty
    timeout = 300
===> lib/libnv/nv_tests:nvlist_take_nvlist__single_remove
Result: passed
Duration: 0.083s

Metadata:
    allowed_architectures is empty
    allowed_platforms is empty
    description is empty
    has_cleanup = false
    required_configs is empty
    required_disk_space = 0
    required_files is empty
    required_memory = 0
    required_programs is empty
    required_user is empty
    timeout = 300
===> lib/libnv/nv_tests:nvlist_take_string__other_keys_unchanged
Result: passed
Duration: 0.053s

Metadata:
    allowed_architectures is empty
    allowed_platforms is empty
    description is empty
    has_cleanup = false
    required_configs is empty
    required_disk_space = 0
    required_files is empty
    required_memory = 0
    required_programs is empty
    required_user is empty
    timeout = 300
===> lib/libnv/nv_tests:nvlist_take_string__single_remove
Result: passed
Duration: 0.115s

Metadata:
    allowed_architectures is empty
    allowed_platforms is empty
    description is empty
    has_cleanup = false
    required_configs is empty
    required_disk_space = 0
    required_files is empty
    required_memory = 0
    required_programs is empty
    required_user is empty
    timeout = 300
===> lib/libnv/nv_tests:nvlist_unpack__duplicate_key
Result: passed
Duration: 0.049s

Metadata:
    allowed_architectures is empty
    allowed_platforms is empty
    description is empty
    has_cleanup = false
    required_configs is empty
    required_disk_space = 0
    required_files is empty
    required_memory = 0
    required_programs is empty
    required_user is empty
    timeout = 300
===> lib/libnv/nv_tests:nvlist_unpack__flags_nvlist
Result: passed
Duration: 0.437s

Metadata:
    allowed_architectures is empty
    allowed_platforms is empty
    description is empty
    has_cleanup = false
    required_configs is empty
    required_disk_space = 0
    required_files is empty
    required_memory = 0
    required_programs is empty
    required_user is empty
    timeout = 300
===> lib/libnv/nvlist_add_test:main
Result: passed
Duration: 0.358s

Metadata:
    allowed_architectures is empty
    allowed_platforms is empty
    description is empty
    has_cleanup = false
    required_configs is empty
    required_disk_space = 0
    required_files is empty
    required_memory = 0
    required_programs is empty
    required_user is empty
    timeout = 300

Standard output:
1..94
ok # 1 /builds/FreeBSD_HEAD/lib/libnv/tests/nvlist_add_test.c:58
ok # 2 /builds/FreeBSD_HEAD/lib/libnv/tests/nvlist_add_test.c:60
ok # 3 /builds/FreeBSD_HEAD/lib/libnv/tests/nvlist_add_test.c:61
ok # 4 /builds/FreeBSD_HEAD/lib/libnv/tests/nvlist_add_test.c:63
ok # 5 /builds/FreeBSD_HEAD/lib/libnv/tests/nvlist_add_test.c:65
ok # 6 /builds/FreeBSD_HEAD/lib/libnv/tests/nvlist_add_test.c:66
ok # 7 /builds/FreeBSD_HEAD/lib/libnv/tests/nvlist_add_test.c:68
ok # 8 /builds/FreeBSD_HEAD/lib/libnv/tests/nvlist_add_test.c:70
ok # 9 /builds/FreeBSD_HEAD/lib/libnv/tests/nvlist_add_test.c:71
ok # 10 /builds/FreeBSD_HEAD/lib/libnv/tests/nvlist_add_test.c:73
ok # 11 /builds/FreeBSD_HEAD/lib/libnv/tests/nvlist_add_test.c:75
ok # 12 /builds/FreeBSD_HEAD/lib/libnv/tests/nvlist_add_test.c:76
ok # 13 /builds/FreeBSD_HEAD/lib/libnv/tests/nvlist_add_test.c:78
ok # 14 /builds/FreeBSD_HEAD/lib/libnv/tests/nvlist_add_test.c:80
ok # 15 /builds/FreeBSD_HEAD/lib/libnv/tests/nvlist_add_test.c:81
ok # 16 /builds/FreeBSD_HEAD/lib/libnv/tests/nvlist_add_test.c:83
ok # 17 /builds/FreeBSD_HEAD/lib/libnv/tests/nvlist_add_test.c:85
ok # 18 /builds/FreeBSD_HEAD/lib/libnv/tests/nvlist_add_test.c:86
ok # 19 /builds/FreeBSD_HEAD/lib/libnv/tests/nvlist_add_test.c:88
ok # 20 /builds/FreeBSD_HEAD/lib/libnv/tests/nvlist_add_test.c:90
ok # 21 /builds/FreeBSD_HEAD/lib/libnv/tests/nvlist_add_test.c:91
ok # 22 /builds/FreeBSD_HEAD/lib/libnv/tests/nvlist_add_test.c:93
ok # 23 /builds/FreeBSD_HEAD/lib/libnv/tests/nvlist_add_test.c:95
ok # 24 /builds/FreeBSD_HEAD/lib/libnv/tests/nvlist_add_test.c:96
ok # 25 /builds/FreeBSD_HEAD/lib/libnv/tests/nvlist_add_test.c:98
ok # 26 /builds/FreeBSD_HEAD/lib/libnv/tests/nvlist_add_test.c:100
ok # 27 /builds/FreeBSD_HEAD/lib/libnv/tests/nvlist_add_test.c:101
ok # 28 /builds/FreeBSD_HEAD/lib/libnv/tests/nvlist_add_test.c:103
ok # 29 /builds/FreeBSD_HEAD/lib/libnv/tests/nvlist_add_test.c:105
ok # 30 /builds/FreeBSD_HEAD/lib/libnv/tests/nvlist_add_test.c:106
ok # 31 /builds/FreeBSD_HEAD/lib/libnv/tests/nvlist_add_test.c:108
ok # 32 /builds/FreeBSD_HEAD/lib/libnv/tests/nvlist_add_test.c:110
ok # 33 /builds/FreeBSD_HEAD/lib/libnv/tests/nvlist_add_test.c:111
ok # 34 /builds/FreeBSD_HEAD/lib/libnv/tests/nvlist_add_test.c:113
ok # 35 /builds/FreeBSD_HEAD/lib/libnv/tests/nvlist_add_test.c:115
ok # 36 /builds/FreeBSD_HEAD/lib/libnv/tests/nvlist_add_test.c:116
ok # 37 /builds/FreeBSD_HEAD/lib/libnv/tests/nvlist_add_test.c:118
ok # 38 /builds/FreeBSD_HEAD/lib/libnv/tests/nvlist_add_test.c:120
ok # 39 /builds/FreeBSD_HEAD/lib/libnv/tests/nvlist_add_test.c:121
ok # 40 /builds/FreeBSD_HEAD/lib/libnv/tests/nvlist_add_test.c:123
ok # 41 /builds/FreeBSD_HEAD/lib/libnv/tests/nvlist_add_test.c:125
ok # 42 /builds/FreeBSD_HEAD/lib/libnv/tests/nvlist_add_test.c:126
ok # 43 /builds/FreeBSD_HEAD/lib/libnv/tests/nvlist_add_test.c:128
ok # 44 /builds/FreeBSD_HEAD/lib/libnv/tests/nvlist_add_test.c:130
ok # 45 /builds/FreeBSD_HEAD/lib/libnv/tests/nvlist_add_test.c:131
ok # 46 /builds/FreeBSD_HEAD/lib/libnv/tests/nvlist_add_test.c:133
ok # 47 /builds/FreeBSD_HEAD/lib/libnv/tests/nvlist_add_test.c:135
ok # 48 /builds/FreeBSD_HEAD/lib/libnv/tests/nvlist_add_test.c:136
ok # 49 /builds/FreeBSD_HEAD/lib/libnv/tests/nvlist_add_test.c:138
ok # 50 /builds/FreeBSD_HEAD/lib/libnv/tests/nvlist_add_test.c:140
ok # 51 /builds/FreeBSD_HEAD/lib/libnv/tests/nvlist_add_test.c:141
ok # 52 /builds/FreeBSD_HEAD/lib/libnv/tests/nvlist_add_test.c:143
ok # 53 /builds/FreeBSD_HEAD/lib/libnv/tests/nvlist_add_test.c:145
ok # 54 /builds/FreeBSD_HEAD/lib/libnv/tests/nvlist_add_test.c:146
ok # 55 /builds/FreeBSD_HEAD/lib/libnv/tests/nvlist_add_test.c:148
ok # 56 /builds/FreeBSD_HEAD/lib/libnv/tests/nvlist_add_test.c:150
ok # 57 /builds/FreeBSD_HEAD/lib/libnv/tests/nvlist_add_test.c:151
ok # 58 /builds/FreeBSD_HEAD/lib/libnv/tests/nvlist_add_test.c:153
ok # 59 /builds/FreeBSD_HEAD/lib/libnv/tests/nvlist_add_test.c:154
ok # 60 /builds/FreeBSD_HEAD/lib/libnv/tests/nvlist_add_test.c:155
ok # 61 /builds/FreeBSD_HEAD/lib/libnv/tests/nvlist_add_test.c:156
ok # 62 /builds/FreeBSD_HEAD/lib/libnv/tests/nvlist_add_test.c:157
ok # 63 /builds/FreeBSD_HEAD/lib/libnv/tests/nvlist_add_test.c:158
ok # 64 /builds/FreeBSD_HEAD/lib/libnv/tests/nvlist_add_test.c:159
ok # 65 /builds/FreeBSD_HEAD/lib/libnv/tests/nvlist_add_test.c:160
ok # 66 /builds/FreeBSD_HEAD/lib/libnv/tests/nvlist_add_test.c:161
ok # 67 /builds/FreeBSD_HEAD/lib/libnv/tests/nvlist_add_test.c:162
ok # 68 /builds/FreeBSD_HEAD/lib/libnv/tests/nvlist_add_test.c:163
ok # 69 /builds/FreeBSD_HEAD/lib/libnv/tests/nvlist_add_test.c:164
ok # 70 /builds/FreeBSD_HEAD/lib/libnv/tests/nvlist_add_test.c:165
ok # 71 /builds/FreeBSD_HEAD/lib/libnv/tests/nvlist_add_test.c:166
ok # 72 /builds/FreeBSD_HEAD/lib/libnv/tests/nvlist_add_test.c:167
ok # 73 /builds/FreeBSD_HEAD/lib/libnv/tests/nvlist_add_test.c:168
ok # 74 /builds/FreeBSD_HEAD/lib/libnv/tests/nvlist_add_test.c:169
ok # 75 /builds/FreeBSD_HEAD/lib/libnv/tests/nvlist_add_test.c:170
ok # 76 /builds/FreeBSD_HEAD/lib/libnv/tests/nvlist_add_test.c:171
ok # 77 /builds/FreeBSD_HEAD/lib/libnv/tests/nvlist_add_test.c:174
ok # 78 /builds/FreeBSD_HEAD/lib/libnv/tests/nvlist_add_test.c:175
ok # 79 /builds/FreeBSD_HEAD/lib/libnv/tests/nvlist_add_test.c:176
ok # 80 /builds/FreeBSD_HEAD/lib/libnv/tests/nvlist_add_test.c:177
ok # 81 /builds/FreeBSD_HEAD/lib/libnv/tests/nvlist_add_test.c:178
ok # 82 /builds/FreeBSD_HEAD/lib/libnv/tests/nvlist_add_test.c:179
ok # 83 /builds/FreeBSD_HEAD/lib/libnv/tests/nvlist_add_test.c:180
ok # 84 /builds/FreeBSD_HEAD/lib/libnv/tests/nvlist_add_test.c:181
ok # 85 /builds/FreeBSD_HEAD/lib/libnv/tests/nvlist_add_test.c:182
ok # 86 /builds/FreeBSD_HEAD/lib/libnv/tests/nvlist_add_test.c:183
ok # 87 /builds/FreeBSD_HEAD/lib/libnv/tests/nvlist_add_test.c:184
ok # 88 /builds/FreeBSD_HEAD/lib/libnv/tests/nvlist_add_test.c:185
ok # 89 /builds/FreeBSD_HEAD/lib/libnv/tests/nvlist_add_test.c:186
ok # 90 /builds/FreeBSD_HEAD/lib/libnv/tests/nvlist_add_test.c:187
ok # 91 /builds/FreeBSD_HEAD/lib/libnv/tests/nvlist_add_test.c:188
ok # 92 /builds/FreeBSD_HEAD/lib/libnv/tests/nvlist_add_test.c:189
ok # 93 /builds/FreeBSD_HEAD/lib/libnv/tests/nvlist_add_test.c:190
ok # 94 /builds/FreeBSD_HEAD/lib/libnv/tests/nvlist_add_test.c:191
===> lib/libnv/nvlist_exists_test:main
Result: passed
Duration: 0.140s

Metadata:
    allowed_architectures is empty
    allowed_platforms is empty
    description is empty
    has_cleanup = false
    required_configs is empty
    required_disk_space = 0
    required_files is empty
    required_memory = 0
    required_programs is empty
    required_user is empty
    timeout = 300

Standard output:
1..232
ok # 1 /builds/FreeBSD_HEAD/lib/libnv/tests/nvlist_exists_test.c:56
ok # 2 /builds/FreeBSD_HEAD/lib/libnv/tests/nvlist_exists_test.c:57
ok # 3 /builds/FreeBSD_HEAD/lib/libnv/tests/nvlist_exists_test.c:58
ok # 4 /builds/FreeBSD_HEAD/lib/libnv/tests/nvlist_exists_test.c:59
ok # 5 /builds/FreeBSD_HEAD/lib/libnv/tests/nvlist_exists_test.c:60
ok # 6 /builds/FreeBSD_HEAD/lib/libnv/tests/nvlist_exists_test.c:61
ok # 7 /builds/FreeBSD_HEAD/lib/libnv/tests/nvlist_exists_test.c:62
ok # 8 /builds/FreeBSD_HEAD/lib/libnv/tests/nvlist_exists_test.c:63
ok # 9 /builds/FreeBSD_HEAD/lib/libnv/tests/nvlist_exists_test.c:65
ok # 10 /builds/FreeBSD_HEAD/lib/libnv/tests/nvlist_exists_test.c:66
ok # 11 /builds/FreeBSD_HEAD/lib/libnv/tests/nvlist_exists_test.c:67
ok # 12 /builds/FreeBSD_HEAD/lib/libnv/tests/nvlist_exists_test.c:68
ok # 13 /builds/FreeBSD_HEAD/lib/libnv/tests/nvlist_exists_test.c:69
ok # 14 /builds/FreeBSD_HEAD/lib/libnv/tests/nvlist_exists_test.c:70
ok # 15 /builds/FreeBSD_HEAD/lib/libnv/tests/nvlist_exists_test.c:71
ok # 16 /builds/FreeBSD_HEAD/lib/libnv/tests/nvlist_exists_test.c:72
ok # 17 /builds/FreeBSD_HEAD/lib/libnv/tests/nvlist_exists_test.c:73
ok # 18 /builds/FreeBSD_HEAD/lib/libnv/tests/nvlist_exists_test.c:75
ok # 19 /builds/FreeBSD_HEAD/lib/libnv/tests/nvlist_exists_test.c:76
ok # 20 /builds/FreeBSD_HEAD/lib/libnv/tests/nvlist_exists_test.c:77
ok # 21 /builds/FreeBSD_HEAD/lib/libnv/tests/nvlist_exists_test.c:78
ok # 22 /builds/FreeBSD_HEAD/lib/libnv/tests/nvlist_exists_test.c:79
ok # 23 /builds/FreeBSD_HEAD/lib/libnv/tests/nvlist_exists_test.c:80
ok # 24 /builds/FreeBSD_HEAD/lib/libnv/tests/nvlist_exists_test.c:81
ok # 25 /builds/FreeBSD_HEAD/lib/libnv/tests/nvlist_exists_test.c:82
ok # 26 /builds/FreeBSD_HEAD/lib/libnv/tests/nvlist_exists_test.c:84
ok # 27 /builds/FreeBSD_HEAD/lib/libnv/tests/nvlist_exists_test.c:85
ok # 28 /builds/FreeBSD_HEAD/lib/libnv/tests/nvlist_exists_test.c:86
ok # 29 /builds/FreeBSD_HEAD/lib/libnv/tests/nvlist_exists_test.c:87
ok # 30 /builds/FreeBSD_HEAD/lib/libnv/tests/nvlist_exists_test.c:88
ok # 31 /builds/FreeBSD_HEAD/lib/libnv/tests/nvlist_exists_test.c:89
ok # 32 /builds/FreeBSD_HEAD/lib/libnv/tests/nvlist_exists_test.c:90
ok # 33 /builds/FreeBSD_HEAD/lib/libnv/tests/nvlist_exists_test.c:91
ok # 34 /builds/FreeBSD_HEAD/lib/libnv/tests/nvlist_exists_test.c:92
ok # 35 /builds/FreeBSD_HEAD/lib/libnv/tests/nvlist_exists_test.c:94
ok # 36 /builds/FreeBSD_HEAD/lib/libnv/tests/nvlist_exists_test.c:95
ok # 37 /builds/FreeBSD_HEAD/lib/libnv/tests/nvlist_exists_test.c:96
ok # 38 /builds/FreeBSD_HEAD/lib/libnv/tests/nvlist_exists_test.c:97
ok # 39 /builds/FreeBSD_HEAD/lib/libnv/tests/nvlist_exists_test.c:98
ok # 40 /builds/FreeBSD_HEAD/lib/libnv/tests/nvlist_exists_test.c:99
ok # 41 /builds/FreeBSD_HEAD/lib/libnv/tests/nvlist_exists_test.c:100
ok # 42 /builds/FreeBSD_HEAD/lib/libnv/tests/nvlist_exists_test.c:101
ok # 43 /builds/FreeBSD_HEAD/lib/libnv/tests/nvlist_exists_test.c:103
ok # 44 /builds/FreeBSD_HEAD/lib/libnv/tests/nvlist_exists_test.c:104
ok # 45 /builds/FreeBSD_HEAD/lib/libnv/tests/nvlist_exists_test.c:105
ok # 46 /builds/FreeBSD_HEAD/lib/libnv/tests/nvlist_exists_test.c:106
ok # 47 /builds/FreeBSD_HEAD/lib/libnv/tests/nvlist_exists_test.c:107
ok # 48 /builds/FreeBSD_HEAD/lib/libnv/tests/nvlist_exists_test.c:108
ok # 49 /builds/FreeBSD_HEAD/lib/libnv/tests/nvlist_exists_test.c:109
ok # 50 /builds/FreeBSD_HEAD/lib/libnv/tests/nvlist_exists_test.c:110
ok # 51 /builds/FreeBSD_HEAD/lib/libnv/tests/nvlist_exists_test.c:111
ok # 52 /builds/FreeBSD_HEAD/lib/libnv/tests/nvlist_exists_test.c:113
ok # 53 /builds/FreeBSD_HEAD/lib/libnv/tests/nvlist_exists_test.c:114
ok # 54 /builds/FreeBSD_HEAD/lib/libnv/tests/nvlist_exists_test.c:115
ok # 55 /builds/FreeBSD_HEAD/lib/libnv/tests/nvlist_exists_test.c:116
ok # 56 /builds/FreeBSD_HEAD/lib/libnv/tests/nvlist_exists_test.c:117
ok # 57 /builds/FreeBSD_HEAD/lib/libnv/tests/nvlist_exists_test.c:118
ok # 58 /builds/FreeBSD_HEAD/lib/libnv/tests/nvlist_exists_test.c:119
ok # 59 /builds/FreeBSD_HEAD/lib/libnv/tests/nvlist_exists_test.c:120
ok # 60 /builds/FreeBSD_HEAD/lib/libnv/tests/nvlist_exists_test.c:122
ok # 61 /builds/FreeBSD_HEAD/lib/libnv/tests/nvlist_exists_test.c:123
ok # 62 /builds/FreeBSD_HEAD/lib/libnv/tests/nvlist_exists_test.c:124
ok # 63 /builds/FreeBSD_HEAD/lib/libnv/tests/nvlist_exists_test.c:125
ok # 64 /builds/FreeBSD_HEAD/lib/libnv/tests/nvlist_exists_test.c:126
ok # 65 /builds/FreeBSD_HEAD/lib/libnv/tests/nvlist_exists_test.c:127
ok # 66 /builds/FreeBSD_HEAD/lib/libnv/tests/nvlist_exists_test.c:128
ok # 67 /builds/FreeBSD_HEAD/lib/libnv/tests/nvlist_exists_test.c:129
ok # 68 /builds/FreeBSD_HEAD/lib/libnv/tests/nvlist_exists_test.c:130
ok # 69 /builds/FreeBSD_HEAD/lib/libnv/tests/nvlist_exists_test.c:132
ok # 70 /builds/FreeBSD_HEAD/lib/libnv/tests/nvlist_exists_test.c:133
ok # 71 /builds/FreeBSD_HEAD/lib/libnv/tests/nvlist_exists_test.c:134
ok # 72 /builds/FreeBSD_HEAD/lib/libnv/tests/nvlist_exists_test.c:135
ok # 73 /builds/FreeBSD_HEAD/lib/libnv/tests/nvlist_exists_test.c:136
ok # 74 /builds/FreeBSD_HEAD/lib/libnv/tests/nvlist_exists_test.c:137
ok # 75 /builds/FreeBSD_HEAD/lib/libnv/tests/nvlist_exists_test.c:138
ok # 76 /builds/FreeBSD_HEAD/lib/libnv/tests/nvlist_exists_test.c:139
ok # 77 /builds/FreeBSD_HEAD/lib/libnv/tests/nvlist_exists_test.c:141
ok # 78 /builds/FreeBSD_HEAD/lib/libnv/tests/nvlist_exists_test.c:142
ok # 79 /builds/FreeBSD_HEAD/lib/libnv/tests/nvlist_exists_test.c:143
ok # 80 /builds/FreeBSD_HEAD/lib/libnv/tests/nvlist_exists_test.c:144
ok # 81 /builds/FreeBSD_HEAD/lib/libnv/tests/nvlist_exists_test.c:145
ok # 82 /builds/FreeBSD_HEAD/lib/libnv/tests/nvlist_exists_test.c:146
ok # 83 /builds/FreeBSD_HEAD/lib/libnv/tests/nvlist_exists_test.c:147
ok # 84 /builds/FreeBSD_HEAD/lib/libnv/tests/nvlist_exists_test.c:148
ok # 85 /builds/FreeBSD_HEAD/lib/libnv/tests/nvlist_exists_test.c:149
ok # 86 /builds/FreeBSD_HEAD/lib/libnv/tests/nvlist_exists_test.c:151
ok # 87 /builds/FreeBSD_HEAD/lib/libnv/tests/nvlist_exists_test.c:152
ok # 88 /builds/FreeBSD_HEAD/lib/libnv/tests/nvlist_exists_test.c:153
ok # 89 /builds/FreeBSD_HEAD/lib/libnv/tests/nvlist_exists_test.c:154
ok # 90 /builds/FreeBSD_HEAD/lib/libnv/tests/nvlist_exists_test.c:155
ok # 91 /builds/FreeBSD_HEAD/lib/libnv/tests/nvlist_exists_test.c:156
ok # 92 /builds/FreeBSD_HEAD/lib/libnv/tests/nvlist_exists_test.c:157
ok # 93 /builds/FreeBSD_HEAD/lib/libnv/tests/nvlist_exists_test.c:158
ok # 94 /builds/FreeBSD_HEAD/lib/libnv/tests/nvlist_exists_test.c:160
ok # 95 /builds/FreeBSD_HEAD/lib/libnv/tests/nvlist_exists_test.c:161
ok # 96 /builds/FreeBSD_HEAD/lib/libnv/tests/nvlist_exists_test.c:162
ok # 97 /builds/FreeBSD_HEAD/lib/libnv/tests/nvlist_exists_test.c:163
ok # 98 /builds/FreeBSD_HEAD/lib/libnv/tests/nvlist_exists_test.c:164
ok # 99 /builds/FreeBSD_HEAD/lib/libnv/tests/nvlist_exists_test.c:165
ok # 100 /builds/FreeBSD_HEAD/lib/libnv/tests/nvlist_exists_test.c:166
ok # 101 /builds/FreeBSD_HEAD/lib/libnv/tests/nvlist_exists_test.c:167
ok # 102 /builds/FreeBSD_HEAD/lib/libnv/tests/nvlist_exists_test.c:168
ok # 103 /builds/FreeBSD_HEAD/lib/libnv/tests/nvlist_exists_test.c:170
ok # 104 /builds/FreeBSD_HEAD/lib/libnv/tests/nvlist_exists_test.c:171
ok # 105 /builds/FreeBSD_HEAD/lib/libnv/tests/nvlist_exists_test.c:172
ok # 106 /builds/FreeBSD_HEAD/lib/libnv/tests/nvlist_exists_test.c:173
ok # 107 /builds/FreeBSD_HEAD/lib/libnv/tests/nvlist_exists_test.c:174
ok # 108 /builds/FreeBSD_HEAD/lib/libnv/tests/nvlist_exists_test.c:175
ok # 109 /builds/FreeBSD_HEAD/lib/libnv/tests/nvlist_exists_test.c:176
ok # 110 /builds/FreeBSD_HEAD/lib/libnv/tests/nvlist_exists_test.c:177
ok # 111 /builds/FreeBSD_HEAD/lib/libnv/tests/nvlist_exists_test.c:179
ok # 112 /builds/FreeBSD_HEAD/lib/libnv/tests/nvlist_exists_test.c:180
ok # 113 /builds/FreeBSD_HEAD/lib/libnv/tests/nvlist_exists_test.c:181
ok # 114 /builds/FreeBSD_HEAD/lib/libnv/tests/nvlist_exists_test.c:182
ok # 115 /builds/FreeBSD_HEAD/lib/libnv/tests/nvlist_exists_test.c:183
ok # 116 /builds/FreeBSD_HEAD/lib/libnv/tests/nvlist_exists_test.c:184
ok # 117 /builds/FreeBSD_HEAD/lib/libnv/tests/nvlist_exists_test.c:185
ok # 118 /builds/FreeBSD_HEAD/lib/libnv/tests/nvlist_exists_test.c:186
ok # 119 /builds/FreeBSD_HEAD/lib/libnv/tests/nvlist_exists_test.c:187
ok # 120 /builds/FreeBSD_HEAD/lib/libnv/tests/nvlist_exists_test.c:189
ok # 121 /builds/FreeBSD_HEAD/lib/libnv/tests/nvlist_exists_test.c:190
ok # 122 /builds/FreeBSD_HEAD/lib/libnv/tests/nvlist_exists_test.c:191
ok # 123 /builds/FreeBSD_HEAD/lib/libnv/tests/nvlist_exists_test.c:192
ok # 124 /builds/FreeBSD_HEAD/lib/libnv/tests/nvlist_exists_test.c:193
ok # 125 /builds/FreeBSD_HEAD/lib/libnv/tests/nvlist_exists_test.c:194
ok # 126 /builds/FreeBSD_HEAD/lib/libnv/tests/nvlist_exists_test.c:195
ok # 127 /builds/FreeBSD_HEAD/lib/libnv/tests/nvlist_exists_test.c:196
ok # 128 /builds/FreeBSD_HEAD/lib/libnv/tests/nvlist_exists_test.c:197
ok # 129 /builds/FreeBSD_HEAD/lib/libnv/tests/nvlist_exists_test.c:198
ok # 130 /builds/FreeBSD_HEAD/lib/libnv/tests/nvlist_exists_test.c:199
ok # 131 /builds/FreeBSD_HEAD/lib/libnv/tests/nvlist_exists_test.c:200
ok # 132 /builds/FreeBSD_HEAD/lib/libnv/tests/nvlist_exists_test.c:201
ok # 133 /builds/FreeBSD_HEAD/lib/libnv/tests/nvlist_exists_test.c:202
ok # 134 /builds/FreeBSD_HEAD/lib/libnv/tests/nvlist_exists_test.c:205
ok # 135 /builds/FreeBSD_HEAD/lib/libnv/tests/nvlist_exists_test.c:206
ok # 136 /builds/FreeBSD_HEAD/lib/libnv/tests/nvlist_exists_test.c:207
ok # 137 /builds/FreeBSD_HEAD/lib/libnv/tests/nvlist_exists_test.c:208
ok # 138 /builds/FreeBSD_HEAD/lib/libnv/tests/nvlist_exists_test.c:209
ok # 139 /builds/FreeBSD_HEAD/lib/libnv/tests/nvlist_exists_test.c:210
ok # 140 /builds/FreeBSD_HEAD/lib/libnv/tests/nvlist_exists_test.c:211
ok # 141 /builds/FreeBSD_HEAD/lib/libnv/tests/nvlist_exists_test.c:212
ok # 142 /builds/FreeBSD_HEAD/lib/libnv/tests/nvlist_exists_test.c:213
ok # 143 /builds/FreeBSD_HEAD/lib/libnv/tests/nvlist_exists_test.c:214
ok # 144 /builds/FreeBSD_HEAD/lib/libnv/tests/nvlist_exists_test.c:215
ok # 145 /builds/FreeBSD_HEAD/lib/libnv/tests/nvlist_exists_test.c:216
ok # 146 /builds/FreeBSD_HEAD/lib/libnv/tests/nvlist_exists_test.c:217
ok # 147 /builds/FreeBSD_HEAD/lib/libnv/tests/nvlist_exists_test.c:218
ok # 148 /builds/FreeBSD_HEAD/lib/libnv/tests/nvlist_exists_test.c:221
ok # 149 /builds/FreeBSD_HEAD/lib/libnv/tests/nvlist_exists_test.c:222
ok # 150 /builds/FreeBSD_HEAD/lib/libnv/tests/nvlist_exists_test.c:223
ok # 151 /builds/FreeBSD_HEAD/lib/libnv/tests/nvlist_exists_test.c:224
ok # 152 /builds/FreeBSD_HEAD/lib/libnv/tests/nvlist_exists_test.c:225
ok # 153 /builds/FreeBSD_HEAD/lib/libnv/tests/nvlist_exists_test.c:226
ok # 154 /builds/FreeBSD_HEAD/lib/libnv/tests/nvlist_exists_test.c:227
ok # 155 /builds/FreeBSD_HEAD/lib/libnv/tests/nvlist_exists_test.c:228
ok # 156 /builds/FreeBSD_HEAD/lib/libnv/tests/nvlist_exists_test.c:229
ok # 157 /builds/FreeBSD_HEAD/lib/libnv/tests/nvlist_exists_test.c:230
ok # 158 /builds/FreeBSD_HEAD/lib/libnv/tests/nvlist_exists_test.c:231
ok # 159 /builds/FreeBSD_HEAD/lib/libnv/tests/nvlist_exists_test.c:232
ok # 160 /builds/FreeBSD_HEAD/lib/libnv/tests/nvlist_exists_test.c:233
ok # 161 /builds/FreeBSD_HEAD/lib/libnv/tests/nvlist_exists_test.c:234
ok # 162 /builds/FreeBSD_HEAD/lib/libnv/tests/nvlist_exists_test.c:237
ok # 163 /builds/FreeBSD_HEAD/lib/libnv/tests/nvlist_exists_test.c:238
ok # 164 /builds/FreeBSD_HEAD/lib/libnv/tests/nvlist_exists_test.c:239
ok # 165 /builds/FreeBSD_HEAD/lib/libnv/tests/nvlist_exists_test.c:240
ok # 166 /builds/FreeBSD_HEAD/lib/libnv/tests/nvlist_exists_test.c:241
ok # 167 /builds/FreeBSD_HEAD/lib/libnv/tests/nvlist_exists_test.c:242
ok # 168 /builds/FreeBSD_HEAD/lib/libnv/tests/nvlist_exists_test.c:243
ok # 169 /builds/FreeBSD_HEAD/lib/libnv/tests/nvlist_exists_test.c:244
ok # 170 /builds/FreeBSD_HEAD/lib/libnv/tests/nvlist_exists_test.c:245
ok # 171 /builds/FreeBSD_HEAD/lib/libnv/tests/nvlist_exists_test.c:246
ok # 172 /builds/FreeBSD_HEAD/lib/libnv/tests/nvlist_exists_test.c:247
ok # 173 /builds/FreeBSD_HEAD/lib/libnv/tests/nvlist_exists_test.c:248
ok # 174 /builds/FreeBSD_HEAD/lib/libnv/tests/nvlist_exists_test.c:249
ok # 175 /builds/FreeBSD_HEAD/lib/libnv/tests/nvlist_exists_test.c:250
ok # 176 /builds/FreeBSD_HEAD/lib/libnv/tests/nvlist_exists_test.c:253
ok # 177 /builds/FreeBSD_HEAD/lib/libnv/tests/nvlist_exists_test.c:254
ok # 178 /builds/FreeBSD_HEAD/lib/libnv/tests/nvlist_exists_test.c:255
ok # 179 /builds/FreeBSD_HEAD/lib/libnv/tests/nvlist_exists_test.c:256
ok # 180 /builds/FreeBSD_HEAD/lib/libnv/tests/nvlist_exists_test.c:257
ok # 181 /builds/FreeBSD_HEAD/lib/libnv/tests/nvlist_exists_test.c:258
ok # 182 /builds/FreeBSD_HEAD/lib/libnv/tests/nvlist_exists_test.c:259
ok # 183 /builds/FreeBSD_HEAD/lib/libnv/tests/nvlist_exists_test.c:260
ok # 184 /builds/FreeBSD_HEAD/lib/libnv/tests/nvlist_exists_test.c:261
ok # 185 /builds/FreeBSD_HEAD/lib/libnv/tests/nvlist_exists_test.c:262
ok # 186 /builds/FreeBSD_HEAD/lib/libnv/tests/nvlist_exists_test.c:263
ok # 187 /builds/FreeBSD_HEAD/lib/libnv/tests/nvlist_exists_test.c:264
ok # 188 /builds/FreeBSD_HEAD/lib/libnv/tests/nvlist_exists_test.c:265
ok # 189 /builds/FreeBSD_HEAD/lib/libnv/tests/nvlist_exists_test.c:266
ok # 190 /builds/FreeBSD_HEAD/lib/libnv/tests/nvlist_exists_test.c:269
ok # 191 /builds/FreeBSD_HEAD/lib/libnv/tests/nvlist_exists_test.c:270
ok # 192 /builds/FreeBSD_HEAD/lib/libnv/tests/nvlist_exists_test.c:271
ok # 193 /builds/FreeBSD_HEAD/lib/libnv/tests/nvlist_exists_test.c:272
ok # 194 /builds/FreeBSD_HEAD/lib/libnv/tests/nvlist_exists_test.c:273
ok # 195 /builds/FreeBSD_HEAD/lib/libnv/tests/nvlist_exists_test.c:274
ok # 196 /builds/FreeBSD_HEAD/lib/libnv/tests/nvlist_exists_test.c:275
ok # 197 /builds/FreeBSD_HEAD/lib/libnv/tests/nvlist_exists_test.c:276
ok # 198 /builds/FreeBSD_HEAD/lib/libnv/tests/nvlist_exists_test.c:277
ok # 199 /builds/FreeBSD_HEAD/lib/libnv/tests/nvlist_exists_test.c:278
ok # 200 /builds/FreeBSD_HEAD/lib/libnv/tests/nvlist_exists_test.c:279
ok # 201 /builds/FreeBSD_HEAD/lib/libnv/tests/nvlist_exists_test.c:280
ok # 202 /builds/FreeBSD_HEAD/lib/libnv/tests/nvlist_exists_test.c:281
ok # 203 /builds/FreeBSD_HEAD/lib/libnv/tests/nvlist_exists_test.c:282
ok # 204 /builds/FreeBSD_HEAD/lib/libnv/tests/nvlist_exists_test.c:285
ok # 205 /builds/FreeBSD_HEAD/lib/libnv/tests/nvlist_exists_test.c:286
ok # 206 /builds/FreeBSD_HEAD/lib/libnv/tests/nvlist_exists_test.c:287
ok # 207 /builds/FreeBSD_HEAD/lib/libnv/tests/nvlist_exists_test.c:288
ok # 208 /builds/FreeBSD_HEAD/lib/libnv/tests/nvlist_exists_test.c:289
ok # 209 /builds/FreeBSD_HEAD/lib/libnv/tests/nvlist_exists_test.c:290
ok # 210 /builds/FreeBSD_HEAD/lib/libnv/tests/nvlist_exists_test.c:291
ok # 211 /builds/FreeBSD_HEAD/lib/libnv/tests/nvlist_exists_test.c:292
ok # 212 /builds/FreeBSD_HEAD/lib/libnv/tests/nvlist_exists_test.c:293
ok # 213 /builds/FreeBSD_HEAD/lib/libnv/tests/nvlist_exists_test.c:294
ok # 214 /builds/FreeBSD_HEAD/lib/libnv/tests/nvlist_exists_test.c:295
ok # 215 /builds/FreeBSD_HEAD/lib/libnv/tests/nvlist_exists_test.c:296
ok # 216 /builds/FreeBSD_HEAD/lib/libnv/tests/nvlist_exists_test.c:297
ok # 217 /builds/FreeBSD_HEAD/lib/libnv/tests/nvlist_exists_test.c:298
ok # 218 /builds/FreeBSD_HEAD/lib/libnv/tests/nvlist_exists_test.c:301
ok # 219 /builds/FreeBSD_HEAD/lib/libnv/tests/nvlist_exists_test.c:302
ok # 220 /builds/FreeBSD_HEAD/lib/libnv/tests/nvlist_exists_test.c:303
ok # 221 /builds/FreeBSD_HEAD/lib/libnv/tests/nvlist_exists_test.c:304
ok # 222 /builds/FreeBSD_HEAD/lib/libnv/tests/nvlist_exists_test.c:305
ok # 223 /builds/FreeBSD_HEAD/lib/libnv/tests/nvlist_exists_test.c:306
ok # 224 /builds/FreeBSD_HEAD/lib/libnv/tests/nvlist_exists_test.c:307
ok # 225 /builds/FreeBSD_HEAD/lib/libnv/tests/nvlist_exists_test.c:308
ok # 226 /builds/FreeBSD_HEAD/lib/libnv/tests/nvlist_exists_test.c:309
ok # 227 /builds/FreeBSD_HEAD/lib/libnv/tests/nvlist_exists_test.c:310
ok # 228 /builds/FreeBSD_HEAD/lib/libnv/tests/nvlist_exists_test.c:311
ok # 229 /builds/FreeBSD_HEAD/lib/libnv/tests/nvlist_exists_test.c:312
ok # 230 /builds/FreeBSD_HEAD/lib/libnv/tests/nvlist_exists_test.c:313
ok # 231 /builds/FreeBSD_HEAD/lib/libnv/tests/nvlist_exists_test.c:314
ok # 232 /builds/FreeBSD_HEAD/lib/libnv/tests/nvlist_exists_test.c:316
===> lib/libnv/nvlist_free_test:main
Result: passed
Duration: 0.140s

Metadata:
    allowed_architectures is empty
    allowed_platforms is empty
    description is empty
    has_cleanup = false
    required_configs is empty
    required_disk_space = 0
    required_files is empty
    required_memory = 0
    required_programs is empty
    required_user is empty
    timeout = 300

Standard output:
1..114
ok # 1 /builds/FreeBSD_HEAD/lib/libnv/tests/nvlist_free_test.c:64
ok # 2 /builds/FreeBSD_HEAD/lib/libnv/tests/nvlist_free_test.c:65
ok # 3 /builds/FreeBSD_HEAD/lib/libnv/tests/nvlist_free_test.c:66
ok # 4 /builds/FreeBSD_HEAD/lib/libnv/tests/nvlist_free_test.c:67
ok # 5 /builds/FreeBSD_HEAD/lib/libnv/tests/nvlist_free_test.c:68
ok # 6 /builds/FreeBSD_HEAD/lib/libnv/tests/nvlist_free_test.c:69
ok # 7 /builds/FreeBSD_HEAD/lib/libnv/tests/nvlist_free_test.c:70
ok # 8 /builds/FreeBSD_HEAD/lib/libnv/tests/nvlist_free_test.c:73
ok # 9 /builds/FreeBSD_HEAD/lib/libnv/tests/nvlist_free_test.c:74
ok # 10 /builds/FreeBSD_HEAD/lib/libnv/tests/nvlist_free_test.c:75
ok # 11 /builds/FreeBSD_HEAD/lib/libnv/tests/nvlist_free_test.c:76
ok # 12 /builds/FreeBSD_HEAD/lib/libnv/tests/nvlist_free_test.c:77
ok # 13 /builds/FreeBSD_HEAD/lib/libnv/tests/nvlist_free_test.c:78
ok # 14 /builds/FreeBSD_HEAD/lib/libnv/tests/nvlist_free_test.c:79
ok # 15 /builds/FreeBSD_HEAD/lib/libnv/tests/nvlist_free_test.c:82
ok # 16 /builds/FreeBSD_HEAD/lib/libnv/tests/nvlist_free_test.c:83
ok # 17 /builds/FreeBSD_HEAD/lib/libnv/tests/nvlist_free_test.c:84
ok # 18 /builds/FreeBSD_HEAD/lib/libnv/tests/nvlist_free_test.c:85
ok # 19 /builds/FreeBSD_HEAD/lib/libnv/tests/nvlist_free_test.c:86
ok # 20 /builds/FreeBSD_HEAD/lib/libnv/tests/nvlist_free_test.c:87
ok # 21 /builds/FreeBSD_HEAD/lib/libnv/tests/nvlist_free_test.c:88
ok # 22 /builds/FreeBSD_HEAD/lib/libnv/tests/nvlist_free_test.c:91
ok # 23 /builds/FreeBSD_HEAD/lib/libnv/tests/nvlist_free_test.c:92
ok # 24 /builds/FreeBSD_HEAD/lib/libnv/tests/nvlist_free_test.c:93
ok # 25 /builds/FreeBSD_HEAD/lib/libnv/tests/nvlist_free_test.c:94
ok # 26 /builds/FreeBSD_HEAD/lib/libnv/tests/nvlist_free_test.c:95
ok # 27 /builds/FreeBSD_HEAD/lib/libnv/tests/nvlist_free_test.c:96
ok # 28 /builds/FreeBSD_HEAD/lib/libnv/tests/nvlist_free_test.c:97
ok # 29 /builds/FreeBSD_HEAD/lib/libnv/tests/nvlist_free_test.c:100
ok # 30 /builds/FreeBSD_HEAD/lib/libnv/tests/nvlist_free_test.c:101
ok # 31 /builds/FreeBSD_HEAD/lib/libnv/tests/nvlist_free_test.c:102
ok # 32 /builds/FreeBSD_HEAD/lib/libnv/tests/nvlist_free_test.c:103
ok # 33 /builds/FreeBSD_HEAD/lib/libnv/tests/nvlist_free_test.c:104
ok # 34 /builds/FreeBSD_HEAD/lib/libnv/tests/nvlist_free_test.c:105
ok # 35 /builds/FreeBSD_HEAD/lib/libnv/tests/nvlist_free_test.c:106
ok # 36 /builds/FreeBSD_HEAD/lib/libnv/tests/nvlist_free_test.c:109
ok # 37 /builds/FreeBSD_HEAD/lib/libnv/tests/nvlist_free_test.c:110
ok # 38 /builds/FreeBSD_HEAD/lib/libnv/tests/nvlist_free_test.c:111
ok # 39 /builds/FreeBSD_HEAD/lib/libnv/tests/nvlist_free_test.c:112
ok # 40 /builds/FreeBSD_HEAD/lib/libnv/tests/nvlist_free_test.c:113
ok # 41 /builds/FreeBSD_HEAD/lib/libnv/tests/nvlist_free_test.c:114
ok # 42 /builds/FreeBSD_HEAD/lib/libnv/tests/nvlist_free_test.c:115
ok # 43 /builds/FreeBSD_HEAD/lib/libnv/tests/nvlist_free_test.c:118
ok # 44 /builds/FreeBSD_HEAD/lib/libnv/tests/nvlist_free_test.c:119
ok # 45 /builds/FreeBSD_HEAD/lib/libnv/tests/nvlist_free_test.c:120
ok # 46 /builds/FreeBSD_HEAD/lib/libnv/tests/nvlist_free_test.c:121
ok # 47 /builds/FreeBSD_HEAD/lib/libnv/tests/nvlist_free_test.c:122
ok # 48 /builds/FreeBSD_HEAD/lib/libnv/tests/nvlist_free_test.c:123
ok # 49 /builds/FreeBSD_HEAD/lib/libnv/tests/nvlist_free_test.c:124
ok # 50 /builds/FreeBSD_HEAD/lib/libnv/tests/nvlist_free_test.c:127
ok # 51 /builds/FreeBSD_HEAD/lib/libnv/tests/nvlist_free_test.c:128
ok # 52 /builds/FreeBSD_HEAD/lib/libnv/tests/nvlist_free_test.c:129
ok # 53 /builds/FreeBSD_HEAD/lib/libnv/tests/nvlist_free_test.c:130
ok # 54 /builds/FreeBSD_HEAD/lib/libnv/tests/nvlist_free_test.c:131
ok # 55 /builds/FreeBSD_HEAD/lib/libnv/tests/nvlist_free_test.c:132
ok # 56 /builds/FreeBSD_HEAD/lib/libnv/tests/nvlist_free_test.c:133
ok # 57 /builds/FreeBSD_HEAD/lib/libnv/tests/nvlist_free_test.c:135
ok # 58 /builds/FreeBSD_HEAD/lib/libnv/tests/nvlist_free_test.c:145
ok # 59 /builds/FreeBSD_HEAD/lib/libnv/tests/nvlist_free_test.c:146
ok # 60 /builds/FreeBSD_HEAD/lib/libnv/tests/nvlist_free_test.c:147
ok # 61 /builds/FreeBSD_HEAD/lib/libnv/tests/nvlist_free_test.c:148
ok # 62 /builds/FreeBSD_HEAD/lib/libnv/tests/nvlist_free_test.c:149
ok # 63 /builds/FreeBSD_HEAD/lib/libnv/tests/nvlist_free_test.c:150
ok # 64 /builds/FreeBSD_HEAD/lib/libnv/tests/nvlist_free_test.c:151
ok # 65 /builds/FreeBSD_HEAD/lib/libnv/tests/nvlist_free_test.c:154
ok # 66 /builds/FreeBSD_HEAD/lib/libnv/tests/nvlist_free_test.c:155
ok # 67 /builds/FreeBSD_HEAD/lib/libnv/tests/nvlist_free_test.c:156
ok # 68 /builds/FreeBSD_HEAD/lib/libnv/tests/nvlist_free_test.c:157
ok # 69 /builds/FreeBSD_HEAD/lib/libnv/tests/nvlist_free_test.c:158
ok # 70 /builds/FreeBSD_HEAD/lib/libnv/tests/nvlist_free_test.c:159
ok # 71 /builds/FreeBSD_HEAD/lib/libnv/tests/nvlist_free_test.c:160
ok # 72 /builds/FreeBSD_HEAD/lib/libnv/tests/nvlist_free_test.c:163
ok # 73 /builds/FreeBSD_HEAD/lib/libnv/tests/nvlist_free_test.c:164
ok # 74 /builds/FreeBSD_HEAD/lib/libnv/tests/nvlist_free_test.c:165
ok # 75 /builds/FreeBSD_HEAD/lib/libnv/tests/nvlist_free_test.c:166
ok # 76 /builds/FreeBSD_HEAD/lib/libnv/tests/nvlist_free_test.c:167
ok # 77 /builds/FreeBSD_HEAD/lib/libnv/tests/nvlist_free_test.c:168
ok # 78 /builds/FreeBSD_HEAD/lib/libnv/tests/nvlist_free_test.c:169
ok # 79 /builds/FreeBSD_HEAD/lib/libnv/tests/nvlist_free_test.c:172
ok # 80 /builds/FreeBSD_HEAD/lib/libnv/tests/nvlist_free_test.c:173
ok # 81 /builds/FreeBSD_HEAD/lib/libnv/tests/nvlist_free_test.c:174
ok # 82 /builds/FreeBSD_HEAD/lib/libnv/tests/nvlist_free_test.c:175
ok # 83 /builds/FreeBSD_HEAD/lib/libnv/tests/nvlist_free_test.c:176
ok # 84 /builds/FreeBSD_HEAD/lib/libnv/tests/nvlist_free_test.c:177
ok # 85 /builds/FreeBSD_HEAD/lib/libnv/tests/nvlist_free_test.c:178
ok # 86 /builds/FreeBSD_HEAD/lib/libnv/tests/nvlist_free_test.c:181
ok # 87 /builds/FreeBSD_HEAD/lib/libnv/tests/nvlist_free_test.c:182
ok # 88 /builds/FreeBSD_HEAD/lib/libnv/tests/nvlist_free_test.c:183
ok # 89 /builds/FreeBSD_HEAD/lib/libnv/tests/nvlist_free_test.c:184
ok # 90 /builds/FreeBSD_HEAD/lib/libnv/tests/nvlist_free_test.c:185
ok # 91 /builds/FreeBSD_HEAD/lib/libnv/tests/nvlist_free_test.c:186
ok # 92 /builds/FreeBSD_HEAD/lib/libnv/tests/nvlist_free_test.c:187
ok # 93 /builds/FreeBSD_HEAD/lib/libnv/tests/nvlist_free_test.c:190
ok # 94 /builds/FreeBSD_HEAD/lib/libnv/tests/nvlist_free_test.c:191
ok # 95 /builds/FreeBSD_HEAD/lib/libnv/tests/nvlist_free_test.c:192
ok # 96 /builds/FreeBSD_HEAD/lib/libnv/tests/nvlist_free_test.c:193
ok # 97 /builds/FreeBSD_HEAD/lib/libnv/tests/nvlist_free_test.c:194
ok # 98 /builds/FreeBSD_HEAD/lib/libnv/tests/nvlist_free_test.c:195
ok # 99 /builds/FreeBSD_HEAD/lib/libnv/tests/nvlist_free_test.c:196
ok # 100 /builds/FreeBSD_HEAD/lib/libnv/tests/nvlist_free_test.c:199
ok # 101 /builds/FreeBSD_HEAD/lib/libnv/tests/nvlist_free_test.c:200
ok # 102 /builds/FreeBSD_HEAD/lib/libnv/tests/nvlist_free_test.c:201
ok # 103 /builds/FreeBSD_HEAD/lib/libnv/tests/nvlist_free_test.c:202
ok # 104 /builds/FreeBSD_HEAD/lib/libnv/tests/nvlist_free_test.c:203
ok # 105 /builds/FreeBSD_HEAD/lib/libnv/tests/nvlist_free_test.c:204
ok # 106 /builds/FreeBSD_HEAD/lib/libnv/tests/nvlist_free_test.c:205
ok # 107 /builds/FreeBSD_HEAD/lib/libnv/tests/nvlist_free_test.c:208
ok # 108 /builds/FreeBSD_HEAD/lib/libnv/tests/nvlist_free_test.c:209
ok # 109 /builds/FreeBSD_HEAD/lib/libnv/tests/nvlist_free_test.c:210
ok # 110 /builds/FreeBSD_HEAD/lib/libnv/tests/nvlist_free_test.c:211
ok # 111 /builds/FreeBSD_HEAD/lib/libnv/tests/nvlist_free_test.c:212
ok # 112 /builds/FreeBSD_HEAD/lib/libnv/tests/nvlist_free_test.c:213
ok # 113 /builds/FreeBSD_HEAD/lib/libnv/tests/nvlist_free_test.c:214
ok # 114 /builds/FreeBSD_HEAD/lib/libnv/tests/nvlist_free_test.c:216
===> lib/libnv/nvlist_get_test:main
Result: passed
Duration: 0.080s

Metadata:
    allowed_architectures is empty
    allowed_platforms is empty
    description is empty
    has_cleanup = false
    required_configs is empty
    required_disk_space = 0
    required_files is empty
    required_memory = 0
    required_programs is empty
    required_user is empty
    timeout = 300

Standard output:
1..83
ok # 1 /builds/FreeBSD_HEAD/lib/libnv/tests/nvlist_get_test.c:62
ok # 2 /builds/FreeBSD_HEAD/lib/libnv/tests/nvlist_get_test.c:64
ok # 3 /builds/FreeBSD_HEAD/lib/libnv/tests/nvlist_get_test.c:65
ok # 4 /builds/FreeBSD_HEAD/lib/libnv/tests/nvlist_get_test.c:67
ok # 5 /builds/FreeBSD_HEAD/lib/libnv/tests/nvlist_get_test.c:69
ok # 6 /builds/FreeBSD_HEAD/lib/libnv/tests/nvlist_get_test.c:70
ok # 7 /builds/FreeBSD_HEAD/lib/libnv/tests/nvlist_get_test.c:72
ok # 8 /builds/FreeBSD_HEAD/lib/libnv/tests/nvlist_get_test.c:74
ok # 9 /builds/FreeBSD_HEAD/lib/libnv/tests/nvlist_get_test.c:75
ok # 10 /builds/FreeBSD_HEAD/lib/libnv/tests/nvlist_get_test.c:77
ok # 11 /builds/FreeBSD_HEAD/lib/libnv/tests/nvlist_get_test.c:79
ok # 12 /builds/FreeBSD_HEAD/lib/libnv/tests/nvlist_get_test.c:80
ok # 13 /builds/FreeBSD_HEAD/lib/libnv/tests/nvlist_get_test.c:82
ok # 14 /builds/FreeBSD_HEAD/lib/libnv/tests/nvlist_get_test.c:84
ok # 15 /builds/FreeBSD_HEAD/lib/libnv/tests/nvlist_get_test.c:85
ok # 16 /builds/FreeBSD_HEAD/lib/libnv/tests/nvlist_get_test.c:87
ok # 17 /builds/FreeBSD_HEAD/lib/libnv/tests/nvlist_get_test.c:89
ok # 18 /builds/FreeBSD_HEAD/lib/libnv/tests/nvlist_get_test.c:90
ok # 19 /builds/FreeBSD_HEAD/lib/libnv/tests/nvlist_get_test.c:92
ok # 20 /builds/FreeBSD_HEAD/lib/libnv/tests/nvlist_get_test.c:94
ok # 21 /builds/FreeBSD_HEAD/lib/libnv/tests/nvlist_get_test.c:95
ok # 22 /builds/FreeBSD_HEAD/lib/libnv/tests/nvlist_get_test.c:97
ok # 23 /builds/FreeBSD_HEAD/lib/libnv/tests/nvlist_get_test.c:99
ok # 24 /builds/FreeBSD_HEAD/lib/libnv/tests/nvlist_get_test.c:100
ok # 25 /builds/FreeBSD_HEAD/lib/libnv/tests/nvlist_get_test.c:102
ok # 26 /builds/FreeBSD_HEAD/lib/libnv/tests/nvlist_get_test.c:104
ok # 27 /builds/FreeBSD_HEAD/lib/libnv/tests/nvlist_get_test.c:105
ok # 28 /builds/FreeBSD_HEAD/lib/libnv/tests/nvlist_get_test.c:107
ok # 29 /builds/FreeBSD_HEAD/lib/libnv/tests/nvlist_get_test.c:109
ok # 30 /builds/FreeBSD_HEAD/lib/libnv/tests/nvlist_get_test.c:110
ok # 31 /builds/FreeBSD_HEAD/lib/libnv/tests/nvlist_get_test.c:112
ok # 32 /builds/FreeBSD_HEAD/lib/libnv/tests/nvlist_get_test.c:114
ok # 33 /builds/FreeBSD_HEAD/lib/libnv/tests/nvlist_get_test.c:115
ok # 34 /builds/FreeBSD_HEAD/lib/libnv/tests/nvlist_get_test.c:117
ok # 35 /builds/FreeBSD_HEAD/lib/libnv/tests/nvlist_get_test.c:119
ok # 36 /builds/FreeBSD_HEAD/lib/libnv/tests/nvlist_get_test.c:120
ok # 37 /builds/FreeBSD_HEAD/lib/libnv/tests/nvlist_get_test.c:122
ok # 38 /builds/FreeBSD_HEAD/lib/libnv/tests/nvlist_get_test.c:124
ok # 39 /builds/FreeBSD_HEAD/lib/libnv/tests/nvlist_get_test.c:125
ok # 40 /builds/FreeBSD_HEAD/lib/libnv/tests/nvlist_get_test.c:126
ok # 41 /builds/FreeBSD_HEAD/lib/libnv/tests/nvlist_get_test.c:127
ok # 42 /builds/FreeBSD_HEAD/lib/libnv/tests/nvlist_get_test.c:129
ok # 43 /builds/FreeBSD_HEAD/lib/libnv/tests/nvlist_get_test.c:131
ok # 44 /builds/FreeBSD_HEAD/lib/libnv/tests/nvlist_get_test.c:132
ok # 45 /builds/FreeBSD_HEAD/lib/libnv/tests/nvlist_get_test.c:133
ok # 46 /builds/FreeBSD_HEAD/lib/libnv/tests/nvlist_get_test.c:134
ok # 47 /builds/FreeBSD_HEAD/lib/libnv/tests/nvlist_get_test.c:136
ok # 48 /builds/FreeBSD_HEAD/lib/libnv/tests/nvlist_get_test.c:138
ok # 49 /builds/FreeBSD_HEAD/lib/libnv/tests/nvlist_get_test.c:140
ok # 50 /builds/FreeBSD_HEAD/lib/libnv/tests/nvlist_get_test.c:141
ok # 51 /builds/FreeBSD_HEAD/lib/libnv/tests/nvlist_get_test.c:142
ok # 52 /builds/FreeBSD_HEAD/lib/libnv/tests/nvlist_get_test.c:143
ok # 53 /builds/FreeBSD_HEAD/lib/libnv/tests/nvlist_get_test.c:144
ok # 54 /builds/FreeBSD_HEAD/lib/libnv/tests/nvlist_get_test.c:145
ok # 55 /builds/FreeBSD_HEAD/lib/libnv/tests/nvlist_get_test.c:146
ok # 56 /builds/FreeBSD_HEAD/lib/libnv/tests/nvlist_get_test.c:147
ok # 57 /builds/FreeBSD_HEAD/lib/libnv/tests/nvlist_get_test.c:148
ok # 58 /builds/FreeBSD_HEAD/lib/libnv/tests/nvlist_get_test.c:149
ok # 59 /builds/FreeBSD_HEAD/lib/libnv/tests/nvlist_get_test.c:150
ok # 60 /builds/FreeBSD_HEAD/lib/libnv/tests/nvlist_get_test.c:152
ok # 61 /builds/FreeBSD_HEAD/lib/libnv/tests/nvlist_get_test.c:153
ok # 62 /builds/FreeBSD_HEAD/lib/libnv/tests/nvlist_get_test.c:154
ok # 63 /builds/FreeBSD_HEAD/lib/libnv/tests/nvlist_get_test.c:155
ok # 64 /builds/FreeBSD_HEAD/lib/libnv/tests/nvlist_get_test.c:156
ok # 65 /builds/FreeBSD_HEAD/lib/libnv/tests/nvlist_get_test.c:157
ok # 66 /builds/FreeBSD_HEAD/lib/libnv/tests/nvlist_get_test.c:159
ok # 67 /builds/FreeBSD_HEAD/lib/libnv/tests/nvlist_get_test.c:160
ok # 68 /builds/FreeBSD_HEAD/lib/libnv/tests/nvlist_get_test.c:161
ok # 69 /builds/FreeBSD_HEAD/lib/libnv/tests/nvlist_get_test.c:162
ok # 70 /builds/FreeBSD_HEAD/lib/libnv/tests/nvlist_get_test.c:163
ok # 71 /builds/FreeBSD_HEAD/lib/libnv/tests/nvlist_get_test.c:164
ok # 72 /builds/FreeBSD_HEAD/lib/libnv/tests/nvlist_get_test.c:165
ok # 73 /builds/FreeBSD_HEAD/lib/libnv/tests/nvlist_get_test.c:166
ok # 74 /builds/FreeBSD_HEAD/lib/libnv/tests/nvlist_get_test.c:167
ok # 75 /builds/FreeBSD_HEAD/lib/libnv/tests/nvlist_get_test.c:168
ok # 76 /builds/FreeBSD_HEAD/lib/libnv/tests/nvlist_get_test.c:169
ok # 77 /builds/FreeBSD_HEAD/lib/libnv/tests/nvlist_get_test.c:170
ok # 78 /builds/FreeBSD_HEAD/lib/libnv/tests/nvlist_get_test.c:171
ok # 79 /builds/FreeBSD_HEAD/lib/libnv/tests/nvlist_get_test.c:172
ok # 80 /builds/FreeBSD_HEAD/lib/libnv/tests/nvlist_get_test.c:173
ok # 81 /builds/FreeBSD_HEAD/lib/libnv/tests/nvlist_get_test.c:174
ok # 82 /builds/FreeBSD_HEAD/lib/libnv/tests/nvlist_get_test.c:175
ok # 83 /builds/FreeBSD_HEAD/lib/libnv/tests/nvlist_get_test.c:176
===> lib/libnv/nvlist_move_test:main
Result: passed
Duration: 0.100s

Metadata:
    allowed_architectures is empty
    allowed_platforms is empty
    description is empty
    has_cleanup = false
    required_configs is empty
    required_disk_space = 0
    required_files is empty
    required_memory = 0
    required_programs is empty
    required_user is empty
    timeout = 300

Standard output:
1..52
ok # 1 /builds/FreeBSD_HEAD/lib/libnv/tests/nvlist_move_test.c:63
ok # 2 /builds/FreeBSD_HEAD/lib/libnv/tests/nvlist_move_test.c:65
ok # 3 /builds/FreeBSD_HEAD/lib/libnv/tests/nvlist_move_test.c:67
ok # 4 /builds/FreeBSD_HEAD/lib/libnv/tests/nvlist_move_test.c:68
ok # 5 /builds/FreeBSD_HEAD/lib/libnv/tests/nvlist_move_test.c:69
ok # 6 /builds/FreeBSD_HEAD/lib/libnv/tests/nvlist_move_test.c:71
ok # 7 /builds/FreeBSD_HEAD/lib/libnv/tests/nvlist_move_test.c:73
ok # 8 /builds/FreeBSD_HEAD/lib/libnv/tests/nvlist_move_test.c:75
ok # 9 /builds/FreeBSD_HEAD/lib/libnv/tests/nvlist_move_test.c:76
ok # 10 /builds/FreeBSD_HEAD/lib/libnv/tests/nvlist_move_test.c:77
ok # 11 /builds/FreeBSD_HEAD/lib/libnv/tests/nvlist_move_test.c:80
ok # 12 /builds/FreeBSD_HEAD/lib/libnv/tests/nvlist_move_test.c:82
ok # 13 /builds/FreeBSD_HEAD/lib/libnv/tests/nvlist_move_test.c:85
ok # 14 /builds/FreeBSD_HEAD/lib/libnv/tests/nvlist_move_test.c:87
ok # 15 /builds/FreeBSD_HEAD/lib/libnv/tests/nvlist_move_test.c:89
ok # 16 /builds/FreeBSD_HEAD/lib/libnv/tests/nvlist_move_test.c:92
ok # 17 /builds/FreeBSD_HEAD/lib/libnv/tests/nvlist_move_test.c:94
ok # 18 /builds/FreeBSD_HEAD/lib/libnv/tests/nvlist_move_test.c:96
ok # 19 /builds/FreeBSD_HEAD/lib/libnv/tests/nvlist_move_test.c:97
ok # 20 /builds/FreeBSD_HEAD/lib/libnv/tests/nvlist_move_test.c:99
ok # 21 /builds/FreeBSD_HEAD/lib/libnv/tests/nvlist_move_test.c:101
ok # 22 /builds/FreeBSD_HEAD/lib/libnv/tests/nvlist_move_test.c:103
ok # 23 /builds/FreeBSD_HEAD/lib/libnv/tests/nvlist_move_test.c:106
ok # 24 /builds/FreeBSD_HEAD/lib/libnv/tests/nvlist_move_test.c:107
ok # 25 /builds/FreeBSD_HEAD/lib/libnv/tests/nvlist_move_test.c:108
ok # 26 /builds/FreeBSD_HEAD/lib/libnv/tests/nvlist_move_test.c:109
ok # 27 /builds/FreeBSD_HEAD/lib/libnv/tests/nvlist_move_test.c:110
ok # 28 /builds/FreeBSD_HEAD/lib/libnv/tests/nvlist_move_test.c:113
ok # 29 /builds/FreeBSD_HEAD/lib/libnv/tests/nvlist_move_test.c:115
ok # 30 /builds/FreeBSD_HEAD/lib/libnv/tests/nvlist_move_test.c:120
ok # 31 /builds/FreeBSD_HEAD/lib/libnv/tests/nvlist_move_test.c:122
ok # 32 /builds/FreeBSD_HEAD/lib/libnv/tests/nvlist_move_test.c:124
ok # 33 /builds/FreeBSD_HEAD/lib/libnv/tests/nvlist_move_test.c:126
ok # 34 /builds/FreeBSD_HEAD/lib/libnv/tests/nvlist_move_test.c:127
ok # 35 /builds/FreeBSD_HEAD/lib/libnv/tests/nvlist_move_test.c:129
ok # 36 /builds/FreeBSD_HEAD/lib/libnv/tests/nvlist_move_test.c:131
ok # 37 /builds/FreeBSD_HEAD/lib/libnv/tests/nvlist_move_test.c:133
ok # 38 /builds/FreeBSD_HEAD/lib/libnv/tests/nvlist_move_test.c:134
ok # 39 /builds/FreeBSD_HEAD/lib/libnv/tests/nvlist_move_test.c:135
ok # 40 /builds/FreeBSD_HEAD/lib/libnv/tests/nvlist_move_test.c:137
ok # 41 /builds/FreeBSD_HEAD/lib/libnv/tests/nvlist_move_test.c:138
ok # 42 /builds/FreeBSD_HEAD/lib/libnv/tests/nvlist_move_test.c:140
ok # 43 /builds/FreeBSD_HEAD/lib/libnv/tests/nvlist_move_test.c:141
ok # 44 /builds/FreeBSD_HEAD/lib/libnv/tests/nvlist_move_test.c:142
ok # 45 /builds/FreeBSD_HEAD/lib/libnv/tests/nvlist_move_test.c:144
ok # 46 /builds/FreeBSD_HEAD/lib/libnv/tests/nvlist_move_test.c:145
ok # 47 /builds/FreeBSD_HEAD/lib/libnv/tests/nvlist_move_test.c:148
ok # 48 /builds/FreeBSD_HEAD/lib/libnv/tests/nvlist_move_test.c:149
ok # 49 /builds/FreeBSD_HEAD/lib/libnv/tests/nvlist_move_test.c:151
ok # 50 /builds/FreeBSD_HEAD/lib/libnv/tests/nvlist_move_test.c:153
ok # 51 /builds/FreeBSD_HEAD/lib/libnv/tests/nvlist_move_test.c:154
ok # 52 /builds/FreeBSD_HEAD/lib/libnv/tests/nvlist_move_test.c:156
===> lib/libnv/nvlist_send_recv_test:main
Result: passed
Duration: 0.624s

Metadata:
    allowed_architectures is empty
    allowed_platforms is empty
    description is empty
    has_cleanup = false
    required_configs is empty
    required_disk_space = 0
    required_files is empty
    required_memory = 0
    required_programs is empty
    required_user is empty
    timeout = 300

Standard output:
1..134
ok # 1 /builds/FreeBSD_HEAD/lib/libnv/tests/nvlist_send_recv_test.c:98
ok # 2 /builds/FreeBSD_HEAD/lib/libnv/tests/nvlist_send_recv_test.c:105
ok # 3 /builds/FreeBSD_HEAD/lib/libnv/tests/nvlist_send_recv_test.c:106
ok # 4 /builds/FreeBSD_HEAD/lib/libnv/tests/nvlist_send_recv_test.c:107
ok # 5 /builds/FreeBSD_HEAD/lib/libnv/tests/nvlist_send_recv_test.c:108
ok # 6 /builds/FreeBSD_HEAD/lib/libnv/tests/nvlist_send_recv_test.c:111
ok # 7 /builds/FreeBSD_HEAD/lib/libnv/tests/nvlist_send_recv_test.c:112
ok # 8 /builds/FreeBSD_HEAD/lib/libnv/tests/nvlist_send_recv_test.c:113
ok # 9 /builds/FreeBSD_HEAD/lib/libnv/tests/nvlist_send_recv_test.c:114
ok # 10 /builds/FreeBSD_HEAD/lib/libnv/tests/nvlist_send_recv_test.c:117
ok # 11 /builds/FreeBSD_HEAD/lib/libnv/tests/nvlist_send_recv_test.c:118
ok # 12 /builds/FreeBSD_HEAD/lib/libnv/tests/nvlist_send_recv_test.c:119
ok # 13 /builds/FreeBSD_HEAD/lib/libnv/tests/nvlist_send_recv_test.c:120
ok # 14 /builds/FreeBSD_HEAD/lib/libnv/tests/nvlist_send_recv_test.c:123
ok # 15 /builds/FreeBSD_HEAD/lib/libnv/tests/nvlist_send_recv_test.c:124
ok # 16 /builds/FreeBSD_HEAD/lib/libnv/tests/nvlist_send_recv_test.c:125
ok # 17 /builds/FreeBSD_HEAD/lib/libnv/tests/nvlist_send_recv_test.c:126
ok # 18 /builds/FreeBSD_HEAD/lib/libnv/tests/nvlist_send_recv_test.c:129
ok # 19 /builds/FreeBSD_HEAD/lib/libnv/tests/nvlist_send_recv_test.c:130
ok # 20 /builds/FreeBSD_HEAD/lib/libnv/tests/nvlist_send_recv_test.c:131
ok # 21 /builds/FreeBSD_HEAD/lib/libnv/tests/nvlist_send_recv_test.c:132
ok # 22 /builds/FreeBSD_HEAD/lib/libnv/tests/nvlist_send_recv_test.c:135
ok # 23 /builds/FreeBSD_HEAD/lib/libnv/tests/nvlist_send_recv_test.c:136
ok # 24 /builds/FreeBSD_HEAD/lib/libnv/tests/nvlist_send_recv_test.c:137
ok # 25 /builds/FreeBSD_HEAD/lib/libnv/tests/nvlist_send_recv_test.c:138
ok # 26 /builds/FreeBSD_HEAD/lib/libnv/tests/nvlist_send_recv_test.c:141
ok # 27 /builds/FreeBSD_HEAD/lib/libnv/tests/nvlist_send_recv_test.c:142
ok # 28 /builds/FreeBSD_HEAD/lib/libnv/tests/nvlist_send_recv_test.c:143
ok # 29 /builds/FreeBSD_HEAD/lib/libnv/tests/nvlist_send_recv_test.c:144
ok # 30 /builds/FreeBSD_HEAD/lib/libnv/tests/nvlist_send_recv_test.c:147
ok # 31 /builds/FreeBSD_HEAD/lib/libnv/tests/nvlist_send_recv_test.c:148
ok # 32 /builds/FreeBSD_HEAD/lib/libnv/tests/nvlist_send_recv_test.c:149
ok # 33 /builds/FreeBSD_HEAD/lib/libnv/tests/nvlist_send_recv_test.c:150
ok # 34 /builds/FreeBSD_HEAD/lib/libnv/tests/nvlist_send_recv_test.c:153
ok # 35 /builds/FreeBSD_HEAD/lib/libnv/tests/nvlist_send_recv_test.c:154
ok # 36 /builds/FreeBSD_HEAD/lib/libnv/tests/nvlist_send_recv_test.c:155
ok # 37 /builds/FreeBSD_HEAD/lib/libnv/tests/nvlist_send_recv_test.c:156
ok # 38 /builds/FreeBSD_HEAD/lib/libnv/tests/nvlist_send_recv_test.c:159
ok # 39 /builds/FreeBSD_HEAD/lib/libnv/tests/nvlist_send_recv_test.c:160
ok # 40 /builds/FreeBSD_HEAD/lib/libnv/tests/nvlist_send_recv_test.c:161
ok # 41 /builds/FreeBSD_HEAD/lib/libnv/tests/nvlist_send_recv_test.c:162
ok # 42 /builds/FreeBSD_HEAD/lib/libnv/tests/nvlist_send_recv_test.c:165
ok # 43 /builds/FreeBSD_HEAD/lib/libnv/tests/nvlist_send_recv_test.c:166
ok # 44 /builds/FreeBSD_HEAD/lib/libnv/tests/nvlist_send_recv_test.c:167
ok # 45 /builds/FreeBSD_HEAD/lib/libnv/tests/nvlist_send_recv_test.c:168
ok # 46 /builds/FreeBSD_HEAD/lib/libnv/tests/nvlist_send_recv_test.c:171
ok # 47 /builds/FreeBSD_HEAD/lib/libnv/tests/nvlist_send_recv_test.c:172
ok # 48 /builds/FreeBSD_HEAD/lib/libnv/tests/nvlist_send_recv_test.c:173
ok # 49 /builds/FreeBSD_HEAD/lib/libnv/tests/nvlist_send_recv_test.c:174
ok # 50 /builds/FreeBSD_HEAD/lib/libnv/tests/nvlist_send_recv_test.c:177
ok # 51 /builds/FreeBSD_HEAD/lib/libnv/tests/nvlist_send_recv_test.c:178
ok # 52 /builds/FreeBSD_HEAD/lib/libnv/tests/nvlist_send_recv_test.c:179
ok # 53 /builds/FreeBSD_HEAD/lib/libnv/tests/nvlist_send_recv_test.c:180
ok # 54 /builds/FreeBSD_HEAD/lib/libnv/tests/nvlist_send_recv_test.c:181
ok # 55 /builds/FreeBSD_HEAD/lib/libnv/tests/nvlist_send_recv_test.c:182
ok # 56 /builds/FreeBSD_HEAD/lib/libnv/tests/nvlist_send_recv_test.c:185
ok # 57 /builds/FreeBSD_HEAD/lib/libnv/tests/nvlist_send_recv_test.c:186
ok # 58 /builds/FreeBSD_HEAD/lib/libnv/tests/nvlist_send_recv_test.c:187
ok # 59 /builds/FreeBSD_HEAD/lib/libnv/tests/nvlist_send_recv_test.c:188
ok # 60 /builds/FreeBSD_HEAD/lib/libnv/tests/nvlist_send_recv_test.c:189
ok # 61 /builds/FreeBSD_HEAD/lib/libnv/tests/nvlist_send_recv_test.c:190
ok # 62 /builds/FreeBSD_HEAD/lib/libnv/tests/nvlist_send_recv_test.c:193
ok # 63 /builds/FreeBSD_HEAD/lib/libnv/tests/nvlist_send_recv_test.c:194
ok # 64 /builds/FreeBSD_HEAD/lib/libnv/tests/nvlist_send_recv_test.c:195
ok # 65 /builds/FreeBSD_HEAD/lib/libnv/tests/nvlist_send_recv_test.c:197
ok # 66 /builds/FreeBSD_HEAD/lib/libnv/tests/nvlist_send_recv_test.c:200
ok # 67 /builds/FreeBSD_HEAD/lib/libnv/tests/nvlist_send_recv_test.c:201
ok # 68 /builds/FreeBSD_HEAD/lib/libnv/tests/nvlist_send_recv_test.c:202
ok # 69 /builds/FreeBSD_HEAD/lib/libnv/tests/nvlist_send_recv_test.c:208
ok # 70 /builds/FreeBSD_HEAD/lib/libnv/tests/nvlist_send_recv_test.c:209
ok # 71 /builds/FreeBSD_HEAD/lib/libnv/tests/nvlist_send_recv_test.c:210
ok # 72 /builds/FreeBSD_HEAD/lib/libnv/tests/nvlist_send_recv_test.c:211
ok # 73 /builds/FreeBSD_HEAD/lib/libnv/tests/nvlist_send_recv_test.c:214
ok # 74 /builds/FreeBSD_HEAD/lib/libnv/tests/nvlist_send_recv_test.c:215
ok # 75 /builds/FreeBSD_HEAD/lib/libnv/tests/nvlist_send_recv_test.c:216
ok # 76 /builds/FreeBSD_HEAD/lib/libnv/tests/nvlist_send_recv_test.c:217
ok # 77 /builds/FreeBSD_HEAD/lib/libnv/tests/nvlist_send_recv_test.c:220
ok # 78 /builds/FreeBSD_HEAD/lib/libnv/tests/nvlist_send_recv_test.c:221
ok # 79 /builds/FreeBSD_HEAD/lib/libnv/tests/nvlist_send_recv_test.c:222
ok # 80 /builds/FreeBSD_HEAD/lib/libnv/tests/nvlist_send_recv_test.c:223
ok # 81 /builds/FreeBSD_HEAD/lib/libnv/tests/nvlist_send_recv_test.c:226
ok # 82 /builds/FreeBSD_HEAD/lib/libnv/tests/nvlist_send_recv_test.c:227
ok # 83 /builds/FreeBSD_HEAD/lib/libnv/tests/nvlist_send_recv_test.c:228
ok # 84 /builds/FreeBSD_HEAD/lib/libnv/tests/nvlist_send_recv_test.c:229
ok # 85 /builds/FreeBSD_HEAD/lib/libnv/tests/nvlist_send_recv_test.c:232
ok # 86 /builds/FreeBSD_HEAD/lib/libnv/tests/nvlist_send_recv_test.c:233
ok # 87 /builds/FreeBSD_HEAD/lib/libnv/tests/nvlist_send_recv_test.c:234
ok # 88 /builds/FreeBSD_HEAD/lib/libnv/tests/nvlist_send_recv_test.c:235
ok # 89 /builds/FreeBSD_HEAD/lib/libnv/tests/nvlist_send_recv_test.c:238
ok # 90 /builds/FreeBSD_HEAD/lib/libnv/tests/nvlist_send_recv_test.c:239
ok # 91 /builds/FreeBSD_HEAD/lib/libnv/tests/nvlist_send_recv_test.c:240
ok # 92 /builds/FreeBSD_HEAD/lib/libnv/tests/nvlist_send_recv_test.c:241
ok # 93 /builds/FreeBSD_HEAD/lib/libnv/tests/nvlist_send_recv_test.c:244
ok # 94 /builds/FreeBSD_HEAD/lib/libnv/tests/nvlist_send_recv_test.c:245
ok # 95 /builds/FreeBSD_HEAD/lib/libnv/tests/nvlist_send_recv_test.c:246
ok # 96 /builds/FreeBSD_HEAD/lib/libnv/tests/nvlist_send_recv_test.c:247
ok # 97 /builds/FreeBSD_HEAD/lib/libnv/tests/nvlist_send_recv_test.c:250
ok # 98 /builds/FreeBSD_HEAD/lib/libnv/tests/nvlist_send_recv_test.c:251
ok # 99 /builds/FreeBSD_HEAD/lib/libnv/tests/nvlist_send_recv_test.c:252
ok # 100 /builds/FreeBSD_HEAD/lib/libnv/tests/nvlist_send_recv_test.c:253
ok # 101 /builds/FreeBSD_HEAD/lib/libnv/tests/nvlist_send_recv_test.c:256
ok # 102 /builds/FreeBSD_HEAD/lib/libnv/tests/nvlist_send_recv_test.c:257
ok # 103 /builds/FreeBSD_HEAD/lib/libnv/tests/nvlist_send_recv_test.c:258
ok # 104 /builds/FreeBSD_HEAD/lib/libnv/tests/nvlist_send_recv_test.c:259
ok # 105 /builds/FreeBSD_HEAD/lib/libnv/tests/nvlist_send_recv_test.c:262
ok # 106 /builds/FreeBSD_HEAD/lib/libnv/tests/nvlist_send_recv_test.c:263
ok # 107 /builds/FreeBSD_HEAD/lib/libnv/tests/nvlist_send_recv_test.c:264
ok # 108 /builds/FreeBSD_HEAD/lib/libnv/tests/nvlist_send_recv_test.c:265
ok # 109 /builds/FreeBSD_HEAD/lib/libnv/tests/nvlist_send_recv_test.c:268
ok # 110 /builds/FreeBSD_HEAD/lib/libnv/tests/nvlist_send_recv_test.c:269
ok # 111 /builds/FreeBSD_HEAD/lib/libnv/tests/nvlist_send_recv_test.c:270
ok # 112 /builds/FreeBSD_HEAD/lib/libnv/tests/nvlist_send_recv_test.c:271
ok # 113 /builds/FreeBSD_HEAD/lib/libnv/tests/nvlist_send_recv_test.c:274
ok # 114 /builds/FreeBSD_HEAD/lib/libnv/tests/nvlist_send_recv_test.c:275
ok # 115 /builds/FreeBSD_HEAD/lib/libnv/tests/nvlist_send_recv_test.c:276
ok # 116 /builds/FreeBSD_HEAD/lib/libnv/tests/nvlist_send_recv_test.c:277
ok # 117 /builds/FreeBSD_HEAD/lib/libnv/tests/nvlist_send_recv_test.c:280
ok # 118 /builds/FreeBSD_HEAD/lib/libnv/tests/nvlist_send_recv_test.c:281
ok # 119 /builds/FreeBSD_HEAD/lib/libnv/tests/nvlist_send_recv_test.c:282
ok # 120 /builds/FreeBSD_HEAD/lib/libnv/tests/nvlist_send_recv_test.c:283
ok # 121 /builds/FreeBSD_HEAD/lib/libnv/tests/nvlist_send_recv_test.c:284
ok # 122 /builds/FreeBSD_HEAD/lib/libnv/tests/nvlist_send_recv_test.c:285
ok # 123 /builds/FreeBSD_HEAD/lib/libnv/tests/nvlist_send_recv_test.c:288
ok # 124 /builds/FreeBSD_HEAD/lib/libnv/tests/nvlist_send_recv_test.c:289
ok # 125 /builds/FreeBSD_HEAD/lib/libnv/tests/nvlist_send_recv_test.c:290
ok # 126 /builds/FreeBSD_HEAD/lib/libnv/tests/nvlist_send_recv_test.c:291
ok # 127 /builds/FreeBSD_HEAD/lib/libnv/tests/nvlist_send_recv_test.c:292
ok # 128 /builds/FreeBSD_HEAD/lib/libnv/tests/nvlist_send_recv_test.c:293
ok # 129 /builds/FreeBSD_HEAD/lib/libnv/tests/nvlist_send_recv_test.c:296
ok # 130 /builds/FreeBSD_HEAD/lib/libnv/tests/nvlist_send_recv_test.c:297
ok # 131 /builds/FreeBSD_HEAD/lib/libnv/tests/nvlist_send_recv_test.c:298
ok # 132 /builds/FreeBSD_HEAD/lib/libnv/tests/nvlist_send_recv_test.c:300
ok # 133 /builds/FreeBSD_HEAD/lib/libnv/tests/nvlist_send_recv_test.c:303
ok # 134 /builds/FreeBSD_HEAD/lib/libnv/tests/nvlist_send_recv_test.c:306
===> lib/libpam/t_openpam_ctype:main
Result: passed
Duration: 0.101s

Metadata:
    allowed_architectures is empty
    allowed_platforms is empty
    description is empty
    has_cleanup = false
    required_configs is empty
    required_disk_space = 0
    required_files is empty
    required_memory = 0
    required_programs is empty
    required_user is empty
    timeout = 300

Standard output:
1..9
ok 1 - is_digit
ok 2 - is_xdigit
ok 3 - is_upper
ok 4 - is_lower
ok 5 - is_letter
ok 6 - is_lws
ok 7 - is_ws
ok 8 - is_p
ok 9 - is_pfcs
===> lib/libpam/t_openpam_readlinev:main
Result: passed
Duration: 0.344s

Metadata:
    allowed_architectures is empty
    allowed_platforms is empty
    description is empty
    has_cleanup = false
    required_configs is empty
    required_disk_space = 0
    required_files is empty
    required_memory = 0
    required_programs is empty
    required_user is empty
    timeout = 300

Standard output:
1..9
ok 1 - empty input
ok 2 - empty line
ok 3 - unterminated empty line
ok 4 - whitespace
ok 5 - comment
ok 6 - whitespace before comment
ok 7 - one word
ok 8 - two words
ok 9 - unterminated line
===> lib/libpam/t_openpam_readword:main
Result: passed
Duration: 0.242s

Metadata:
    allowed_architectures is empty
    allowed_platforms is empty
    description is empty
    has_cleanup = false
    required_configs is empty
    required_disk_space = 0
    required_files is empty
    required_memory = 0
    required_programs is empty
    required_user is empty
    timeout = 300

Standard output:
1..49
ok 1 - empty input
ok 2 - empty line
ok 3 - single whitespace
ok 4 - multiple whitespace
ok 5 - comment
ok 6 - whitespace before comment
ok 7 - single word
ok 8 - single whitespace before word
ok 9 - double whitespace before word
ok 10 - single whitespace after word
ok 11 - double whitespace after word
ok 12 - comment after word
ok 13 - word containing hash
ok 14 - two words
ok 15 - naked escape
ok 16 - escaped escape
ok 17 - escaped whitespace
ok 18 - escaped newline before word
ok 19 - escaped newline within word
ok 20 - escaped newline after word
ok 21 - escaped letter
ok 22 - naked single quote
ok 23 - naked double quote
ok 24 - empty single quotes
ok 25 - empty double quotes
ok 26 - single quotes within double quotes
ok 27 - double quotes within single quotes
ok 28 - single-quoted whitespace
ok 29 - double-quoted whitespace
ok 30 - single-quoted words
ok 31 - double-quoted words
ok 32 - single quote before word
ok 33 - double quote before word
ok 34 - single quote within word
ok 35 - double quote within word
ok 36 - single quote after word
ok 37 - double quote after word
ok 38 - escaped single quote
ok 39 - escaped double quote
ok 40 - escaped whitespace within single quotes
ok 41 - escaped whitespace within double quotes
ok 42 - escaped letter within single quotes
ok 43 - escaped letter within double quotes
ok 44 - escaped escape within single quotes
ok 45 - escaped escape within double quotes
ok 46 - escaped single quote within single quotes
ok 47 - escaped double quote within single quotes
ok 48 - escaped single quote within double quotes
ok 49 - escaped double quote within double quotes
===> lib/libproc/proc_test:map_alias_name2map
Result: passed
Duration: 1.213s

Metadata:
    allowed_architectures is empty
    allowed_platforms is empty
    description = Callers are supposed to be able to use "a.out" as an alias for the program executable. Make sure that proc_name2map() handles this properly.
    has_cleanup = false
    required_configs is empty
    required_disk_space = 0
    required_files is empty
    required_memory = 0
    required_programs is empty
    required_user is empty
    timeout = 300
===> lib/libproc/proc_test:map_alias_name2sym
Result: passed
Duration: 0.283s

Metadata:
    allowed_architectures is empty
    allowed_platforms is empty
    description = Callers are supposed to be able to use "a.out" as an alias for the program executable. Make sure that proc_name2sym() handles this properly.
    has_cleanup = false
    required_configs is empty
    required_disk_space = 0
    required_files is empty
    required_memory = 0
    required_programs is empty
    required_user is empty
    timeout = 300
===> lib/libproc/proc_test:map_alias_obj2map
Result: passed
Duration: 0.148s

Metadata:
    allowed_architectures is empty
    allowed_platforms is empty
    description = Callers are supposed to be able to use "a.out" as an alias for the program executable. Make sure that proc_obj2map() handles this properly.
    has_cleanup = false
    required_configs is empty
    required_disk_space = 0
    required_files is empty
    required_memory = 0
    required_programs is empty
    required_user is empty
    timeout = 300
===> lib/libproc/proc_test:signal_forward
Result: passed
Duration: 0.156s

Metadata:
    allowed_architectures is empty
    allowed_platforms is empty
    description = Run the test program in a mode which causes it to send a signal to itself. Make sure that we intercept the signal and that proc_continue() forwards it to the process.
    has_cleanup = false
    required_configs is empty
    required_disk_space = 0
    required_files is empty
    required_memory = 0
    required_programs is empty
    required_user is empty
    timeout = 300
===> lib/libproc/proc_test:symbol_lookup
Result: passed
Duration: 0.535s

Metadata:
    allowed_architectures is empty
    allowed_platforms is empty
    description = Look up a couple of well-known symbols in the test program, place breakpoints on them, and verify that we hit the breakpoints. Also make sure that we can use the breakpoint address to look up the corresponding symbol.
    has_cleanup = false
    required_configs is empty
    required_disk_space = 0
    required_files is empty
    required_memory = 0
    required_programs is empty
    required_user is empty
    timeout = 300
===> lib/libproc/proc_test:symbol_lookup_fail
Result: passed
Duration: 0.173s

Metadata:
    allowed_architectures is empty
    allowed_platforms is empty
    description = Verify that proc_addr2sym() returns an error when given an offset that it cannot resolve.
    has_cleanup = false
    required_configs is empty
    required_disk_space = 0
    required_files is empty
    required_memory = 0
    required_programs is empty
    required_user is empty
    timeout = 300
===> lib/librt/sched_test:sched_getparam
Result: passed
Duration: 0.144s

Metadata:
    allowed_architectures is empty
    allowed_platforms is empty
    description = A basic test of sched_getparam(3)
    has_cleanup = false
    required_configs is empty
    required_disk_space = 0
    required_files is empty
    required_memory = 0
    required_programs is empty
    required_user is empty
    timeout = 300
===> lib/librt/sched_test:sched_priority
Result: passed
Duration: 0.234s

Metadata:
    allowed_architectures is empty
    allowed_platforms is empty
    description = Test sched(3) priority ranges
    has_cleanup = false
    required_configs is empty
    required_disk_space = 0
    required_files is empty
    required_memory = 0
    required_programs is empty
    required_user is empty
    timeout = 300
===> lib/librt/sched_test:sched_rr_get_interval_1
Result: passed
Duration: 0.086s

Metadata:
    allowed_architectures is empty
    allowed_platforms is empty
    description = Test sched_rr_get_interval(3), #1 (PR lib/44768)
    has_cleanup = false
    required_configs is empty
    required_disk_space = 0
    required_files is empty
    required_memory = 0
    required_programs is empty
    required_user = root
    timeout = 300
===> lib/librt/sched_test:sched_rr_get_interval_2
Result: passed
Duration: 0.036s

Metadata:
    allowed_architectures is empty
    allowed_platforms is empty
    description = Test sched_rr_get_interval(3), #2
    has_cleanup = false
    required_configs is empty
    required_disk_space = 0
    required_files is empty
    required_memory = 0
    required_programs is empty
    required_user = root
    timeout = 300
===> lib/librt/sched_test:sched_setscheduler_1
Result: passed
Duration: 0.030s

Metadata:
    allowed_architectures is empty
    allowed_platforms is empty
    description = sched_setscheduler(3), max, RR
    has_cleanup = false
    required_configs is empty
    required_disk_space = 0
    required_files is empty
    required_memory = 0
    required_programs is empty
    required_user = root
    timeout = 300
===> lib/librt/sched_test:sched_setscheduler_2
Result: passed
Duration: 0.047s

Metadata:
    allowed_architectures is empty
    allowed_platforms is empty
    description = sched_setscheduler(3), min, RR
    has_cleanup = false
    required_configs is empty
    required_disk_space = 0
    required_files is empty
    required_memory = 0
    required_programs is empty
    required_user = root
    timeout = 300
===> lib/librt/sched_test:sched_setscheduler_3
Result: passed
Duration: 0.030s

Metadata:
    allowed_architectures is empty
    allowed_platforms is empty
    description = sched_setscheduler(3), max, FIFO
    has_cleanup = false
    required_configs is empty
    required_disk_space = 0
    required_files is empty
    required_memory = 0
    required_programs is empty
    required_user = root
    timeout = 300
===> lib/librt/sched_test:sched_setscheduler_4
Result: passed
Duration: 0.078s

Metadata:
    allowed_architectures is empty
    allowed_platforms is empty
    description = sched_setscheduler(3), min, FIFO
    has_cleanup = false
    required_configs is empty
    required_disk_space = 0
    required_files is empty
    required_memory = 0
    required_programs is empty
    required_user = root
    timeout = 300
===> lib/librt/sem_test:basic
Result: passed
Duration: 0.066s

Metadata:
    allowed_architectures is empty
    allowed_platforms is empty
    description = Checks basic functionality of POSIX semaphores
    has_cleanup = false
    required_configs is empty
    required_disk_space = 0
    required_files is empty
    required_memory = 0
    required_programs is empty
    required_user is empty
    timeout = 300
===> lib/librt/sem_test:child
Result: passed
Duration: 26.780s

Metadata:
    allowed_architectures is empty
    allowed_platforms is empty
    description = Checks using semaphores to synchronize parent with multiple child processes
    has_cleanup = false
    required_configs is empty
    required_disk_space = 0
    required_files is empty
    required_memory = 0
    required_programs is empty
    required_user is empty
    timeout = 300

Standard output:
main loop 1: posting...
main loop 1: posting...
main loop 1: posting...
main loop 1: posting...
main loop 1: posting...
main loop 1: posting...
main loop 1: posting...
main loop 1: posting...
main loop 1: posting...
main loop 1: posting...
main loop 2: posting...
main loop 2: posting...
main loop 2: posting...
main loop 2: posting...
main loop 2: posting...
main loop 2: posting...
main loop 2: posting...
main loop 2: posting...
main loop 2: posting...
main loop 2: posting...
===> lib/libthr/atexit_test:atexit
Result: passed
Duration: 0.234s

Metadata:
    allowed_architectures is empty
    allowed_platforms is empty
    description = Checks atexit functionality
    has_cleanup = false
    required_configs is empty
    required_disk_space = 0
    required_files is empty
    required_memory = 0
    required_programs is empty
    required_user is empty
    timeout = 300

Standard output:
Executing command [ /usr/tests/lib/libthr/h_atexit ]
===> lib/libthr/barrier_test:barrier
Result: passed
Duration: 10.645s

Metadata:
    allowed_architectures is empty
    allowed_platforms is empty
    description = Checks barriers
    has_cleanup = false
    required_configs is empty
    required_disk_space = 0
    required_files is empty
    required_memory = 0
    required_programs is empty
    required_user is empty
    timeout = 300

Standard output:
thread 0 entering barrier
thread 1 entering barrier
thread 2 entering barrier
thread 3 entering barrier
thread 4 entering barrier
thread 4 leaving barrier -> -1
thread 3 leaving barrier -> 0
thread 2 leaving barrier -> 0
thread 1 leaving barrier -> 0
thread 0 leaving barrier -> 0
main joined with thread 0
main joined with thread 1
main joined with thread 2
main joined with thread 3
main joined with thread 4
===> lib/libthr/cancel_test:register_while_disabled
Result: passed
Duration: 0.290s

Metadata:
    allowed_architectures is empty
    allowed_platforms is empty
    description = Checks that a cancellation registered while cancellation is enabled is not honored while cancellation is disabled
    has_cleanup = false
    required_configs is empty
    required_disk_space = 0
    required_files is empty
    required_memory = 0
    required_programs is empty
    required_user is empty
    timeout = 300

Standard output:
Executing command [ /usr/tests/lib/libthr/h_cancel ]
===> lib/libthr/cond_test:bogus_timedwaits
Result: passed
Duration: 0.068s

Metadata:
    allowed_architectures is empty
    allowed_platforms is empty
    description = Checks condition variables: bogus timedwaits
    has_cleanup = false
    required_configs is empty
    required_disk_space = 0
    required_files is empty
    required_memory = 0
    required_programs is empty
    required_user is empty
    timeout = 300

Standard output:
condition variable test 6: bogus timedwaits
unthreaded test (past)
unthreaded test (zero time)
threaded test
threaded test (zero time)
===> lib/libthr/cond_test:broadcast
Result: passed
Duration: 0.864s

Metadata:
    allowed_architectures is empty
    allowed_platforms is empty
    description = Checks condition variables: use pthread_cond_broadcast()
    has_cleanup = false
    required_configs is empty
    required_disk_space = 0
    required_files is empty
    required_memory = 0
    required_programs is empty
    required_user is empty
    timeout = 300

Standard output:
1: condition variable test 5
1: Before waiting.
2: Second thread.
1: After the loop.
1: After releasing the mutex.
2: After the loop.
1: Thread joined. Final count = 0, total = 50000
===> lib/libthr/cond_test:cond_timedwait_race
Result: passed
Duration: 4.365s

Metadata:
    allowed_architectures is empty
    allowed_platforms is empty
    description = Test pthread_cond_timedwait(3)
    has_cleanup = false
    required_configs is empty
    required_disk_space = 0
    required_files is empty
    required_memory = 0
    required_programs is empty
    required_user is empty
    timeout = 300
===> lib/libthr/cond_test:destroy_after_cancel
Result: passed
Duration: 0.221s

Metadata:
    allowed_architectures is empty
    allowed_platforms is empty
    description = Checks destroying a condition variable after cancelling a wait
    has_cleanup = false
    required_configs is empty
    required_disk_space = 0
    required_files is empty
    required_memory = 0
    required_programs is empty
    required_user is empty
    timeout = 300
===> lib/libthr/cond_test:signal_before_unlock
Result: passed
Duration: 2.259s

Metadata:
    allowed_architectures is empty
    allowed_platforms is empty
    description = Checks condition variables: signal before unlocking mutex
    has_cleanup = false
    required_configs is empty
    required_disk_space = 0
    required_files is empty
    required_memory = 0
    required_programs is empty
    required_user is empty
    timeout = 300

Standard output:
1: condition variable test 2
1: Before waiting.
2: Second thread.
2: Locking mutex
2: Got mutex.
Shared value: 1. Changing to 0.
1: After waiting, in loop.
1: After the loop.
1: After releasing the mutex.
1: Thread joined.
===> lib/libthr/cond_test:signal_before_unlock_static_init
Result: passed
Duration: 2.299s

Metadata:
    allowed_architectures is empty
    allowed_platforms is empty
    description = Checks condition variables: signal before unlocking mutex, use static initializers
    has_cleanup = false
    required_configs is empty
    required_disk_space = 0
    required_files is empty
    required_memory = 0
    required_programs is empty
    required_user is empty
    timeout = 300

Standard output:
1: condition variable test 3
1: Before waiting.
2: Second thread.
2: Locking mutex
2: Got mutex.
Shared value: 1. Changing to 0.
1: After waiting, in loop.
1: After the loop.
1: After releasing the mutex.
1: Thread joined.
===> lib/libthr/cond_test:signal_delay_wait
Result: passed
Duration: 2.749s

Metadata:
    allowed_architectures is empty
    allowed_platforms is empty
    description = Checks condition variables
    has_cleanup = false
    required_configs is empty
    required_disk_space = 0
    required_files is empty
    required_memory = 0
    required_programs is empty
    required_user is empty
    timeout = 300

Standard output:
1: condition variable test 1
1: Before waiting.
2: Second thread.
2: Locking mutex
2: Got mutex.
Shared value: 1. Changing to 0.
1: After waiting, in loop.
1: After the loop.
1: After releasing the mutex.
1: Thread joined.
===> lib/libthr/cond_test:signal_wait_race
Result: passed
Duration: 1.306s

Metadata:
    allowed_architectures is empty
    allowed_platforms is empty
    description = Checks condition variables
    has_cleanup = false
    required_configs is empty
    required_disk_space = 0
    required_files is empty
    required_memory = 0
    required_programs is empty
    required_user is empty
    timeout = 300

Standard output:
1: condition variable test 4
1: Before waiting.
2: Second thread.
2: Before the loop.
1: After the loop.
1: After releasing the mutex.
2: After the loop.
1: Thread joined. Final count = 0, total = 50000
===> lib/libthr/condwait_test:cond_wait_mono
Result: passed
Duration: 2.338s

Metadata:
    allowed_architectures is empty
    allowed_platforms is empty
    description = Checks pthread_cond_timedwait with CLOCK_MONOTONIC
    has_cleanup = false
    required_configs is empty
    required_disk_space = 0
    required_files is empty
    required_memory = 0
    required_programs is empty
    required_user is empty
    timeout = 300

Standard output:
**** CLOCK_MONOTONIC clock wait starting
started: 366.602531199 sec
timeout: 368.682009199 sec
elapsed: 2.079478000 sec
**** CLOCK_MONOTONIC clock wait ended
===> lib/libthr/condwait_test:cond_wait_real
Result: passed
Duration: 2.488s

Metadata:
    allowed_architectures is empty
    allowed_platforms is empty
    description = Checks pthread_cond_timedwait with CLOCK_REALTIME
    has_cleanup = false
    required_configs is empty
    required_disk_space = 0
    required_files is empty
    required_memory = 0
    required_programs is empty
    required_user is empty
    timeout = 300

Standard output:
**** CLOCK_REALTIME clock wait starting
started: 1438098160.410497299 sec
timeout: 1438098162.523072899 sec
elapsed: 2.112575600 sec
**** CLOCK_REALTIME clock wait ended
===> lib/libthr/detach_test:pthread_detach
Result: passed
Duration: 5.114s

Metadata:
    allowed_architectures is empty
    allowed_platforms is empty
    description = A test of pthread_detach(3)
    has_cleanup = false
    required_configs is empty
    required_disk_space = 0
    required_files is empty
    required_memory = 0
    required_programs is empty
    required_user is empty
    timeout = 300
===> lib/libthr/dlopen/dlopen_test:dlopen
Result: passed
Duration: 0.111s

Metadata:
    allowed_architectures is empty
    allowed_platforms is empty
    description = Test if dlopen can load -lpthread DSO
    has_cleanup = false
    required_configs is empty
    required_disk_space = 0
    required_files is empty
    required_memory = 0
    required_programs is empty
    required_user is empty
    timeout = 300
===> lib/libthr/dlopen/dlopen_test:dlopen_mutex
Result: passed
Duration: 0.037s

Metadata:
    allowed_architectures is empty
    allowed_platforms is empty
    description = Test if dlopen can load -lpthread DSO without breaking mutex
    has_cleanup = false
    required_configs is empty
    required_disk_space = 0
    required_files is empty
    required_memory = 0
    required_programs is empty
    required_user is empty
    timeout = 300
===> lib/libthr/dlopen/dlopen_test:dlopen_mutex_libc
Result: passed
Duration: 0.068s

Metadata:
    allowed_architectures is empty
    allowed_platforms is empty
    description = Test if dlopen can load -lpthread DSO and use libc locked mutex
    has_cleanup = false
    required_configs is empty
    required_disk_space = 0
    required_files is empty
    required_memory = 0
    required_programs is empty
    required_user is empty
    timeout = 300
===> lib/libthr/dlopen/dlopen_test:dlopen_mutex_libpthread
Result: passed
Duration: 0.135s

Metadata:
    allowed_architectures is empty
    allowed_platforms is empty
    description = Test if dlopen can load -lpthread DSO and use libpthread locked mutex
    has_cleanup = false
    required_configs is empty
    required_disk_space = 0
    required_files is empty
    required_memory = 0
    required_programs is empty
    required_user is empty
    timeout = 300
===> lib/libthr/dlopen/main_pthread_create_test:main_pthread_create_dso
Result: passed
Duration: 0.100s

Metadata:
    allowed_architectures is empty
    allowed_platforms is empty
    description = Test if -lpthread main can call pthread_create() in DSO
    has_cleanup = false
    required_configs is empty
    required_disk_space = 0
    required_files is empty
    required_memory = 0
    required_programs is empty
    required_user is empty
    timeout = 300
===> lib/libthr/dlopen/main_pthread_create_test:main_pthread_create_main
Result: passed
Duration: 0.088s

Metadata:
    allowed_architectures is empty
    allowed_platforms is empty
    description = Test if -lpthread main can call pthread_create() in main()
    has_cleanup = false
    required_configs is empty
    required_disk_space = 0
    required_files is empty
    required_memory = 0
    required_programs is empty
    required_user is empty
    timeout = 300
===> lib/libthr/equal_test:pthread_equal
Result: passed
Duration: 0.449s

Metadata:
    allowed_architectures is empty
    allowed_platforms is empty
    description = A test of pthread_equal(3)
    has_cleanup = false
    required_configs is empty
    required_disk_space = 0
    required_files is empty
    required_memory = 0
    required_programs is empty
    required_user is empty
    timeout = 300
===> lib/libthr/exit_test:main_thread
Result: passed
Duration: 1.071s

Metadata:
    allowed_architectures is empty
    allowed_platforms is empty
    description = Checks calling pthread_exit() in the main thread
    has_cleanup = false
    required_configs is empty
    required_disk_space = 0
    required_files is empty
    required_memory = 0
    required_programs is empty
    required_user is empty
    timeout = 300

Standard output:
Executing command [ /usr/tests/lib/libthr/h_exit ]
===> lib/libthr/fork_test:fork
Result: passed
Duration: 5.337s

Metadata:
    allowed_architectures is empty
    allowed_platforms is empty
    description = Checks that child process doesn't get threads
    has_cleanup = false
    required_configs is empty
    required_disk_space = 0
    required_files is empty
    required_memory = 0
    required_programs is empty
    required_user is empty
    timeout = 300
===> lib/libthr/fpu_test:fpu
Result: passed
Duration: 0.071s

Metadata:
    allowed_architectures is empty
    allowed_platforms is empty
    description = Checks that thread context switches will leave the floating point computations unharmed
    has_cleanup = false
    required_configs is empty
    required_disk_space = 0
    required_files is empty
    required_memory = 0
    required_programs is empty
    required_user is empty
    timeout = 300

Standard output:
Testing threaded floating point computations...
===> lib/libthr/join_test:pthread_join
Result: passed
Duration: 0.213s

Metadata:
    allowed_architectures is empty
    allowed_platforms is empty
    description = Checks basic error conditions in pthread_join(3)
    has_cleanup = false
    required_configs is empty
    required_disk_space = 0
    required_files is empty
    required_memory = 0
    required_programs is empty
    required_user is empty
    timeout = 300
===> lib/libthr/kill_test:simple
Result: passed
Duration: 0.058s

Metadata:
    allowed_architectures is empty
    allowed_platforms is empty
    description = Checks pthread_kill()
    has_cleanup = false
    required_configs is empty
    required_disk_space = 0
    required_files is empty
    required_memory = 0
    required_programs is empty
    required_user is empty
    timeout = 300
===> lib/libthr/mutex_test:mutex1
Result: passed
Duration: 4.366s

Metadata:
    allowed_architectures is empty
    allowed_platforms is empty
    description = Checks mutexes
    has_cleanup = false
    required_configs is empty
    required_disk_space = 0
    required_files is empty
    required_memory = 0
    required_programs is empty
    required_user is empty
    timeout = 300

Standard output:
1: Mutex-test 1
1: Before changing the value.
2: Second thread.
2: Locking mutex
1: Before releasing the mutex.
1: After releasing the mutex.
2: Got mutex. *param = 20
1: Thread joined. X was 21. Return value (int) was 21
===> lib/libthr/mutex_test:mutex2
Result: passed
Duration: 3.114s

Metadata:
    allowed_architectures is empty
    allowed_platforms is empty
    description = Checks mutexes
    has_cleanup = false
    required_configs is empty
    required_disk_space = 0
    required_files is empty
    required_memory = 0
    required_programs is empty
    required_user is empty
    timeout = 300

Standard output:
1: Mutex-test 2
1: Thread 0x801406400
2: Second thread (0x801407000). Count is 10000000
1: Thread joined. X was 20000000. Return value (long) was -1
===> lib/libthr/mutex_test:mutex3
Result: passed
Duration: 1.970s

Metadata:
    allowed_architectures is empty
    allowed_platforms is empty
    description = Checks mutexes using a static initializer
    has_cleanup = false
    required_configs is empty
    required_disk_space = 0
    required_files is empty
    required_memory = 0
    required_programs is empty
    required_user is empty
    timeout = 300

Standard output:
1: Mutex-test 3
1: Thread 0x801406400
2: Second thread (0x801407000). Count is 10000000
1: Thread joined. X was 20000000. Return value (long) was -1
===> lib/libthr/mutex_test:mutex4
Result: passed
Duration: 4.288s

Metadata:
    allowed_architectures is empty
    allowed_platforms is empty
    description = Checks mutexes
    has_cleanup = false
    required_configs is empty
    required_disk_space = 0
    required_files is empty
    required_memory = 0
    required_programs is empty
    required_user is empty
    timeout = 300

Standard output:
1: Mutex-test 4
1: Before recursively acquiring the mutex.
1: Before releasing the mutex once.
2: Second thread.
2: Locking mutex
1: After releasing the mutex once.
1: Before releasing the mutex twice.
1: After releasing the mutex twice.
2: Got mutex. *param = 20
1: Thread joined. X was 21. Return value (int) was 21
===> lib/libthr/once_test:once1
Result: passed
Duration: 0.034s

Metadata:
    allowed_architectures is empty
    allowed_platforms is empty
    description = Checks pthread_once()
    has_cleanup = false
    required_configs is empty
    required_disk_space = 0
    required_files is empty
    required_memory = 0
    required_programs is empty
    required_user is empty
    timeout = 300

Standard output:
1: Test 1 of pthread_once()
Variable x has value 0
1: X has value 1
===> lib/libthr/once_test:once2
Result: passed
Duration: 0.081s

Metadata:
    allowed_architectures is empty
    allowed_platforms is empty
    description = Checks pthread_once()
    has_cleanup = false
    required_configs is empty
    required_disk_space = 0
    required_files is empty
    required_memory = 0
    required_programs is empty
    required_user is empty
    timeout = 300

Standard output:
1: Test 2 of pthread_once()
ofunc: Variable x has value 1
Thread 2 sees x with value 2
Thread 0 sees x with value 2
Thread 4 sees x with value 2
Thread 1 sees x with value 2
Thread 6 sees x with value 2
Thread 3 sees x with value 2
Thread 8 sees x with value 2
Thread 5 sees x with value 2
Thread 10 sees x with value 2
Thread 7 sees x with value 2
Thread 12 sees x with value 2
Thread 9 sees x with value 2
Thread 13 sees x with value 2
Thread 11 sees x with value 2
Thread 14 sees x with value 2
Thread 16 sees x with value 2
Thread 18 sees x with value 2
Thread 20 sees x with value 2
Thread 21 sees x with value 2
Thread 22 sees x with value 2
Thread 15 sees x with value 2
Thread 23 sees x with value 2
Thread 24 sees x with value 2
Thread 17 sees x with value 2
Thread 19 sees x with value 2
1: X has value 2
===> lib/libthr/once_test:once3
Result: passed
Duration: 0.032s

Metadata:
    allowed_architectures is empty
    allowed_platforms is empty
    description = Checks pthread_once()
    has_cleanup = false
    required_configs is empty
    required_disk_space = 0
    required_files is empty
    required_memory = 0
    required_programs is empty
    required_user is empty
    timeout = 300

Standard output:
Test 3 of pthread_once() (test versus cancellation)
Variable x has value 0
Test succeeded
===> lib/libthr/preempt_test:preempt1
Result: passed
Duration: 1.260s

Metadata:
    allowed_architectures is empty
    allowed_platforms is empty
    description = Checks kernel preemption during a large uiomove
    has_cleanup = false
    required_configs is empty
    required_disk_space = 0
    required_files is empty
    required_memory = 0
    required_programs is empty
    required_user is empty
    timeout = 300

Standard output:
1: preempt test
2: Second thread.
2: Locking mutex
2: Got mutex.
1: Thread has started.
1: After releasing the mutex.
1: Thread joined.
===> lib/libthr/resolv_test:resolv
Result: passed
Duration: 2.407s

Metadata:
    allowed_architectures is empty
    allowed_platforms is empty
    description = Checks parallel name resolution
    has_cleanup = false
    required_configs is empty
    required_disk_space = 0
    required_files is empty
    required_memory = 0
    required_programs is empty
    required_user is empty
    timeout = 300

Standard output:
0x801406c00: 5 resolving anoncvs.isc.netbsd.org 2
0x801407800: 5 resolving above.warped.net 0
0x801406800: 5 resolving zeppo.rediris.es 91
0x801407000: 5 resolving moon.vub.ac.be 47
0x801407400: 5 resolving ftp.uni-erlangen.de 31
0x801406c00: host anoncvs.isc.netbsd.org not found
0x801406c00: 4 resolving centaurus.4web.cz 9
0x801406c00: host centaurus.4web.cz not found
0x801406c00: 3 resolving lala.iri.co.jp 39
0x801406c00: host lala.iri.co.jp not found
0x801406c00: 2 resolving mirror03.inet.tele.dk 46
0x801406c00: host mirror03.inet.tele.dk not found
0x801406c00: 1 resolving ftp.funet.fi 24
0x801407000: host moon.vub.ac.be not found
0x801407000: 4 resolving www.en.netbsd.de 85
0x801406c00: host ftp.funet.fi not found
0x801407000: host www.en.netbsd.de not found
0x801407000: 3 resolving ftp.fsn.hu 23
0x801407000: host ftp.fsn.hu not found
0x801407000: 2 resolving centaurus.4web.cz 9
0x801407000: host centaurus.4web.cz not found
0x801407000: 1 resolving ftp.plig.org 30
0x801407800: host above.warped.net not found
0x801407800: 4 resolving netbsd.nsysu.edu.tw 57
0x801407000: host ftp.plig.org not found
0x801407800: host netbsd.nsysu.edu.tw not found
0x801407800: 3 resolving ftp.xgate.co.kr 32
0x801407800: host ftp.xgate.co.kr not found
0x801407800: 2 resolving lala.iri.co.jp 39
0x801407800: host lala.iri.co.jp not found
0x801407800: 1 resolving mail.netbsd.org 42
0x801407800: host mail.netbsd.org not found
0x801407400: host ftp.uni-erlangen.de not found
0x801407400: 4 resolving netbsd.4ka.mipt.ru 51
0x801407400: host netbsd.4ka.mipt.ru not found
0x801407400: 3 resolving nbwww.sergei.cc 48
0x801407400: host nbwww.sergei.cc not found
0x801407400: 2 resolving netbsdwww.cs.rmit.edu.au 69
0x801407400: host netbsdwww.cs.rmit.edu.au not found
0x801407400: 1 resolving ftp.plig.org 30
0x801407400: host ftp.plig.org not found
0x801406800: host zeppo.rediris.es not found
0x801406800: 4 resolving console.netbsd.org 12
0x801406800: host console.netbsd.org not found
0x801406800: 3 resolving netbsd.netlead.com.au 56
0x801406800: host netbsd.netlead.com.au not found
0x801406800: 2 resolving netbsd.zarco.org 65
0x801406800: host netbsd.zarco.org not found
0x801406800: 1 resolving lala.iri.co.jp 39
0x801406800: host lala.iri.co.jp not found
===> lib/libthr/rwlock_test:rwlock1
Result: passed
Duration: 2.179s

Metadata:
    allowed_architectures is empty
    allowed_platforms is empty
    description = Checks read/write locks
    has_cleanup = false
    required_configs is empty
    required_disk_space = 0
    required_files is empty
    required_memory = 0
    required_programs is empty
    required_user is empty
    timeout = 300
===> lib/libthr/sem_test:before_start_no_threads
Result: passed
Duration: 5.234s

Metadata:
    allowed_architectures is empty
    allowed_platforms is empty
    description = Checks using semaphores without any thread running
    has_cleanup = false
    required_configs is empty
    required_disk_space = 0
    required_files is empty
    required_memory = 0
    required_programs is empty
    required_user is empty
    timeout = 40

Standard output:
Entering loop
threadfunc: 0
threadfunc: 1
threadfunc: 2
threadfunc: 3
threadfunc: 4
threadfunc: 5
threadfunc: 6
threadfunc: 7
threadfunc: 8
threadfunc: 9
threadfunc: 10
threadfunc: 11
threadfunc: 12
threadfunc: 13
threadfunc: 14
threadfunc: 15
threadfunc: 16
threadfunc: 17
threadfunc: 18
threadfunc: 19
threadfunc: 20
threadfunc: 21
threadfunc: 22
threadfunc: 23
threadfunc: 24
threadfunc: 25
threadfunc: 26
threadfunc: 27
threadfunc: 28
threadfunc: 29
threadfunc: 30
threadfunc: 31
threadfunc: 32
threadfunc: 33
threadfunc: 34
threadfunc: 35
threadfunc: 36
threadfunc: 37
threadfunc: 38
threadfunc: 39
threadfunc: 40
threadfunc: 41
threadfunc: 42
threadfunc: 43
threadfunc: 44
threadfunc: 45
threadfunc: 46
threadfunc: 47
threadfunc: 48
threadfunc: 49
threadfunc: 50
threadfunc: 51
threadfunc: 52
threadfunc: 53
threadfunc: 54
threadfunc: 55
threadfunc: 56
threadfunc: 57
threadfunc: 58
threadfunc: 59
threadfunc: 60
threadfunc: 61
threadfunc: 62
threadfunc: 63
threadfunc: 64
threadfunc: 65
threadfunc: 66
threadfunc: 67
threadfunc: 68
threadfunc: 69
threadfunc: 70
threadfunc: 71
threadfunc: 72
threadfunc: 73
threadfunc: 74
threadfunc: 75
threadfunc: 76
threadfunc: 77
threadfunc: 78
threadfunc: 79
threadfunc: 80
threadfunc: 81
threadfunc: 82
threadfunc: 83
threadfunc: 84
threadfunc: 85
threadfunc: 86
threadfunc: 87
threadfunc: 88
threadfunc: 89
threadfunc: 90
threadfunc: 91
threadfunc: 92
threadfunc: 93
threadfunc: 94
threadfunc: 95
threadfunc: 96
threadfunc: 97
threadfunc: 98
threadfunc: 99
threadfunc: 100
threadfunc: 101
threadfunc: 102
threadfunc: 103
threadfunc: 104
threadfunc: 105
threadfunc: 106
threadfunc: 107
threadfunc: 108
threadfunc: 109
threadfunc: 110
threadfunc: 111
threadfunc: 112
threadfunc: 113
threadfunc: 114
threadfunc: 115
threadfunc: 116
threadfunc: 117
threadfunc: 118
threadfunc: 119
threadfunc: 120
threadfunc: 121
threadfunc: 122
threadfunc: 123
threadfunc: 124
threadfunc: 125
threadfunc: 126
threadfunc: 127
threadfunc: 128
threadfunc: 129
threadfunc: 130
threadfunc: 131
threadfunc: 132
threadfunc: 133
threadfunc: 134
threadfunc: 135
threadfunc: 136
threadfunc: 137
threadfunc: 138
threadfunc: 139
threadfunc: 140
threadfunc: 141
threadfunc: 142
threadfunc: 143
threadfunc: 144
threadfunc: 145
threadfunc: 146
threadfunc: 147
threadfunc: 148
threadfunc: 149
threadfunc: 150
threadfunc: 151
threadfunc: 152
threadfunc: 153
threadfunc: 154
threadfunc: 155
threadfunc: 156
threadfunc: 157
threadfunc: 158
threadfunc: 159
threadfunc: 160
threadfunc: 161
threadfunc: 162
threadfunc: 163
threadfunc: 164
threadfunc: 165
threadfunc: 166
threadfunc: 167
threadfunc: 168
threadfunc: 169
threadfunc: 170
threadfunc: 171
threadfunc: 172
threadfunc: 173
threadfunc: 174
threadfunc: 175
threadfunc: 176
threadfunc: 177
threadfunc: 178
threadfunc: 179
threadfunc: 180
threadfunc: 181
threadfunc: 182
threadfunc: 183
threadfunc: 184
threadfunc: 185
threadfunc: 186
threadfunc: 187
threadfunc: 188
threadfunc: 189
threadfunc: 190
threadfunc: 191
threadfunc: 192
threadfunc: 193
threadfunc: 194
threadfunc: 195
threadfunc: 196
threadfunc: 197
threadfunc: 198
threadfunc: 199
threadfunc: 200
threadfunc: 201
threadfunc: 202
threadfunc: 203
threadfunc: 204
threadfunc: 205
threadfunc: 206
threadfunc: 207
threadfunc: 208
threadfunc: 209
threadfunc: 210
threadfunc: 211
threadfunc: 212
threadfunc: 213
threadfunc: 214
threadfunc: 215
threadfunc: 216
threadfunc: 217
threadfunc: 218
threadfunc: 219
threadfunc: 220
threadfunc: 221
threadfunc: 222
threadfunc: 223
threadfunc: 224
threadfunc: 225
threadfunc: 226
threadfunc: 227
threadfunc: 228
threadfunc: 229
threadfunc: 230
threadfunc: 231
threadfunc: 232
threadfunc: 233
threadfunc: 234
threadfunc: 235
threadfunc: 236
threadfunc: 237
threadfunc: 238
threadfunc: 239
threadfunc: 240
threadfunc: 241
threadfunc: 242
threadfunc: 243
threadfunc: 244
threadfunc: 245
threadfunc: 246
threadfunc: 247
threadfunc: 248
threadfunc: 249
threadfunc: 250
threadfunc: 251
threadfunc: 252
threadfunc: 253
threadfunc: 254
threadfunc: 255
threadfunc: 256
threadfunc: 257
threadfunc: 258
threadfunc: 259
threadfunc: 260
threadfunc: 261
threadfunc: 262
threadfunc: 263
threadfunc: 264
threadfunc: 265
threadfunc: 266
threadfunc: 267
threadfunc: 268
threadfunc: 269
threadfunc: 270
threadfunc: 271
threadfunc: 272
threadfunc: 273
threadfunc: 274
threadfunc: 275
threadfunc: 276
threadfunc: 277
threadfunc: 278
threadfunc: 279
threadfunc: 280
threadfunc: 281
threadfunc: 282
threadfunc: 283
threadfunc: 284
threadfunc: 285
threadfunc: 286
threadfunc: 287
threadfunc: 288
threadfunc: 289
threadfunc: 290
threadfunc: 291
threadfunc: 292
threadfunc: 293
threadfunc: 294
threadfunc: 295
threadfunc: 296
threadfunc: 297
threadfunc: 298
threadfunc: 299
threadfunc: 300
threadfunc: 301
threadfunc: 302
threadfunc: 303
threadfunc: 304
threadfunc: 305
threadfunc: 306
threadfunc: 307
threadfunc: 308
threadfunc: 309
threadfunc: 310
threadfunc: 311
threadfunc: 312
threadfunc: 313
threadfunc: 314
threadfunc: 315
threadfunc: 316
threadfunc: 317
threadfunc: 318
threadfunc: 319
threadfunc: 320
threadfunc: 321
threadfunc: 322
threadfunc: 323
threadfunc: 324
threadfunc: 325
threadfunc: 326
threadfunc: 327
threadfunc: 328
threadfunc: 329
threadfunc: 330
threadfunc: 331
threadfunc: 332
threadfunc: 333
threadfunc: 334
threadfunc: 335
threadfunc: 336
threadfunc: 337
threadfunc: 338
threadfunc: 339
threadfunc: 340
threadfunc: 341
threadfunc: 342
threadfunc: 343
threadfunc: 344
threadfunc: 345
threadfunc: 346
threadfunc: 347
threadfunc: 348
threadfunc: 349
threadfunc: 350
threadfunc: 351
threadfunc: 352
threadfunc: 353
threadfunc: 354
threadfunc: 355
threadfunc: 356
threadfunc: 357
threadfunc: 358
threadfunc: 359
threadfunc: 360
threadfunc: 361
threadfunc: 362
threadfunc: 363
threadfunc: 364
threadfunc: 365
threadfunc: 366
threadfunc: 367
threadfunc: 368
threadfunc: 369
threadfunc: 370
threadfunc: 371
threadfunc: 372
threadfunc: 373
threadfunc: 374
threadfunc: 375
threadfunc: 376
threadfunc: 377
threadfunc: 378
threadfunc: 379
threadfunc: 380
threadfunc: 381
threadfunc: 382
threadfunc: 383
threadfunc: 384
threadfunc: 385
threadfunc: 386
threadfunc: 387
threadfunc: 388
threadfunc: 389
threadfunc: 390
threadfunc: 391
threadfunc: 392
threadfunc: 393
threadfunc: 394
threadfunc: 395
threadfunc: 396
threadfunc: 397
threadfunc: 398
threadfunc: 399
threadfunc: 400
threadfunc: 401
threadfunc: 402
threadfunc: 403
threadfunc: 404
threadfunc: 405
threadfunc: 406
threadfunc: 407
threadfunc: 408
threadfunc: 409
threadfunc: 410
threadfunc: 411
threadfunc: 412
threadfunc: 413
threadfunc: 414
threadfunc: 415
threadfunc: 416
threadfunc: 417
threadfunc: 418
threadfunc: 419
threadfunc: 420
threadfunc: 421
threadfunc: 422
threadfunc: 423
threadfunc: 424
threadfunc: 425
threadfunc: 426
threadfunc: 427
threadfunc: 428
threadfunc: 429
threadfunc: 430
threadfunc: 431
threadfunc: 432
threadfunc: 433
threadfunc: 434
threadfunc: 435
threadfunc: 436
threadfunc: 437
threadfunc: 438
threadfunc: 439
threadfunc: 440
threadfunc: 441
threadfunc: 442
threadfunc: 443
threadfunc: 444
threadfunc: 445
threadfunc: 446
threadfunc: 447
threadfunc: 448
threadfunc: 449
threadfunc: 450
threadfunc: 451
threadfunc: 452
threadfunc: 453
threadfunc: 454
threadfunc: 455
threadfunc: 456
threadfunc: 457
threadfunc: 458
threadfunc: 459
threadfunc: 460
threadfunc: 461
threadfunc: 462
threadfunc: 463
threadfunc: 464
threadfunc: 465
threadfunc: 466
threadfunc: 467
threadfunc: 468
threadfunc: 469
threadfunc: 470
threadfunc: 471
threadfunc: 472
threadfunc: 473
threadfunc: 474
threadfunc: 475
threadfunc: 476
threadfunc: 477
threadfunc: 478
threadfunc: 479
threadfunc: 480
threadfunc: 481
threadfunc: 482
threadfunc: 483
threadfunc: 484
threadfunc: 485
threadfunc: 486
threadfunc: 487
threadfunc: 488
threadfunc: 489
threadfunc: 490
threadfunc: 491
threadfunc: 492
threadfunc: 493
threadfunc: 494
threadfunc: 495
threadfunc: 496
threadfunc: 497
threadfunc: 498
threadfunc: 499
===> lib/libthr/sem_test:before_start_one_thread
Result: passed
Duration: 3.743s

Metadata:
    allowed_architectures is empty
    allowed_platforms is empty
    description = Checks using semaphores before starting one thread
    has_cleanup = false
    required_configs is empty
    required_disk_space = 0
    required_files is empty
    required_memory = 0
    required_programs is empty
    required_user is empty
    timeout = 40

Standard output:
Entering loop
threadfunc: 0
threadfunc: 1
threadfunc: 2
threadfunc: 3
threadfunc: 4
threadfunc: 5
threadfunc: 6
threadfunc: 7
threadfunc: 8
threadfunc: 9
threadfunc: 10
threadfunc: 11
threadfunc: 12
threadfunc: 13
threadfunc: 14
threadfunc: 15
threadfunc: 16
threadfunc: 17
threadfunc: 18
threadfunc: 19
threadfunc: 20
threadfunc: 21
threadfunc: 22
threadfunc: 23
threadfunc: 24
threadfunc: 25
threadfunc: 26
threadfunc: 27
threadfunc: 28
threadfunc: 29
threadfunc: 30
threadfunc: 31
threadfunc: 32
threadfunc: 33
threadfunc: 34
threadfunc: 35
threadfunc: 36
threadfunc: 37
threadfunc: 38
threadfunc: 39
threadfunc: 40
threadfunc: 41
threadfunc: 42
threadfunc: 43
threadfunc: 44
threadfunc: 45
threadfunc: 46
threadfunc: 47
threadfunc: 48
threadfunc: 49
threadfunc: 50
threadfunc: 51
threadfunc: 52
threadfunc: 53
threadfunc: 54
threadfunc: 55
threadfunc: 56
threadfunc: 57
threadfunc: 58
threadfunc: 59
threadfunc: 60
threadfunc: 61
threadfunc: 62
threadfunc: 63
threadfunc: 64
threadfunc: 65
threadfunc: 66
threadfunc: 67
threadfunc: 68
threadfunc: 69
threadfunc: 70
threadfunc: 71
threadfunc: 72
threadfunc: 73
threadfunc: 74
threadfunc: 75
threadfunc: 76
threadfunc: 77
threadfunc: 78
threadfunc: 79
threadfunc: 80
threadfunc: 81
threadfunc: 82
threadfunc: 83
threadfunc: 84
threadfunc: 85
threadfunc: 86
threadfunc: 87
threadfunc: 88
threadfunc: 89
threadfunc: 90
threadfunc: 91
threadfunc: 92
threadfunc: 93
threadfunc: 94
threadfunc: 95
threadfunc: 96
threadfunc: 97
threadfunc: 98
threadfunc: 99
threadfunc: 100
threadfunc: 101
threadfunc: 102
threadfunc: 103
threadfunc: 104
threadfunc: 105
threadfunc: 106
threadfunc: 107
threadfunc: 108
threadfunc: 109
threadfunc: 110
threadfunc: 111
threadfunc: 112
threadfunc: 113
threadfunc: 114
threadfunc: 115
threadfunc: 116
threadfunc: 117
threadfunc: 118
threadfunc: 119
threadfunc: 120
threadfunc: 121
threadfunc: 122
threadfunc: 123
threadfunc: 124
threadfunc: 125
threadfunc: 126
threadfunc: 127
threadfunc: 128
threadfunc: 129
threadfunc: 130
threadfunc: 131
threadfunc: 132
threadfunc: 133
threadfunc: 134
threadfunc: 135
threadfunc: 136
threadfunc: 137
threadfunc: 138
threadfunc: 139
threadfunc: 140
threadfunc: 141
threadfunc: 142
threadfunc: 143
threadfunc: 144
threadfunc: 145
threadfunc: 146
threadfunc: 147
threadfunc: 148
threadfunc: 149
threadfunc: 150
threadfunc: 151
threadfunc: 152
threadfunc: 153
threadfunc: 154
threadfunc: 155
threadfunc: 156
threadfunc: 157
threadfunc: 158
threadfunc: 159
threadfunc: 160
threadfunc: 161
threadfunc: 162
threadfunc: 163
threadfunc: 164
threadfunc: 165
threadfunc: 166
threadfunc: 167
threadfunc: 168
threadfunc: 169
threadfunc: 170
threadfunc: 171
threadfunc: 172
threadfunc: 173
threadfunc: 174
threadfunc: 175
threadfunc: 176
threadfunc: 177
threadfunc: 178
threadfunc: 179
threadfunc: 180
threadfunc: 181
threadfunc: 182
threadfunc: 183
threadfunc: 184
threadfunc: 185
threadfunc: 186
threadfunc: 187
threadfunc: 188
threadfunc: 189
threadfunc: 190
threadfunc: 191
threadfunc: 192
threadfunc: 193
threadfunc: 194
threadfunc: 195
threadfunc: 196
threadfunc: 197
threadfunc: 198
threadfunc: 199
threadfunc: 200
threadfunc: 201
threadfunc: 202
threadfunc: 203
threadfunc: 204
threadfunc: 205
threadfunc: 206
threadfunc: 207
threadfunc: 208
threadfunc: 209
threadfunc: 210
threadfunc: 211
threadfunc: 212
threadfunc: 213
threadfunc: 214
threadfunc: 215
threadfunc: 216
threadfunc: 217
threadfunc: 218
threadfunc: 219
threadfunc: 220
threadfunc: 221
threadfunc: 222
threadfunc: 223
threadfunc: 224
threadfunc: 225
threadfunc: 226
threadfunc: 227
threadfunc: 228
threadfunc: 229
threadfunc: 230
threadfunc: 231
threadfunc: 232
threadfunc: 233
threadfunc: 234
threadfunc: 235
threadfunc: 236
threadfunc: 237
threadfunc: 238
threadfunc: 239
threadfunc: 240
threadfunc: 241
threadfunc: 242
threadfunc: 243
threadfunc: 244
threadfunc: 245
threadfunc: 246
threadfunc: 247
threadfunc: 248
threadfunc: 249
threadfunc: 250
threadfunc: 251
threadfunc: 252
threadfunc: 253
threadfunc: 254
threadfunc: 255
threadfunc: 256
threadfunc: 257
threadfunc: 258
threadfunc: 259
threadfunc: 260
threadfunc: 261
threadfunc: 262
threadfunc: 263
threadfunc: 264
threadfunc: 265
threadfunc: 266
threadfunc: 267
threadfunc: 268
threadfunc: 269
threadfunc: 270
threadfunc: 271
threadfunc: 272
threadfunc: 273
threadfunc: 274
threadfunc: 275
threadfunc: 276
threadfunc: 277
threadfunc: 278
threadfunc: 279
threadfunc: 280
threadfunc: 281
threadfunc: 282
threadfunc: 283
threadfunc: 284
threadfunc: 285
threadfunc: 286
threadfunc: 287
threadfunc: 288
threadfunc: 289
threadfunc: 290
threadfunc: 291
threadfunc: 292
threadfunc: 293
threadfunc: 294
threadfunc: 295
threadfunc: 296
threadfunc: 297
threadfunc: 298
threadfunc: 299
threadfunc: 300
threadfunc: 301
threadfunc: 302
threadfunc: 303
threadfunc: 304
threadfunc: 305
threadfunc: 306
threadfunc: 307
threadfunc: 308
threadfunc: 309
threadfunc: 310
threadfunc: 311
threadfunc: 312
threadfunc: 313
threadfunc: 314
threadfunc: 315
threadfunc: 316
threadfunc: 317
threadfunc: 318
threadfunc: 319
threadfunc: 320
threadfunc: 321
threadfunc: 322
threadfunc: 323
threadfunc: 324
threadfunc: 325
threadfunc: 326
threadfunc: 327
threadfunc: 328
threadfunc: 329
threadfunc: 330
threadfunc: 331
threadfunc: 332
threadfunc: 333
threadfunc: 334
threadfunc: 335
threadfunc: 336
threadfunc: 337
threadfunc: 338
threadfunc: 339
threadfunc: 340
threadfunc: 341
threadfunc: 342
threadfunc: 343
threadfunc: 344
threadfunc: 345
threadfunc: 346
threadfunc: 347
threadfunc: 348
threadfunc: 349
threadfunc: 350
threadfunc: 351
threadfunc: 352
threadfunc: 353
threadfunc: 354
threadfunc: 355
threadfunc: 356
threadfunc: 357
threadfunc: 358
threadfunc: 359
threadfunc: 360
threadfunc: 361
threadfunc: 362
threadfunc: 363
threadfunc: 364
threadfunc: 365
threadfunc: 366
threadfunc: 367
threadfunc: 368
threadfunc: 369
threadfunc: 370
threadfunc: 371
threadfunc: 372
threadfunc: 373
threadfunc: 374
threadfunc: 375
threadfunc: 376
threadfunc: 377
threadfunc: 378
threadfunc: 379
threadfunc: 380
threadfunc: 381
threadfunc: 382
threadfunc: 383
threadfunc: 384
threadfunc: 385
threadfunc: 386
threadfunc: 387
threadfunc: 388
threadfunc: 389
threadfunc: 390
threadfunc: 391
threadfunc: 392
threadfunc: 393
threadfunc: 394
threadfunc: 395
threadfunc: 396
threadfunc: 397
threadfunc: 398
threadfunc: 399
threadfunc: 400
threadfunc: 401
threadfunc: 402
threadfunc: 403
threadfunc: 404
threadfunc: 405
threadfunc: 406
threadfunc: 407
threadfunc: 408
threadfunc: 409
threadfunc: 410
threadfunc: 411
threadfunc: 412
threadfunc: 413
threadfunc: 414
threadfunc: 415
threadfunc: 416
threadfunc: 417
threadfunc: 418
threadfunc: 419
threadfunc: 420
threadfunc: 421
threadfunc: 422
threadfunc: 423
threadfunc: 424
threadfunc: 425
threadfunc: 426
threadfunc: 427
threadfunc: 428
threadfunc: 429
threadfunc: 430
threadfunc: 431
threadfunc: 432
threadfunc: 433
threadfunc: 434
threadfunc: 435
threadfunc: 436
threadfunc: 437
threadfunc: 438
threadfunc: 439
threadfunc: 440
threadfunc: 441
threadfunc: 442
threadfunc: 443
threadfunc: 444
threadfunc: 445
threadfunc: 446
threadfunc: 447
threadfunc: 448
threadfunc: 449
threadfunc: 450
threadfunc: 451
threadfunc: 452
threadfunc: 453
threadfunc: 454
threadfunc: 455
threadfunc: 456
threadfunc: 457
threadfunc: 458
threadfunc: 459
threadfunc: 460
threadfunc: 461
threadfunc: 462
threadfunc: 463
threadfunc: 464
threadfunc: 465
threadfunc: 466
threadfunc: 467
threadfunc: 468
threadfunc: 469
threadfunc: 470
threadfunc: 471
threadfunc: 472
threadfunc: 473
threadfunc: 474
threadfunc: 475
threadfunc: 476
threadfunc: 477
threadfunc: 478
threadfunc: 479
threadfunc: 480
threadfunc: 481
threadfunc: 482
threadfunc: 483
threadfunc: 484
threadfunc: 485
threadfunc: 486
threadfunc: 487
threadfunc: 488
threadfunc: 489
threadfunc: 490
threadfunc: 491
threadfunc: 492
threadfunc: 493
threadfunc: 494
threadfunc: 495
threadfunc: 496
threadfunc: 497
threadfunc: 498
threadfunc: 499
===> lib/libthr/sem_test:named
Result: passed
Duration: 0.319s

Metadata:
    allowed_architectures is empty
    allowed_platforms is empty
    description = Checks named semaphores
    has_cleanup = false
    required_configs is empty
    required_disk_space = 0
    required_files is empty
    required_memory = 0
    required_programs is empty
    required_user is empty
    timeout = 300

Standard output:
Test begin
Test end
===> lib/libthr/sem_test:unnamed
Result: passed
Duration: 0.442s

Metadata:
    allowed_architectures is empty
    allowed_platforms is empty
    description = Checks unnamed semaphores
    has_cleanup = false
    required_configs is empty
    required_disk_space = 0
    required_files is empty
    required_memory = 0
    required_programs is empty
    required_user is empty
    timeout = 300

Standard output:
Test begin
Thread 0x801807000 waiting for semaphore...
Thread 0x801807800 waiting for semaphore...
Thread 0x801807400 waiting for semaphore...
Thread 0x801808000 waiting for semaphore...
Thread 0x801807c00 waiting for semaphore...
Thread 0x801808800 waiting for semaphore...
Thread 0x801808400 waiting for semaphore...
Thread 0x801809000 waiting for semaphore...
Thread 0x801808c00 waiting for semaphore...
Thread 0x801809400 waiting for semaphore...
main loop 1: posting...
Thread 0x801807000 got semaphore
main loop 1: posting...
Thread 0x801807800 got semaphore
main loop 1: posting...
Thread 0x801807400 got semaphore
main loop 1: posting...
Thread 0x801808000 got semaphore
main loop 1: posting...
Thread 0x801807c00 got semaphore
main loop 1: posting...
Thread 0x801808800 got semaphore
main loop 1: posting...
Thread 0x801808400 got semaphore
main loop 1: posting...
Thread 0x801809000 got semaphore
main loop 1: posting...
Thread 0x801808c00 got semaphore
main loop 1: posting...
Thread 0x801809400 got semaphore
Thread 0x801807400 waiting for semaphore...
Thread 0x801807000 waiting for semaphore...
Thread 0x801807c00 waiting for semaphore...
Thread 0x801808400 waiting for semaphore...
Thread 0x801807800 waiting for semaphore...
Thread 0x801808c00 waiting for semaphore...
Thread 0x801808000 waiting for semaphore...
Thread 0x801809400 waiting for semaphore...
Thread 0x801808800 waiting for semaphore...
Thread 0x801809000 waiting for semaphore...
main loop 2: posting...
Thread 0x801807400 got semaphore
main loop 2: posting...
Thread 0x801807000 got semaphore
main loop 2: posting...
Thread 0x801807c00 got semaphore
main loop 2: posting...
Thread 0x801808400 got semaphore
main loop 2: posting...
Thread 0x801807800 got semaphore
main loop 2: posting...
Thread 0x801808c00 got semaphore
main loop 2: posting...
Thread 0x801808000 got semaphore
main loop 2: posting...
Thread 0x801809400 got semaphore
main loop 2: posting...
Thread 0x801808800 got semaphore
main loop 2: posting...
Thread 0x801809000 got semaphore
Test end
===> lib/libthr/siglongjmp_test:siglongjmp1
Result: passed
Duration: 0.279s

Metadata:
    allowed_architectures is empty
    allowed_platforms is empty
    description = Checks siglongjmp() out of a signal handler back into its thread
    has_cleanup = false
    required_configs is empty
    required_disk_space = 0
    required_files is empty
    required_memory = 0
    required_programs is empty
    required_user is empty
    timeout = 300
===> lib/libthr/sigmask_test:before_threads
Result: passed
Duration: 0.070s

Metadata:
    allowed_architectures is empty
    allowed_platforms is empty
    description = Checks that signal masks are respected before threads are started
    has_cleanup = false
    required_configs is empty
    required_disk_space = 0
    required_files is empty
    required_memory = 0
    required_programs is empty
    required_user is empty
    timeout = 300

Standard output:
Success: Both handlers ran in order
===> lib/libthr/sigmask_test:incorrect_mask_bug
Result: passed
Duration: 3.333s

Metadata:
    allowed_architectures is empty
    allowed_platforms is empty
    description = Checks for bug in libpthread where incorrect signal mask was used
    has_cleanup = false
    required_configs is empty
    required_disk_space = 0
    required_files is empty
    required_memory = 0
    required_programs is empty
    required_user is empty
    timeout = 300
===> lib/libthr/sigmask_test:respected_while_running
Result: passed
Duration: 1.240s

Metadata:
    allowed_architectures is empty
    allowed_platforms is empty
    description = Checks that signal masks are respected while threads are running
    has_cleanup = false
    required_configs is empty
    required_disk_space = 0
    required_files is empty
    required_memory = 0
    required_programs is empty
    required_user is empty
    timeout = 300

Standard output:
Success: Both handlers ran in order
===> lib/libthr/sigmask_test:upcalls_not_started
Result: passed
Duration: 0.085s

Metadata:
    allowed_architectures is empty
    allowed_platforms is empty
    description = Checks pthread_sigmask when SA upcalls aren't started yet
    has_cleanup = false
    required_configs is empty
    required_disk_space = 0
    required_files is empty
    required_memory = 0
    required_programs is empty
    required_user is empty
    timeout = 300
===> lib/libthr/sigsuspend_test:sigsuspend
Result: passed
Duration: 1.273s

Metadata:
    allowed_architectures is empty
    allowed_platforms is empty
    description = Checks sigsuspend in libpthread when pthread lib isn't initialized
    has_cleanup = false
    required_configs is empty
    required_disk_space = 0
    required_files is empty
    required_memory = 0
    required_programs is empty
    required_user is empty
    timeout = 300
===> lib/libthr/sleep_test:sleep1
Result: passed
Duration: 1.250s

Metadata:
    allowed_architectures is empty
    allowed_platforms is empty
    description = Checks sleeping past the time when time_t wraps
    has_cleanup = false
    required_configs is empty
    required_disk_space = 0
    required_files is empty
    required_memory = 0
    required_programs is empty
    required_user is empty
    timeout = 300

Standard output:
Testing sleeps unreasonably far into the future.
===> lib/libthr/swapcontext_test:swapcontext1
Result: passed
Duration: 0.049s

Metadata:
    allowed_architectures is empty
    allowed_platforms is empty
    description = Testing if swapcontext() alters pthread_self()
    has_cleanup = false
    required_configs is empty
    required_disk_space = 0
    required_files is empty
    required_memory = 0
    required_programs is empty
    required_user is empty
    timeout = 300

Standard output:
Testing if swapcontext() alters pthread_self()
before swapcontext self = 0x801407000
after swapcontext self = 0x801407000
Test succeeded
===> lib/libutil/flopen_test:main
Result: passed
Duration: 0.094s

Metadata:
    allowed_architectures is empty
    allowed_platforms is empty
    description is empty
    has_cleanup = false
    required_configs is empty
    required_disk_space = 0
    required_files is empty
    required_memory = 0
    required_programs is empty
    required_user is empty
    timeout = 300

Standard output:
1..5
ok 1 - flopen_create
ok 2 - flopen_open
ok 3 - flopen_lock_self
ok 4 - flopen_lock_other
ok 5 - flopen_lock_child
===> lib/libutil/grp_test:main
Result: passed
Duration: 0.082s

Metadata:
    allowed_architectures is empty
    allowed_platforms is empty
    description is empty
    has_cleanup = false
    required_configs is empty
    required_disk_space = 0
    required_files is empty
    required_memory = 0
    required_programs is empty
    required_user is empty
    timeout = 300

Standard output:
1..4
ok 1 - gr_dup
ok 2 - gr_equal
ok 3 - gr_make
ok 4 - gr_scan
===> lib/libutil/humanize_number_test:main
Result: passed
Duration: 0.347s

Metadata:
    allowed_architectures is empty
    allowed_platforms is empty
    description is empty
    has_cleanup = false
    required_configs is empty
    required_disk_space = 0
    required_files is empty
    required_memory = 0
    required_programs is empty
    required_user is empty
    timeout = 300

Standard output:
1..258
ok 1
ok 2
ok 3
ok 4
ok 5
ok 6
ok 7 # skip - not turned on
ok 8
ok 9
ok 10
ok 11
ok 12
ok 13
ok 14 # skip - not turned on
ok 15
ok 16
ok 17
ok 18
ok 19
ok 20
ok 21 # skip - not turned on
ok 22
ok 23
ok 24
ok 25
ok 26
ok 27
ok 28 # skip - not turned on
ok 29
ok 30
ok 31
ok 32
ok 33
ok 34
ok 35
ok 36
ok 37
ok 38
ok 39
ok 40
ok 41
ok 42
ok 43
ok 44
ok 45
ok 46
ok 47
ok 48
ok 49
ok 50 # skip - not turned on
ok 51
ok 52
ok 53
ok 54
ok 55
ok 56
ok 57
ok 58
ok 59
ok 60
ok 61
ok 62 # skip - not turned on
ok 63
ok 64
ok 65
ok 66
ok 67
ok 68
ok 69
ok 70
ok 71
ok 72
ok 73
ok 74 # skip - not turned on
ok 75
ok 76
ok 77
ok 78
ok 79
ok 80
ok 81
ok 82
ok 83
ok 84
ok 85
ok 86 # skip - not turned on
ok 87
ok 88
ok 89
ok 90
ok 91
ok 92
ok 93
ok 94
ok 95 # skip - not turned on
ok 96 # skip - not turned on
ok 97 # skip - not turned on
ok 98 # skip - not turned on
ok 99 # skip - not turned on
ok 100 # skip - not turned on
ok 101
ok 102
ok 103
ok 104
ok 105
ok 106
ok 107
ok 108
ok 109
ok 110
ok 111
ok 112
ok 113
ok 114
ok 115
ok 116
ok 117
ok 118
ok 119
ok 120
ok 121
ok 122
ok 123
ok 124
ok 125
ok 126
ok 127
ok 128 # skip - not turned on
ok 129
ok 130
ok 131
ok 132
ok 133
ok 134
ok 135
ok 136
ok 137
ok 138
ok 139
ok 140
ok 141
ok 142 # skip - not turned on
ok 143
ok 144
ok 145
ok 146
ok 147
ok 148
ok 149
ok 150
ok 151
ok 152 # skip - not turned on
ok 153
ok 154
ok 155
ok 156
ok 157
ok 158
ok 159
ok 160 # skip - not turned on
ok 161
ok 162
ok 163
ok 164
ok 165
ok 166 # skip - not turned on
ok 167
ok 168
ok 169
ok 170
ok 171
ok 172
ok 173
ok 174 # skip - not turned on
ok 175
ok 176
ok 177
ok 178
ok 179
ok 180
ok 181
ok 182
ok 183
ok 184
ok 185
ok 186
ok 187
ok 188
ok 189
ok 190
ok 191
ok 192
ok 193
ok 194
ok 195
ok 196
ok 197
ok 198
ok 199
ok 200
ok 201
ok 202
ok 203
ok 204
ok 205
ok 206
ok 207
ok 208
ok 209
ok 210
ok 211
ok 212
ok 213
ok 214
ok 215
ok 216
ok 217
ok 218
ok 219
ok 220
ok 221
ok 222
ok 223
ok 224
ok 225 # skip - not turned on
ok 226 # skip - not turned on
ok 227 # skip - not turned on
ok 228 # skip - not turned on
ok 229
ok 230
ok 231 # skip - not turned on
ok 232 # skip - not turned on
ok 233
ok 234
ok 235
ok 236
ok 237
ok 238
ok 239
ok 240
ok 241
ok 242
ok 243
ok 244
ok 245
ok 246
ok 247
ok 248
ok 249
ok 250
ok 251
ok 252 # skip - not turned on
ok 253 # skip - not turned on
ok 254 # skip - not turned on
ok 255 # skip - not turned on
ok 256 # skip - not turned on
ok 257
ok 258
===> lib/libutil/pidfile_test:main
Result: passed
Duration: 0.323s

Metadata:
    allowed_architectures is empty
    allowed_platforms is empty
    description is empty
    has_cleanup = false
    required_configs is empty
    required_disk_space = 0
    required_files is empty
    required_memory = 0
    required_programs is empty
    required_user is empty
    timeout = 300

Standard output:
1..4
ok 1 - pidfile_uncontested
ok 2 - pidfile_self
ok 3 - pidfile_contested
ok 4 - pidfile_inherited
===> lib/libutil/trimdomain-nodomain_test:main
Result: passed
Duration: 0.201s

Metadata:
    allowed_architectures is empty
    allowed_platforms is empty
    description is empty
    has_cleanup = false
    required_configs is empty
    required_disk_space = 0
    required_files is empty
    required_memory = 0
    required_programs is empty
    required_user is empty
    timeout = 300

Standard output:
1..5
ok 1 - self
ok 2 - different host, same domain
ok 3 - short hostsize
ok 4 - arbitrary host
ok 5 - domain is local hostname
===> lib/libutil/trimdomain_test:main
Result: passed
Duration: 1.040s

Metadata:
    allowed_architectures is empty
    allowed_platforms is empty
    description is empty
    has_cleanup = false
    required_configs is empty
    required_disk_space = 0
    required_files is empty
    required_memory = 0
    required_programs is empty
    required_user is empty
    timeout = 300

Standard output:
1..5
ok 1 - self
ok 2 - different host, same domain
ok 3 - short hostsize
ok 4 - arbitrary host
ok 5 - domain is local hostname
===> lib/msun/acos_test:acos_inrange
Result: passed
Duration: 0.085s

Metadata:
    allowed_architectures is empty
    allowed_platforms is empty
    description = Test acos/acosf(x) for some valid values
    has_cleanup = false
    required_configs is empty
    required_disk_space = 0
    required_files is empty
    required_memory = 0
    required_programs is empty
    required_user is empty
    timeout = 300
===> lib/msun/acos_test:acos_is_nan
Result: passed
Duration: 0.044s

Metadata:
    allowed_architectures is empty
    allowed_platforms is empty
    description = Test acos/acosf(x) == NaN, x = NaN, +/-Inf, ![-1..1]
    has_cleanup = false
    required_configs is empty
    required_disk_space = 0
    required_files is empty
    required_memory = 0
    required_programs is empty
    required_user is empty
    timeout = 300
===> lib/msun/acos_test:acos_is_plus_zero
Result: passed
Duration: 0.094s

Metadata:
    allowed_architectures is empty
    allowed_platforms is empty
    description = Test acosf(1.0) == +0.0
    has_cleanup = false
    required_configs is empty
    required_disk_space = 0
    required_files is empty
    required_memory = 0
    required_programs is empty
    required_user is empty
    timeout = 300
===> lib/msun/asin_test:asin_inf_neg
Result: passed
Duration: 0.049s

Metadata:
    allowed_architectures is empty
    allowed_platforms is empty
    description = Test asin(-Inf) == NaN
    has_cleanup = false
    required_configs is empty
    required_disk_space = 0
    required_files is empty
    required_memory = 0
    required_programs is empty
    required_user is empty
    timeout = 300
===> lib/msun/asin_test:asin_inf_pos
Result: passed
Duration: 0.031s

Metadata:
    allowed_architectures is empty
    allowed_platforms is empty
    description = Test asin(+Inf) == NaN
    has_cleanup = false
    required_configs is empty
    required_disk_space = 0
    required_files is empty
    required_memory = 0
    required_programs is empty
    required_user is empty
    timeout = 300
===> lib/msun/asin_test:asin_inrange
Result: passed
Duration: 0.072s

Metadata:
    allowed_architectures is empty
    allowed_platforms is empty
    description = Test asin(x) for some values
    has_cleanup = false
    required_configs is empty
    required_disk_space = 0
    required_files is empty
    required_memory = 0
    required_programs is empty
    required_user is empty
    timeout = 300
===> lib/msun/asin_test:asin_nan
Result: passed
Duration: 0.091s

Metadata:
    allowed_architectures is empty
    allowed_platforms is empty
    description = Test asin(NaN) == NaN
    has_cleanup = false
    required_configs is empty
    required_disk_space = 0
    required_files is empty
    required_memory = 0
    required_programs is empty
    required_user is empty
    timeout = 300
===> lib/msun/asin_test:asin_range
Result: passed
Duration: 0.107s

Metadata:
    allowed_architectures is empty
    allowed_platforms is empty
    description = Test asin(x) == NaN, x < -1, x > 1
    has_cleanup = false
    required_configs is empty
    required_disk_space = 0
    required_files is empty
    required_memory = 0
    required_programs is empty
    required_user is empty
    timeout = 300
===> lib/msun/asin_test:asin_zero_neg
Result: passed
Duration: 0.061s

Metadata:
    allowed_architectures is empty
    allowed_platforms is empty
    description = Test asin(-0.0) == -0.0
    has_cleanup = false
    required_configs is empty
    required_disk_space = 0
    required_files is empty
    required_memory = 0
    required_programs is empty
    required_user is empty
    timeout = 300
===> lib/msun/asin_test:asin_zero_pos
Result: passed
Duration: 0.052s

Metadata:
    allowed_architectures is empty
    allowed_platforms is empty
    description = Test asin(+0.0) == +0.0
    has_cleanup = false
    required_configs is empty
    required_disk_space = 0
    required_files is empty
    required_memory = 0
    required_programs is empty
    required_user is empty
    timeout = 300
===> lib/msun/asin_test:asinf_inf_neg
Result: passed
Duration: 0.103s

Metadata:
    allowed_architectures is empty
    allowed_platforms is empty
    description = Test asinf(-Inf) == NaN
    has_cleanup = false
    required_configs is empty
    required_disk_space = 0
    required_files is empty
    required_memory = 0
    required_programs is empty
    required_user is empty
    timeout = 300
===> lib/msun/asin_test:asinf_inf_pos
Result: passed
Duration: 0.099s

Metadata:
    allowed_architectures is empty
    allowed_platforms is empty
    description = Test asinf(+Inf) == NaN
    has_cleanup = false
    required_configs is empty
    required_disk_space = 0
    required_files is empty
    required_memory = 0
    required_programs is empty
    required_user is empty
    timeout = 300
===> lib/msun/asin_test:asinf_inrange
Result: passed
Duration: 0.247s

Metadata:
    allowed_architectures is empty
    allowed_platforms is empty
    description = Test asinf(x) for some values
    has_cleanup = false
    required_configs is empty
    required_disk_space = 0
    required_files is empty
    required_memory = 0
    required_programs is empty
    required_user is empty
    timeout = 300
===> lib/msun/asin_test:asinf_nan
Result: passed
Duration: 0.139s

Metadata:
    allowed_architectures is empty
    allowed_platforms is empty
    description = Test asinf(NaN) == NaN
    has_cleanup = false
    required_configs is empty
    required_disk_space = 0
    required_files is empty
    required_memory = 0
    required_programs is empty
    required_user is empty
    timeout = 300
===> lib/msun/asin_test:asinf_range
Result: passed
Duration: 0.094s

Metadata:
    allowed_architectures is empty
    allowed_platforms is empty
    description = Test asinf(x) == NaN, x < -1, x > 1
    has_cleanup = false
    required_configs is empty
    required_disk_space = 0
    required_files is empty
    required_memory = 0
    required_programs is empty
    required_user is empty
    timeout = 300
===> lib/msun/asin_test:asinf_zero_neg
Result: passed
Duration: 0.069s

Metadata:
    allowed_architectures is empty
    allowed_platforms is empty
    description = Test asinf(-0.0) == -0.0
    has_cleanup = false
    required_configs is empty
    required_disk_space = 0
    required_files is empty
    required_memory = 0
    required_programs is empty
    required_user is empty
    timeout = 300
===> lib/msun/asin_test:asinf_zero_pos
Result: passed
Duration: 0.114s

Metadata:
    allowed_architectures is empty
    allowed_platforms is empty
    description = Test asinf(+0.0) == +0.0
    has_cleanup = false
    required_configs is empty
    required_disk_space = 0
    required_files is empty
    required_memory = 0
    required_programs is empty
    required_user is empty
    timeout = 300
===> lib/msun/atan_test:atan_inrange
Result: passed
Duration: 0.035s

Metadata:
    allowed_architectures is empty
    allowed_platforms is empty
    description = Test atan/atanf(x) for some values
    has_cleanup = false
    required_configs is empty
    required_disk_space = 0
    required_files is empty
    required_memory = 0
    required_programs is empty
    required_user is empty
    timeout = 300
===> lib/msun/atan_test:atan_nan
Result: passed
Duration: 0.037s

Metadata:
    allowed_architectures is empty
    allowed_platforms is empty
    description = Test atan/atanf(NaN) == NaN
    has_cleanup = false
    required_configs is empty
    required_disk_space = 0
    required_files is empty
    required_memory = 0
    required_programs is empty
    required_user is empty
    timeout = 300
===> lib/msun/atan_test:atan_zero_neg
Result: passed
Duration: 0.111s

Metadata:
    allowed_architectures is empty
    allowed_platforms is empty
    description = Test atan/atanf(-0.0) == -0.0
    has_cleanup = false
    required_configs is empty
    required_disk_space = 0
    required_files is empty
    required_memory = 0
    required_programs is empty
    required_user is empty
    timeout = 300
===> lib/msun/atan_test:atan_zero_pos
Result: passed
Duration: 0.072s

Metadata:
    allowed_architectures is empty
    allowed_platforms is empty
    description = Test atan/atanf(+0.0) == +0.0
    has_cleanup = false
    required_configs is empty
    required_disk_space = 0
    required_files is empty
    required_memory = 0
    required_programs is empty
    required_user is empty
    timeout = 300
===> lib/msun/cbrt_test:cbrt_inf_neg
Result: passed
Duration: 0.101s

Metadata:
    allowed_architectures is empty
    allowed_platforms is empty
    description = Test cbrt(-Inf) == -Inf
    has_cleanup = false
    required_configs is empty
    required_disk_space = 0
    required_files is empty
    required_memory = 0
    required_programs is empty
    required_user is empty
    timeout = 300
===> lib/msun/cbrt_test:cbrt_inf_pos
Result: passed
Duration: 0.031s

Metadata:
    allowed_architectures is empty
    allowed_platforms is empty
    description = Test cbrt(+Inf) == +Inf
    has_cleanup = false
    required_configs is empty
    required_disk_space = 0
    required_files is empty
    required_memory = 0
    required_programs is empty
    required_user is empty
    timeout = 300
===> lib/msun/cbrt_test:cbrt_nan
Result: passed
Duration: 0.042s

Metadata:
    allowed_architectures is empty
    allowed_platforms is empty
    description = Test cbrt(NaN) == NaN
    has_cleanup = false
    required_configs is empty
    required_disk_space = 0
    required_files is empty
    required_memory = 0
    required_programs is empty
    required_user is empty
    timeout = 300
===> lib/msun/cbrt_test:cbrt_pow
Result: passed
Duration: 0.060s

Metadata:
    allowed_architectures is empty
    allowed_platforms is empty
    description = Test cbrt(3) vs. pow(3)
    has_cleanup = false
    required_configs is empty
    required_disk_space = 0
    required_files is empty
    required_memory = 0
    required_programs is empty
    required_user is empty
    timeout = 300
===> lib/msun/cbrt_test:cbrt_zero_neg
Result: passed
Duration: 0.030s

Metadata:
    allowed_architectures is empty
    allowed_platforms is empty
    description = Test cbrt(-0.0) == -0.0
    has_cleanup = false
    required_configs is empty
    required_disk_space = 0
    required_files is empty
    required_memory = 0
    required_programs is empty
    required_user is empty
    timeout = 300
===> lib/msun/cbrt_test:cbrt_zero_pos
Result: passed
Duration: 0.072s

Metadata:
    allowed_architectures is empty
    allowed_platforms is empty
    description = Test cbrt(+0.0) == +0.0
    has_cleanup = false
    required_configs is empty
    required_disk_space = 0
    required_files is empty
    required_memory = 0
    required_programs is empty
    required_user is empty
    timeout = 300
===> lib/msun/cbrt_test:cbrtf_inf_neg
Result: passed
Duration: 0.116s

Metadata:
    allowed_architectures is empty
    allowed_platforms is empty
    description = Test cbrtf(-Inf) == -Inf
    has_cleanup = false
    required_configs is empty
    required_disk_space = 0
    required_files is empty
    required_memory = 0
    required_programs is empty
    required_user is empty
    timeout = 300
===> lib/msun/cbrt_test:cbrtf_inf_pos
Result: passed
Duration: 0.085s

Metadata:
    allowed_architectures is empty
    allowed_platforms is empty
    description = Test cbrtf(+Inf) == +Inf
    has_cleanup = false
    required_configs is empty
    required_disk_space = 0
    required_files is empty
    required_memory = 0
    required_programs is empty
    required_user is empty
    timeout = 300
===> lib/msun/cbrt_test:cbrtf_nan
Result: passed
Duration: 0.092s

Metadata:
    allowed_architectures is empty
    allowed_platforms is empty
    description = Test cbrtf(NaN) == NaN
    has_cleanup = false
    required_configs is empty
    required_disk_space = 0
    required_files is empty
    required_memory = 0
    required_programs is empty
    required_user is empty
    timeout = 300
===> lib/msun/cbrt_test:cbrtf_powf
Result: passed
Duration: 0.044s

Metadata:
    allowed_architectures is empty
    allowed_platforms is empty
    description = Test cbrtf(3) vs. powf(3)
    has_cleanup = false
    required_configs is empty
    required_disk_space = 0
    required_files is empty
    required_memory = 0
    required_programs is empty
    required_user is empty
    timeout = 300
===> lib/msun/cbrt_test:cbrtf_zero_neg
Result: passed
Duration: 0.118s

Metadata:
    allowed_architectures is empty
    allowed_platforms is empty
    description = Test cbrtf(-0.0) == -0.0
    has_cleanup = false
    required_configs is empty
    required_disk_space = 0
    required_files is empty
    required_memory = 0
    required_programs is empty
    required_user is empty
    timeout = 300
===> lib/msun/cbrt_test:cbrtf_zero_pos
Result: passed
Duration: 0.043s

Metadata:
    allowed_architectures is empty
    allowed_platforms is empty
    description = Test cbrtf(+0.0) == +0.0
    has_cleanup = false
    required_configs is empty
    required_disk_space = 0
    required_files is empty
    required_memory = 0
    required_programs is empty
    required_user is empty
    timeout = 300
===> lib/msun/cbrt_test:cbrtl_inf_neg
Result: passed
Duration: 0.037s

Metadata:
    allowed_architectures is empty
    allowed_platforms is empty
    description = Test cbrtl(-Inf) == -Inf
    has_cleanup = false
    required_configs is empty
    required_disk_space = 0
    required_files is empty
    required_memory = 0
    required_programs is empty
    required_user is empty
    timeout = 300
===> lib/msun/cbrt_test:cbrtl_inf_pos
Result: passed
Duration: 0.072s

Metadata:
    allowed_architectures is empty
    allowed_platforms is empty
    description = Test cbrtl(+Inf) == +Inf
    has_cleanup = false
    required_configs is empty
    required_disk_space = 0
    required_files is empty
    required_memory = 0
    required_programs is empty
    required_user is empty
    timeout = 300
===> lib/msun/cbrt_test:cbrtl_nan
Result: passed
Duration: 0.253s

Metadata:
    allowed_architectures is empty
    allowed_platforms is empty
    description = Test cbrtl(NaN) == NaN
    has_cleanup = false
    required_configs is empty
    required_disk_space = 0
    required_files is empty
    required_memory = 0
    required_programs is empty
    required_user is empty
    timeout = 300
===> lib/msun/cbrt_test:cbrtl_powl
Result: passed
Duration: 0.385s

Metadata:
    allowed_architectures is empty
    allowed_platforms is empty
    description = Test cbrtl(3) vs. powl(3)
    has_cleanup = false
    required_configs is empty
    required_disk_space = 0
    required_files is empty
    required_memory = 0
    required_programs is empty
    required_user is empty
    timeout = 300
===> lib/msun/cbrt_test:cbrtl_zero_neg
Result: passed
Duration: 0.101s

Metadata:
    allowed_architectures is empty
    allowed_platforms is empty
    description = Test cbrtl(-0.0) == -0.0
    has_cleanup = false
    required_configs is empty
    required_disk_space = 0
    required_files is empty
    required_memory = 0
    required_programs is empty
    required_user is empty
    timeout = 300
===> lib/msun/cbrt_test:cbrtl_zero_pos
Result: passed
Duration: 0.124s

Metadata:
    allowed_architectures is empty
    allowed_platforms is empty
    description = Test cbrtl(+0.0) == +0.0
    has_cleanup = false
    required_configs is empty
    required_disk_space = 0
    required_files is empty
    required_memory = 0
    required_programs is empty
    required_user is empty
    timeout = 300
===> lib/msun/ceil_test:ceil_basic
Result: passed
Duration: 0.087s

Metadata:
    allowed_architectures is empty
    allowed_platforms is empty
    description = A basic test of ceil(3)
    has_cleanup = false
    required_configs is empty
    required_disk_space = 0
    required_files is empty
    required_memory = 0
    required_programs is empty
    required_user is empty
    timeout = 300
===> lib/msun/ceil_test:ceil_inf_neg
Result: passed
Duration: 0.104s

Metadata:
    allowed_architectures is empty
    allowed_platforms is empty
    description = Test ceil(-Inf) == -Inf
    has_cleanup = false
    required_configs is empty
    required_disk_space = 0
    required_files is empty
    required_memory = 0
    required_programs is empty
    required_user is empty
    timeout = 300
===> lib/msun/ceil_test:ceil_inf_pos
Result: passed
Duration: 0.064s

Metadata:
    allowed_architectures is empty
    allowed_platforms is empty
    description = Test ceil(+Inf) == +Inf
    has_cleanup = false
    required_configs is empty
    required_disk_space = 0
    required_files is empty
    required_memory = 0
    required_programs is empty
    required_user is empty
    timeout = 300
===> lib/msun/ceil_test:ceil_nan
Result: passed
Duration: 0.106s

Metadata:
    allowed_architectures is empty
    allowed_platforms is empty
    description = Test ceil(NaN) == NaN
    has_cleanup = false
    required_configs is empty
    required_disk_space = 0
    required_files is empty
    required_memory = 0
    required_programs is empty
    required_user is empty
    timeout = 300
===> lib/msun/ceil_test:ceil_zero_neg
Result: passed
Duration: 0.753s

Metadata:
    allowed_architectures is empty
    allowed_platforms is empty
    description = Test ceil(-0.0) == -0.0
    has_cleanup = false
    required_configs is empty
    required_disk_space = 0
    required_files is empty
    required_memory = 0
    required_programs is empty
    required_user is empty
    timeout = 300
===> lib/msun/ceil_test:ceil_zero_pos
Result: passed
Duration: 0.140s

Metadata:
    allowed_architectures is empty
    allowed_platforms is empty
    description = Test ceil(+0.0) == +0.0
    has_cleanup = false
    required_configs is empty
    required_disk_space = 0
    required_files is empty
    required_memory = 0
    required_programs is empty
    required_user is empty
    timeout = 300
===> lib/msun/ceil_test:ceilf_basic
Result: passed
Duration: 0.090s

Metadata:
    allowed_architectures is empty
    allowed_platforms is empty
    description = A basic test of ceilf(3)
    has_cleanup = false
    required_configs is empty
    required_disk_space = 0
    required_files is empty
    required_memory = 0
    required_programs is empty
    required_user is empty
    timeout = 300
===> lib/msun/ceil_test:ceilf_inf_neg
Result: passed
Duration: 0.051s

Metadata:
    allowed_architectures is empty
    allowed_platforms is empty
    description = Test ceilf(-Inf) == -Inf
    has_cleanup = false
    required_configs is empty
    required_disk_space = 0
    required_files is empty
    required_memory = 0
    required_programs is empty
    required_user is empty
    timeout = 300
===> lib/msun/ceil_test:ceilf_inf_pos
Result: passed
Duration: 0.055s

Metadata:
    allowed_architectures is empty
    allowed_platforms is empty
    description = Test ceilf(+Inf) == +Inf
    has_cleanup = false
    required_configs is empty
    required_disk_space = 0
    required_files is empty
    required_memory = 0
    required_programs is empty
    required_user is empty
    timeout = 300
===> lib/msun/ceil_test:ceilf_nan
Result: passed
Duration: 0.144s

Metadata:
    allowed_architectures is empty
    allowed_platforms is empty
    description = Test ceilf(NaN) == NaN
    has_cleanup = false
    required_configs is empty
    required_disk_space = 0
    required_files is empty
    required_memory = 0
    required_programs is empty
    required_user is empty
    timeout = 300
===> lib/msun/ceil_test:ceilf_zero_neg
Result: passed
Duration: 0.051s

Metadata:
    allowed_architectures is empty
    allowed_platforms is empty
    description = Test ceilf(-0.0) == -0.0
    has_cleanup = false
    required_configs is empty
    required_disk_space = 0
    required_files is empty
    required_memory = 0
    required_programs is empty
    required_user is empty
    timeout = 300
===> lib/msun/ceil_test:ceilf_zero_pos
Result: passed
Duration: 0.082s

Metadata:
    allowed_architectures is empty
    allowed_platforms is empty
    description = Test ceilf(+0.0) == +0.0
    has_cleanup = false
    required_configs is empty
    required_disk_space = 0
    required_files is empty
    required_memory = 0
    required_programs is empty
    required_user is empty
    timeout = 300
===> lib/msun/ceil_test:ceill_basic
Result: passed
Duration: 0.072s

Metadata:
    allowed_architectures is empty
    allowed_platforms is empty
    description = A basic test of ceill(3)
    has_cleanup = false
    required_configs is empty
    required_disk_space = 0
    required_files is empty
    required_memory = 0
    required_programs is empty
    required_user is empty
    timeout = 300
===> lib/msun/ceil_test:ceill_inf_neg
Result: passed
Duration: 0.111s

Metadata:
    allowed_architectures is empty
    allowed_platforms is empty
    description = Test ceill(-Inf) == -Inf
    has_cleanup = false
    required_configs is empty
    required_disk_space = 0
    required_files is empty
    required_memory = 0
    required_programs is empty
    required_user is empty
    timeout = 300
===> lib/msun/ceil_test:ceill_inf_pos
Result: passed
Duration: 0.032s

Metadata:
    allowed_architectures is empty
    allowed_platforms is empty
    description = Test ceill(+Inf) == +Inf
    has_cleanup = false
    required_configs is empty
    required_disk_space = 0
    required_files is empty
    required_memory = 0
    required_programs is empty
    required_user is empty
    timeout = 300
===> lib/msun/ceil_test:ceill_nan
Result: passed
Duration: 0.058s

Metadata:
    allowed_architectures is empty
    allowed_platforms is empty
    description = Test ceill(NaN) == NaN
    has_cleanup = false
    required_configs is empty
    required_disk_space = 0
    required_files is empty
    required_memory = 0
    required_programs is empty
    required_user is empty
    timeout = 300
===> lib/msun/ceil_test:ceill_zero_neg
Result: passed
Duration: 0.217s

Metadata:
    allowed_architectures is empty
    allowed_platforms is empty
    description = Test ceill(-0.0) == -0.0
    has_cleanup = false
    required_configs is empty
    required_disk_space = 0
    required_files is empty
    required_memory = 0
    required_programs is empty
    required_user is empty
    timeout = 300
===> lib/msun/ceil_test:ceill_zero_pos
Result: passed
Duration: 0.318s

Metadata:
    allowed_architectures is empty
    allowed_platforms is empty
    description = Test ceill(+0.0) == +0.0
    has_cleanup = false
    required_configs is empty
    required_disk_space = 0
    required_files is empty
    required_memory = 0
    required_programs is empty
    required_user is empty
    timeout = 300
===> lib/msun/ceil_test:floor_basic
Result: passed
Duration: 0.050s

Metadata:
    allowed_architectures is empty
    allowed_platforms is empty
    description = A basic test of floor(3)
    has_cleanup = false
    required_configs is empty
    required_disk_space = 0
    required_files is empty
    required_memory = 0
    required_programs is empty
    required_user is empty
    timeout = 300
===> lib/msun/ceil_test:floor_inf_neg
Result: passed
Duration: 0.087s

Metadata:
    allowed_architectures is empty
    allowed_platforms is empty
    description = Test floor(-Inf) == -Inf
    has_cleanup = false
    required_configs is empty
    required_disk_space = 0
    required_files is empty
    required_memory = 0
    required_programs is empty
    required_user is empty
    timeout = 300
===> lib/msun/ceil_test:floor_inf_pos
Result: passed
Duration: 0.077s

Metadata:
    allowed_architectures is empty
    allowed_platforms is empty
    description = Test floor(+Inf) == +Inf
    has_cleanup = false
    required_configs is empty
    required_disk_space = 0
    required_files is empty
    required_memory = 0
    required_programs is empty
    required_user is empty
    timeout = 300
===> lib/msun/ceil_test:floor_nan
Result: passed
Duration: 0.082s

Metadata:
    allowed_architectures is empty
    allowed_platforms is empty
    description = Test floor(NaN) == NaN
    has_cleanup = false
    required_configs is empty
    required_disk_space = 0
    required_files is empty
    required_memory = 0
    required_programs is empty
    required_user is empty
    timeout = 300
===> lib/msun/ceil_test:floor_zero_neg
Result: passed
Duration: 0.052s

Metadata:
    allowed_architectures is empty
    allowed_platforms is empty
    description = Test floor(-0.0) == -0.0
    has_cleanup = false
    required_configs is empty
    required_disk_space = 0
    required_files is empty
    required_memory = 0
    required_programs is empty
    required_user is empty
    timeout = 300
===> lib/msun/ceil_test:floor_zero_pos
Result: passed
Duration: 0.078s

Metadata:
    allowed_architectures is empty
    allowed_platforms is empty
    description = Test floor(+0.0) == +0.0
    has_cleanup = false
    required_configs is empty
    required_disk_space = 0
    required_files is empty
    required_memory = 0
    required_programs is empty
    required_user is empty
    timeout = 300
===> lib/msun/ceil_test:floorf_basic
Result: passed
Duration: 0.171s

Metadata:
    allowed_architectures is empty
    allowed_platforms is empty
    description = A basic test of floorf(3)
    has_cleanup = false
    required_configs is empty
    required_disk_space = 0
    required_files is empty
    required_memory = 0
    required_programs is empty
    required_user is empty
    timeout = 300
===> lib/msun/ceil_test:floorf_inf_neg
Result: passed
Duration: 0.048s

Metadata:
    allowed_architectures is empty
    allowed_platforms is empty
    description = Test floorf(-Inf) == -Inf
    has_cleanup = false
    required_configs is empty
    required_disk_space = 0
    required_files is empty
    required_memory = 0
    required_programs is empty
    required_user is empty
    timeout = 300
===> lib/msun/ceil_test:floorf_inf_pos
Result: passed
Duration: 0.090s

Metadata:
    allowed_architectures is empty
    allowed_platforms is empty
    description = Test floorf(+Inf) == +Inf
    has_cleanup = false
    required_configs is empty
    required_disk_space = 0
    required_files is empty
    required_memory = 0
    required_programs is empty
    required_user is empty
    timeout = 300
===> lib/msun/ceil_test:floorf_nan
Result: passed
Duration: 0.097s

Metadata:
    allowed_architectures is empty
    allowed_platforms is empty
    description = Test floorf(NaN) == NaN
    has_cleanup = false
    required_configs is empty
    required_disk_space = 0
    required_files is empty
    required_memory = 0
    required_programs is empty
    required_user is empty
    timeout = 300
===> lib/msun/ceil_test:floorf_zero_neg
Result: passed
Duration: 0.109s

Metadata:
    allowed_architectures is empty
    allowed_platforms is empty
    description = Test floorf(-0.0) == -0.0
    has_cleanup = false
    required_configs is empty
    required_disk_space = 0
    required_files is empty
    required_memory = 0
    required_programs is empty
    required_user is empty
    timeout = 300
===> lib/msun/ceil_test:floorf_zero_pos
Result: passed
Duration: 0.218s

Metadata:
    allowed_architectures is empty
    allowed_platforms is empty
    description = Test floorf(+0.0) == +0.0
    has_cleanup = false
    required_configs is empty
    required_disk_space = 0
    required_files is empty
    required_memory = 0
    required_programs is empty
    required_user is empty
    timeout = 300
===> lib/msun/ceil_test:floorl_basic
Result: passed
Duration: 0.141s

Metadata:
    allowed_architectures is empty
    allowed_platforms is empty
    description = A basic test of floorl(3)
    has_cleanup = false
    required_configs is empty
    required_disk_space = 0
    required_files is empty
    required_memory = 0
    required_programs is empty
    required_user is empty
    timeout = 300
===> lib/msun/ceil_test:floorl_inf_neg
Result: passed
Duration: 0.059s

Metadata:
    allowed_architectures is empty
    allowed_platforms is empty
    description = Test floorl(-Inf) == -Inf
    has_cleanup = false
    required_configs is empty
    required_disk_space = 0
    required_files is empty
    required_memory = 0
    required_programs is empty
    required_user is empty
    timeout = 300
===> lib/msun/ceil_test:floorl_inf_pos
Result: passed
Duration: 0.083s

Metadata:
    allowed_architectures is empty
    allowed_platforms is empty
    description = Test floorl(+Inf) == +Inf
    has_cleanup = false
    required_configs is empty
    required_disk_space = 0
    required_files is empty
    required_memory = 0
    required_programs is empty
    required_user is empty
    timeout = 300
===> lib/msun/ceil_test:floorl_nan
Result: passed
Duration: 0.331s

Metadata:
    allowed_architectures is empty
    allowed_platforms is empty
    description = Test floorl(NaN) == NaN
    has_cleanup = false
    required_configs is empty
    required_disk_space = 0
    required_files is empty
    required_memory = 0
    required_programs is empty
    required_user is empty
    timeout = 300
===> lib/msun/ceil_test:floorl_zero_neg
Result: passed
Duration: 0.433s

Metadata:
    allowed_architectures is empty
    allowed_platforms is empty
    description = Test floorl(-0.0) == -0.0
    has_cleanup = false
    required_configs is empty
    required_disk_space = 0
    required_files is empty
    required_memory = 0
    required_programs is empty
    required_user is empty
    timeout = 300
===> lib/msun/ceil_test:floorl_zero_pos
Result: passed
Duration: 0.136s

Metadata:
    allowed_architectures is empty
    allowed_platforms is empty
    description = Test floorl(+0.0) == +0.0
    has_cleanup = false
    required_configs is empty
    required_disk_space = 0
    required_files is empty
    required_memory = 0
    required_programs is empty
    required_user is empty
    timeout = 300
===> lib/msun/ceil_test:trunc_basic
Result: passed
Duration: 0.217s

Metadata:
    allowed_architectures is empty
    allowed_platforms is empty
    description = A basic test of trunc(3)
    has_cleanup = false
    required_configs is empty
    required_disk_space = 0
    required_files is empty
    required_memory = 0
    required_programs is empty
    required_user is empty
    timeout = 300
===> lib/msun/ceil_test:trunc_inf_neg
Result: passed
Duration: 0.153s

Metadata:
    allowed_architectures is empty
    allowed_platforms is empty
    description = Test trunc(-Inf) == -Inf
    has_cleanup = false
    required_configs is empty
    required_disk_space = 0
    required_files is empty
    required_memory = 0
    required_programs is empty
    required_user is empty
    timeout = 300
===> lib/msun/ceil_test:trunc_inf_pos
Result: passed
Duration: 0.689s

Metadata:
    allowed_architectures is empty
    allowed_platforms is empty
    description = Test trunc(+Inf) == +Inf
    has_cleanup = false
    required_configs is empty
    required_disk_space = 0
    required_files is empty
    required_memory = 0
    required_programs is empty
    required_user is empty
    timeout = 300
===> lib/msun/ceil_test:trunc_nan
Result: passed
Duration: 0.080s

Metadata:
    allowed_architectures is empty
    allowed_platforms is empty
    description = Test trunc(NaN) == NaN
    has_cleanup = false
    required_configs is empty
    required_disk_space = 0
    required_files is empty
    required_memory = 0
    required_programs is empty
    required_user is empty
    timeout = 300
===> lib/msun/ceil_test:trunc_zero_neg
Result: passed
Duration: 0.122s

Metadata:
    allowed_architectures is empty
    allowed_platforms is empty
    description = Test trunc(-0.0) == -0.0
    has_cleanup = false
    required_configs is empty
    required_disk_space = 0
    required_files is empty
    required_memory = 0
    required_programs is empty
    required_user is empty
    timeout = 300
===> lib/msun/ceil_test:trunc_zero_pos
Result: passed
Duration: 0.116s

Metadata:
    allowed_architectures is empty
    allowed_platforms is empty
    description = Test trunc(+0.0) == +0.0
    has_cleanup = false
    required_configs is empty
    required_disk_space = 0
    required_files is empty
    required_memory = 0
    required_programs is empty
    required_user is empty
    timeout = 300
===> lib/msun/ceil_test:truncf_basic
Result: passed
Duration: 0.069s

Metadata:
    allowed_architectures is empty
    allowed_platforms is empty
    description = A basic test of truncf(3)
    has_cleanup = false
    required_configs is empty
    required_disk_space = 0
    required_files is empty
    required_memory = 0
    required_programs is empty
    required_user is empty
    timeout = 300
===> lib/msun/ceil_test:truncf_inf_neg
Result: passed
Duration: 0.111s

Metadata:
    allowed_architectures is empty
    allowed_platforms is empty
    description = Test truncf(-Inf) == -Inf
    has_cleanup = false
    required_configs is empty
    required_disk_space = 0
    required_files is empty
    required_memory = 0
    required_programs is empty
    required_user is empty
    timeout = 300
===> lib/msun/ceil_test:truncf_inf_pos
Result: passed
Duration: 0.050s

Metadata:
    allowed_architectures is empty
    allowed_platforms is empty
    description = Test truncf(+Inf) == +Inf
    has_cleanup = false
    required_configs is empty
    required_disk_space = 0
    required_files is empty
    required_memory = 0
    required_programs is empty
    required_user is empty
    timeout = 300
===> lib/msun/ceil_test:truncf_nan
Result: passed
Duration: 0.126s

Metadata:
    allowed_architectures is empty
    allowed_platforms is empty
    description = Test truncf(NaN) == NaN
    has_cleanup = false
    required_configs is empty
    required_disk_space = 0
    required_files is empty
    required_memory = 0
    required_programs is empty
    required_user is empty
    timeout = 300
===> lib/msun/ceil_test:truncf_zero_neg
Result: passed
Duration: 0.103s

Metadata:
    allowed_architectures is empty
    allowed_platforms is empty
    description = Test truncf(-0.0) == -0.0
    has_cleanup = false
    required_configs is empty
    required_disk_space = 0
    required_files is empty
    required_memory = 0
    required_programs is empty
    required_user is empty
    timeout = 300
===> lib/msun/ceil_test:truncf_zero_pos
Result: passed
Duration: 0.161s

Metadata:
    allowed_architectures is empty
    allowed_platforms is empty
    description = Test truncf(+0.0) == +0.0
    has_cleanup = false
    required_configs is empty
    required_disk_space = 0
    required_files is empty
    required_memory = 0
    required_programs is empty
    required_user is empty
    timeout = 300
===> lib/msun/ceil_test:truncl_basic
Result: passed
Duration: 0.146s

Metadata:
    allowed_architectures is empty
    allowed_platforms is empty
    description = A basic test of truncl(3)
    has_cleanup = false
    required_configs is empty
    required_disk_space = 0
    required_files is empty
    required_memory = 0
    required_programs is empty
    required_user is empty
    timeout = 300
===> lib/msun/ceil_test:truncl_inf_neg
Result: passed
Duration: 0.345s

Metadata:
    allowed_architectures is empty
    allowed_platforms is empty
    description = Test truncl(-Inf) == -Inf
    has_cleanup = false
    required_configs is empty
    required_disk_space = 0
    required_files is empty
    required_memory = 0
    required_programs is empty
    required_user is empty
    timeout = 300
===> lib/msun/ceil_test:truncl_inf_pos
Result: passed
Duration: 0.157s

Metadata:
    allowed_architectures is empty
    allowed_platforms is empty
    description = Test truncl(+Inf) == +Inf
    has_cleanup = false
    required_configs is empty
    required_disk_space = 0
    required_files is empty
    required_memory = 0
    required_programs is empty
    required_user is empty
    timeout = 300
===> lib/msun/ceil_test:truncl_nan
Result: passed
Duration: 0.138s

Metadata:
    allowed_architectures is empty
    allowed_platforms is empty
    description = Test truncl(NaN) == NaN
    has_cleanup = false
    required_configs is empty
    required_disk_space = 0
    required_files is empty
    required_memory = 0
    required_programs is empty
    required_user is empty
    timeout = 300
===> lib/msun/ceil_test:truncl_zero_neg
Result: passed
Duration: 0.107s

Metadata:
    allowed_architectures is empty
    allowed_platforms is empty
    description = Test truncl(-0.0) == -0.0
    has_cleanup = false
    required_configs is empty
    required_disk_space = 0
    required_files is empty
    required_memory = 0
    required_programs is empty
    required_user is empty
    timeout = 300
===> lib/msun/ceil_test:truncl_zero_pos
Result: passed
Duration: 0.126s

Metadata:
    allowed_architectures is empty
    allowed_platforms is empty
    description = Test truncl(+0.0) == +0.0
    has_cleanup = false
    required_configs is empty
    required_disk_space = 0
    required_files is empty
    required_memory = 0
    required_programs is empty
    required_user is empty
    timeout = 300
===> lib/msun/cos_test:cos_angles
Result: passed
Duration: 0.107s

Metadata:
    allowed_architectures is empty
    allowed_platforms is empty
    description = Test some selected angles
    has_cleanup = false
    required_configs is empty
    required_disk_space = 0
    required_files is empty
    required_memory = 0
    required_programs is empty
    required_user is empty
    timeout = 300
===> lib/msun/cos_test:cos_inf_neg
Result: passed
Duration: 0.144s

Metadata:
    allowed_architectures is empty
    allowed_platforms is empty
    description = Test cos(-Inf) == NaN
    has_cleanup = false
    required_configs is empty
    required_disk_space = 0
    required_files is empty
    required_memory = 0
    required_programs is empty
    required_user is empty
    timeout = 300
===> lib/msun/cos_test:cos_inf_pos
Result: passed
Duration: 0.082s

Metadata:
    allowed_architectures is empty
    allowed_platforms is empty
    description = Test cos(+Inf) == NaN
    has_cleanup = false
    required_configs is empty
    required_disk_space = 0
    required_files is empty
    required_memory = 0
    required_programs is empty
    required_user is empty
    timeout = 300
===> lib/msun/cos_test:cos_nan
Result: passed
Duration: 0.127s

Metadata:
    allowed_architectures is empty
    allowed_platforms is empty
    description = Test cos(NaN) == NaN
    has_cleanup = false
    required_configs is empty
    required_disk_space = 0
    required_files is empty
    required_memory = 0
    required_programs is empty
    required_user is empty
    timeout = 300
===> lib/msun/cos_test:cos_zero_neg
Result: passed
Duration: 0.086s

Metadata:
    allowed_architectures is empty
    allowed_platforms is empty
    description = Test cos(-0.0) == 1.0
    has_cleanup = false
    required_configs is empty
    required_disk_space = 0
    required_files is empty
    required_memory = 0
    required_programs is empty
    required_user is empty
    timeout = 300
===> lib/msun/cos_test:cos_zero_pos
Result: passed
Duration: 0.094s

Metadata:
    allowed_architectures is empty
    allowed_platforms is empty
    description = Test cos(+0.0) == 1.0
    has_cleanup = false
    required_configs is empty
    required_disk_space = 0
    required_files is empty
    required_memory = 0
    required_programs is empty
    required_user is empty
    timeout = 300
===> lib/msun/cos_test:cosf_angles
Result: passed
Duration: 0.217s

Metadata:
    allowed_architectures is empty
    allowed_platforms is empty
    description = Test some selected angles
    has_cleanup = false
    required_configs is empty
    required_disk_space = 0
    required_files is empty
    required_memory = 0
    required_programs is empty
    required_user is empty
    timeout = 300
===> lib/msun/cos_test:cosf_inf_neg
Result: passed
Duration: 0.062s

Metadata:
    allowed_architectures is empty
    allowed_platforms is empty
    description = Test cosf(-Inf) == NaN
    has_cleanup = false
    required_configs is empty
    required_disk_space = 0
    required_files is empty
    required_memory = 0
    required_programs is empty
    required_user is empty
    timeout = 300
===> lib/msun/cos_test:cosf_inf_pos
Result: passed
Duration: 0.099s

Metadata:
    allowed_architectures is empty
    allowed_platforms is empty
    description = Test cosf(+Inf) == NaN
    has_cleanup = false
    required_configs is empty
    required_disk_space = 0
    required_files is empty
    required_memory = 0
    required_programs is empty
    required_user is empty
    timeout = 300
===> lib/msun/cos_test:cosf_nan
Result: passed
Duration: 0.122s

Metadata:
    allowed_architectures is empty
    allowed_platforms is empty
    description = Test cosf(NaN) == NaN
    has_cleanup = false
    required_configs is empty
    required_disk_space = 0
    required_files is empty
    required_memory = 0
    required_programs is empty
    required_user is empty
    timeout = 300
===> lib/msun/cos_test:cosf_zero_neg
Result: passed
Duration: 0.298s

Metadata:
    allowed_architectures is empty
    allowed_platforms is empty
    description = Test cosf(-0.0) == 1.0
    has_cleanup = false
    required_configs is empty
    required_disk_space = 0
    required_files is empty
    required_memory = 0
    required_programs is empty
    required_user is empty
    timeout = 300
===> lib/msun/cos_test:cosf_zero_pos
Result: passed
Duration: 0.330s

Metadata:
    allowed_architectures is empty
    allowed_platforms is empty
    description = Test cosf(+0.0) == 1.0
    has_cleanup = false
    required_configs is empty
    required_disk_space = 0
    required_files is empty
    required_memory = 0
    required_programs is empty
    required_user is empty
    timeout = 300
===> lib/msun/cosh_test:cosh_inf_neg
Result: passed
Duration: 0.405s

Metadata:
    allowed_architectures is empty
    allowed_platforms is empty
    description = Test cosh(-Inf) == +Inf
    has_cleanup = false
    required_configs is empty
    required_disk_space = 0
    required_files is empty
    required_memory = 0
    required_programs is empty
    required_user is empty
    timeout = 300
===> lib/msun/cosh_test:cosh_inf_pos
Result: passed
Duration: 0.589s

Metadata:
    allowed_architectures is empty
    allowed_platforms is empty
    description = Test cosh(+Inf) == +Inf
    has_cleanup = false
    required_configs is empty
    required_disk_space = 0
    required_files is empty
    required_memory = 0
    required_programs is empty
    required_user is empty
    timeout = 300
===> lib/msun/cosh_test:cosh_inrange
Result: passed
Duration: 0.191s

Metadata:
    allowed_architectures is empty
    allowed_platforms is empty
    description = cosh(x) for some values
    has_cleanup = false
    required_configs is empty
    required_disk_space = 0
    required_files is empty
    required_memory = 0
    required_programs is empty
    required_user is empty
    timeout = 300
===> lib/msun/cosh_test:cosh_nan
Result: passed
Duration: 0.168s

Metadata:
    allowed_architectures is empty
    allowed_platforms is empty
    description = Test cosh(NaN) == NaN
    has_cleanup = false
    required_configs is empty
    required_disk_space = 0
    required_files is empty
    required_memory = 0
    required_programs is empty
    required_user is empty
    timeout = 300
===> lib/msun/cosh_test:cosh_zero_neg
Result: passed
Duration: 0.136s

Metadata:
    allowed_architectures is empty
    allowed_platforms is empty
    description = Test cosh(-0.0) == 1.0
    has_cleanup = false
    required_configs is empty
    required_disk_space = 0
    required_files is empty
    required_memory = 0
    required_programs is empty
    required_user is empty
    timeout = 300
===> lib/msun/cosh_test:cosh_zero_pos
Result: passed
Duration: 0.068s

Metadata:
    allowed_architectures is empty
    allowed_platforms is empty
    description = Test cosh(+0.0) == 1.0
    has_cleanup = false
    required_configs is empty
    required_disk_space = 0
    required_files is empty
    required_memory = 0
    required_programs is empty
    required_user is empty
    timeout = 300
===> lib/msun/cosh_test:coshf_inf_neg
Result: passed
Duration: 0.103s

Metadata:
    allowed_architectures is empty
    allowed_platforms is empty
    description = Test coshf(-Inf) == +Inf
    has_cleanup = false
    required_configs is empty
    required_disk_space = 0
    required_files is empty
    required_memory = 0
    required_programs is empty
    required_user is empty
    timeout = 300
===> lib/msun/cosh_test:coshf_inf_pos
Result: passed
Duration: 0.038s

Metadata:
    allowed_architectures is empty
    allowed_platforms is empty
    description = Test coshf(+Inf) == +Inf
    has_cleanup = false
    required_configs is empty
    required_disk_space = 0
    required_files is empty
    required_memory = 0
    required_programs is empty
    required_user is empty
    timeout = 300
===> lib/msun/cosh_test:coshf_inrange
Result: passed
Duration: 0.015s

Metadata:
    allowed_architectures is empty
    allowed_platforms is empty
    description = coshf(x) for some values
    has_cleanup = false
    required_configs is empty
    required_disk_space = 0
    required_files is empty
    required_memory = 0
    required_programs is empty
    required_user is empty
    timeout = 300
===> lib/msun/cosh_test:coshf_nan
Result: passed
Duration: 0.014s

Metadata:
    allowed_architectures is empty
    allowed_platforms is empty
    description = Test coshf(NaN) == NaN
    has_cleanup = false
    required_configs is empty
    required_disk_space = 0
    required_files is empty
    required_memory = 0
    required_programs is empty
    required_user is empty
    timeout = 300
===> lib/msun/cosh_test:coshf_zero_neg
Result: passed
Duration: 0.015s

Metadata:
    allowed_architectures is empty
    allowed_platforms is empty
    description = Test coshf(-0.0) == 1.0
    has_cleanup = false
    required_configs is empty
    required_disk_space = 0
    required_files is empty
    required_memory = 0
    required_programs is empty
    required_user is empty
    timeout = 300
===> lib/msun/cosh_test:coshf_zero_pos
Result: passed
Duration: 0.015s

Metadata:
    allowed_architectures is empty
    allowed_platforms is empty
    description = Test coshf(+0.0) == 1.0
    has_cleanup = false
    required_configs is empty
    required_disk_space = 0
    required_files is empty
    required_memory = 0
    required_programs is empty
    required_user is empty
    timeout = 300
===> lib/msun/erf_test:erf_inf_neg
Result: passed
Duration: 0.015s

Metadata:
    allowed_architectures is empty
    allowed_platforms is empty
    description = Test erf(-Inf) == -1.0
    has_cleanup = false
    required_configs is empty
    required_disk_space = 0
    required_files is empty
    required_memory = 0
    required_programs is empty
    required_user is empty
    timeout = 300
===> lib/msun/erf_test:erf_inf_pos
Result: passed
Duration: 0.014s

Metadata:
    allowed_architectures is empty
    allowed_platforms is empty
    description = Test erf(+Inf) == 1.0
    has_cleanup = false
    required_configs is empty
    required_disk_space = 0
    required_files is empty
    required_memory = 0
    required_programs is empty
    required_user is empty
    timeout = 300
===> lib/msun/erf_test:erf_nan
Result: passed
Duration: 0.015s

Metadata:
    allowed_architectures is empty
    allowed_platforms is empty
    description = Test erf(NaN) == NaN
    has_cleanup = false
    required_configs is empty
    required_disk_space = 0
    required_files is empty
    required_memory = 0
    required_programs is empty
    required_user is empty
    timeout = 300
===> lib/msun/erf_test:erf_zero_neg
Result: passed
Duration: 0.015s

Metadata:
    allowed_architectures is empty
    allowed_platforms is empty
    description = Test erf(-0.0) == -0.0
    has_cleanup = false
    required_configs is empty
    required_disk_space = 0
    required_files is empty
    required_memory = 0
    required_programs is empty
    required_user is empty
    timeout = 300
===> lib/msun/erf_test:erf_zero_pos
Result: passed
Duration: 0.015s

Metadata:
    allowed_architectures is empty
    allowed_platforms is empty
    description = Test erf(+0.0) == +0.0
    has_cleanup = false
    required_configs is empty
    required_disk_space = 0
    required_files is empty
    required_memory = 0
    required_programs is empty
    required_user is empty
    timeout = 300
===> lib/msun/erf_test:erfc_inf_neg
Result: passed
Duration: 0.014s

Metadata:
    allowed_architectures is empty
    allowed_platforms is empty
    description = Test erfc(-Inf) == 2.0
    has_cleanup = false
    required_configs is empty
    required_disk_space = 0
    required_files is empty
    required_memory = 0
    required_programs is empty
    required_user is empty
    timeout = 300
===> lib/msun/erf_test:erfc_inf_pos
Result: passed
Duration: 0.015s

Metadata:
    allowed_architectures is empty
    allowed_platforms is empty
    description = Test erfc(+Inf) == +0.0
    has_cleanup = false
    required_configs is empty
    required_disk_space = 0
    required_files is empty
    required_memory = 0
    required_programs is empty
    required_user is empty
    timeout = 300
===> lib/msun/erf_test:erfc_nan
Result: passed
Duration: 0.033s

Metadata:
    allowed_architectures is empty
    allowed_platforms is empty
    description = Test erfc(NaN) == NaN
    has_cleanup = false
    required_configs is empty
    required_disk_space = 0
    required_files is empty
    required_memory = 0
    required_programs is empty
    required_user is empty
    timeout = 300
===> lib/msun/erf_test:erfcf_inf_neg
Result: passed
Duration: 0.015s

Metadata:
    allowed_architectures is empty
    allowed_platforms is empty
    description = Test erfcf(-Inf) == 2.0
    has_cleanup = false
    required_configs is empty
    required_disk_space = 0
    required_files is empty
    required_memory = 0
    required_programs is empty
    required_user is empty
    timeout = 300
===> lib/msun/erf_test:erfcf_inf_pos
Result: passed
Duration: 0.015s

Metadata:
    allowed_architectures is empty
    allowed_platforms is empty
    description = Test erfcf(+Inf) == +0.0
    has_cleanup = false
    required_configs is empty
    required_disk_space = 0
    required_files is empty
    required_memory = 0
    required_programs is empty
    required_user is empty
    timeout = 300
===> lib/msun/erf_test:erfcf_nan
Result: passed
Duration: 0.014s

Metadata:
    allowed_architectures is empty
    allowed_platforms is empty
    description = Test erfcf(NaN) == NaN
    has_cleanup = false
    required_configs is empty
    required_disk_space = 0
    required_files is empty
    required_memory = 0
    required_programs is empty
    required_user is empty
    timeout = 300
===> lib/msun/erf_test:erff_inf_neg
Result: passed
Duration: 0.013s

Metadata:
    allowed_architectures is empty
    allowed_platforms is empty
    description = Test erff(-Inf) == -1.0
    has_cleanup = false
    required_configs is empty
    required_disk_space = 0
    required_files is empty
    required_memory = 0
    required_programs is empty
    required_user is empty
    timeout = 300
===> lib/msun/erf_test:erff_inf_pos
Result: passed
Duration: 0.014s

Metadata:
    allowed_architectures is empty
    allowed_platforms is empty
    description = Test erff(+Inf) == 1.0
    has_cleanup = false
    required_configs is empty
    required_disk_space = 0
    required_files is empty
    required_memory = 0
    required_programs is empty
    required_user is empty
    timeout = 300
===> lib/msun/erf_test:erff_nan
Result: passed
Duration: 0.014s

Metadata:
    allowed_architectures is empty
    allowed_platforms is empty
    description = Test erff(NaN) == NaN
    has_cleanup = false
    required_configs is empty
    required_disk_space = 0
    required_files is empty
    required_memory = 0
    required_programs is empty
    required_user is empty
    timeout = 300
===> lib/msun/erf_test:erff_zero_neg
Result: passed
Duration: 0.015s

Metadata:
    allowed_architectures is empty
    allowed_platforms is empty
    description = Test erff(-0.0) == -0.0
    has_cleanup = false
    required_configs is empty
    required_disk_space = 0
    required_files is empty
    required_memory = 0
    required_programs is empty
    required_user is empty
    timeout = 300
===> lib/msun/erf_test:erff_zero_pos
Result: passed
Duration: 0.015s

Metadata:
    allowed_architectures is empty
    allowed_platforms is empty
    description = Test erff(+0.0) == +0.0
    has_cleanup = false
    required_configs is empty
    required_disk_space = 0
    required_files is empty
    required_memory = 0
    required_programs is empty
    required_user is empty
    timeout = 300
===> lib/msun/exp_test:exp2_is_nan
Result: passed
Duration: 0.015s

Metadata:
    allowed_architectures is empty
    allowed_platforms is empty
    description = Test exp2(x) == NaN
    has_cleanup = false
    required_configs is empty
    required_disk_space = 0
    required_files is empty
    required_memory = 0
    required_programs is empty
    required_user is empty
    timeout = 300
===> lib/msun/exp_test:exp2_is_plus_zero
Result: passed
Duration: 0.015s

Metadata:
    allowed_architectures is empty
    allowed_platforms is empty
    description = Test exp2(x) == +0.0
    has_cleanup = false
    required_configs is empty
    required_disk_space = 0
    required_files is empty
    required_memory = 0
    required_programs is empty
    required_user is empty
    timeout = 300
===> lib/msun/exp_test:exp2_powers
Result: passed
Duration: 0.015s

Metadata:
    allowed_architectures is empty
    allowed_platforms is empty
    description = Test exp2(x) is correct for some integer x
    has_cleanup = false
    required_configs is empty
    required_disk_space = 0
    required_files is empty
    required_memory = 0
    required_programs is empty
    required_user is empty
    timeout = 300
===> lib/msun/exp_test:exp2_values
Result: expected_failure: Some of the cases produce failures on FreeBSD due to the error epsilon being so small: 2 checks failed as expected; see output for more details
Duration: 0.016s

Metadata:
    allowed_architectures is empty
    allowed_platforms is empty
    description = Test exp2(x) is correct for some x
    has_cleanup = false
    required_configs is empty
    required_disk_space = 0
    required_files is empty
    required_memory = 0
    required_programs is empty
    required_user is empty
    timeout = 300

Standard error:
*** Expected check failure: Some of the cases produce failures on FreeBSD due to the error epsilon being so small: subtest 9: exp2f(7.7) is 207.937 (0x1.9fdf8800000000p+7) not 207.937 (0x1.9fdf8bcce533ep+7), error 2.89945e-05 (0x1.e6729ap-16) > 2.28882e-05
*** Expected check failure: Some of the cases produce failures on FreeBSD due to the error epsilon being so small: subtest 10: exp2f(8.8) is 445.722 (0x1.bdb8d200000000p+8) not 445.722 (0x1.bdb8cdadbe124p+8), error 6.59381e-05 (0x1.14907bp-14) > 4.57764e-05
===> lib/msun/exp_test:exp_inf_neg
Result: passed
Duration: 0.363s

Metadata:
    allowed_architectures is empty
    allowed_platforms is empty
    description = Test exp(-Inf) == +0.0
    has_cleanup = false
    required_configs is empty
    required_disk_space = 0
    required_files is empty
    required_memory = 0
    required_programs is empty
    required_user is empty
    timeout = 300
===> lib/msun/exp_test:exp_inf_pos
Result: passed
Duration: 0.163s

Metadata:
    allowed_architectures is empty
    allowed_platforms is empty
    description = Test exp(+Inf) == +Inf
    has_cleanup = false
    required_configs is empty
    required_disk_space = 0
    required_files is empty
    required_memory = 0
    required_programs is empty
    required_user is empty
    timeout = 300
===> lib/msun/exp_test:exp_nan
Result: passed
Duration: 0.203s

Metadata:
    allowed_architectures is empty
    allowed_platforms is empty
    description = Test exp(NaN) == NaN
    has_cleanup = false
    required_configs is empty
    required_disk_space = 0
    required_files is empty
    required_memory = 0
    required_programs is empty
    required_user is empty
    timeout = 300
===> lib/msun/exp_test:exp_product
Result: passed
Duration: 0.142s

Metadata:
    allowed_architectures is empty
    allowed_platforms is empty
    description = Test some selected exp(x)
    has_cleanup = false
    required_configs is empty
    required_disk_space = 0
    required_files is empty
    required_memory = 0
    required_programs is empty
    required_user is empty
    timeout = 300
===> lib/msun/exp_test:exp_zero_neg
Result: passed
Duration: 0.220s

Metadata:
    allowed_architectures is empty
    allowed_platforms is empty
    description = Test exp(-0.0) == 1.0
    has_cleanup = false
    required_configs is empty
    required_disk_space = 0
    required_files is empty
    required_memory = 0
    required_programs is empty
    required_user is empty
    timeout = 300
===> lib/msun/exp_test:exp_zero_pos
Result: passed
Duration: 0.232s

Metadata:
    allowed_architectures is empty
    allowed_platforms is empty
    description = Test exp(+0.0) == 1.0
    has_cleanup = false
    required_configs is empty
    required_disk_space = 0
    required_files is empty
    required_memory = 0
    required_programs is empty
    required_user is empty
    timeout = 300
===> lib/msun/exp_test:expf_inf_neg
Result: passed
Duration: 0.206s

Metadata:
    allowed_architectures is empty
    allowed_platforms is empty
    description = Test expf(-Inf) == +0.0
    has_cleanup = false
    required_configs is empty
    required_disk_space = 0
    required_files is empty
    required_memory = 0
    required_programs is empty
    required_user is empty
    timeout = 300
===> lib/msun/exp_test:expf_inf_pos
Result: passed
Duration: 0.100s

Metadata:
    allowed_architectures is empty
    allowed_platforms is empty
    description = Test expf(+Inf) == +Inf
    has_cleanup = false
    required_configs is empty
    required_disk_space = 0
    required_files is empty
    required_memory = 0
    required_programs is empty
    required_user is empty
    timeout = 300
===> lib/msun/exp_test:expf_nan
Result: passed
Duration: 0.122s

Metadata:
    allowed_architectures is empty
    allowed_platforms is empty
    description = Test expf(NaN) == NaN
    has_cleanup = false
    required_configs is empty
    required_disk_space = 0
    required_files is empty
    required_memory = 0
    required_programs is empty
    required_user is empty
    timeout = 300
===> lib/msun/exp_test:expf_product
Result: passed
Duration: 0.052s

Metadata:
    allowed_architectures is empty
    allowed_platforms is empty
    description = Test some selected expf(x)
    has_cleanup = false
    required_configs is empty
    required_disk_space = 0
    required_files is empty
    required_memory = 0
    required_programs is empty
    required_user is empty
    timeout = 300
===> lib/msun/exp_test:expf_zero_neg
Result: passed
Duration: 0.104s

Metadata:
    allowed_architectures is empty
    allowed_platforms is empty
    description = Test expf(-0.0) == 1.0
    has_cleanup = false
    required_configs is empty
    required_disk_space = 0
    required_files is empty
    required_memory = 0
    required_programs is empty
    required_user is empty
    timeout = 300
===> lib/msun/exp_test:expf_zero_pos
Result: passed
Duration: 0.135s

Metadata:
    allowed_architectures is empty
    allowed_platforms is empty
    description = Test expf(+0.0) == 1.0
    has_cleanup = false
    required_configs is empty
    required_disk_space = 0
    required_files is empty
    required_memory = 0
    required_programs is empty
    required_user is empty
    timeout = 300
===> lib/msun/exp_test:expm1_inf_neg
Result: passed
Duration: 0.068s

Metadata:
    allowed_architectures is empty
    allowed_platforms is empty
    description = Test expm1(-Inf) == -1
    has_cleanup = false
    required_configs is empty
    required_disk_space = 0
    required_files is empty
    required_memory = 0
    required_programs is empty
    required_user is empty
    timeout = 300
===> lib/msun/exp_test:expm1_inf_pos
Result: passed
Duration: 0.390s

Metadata:
    allowed_architectures is empty
    allowed_platforms is empty
    description = Test expm1(+Inf) == +Inf
    has_cleanup = false
    required_configs is empty
    required_disk_space = 0
    required_files is empty
    required_memory = 0
    required_programs is empty
    required_user is empty
    timeout = 300
===> lib/msun/exp_test:expm1_nan
Result: passed
Duration: 0.347s

Metadata:
    allowed_architectures is empty
    allowed_platforms is empty
    description = Test expm1(NaN) == NaN
    has_cleanup = false
    required_configs is empty
    required_disk_space = 0
    required_files is empty
    required_memory = 0
    required_programs is empty
    required_user is empty
    timeout = 300
===> lib/msun/exp_test:expm1_zero_neg
Result: passed
Duration: 0.210s

Metadata:
    allowed_architectures is empty
    allowed_platforms is empty
    description = Test expm1(-0.0) == -0.0
    has_cleanup = false
    required_configs is empty
    required_disk_space = 0
    required_files is empty
    required_memory = 0
    required_programs is empty
    required_user is empty
    timeout = 300
===> lib/msun/exp_test:expm1_zero_pos
Result: passed
Duration: 0.258s

Metadata:
    allowed_architectures is empty
    allowed_platforms is empty
    description = Test expm1(+0.0) == 1.0
    has_cleanup = false
    required_configs is empty
    required_disk_space = 0
    required_files is empty
    required_memory = 0
    required_programs is empty
    required_user is empty
    timeout = 300
===> lib/msun/exp_test:expm1f_inf_neg
Result: passed
Duration: 0.665s

Metadata:
    allowed_architectures is empty
    allowed_platforms is empty
    description = Test expm1f(-Inf) == -1
    has_cleanup = false
    required_configs is empty
    required_disk_space = 0
    required_files is empty
    required_memory = 0
    required_programs is empty
    required_user is empty
    timeout = 300
===> lib/msun/exp_test:expm1f_inf_pos
Result: passed
Duration: 0.158s

Metadata:
    allowed_architectures is empty
    allowed_platforms is empty
    description = Test expm1f(+Inf) == +Inf
    has_cleanup = false
    required_configs is empty
    required_disk_space = 0
    required_files is empty
    required_memory = 0
    required_programs is empty
    required_user is empty
    timeout = 300
===> lib/msun/exp_test:expm1f_nan
Result: passed
Duration: 0.128s

Metadata:
    allowed_architectures is empty
    allowed_platforms is empty
    description = Test expm1f(NaN) == NaN
    has_cleanup = false
    required_configs is empty
    required_disk_space = 0
    required_files is empty
    required_memory = 0
    required_programs is empty
    required_user is empty
    timeout = 300
===> lib/msun/exp_test:expm1f_zero_neg
Result: passed
Duration: 0.051s

Metadata:
    allowed_architectures is empty
    allowed_platforms is empty
    description = Test expm1f(-0.0) == -0.0
    has_cleanup = false
    required_configs is empty
    required_disk_space = 0
    required_files is empty
    required_memory = 0
    required_programs is empty
    required_user is empty
    timeout = 300
===> lib/msun/exp_test:expm1f_zero_pos
Result: passed
Duration: 0.043s

Metadata:
    allowed_architectures is empty
    allowed_platforms is empty
    description = Test expm1f(+0.0) == 1.0
    has_cleanup = false
    required_configs is empty
    required_disk_space = 0
    required_files is empty
    required_memory = 0
    required_programs is empty
    required_user is empty
    timeout = 300
===> lib/msun/fmod_test:fmod
Result: passed
Duration: 0.082s

Metadata:
    allowed_architectures is empty
    allowed_platforms is empty
    description = Check fmod family
    has_cleanup = false
    required_configs is empty
    required_disk_space = 0
    required_files is empty
    required_memory = 0
    required_programs is empty
    required_user is empty
    timeout = 300
===> lib/msun/infinity_test:infinity_double
Result: passed
Duration: 0.076s

Metadata:
    allowed_architectures is empty
    allowed_platforms is empty
    description = check FPU generated infinite double values
    has_cleanup = false
    required_configs is empty
    required_disk_space = 0
    required_files is empty
    required_memory = 0
    required_programs is empty
    required_user is empty
    timeout = 300
===> lib/msun/infinity_test:infinity_float
Result: passed
Duration: 0.087s

Metadata:
    allowed_architectures is empty
    allowed_platforms is empty
    description = check FPU generated infinite float values
    has_cleanup = false
    required_configs is empty
    required_disk_space = 0
    required_files is empty
    required_memory = 0
    required_programs is empty
    required_user is empty
    timeout = 300
===> lib/msun/infinity_test:infinity_long_double
Result: passed
Duration: 0.133s

Metadata:
    allowed_architectures is empty
    allowed_platforms is empty
    description = check FPU generated infinite long double values
    has_cleanup = false
    required_configs is empty
    required_disk_space = 0
    required_files is empty
    required_memory = 0
    required_programs is empty
    required_user is empty
    timeout = 300
===> lib/msun/ldexp_test:ldexp_basic
Result: passed
Duration: 0.140s

Metadata:
    allowed_architectures is empty
    allowed_platforms is empty
    description = Test ldexp(3) for basics
    has_cleanup = false
    required_configs is empty
    required_disk_space = 0
    required_files is empty
    required_memory = 0
    required_programs is empty
    required_user is empty
    timeout = 300
===> lib/msun/ldexp_test:ldexp_denormal
Result: passed
Duration: 0.357s

Metadata:
    allowed_architectures is empty
    allowed_platforms is empty
    description = Test ldexp(3) for denormal
    has_cleanup = false
    required_configs is empty
    required_disk_space = 0
    required_files is empty
    required_memory = 0
    required_programs is empty
    required_user is empty
    timeout = 300
===> lib/msun/ldexp_test:ldexp_denormal_large
Result: passed
Duration: 0.171s

Metadata:
    allowed_architectures is empty
    allowed_platforms is empty
    description = Test ldexp(3) for large
    has_cleanup = false
    required_configs is empty
    required_disk_space = 0
    required_files is empty
    required_memory = 0
    required_programs is empty
    required_user is empty
    timeout = 300
===> lib/msun/ldexp_test:ldexp_exp2
Result: passed
Duration: 0.147s

Metadata:
    allowed_architectures is empty
    allowed_platforms is empty
    description = Test ldexp(x, n) == x * exp2(n)
    has_cleanup = false
    required_configs is empty
    required_disk_space = 0
    required_files is empty
    required_memory = 0
    required_programs is empty
    required_user is empty
    timeout = 300
===> lib/msun/ldexp_test:ldexp_inf_neg
Result: passed
Duration: 0.254s

Metadata:
    allowed_architectures is empty
    allowed_platforms is empty
    description = Test ldexp(-Inf) == -Inf
    has_cleanup = false
    required_configs is empty
    required_disk_space = 0
    required_files is empty
    required_memory = 0
    required_programs is empty
    required_user is empty
    timeout = 300
===> lib/msun/ldexp_test:ldexp_inf_pos
Result: passed
Duration: 0.056s

Metadata:
    allowed_architectures is empty
    allowed_platforms is empty
    description = Test ldexp(+Inf) == +Inf
    has_cleanup = false
    required_configs is empty
    required_disk_space = 0
    required_files is empty
    required_memory = 0
    required_programs is empty
    required_user is empty
    timeout = 300
===> lib/msun/ldexp_test:ldexp_infinity
Result: passed
Duration: 0.087s

Metadata:
    allowed_architectures is empty
    allowed_platforms is empty
    description = Test ldexp(3) for infinity
    has_cleanup = false
    required_configs is empty
    required_disk_space = 0
    required_files is empty
    required_memory = 0
    required_programs is empty
    required_user is empty
    timeout = 300
===> lib/msun/ldexp_test:ldexp_nan
Result: passed
Duration: 0.061s

Metadata:
    allowed_architectures is empty
    allowed_platforms is empty
    description = Test ldexp(NaN) == NaN
    has_cleanup = false
    required_configs is empty
    required_disk_space = 0
    required_files is empty
    required_memory = 0
    required_programs is empty
    required_user is empty
    timeout = 300
===> lib/msun/ldexp_test:ldexp_overflow
Result: passed
Duration: 0.139s

Metadata:
    allowed_architectures is empty
    allowed_platforms is empty
    description = Test ldexp(3) for overflow
    has_cleanup = false
    required_configs is empty
    required_disk_space = 0
    required_files is empty
    required_memory = 0
    required_programs is empty
    required_user is empty
    timeout = 300
===> lib/msun/ldexp_test:ldexp_underflow
Result: passed
Duration: 0.139s

Metadata:
    allowed_architectures is empty
    allowed_platforms is empty
    description = Test ldexp(3) for underflow
    has_cleanup = false
    required_configs is empty
    required_disk_space = 0
    required_files is empty
    required_memory = 0
    required_programs is empty
    required_user is empty
    timeout = 300
===> lib/msun/ldexp_test:ldexp_zero
Result: passed
Duration: 0.080s

Metadata:
    allowed_architectures is empty
    allowed_platforms is empty
    description = Test ldexp(3) for zero
    has_cleanup = false
    required_configs is empty
    required_disk_space = 0
    required_files is empty
    required_memory = 0
    required_programs is empty
    required_user is empty
    timeout = 300
===> lib/msun/ldexp_test:ldexp_zero_neg
Result: passed
Duration: 0.059s

Metadata:
    allowed_architectures is empty
    allowed_platforms is empty
    description = Test ldexp(-0.0) == -0.0
    has_cleanup = false
    required_configs is empty
    required_disk_space = 0
    required_files is empty
    required_memory = 0
    required_programs is empty
    required_user is empty
    timeout = 300
===> lib/msun/ldexp_test:ldexp_zero_pos
Result: passed
Duration: 0.169s

Metadata:
    allowed_architectures is empty
    allowed_platforms is empty
    description = Test ldexp(+0.0) == +0.0
    has_cleanup = false
    required_configs is empty
    required_disk_space = 0
    required_files is empty
    required_memory = 0
    required_programs is empty
    required_user is empty
    timeout = 300
===> lib/msun/ldexp_test:ldexpf_exp2f
Result: passed
Duration: 0.211s

Metadata:
    allowed_architectures is empty
    allowed_platforms is empty
    description = Test ldexpf(x, n) == x * exp2f(n)
    has_cleanup = false
    required_configs is empty
    required_disk_space = 0
    required_files is empty
    required_memory = 0
    required_programs is empty
    required_user is empty
    timeout = 300
===> lib/msun/ldexp_test:ldexpf_inf_neg
Result: passed
Duration: 0.153s

Metadata:
    allowed_architectures is empty
    allowed_platforms is empty
    description = Test ldexpf(-Inf) == -Inf
    has_cleanup = false
    required_configs is empty
    required_disk_space = 0
    required_files is empty
    required_memory = 0
    required_programs is empty
    required_user is empty
    timeout = 300
===> lib/msun/ldexp_test:ldexpf_inf_pos
Result: passed
Duration: 0.357s

Metadata:
    allowed_architectures is empty
    allowed_platforms is empty
    description = Test ldexpf(+Inf) == +Inf
    has_cleanup = false
    required_configs is empty
    required_disk_space = 0
    required_files is empty
    required_memory = 0
    required_programs is empty
    required_user is empty
    timeout = 300
===> lib/msun/ldexp_test:ldexpf_nan
Result: passed
Duration: 0.495s

Metadata:
    allowed_architectures is empty
    allowed_platforms is empty
    description = Test ldexpf(NaN) == NaN
    has_cleanup = false
    required_configs is empty
    required_disk_space = 0
    required_files is empty
    required_memory = 0
    required_programs is empty
    required_user is empty
    timeout = 300
===> lib/msun/ldexp_test:ldexpf_zero_neg
Result: passed
Duration: 0.279s

Metadata:
    allowed_architectures is empty
    allowed_platforms is empty
    description = Test ldexpf(-0.0) == -0.0
    has_cleanup = false
    required_configs is empty
    required_disk_space = 0
    required_files is empty
    required_memory = 0
    required_programs is empty
    required_user is empty
    timeout = 300
===> lib/msun/ldexp_test:ldexpf_zero_pos
Result: passed
Duration: 0.099s

Metadata:
    allowed_architectures is empty
    allowed_platforms is empty
    description = Test ldexpf(+0.0) == +0.0
    has_cleanup = false
    required_configs is empty
    required_disk_space = 0
    required_files is empty
    required_memory = 0
    required_programs is empty
    required_user is empty
    timeout = 300
===> lib/msun/log_test:log10_base
Result: passed
Duration: 0.698s

Metadata:
    allowed_architectures is empty
    allowed_platforms is empty
    description = Test log10(10) == 1
    has_cleanup = false
    required_configs is empty
    required_disk_space = 0
    required_files is empty
    required_memory = 0
    required_programs is empty
    required_user is empty
    timeout = 300
===> lib/msun/log_test:log10_inf_neg
Result: passed
Duration: 0.106s

Metadata:
    allowed_architectures is empty
    allowed_platforms is empty
    description = Test log10(-Inf) == NaN
    has_cleanup = false
    required_configs is empty
    required_disk_space = 0
    required_files is empty
    required_memory = 0
    required_programs is empty
    required_user is empty
    timeout = 300
===> lib/msun/log_test:log10_inf_pos
Result: passed
Duration: 0.093s

Metadata:
    allowed_architectures is empty
    allowed_platforms is empty
    description = Test log10(+Inf) == +Inf
    has_cleanup = false
    required_configs is empty
    required_disk_space = 0
    required_files is empty
    required_memory = 0
    required_programs is empty
    required_user is empty
    timeout = 300
===> lib/msun/log_test:log10_nan
Result: passed
Duration: 0.121s

Metadata:
    allowed_architectures is empty
    allowed_platforms is empty
    description = Test log10(NaN) == NaN
    has_cleanup = false
    required_configs is empty
    required_disk_space = 0
    required_files is empty
    required_memory = 0
    required_programs is empty
    required_user is empty
    timeout = 300
===> lib/msun/log_test:log10_one_pos
Result: passed
Duration: 0.099s

Metadata:
    allowed_architectures is empty
    allowed_platforms is empty
    description = Test log10(1.0) == +0.0
    has_cleanup = false
    required_configs is empty
    required_disk_space = 0
    required_files is empty
    required_memory = 0
    required_programs is empty
    required_user is empty
    timeout = 300
===> lib/msun/log_test:log10_zero_neg
Result: passed
Duration: 0.039s

Metadata:
    allowed_architectures is empty
    allowed_platforms is empty
    description = Test log10(-0.0) == -HUGE_VAL
    has_cleanup = false
    required_configs is empty
    required_disk_space = 0
    required_files is empty
    required_memory = 0
    required_programs is empty
    required_user is empty
    timeout = 300
===> lib/msun/log_test:log10_zero_pos
Result: passed
Duration: 0.077s

Metadata:
    allowed_architectures is empty
    allowed_platforms is empty
    description = Test log10(+0.0) == -HUGE_VAL
    has_cleanup = false
    required_configs is empty
    required_disk_space = 0
    required_files is empty
    required_memory = 0
    required_programs is empty
    required_user is empty
    timeout = 300
===> lib/msun/log_test:log10f_base
Result: passed
Duration: 0.056s

Metadata:
    allowed_architectures is empty
    allowed_platforms is empty
    description = Test log10f(10) == 1
    has_cleanup = false
    required_configs is empty
    required_disk_space = 0
    required_files is empty
    required_memory = 0
    required_programs is empty
    required_user is empty
    timeout = 300
===> lib/msun/log_test:log10f_inf_neg
Result: passed
Duration: 0.121s

Metadata:
    allowed_architectures is empty
    allowed_platforms is empty
    description = Test log10f(-Inf) == NaN
    has_cleanup = false
    required_configs is empty
    required_disk_space = 0
    required_files is empty
    required_memory = 0
    required_programs is empty
    required_user is empty
    timeout = 300
===> lib/msun/log_test:log10f_inf_pos
Result: passed
Duration: 0.066s

Metadata:
    allowed_architectures is empty
    allowed_platforms is empty
    description = Test log10f(+Inf) == +Inf
    has_cleanup = false
    required_configs is empty
    required_disk_space = 0
    required_files is empty
    required_memory = 0
    required_programs is empty
    required_user is empty
    timeout = 300
===> lib/msun/log_test:log10f_nan
Result: passed
Duration: 0.038s

Metadata:
    allowed_architectures is empty
    allowed_platforms is empty
    description = Test log10f(NaN) == NaN
    has_cleanup = false
    required_configs is empty
    required_disk_space = 0
    required_files is empty
    required_memory = 0
    required_programs is empty
    required_user is empty
    timeout = 300
===> lib/msun/log_test:log10f_one_pos
Result: passed
Duration: 0.091s

Metadata:
    allowed_architectures is empty
    allowed_platforms is empty
    description = Test log10f(1.0) == +0.0
    has_cleanup = false
    required_configs is empty
    required_disk_space = 0
    required_files is empty
    required_memory = 0
    required_programs is empty
    required_user is empty
    timeout = 300
===> lib/msun/log_test:log10f_zero_neg
Result: passed
Duration: 0.272s

Metadata:
    allowed_architectures is empty
    allowed_platforms is empty
    description = Test log10f(-0.0) == -HUGE_VALF
    has_cleanup = false
    required_configs is empty
    required_disk_space = 0
    required_files is empty
    required_memory = 0
    required_programs is empty
    required_user is empty
    timeout = 300
===> lib/msun/log_test:log10f_zero_pos
Result: passed
Duration: 0.205s

Metadata:
    allowed_architectures is empty
    allowed_platforms is empty
    description = Test log10f(+0.0) == -HUGE_VALF
    has_cleanup = false
    required_configs is empty
    required_disk_space = 0
    required_files is empty
    required_memory = 0
    required_programs is empty
    required_user is empty
    timeout = 300
===> lib/msun/log_test:log1p_inf_neg
Result: passed
Duration: 0.152s

Metadata:
    allowed_architectures is empty
    allowed_platforms is empty
    description = Test log1p(-Inf) == NaN
    has_cleanup = false
    required_configs is empty
    required_disk_space = 0
    required_files is empty
    required_memory = 0
    required_programs is empty
    required_user is empty
    timeout = 300
===> lib/msun/log_test:log1p_inf_pos
Result: passed
Duration: 0.084s

Metadata:
    allowed_architectures is empty
    allowed_platforms is empty
    description = Test log1p(+Inf) == +Inf
    has_cleanup = false
    required_configs is empty
    required_disk_space = 0
    required_files is empty
    required_memory = 0
    required_programs is empty
    required_user is empty
    timeout = 300
===> lib/msun/log_test:log1p_nan
Result: passed
Duration: 0.180s

Metadata:
    allowed_architectures is empty
    allowed_platforms is empty
    description = Test log1p(NaN) == NaN
    has_cleanup = false
    required_configs is empty
    required_disk_space = 0
    required_files is empty
    required_memory = 0
    required_programs is empty
    required_user is empty
    timeout = 300
===> lib/msun/log_test:log1p_one_neg
Result: passed
Duration: 0.100s

Metadata:
    allowed_architectures is empty
    allowed_platforms is empty
    description = Test log1p(-1.0) == -HUGE_VAL
    has_cleanup = false
    required_configs is empty
    required_disk_space = 0
    required_files is empty
    required_memory = 0
    required_programs is empty
    required_user is empty
    timeout = 300
===> lib/msun/log_test:log1p_zero_neg
Result: passed
Duration: 0.111s

Metadata:
    allowed_architectures is empty
    allowed_platforms is empty
    description = Test log1p(-0.0) == -0.0
    has_cleanup = false
    required_configs is empty
    required_disk_space = 0
    required_files is empty
    required_memory = 0
    required_programs is empty
    required_user is empty
    timeout = 300
===> lib/msun/log_test:log1p_zero_pos
Result: passed
Duration: 0.133s

Metadata:
    allowed_architectures is empty
    allowed_platforms is empty
    description = Test log1p(+0.0) == +0.0
    has_cleanup = false
    required_configs is empty
    required_disk_space = 0
    required_files is empty
    required_memory = 0
    required_programs is empty
    required_user is empty
    timeout = 300
===> lib/msun/log_test:log1pf_inf_neg
Result: passed
Duration: 0.207s

Metadata:
    allowed_architectures is empty
    allowed_platforms is empty
    description = Test log1pf(-Inf) == NaN
    has_cleanup = false
    required_configs is empty
    required_disk_space = 0
    required_files is empty
    required_memory = 0
    required_programs is empty
    required_user is empty
    timeout = 300
===> lib/msun/log_test:log1pf_inf_pos
Result: passed
Duration: 0.096s

Metadata:
    allowed_architectures is empty
    allowed_platforms is empty
    description = Test log1pf(+Inf) == +Inf
    has_cleanup = false
    required_configs is empty
    required_disk_space = 0
    required_files is empty
    required_memory = 0
    required_programs is empty
    required_user is empty
    timeout = 300
===> lib/msun/log_test:log1pf_nan
Result: passed
Duration: 0.114s

Metadata:
    allowed_architectures is empty
    allowed_platforms is empty
    description = Test log1pf(NaN) == NaN
    has_cleanup = false
    required_configs is empty
    required_disk_space = 0
    required_files is empty
    required_memory = 0
    required_programs is empty
    required_user is empty
    timeout = 300
===> lib/msun/log_test:log1pf_one_neg
Result: passed
Duration: 0.105s

Metadata:
    allowed_architectures is empty
    allowed_platforms is empty
    description = Test log1pf(-1.0) == -HUGE_VALF
    has_cleanup = false
    required_configs is empty
    required_disk_space = 0
    required_files is empty
    required_memory = 0
    required_programs is empty
    required_user is empty
    timeout = 300
===> lib/msun/log_test:log1pf_zero_neg
Result: passed
Duration: 0.102s

Metadata:
    allowed_architectures is empty
    allowed_platforms is empty
    description = Test log1pf(-0.0) == -0.0
    has_cleanup = false
    required_configs is empty
    required_disk_space = 0
    required_files is empty
    required_memory = 0
    required_programs is empty
    required_user is empty
    timeout = 300
===> lib/msun/log_test:log1pf_zero_pos
Result: passed
Duration: 0.097s

Metadata:
    allowed_architectures is empty
    allowed_platforms is empty
    description = Test log1pf(+0.0) == +0.0
    has_cleanup = false
    required_configs is empty
    required_disk_space = 0
    required_files is empty
    required_memory = 0
    required_programs is empty
    required_user is empty
    timeout = 300
===> lib/msun/log_test:log2_base
Result: passed
Duration: 0.064s

Metadata:
    allowed_architectures is empty
    allowed_platforms is empty
    description = Test log2(2) == 1
    has_cleanup = false
    required_configs is empty
    required_disk_space = 0
    required_files is empty
    required_memory = 0
    required_programs is empty
    required_user is empty
    timeout = 300
===> lib/msun/log_test:log2_inf_neg
Result: passed
Duration: 0.049s

Metadata:
    allowed_architectures is empty
    allowed_platforms is empty
    description = Test log2(-Inf) == NaN
    has_cleanup = false
    required_configs is empty
    required_disk_space = 0
    required_files is empty
    required_memory = 0
    required_programs is empty
    required_user is empty
    timeout = 300
===> lib/msun/log_test:log2_inf_pos
Result: passed
Duration: 0.119s

Metadata:
    allowed_architectures is empty
    allowed_platforms is empty
    description = Test log2(+Inf) == +Inf
    has_cleanup = false
    required_configs is empty
    required_disk_space = 0
    required_files is empty
    required_memory = 0
    required_programs is empty
    required_user is empty
    timeout = 300
===> lib/msun/log_test:log2_nan
Result: passed
Duration: 0.271s

Metadata:
    allowed_architectures is empty
    allowed_platforms is empty
    description = Test log2(NaN) == NaN
    has_cleanup = false
    required_configs is empty
    required_disk_space = 0
    required_files is empty
    required_memory = 0
    required_programs is empty
    required_user is empty
    timeout = 300
===> lib/msun/log_test:log2_one_pos
Result: passed
Duration: 0.431s

Metadata:
    allowed_architectures is empty
    allowed_platforms is empty
    description = Test log2(1.0) == +0.0
    has_cleanup = false
    required_configs is empty
    required_disk_space = 0
    required_files is empty
    required_memory = 0
    required_programs is empty
    required_user is empty
    timeout = 300
===> lib/msun/log_test:log2_zero_neg
Result: passed
Duration: 0.241s

Metadata:
    allowed_architectures is empty
    allowed_platforms is empty
    description = Test log2(-0.0) == -HUGE_VAL
    has_cleanup = false
    required_configs is empty
    required_disk_space = 0
    required_files is empty
    required_memory = 0
    required_programs is empty
    required_user is empty
    timeout = 300
===> lib/msun/log_test:log2_zero_pos
Result: passed
Duration: 0.742s

Metadata:
    allowed_architectures is empty
    allowed_platforms is empty
    description = Test log2(+0.0) == -HUGE_VAL
    has_cleanup = false
    required_configs is empty
    required_disk_space = 0
    required_files is empty
    required_memory = 0
    required_programs is empty
    required_user is empty
    timeout = 300
===> lib/msun/log_test:log2f_base
Result: passed
Duration: 0.436s

Metadata:
    allowed_architectures is empty
    allowed_platforms is empty
    description = Test log2f(2) == 1
    has_cleanup = false
    required_configs is empty
    required_disk_space = 0
    required_files is empty
    required_memory = 0
    required_programs is empty
    required_user is empty
    timeout = 300
===> lib/msun/log_test:log2f_inf_neg
Result: passed
Duration: 0.123s

Metadata:
    allowed_architectures is empty
    allowed_platforms is empty
    description = Test log2f(-Inf) == NaN
    has_cleanup = false
    required_configs is empty
    required_disk_space = 0
    required_files is empty
    required_memory = 0
    required_programs is empty
    required_user is empty
    timeout = 300
===> lib/msun/log_test:log2f_inf_pos
Result: passed
Duration: 0.225s

Metadata:
    allowed_architectures is empty
    allowed_platforms is empty
    description = Test log2f(+Inf) == +Inf
    has_cleanup = false
    required_configs is empty
    required_disk_space = 0
    required_files is empty
    required_memory = 0
    required_programs is empty
    required_user is empty
    timeout = 300
===> lib/msun/log_test:log2f_nan
Result: passed
Duration: 0.104s

Metadata:
    allowed_architectures is empty
    allowed_platforms is empty
    description = Test log2f(NaN) == NaN
    has_cleanup = false
    required_configs is empty
    required_disk_space = 0
    required_files is empty
    required_memory = 0
    required_programs is empty
    required_user is empty
    timeout = 300
===> lib/msun/log_test:log2f_one_pos
Result: passed
Duration: 0.105s

Metadata:
    allowed_architectures is empty
    allowed_platforms is empty
    description = Test log2f(1.0) == +0.0
    has_cleanup = false
    required_configs is empty
    required_disk_space = 0
    required_files is empty
    required_memory = 0
    required_programs is empty
    required_user is empty
    timeout = 300
===> lib/msun/log_test:log2f_zero_neg
Result: passed
Duration: 0.096s

Metadata:
    allowed_architectures is empty
    allowed_platforms is empty
    description = Test log2f(-0.0) == -HUGE_VALF
    has_cleanup = false
    required_configs is empty
    required_disk_space = 0
    required_files is empty
    required_memory = 0
    required_programs is empty
    required_user is empty
    timeout = 300
===> lib/msun/log_test:log2f_zero_pos
Result: passed
Duration: 0.242s

Metadata:
    allowed_architectures is empty
    allowed_platforms is empty
    description = Test log2f(+0.0) == -HUGE_VALF
    has_cleanup = false
    required_configs is empty
    required_disk_space = 0
    required_files is empty
    required_memory = 0
    required_programs is empty
    required_user is empty
    timeout = 300
===> lib/msun/log_test:log_base
Result: passed
Duration: 0.241s

Metadata:
    allowed_architectures is empty
    allowed_platforms is empty
    description = Test log(e) == 1
    has_cleanup = false
    required_configs is empty
    required_disk_space = 0
    required_files is empty
    required_memory = 0
    required_programs is empty
    required_user is empty
    timeout = 300
===> lib/msun/log_test:log_inf_neg
Result: passed
Duration: 0.199s

Metadata:
    allowed_architectures is empty
    allowed_platforms is empty
    description = Test log(-Inf) == NaN
    has_cleanup = false
    required_configs is empty
    required_disk_space = 0
    required_files is empty
    required_memory = 0
    required_programs is empty
    required_user is empty
    timeout = 300
===> lib/msun/log_test:log_inf_pos
Result: passed
Duration: 0.096s

Metadata:
    allowed_architectures is empty
    allowed_platforms is empty
    description = Test log(+Inf) == +Inf
    has_cleanup = false
    required_configs is empty
    required_disk_space = 0
    required_files is empty
    required_memory = 0
    required_programs is empty
    required_user is empty
    timeout = 300
===> lib/msun/log_test:log_nan
Result: passed
Duration: 0.127s

Metadata:
    allowed_architectures is empty
    allowed_platforms is empty
    description = Test log(NaN) == NaN
    has_cleanup = false
    required_configs is empty
    required_disk_space = 0
    required_files is empty
    required_memory = 0
    required_programs is empty
    required_user is empty
    timeout = 300
===> lib/msun/log_test:log_one_pos
Result: passed
Duration: 0.179s

Metadata:
    allowed_architectures is empty
    allowed_platforms is empty
    description = Test log(1.0) == +0.0
    has_cleanup = false
    required_configs is empty
    required_disk_space = 0
    required_files is empty
    required_memory = 0
    required_programs is empty
    required_user is empty
    timeout = 300
===> lib/msun/log_test:log_zero_neg
Result: passed
Duration: 0.127s

Metadata:
    allowed_architectures is empty
    allowed_platforms is empty
    description = Test log(-0.0) == -HUGE_VAL
    has_cleanup = false
    required_configs is empty
    required_disk_space = 0
    required_files is empty
    required_memory = 0
    required_programs is empty
    required_user is empty
    timeout = 300
===> lib/msun/log_test:log_zero_pos
Result: passed
Duration: 0.040s

Metadata:
    allowed_architectures is empty
    allowed_platforms is empty
    description = Test log(+0.0) == -HUGE_VAL
    has_cleanup = false
    required_configs is empty
    required_disk_space = 0
    required_files is empty
    required_memory = 0
    required_programs is empty
    required_user is empty
    timeout = 300
===> lib/msun/log_test:logf_base
Result: passed
Duration: 0.101s

Metadata:
    allowed_architectures is empty
    allowed_platforms is empty
    description = Test logf(e) == 1
    has_cleanup = false
    required_configs is empty
    required_disk_space = 0
    required_files is empty
    required_memory = 0
    required_programs is empty
    required_user is empty
    timeout = 300
===> lib/msun/log_test:logf_inf_neg
Result: passed
Duration: 0.096s

Metadata:
    allowed_architectures is empty
    allowed_platforms is empty
    description = Test logf(-Inf) == NaN
    has_cleanup = false
    required_configs is empty
    required_disk_space = 0
    required_files is empty
    required_memory = 0
    required_programs is empty
    required_user is empty
    timeout = 300
===> lib/msun/log_test:logf_inf_pos
Result: passed
Duration: 0.091s

Metadata:
    allowed_architectures is empty
    allowed_platforms is empty
    description = Test logf(+Inf) == +Inf
    has_cleanup = false
    required_configs is empty
    required_disk_space = 0
    required_files is empty
    required_memory = 0
    required_programs is empty
    required_user is empty
    timeout = 300
===> lib/msun/log_test:logf_nan
Result: passed
Duration: 0.147s

Metadata:
    allowed_architectures is empty
    allowed_platforms is empty
    description = Test logf(NaN) == NaN
    has_cleanup = false
    required_configs is empty
    required_disk_space = 0
    required_files is empty
    required_memory = 0
    required_programs is empty
    required_user is empty
    timeout = 300
===> lib/msun/log_test:logf_one_pos
Result: passed
Duration: 0.081s

Metadata:
    allowed_architectures is empty
    allowed_platforms is empty
    description = Test logf(1.0) == +0.0
    has_cleanup = false
    required_configs is empty
    required_disk_space = 0
    required_files is empty
    required_memory = 0
    required_programs is empty
    required_user is empty
    timeout = 300
===> lib/msun/log_test:logf_zero_neg
Result: passed
Duration: 0.370s

Metadata:
    allowed_architectures is empty
    allowed_platforms is empty
    description = Test logf(-0.0) == -HUGE_VALF
    has_cleanup = false
    required_configs is empty
    required_disk_space = 0
    required_files is empty
    required_memory = 0
    required_programs is empty
    required_user is empty
    timeout = 300
===> lib/msun/log_test:logf_zero_pos
Result: passed
Duration: 0.324s

Metadata:
    allowed_architectures is empty
    allowed_platforms is empty
    description = Test logf(+0.0) == -HUGE_VALF
    has_cleanup = false
    required_configs is empty
    required_disk_space = 0
    required_files is empty
    required_memory = 0
    required_programs is empty
    required_user is empty
    timeout = 300
===> lib/msun/pow_test:pow_inf_neg_x
Result: passed
Duration: 0.573s

Metadata:
    allowed_architectures is empty
    allowed_platforms is empty
    description = Test pow(-Inf, y) == +-Inf || +-0.0
    has_cleanup = false
    required_configs is empty
    required_disk_space = 0
    required_files is empty
    required_memory = 0
    required_programs is empty
    required_user is empty
    timeout = 300
===> lib/msun/pow_test:pow_inf_neg_y
Result: passed
Duration: 0.084s

Metadata:
    allowed_architectures is empty
    allowed_platforms is empty
    description = Test pow(x, -Inf) == +Inf || +0.0
    has_cleanup = false
    required_configs is empty
    required_disk_space = 0
    required_files is empty
    required_memory = 0
    required_programs is empty
    required_user is empty
    timeout = 300
===> lib/msun/pow_test:pow_inf_pos_x
Result: passed
Duration: 1.097s

Metadata:
    allowed_architectures is empty
    allowed_platforms is empty
    description = Test pow(+Inf, y) == +Inf || +0.0
    has_cleanup = false
    required_configs is empty
    required_disk_space = 0
    required_files is empty
    required_memory = 0
    required_programs is empty
    required_user is empty
    timeout = 300
===> lib/msun/pow_test:pow_inf_pos_y
Result: passed
Duration: 0.320s

Metadata:
    allowed_architectures is empty
    allowed_platforms is empty
    description = Test pow(x, +Inf) == +Inf || +0.0
    has_cleanup = false
    required_configs is empty
    required_disk_space = 0
    required_files is empty
    required_memory = 0
    required_programs is empty
    required_user is empty
    timeout = 300
===> lib/msun/pow_test:pow_nan_x
Result: passed
Duration: 0.547s

Metadata:
    allowed_architectures is empty
    allowed_platforms is empty
    description = Test pow(NaN, y) == NaN
    has_cleanup = false
    required_configs is empty
    required_disk_space = 0
    required_files is empty
    required_memory = 0
    required_programs is empty
    required_user is empty
    timeout = 300
===> lib/msun/pow_test:pow_nan_y
Result: passed
Duration: 0.264s

Metadata:
    allowed_architectures is empty
    allowed_platforms is empty
    description = Test pow(x, NaN) == NaN
    has_cleanup = false
    required_configs is empty
    required_disk_space = 0
    required_files is empty
    required_memory = 0
    required_programs is empty
    required_user is empty
    timeout = 300
===> lib/msun/pow_test:pow_one_neg_x
Result: passed
Duration: 0.230s

Metadata:
    allowed_architectures is empty
    allowed_platforms is empty
    description = Test pow(-1.0, +-Inf) == 1.0
    has_cleanup = false
    required_configs is empty
    required_disk_space = 0
    required_files is empty
    required_memory = 0
    required_programs is empty
    required_user is empty
    timeout = 300
===> lib/msun/pow_test:pow_one_pos_x
Result: passed
Duration: 0.205s

Metadata:
    allowed_architectures is empty
    allowed_platforms is empty
    description = Test pow(1.0, y) == 1.0
    has_cleanup = false
    required_configs is empty
    required_disk_space = 0
    required_files is empty
    required_memory = 0
    required_programs is empty
    required_user is empty
    timeout = 300
===> lib/msun/pow_test:pow_zero_x
Result: passed
Duration: 0.896s

Metadata:
    allowed_architectures is empty
    allowed_platforms is empty
    description = Test pow(+-0.0, y) == +-0.0 || HUGE
    has_cleanup = false
    required_configs is empty
    required_disk_space = 0
    required_files is empty
    required_memory = 0
    required_programs is empty
    required_user is empty
    timeout = 300
===> lib/msun/pow_test:pow_zero_y
Result: passed
Duration: 0.313s

Metadata:
    allowed_architectures is empty
    allowed_platforms is empty
    description = Test pow(x, +-0.0) == 1.0
    has_cleanup = false
    required_configs is empty
    required_disk_space = 0
    required_files is empty
    required_memory = 0
    required_programs is empty
    required_user is empty
    timeout = 300
===> lib/msun/pow_test:powf_inf_neg_x
Result: passed
Duration: 0.339s

Metadata:
    allowed_architectures is empty
    allowed_platforms is empty
    description = Test powf(-Inf, y) == +-Inf || +-0.0
    has_cleanup = false
    required_configs is empty
    required_disk_space = 0
    required_files is empty
    required_memory = 0
    required_programs is empty
    required_user is empty
    timeout = 300
===> lib/msun/pow_test:powf_inf_neg_y
Result: passed
Duration: 0.495s

Metadata:
    allowed_architectures is empty
    allowed_platforms is empty
    description = Test powf(x, -Inf) == +Inf || +0.0
    has_cleanup = false
    required_configs is empty
    required_disk_space = 0
    required_files is empty
    required_memory = 0
    required_programs is empty
    required_user is empty
    timeout = 300
===> lib/msun/pow_test:powf_inf_pos_x
Result: passed
Duration: 0.101s

Metadata:
    allowed_architectures is empty
    allowed_platforms is empty
    description = Test powf(+Inf, y) == +Inf || +0.0
    has_cleanup = false
    required_configs is empty
    required_disk_space = 0
    required_files is empty
    required_memory = 0
    required_programs is empty
    required_user is empty
    timeout = 300
===> lib/msun/pow_test:powf_inf_pos_y
Result: passed
Duration: 0.295s

Metadata:
    allowed_architectures is empty
    allowed_platforms is empty
    description = Test powf(x, +Inf) == +Inf || +0.0
    has_cleanup = false
    required_configs is empty
    required_disk_space = 0
    required_files is empty
    required_memory = 0
    required_programs is empty
    required_user is empty
    timeout = 300
===> lib/msun/pow_test:powf_nan_x
Result: passed
Duration: 0.624s

Metadata:
    allowed_architectures is empty
    allowed_platforms is empty
    description = Test powf(NaN, y) == NaN
    has_cleanup = false
    required_configs is empty
    required_disk_space = 0
    required_files is empty
    required_memory = 0
    required_programs is empty
    required_user is empty
    timeout = 300
===> lib/msun/pow_test:powf_nan_y
Result: passed
Duration: 0.037s

Metadata:
    allowed_architectures is empty
    allowed_platforms is empty
    description = Test powf(x, NaN) == NaN
    has_cleanup = false
    required_configs is empty
    required_disk_space = 0
    required_files is empty
    required_memory = 0
    required_programs is empty
    required_user is empty
    timeout = 300
===> lib/msun/pow_test:powf_one_neg_x
Result: passed
Duration: 0.393s

Metadata:
    allowed_architectures is empty
    allowed_platforms is empty
    description = Test powf(-1.0, +-Inf) == 1.0
    has_cleanup = false
    required_configs is empty
    required_disk_space = 0
    required_files is empty
    required_memory = 0
    required_programs is empty
    required_user is empty
    timeout = 300
===> lib/msun/pow_test:powf_one_pos_x
Result: passed
Duration: 0.193s

Metadata:
    allowed_architectures is empty
    allowed_platforms is empty
    description = Test powf(1.0, y) == 1.0
    has_cleanup = false
    required_configs is empty
    required_disk_space = 0
    required_files is empty
    required_memory = 0
    required_programs is empty
    required_user is empty
    timeout = 300
===> lib/msun/pow_test:powf_zero_x
Result: passed
Duration: 0.385s

Metadata:
    allowed_architectures is empty
    allowed_platforms is empty
    description = Test powf(+-0.0, y) == +-0.0 || HUGE
    has_cleanup = false
    required_configs is empty
    required_disk_space = 0
    required_files is empty
    required_memory = 0
    required_programs is empty
    required_user is empty
    timeout = 300
===> lib/msun/pow_test:powf_zero_y
Result: passed
Duration: 0.752s

Metadata:
    allowed_architectures is empty
    allowed_platforms is empty
    description = Test powf(x, +-0.0) == 1.0
    has_cleanup = false
    required_configs is empty
    required_disk_space = 0
    required_files is empty
    required_memory = 0
    required_programs is empty
    required_user is empty
    timeout = 300
===> lib/msun/precision_test:t_precision
Result: passed
Duration: 0.243s

Metadata:
    allowed_architectures is empty
    allowed_platforms is empty
    description = Basic precision test for double and long double
    has_cleanup = false
    required_configs is empty
    required_disk_space = 0
    required_files is empty
    required_memory = 0
    required_programs is empty
    required_user is empty
    timeout = 300
===> lib/msun/round_test:round_dir
Result: passed
Duration: 0.252s

Metadata:
    allowed_architectures is empty
    allowed_platforms is empty
    description = Check for rounding in wrong direction
    has_cleanup = false
    required_configs is empty
    required_disk_space = 0
    required_files is empty
    required_memory = 0
    required_programs is empty
    required_user is empty
    timeout = 300
===> lib/msun/scalbn_test:scalbn_inf_neg
Result: passed
Duration: 0.260s

Metadata:
    allowed_architectures is empty
    allowed_platforms is empty
    description = Test scalbn(-Inf, n) == -Inf
    has_cleanup = false
    required_configs is empty
    required_disk_space = 0
    required_files is empty
    required_memory = 0
    required_programs is empty
    required_user is empty
    timeout = 300
===> lib/msun/scalbn_test:scalbn_inf_pos
Result: passed
Duration: 0.176s

Metadata:
    allowed_architectures is empty
    allowed_platforms is empty
    description = Test scalbn(+Inf, n) == +Inf
    has_cleanup = false
    required_configs is empty
    required_disk_space = 0
    required_files is empty
    required_memory = 0
    required_programs is empty
    required_user is empty
    timeout = 300
===> lib/msun/scalbn_test:scalbn_ldexp
Result: passed
Duration: 0.214s

Metadata:
    allowed_architectures is empty
    allowed_platforms is empty
    description = Test scalbn(x, n) == ldexp(x, n)
    has_cleanup = false
    required_configs is empty
    required_disk_space = 0
    required_files is empty
    required_memory = 0
    required_programs is empty
    required_user is empty
    timeout = 300
===> lib/msun/scalbn_test:scalbn_nan
Result: passed
Duration: 0.186s

Metadata:
    allowed_architectures is empty
    allowed_platforms is empty
    description = Test scalbn(NaN, n) == NaN
    has_cleanup = false
    required_configs is empty
    required_disk_space = 0
    required_files is empty
    required_memory = 0
    required_programs is empty
    required_user is empty
    timeout = 300
===> lib/msun/scalbn_test:scalbn_val
Result: passed
Duration: 0.490s

Metadata:
    allowed_architectures is empty
    allowed_platforms is empty
    description = Test scalbn() for a few values
    has_cleanup = false
    required_configs is empty
    required_disk_space = 0
    required_files is empty
    required_memory = 0
    required_programs is empty
    required_user is empty
    timeout = 300
===> lib/msun/scalbn_test:scalbn_zero_neg
Result: passed
Duration: 0.300s

Metadata:
    allowed_architectures is empty
    allowed_platforms is empty
    description = Test scalbn(-0.0, n) == -0.0
    has_cleanup = false
    required_configs is empty
    required_disk_space = 0
    required_files is empty
    required_memory = 0
    required_programs is empty
    required_user is empty
    timeout = 300
===> lib/msun/scalbn_test:scalbn_zero_pos
Result: passed
Duration: 0.818s

Metadata:
    allowed_architectures is empty
    allowed_platforms is empty
    description = Test scalbn(+0.0, n) == +0.0
    has_cleanup = false
    required_configs is empty
    required_disk_space = 0
    required_files is empty
    required_memory = 0
    required_programs is empty
    required_user is empty
    timeout = 300
===> lib/msun/scalbn_test:scalbnf_inf_neg
Result: passed
Duration: 0.216s

Metadata:
    allowed_architectures is empty
    allowed_platforms is empty
    description = Test scalbnf(-Inf, n) == -Inf
    has_cleanup = false
    required_configs is empty
    required_disk_space = 0
    required_files is empty
    required_memory = 0
    required_programs is empty
    required_user is empty
    timeout = 300
===> lib/msun/scalbn_test:scalbnf_inf_pos
Result: passed
Duration: 0.214s

Metadata:
    allowed_architectures is empty
    allowed_platforms is empty
    description = Test scalbnf(+Inf, n) == +Inf
    has_cleanup = false
    required_configs is empty
    required_disk_space = 0
    required_files is empty
    required_memory = 0
    required_programs is empty
    required_user is empty
    timeout = 300
===> lib/msun/scalbn_test:scalbnf_ldexpf
Result: passed
Duration: 0.075s

Metadata:
    allowed_architectures is empty
    allowed_platforms is empty
    description = Test scalbnf(x, n) == ldexpf(x, n)
    has_cleanup = false
    required_configs is empty
    required_disk_space = 0
    required_files is empty
    required_memory = 0
    required_programs is empty
    required_user is empty
    timeout = 300
===> lib/msun/scalbn_test:scalbnf_nan
Result: passed
Duration: 0.057s

Metadata:
    allowed_architectures is empty
    allowed_platforms is empty
    description = Test scalbnf(NaN, n) == NaN
    has_cleanup = false
    required_configs is empty
    required_disk_space = 0
    required_files is empty
    required_memory = 0
    required_programs is empty
    required_user is empty
    timeout = 300
===> lib/msun/scalbn_test:scalbnf_val
Result: passed
Duration: 0.161s

Metadata:
    allowed_architectures is empty
    allowed_platforms is empty
    description = Test scalbnf() for a few values
    has_cleanup = false
    required_configs is empty
    required_disk_space = 0
    required_files is empty
    required_memory = 0
    required_programs is empty
    required_user is empty
    timeout = 300
===> lib/msun/scalbn_test:scalbnf_zero_neg
Result: passed
Duration: 0.104s

Metadata:
    allowed_architectures is empty
    allowed_platforms is empty
    description = Test scalbnf(-0.0, n) == -0.0
    has_cleanup = false
    required_configs is empty
    required_disk_space = 0
    required_files is empty
    required_memory = 0
    required_programs is empty
    required_user is empty
    timeout = 300
===> lib/msun/scalbn_test:scalbnf_zero_pos
Result: passed
Duration: 0.041s

Metadata:
    allowed_architectures is empty
    allowed_platforms is empty
    description = Test scalbnf(+0.0, n) == +0.0
    has_cleanup = false
    required_configs is empty
    required_disk_space = 0
    required_files is empty
    required_memory = 0
    required_programs is empty
    required_user is empty
    timeout = 300
===> lib/msun/scalbn_test:scalbnl_inf_neg
Result: passed
Duration: 0.177s

Metadata:
    allowed_architectures is empty
    allowed_platforms is empty
    description = Test scalbnl(-Inf, n) == -Inf
    has_cleanup = false
    required_configs is empty
    required_disk_space = 0
    required_files is empty
    required_memory = 0
    required_programs is empty
    required_user is empty
    timeout = 300
===> lib/msun/scalbn_test:scalbnl_inf_pos
Result: passed
Duration: 0.280s

Metadata:
    allowed_architectures is empty
    allowed_platforms is empty
    description = Test scalbnl(+Inf, n) == +Inf
    has_cleanup = false
    required_configs is empty
    required_disk_space = 0
    required_files is empty
    required_memory = 0
    required_programs is empty
    required_user is empty
    timeout = 300
===> lib/msun/scalbn_test:scalbnl_nan
Result: passed
Duration: 0.205s

Metadata:
    allowed_architectures is empty
    allowed_platforms is empty
    description = Test scalbnl(NaN, n) == NaN
    has_cleanup = false
    required_configs is empty
    required_disk_space = 0
    required_files is empty
    required_memory = 0
    required_programs is empty
    required_user is empty
    timeout = 300
===> lib/msun/scalbn_test:scalbnl_val
Result: passed
Duration: 0.052s

Metadata:
    allowed_architectures is empty
    allowed_platforms is empty
    description = Test scalbnl() for a few values
    has_cleanup = false
    required_configs is empty
    required_disk_space = 0
    required_files is empty
    required_memory = 0
    required_programs is empty
    required_user is empty
    timeout = 300
===> lib/msun/scalbn_test:scalbnl_zero_neg
Result: passed
Duration: 0.036s

Metadata:
    allowed_architectures is empty
    allowed_platforms is empty
    description = Test scalbnl(-0.0, n) == -0.0
    has_cleanup = false
    required_configs is empty
    required_disk_space = 0
    required_files is empty
    required_memory = 0
    required_programs is empty
    required_user is empty
    timeout = 300
===> lib/msun/scalbn_test:scalbnl_zero_pos
Result: passed
Duration: 0.117s

Metadata:
    allowed_architectures is empty
    allowed_platforms is empty
    description = Test scalbnl(+0.0, n) == +0.0
    has_cleanup = false
    required_configs is empty
    required_disk_space = 0
    required_files is empty
    required_memory = 0
    required_programs is empty
    required_user is empty
    timeout = 300
===> lib/msun/sin_test:sin_angles
Result: passed
Duration: 0.091s

Metadata:
    allowed_architectures is empty
    allowed_platforms is empty
    description = Test some selected angles
    has_cleanup = false
    required_configs is empty
    required_disk_space = 0
    required_files is empty
    required_memory = 0
    required_programs is empty
    required_user is empty
    timeout = 300
===> lib/msun/sin_test:sin_inf_neg
Result: passed
Duration: 0.067s

Metadata:
    allowed_architectures is empty
    allowed_platforms is empty
    description = Test sin(-Inf) == NaN
    has_cleanup = false
    required_configs is empty
    required_disk_space = 0
    required_files is empty
    required_memory = 0
    required_programs is empty
    required_user is empty
    timeout = 300
===> lib/msun/sin_test:sin_inf_pos
Result: passed
Duration: 0.080s

Metadata:
    allowed_architectures is empty
    allowed_platforms is empty
    description = Test sin(+Inf) == NaN
    has_cleanup = false
    required_configs is empty
    required_disk_space = 0
    required_files is empty
    required_memory = 0
    required_programs is empty
    required_user is empty
    timeout = 300
===> lib/msun/sin_test:sin_nan
Result: passed
Duration: 0.222s

Metadata:
    allowed_architectures is empty
    allowed_platforms is empty
    description = Test sin(NaN) == NaN
    has_cleanup = false
    required_configs is empty
    required_disk_space = 0
    required_files is empty
    required_memory = 0
    required_programs is empty
    required_user is empty
    timeout = 300
===> lib/msun/sin_test:sin_zero_neg
Result: passed
Duration: 0.036s

Metadata:
    allowed_architectures is empty
    allowed_platforms is empty
    description = Test sin(-0.0) == -0.0
    has_cleanup = false
    required_configs is empty
    required_disk_space = 0
    required_files is empty
    required_memory = 0
    required_programs is empty
    required_user is empty
    timeout = 300
===> lib/msun/sin_test:sin_zero_pos
Result: passed
Duration: 0.083s

Metadata:
    allowed_architectures is empty
    allowed_platforms is empty
    description = Test sin(+0.0) == +0.0
    has_cleanup = false
    required_configs is empty
    required_disk_space = 0
    required_files is empty
    required_memory = 0
    required_programs is empty
    required_user is empty
    timeout = 300
===> lib/msun/sin_test:sinf_angles
Result: passed
Duration: 0.065s

Metadata:
    allowed_architectures is empty
    allowed_platforms is empty
    description = Test some selected angles
    has_cleanup = false
    required_configs is empty
    required_disk_space = 0
    required_files is empty
    required_memory = 0
    required_programs is empty
    required_user is empty
    timeout = 300
===> lib/msun/sin_test:sinf_inf_neg
Result: passed
Duration: 0.121s

Metadata:
    allowed_architectures is empty
    allowed_platforms is empty
    description = Test sinf(-Inf) == NaN
    has_cleanup = false
    required_configs is empty
    required_disk_space = 0
    required_files is empty
    required_memory = 0
    required_programs is empty
    required_user is empty
    timeout = 300
===> lib/msun/sin_test:sinf_inf_pos
Result: passed
Duration: 0.074s

Metadata:
    allowed_architectures is empty
    allowed_platforms is empty
    description = Test sinf(+Inf) == NaN
    has_cleanup = false
    required_configs is empty
    required_disk_space = 0
    required_files is empty
    required_memory = 0
    required_programs is empty
    required_user is empty
    timeout = 300
===> lib/msun/sin_test:sinf_nan
Result: passed
Duration: 0.047s

Metadata:
    allowed_architectures is empty
    allowed_platforms is empty
    description = Test sinf(NaN) == NaN
    has_cleanup = false
    required_configs is empty
    required_disk_space = 0
    required_files is empty
    required_memory = 0
    required_programs is empty
    required_user is empty
    timeout = 300
===> lib/msun/sin_test:sinf_zero_neg
Result: passed
Duration: 0.131s

Metadata:
    allowed_architectures is empty
    allowed_platforms is empty
    description = Test sinf(-0.0) == -0.0
    has_cleanup = false
    required_configs is empty
    required_disk_space = 0
    required_files is empty
    required_memory = 0
    required_programs is empty
    required_user is empty
    timeout = 300
===> lib/msun/sin_test:sinf_zero_pos
Result: passed
Duration: 0.182s

Metadata:
    allowed_architectures is empty
    allowed_platforms is empty
    description = Test sinf(+0.0) == +0.0
    has_cleanup = false
    required_configs is empty
    required_disk_space = 0
    required_files is empty
    required_memory = 0
    required_programs is empty
    required_user is empty
    timeout = 300
===> lib/msun/sinh_test:sinh_inf_neg
Result: passed
Duration: 0.103s

Metadata:
    allowed_architectures is empty
    allowed_platforms is empty
    description = Test sinh(-Inf) == -Inf
    has_cleanup = false
    required_configs is empty
    required_disk_space = 0
    required_files is empty
    required_memory = 0
    required_programs is empty
    required_user is empty
    timeout = 300
===> lib/msun/sinh_test:sinh_inf_pos
Result: passed
Duration: 0.059s

Metadata:
    allowed_architectures is empty
    allowed_platforms is empty
    description = Test sinh(+Inf) == +Inf
    has_cleanup = false
    required_configs is empty
    required_disk_space = 0
    required_files is empty
    required_memory = 0
    required_programs is empty
    required_user is empty
    timeout = 300
===> lib/msun/sinh_test:sinh_inrange
Result: passed
Duration: 0.128s

Metadata:
    allowed_architectures is empty
    allowed_platforms is empty
    description = sinh(x) for some values
    has_cleanup = false
    required_configs is empty
    required_disk_space = 0
    required_files is empty
    required_memory = 0
    required_programs is empty
    required_user is empty
    timeout = 300
===> lib/msun/sinh_test:sinh_nan
Result: passed
Duration: 0.076s

Metadata:
    allowed_architectures is empty
    allowed_platforms is empty
    description = Test sinh(NaN) == NaN
    has_cleanup = false
    required_configs is empty
    required_disk_space = 0
    required_files is empty
    required_memory = 0
    required_programs is empty
    required_user is empty
    timeout = 300
===> lib/msun/sinh_test:sinh_zero_neg
Result: passed
Duration: 0.066s

Metadata:
    allowed_architectures is empty
    allowed_platforms is empty
    description = Test sinh(-0.0) == -0.0
    has_cleanup = false
    required_configs is empty
    required_disk_space = 0
    required_files is empty
    required_memory = 0
    required_programs is empty
    required_user is empty
    timeout = 300
===> lib/msun/sinh_test:sinh_zero_pos
Result: passed
Duration: 0.293s

Metadata:
    allowed_architectures is empty
    allowed_platforms is empty
    description = Test sinh(+0.0) == +0.0
    has_cleanup = false
    required_configs is empty
    required_disk_space = 0
    required_files is empty
    required_memory = 0
    required_programs is empty
    required_user is empty
    timeout = 300
===> lib/msun/sinh_test:sinhf_inf_neg
Result: passed
Duration: 0.319s

Metadata:
    allowed_architectures is empty
    allowed_platforms is empty
    description = Test sinhf(-Inf) == -Inf
    has_cleanup = false
    required_configs is empty
    required_disk_space = 0
    required_files is empty
    required_memory = 0
    required_programs is empty
    required_user is empty
    timeout = 300
===> lib/msun/sinh_test:sinhf_inf_pos
Result: passed
Duration: 0.254s

Metadata:
    allowed_architectures is empty
    allowed_platforms is empty
    description = Test sinhf(+Inf) == +Inf
    has_cleanup = false
    required_configs is empty
    required_disk_space = 0
    required_files is empty
    required_memory = 0
    required_programs is empty
    required_user is empty
    timeout = 300
===> lib/msun/sinh_test:sinhf_inrange
Result: passed
Duration: 0.598s

Metadata:
    allowed_architectures is empty
    allowed_platforms is empty
    description = sinhf(x) for some values
    has_cleanup = false
    required_configs is empty
    required_disk_space = 0
    required_files is empty
    required_memory = 0
    required_programs is empty
    required_user is empty
    timeout = 300
===> lib/msun/sinh_test:sinhf_nan
Result: passed
Duration: 0.146s

Metadata:
    allowed_architectures is empty
    allowed_platforms is empty
    description = Test sinhf(NaN) == NaN
    has_cleanup = false
    required_configs is empty
    required_disk_space = 0
    required_files is empty
    required_memory = 0
    required_programs is empty
    required_user is empty
    timeout = 300
===> lib/msun/sinh_test:sinhf_zero_neg
Result: passed
Duration: 0.148s

Metadata:
    allowed_architectures is empty
    allowed_platforms is empty
    description = Test sinhf(-0.0) == -0.0
    has_cleanup = false
    required_configs is empty
    required_disk_space = 0
    required_files is empty
    required_memory = 0
    required_programs is empty
    required_user is empty
    timeout = 300
===> lib/msun/sinh_test:sinhf_zero_pos
Result: passed
Duration: 0.136s

Metadata:
    allowed_architectures is empty
    allowed_platforms is empty
    description = Test sinhf(+0.0) == +0.0
    has_cleanup = false
    required_configs is empty
    required_disk_space = 0
    required_files is empty
    required_memory = 0
    required_programs is empty
    required_user is empty
    timeout = 300
===> lib/msun/sqrt_test:sqrt_inf_neg
Result: passed
Duration: 0.015s

Metadata:
    allowed_architectures is empty
    allowed_platforms is empty
    description = Test sqrt(-Inf) == NaN
    has_cleanup = false
    required_configs is empty
    required_disk_space = 0
    required_files is empty
    required_memory = 0
    required_programs is empty
    required_user is empty
    timeout = 300
===> lib/msun/sqrt_test:sqrt_inf_pos
Result: passed
Duration: 0.016s

Metadata:
    allowed_architectures is empty
    allowed_platforms is empty
    description = Test sqrt(+Inf) == +Inf
    has_cleanup = false
    required_configs is empty
    required_disk_space = 0
    required_files is empty
    required_memory = 0
    required_programs is empty
    required_user is empty
    timeout = 300
===> lib/msun/sqrt_test:sqrt_nan
Result: passed
Duration: 0.015s

Metadata:
    allowed_architectures is empty
    allowed_platforms is empty
    description = Test sqrt(NaN) == NaN
    has_cleanup = false
    required_configs is empty
    required_disk_space = 0
    required_files is empty
    required_memory = 0
    required_programs is empty
    required_user is empty
    timeout = 300
===> lib/msun/sqrt_test:sqrt_pow
Result: passed
Duration: 0.015s

Metadata:
    allowed_architectures is empty
    allowed_platforms is empty
    description = Test sqrt(3) vs. pow(3)
    has_cleanup = false
    required_configs is empty
    required_disk_space = 0
    required_files is empty
    required_memory = 0
    required_programs is empty
    required_user is empty
    timeout = 300
===> lib/msun/sqrt_test:sqrt_zero_neg
Result: passed
Duration: 0.014s

Metadata:
    allowed_architectures is empty
    allowed_platforms is empty
    description = Test sqrt(-0.0) == -0.0
    has_cleanup = false
    required_configs is empty
    required_disk_space = 0
    required_files is empty
    required_memory = 0
    required_programs is empty
    required_user is empty
    timeout = 300
===> lib/msun/sqrt_test:sqrt_zero_pos
Result: passed
Duration: 0.015s

Metadata:
    allowed_architectures is empty
    allowed_platforms is empty
    description = Test sqrt(+0.0) == +0.0
    has_cleanup = false
    required_configs is empty
    required_disk_space = 0
    required_files is empty
    required_memory = 0
    required_programs is empty
    required_user is empty
    timeout = 300
===> lib/msun/sqrt_test:sqrtf_inf_neg
Result: passed
Duration: 0.015s

Metadata:
    allowed_architectures is empty
    allowed_platforms is empty
    description = Test sqrtf(-Inf) == NaN
    has_cleanup = false
    required_configs is empty
    required_disk_space = 0
    required_files is empty
    required_memory = 0
    required_programs is empty
    required_user is empty
    timeout = 300
===> lib/msun/sqrt_test:sqrtf_inf_pos
Result: passed
Duration: 0.015s

Metadata:
    allowed_architectures is empty
    allowed_platforms is empty
    description = Test sqrtf(+Inf) == +Inf
    has_cleanup = false
    required_configs is empty
    required_disk_space = 0
    required_files is empty
    required_memory = 0
    required_programs is empty
    required_user is empty
    timeout = 300
===> lib/msun/sqrt_test:sqrtf_nan
Result: passed
Duration: 0.015s

Metadata:
    allowed_architectures is empty
    allowed_platforms is empty
    description = Test sqrtf(NaN) == NaN
    has_cleanup = false
    required_configs is empty
    required_disk_space = 0
    required_files is empty
    required_memory = 0
    required_programs is empty
    required_user is empty
    timeout = 300
===> lib/msun/sqrt_test:sqrtf_powf
Result: passed
Duration: 0.015s

Metadata:
    allowed_architectures is empty
    allowed_platforms is empty
    description = Test sqrtf(3) vs. powf(3)
    has_cleanup = false
    required_configs is empty
    required_disk_space = 0
    required_files is empty
    required_memory = 0
    required_programs is empty
    required_user is empty
    timeout = 300
===> lib/msun/sqrt_test:sqrtf_zero_neg
Result: passed
Duration: 0.015s

Metadata:
    allowed_architectures is empty
    allowed_platforms is empty
    description = Test sqrtf(-0.0) == -0.0
    has_cleanup = false
    required_configs is empty
    required_disk_space = 0
    required_files is empty
    required_memory = 0
    required_programs is empty
    required_user is empty
    timeout = 300
===> lib/msun/sqrt_test:sqrtf_zero_pos
Result: passed
Duration: 0.015s

Metadata:
    allowed_architectures is empty
    allowed_platforms is empty
    description = Test sqrtf(+0.0) == +0.0
    has_cleanup = false
    required_configs is empty
    required_disk_space = 0
    required_files is empty
    required_memory = 0
    required_programs is empty
    required_user is empty
    timeout = 300
===> lib/msun/sqrt_test:sqrtl_inf_neg
Result: passed
Duration: 0.015s

Metadata:
    allowed_architectures is empty
    allowed_platforms is empty
    description = Test sqrtl(-Inf) == NaN
    has_cleanup = false
    required_configs is empty
    required_disk_space = 0
    required_files is empty
    required_memory = 0
    required_programs is empty
    required_user is empty
    timeout = 300
===> lib/msun/sqrt_test:sqrtl_inf_pos
Result: passed
Duration: 0.014s

Metadata:
    allowed_architectures is empty
    allowed_platforms is empty
    description = Test sqrtl(+Inf) == +Inf
    has_cleanup = false
    required_configs is empty
    required_disk_space = 0
    required_files is empty
    required_memory = 0
    required_programs is empty
    required_user is empty
    timeout = 300
===> lib/msun/sqrt_test:sqrtl_nan
Result: passed
Duration: 0.014s

Metadata:
    allowed_architectures is empty
    allowed_platforms is empty
    description = Test sqrtl(NaN) == NaN
    has_cleanup = false
    required_configs is empty
    required_disk_space = 0
    required_files is empty
    required_memory = 0
    required_programs is empty
    required_user is empty
    timeout = 300
===> lib/msun/sqrt_test:sqrtl_powl
Result: passed
Duration: 0.015s

Metadata:
    allowed_architectures is empty
    allowed_platforms is empty
    description = Test sqrtl(3) vs. powl(3)
    has_cleanup = false
    required_configs is empty
    required_disk_space = 0
    required_files is empty
    required_memory = 0
    required_programs is empty
    required_user is empty
    timeout = 300
===> lib/msun/sqrt_test:sqrtl_zero_neg
Result: passed
Duration: 0.013s

Metadata:
    allowed_architectures is empty
    allowed_platforms is empty
    description = Test sqrtl(-0.0) == -0.0
    has_cleanup = false
    required_configs is empty
    required_disk_space = 0
    required_files is empty
    required_memory = 0
    required_programs is empty
    required_user is empty
    timeout = 300
===> lib/msun/sqrt_test:sqrtl_zero_pos
Result: passed
Duration: 0.014s

Metadata:
    allowed_architectures is empty
    allowed_platforms is empty
    description = Test sqrtl(+0.0) == +0.0
    has_cleanup = false
    required_configs is empty
    required_disk_space = 0
    required_files is empty
    required_memory = 0
    required_programs is empty
    required_user is empty
    timeout = 300
===> lib/msun/tan_test:tan_angles
Result: passed
Duration: 0.015s

Metadata:
    allowed_architectures is empty
    allowed_platforms is empty
    description = Test some selected angles
    has_cleanup = false
    required_configs is empty
    required_disk_space = 0
    required_files is empty
    required_memory = 0
    required_programs is empty
    required_user is empty
    timeout = 300
===> lib/msun/tan_test:tan_inf_neg
Result: passed
Duration: 0.015s

Metadata:
    allowed_architectures is empty
    allowed_platforms is empty
    description = Test tan(-Inf) == NaN
    has_cleanup = false
    required_configs is empty
    required_disk_space = 0
    required_files is empty
    required_memory = 0
    required_programs is empty
    required_user is empty
    timeout = 300
===> lib/msun/tan_test:tan_inf_pos
Result: passed
Duration: 0.014s

Metadata:
    allowed_architectures is empty
    allowed_platforms is empty
    description = Test tan(+Inf) == NaN
    has_cleanup = false
    required_configs is empty
    required_disk_space = 0
    required_files is empty
    required_memory = 0
    required_programs is empty
    required_user is empty
    timeout = 300
===> lib/msun/tan_test:tan_nan
Result: passed
Duration: 0.014s

Metadata:
    allowed_architectures is empty
    allowed_platforms is empty
    description = Test tan(NaN) == NaN
    has_cleanup = false
    required_configs is empty
    required_disk_space = 0
    required_files is empty
    required_memory = 0
    required_programs is empty
    required_user is empty
    timeout = 300
===> lib/msun/tan_test:tan_zero_neg
Result: passed
Duration: 0.014s

Metadata:
    allowed_architectures is empty
    allowed_platforms is empty
    description = Test tan(-0.0) == -0.0
    has_cleanup = false
    required_configs is empty
    required_disk_space = 0
    required_files is empty
    required_memory = 0
    required_programs is empty
    required_user is empty
    timeout = 300
===> lib/msun/tan_test:tan_zero_pos
Result: passed
Duration: 0.802s

Metadata:
    allowed_architectures is empty
    allowed_platforms is empty
    description = Test tan(+0.0) == +0.0
    has_cleanup = false
    required_configs is empty
    required_disk_space = 0
    required_files is empty
    required_memory = 0
    required_programs is empty
    required_user is empty
    timeout = 300
===> lib/msun/tan_test:tanf_angles
Result: passed
Duration: 0.136s

Metadata:
    allowed_architectures is empty
    allowed_platforms is empty
    description = Test some selected angles
    has_cleanup = false
    required_configs is empty
    required_disk_space = 0
    required_files is empty
    required_memory = 0
    required_programs is empty
    required_user is empty
    timeout = 300
===> lib/msun/tan_test:tanf_inf_neg
Result: passed
Duration: 0.072s

Metadata:
    allowed_architectures is empty
    allowed_platforms is empty
    description = Test tanf(-Inf) == NaN
    has_cleanup = false
    required_configs is empty
    required_disk_space = 0
    required_files is empty
    required_memory = 0
    required_programs is empty
    required_user is empty
    timeout = 300
===> lib/msun/tan_test:tanf_inf_pos
Result: passed
Duration: 0.063s

Metadata:
    allowed_architectures is empty
    allowed_platforms is empty
    description = Test tanf(+Inf) == NaN
    has_cleanup = false
    required_configs is empty
    required_disk_space = 0
    required_files is empty
    required_memory = 0
    required_programs is empty
    required_user is empty
    timeout = 300
===> lib/msun/tan_test:tanf_nan
Result: passed
Duration: 0.134s

Metadata:
    allowed_architectures is empty
    allowed_platforms is empty
    description = Test tanf(NaN) == NaN
    has_cleanup = false
    required_configs is empty
    required_disk_space = 0
    required_files is empty
    required_memory = 0
    required_programs is empty
    required_user is empty
    timeout = 300
===> lib/msun/tan_test:tanf_zero_neg
Result: passed
Duration: 0.171s

Metadata:
    allowed_architectures is empty
    allowed_platforms is empty
    description = Test tanf(-0.0) == -0.0
    has_cleanup = false
    required_configs is empty
    required_disk_space = 0
    required_files is empty
    required_memory = 0
    required_programs is empty
    required_user is empty
    timeout = 300
===> lib/msun/tan_test:tanf_zero_pos
Result: passed
Duration: 0.058s

Metadata:
    allowed_architectures is empty
    allowed_platforms is empty
    description = Test tanf(+0.0) == +0.0
    has_cleanup = false
    required_configs is empty
    required_disk_space = 0
    required_files is empty
    required_memory = 0
    required_programs is empty
    required_user is empty
    timeout = 300
===> lib/msun/tanh_test:tanh_inf_neg
Result: passed
Duration: 0.143s

Metadata:
    allowed_architectures is empty
    allowed_platforms is empty
    description = Test tanh(-Inf) == -1.0
    has_cleanup = false
    required_configs is empty
    required_disk_space = 0
    required_files is empty
    required_memory = 0
    required_programs is empty
    required_user is empty
    timeout = 300
===> lib/msun/tanh_test:tanh_inf_pos
Result: passed
Duration: 0.106s

Metadata:
    allowed_architectures is empty
    allowed_platforms is empty
    description = Test tanh(+Inf) == +1.0
    has_cleanup = false
    required_configs is empty
    required_disk_space = 0
    required_files is empty
    required_memory = 0
    required_programs is empty
    required_user is empty
    timeout = 300
===> lib/msun/tanh_test:tanh_nan
Result: passed
Duration: 0.088s

Metadata:
    allowed_architectures is empty
    allowed_platforms is empty
    description = Test tanh(NaN) == NaN
    has_cleanup = false
    required_configs is empty
    required_disk_space = 0
    required_files is empty
    required_memory = 0
    required_programs is empty
    required_user is empty
    timeout = 300
===> lib/msun/tanh_test:tanh_zero_neg
Result: passed
Duration: 0.097s

Metadata:
    allowed_architectures is empty
    allowed_platforms is empty
    description = Test tanh(-0.0) == -0.0
    has_cleanup = false
    required_configs is empty
    required_disk_space = 0
    required_files is empty
    required_memory = 0
    required_programs is empty
    required_user is empty
    timeout = 300
===> lib/msun/tanh_test:tanh_zero_pos
Result: passed
Duration: 0.136s

Metadata:
    allowed_architectures is empty
    allowed_platforms is empty
    description = Test tanh(+0.0) == +0.0
    has_cleanup = false
    required_configs is empty
    required_disk_space = 0
    required_files is empty
    required_memory = 0
    required_programs is empty
    required_user is empty
    timeout = 300
===> lib/msun/tanh_test:tanhf_inf_neg
Result: passed
Duration: 0.106s

Metadata:
    allowed_architectures is empty
    allowed_platforms is empty
    description = Test tanhf(-Inf) == -1.0
    has_cleanup = false
    required_configs is empty
    required_disk_space = 0
    required_files is empty
    required_memory = 0
    required_programs is empty
    required_user is empty
    timeout = 300
===> lib/msun/tanh_test:tanhf_inf_pos
Result: passed
Duration: 0.118s

Metadata:
    allowed_architectures is empty
    allowed_platforms is empty
    description = Test tanhf(+Inf) == +1.0
    has_cleanup = false
    required_configs is empty
    required_disk_space = 0
    required_files is empty
    required_memory = 0
    required_programs is empty
    required_user is empty
    timeout = 300
===> lib/msun/tanh_test:tanhf_nan
Result: passed
Duration: 0.078s

Metadata:
    allowed_architectures is empty
    allowed_platforms is empty
    description = Test tanhf(NaN) == NaN
    has_cleanup = false
    required_configs is empty
    required_disk_space = 0
    required_files is empty
    required_memory = 0
    required_programs is empty
    required_user is empty
    timeout = 300
===> lib/msun/tanh_test:tanhf_zero_neg
Result: passed
Duration: 0.103s

Metadata:
    allowed_architectures is empty
    allowed_platforms is empty
    description = Test tanhf(-0.0) == -0.0
    has_cleanup = false
    required_configs is empty
    required_disk_space = 0
    required_files is empty
    required_memory = 0
    required_programs is empty
    required_user is empty
    timeout = 300
===> lib/msun/tanh_test:tanhf_zero_pos
Result: passed
Duration: 0.095s

Metadata:
    allowed_architectures is empty
    allowed_platforms is empty
    description = Test tanhf(+0.0) == +0.0
    has_cleanup = false
    required_configs is empty
    required_disk_space = 0
    required_files is empty
    required_memory = 0
    required_programs is empty
    required_user is empty
    timeout = 300
===> libexec/atf/atf-check/atf-check_test:eflag_empty
Result: passed
Duration: 0.408s

Metadata:
    allowed_architectures is empty
    allowed_platforms is empty
    description = Tests for the -e option using the 'empty' argument
    has_cleanup = false
    required_configs is empty
    required_disk_space = 0
    required_files is empty
    required_memory = 0
    required_programs is empty
    required_user is empty
    timeout = 300

Standard output:
Running [atf-check -e empty] against [true 1>&2]
Running [atf-check -e empty] against [echo foo 1>&2]
Executing command [ ./script.sh ]
===> libexec/atf/atf-check/atf-check_test:eflag_file
Result: passed
Duration: 0.273s

Metadata:
    allowed_architectures is empty
    allowed_platforms is empty
    description = Tests for the -e option using the 'file:' argument
    has_cleanup = false
    required_configs is empty
    required_disk_space = 0
    required_files is empty
    required_memory = 0
    required_programs is empty
    required_user is empty
    timeout = 300

Standard output:
Running [atf-check -e file:empty] against [true 1>&2]
Running [atf-check -e file:text] against [echo foo 1>&2]
Running [atf-check -e file:text] against [echo bar 1>&2]
Executing command [ ./script.sh ]
Running [atf-check -e file:bin] against [cat bin 1>&2]

Standard error:
10+0 records in
10+0 records out
10240 bytes transferred in 0.000294 secs (34889267 bytes/sec)
===> libexec/atf/atf-check/atf-check_test:eflag_ignore
Result: passed
Duration: 0.315s

Metadata:
    allowed_architectures is empty
    allowed_platforms is empty
    description = Tests for the -e option using the 'ignore' argument
    has_cleanup = false
    required_configs is empty
    required_disk_space = 0
    required_files is empty
    required_memory = 0
    required_programs is empty
    required_user is empty
    timeout = 300

Standard output:
Running [atf-check -e ignore] against [true 1>&2]
Running [atf-check -e ignore] against [echo foo 1>&2]
===> libexec/atf/atf-check/atf-check_test:eflag_inline
Result: passed
Duration: 0.447s

Metadata:
    allowed_architectures is empty
    allowed_platforms is empty
    description = Tests for the -e option using the 'inline:' argument
    has_cleanup = false
    required_configs is empty
    required_disk_space = 0
    required_files is empty
    required_memory = 0
    required_programs is empty
    required_user is empty
    timeout = 300

Standard output:
Running [atf-check -e inline:] against [true 1>&2]
Running [atf-check -e inline:foo bar\n] against [echo foo bar 1>&2]
Running [atf-check -e inline:foo bar] against [printf 'foo bar' 1>&2]
Running [atf-check -e inline:\t\n\t\n] against [printf '\t\n\t\n' 1>&2]
Running [atf-check -e inline:\a\b\e\f\n\r\t\v] against [printf '\a\b\033\f\n\r\t\v' 1>&2]
Running [atf-check -e inline:\011\022\033\012] against [printf '\011\022\033\012' 1>&2]
Running [atf-check -e inline:foo bar] against [echo foo bar 1>&2]
Executing command [ ./script.sh ]
Running [atf-check -e inline:foo bar\n] against [echo -n foo bar 1>&2]
Executing command [ ./script.sh ]
===> libexec/atf/atf-check/atf-check_test:eflag_match
Result: passed
Duration: 0.309s

Metadata:
    allowed_architectures is empty
    allowed_platforms is empty
    description = Tests for the -e option using the 'match:' argument
    has_cleanup = false
    required_configs is empty
    required_disk_space = 0
    required_files is empty
    required_memory = 0
    required_programs is empty
    required_user is empty
    timeout = 300

Standard output:
Running [atf-check -e match:^no-newline] against [printf no-newline 1>&2]
Running [atf-check -e match:^foo] against [echo line1 1>&2; echo foo bar 1>&2]
Running [atf-check -e match:o b] against [echo foo bar 1>&2]
Running [atf-check -e match:baz] against [echo foo bar 1>&2]
Executing command [ ./script.sh ]
Running [atf-check -e match:^bar] against [echo foo bar 1>&2]
Executing command [ ./script.sh ]
===> libexec/atf/atf-check/atf-check_test:eflag_multiple
Result: passed
Duration: 0.300s

Metadata:
    allowed_architectures is empty
    allowed_platforms is empty
    description = Tests for multiple occurrences of the -e option
    has_cleanup = false
    required_configs is empty
    required_disk_space = 0
    required_files is empty
    required_memory = 0
    required_programs is empty
    required_user is empty
    timeout = 300

Standard output:
Running [atf-check -e match:foo -e match:bar] against [echo foo bar 1>&2]
Running [atf-check -e match:foo -e match:bar] against [echo foo 1>&2; echo bar 1>&2]
Running [atf-check -e match:bar -e match:foo] against [echo foo baz 1>&2]
Executing command [ ./script.sh ]
Running [atf-check -e match:bar -e match:foo] against [echo foo 1>&2; echo baz 1>&2]
Executing command [ ./script.sh ]
===> libexec/atf/atf-check/atf-check_test:eflag_negated
Result: passed
Duration: 0.300s

Metadata:
    allowed_architectures is empty
    allowed_platforms is empty
    description = Tests for negated occurrences of the -e option
    has_cleanup = false
    required_configs is empty
    required_disk_space = 0
    required_files is empty
    required_memory = 0
    required_programs is empty
    required_user is empty
    timeout = 300

Standard output:
Running [atf-check -e empty] against [echo foo 1>&2]
Executing command [ ./script.sh ]
Running [atf-check -e not-empty] against [echo foo 1>&2]
Running [atf-check -e match:foo] against [echo foo bar 1>&2]
Running [atf-check -e not-match:foo] against [echo foo bar 1>&2]
Executing command [ ./script.sh ]
===> libexec/atf/atf-check/atf-check_test:eflag_save
Result: passed
Duration: 0.885s

Metadata:
    allowed_architectures is empty
    allowed_platforms is empty
    description = Tests for the -e option using the 'save:' argument
    has_cleanup = false
    required_configs is empty
    required_disk_space = 0
    required_files is empty
    required_memory = 0
    required_programs is empty
    required_user is empty
    timeout = 300

Standard output:
Running [atf-check -e save:out] against [echo foo 1>&2]
===> libexec/atf/atf-check/atf-check_test:invalid_umask
Result: passed
Duration: 0.152s

Metadata:
    allowed_architectures is empty
    allowed_platforms is empty
    description = Tests for a correct error condition if the umask is too restrictive
    has_cleanup = false
    required_configs is empty
    required_disk_space = 0
    required_files is empty
    required_memory = 0
    required_programs is empty
    required_user is empty
    timeout = 300

Standard output:
Executing command [ false ]
atf-check: ERROR: Could not create the temporary directory /tmp/kyua.atf-tester.Wf23HV/check.XXXXXX because it will not have enough access rights due to the current umask 00222
===> libexec/atf/atf-check/atf-check_test:oflag_empty
Result: passed
Duration: 0.123s

Metadata:
    allowed_architectures is empty
    allowed_platforms is empty
    description = Tests for the -o option using the 'empty' argument
    has_cleanup = false
    required_configs is empty
    required_disk_space = 0
    required_files is empty
    required_memory = 0
    required_programs is empty
    required_user is empty
    timeout = 300

Standard output:
Running [atf-check -o empty] against [true]
Running [atf-check -o empty] against [echo foo]
Executing command [ ./script.sh ]
===> libexec/atf/atf-check/atf-check_test:oflag_file
Result: passed
Duration: 0.220s

Metadata:
    allowed_architectures is empty
    allowed_platforms is empty
    description = Tests for the -o option using the 'file:' argument
    has_cleanup = false
    required_configs is empty
    required_disk_space = 0
    required_files is empty
    required_memory = 0
    required_programs is empty
    required_user is empty
    timeout = 300

Standard output:
Running [atf-check -o file:empty] against [true]
Running [atf-check -o file:text] against [echo foo]
Running [atf-check -o file:text] against [echo bar]
Executing command [ ./script.sh ]
Running [atf-check -o file:bin] against [cat bin]

Standard error:
10+0 records in
10+0 records out
10240 bytes transferred in 0.000287 secs (35642186 bytes/sec)
===> libexec/atf/atf-check/atf-check_test:oflag_ignore
Result: passed
Duration: 0.125s

Metadata:
    allowed_architectures is empty
    allowed_platforms is empty
    description = Tests for the -o option using the 'ignore' argument
    has_cleanup = false
    required_configs is empty
    required_disk_space = 0
    required_files is empty
    required_memory = 0
    required_programs is empty
    required_user is empty
    timeout = 300

Standard output:
Running [atf-check -o ignore] against [true]
Running [atf-check -o ignore] against [echo foo]
===> libexec/atf/atf-check/atf-check_test:oflag_inline
Result: passed
Duration: 0.282s

Metadata:
    allowed_architectures is empty
    allowed_platforms is empty
    description = Tests for the -o option using the 'inline:' argument
    has_cleanup = false
    required_configs is empty
    required_disk_space = 0
    required_files is empty
    required_memory = 0
    required_programs is empty
    required_user is empty
    timeout = 300

Standard output:
Running [atf-check -o inline:] against [true]
Running [atf-check -o inline:foo bar\n] against [echo foo bar]
Running [atf-check -o inline:foo bar] against [printf 'foo bar']
Running [atf-check -o inline:\t\n\t\n] against [printf '\t\n\t\n']
Running [atf-check -o inline:\a\b\e\f\n\r\t\v] against [printf '\a\b\033\f\n\r\t\v']
Running [atf-check -o inline:\011\022\033\012] against [printf '\011\022\033\012']
Running [atf-check -o inline:foo bar] against [echo foo bar]
Executing command [ ./script.sh ]
Running [atf-check -o inline:foo bar\n] against [echo -n foo bar]
Executing command [ ./script.sh ]
===> libexec/atf/atf-check/atf-check_test:oflag_match
Result: passed
Duration: 0.291s

Metadata:
    allowed_architectures is empty
    allowed_platforms is empty
    description = Tests for the -o option using the 'match:' argument
    has_cleanup = false
    required_configs is empty
    required_disk_space = 0
    required_files is empty
    required_memory = 0
    required_programs is empty
    required_user is empty
    timeout = 300

Standard output:
Running [atf-check -o match:^no-newline] against [printf no-newline]
Running [atf-check -o match:^foo] against [echo line1; echo foo bar]
Running [atf-check -o match:o b] against [echo foo bar]
Running [atf-check -o match:baz] against [echo foo bar]
Executing command [ ./script.sh ]
Running [atf-check -o match:^bar] against [echo foo bar]
Executing command [ ./script.sh ]
===> libexec/atf/atf-check/atf-check_test:oflag_multiple
Result: passed
Duration: 0.219s

Metadata:
    allowed_architectures is empty
    allowed_platforms is empty
    description = Tests for multiple occurrences of the -o option
    has_cleanup = false
    required_configs is empty
    required_disk_space = 0
    required_files is empty
    required_memory = 0
    required_programs is empty
    required_user is empty
    timeout = 300

Standard output:
Running [atf-check -o match:foo -o match:bar] against [echo foo bar]
Running [atf-check -o match:foo -o match:bar] against [echo foo; echo bar]
Running [atf-check -o match:bar -o match:foo] against [echo foo baz]
Executing command [ ./script.sh ]
Running [atf-check -o match:bar -o match:foo] against [echo foo; echo baz]
Executing command [ ./script.sh ]
===> libexec/atf/atf-check/atf-check_test:oflag_negated
Result: passed
Duration: 0.164s

Metadata:
    allowed_architectures is empty
    allowed_platforms is empty
    description = Tests for negated occurrences of the -o option
    has_cleanup = false
    required_configs is empty
    required_disk_space = 0
    required_files is empty
    required_memory = 0
    required_programs is empty
    required_user is empty
    timeout = 300

Standard output:
Running [atf-check -o empty] against [echo foo]
Executing command [ ./script.sh ]
Running [atf-check -o not-empty] against [echo foo]
Running [atf-check -o match:foo] against [echo foo bar]
Running [atf-check -o not-match:foo] against [echo foo bar]
Executing command [ ./script.sh ]
===> libexec/atf/atf-check/atf-check_test:oflag_save
Result: passed
Duration: 0.280s

Metadata:
    allowed_architectures is empty
    allowed_platforms is empty
    description = Tests for the -o option using the 'save:' argument
    has_cleanup = false
    required_configs is empty
    required_disk_space = 0
    required_files is empty
    required_memory = 0
    required_programs is empty
    required_user is empty
    timeout = 300

Standard output:
Running [atf-check -o save:out] against [echo foo]
===> libexec/atf/atf-check/atf-check_test:sflag_eq_ne
Result: passed
Duration: 0.566s

Metadata:
    allowed_architectures is empty
    allowed_platforms is empty
    description = Tests for the -s option using the 'eq' and 'ne' qualifiers
    has_cleanup = false
    required_configs is empty
    required_disk_space = 0
    required_files is empty
    required_memory = 0
    required_programs is empty
    required_user is empty
    timeout = 300

Standard output:
Running [atf-check -s eq:0] against [true]
Running [atf-check -s ne:0] against [false]
Running [atf-check -s eq:255] against [exit 255]
Running [atf-check -s ne:255] against [exit 0]
Running [atf-check -s eq:256] against [exit 256]
Running [atf-check -s eq:-1] against [exit -1]
Running [atf-check -s ne:256] against [true]
Running [atf-check -s ne:-1] against [true]
===> libexec/atf/atf-check/atf-check_test:sflag_exit
Result: passed
Duration: 0.368s

Metadata:
    allowed_architectures is empty
    allowed_platforms is empty
    description = Tests for the -s option using the 'exit' qualifier
    has_cleanup = false
    required_configs is empty
    required_disk_space = 0
    required_files is empty
    required_memory = 0
    required_programs is empty
    required_user is empty
    timeout = 300

Standard output:
Running [atf-check -s exit:0] against [true]
Running [atf-check -s not-exit:0] against [false]
Running [atf-check -s exit:255] against [exit 255]
Running [atf-check -s not-exit:255] against [exit 0]
Running [atf-check -s exit:256] against [exit 256]
Running [atf-check -s exit:-1] against [exit -1]
Running [atf-check -s not-exit:256] against [true]
Running [atf-check -s not-exit:-1] against [true]
Running [atf-check -s exit] against [true]
Running [atf-check -s exit] against [false]
Executing command [ /bin/sh -c kill $$ ]

Standard error:
Fail: program did not exit cleanly
stdout:

stderr:

===> libexec/atf/atf-check/atf-check_test:sflag_ignore
Result: passed
Duration: 0.235s

Metadata:
    allowed_architectures is empty
    allowed_platforms is empty
    description = Tests for the -s option using the 'ignore' qualifier
    has_cleanup = false
    required_configs is empty
    required_disk_space = 0
    required_files is empty
    required_memory = 0
    required_programs is empty
    required_user is empty
    timeout = 300

Standard output:
Running [atf-check -s ignore] against [true]
Running [atf-check -s ignore] against [false]

Standard error:
atf-check: ERROR: Invalid status checker
atf-check: See atf-check(1) for usage details.
===> libexec/atf/atf-check/atf-check_test:sflag_signal
Result: passed
Duration: 0.372s

Metadata:
    allowed_architectures is empty
    allowed_platforms is empty
    description = Tests for the -s option using the 'signal' qualifier
    has_cleanup = false
    required_configs is empty
    required_disk_space = 0
    required_files is empty
    required_memory = 0
    required_programs is empty
    required_user is empty
    timeout = 300

Standard output:
Executing command [ /bin/sh -c kill -1 $$ ]
Executing command [ /bin/sh -c kill -1 $$ ]
Executing command [ /bin/sh -c kill -1 $$ ]
Executing command [ /bin/sh -c kill -1 $$ ]
Executing command [ /bin/sh -c kill -9 $$ ]
Executing command [ /bin/sh -c kill -1 $$ ]
Running [atf-check -s signal] against [true]
Executing command [ ./script.sh ]
Running [atf-check -s signal] against [false]
Executing command [ ./script.sh ]

Standard error:
Fail: incorrect signal received: 9, expected: anything else
stdout:

stderr:

===> libexec/atf/atf-check/atf-check_test:stdin
Result: passed
Duration: 0.348s

Metadata:
    allowed_architectures is empty
    allowed_platforms is empty
    description = Tests that stdin is preserved
    has_cleanup = false
    required_configs is empty
    required_disk_space = 0
    required_files is empty
    required_memory = 0
    required_programs is empty
    required_user is empty
    timeout = 300

Standard output:
Executing command [ cat ]
===> libexec/atf/atf-check/atf-check_test:xflag
Result: passed
Duration: 0.304s

Metadata:
    allowed_architectures is empty
    allowed_platforms is empty
    description = Tests for the -x option
    has_cleanup = false
    required_configs is empty
    required_disk_space = 0
    required_files is empty
    required_memory = 0
    required_programs is empty
    required_user is empty
    timeout = 300

Standard output:
Executing command [ echo foo 2>&1 ]
Executing command [ /bin/sh -c echo foo 1>&2 ]
Executing command [ /bin/sh -c echo foo ]
===> libexec/atf/atf-sh/atf_check_test:equal
Result: passed
Duration: 0.349s

Metadata:
    allowed_architectures is empty
    allowed_platforms is empty
    description = Verifies that atf_check_equal works
    has_cleanup = false
    required_configs is empty
    required_disk_space = 0
    required_files is empty
    required_memory = 0
    required_programs is empty
    required_user is empty
    timeout = 300

Standard output:
Executing command [ /bin/sh -c /usr/tests/libexec/atf/atf-sh/misc_helpers -s /usr/tests/libexec/atf/atf-sh atf_check_equal_ok ]
Executing command [ /bin/sh -c /usr/tests/libexec/atf/atf-sh/misc_helpers -s /usr/tests/libexec/atf/atf-sh -r resfile atf_check_equal_fail ]
Executing command [ grep ^failed: a != b (a != b)$ resfile ]
Executing command [ /bin/sh -c /usr/tests/libexec/atf/atf-sh/misc_helpers -s /usr/tests/libexec/atf/atf-sh atf_check_equal_eval_ok ]
Executing command [ /bin/sh -c /usr/tests/libexec/atf/atf-sh/misc_helpers -s /usr/tests/libexec/atf/atf-sh -r resfile atf_check_equal_eval_fail ]
Executing command [ grep ^failed: \${x} != \${y} (a != b)$ resfile ]
===> libexec/atf/atf-sh/atf_check_test:experr_mismatch
Result: passed
Duration: 0.877s

Metadata:
    allowed_architectures is empty
    allowed_platforms is empty
    description = Verifies that atf_check prints a diff of the stderr and the expected stderr if the two do not match
    has_cleanup = false
    required_configs is empty
    required_disk_space = 0
    required_files is empty
    required_memory = 0
    required_programs is empty
    required_user is empty
    timeout = 300

Standard output:
Executing command [ /bin/sh -c /usr/tests/libexec/atf/atf-sh/misc_helpers -s /usr/tests/libexec/atf/atf-sh atf_check_experr_mismatch ]
===> libexec/atf/atf-sh/atf_check_test:expout_mismatch
Result: passed
Duration: 0.259s

Metadata:
    allowed_architectures is empty
    allowed_platforms is empty
    description = Verifies that atf_check prints a diff of the stdout and the expected stdout if the two do not match
    has_cleanup = false
    required_configs is empty
    required_disk_space = 0
    required_files is empty
    required_memory = 0
    required_programs is empty
    required_user is empty
    timeout = 300

Standard output:
Executing command [ /bin/sh -c /usr/tests/libexec/atf/atf-sh/misc_helpers -s /usr/tests/libexec/atf/atf-sh atf_check_expout_mismatch ]
===> libexec/atf/atf-sh/atf_check_test:flush_stdout_on_death
Result: passed
Duration: 1.672s

Metadata:
    allowed_architectures is empty
    allowed_platforms is empty
    description is empty
    has_cleanup = false
    required_configs is empty
    required_disk_space = 0
    required_files is empty
    required_memory = 0
    required_programs is empty
    required_user is empty
    timeout = 300

Standard output:
Still waiting for helper to create control file
err
out
Executing command [ true ]
Executing command [ false ]
===> libexec/atf/atf-sh/atf_check_test:info_ok
Result: passed
Duration: 0.467s

Metadata:
    allowed_architectures is empty
    allowed_platforms is empty
    description = Verifies that atf_check prints an informative message even when the command is successful
    has_cleanup = false
    required_configs is empty
    required_disk_space = 0
    required_files is empty
    required_memory = 0
    required_programs is empty
    required_user is empty
    timeout = 300

Standard output:
Executing command [ /bin/sh -c /usr/tests/libexec/atf/atf-sh/misc_helpers -s /usr/tests/libexec/atf/atf-sh atf_check_info_ok ]
Executing command [ /bin/sh -c /usr/tests/libexec/atf/atf-sh/misc_helpers -s /usr/tests/libexec/atf/atf-sh atf_check_info_fail ]
===> libexec/atf/atf-sh/atf_check_test:null_stderr
Result: passed
Duration: 0.410s

Metadata:
    allowed_architectures is empty
    allowed_platforms is empty
    description = Verifies that atf_check prints a the stderr it got when it was supposed to be null
    has_cleanup = false
    required_configs is empty
    required_disk_space = 0
    required_files is empty
    required_memory = 0
    required_programs is empty
    required_user is empty
    timeout = 300

Standard output:
Executing command [ /bin/sh -c /usr/tests/libexec/atf/atf-sh/misc_helpers -s /usr/tests/libexec/atf/atf-sh atf_check_null_stderr ]
===> libexec/atf/atf-sh/atf_check_test:null_stdout
Result: passed
Duration: 0.191s

Metadata:
    allowed_architectures is empty
    allowed_platforms is empty
    description = Verifies that atf_check prints a the stdout it got when it was supposed to be null
    has_cleanup = false
    required_configs is empty
    required_disk_space = 0
    required_files is empty
    required_memory = 0
    required_programs is empty
    required_user is empty
    timeout = 300

Standard output:
Executing command [ /bin/sh -c /usr/tests/libexec/atf/atf-sh/misc_helpers -s /usr/tests/libexec/atf/atf-sh atf_check_null_stdout ]
===> libexec/atf/atf-sh/config_test:get
Result: passed
Duration: 0.292s

Metadata:
    allowed_architectures is empty
    allowed_platforms is empty
    description = Verifies that atf_config_get works
    has_cleanup = false
    required_configs is empty
    required_disk_space = 0
    required_files is empty
    required_memory = 0
    required_programs is empty
    required_user is empty
    timeout = 300

Standard output:
Querying an undefined variable
config_test: ERROR: Could not find configuration variable `undefined'
Querying an undefined variable using a default value
Executing command [ /bin/sh -c TEST_VARIABLE=foo /usr/tests/libexec/atf/atf-sh/misc_helpers -s /usr/tests/libexec/atf/atf-sh -v foo=bar config_get ]
Executing command [ /bin/sh -c TEST_VARIABLE=foo /usr/tests/libexec/atf/atf-sh/misc_helpers -s /usr/tests/libexec/atf/atf-sh -v foo=baz config_get ]
===> libexec/atf/atf-sh/config_test:has
Result: passed
Duration: 0.194s

Metadata:
    allowed_architectures is empty
    allowed_platforms is empty
    description = Verifies that atf_config_has works
    has_cleanup = false
    required_configs is empty
    required_disk_space = 0
    required_files is empty
    required_memory = 0
    required_programs is empty
    required_user is empty
    timeout = 300

Standard output:
Executing command [ /bin/sh -c TEST_VARIABLE=foo /usr/tests/libexec/atf/atf-sh/misc_helpers -s /usr/tests/libexec/atf/atf-sh config_has ]
Executing command [ /bin/sh -c TEST_VARIABLE=foo /usr/tests/libexec/atf/atf-sh/misc_helpers -s /usr/tests/libexec/atf/atf-sh -v foo=bar config_has ]
Checking for deprecated variables
Executing command [ /bin/sh -c TEST_VARIABLE=workdir /usr/tests/libexec/atf/atf-sh/misc_helpers -s /usr/tests/libexec/atf/atf-sh config_has ]
===> libexec/atf/atf-sh/integration_test:arguments
Result: passed
Duration: 0.178s

Metadata:
    allowed_architectures is empty
    allowed_platforms is empty
    description is empty
    has_cleanup = false
    required_configs is empty
    required_disk_space = 0
    required_files is empty
    required_memory = 0
    required_programs is empty
    required_user is empty
    timeout = 300

Standard output:
Executing command [ ./tp  a b  foo ]
Executing command [ /usr/libexec/atf-sh tp  hello bye  foo bar ]
===> libexec/atf/atf-sh/integration_test:custom_shell__command_line
Result: passed
Duration: 0.102s

Metadata:
    allowed_architectures is empty
    allowed_platforms is empty
    description is empty
    has_cleanup = false
    required_configs is empty
    required_disk_space = 0
    required_files is empty
    required_memory = 0
    required_programs is empty
    required_user is empty
    timeout = 300

Standard output:
Executing command [ /usr/libexec/atf-sh -s ./custom-shell tp ]
===> libexec/atf/atf-sh/integration_test:custom_shell__shebang
Result: passed
Duration: 0.119s

Metadata:
    allowed_architectures is empty
    allowed_platforms is empty
    description is empty
    has_cleanup = false
    required_configs is empty
    required_disk_space = 0
    required_files is empty
    required_memory = 0
    required_programs is empty
    required_user is empty
    timeout = 300

Standard output:
Executing command [ ./tp ]
===> libexec/atf/atf-sh/integration_test:missing_script
Result: passed
Duration: 0.132s

Metadata:
    allowed_architectures is empty
    allowed_platforms is empty
    description is empty
    has_cleanup = false
    required_configs is empty
    required_disk_space = 0
    required_files is empty
    required_memory = 0
    required_programs is empty
    required_user is empty
    timeout = 300

Standard output:
Executing command [ /usr/libexec/atf-sh non-existent ]
===> libexec/atf/atf-sh/integration_test:no_args
Result: passed
Duration: 0.631s

Metadata:
    allowed_architectures is empty
    allowed_platforms is empty
    description is empty
    has_cleanup = false
    required_configs is empty
    required_disk_space = 0
    required_files is empty
    required_memory = 0
    required_programs is empty
    required_user is empty
    timeout = 300

Standard output:
Executing command [ /usr/libexec/atf-sh ]
===> libexec/atf/atf-sh/integration_test:set_e
Result: passed
Duration: 0.193s

Metadata:
    allowed_architectures is empty
    allowed_platforms is empty
    description = Simple test to validate that atf-sh works even when set -e is enabled
    has_cleanup = false
    required_configs is empty
    required_disk_space = 0
    required_files is empty
    required_memory = 0
    required_programs is empty
    required_user is empty
    timeout = 300

Standard output:
Executing command [ /usr/libexec/atf-sh -s ./custom-shell tp helper ]
===> libexec/atf/atf-sh/normalize_test:main
Result: passed
Duration: 0.422s

Metadata:
    allowed_architectures is empty
    allowed_platforms is empty
    description = Verifies that variable names with symbols not allowed as part of shell variable names work
    has_cleanup = false
    required_configs is empty
    required_disk_space = 0
    required_files is empty
    required_memory = 0
    required_programs is empty
    required_user is empty
    timeout = 300

Standard output:
Executing command [ /usr/tests/libexec/atf/atf-sh/misc_helpers -s /usr/tests/libexec/atf/atf-sh normalize ]
===> libexec/atf/atf-sh/tc_test:default_status
Result: passed
Duration: 0.219s

Metadata:
    allowed_architectures is empty
    allowed_platforms is empty
    description = Verifies that test cases get the correct default status if they did not provide any
    has_cleanup = false
    required_configs is empty
    required_disk_space = 0
    required_files is empty
    required_memory = 0
    required_programs is empty
    required_user is empty
    timeout = 300

Standard output:
Executing command [ /usr/tests/libexec/atf/atf-sh/misc_helpers -s /usr/tests/libexec/atf/atf-sh tc_pass_true ]
Executing command [ /usr/tests/libexec/atf/atf-sh/misc_helpers -s /usr/tests/libexec/atf/atf-sh tc_pass_false ]
Executing command [ /usr/tests/libexec/atf/atf-sh/misc_helpers -s /usr/tests/libexec/atf/atf-sh tc_pass_return_error ]
Executing command [ /usr/tests/libexec/atf/atf-sh/misc_helpers -s /usr/tests/libexec/atf/atf-sh tc_fail ]
===> libexec/atf/atf-sh/tc_test:missing_body
Result: passed
Duration: 0.123s

Metadata:
    allowed_architectures is empty
    allowed_platforms is empty
    description = Verifies that test cases without a body are reported as failed
    has_cleanup = false
    required_configs is empty
    required_disk_space = 0
    required_files is empty
    required_memory = 0
    required_programs is empty
    required_user is empty
    timeout = 300

Standard output:
Executing command [ /usr/tests/libexec/atf/atf-sh/misc_helpers -s /usr/tests/libexec/atf/atf-sh tc_missing_body ]
===> libexec/atf/atf-sh/tp_test:srcdir
Result: passed
Duration: 0.231s

Metadata:
    allowed_architectures is empty
    allowed_platforms is empty
    description = Verifies that the source directory can be queried from the initialization function
    has_cleanup = false
    required_configs is empty
    required_disk_space = 0
    required_files is empty
    required_memory = 0
    required_programs is empty
    required_user is empty
    timeout = 300

Standard output:
Executing command [ cp /usr/tests/libexec/atf/atf-sh/misc_helpers work ]
Executing command [ ./work/misc_helpers -s /tmp/kyua.atf-tester.7Omv2u/work tp_srcdir ]
===> libexec/rtld-elf/ld_library_pathfds:bad_library_directories
Result: passed
Duration: 1.008s

Metadata:
    allowed_architectures is empty
    allowed_platforms is empty
    description is empty
    has_cleanup = false
    required_configs is empty
    required_disk_space = 0
    required_files is empty
    required_memory = 0
    required_programs is empty
    required_user is empty
    timeout = 300

Standard output:
subprocess stderr: Shared object "libpythagoras.so.0" not found, required by "target"
===> libexec/rtld-elf/ld_library_pathfds:first_library_directory
Result: passed
Duration: 0.242s

Metadata:
    allowed_architectures is empty
    allowed_platforms is empty
    description is empty
    has_cleanup = false
    required_configs is empty
    required_disk_space = 0
    required_files is empty
    required_memory = 0
    required_programs is empty
    required_user is empty
    timeout = 300

Standard output:
subprocess stdout: the hypotenuse of 3 and 4 is 5
===> libexec/rtld-elf/ld_library_pathfds:last_library_directory
Result: passed
Duration: 0.163s

Metadata:
    allowed_architectures is empty
    allowed_platforms is empty
    description is empty
    has_cleanup = false
    required_configs is empty
    required_disk_space = 0
    required_files is empty
    required_memory = 0
    required_programs is empty
    required_user is empty
    timeout = 300

Standard output:
subprocess stdout: the hypotenuse of 3 and 4 is 5
===> libexec/rtld-elf/ld_library_pathfds:middle_library_directory
Result: passed
Duration: 0.195s

Metadata:
    allowed_architectures is empty
    allowed_platforms is empty
    description is empty
    has_cleanup = false
    required_configs is empty
    required_disk_space = 0
    required_files is empty
    required_memory = 0
    required_programs is empty
    required_user is empty
    timeout = 300

Standard output:
subprocess stdout: the hypotenuse of 3 and 4 is 5
===> libexec/rtld-elf/ld_library_pathfds:missing_library
Result: passed
Duration: 0.213s

Metadata:
    allowed_architectures is empty
    allowed_platforms is empty
    description is empty
    has_cleanup = false
    required_configs is empty
    required_disk_space = 0
    required_files is empty
    required_memory = 0
    required_programs is empty
    required_user is empty
    timeout = 300

Standard output:
subprocess stderr: Shared object "libpythagoras.so.0" not found, required by "target"
===> libexec/rtld-elf/ld_library_pathfds:single_library_directory
Result: passed
Duration: 0.187s

Metadata:
    allowed_architectures is empty
    allowed_platforms is empty
    description is empty
    has_cleanup = false
    required_configs is empty
    required_disk_space = 0
    required_files is empty
    required_memory = 0
    required_programs is empty
    required_user is empty
    timeout = 300

Standard output:
subprocess stdout: the hypotenuse of 3 and 4 is 5
===> libexec/rtld-elf/ld_library_pathfds:wrong_library_directories
Result: passed
Duration: 0.191s

Metadata:
    allowed_architectures is empty
    allowed_platforms is empty
    description is empty
    has_cleanup = false
    required_configs is empty
    required_disk_space = 0
    required_files is empty
    required_memory = 0
    required_programs is empty
    required_user is empty
    timeout = 300

Standard output:
subprocess stderr: Shared object "libpythagoras.so.0" not found, required by "target"
===> local/atf/atf-c++/atf_c++_test:include
Result: passed
Duration: 1.207s

Metadata:
    allowed_architectures is empty
    allowed_platforms is empty
    description = Tests that the atf-c++.hpp file can be included on its own, without any prerequisites
    has_cleanup = false
    required_configs is empty
    required_disk_space = 0
    required_files is empty
    required_memory = 0
    required_programs is empty
    required_user is empty
    timeout = 300

Standard output:
> c++ -O2 -pipe -fstack-protector -fno-strict-aliasing -D_FORTIFY_SOURCE=2 -Wall -Wcast-qual -Wextra -Wpointer-arith -Wredundant-decls -Wreturn-type -Wshadow -Wsign-compare -Wswitch -Wwrite-strings -DNDEBUG -Wabi -Wctor-dtor-privacy -Wno-deprecated -Wnon-virtual-dtor -Woverloaded-virtual -Wreorder -Wsign-promo -Wsynth -I/usr/local/include -Wall -Werror -o test.o -c test.cpp
===> local/atf/atf-c++/build_test:c_o
Result: passed
Duration: 0.056s

Metadata:
    allowed_architectures is empty
    allowed_platforms is empty
    description = Tests the c_o function
    has_cleanup = false
    required_configs is empty
    required_disk_space = 0
    required_files is empty
    required_memory = 0
    required_programs is empty
    required_user is empty
    timeout = 300

Standard output:
> Test: No flags
Setting ATF_BUILD_CC to 'cc'
Setting ATF_BUILD_CFLAGS to ''
Setting ATF_BUILD_CPPFLAGS to ''
Expected arguments: 'cc' '-o' 'test.o' '-c' 'test.c'
Arguments returned: 'cc' '-o' 'test.o' '-c' 'test.c'
> Test: Multi-word program name
Setting ATF_BUILD_CC to 'cc -foo'
Setting ATF_BUILD_CFLAGS to ''
Setting ATF_BUILD_CPPFLAGS to ''
Expected arguments: 'cc' '-foo' '-o' 'test.o' '-c' 'test.c'
Arguments returned: 'cc' '-foo' '-o' 'test.o' '-c' 'test.c'
> Test: Some cflags
Setting ATF_BUILD_CC to 'cc'
Setting ATF_BUILD_CFLAGS to '-f1 -f2    -f3 -f4-f5'
Setting ATF_BUILD_CPPFLAGS to ''
Expected arguments: 'cc' '-f1' '-f2' '-f3' '-f4-f5' '-o' 'test.o' '-c' 'test.c'
Arguments returned: 'cc' '-f1' '-f2' '-f3' '-f4-f5' '-o' 'test.o' '-c' 'test.c'
> Test: Some cppflags
Setting ATF_BUILD_CC to 'cc'
Setting ATF_BUILD_CFLAGS to ''
Setting ATF_BUILD_CPPFLAGS to '-f1 -f2    -f3 -f4-f5'
Expected arguments: 'cc' '-f1' '-f2' '-f3' '-f4-f5' '-o' 'test.o' '-c' 'test.c'
Arguments returned: 'cc' '-f1' '-f2' '-f3' '-f4-f5' '-o' 'test.o' '-c' 'test.c'
> Test: Some cflags and cppflags
Setting ATF_BUILD_CC to 'cc'
Setting ATF_BUILD_CFLAGS to '-f2'
Setting ATF_BUILD_CPPFLAGS to '-f1'
Expected arguments: 'cc' '-f1' '-f2' '-o' 'test.o' '-c' 'test.c'
Arguments returned: 'cc' '-f1' '-f2' '-o' 'test.o' '-c' 'test.c'
> Test: Some optional arguments
Setting ATF_BUILD_CC to 'cc'
Setting ATF_BUILD_CFLAGS to ''
Setting ATF_BUILD_CPPFLAGS to ''
Expected arguments: 'cc' '-o1' '-o2' '-o' 'test.o' '-c' 'test.c'
Arguments returned: 'cc' '-o1' '-o2' '-o' 'test.o' '-c' 'test.c'
> Test: Some cflags, cppflags and optional arguments
Setting ATF_BUILD_CC to 'cc'
Setting ATF_BUILD_CFLAGS to '-f2'
Setting ATF_BUILD_CPPFLAGS to '-f1'
Expected arguments: 'cc' '-f1' '-f2' '-o1' '-o2' '-o' 'test.o' '-c' 'test.c'
Arguments returned: 'cc' '-f1' '-f2' '-o1' '-o2' '-o' 'test.o' '-c' 'test.c'
===> local/atf/atf-c++/build_test:cpp
Result: passed
Duration: 0.052s

Metadata:
    allowed_architectures is empty
    allowed_platforms is empty
    description = Tests the cpp function
    has_cleanup = false
    required_configs is empty
    required_disk_space = 0
    required_files is empty
    required_memory = 0
    required_programs is empty
    required_user is empty
    timeout = 300

Standard output:
> Test: No flags
Setting ATF_BUILD_CPP to 'cpp'
Setting ATF_BUILD_CPPFLAGS to ''
Expected arguments: 'cpp' '-o' 'test.out' 'test.c'
Arguments returned: 'cpp' '-o' 'test.out' 'test.c'
> Test: Multi-word program name
Setting ATF_BUILD_CPP to 'cpp -foo'
Setting ATF_BUILD_CPPFLAGS to ''
Expected arguments: 'cpp' '-foo' '-o' 'test.out' 'test.c'
Arguments returned: 'cpp' '-foo' '-o' 'test.out' 'test.c'
> Test: Some cppflags
Setting ATF_BUILD_CPP to 'cpp'
Setting ATF_BUILD_CPPFLAGS to '-f1 -f2    -f3 -f4-f5'
Expected arguments: 'cpp' '-f1' '-f2' '-f3' '-f4-f5' '-o' 'test.out' 'test.c'
Arguments returned: 'cpp' '-f1' '-f2' '-f3' '-f4-f5' '-o' 'test.out' 'test.c'
> Test: Some optional arguments
Setting ATF_BUILD_CPP to 'cpp'
Setting ATF_BUILD_CPPFLAGS to ''
Expected arguments: 'cpp' '-o1' '-o2' '-o' 'test.out' 'test.c'
Arguments returned: 'cpp' '-o1' '-o2' '-o' 'test.out' 'test.c'
> Test: Some cppflags and optional arguments
Setting ATF_BUILD_CPP to 'cpp'
Setting ATF_BUILD_CPPFLAGS to '-f1'
Expected arguments: 'cpp' '-f1' '-o1' '-o2' '-o' 'test.out' 'test.c'
Arguments returned: 'cpp' '-f1' '-o1' '-o2' '-o' 'test.out' 'test.c'
===> local/atf/atf-c++/build_test:cxx_o
Result: passed
Duration: 0.041s

Metadata:
    allowed_architectures is empty
    allowed_platforms is empty
    description = Tests the cxx_o function
    has_cleanup = false
    required_configs is empty
    required_disk_space = 0
    required_files is empty
    required_memory = 0
    required_programs is empty
    required_user is empty
    timeout = 300

Standard output:
> Test: No flags
Setting ATF_BUILD_CXX to 'c++'
Setting ATF_BUILD_CXXFLAGS to ''
Setting ATF_BUILD_CPPFLAGS to ''
Expected arguments: 'c++' '-o' 'test.o' '-c' 'test.c'
Arguments returned: 'c++' '-o' 'test.o' '-c' 'test.c'
> Test: Multi-word program name
Setting ATF_BUILD_CXX to 'c++ -foo'
Setting ATF_BUILD_CXXFLAGS to ''
Setting ATF_BUILD_CPPFLAGS to ''
Expected arguments: 'c++' '-foo' '-o' 'test.o' '-c' 'test.c'
Arguments returned: 'c++' '-foo' '-o' 'test.o' '-c' 'test.c'
> Test: Some cxxflags
Setting ATF_BUILD_CXX to 'c++'
Setting ATF_BUILD_CXXFLAGS to '-f1 -f2    -f3 -f4-f5'
Setting ATF_BUILD_CPPFLAGS to ''
Expected arguments: 'c++' '-f1' '-f2' '-f3' '-f4-f5' '-o' 'test.o' '-c' 'test.c'
Arguments returned: 'c++' '-f1' '-f2' '-f3' '-f4-f5' '-o' 'test.o' '-c' 'test.c'
> Test: Some cppflags
Setting ATF_BUILD_CXX to 'c++'
Setting ATF_BUILD_CXXFLAGS to ''
Setting ATF_BUILD_CPPFLAGS to '-f1 -f2    -f3 -f4-f5'
Expected arguments: 'c++' '-f1' '-f2' '-f3' '-f4-f5' '-o' 'test.o' '-c' 'test.c'
Arguments returned: 'c++' '-f1' '-f2' '-f3' '-f4-f5' '-o' 'test.o' '-c' 'test.c'
> Test: Some cxxflags and cppflags
Setting ATF_BUILD_CXX to 'c++'
Setting ATF_BUILD_CXXFLAGS to '-f2'
Setting ATF_BUILD_CPPFLAGS to '-f1'
Expected arguments: 'c++' '-f1' '-f2' '-o' 'test.o' '-c' 'test.c'
Arguments returned: 'c++' '-f1' '-f2' '-o' 'test.o' '-c' 'test.c'
> Test: Some optional arguments
Setting ATF_BUILD_CXX to 'c++'
Setting ATF_BUILD_CXXFLAGS to ''
Setting ATF_BUILD_CPPFLAGS to ''
Expected arguments: 'c++' '-o1' '-o2' '-o' 'test.o' '-c' 'test.c'
Arguments returned: 'c++' '-o1' '-o2' '-o' 'test.o' '-c' 'test.c'
> Test: Some cxxflags, cppflags and optional arguments
Setting ATF_BUILD_CXX to 'c++'
Setting ATF_BUILD_CXXFLAGS to '-f2'
Setting ATF_BUILD_CPPFLAGS to '-f1'
Expected arguments: 'c++' '-f1' '-f2' '-o1' '-o2' '-o' 'test.o' '-c' 'test.c'
Arguments returned: 'c++' '-f1' '-f2' '-o1' '-o2' '-o' 'test.o' '-c' 'test.c'
===> local/atf/atf-c++/build_test:equal_argvs
Result: passed
Duration: 0.038s

Metadata:
    allowed_architectures is empty
    allowed_platforms is empty
    description = Tests the test case internal equal_argvs function
    has_cleanup = false
    required_configs is empty
    required_disk_space = 0
    required_files is empty
    required_memory = 0
    required_programs is empty
    required_user is empty
    timeout = 300
===> local/atf/atf-c++/check_test:build_c_o
Result: passed
Duration: 0.198s

Metadata:
    allowed_architectures is empty
    allowed_platforms is empty
    description = Tests the build_c_o function
    has_cleanup = false
    required_configs is empty
    required_disk_space = 0
    required_files is empty
    required_memory = 0
    required_programs is empty
    required_user is empty
    timeout = 300

Standard output:
Looking for '-o test.o' in '> cc -O2 -pipe -fstack-protector -fno-strict-aliasing -D_FORTIFY_SOURCE=2 -Wall -Wcast-qual -Wextra -Wpointer-arith -Wredundant-decls -Wreturn-type -Wshadow -Wsign-compare -Wswitch -Wwrite-strings -DNDEBUG -Wmissing-prototypes -Wstrict-prototypes -o test.o -c test.c'
Looking for '-c test.c' in '> cc -O2 -pipe -fstack-protector -fno-strict-aliasing -D_FORTIFY_SOURCE=2 -Wall -Wcast-qual -Wextra -Wpointer-arith -Wredundant-decls -Wreturn-type -Wshadow -Wsign-compare -Wswitch -Wwrite-strings -DNDEBUG -Wmissing-prototypes -Wstrict-prototypes -o test.o -c test.c'
Looking for '-o test.o' in '> cc -O2 -pipe -fstack-protector -fno-strict-aliasing -D_FORTIFY_SOURCE=2 -Wall -Wcast-qual -Wextra -Wpointer-arith -Wredundant-decls -Wreturn-type -Wshadow -Wsign-compare -Wswitch -Wwrite-strings -DNDEBUG -Wmissing-prototypes -Wstrict-prototypes -o test.o -c test.c'
Looking for '-c test.c' in '> cc -O2 -pipe -fstack-protector -fno-strict-aliasing -D_FORTIFY_SOURCE=2 -Wall -Wcast-qual -Wextra -Wpointer-arith -Wredundant-decls -Wreturn-type -Wshadow -Wsign-compare -Wswitch -Wwrite-strings -DNDEBUG -Wmissing-prototypes -Wstrict-prototypes -o test.o -c test.c'
Looking for 'test.c' in 'test.c:1:6: warning: no previous prototype for function 'foo' [-Wmissing-prototypes]'
Looking for 'UNDEFINED_SYMBOL' in 'test.c:1:6: warning: no previous prototype for function 'foo' [-Wmissing-prototypes]'
Looking for 'UNDEFINED_SYMBOL' in 'void foo(void) { int a = UNDEFINED_SYMBOL; }'
===> local/atf/atf-c++/check_test:build_cpp
Result: passed
Duration: 0.182s

Metadata:
    allowed_architectures is empty
    allowed_platforms is empty
    description = Tests the build_cpp function
    has_cleanup = false
    required_configs is empty
    required_disk_space = 0
    required_files is empty
    required_memory = 0
    required_programs is empty
    required_user is empty
    timeout = 300

Standard output:
Looking for '-o.*test.p' in '> cpp -o test.p test.c'
Looking for 'test.c' in '> cpp -o test.p test.c'
Looking for 'foo bar' in '# 1 "test.c"'
Looking for 'foo bar' in '# 1 "<built-in>" 1'
Looking for 'foo bar' in '# 1 "<built-in>" 3'
Looking for 'foo bar' in '# 311 "<built-in>" 3'
Looking for 'foo bar' in '# 1 "<command line>" 1'
Looking for 'foo bar' in '# 1 "<built-in>" 2'
Looking for 'foo bar' in '# 1 "test.c" 2'
Looking for 'foo bar' in ''
Looking for 'foo bar' in ''
Looking for 'foo bar' in 'foo bar'
Looking for '-o test.p' in '> cpp -o test.p test.c'
Looking for 'test.c' in '> cpp -o test.p test.c'
Looking for 'test.c' in 'test.c:1:10: fatal error: './non-existent.h' file not found'
Looking for 'non-existent.h' in 'test.c:1:10: fatal error: './non-existent.h' file not found'
===> local/atf/atf-c++/check_test:build_cxx_o
Result: passed
Duration: 1.099s

Metadata:
    allowed_architectures is empty
    allowed_platforms is empty
    description = Tests the build_cxx_o function
    has_cleanup = false
    required_configs is empty
    required_disk_space = 0
    required_files is empty
    required_memory = 0
    required_programs is empty
    required_user is empty
    timeout = 300

Standard output:
Looking for '-o test.o' in '> c++ -O2 -pipe -fstack-protector -fno-strict-aliasing -D_FORTIFY_SOURCE=2 -Wall -Wcast-qual -Wextra -Wpointer-arith -Wredundant-decls -Wreturn-type -Wshadow -Wsign-compare -Wswitch -Wwrite-strings -DNDEBUG -Wabi -Wctor-dtor-privacy -Wno-deprecated -Wnon-virtual-dtor -Woverloaded-virtual -Wreorder -Wsign-promo -Wsynth -o test.o -c test.cpp'
Looking for '-c test.cpp' in '> c++ -O2 -pipe -fstack-protector -fno-strict-aliasing -D_FORTIFY_SOURCE=2 -Wall -Wcast-qual -Wextra -Wpointer-arith -Wredundant-decls -Wreturn-type -Wshadow -Wsign-compare -Wswitch -Wwrite-strings -DNDEBUG -Wabi -Wctor-dtor-privacy -Wno-deprecated -Wnon-virtual-dtor -Woverloaded-virtual -Wreorder -Wsign-promo -Wsynth -o test.o -c test.cpp'
Looking for '-o test.o' in '> c++ -O2 -pipe -fstack-protector -fno-strict-aliasing -D_FORTIFY_SOURCE=2 -Wall -Wcast-qual -Wextra -Wpointer-arith -Wredundant-decls -Wreturn-type -Wshadow -Wsign-compare -Wswitch -Wwrite-strings -DNDEBUG -Wabi -Wctor-dtor-privacy -Wno-deprecated -Wnon-virtual-dtor -Woverloaded-virtual -Wreorder -Wsign-promo -Wsynth -o test.o -c test.cpp'
Looking for '-c test.cpp' in '> c++ -O2 -pipe -fstack-protector -fno-strict-aliasing -D_FORTIFY_SOURCE=2 -Wall -Wcast-qual -Wextra -Wpointer-arith -Wredundant-decls -Wreturn-type -Wshadow -Wsign-compare -Wswitch -Wwrite-strings -DNDEBUG -Wabi -Wctor-dtor-privacy -Wno-deprecated -Wnon-virtual-dtor -Woverloaded-virtual -Wreorder -Wsign-promo -Wsynth -o test.o -c test.cpp'
Looking for 'test.cpp' in 'test.cpp:1:26: error: use of undeclared identifier 'UNDEFINED_SYMBOL''
Looking for 'UNDEFINED_SYMBOL' in 'test.cpp:1:26: error: use of undeclared identifier 'UNDEFINED_SYMBOL''
===> local/atf/atf-c++/check_test:exec_cleanup
Result: passed
Duration: 0.159s

Metadata:
    allowed_architectures is empty
    allowed_platforms is empty
    description = Tests that exec properly cleans up the temporary files it creates
    has_cleanup = false
    required_configs is empty
    required_disk_space = 0
    required_files is empty
    required_memory = 0
    required_programs is empty
    required_user is empty
    timeout = 300

Standard output:
Executing /usr/tests/local/atf/atf-c++/../atf-c/detail/process_helpers exit-success
===> local/atf/atf-c++/check_test:exec_exitstatus
Result: passed
Duration: 0.119s

Metadata:
    allowed_architectures is empty
    allowed_platforms is empty
    description = Tests that exec properly captures the exit status of the executed command
    has_cleanup = false
    required_configs is empty
    required_disk_space = 0
    required_files is empty
    required_memory = 0
    required_programs is empty
    required_user is empty
    timeout = 300

Standard output:
Executing /usr/tests/local/atf/atf-c++/../atf-c/detail/process_helpers exit-success
Executing /usr/tests/local/atf/atf-c++/../atf-c/detail/process_helpers exit-failure
Executing /usr/tests/local/atf/atf-c++/../atf-c/detail/process_helpers exit-signal
===> local/atf/atf-c++/check_test:exec_stdout_stderr
Result: passed
Duration: 0.102s

Metadata:
    allowed_architectures is empty
    allowed_platforms is empty
    description = Tests that exec properly captures the stdout and stderr streams of the child process
    has_cleanup = false
    required_configs is empty
    required_disk_space = 0
    required_files is empty
    required_memory = 0
    required_programs is empty
    required_user is empty
    timeout = 300

Standard output:
Executing /usr/tests/local/atf/atf-c++/../atf-c/detail/process_helpers stdout-stderr result1
Executing /usr/tests/local/atf/atf-c++/../atf-c/detail/process_helpers stdout-stderr result2
===> local/atf/atf-c++/check_test:exec_unknown
Result: passed
Duration: 0.170s

Metadata:
    allowed_architectures is empty
    allowed_platforms is empty
    description = Tests that running a non-existing binary is handled correctly
    has_cleanup = false
    required_configs is empty
    required_disk_space = 0
    required_files is empty
    required_memory = 0
    required_programs is empty
    required_user is empty
    timeout = 300
===> local/atf/atf-c++/detail/application_test:getopt
Result: passed
Duration: 0.134s

Metadata:
    allowed_architectures is empty
    allowed_platforms is empty
    description is empty
    has_cleanup = false
    required_configs is empty
    required_disk_space = 0
    required_files is empty
    required_memory = 0
    required_programs is empty
    required_user is empty
    timeout = 300
===> local/atf/atf-c++/detail/auto_array_test:auto_array_access
Result: passed
Duration: 0.144s

Metadata:
    allowed_architectures is empty
    allowed_platforms is empty
    description = Tests the auto_array smart pointer class' access operator
    has_cleanup = false
    required_configs is empty
    required_disk_space = 0
    required_files is empty
    required_memory = 0
    required_programs is empty
    required_user is empty
    timeout = 300

Standard output:
Allocated 'test_array' object 0x8020068e0
Releasing 'test_array' object 0x8020068e0
===> local/atf/atf-c++/detail/auto_array_test:auto_array_assign
Result: passed
Duration: 0.147s

Metadata:
    allowed_architectures is empty
    allowed_platforms is empty
    description = Tests the auto_array smart pointer class' assignment operator
    has_cleanup = false
    required_configs is empty
    required_disk_space = 0
    required_files is empty
    required_memory = 0
    required_programs is empty
    required_user is empty
    timeout = 300

Standard output:
Allocated 'test_array' object 0x8020068e0
Releasing 'test_array' object 0x8020068e0
===> local/atf/atf-c++/detail/auto_array_test:auto_array_assign_ref
Result: passed
Duration: 0.244s

Metadata:
    allowed_architectures is empty
    allowed_platforms is empty
    description = Tests the auto_array smart pointer class' assignment operator through the auxiliary auto_array_ref object
    has_cleanup = false
    required_configs is empty
    required_disk_space = 0
    required_files is empty
    required_memory = 0
    required_programs is empty
    required_user is empty
    timeout = 300

Standard output:
Allocated 'test_array' object 0x8020068e0
Releasing 'test_array' object 0x8020068e0
===> local/atf/atf-c++/detail/auto_array_test:auto_array_copy
Result: passed
Duration: 0.083s

Metadata:
    allowed_architectures is empty
    allowed_platforms is empty
    description = Tests the auto_array smart pointer class' copy constructor
    has_cleanup = false
    required_configs is empty
    required_disk_space = 0
    required_files is empty
    required_memory = 0
    required_programs is empty
    required_user is empty
    timeout = 300

Standard output:
Allocated 'test_array' object 0x8020068e0
Releasing 'test_array' object 0x8020068e0
===> local/atf/atf-c++/detail/auto_array_test:auto_array_copy_ref
Result: passed
Duration: 0.131s

Metadata:
    allowed_architectures is empty
    allowed_platforms is empty
    description = Tests the auto_array smart pointer class' copy constructor through the auxiliary auto_array_ref object
    has_cleanup = false
    required_configs is empty
    required_disk_space = 0
    required_files is empty
    required_memory = 0
    required_programs is empty
    required_user is empty
    timeout = 300

Standard output:
Allocated 'test_array' object 0x8020068e0
Releasing 'test_array' object 0x8020068e0
===> local/atf/atf-c++/detail/auto_array_test:auto_array_get
Result: passed
Duration: 0.131s

Metadata:
    allowed_architectures is empty
    allowed_platforms is empty
    description = Tests the auto_array smart pointer class' get method
    has_cleanup = false
    required_configs is empty
    required_disk_space = 0
    required_files is empty
    required_memory = 0
    required_programs is empty
    required_user is empty
    timeout = 300

Standard output:
Allocated 'test_array' object 0x8020068e0
Releasing 'test_array' object 0x8020068e0
===> local/atf/atf-c++/detail/auto_array_test:auto_array_release
Result: passed
Duration: 0.119s

Metadata:
    allowed_architectures is empty
    allowed_platforms is empty
    description = Tests the auto_array smart pointer class' release method
    has_cleanup = false
    required_configs is empty
    required_disk_space = 0
    required_files is empty
    required_memory = 0
    required_programs is empty
    required_user is empty
    timeout = 300

Standard output:
Allocated 'test_array' object 0x8020068e0
Releasing 'test_array' object 0x8020068e0
===> local/atf/atf-c++/detail/auto_array_test:auto_array_reset
Result: passed
Duration: 0.720s

Metadata:
    allowed_architectures is empty
    allowed_platforms is empty
    description = Tests the auto_array smart pointer class' reset method
    has_cleanup = false
    required_configs is empty
    required_disk_space = 0
    required_files is empty
    required_memory = 0
    required_programs is empty
    required_user is empty
    timeout = 300

Standard output:
Allocated 'test_array' object 0x8020068e0
Allocated 'test_array' object 0x802006910
Releasing 'test_array' object 0x8020068e0
Releasing 'test_array' object 0x802006910
===> local/atf/atf-c++/detail/auto_array_test:auto_array_scope
Result: passed
Duration: 0.249s

Metadata:
    allowed_architectures is empty
    allowed_platforms is empty
    description = Tests the automatic scope handling in the auto_array smart pointer class
    has_cleanup = false
    required_configs is empty
    required_disk_space = 0
    required_files is empty
    required_memory = 0
    required_programs is empty
    required_user is empty
    timeout = 300

Standard output:
Allocated 'test_array' object 0x8020068e0
Releasing 'test_array' object 0x8020068e0
===> local/atf/atf-c++/detail/env_test:get_with_default
Result: passed
Duration: 0.178s

Metadata:
    allowed_architectures is empty
    allowed_platforms is empty
    description = Tests the get function with a default value
    has_cleanup = false
    required_configs is empty
    required_disk_space = 0
    required_files is empty
    required_memory = 0
    required_programs is empty
    required_user is empty
    timeout = 300
===> local/atf/atf-c++/detail/env_test:has_get
Result: passed
Duration: 0.093s

Metadata:
    allowed_architectures is empty
    allowed_platforms is empty
    description = Tests the has and get functions
    has_cleanup = false
    required_configs is empty
    required_disk_space = 0
    required_files is empty
    required_memory = 0
    required_programs is empty
    required_user is empty
    timeout = 300
===> local/atf/atf-c++/detail/env_test:set
Result: passed
Duration: 0.071s

Metadata:
    allowed_architectures is empty
    allowed_platforms is empty
    description = Tests the set function
    has_cleanup = false
    required_configs is empty
    required_disk_space = 0
    required_files is empty
    required_memory = 0
    required_programs is empty
    required_user is empty
    timeout = 300
===> local/atf/atf-c++/detail/env_test:unset
Result: passed
Duration: 0.059s

Metadata:
    allowed_architectures is empty
    allowed_platforms is empty
    description = Tests the unset function
    has_cleanup = false
    required_configs is empty
    required_disk_space = 0
    required_files is empty
    required_memory = 0
    required_programs is empty
    required_user is empty
    timeout = 300
===> local/atf/atf-c++/detail/exceptions_test:throw_atf_error_libc
Result: passed
Duration: 0.080s

Metadata:
    allowed_architectures is empty
    allowed_platforms is empty
    description = Tests the throw_atf_error function when raising a libc error
    has_cleanup = false
    required_configs is empty
    required_disk_space = 0
    required_files is empty
    required_memory = 0
    required_programs is empty
    required_user is empty
    timeout = 300
===> local/atf/atf-c++/detail/exceptions_test:throw_atf_error_no_memory
Result: passed
Duration: 0.074s

Metadata:
    allowed_architectures is empty
    allowed_platforms is empty
    description = Tests the throw_atf_error function when raising a no_memory error
    has_cleanup = false
    required_configs is empty
    required_disk_space = 0
    required_files is empty
    required_memory = 0
    required_programs is empty
    required_user is empty
    timeout = 300
===> local/atf/atf-c++/detail/exceptions_test:throw_atf_error_unknown
Result: passed
Duration: 0.069s

Metadata:
    allowed_architectures is empty
    allowed_platforms is empty
    description = Tests the throw_atf_error function when raising an unknown error
    has_cleanup = false
    required_configs is empty
    required_disk_space = 0
    required_files is empty
    required_memory = 0
    required_programs is empty
    required_user is empty
    timeout = 300
===> local/atf/atf-c++/detail/fs_test:directory_file_info
Result: passed
Duration: 0.194s

Metadata:
    allowed_architectures is empty
    allowed_platforms is empty
    description = Tests that the file_info objects attached to the directory are valid
    has_cleanup = false
    required_configs is empty
    required_disk_space = 0
    required_files is empty
    required_memory = 0
    required_programs is empty
    required_user is empty
    timeout = 300
===> local/atf/atf-c++/detail/fs_test:directory_names
Result: passed
Duration: 0.448s

Metadata:
    allowed_architectures is empty
    allowed_platforms is empty
    description = Tests the directory's names method
    has_cleanup = false
    required_configs is empty
    required_disk_space = 0
    required_files is empty
    required_memory = 0
    required_programs is empty
    required_user is empty
    timeout = 300
===> local/atf/atf-c++/detail/fs_test:directory_read
Result: passed
Duration: 0.318s

Metadata:
    allowed_architectures is empty
    allowed_platforms is empty
    description = Tests the directory class creation, which reads the contents of a directory
    has_cleanup = false
    required_configs is empty
    required_disk_space = 0
    required_files is empty
    required_memory = 0
    required_programs is empty
    required_user is empty
    timeout = 300
===> local/atf/atf-c++/detail/fs_test:exists
Result: passed
Duration: 0.137s

Metadata:
    allowed_architectures is empty
    allowed_platforms is empty
    description = Tests the exists function
    has_cleanup = false
    required_configs is empty
    required_disk_space = 0
    required_files is empty
    required_memory = 0
    required_programs is empty
    required_user is empty
    timeout = 300
===> local/atf/atf-c++/detail/fs_test:file_info_perms
Result: passed
Duration: 0.033s

Metadata:
    allowed_architectures is empty
    allowed_platforms is empty
    description = Tests the file_info methods to get the file's permissions
    has_cleanup = false
    required_configs is empty
    required_disk_space = 0
    required_files is empty
    required_memory = 0
    required_programs is empty
    required_user is empty
    timeout = 300
===> local/atf/atf-c++/detail/fs_test:file_info_stat
Result: passed
Duration: 0.101s

Metadata:
    allowed_architectures is empty
    allowed_platforms is empty
    description = Tests the file_info creation and its basic contents
    has_cleanup = false
    required_configs is empty
    required_disk_space = 0
    required_files is empty
    required_memory = 0
    required_programs is empty
    required_user is empty
    timeout = 300
===> local/atf/atf-c++/detail/fs_test:is_executable
Result: passed
Duration: 0.093s

Metadata:
    allowed_architectures is empty
    allowed_platforms is empty
    description = Tests the is_executable function
    has_cleanup = false
    required_configs is empty
    required_disk_space = 0
    required_files is empty
    required_memory = 0
    required_programs is empty
    required_user is empty
    timeout = 300
===> local/atf/atf-c++/detail/fs_test:path_branch_path
Result: passed
Duration: 0.054s

Metadata:
    allowed_architectures is empty
    allowed_platforms is empty
    description = Tests the path::branch_path function
    has_cleanup = false
    required_configs is empty
    required_disk_space = 0
    required_files is empty
    required_memory = 0
    required_programs is empty
    required_user is empty
    timeout = 300
===> local/atf/atf-c++/detail/fs_test:path_compare_different
Result: passed
Duration: 0.070s

Metadata:
    allowed_architectures is empty
    allowed_platforms is empty
    description = Tests the comparison for difference between paths
    has_cleanup = false
    required_configs is empty
    required_disk_space = 0
    required_files is empty
    required_memory = 0
    required_programs is empty
    required_user is empty
    timeout = 300
===> local/atf/atf-c++/detail/fs_test:path_compare_equal
Result: passed
Duration: 0.031s

Metadata:
    allowed_architectures is empty
    allowed_platforms is empty
    description = Tests the comparison for equality between paths
    has_cleanup = false
    required_configs is empty
    required_disk_space = 0
    required_files is empty
    required_memory = 0
    required_programs is empty
    required_user is empty
    timeout = 300
===> local/atf/atf-c++/detail/fs_test:path_concat
Result: passed
Duration: 0.028s

Metadata:
    allowed_architectures is empty
    allowed_platforms is empty
    description = Tests the concatenation of multiple paths
    has_cleanup = false
    required_configs is empty
    required_disk_space = 0
    required_files is empty
    required_memory = 0
    required_programs is empty
    required_user is empty
    timeout = 300
===> local/atf/atf-c++/detail/fs_test:path_is_absolute
Result: passed
Duration: 0.042s

Metadata:
    allowed_architectures is empty
    allowed_platforms is empty
    description = Tests the path::is_absolute function
    has_cleanup = false
    required_configs is empty
    required_disk_space = 0
    required_files is empty
    required_memory = 0
    required_programs is empty
    required_user is empty
    timeout = 300
===> local/atf/atf-c++/detail/fs_test:path_is_root
Result: passed
Duration: 0.047s

Metadata:
    allowed_architectures is empty
    allowed_platforms is empty
    description = Tests the path::is_root function
    has_cleanup = false
    required_configs is empty
    required_disk_space = 0
    required_files is empty
    required_memory = 0
    required_programs is empty
    required_user is empty
    timeout = 300
===> local/atf/atf-c++/detail/fs_test:path_leaf_name
Result: passed
Duration: 0.031s

Metadata:
    allowed_architectures is empty
    allowed_platforms is empty
    description = Tests the path::leaf_name function
    has_cleanup = false
    required_configs is empty
    required_disk_space = 0
    required_files is empty
    required_memory = 0
    required_programs is empty
    required_user is empty
    timeout = 300
===> local/atf/atf-c++/detail/fs_test:path_normalize
Result: passed
Duration: 0.031s

Metadata:
    allowed_architectures is empty
    allowed_platforms is empty
    description = Tests the path's normalization
    has_cleanup = false
    required_configs is empty
    required_disk_space = 0
    required_files is empty
    required_memory = 0
    required_programs is empty
    required_user is empty
    timeout = 300
===> local/atf/atf-c++/detail/fs_test:path_op_less
Result: passed
Duration: 0.110s

Metadata:
    allowed_architectures is empty
    allowed_platforms is empty
    description = Tests that the path's less-than operator works
    has_cleanup = false
    required_configs is empty
    required_disk_space = 0
    required_files is empty
    required_memory = 0
    required_programs is empty
    required_user is empty
    timeout = 300
===> local/atf/atf-c++/detail/fs_test:path_to_absolute
Result: passed
Duration: 0.049s

Metadata:
    allowed_architectures is empty
    allowed_platforms is empty
    description = Tests the conversion of a relative path to an absolute one
    has_cleanup = false
    required_configs is empty
    required_disk_space = 0
    required_files is empty
    required_memory = 0
    required_programs is empty
    required_user is empty
    timeout = 300
===> local/atf/atf-c++/detail/fs_test:remove
Result: passed
Duration: 0.085s

Metadata:
    allowed_architectures is empty
    allowed_platforms is empty
    description = Tests the remove function
    has_cleanup = false
    required_configs is empty
    required_disk_space = 0
    required_files is empty
    required_memory = 0
    required_programs is empty
    required_user is empty
    timeout = 300
===> local/atf/atf-c++/detail/process_test:argv_array_assign
Result: passed
Duration: 0.064s

Metadata:
    allowed_architectures is empty
    allowed_platforms is empty
    description = Tests that assigning an argv_array works
    has_cleanup = false
    required_configs is empty
    required_disk_space = 0
    required_files is empty
    required_memory = 0
    required_programs is empty
    required_user is empty
    timeout = 300
===> local/atf/atf-c++/detail/process_test:argv_array_copy
Result: passed
Duration: 0.030s

Metadata:
    allowed_architectures is empty
    allowed_platforms is empty
    description = Tests that copying an argv_array constructed from a C-style array of strings works
    has_cleanup = false
    required_configs is empty
    required_disk_space = 0
    required_files is empty
    required_memory = 0
    required_programs is empty
    required_user is empty
    timeout = 300
===> local/atf/atf-c++/detail/process_test:argv_array_exec_argv
Result: passed
Duration: 0.032s

Metadata:
    allowed_architectures is empty
    allowed_platforms is empty
    description = Tests that the exec argv provided by an argv_array is correct
    has_cleanup = false
    required_configs is empty
    required_disk_space = 0
    required_files is empty
    required_memory = 0
    required_programs is empty
    required_user is empty
    timeout = 300
===> local/atf/atf-c++/detail/process_test:argv_array_init_carray
Result: passed
Duration: 0.033s

Metadata:
    allowed_architectures is empty
    allowed_platforms is empty
    description = Tests that argv_array is correctly constructed from a C-style array of strings
    has_cleanup = false
    required_configs is empty
    required_disk_space = 0
    required_files is empty
    required_memory = 0
    required_programs is empty
    required_user is empty
    timeout = 300
===> local/atf/atf-c++/detail/process_test:argv_array_init_col
Result: passed
Duration: 0.080s

Metadata:
    allowed_architectures is empty
    allowed_platforms is empty
    description = Tests that argv_array is correctly constructed from a string collection
    has_cleanup = false
    required_configs is empty
    required_disk_space = 0
    required_files is empty
    required_memory = 0
    required_programs is empty
    required_user is empty
    timeout = 300
===> local/atf/atf-c++/detail/process_test:argv_array_init_empty
Result: passed
Duration: 0.140s

Metadata:
    allowed_architectures is empty
    allowed_platforms is empty
    description = Tests that argv_array is correctly constructed by the default constructor
    has_cleanup = false
    required_configs is empty
    required_disk_space = 0
    required_files is empty
    required_memory = 0
    required_programs is empty
    required_user is empty
    timeout = 300
===> local/atf/atf-c++/detail/process_test:argv_array_init_varargs
Result: passed
Duration: 0.032s

Metadata:
    allowed_architectures is empty
    allowed_platforms is empty
    description = Tests that argv_array is correctly constructed from a variable list of arguments
    has_cleanup = false
    required_configs is empty
    required_disk_space = 0
    required_files is empty
    required_memory = 0
    required_programs is empty
    required_user is empty
    timeout = 300
===> local/atf/atf-c++/detail/process_test:argv_array_iter
Result: passed
Duration: 0.032s

Metadata:
    allowed_architectures is empty
    allowed_platforms is empty
    description = Tests that an argv_array can be iterated
    has_cleanup = false
    required_configs is empty
    required_disk_space = 0
    required_files is empty
    required_memory = 0
    required_programs is empty
    required_user is empty
    timeout = 300
===> local/atf/atf-c++/detail/process_test:exec_failure
Result: passed
Duration: 0.056s

Metadata:
    allowed_architectures is empty
    allowed_platforms is empty
    description = Tests execing a command that reports failure
    has_cleanup = false
    required_configs is empty
    required_disk_space = 0
    required_files is empty
    required_memory = 0
    required_programs is empty
    required_user is empty
    timeout = 300
===> local/atf/atf-c++/detail/process_test:exec_success
Result: passed
Duration: 0.144s

Metadata:
    allowed_architectures is empty
    allowed_platforms is empty
    description = Tests execing a command that reports success
    has_cleanup = false
    required_configs is empty
    required_disk_space = 0
    required_files is empty
    required_memory = 0
    required_programs is empty
    required_user is empty
    timeout = 300
===> local/atf/atf-c++/detail/text_test:duplicate
Result: passed
Duration: 0.058s

Metadata:
    allowed_architectures is empty
    allowed_platforms is empty
    description = Tests the duplicate function
    has_cleanup = false
    required_configs is empty
    required_disk_space = 0
    required_files is empty
    required_memory = 0
    required_programs is empty
    required_user is empty
    timeout = 300
===> local/atf/atf-c++/detail/text_test:join
Result: passed
Duration: 0.058s

Metadata:
    allowed_architectures is empty
    allowed_platforms is empty
    description = Tests the join function
    has_cleanup = false
    required_configs is empty
    required_disk_space = 0
    required_files is empty
    required_memory = 0
    required_programs is empty
    required_user is empty
    timeout = 300
===> local/atf/atf-c++/detail/text_test:match
Result: passed
Duration: 0.032s

Metadata:
    allowed_architectures is empty
    allowed_platforms is empty
    description = Tests the match function
    has_cleanup = false
    required_configs is empty
    required_disk_space = 0
    required_files is empty
    required_memory = 0
    required_programs is empty
    required_user is empty
    timeout = 300
===> local/atf/atf-c++/detail/text_test:split
Result: passed
Duration: 0.033s

Metadata:
    allowed_architectures is empty
    allowed_platforms is empty
    description = Tests the split function
    has_cleanup = false
    required_configs is empty
    required_disk_space = 0
    required_files is empty
    required_memory = 0
    required_programs is empty
    required_user is empty
    timeout = 300
===> local/atf/atf-c++/detail/text_test:split_delims
Result: passed
Duration: 0.084s

Metadata:
    allowed_architectures is empty
    allowed_platforms is empty
    description = Tests the split function using different delimiters
    has_cleanup = false
    required_configs is empty
    required_disk_space = 0
    required_files is empty
    required_memory = 0
    required_programs is empty
    required_user is empty
    timeout = 300
===> local/atf/atf-c++/detail/text_test:to_bool
Result: passed
Duration: 0.107s

Metadata:
    allowed_architectures is empty
    allowed_platforms is empty
    description = Tests the to_string function
    has_cleanup = false
    required_configs is empty
    required_disk_space = 0
    required_files is empty
    required_memory = 0
    required_programs is empty
    required_user is empty
    timeout = 300
===> local/atf/atf-c++/detail/text_test:to_bytes
Result: passed
Duration: 0.033s

Metadata:
    allowed_architectures is empty
    allowed_platforms is empty
    description = Tests the to_bytes function
    has_cleanup = false
    required_configs is empty
    required_disk_space = 0
    required_files is empty
    required_memory = 0
    required_programs is empty
    required_user is empty
    timeout = 300
===> local/atf/atf-c++/detail/text_test:to_string
Result: passed
Duration: 0.083s

Metadata:
    allowed_architectures is empty
    allowed_platforms is empty
    description = Tests the to_string function
    has_cleanup = false
    required_configs is empty
    required_disk_space = 0
    required_files is empty
    required_memory = 0
    required_programs is empty
    required_user is empty
    timeout = 300
===> local/atf/atf-c++/detail/text_test:to_type
Result: passed
Duration: 0.032s

Metadata:
    allowed_architectures is empty
    allowed_platforms is empty
    description = Tests the to_type function
    has_cleanup = false
    required_configs is empty
    required_disk_space = 0
    required_files is empty
    required_memory = 0
    required_programs is empty
    required_user is empty
    timeout = 300
===> local/atf/atf-c++/detail/text_test:trim
Result: passed
Duration: 0.033s

Metadata:
    allowed_architectures is empty
    allowed_platforms is empty
    description = Tests the trim function
    has_cleanup = false
    required_configs is empty
    required_disk_space = 0
    required_files is empty
    required_memory = 0
    required_programs is empty
    required_user is empty
    timeout = 300
===> local/atf/atf-c++/macros_test:check_errno
Result: passed
Duration: 0.204s

Metadata:
    allowed_architectures is empty
    allowed_platforms is empty
    description = Tests the ATF_CHECK_ERRNO macro
    has_cleanup = false
    required_configs is empty
    required_disk_space = 0
    required_files is empty
    required_memory = 0
    required_programs is empty
    required_user is empty
    timeout = 300

Standard output:
Looking for '^failed' in 'failed: 1 checks failed; see output for more details'
Looking for 'macros_test.cpp:[0-9]+: Expected true value in errno_ok_stub\(\) == -1$' in '*** Check failed: atf-c++/macros_test.cpp:248: Expected true value in errno_ok_stub() == -1'
Looking for '^passed' in 'passed'
Looking for '^failed' in 'failed: 1 checks failed; see output for more details'
Looking for 'macros_test.cpp:[0-9]+: Expected errno 3, got 4, in errno_fail_stub\(4\) == -1$' in '*** Check failed: atf-c++/macros_test.cpp:252: Expected errno 3, got 4, in errno_fail_stub(4) == -1'
===> local/atf/atf-c++/macros_test:detect_unused_tests
Result: passed
Duration: 1.134s

Metadata:
    allowed_architectures is empty
    allowed_platforms is empty
    description = Tests that defining an unused test case raises a warning (and thus an error)
    has_cleanup = false
    required_configs is empty
    required_disk_space = 0
    required_files is empty
    required_memory = 0
    required_programs is empty
    required_user is empty
    timeout = 300

Standard output:
> c++ -O2 -pipe -fstack-protector -fno-strict-aliasing -D_FORTIFY_SOURCE=2 -Wall -Wcast-qual -Wextra -Wpointer-arith -Wredundant-decls -Wreturn-type -Wshadow -Wsign-compare -Wswitch -Wwrite-strings -DNDEBUG -Wabi -Wctor-dtor-privacy -Wno-deprecated -Wnon-virtual-dtor -Woverloaded-virtual -Wreorder -Wsign-promo -Wsynth -I/usr/local/include -Wall -Werror -o test.o -c compiler_test.cpp
> c++ -O2 -pipe -fstack-protector -fno-strict-aliasing -D_FORTIFY_SOURCE=2 -Wall -Wcast-qual -Wextra -Wpointer-arith -Wredundant-decls -Wreturn-type -Wshadow -Wsign-compare -Wswitch -Wwrite-strings -DNDEBUG -Wabi -Wctor-dtor-privacy -Wno-deprecated -Wnon-virtual-dtor -Woverloaded-virtual -Wreorder -Wsign-promo -Wsynth -I/usr/local/include -Wall -Werror -o test.o -c /usr/tests/local/atf/atf-c++/unused_test.cpp

Standard error:
compiler_test.cpp:3:1: error: unused variable 'unused' [-Werror,-Wunused-variable]
define_unused;
^
compiler_test.cpp:2:41: note: expanded from macro 'define_unused'
#define define_unused static test_class unused
                                        ^
1 error generated.
c++ failed with exit code 1
/usr/tests/local/atf/atf-c++/unused_test.cpp:36:1: error: unused variable 'atfu_tcptr_this_is_unused' [-Werror,-Wunused-variable]
ATF_TEST_CASE(this_is_unused);
^
/usr/local/include/atf-c++/macros.hpp:58:30: note: expanded from macro 'ATF_TEST_CASE'
    static atfu_tc_ ## name* atfu_tcptr_ ## name; \
                             ^
<scratch space>:569:1: note: expanded from here
atfu_tcptr_this_is_unused
^
1 error generated.
c++ failed with exit code 1
===> local/atf/atf-c++/macros_test:fail
Result: passed
Duration: 0.188s

Metadata:
    allowed_architectures is empty
    allowed_platforms is empty
    description = Tests the ATF_FAIL macro
    has_cleanup = false
    required_configs is empty
    required_disk_space = 0
    required_files is empty
    required_memory = 0
    required_programs is empty
    required_user is empty
    timeout = 300

Standard output:
Looking for '^failed: Failed on purpose' in 'failed: Failed on purpose'
===> local/atf/atf-c++/macros_test:pass
Result: passed
Duration: 0.161s

Metadata:
    allowed_architectures is empty
    allowed_platforms is empty
    description = Tests the ATF_PASS macro
    has_cleanup = false
    required_configs is empty
    required_disk_space = 0
    required_files is empty
    required_memory = 0
    required_programs is empty
    required_user is empty
    timeout = 300

Standard output:
Looking for '^passed' in 'passed'
===> local/atf/atf-c++/macros_test:require
Result: passed
Duration: 0.127s

Metadata:
    allowed_architectures is empty
    allowed_platforms is empty
    description = Tests the ATF_REQUIRE macro
    has_cleanup = false
    required_configs is empty
    required_disk_space = 0
    required_files is empty
    required_memory = 0
    required_programs is empty
    required_user is empty
    timeout = 300

Standard output:
Checking with a false value
Looking for '^failed: .*condition not met' in 'failed: Line 108: condition not met'
Checking with a true value
Looking for '^passed' in 'passed'
===> local/atf/atf-c++/macros_test:require_eq
Result: passed
Duration: 0.047s

Metadata:
    allowed_architectures is empty
    allowed_platforms is empty
    description = Tests the ATF_REQUIRE_EQ macro
    has_cleanup = false
    required_configs is empty
    required_disk_space = 0
    required_files is empty
    required_memory = 0
    required_programs is empty
    required_user is empty
    timeout = 300

Standard output:
Checking with 1, 1 and expecting true
Looking for '^passed' in 'passed'
Checking with 1, 2 and expecting false
Looking for '^failed: .*v1 != v2' in 'failed: Line 123: v1 != v2 (1 != 2)'
Checking with 2, 1 and expecting false
Looking for '^failed: .*v1 != v2' in 'failed: Line 123: v1 != v2 (2 != 1)'
Checking with 2, 2 and expecting true
Looking for '^passed' in 'passed'
===> local/atf/atf-c++/macros_test:require_errno
Result: passed
Duration: 0.043s

Metadata:
    allowed_architectures is empty
    allowed_platforms is empty
    description = Tests the ATF_REQUIRE_ERRNO macro
    has_cleanup = false
    required_configs is empty
    required_disk_space = 0
    required_files is empty
    required_memory = 0
    required_programs is empty
    required_user is empty
    timeout = 300

Standard output:
Looking for '^failed: .*macros_test.cpp:[0-9]+: Expected true value in errno_ok_stub\(\) == -1$' in 'failed: atf-c++/macros_test.cpp:269: Expected true value in errno_ok_stub() == -1'
Looking for '^passed' in 'passed'
Looking for '^failed: .*macros_test.cpp:[0-9]+: Expected errno 3, got 4, in errno_fail_stub\(4\) == -1$' in 'failed: atf-c++/macros_test.cpp:273: Expected errno 3, got 4, in errno_fail_stub(4) == -1'
===> local/atf/atf-c++/macros_test:require_in
Result: passed
Duration: 0.057s

Metadata:
    allowed_architectures is empty
    allowed_platforms is empty
    description = Tests the ATF_REQUIRE_IN macro
    has_cleanup = false
    required_configs is empty
    required_disk_space = 0
    required_files is empty
    required_memory = 0
    required_programs is empty
    required_user is empty
    timeout = 300

Standard output:
Looking for '^passed' in 'passed'
Looking for '^passed' in 'passed'
Looking for '^passed' in 'passed'
Looking for '^failed: ' in 'failed: Line 142: (collection).find(element) != (collection).end() not met'
Looking for '^failed: ' in 'failed: Line 142: (collection).find(element) != (collection).end() not met'
Looking for '^failed: ' in 'failed: Line 142: (collection).find(element) != (collection).end() not met'
===> local/atf/atf-c++/macros_test:require_match
Result: passed
Duration: 0.547s

Metadata:
    allowed_architectures is empty
    allowed_platforms is empty
    description = Tests the ATF_REQUIRE_MATCH macro
    has_cleanup = false
    required_configs is empty
    required_disk_space = 0
    required_files is empty
    required_memory = 0
    required_programs is empty
    required_user is empty
    timeout = 300

Standard output:
Checking with foo.*bar, this is a foo, bar, baz and expecting true
Looking for '^passed' in 'passed'
Checking with bar.*baz, this is a baz, bar, foo and expecting false
Looking for '^failed: ' in 'failed: Line 157: 'this is a baz, bar, foo' does not match regexp 'bar.*baz''
===> local/atf/atf-c++/macros_test:require_not_in
Result: passed
Duration: 0.246s

Metadata:
    allowed_architectures is empty
    allowed_platforms is empty
    description = Tests the ATF_REQUIRE_NOT_IN macro
    has_cleanup = false
    required_configs is empty
    required_disk_space = 0
    required_files is empty
    required_memory = 0
    required_programs is empty
    required_user is empty
    timeout = 300

Standard output:
Looking for '^failed: ' in 'failed: Line 176: (collection).find(element) == (collection).end() not met'
Looking for '^failed: ' in 'failed: Line 176: (collection).find(element) == (collection).end() not met'
Looking for '^failed: ' in 'failed: Line 176: (collection).find(element) == (collection).end() not met'
Looking for '^passed' in 'passed'
Looking for '^passed' in 'passed'
Looking for '^passed' in 'passed'
===> local/atf/atf-c++/macros_test:require_throw
Result: passed
Duration: 0.230s

Metadata:
    allowed_architectures is empty
    allowed_platforms is empty
    description = Tests the ATF_REQUIRE_THROW macro
    has_cleanup = false
    required_configs is empty
    required_disk_space = 0
    required_files is empty
    required_memory = 0
    required_programs is empty
    required_user is empty
    timeout = 300

Standard output:
Checking with throw_int and expecting false
Checking that message contains 'unexpected error'
Looking for '^failed: .*unexpected error' in 'failed: Line 190: if (1) throw int(5) threw an unexpected error (not std::runtime_error)'
Checking with throw_rt and expecting true
Looking for '^passed' in 'passed'
Checking with no_throw_rt and expecting false
Checking that message contains 'did not throw'
Looking for '^failed: .*did not throw' in 'failed: Line 196: if (0) throw std::runtime_error("e") did not throw std::runtime_error as expected'
===> local/atf/atf-c++/macros_test:require_throw_re
Result: passed
Duration: 0.169s

Metadata:
    allowed_architectures is empty
    allowed_platforms is empty
    description = Tests the ATF_REQUIRE_THROW_RE macro
    has_cleanup = false
    required_configs is empty
    required_disk_space = 0
    required_files is empty
    required_memory = 0
    required_programs is empty
    required_user is empty
    timeout = 300

Standard output:
Checking with throw_int and expecting false
Checking that message contains 'unexpected error'
Looking for '^failed: .*unexpected error' in 'failed: Line 211: if (1) throw int(5) threw an unexpected error (not std::runtime_error)'
Checking with throw_rt_match and expecting true
Looking for '^passed' in 'passed'
Checking with throw_rt_no_match and expecting false
Checking that message contains 'threw.*runtime_error\(baz foo bar a\).*does not match 'foo\.\*baz''
Looking for '^failed: .*threw.*runtime_error\(baz foo bar a\).*does not match 'foo\.\*baz'' in 'failed: Line 217: if (1) throw std::runtime_error("baz foo bar a") threw std::runtime_error(baz foo bar a), but does not match 'foo.*baz''
Checking with no_throw_rt and expecting false
Checking that message contains 'did not throw'
Looking for '^failed: .*did not throw' in 'failed: Line 220: if (0) throw std::runtime_error("e") did not throw std::runtime_error as expected'
===> local/atf/atf-c++/macros_test:skip
Result: passed
Duration: 0.145s

Metadata:
    allowed_architectures is empty
    allowed_platforms is empty
    description = Tests the ATF_SKIP macro
    has_cleanup = false
    required_configs is empty
    required_disk_space = 0
    required_files is empty
    required_memory = 0
    required_programs is empty
    required_user is empty
    timeout = 300

Standard output:
Looking for '^skipped: Skipped on purpose' in 'skipped: Skipped on purpose'
===> local/atf/atf-c++/macros_test:use
Result: passed
Duration: 1.435s

Metadata:
    allowed_architectures is empty
    allowed_platforms is empty
    description = Tests that the macros provided by the atf-c++/macros.hpp file do not cause syntax errors when used
    has_cleanup = false
    required_configs is empty
    required_disk_space = 0
    required_files is empty
    required_memory = 0
    required_programs is empty
    required_user is empty
    timeout = 300

Standard output:
> c++ -O2 -pipe -fstack-protector -fno-strict-aliasing -D_FORTIFY_SOURCE=2 -Wall -Wcast-qual -Wextra -Wpointer-arith -Wredundant-decls -Wreturn-type -Wshadow -Wsign-compare -Wswitch -Wwrite-strings -DNDEBUG -Wabi -Wctor-dtor-privacy -Wno-deprecated -Wnon-virtual-dtor -Woverloaded-virtual -Wreorder -Wsign-promo -Wsynth -I/usr/local/include -Wall -Werror -o test.o -c /usr/tests/local/atf/atf-c++/macros_hpp_test.cpp
===> local/atf/atf-c++/pkg_config_test:build
Result: passed
Duration: 1.816s

Metadata:
    allowed_architectures is empty
    allowed_platforms is empty
    description = Checks that a test program can be built against the C++ library based on the pkg-config information
    has_cleanup = false
    required_configs is empty
    required_disk_space = 0
    required_files is empty
    required_memory = 0
    required_programs = pkg-config
    required_user is empty
    timeout = 300

Standard output:
Executing command [ pkg-config --variable=cxx atf-c++ ]
Compiler is: c++
Executing command [ pkg-config --cflags atf-c++ ]
CXXFLAGS are: -I/usr/local/include  
Executing command [ pkg-config --libs-only-L --libs-only-other atf-c++ ]
Executing command [ pkg-config --libs-only-l atf-c++ ]
LDFLAGS are: -L/usr/local/lib  
LIBS are: -latf-c++ -latf-c  
Executing command [ c++ -I/usr/local/include -o tp.o -c tp.cpp ]
Executing command [ c++ -L/usr/local/lib -o tp tp.o -latf-c++ -latf-c ]
Executing command [ test -x tp ]
Executing command [ /bin/sh -c LD_LIBRARY_PATH=/usr/local/lib ./tp tc ]
===> local/atf/atf-c++/pkg_config_test:version
Result: passed
Duration: 0.108s

Metadata:
    allowed_architectures is empty
    allowed_platforms is empty
    description = Checks that the version in atf-c++ is correct
    has_cleanup = false
    required_configs is empty
    required_disk_space = 0
    required_files is empty
    required_memory = 0
    required_programs = pkg-config
    required_user is empty
    timeout = 300

Standard output:
Version reported by builtin PACKAGE_VERSION: 0.21
Executing command [ pkg-config --modversion atf-c++ ]
Version reported by pkg-config: 0.21
===> local/atf/atf-c++/tests_test:atf_tp_writer
Result: passed
Duration: 0.066s

Metadata:
    allowed_architectures is empty
    allowed_platforms is empty
    description = Verifies the application/X-atf-tp writer
    has_cleanup = false
    required_configs is empty
    required_disk_space = 0
    required_files is empty
    required_memory = 0
    required_programs is empty
    required_user is empty
    timeout = 300
===> local/atf/atf-c++/utils_test:cat_file__empty
Result: passed
Duration: 0.542s

Metadata:
    allowed_architectures is empty
    allowed_platforms is empty
    description is empty
    has_cleanup = false
    required_configs is empty
    required_disk_space = 0
    required_files is empty
    required_memory = 0
    required_programs is empty
    required_user is empty
    timeout = 300
===> local/atf/atf-c++/utils_test:cat_file__no_newline_eof
Result: passed
Duration: 0.147s

Metadata:
    allowed_architectures is empty
    allowed_platforms is empty
    description is empty
    has_cleanup = false
    required_configs is empty
    required_disk_space = 0
    required_files is empty
    required_memory = 0
    required_programs is empty
    required_user is empty
    timeout = 300
===> local/atf/atf-c++/utils_test:cat_file__one_line
Result: passed
Duration: 0.095s

Metadata:
    allowed_architectures is empty
    allowed_platforms is empty
    description is empty
    has_cleanup = false
    required_configs is empty
    required_disk_space = 0
    required_files is empty
    required_memory = 0
    required_programs is empty
    required_user is empty
    timeout = 300
===> local/atf/atf-c++/utils_test:cat_file__several_lines
Result: passed
Duration: 0.142s

Metadata:
    allowed_architectures is empty
    allowed_platforms is empty
    description is empty
    has_cleanup = false
    required_configs is empty
    required_disk_space = 0
    required_files is empty
    required_memory = 0
    required_programs is empty
    required_user is empty
    timeout = 300
===> local/atf/atf-c++/utils_test:compare_file__empty__match
Result: passed
Duration: 0.127s

Metadata:
    allowed_architectures is empty
    allowed_platforms is empty
    description is empty
    has_cleanup = false
    required_configs is empty
    required_disk_space = 0
    required_files is empty
    required_memory = 0
    required_programs is empty
    required_user is empty
    timeout = 300
===> local/atf/atf-c++/utils_test:compare_file__empty__not_match
Result: passed
Duration: 0.058s

Metadata:
    allowed_architectures is empty
    allowed_platforms is empty
    description is empty
    has_cleanup = false
    required_configs is empty
    required_disk_space = 0
    required_files is empty
    required_memory = 0
    required_programs is empty
    required_user is empty
    timeout = 300
===> local/atf/atf-c++/utils_test:compare_file__long__match
Result: passed
Duration: 0.049s

Metadata:
    allowed_architectures is empty
    allowed_platforms is empty
    description is empty
    has_cleanup = false
    required_configs is empty
    required_disk_space = 0
    required_files is empty
    required_memory = 0
    required_programs is empty
    required_user is empty
    timeout = 300
===> local/atf/atf-c++/utils_test:compare_file__long__not_match
Result: passed
Duration: 0.065s

Metadata:
    allowed_architectures is empty
    allowed_platforms is empty
    description is empty
    has_cleanup = false
    required_configs is empty
    required_disk_space = 0
    required_files is empty
    required_memory = 0
    required_programs is empty
    required_user is empty
    timeout = 300
===> local/atf/atf-c++/utils_test:compare_file__short__match
Result: passed
Duration: 0.033s

Metadata:
    allowed_architectures is empty
    allowed_platforms is empty
    description is empty
    has_cleanup = false
    required_configs is empty
    required_disk_space = 0
    required_files is empty
    required_memory = 0
    required_programs is empty
    required_user is empty
    timeout = 300
===> local/atf/atf-c++/utils_test:compare_file__short__not_match
Result: passed
Duration: 0.053s

Metadata:
    allowed_architectures is empty
    allowed_platforms is empty
    description is empty
    has_cleanup = false
    required_configs is empty
    required_disk_space = 0
    required_files is empty
    required_memory = 0
    required_programs is empty
    required_user is empty
    timeout = 300
===> local/atf/atf-c++/utils_test:copy_file__empty
Result: passed
Duration: 0.081s

Metadata:
    allowed_architectures is empty
    allowed_platforms is empty
    description is empty
    has_cleanup = false
    required_configs is empty
    required_disk_space = 0
    required_files is empty
    required_memory = 0
    required_programs is empty
    required_user is empty
    timeout = 300
===> local/atf/atf-c++/utils_test:copy_file__some_contents
Result: passed
Duration: 0.080s

Metadata:
    allowed_architectures is empty
    allowed_platforms is empty
    description is empty
    has_cleanup = false
    required_configs is empty
    required_disk_space = 0
    required_files is empty
    required_memory = 0
    required_programs is empty
    required_user is empty
    timeout = 300
===> local/atf/atf-c++/utils_test:create_file
Result: passed
Duration: 0.071s

Metadata:
    allowed_architectures is empty
    allowed_platforms is empty
    description is empty
    has_cleanup = false
    required_configs is empty
    required_disk_space = 0
    required_files is empty
    required_memory = 0
    required_programs is empty
    required_user is empty
    timeout = 300
===> local/atf/atf-c++/utils_test:file_exists
Result: passed
Duration: 0.069s

Metadata:
    allowed_architectures is empty
    allowed_platforms is empty
    description is empty
    has_cleanup = false
    required_configs is empty
    required_disk_space = 0
    required_files is empty
    required_memory = 0
    required_programs is empty
    required_user is empty
    timeout = 300
===> local/atf/atf-c++/utils_test:fork
Result: passed
Duration: 0.080s

Metadata:
    allowed_architectures is empty
    allowed_platforms is empty
    description is empty
    has_cleanup = false
    required_configs is empty
    required_disk_space = 0
    required_files is empty
    required_memory = 0
    required_programs is empty
    required_user is empty
    timeout = 300

Standard output:
Should not get into child

Standard error:
Should not get into child
===> local/atf/atf-c++/utils_test:grep_collection__set
Result: passed
Duration: 0.096s

Metadata:
    allowed_architectures is empty
    allowed_platforms is empty
    description is empty
    has_cleanup = false
    required_configs is empty
    required_disk_space = 0
    required_files is empty
    required_memory = 0
    required_programs is empty
    required_user is empty
    timeout = 300

Standard output:
Looking for 'irs' in 'First'
Looking for 'cond' in 'First'
Looking for 'cond' in 'Second'
Looking for 'Third' in 'First'
Looking for 'Third' in 'Second'
===> local/atf/atf-c++/utils_test:grep_collection__vector
Result: passed
Duration: 0.069s

Metadata:
    allowed_architectures is empty
    allowed_platforms is empty
    description is empty
    has_cleanup = false
    required_configs is empty
    required_disk_space = 0
    required_files is empty
    required_memory = 0
    required_programs is empty
    required_user is empty
    timeout = 300

Standard output:
Looking for 'irs' in 'First'
Looking for 'cond' in 'First'
Looking for 'cond' in 'Second'
Looking for 'Third' in 'First'
Looking for 'Third' in 'Second'
===> local/atf/atf-c++/utils_test:grep_file
Result: passed
Duration: 0.158s

Metadata:
    allowed_architectures is empty
    allowed_platforms is empty
    description is empty
    has_cleanup = false
    required_configs is empty
    required_disk_space = 0
    required_files is empty
    required_memory = 0
    required_programs is empty
    required_user is empty
    timeout = 300

Standard output:
Looking for 'line1' in 'line1'
Looking for 'second line' in 'line1'
Looking for 'second line' in 'the second line'
Looking for 'aa.*bb' in 'line1'
Looking for 'aa.*bb' in 'the second line'
Looking for 'aa.*bb' in 'aaaabbbb'
Looking for 'foo' in 'line1'
Looking for 'foo' in 'the second line'
Looking for 'foo' in 'aaaabbbb'
Looking for 'bar' in 'line1'
Looking for 'bar' in 'the second line'
Looking for 'bar' in 'aaaabbbb'
Looking for 'aaaaa' in 'line1'
Looking for 'aaaaa' in 'the second line'
Looking for 'aaaaa' in 'aaaabbbb'
===> local/atf/atf-c++/utils_test:grep_string
Result: passed
Duration: 0.106s

Metadata:
    allowed_architectures is empty
    allowed_platforms is empty
    description is empty
    has_cleanup = false
    required_configs is empty
    required_disk_space = 0
    required_files is empty
    required_memory = 0
    required_programs is empty
    required_user is empty
    timeout = 300

Standard output:
Looking for 'a string' in 'a string - aaaabbbb'
Looking for '^a string' in 'a string - aaaabbbb'
Looking for 'aaaabbbb$' in 'a string - aaaabbbb'
Looking for 'aa.*bb' in 'a string - aaaabbbb'
Looking for 'foo' in 'a string - aaaabbbb'
Looking for 'bar' in 'a string - aaaabbbb'
Looking for 'aaaaa' in 'a string - aaaabbbb'
===> local/atf/atf-c++/utils_test:redirect__other
Result: passed
Duration: 0.075s

Metadata:
    allowed_architectures is empty
    allowed_platforms is empty
    description is empty
    has_cleanup = false
    required_configs is empty
    required_disk_space = 0
    required_files is empty
    required_memory = 0
    required_programs is empty
    required_user is empty
    timeout = 300
===> local/atf/atf-c++/utils_test:redirect__stderr
Result: passed
Duration: 0.060s

Metadata:
    allowed_architectures is empty
    allowed_platforms is empty
    description is empty
    has_cleanup = false
    required_configs is empty
    required_disk_space = 0
    required_files is empty
    required_memory = 0
    required_programs is empty
    required_user is empty
    timeout = 300

Standard error:
Buffer this===> local/atf/atf-c++/utils_test:redirect__stdout
Result: passed
Duration: 0.174s

Metadata:
    allowed_architectures is empty
    allowed_platforms is empty
    description is empty
    has_cleanup = false
    required_configs is empty
    required_disk_space = 0
    required_files is empty
    required_memory = 0
    required_programs is empty
    required_user is empty
    timeout = 300

Standard output:
Buffer this===> local/atf/atf-c++/utils_test:wait__invalid_exitstatus
Result: passed
Duration: 0.190s

Metadata:
    allowed_architectures is empty
    allowed_platforms is empty
    description is empty
    has_cleanup = false
    required_configs is empty
    required_disk_space = 0
    required_files is empty
    required_memory = 0
    required_programs is empty
    required_user is empty
    timeout = 300

Standard output:
subprocess stdout: Some output
subprocess stderr: Some error
===> local/atf/atf-c++/utils_test:wait__invalid_stderr
Result: passed
Duration: 0.148s

Metadata:
    allowed_architectures is empty
    allowed_platforms is empty
    description is empty
    has_cleanup = false
    required_configs is empty
    required_disk_space = 0
    required_files is empty
    required_memory = 0
    required_programs is empty
    required_user is empty
    timeout = 300

Standard output:
subprocess stdout: Some output
subprocess stderr: Some error
===> local/atf/atf-c++/utils_test:wait__invalid_stdout
Result: passed
Duration: 0.146s

Metadata:
    allowed_architectures is empty
    allowed_platforms is empty
    description is empty
    has_cleanup = false
    required_configs is empty
    required_disk_space = 0
    required_files is empty
    required_memory = 0
    required_programs is empty
    required_user is empty
    timeout = 300

Standard output:
subprocess stdout: Some output
subprocess stderr: Some error
===> local/atf/atf-c++/utils_test:wait__ok
Result: passed
Duration: 0.233s

Metadata:
    allowed_architectures is empty
    allowed_platforms is empty
    description is empty
    has_cleanup = false
    required_configs is empty
    required_disk_space = 0
    required_files is empty
    required_memory = 0
    required_programs is empty
    required_user is empty
    timeout = 300

Standard output:
subprocess stdout: Some output
subprocess stderr: Some error
===> local/atf/atf-c++/utils_test:wait__ok_nested
Result: passed
Duration: 0.156s

Metadata:
    allowed_architectures is empty
    allowed_platforms is empty
    description is empty
    has_cleanup = false
    required_configs is empty
    required_disk_space = 0
    required_files is empty
    required_memory = 0
    required_programs is empty
    required_user is empty
    timeout = 300

Standard output:
subprocess stdout: Parent output
subprocess stdout: subprocess stdout: Child output
subprocess stdout: subprocess stderr: Child error
subprocess stderr: Parent error
===> local/atf/atf-c++/utils_test:wait__save_stderr
Result: passed
Duration: 0.141s

Metadata:
    allowed_architectures is empty
    allowed_platforms is empty
    description is empty
    has_cleanup = false
    required_configs is empty
    required_disk_space = 0
    required_files is empty
    required_memory = 0
    required_programs is empty
    required_user is empty
    timeout = 300

Standard output:
subprocess stdout: Some output
subprocess stderr: Some error
===> local/atf/atf-c++/utils_test:wait__save_stdout
Result: passed
Duration: 0.174s

Metadata:
    allowed_architectures is empty
    allowed_platforms is empty
    description is empty
    has_cleanup = false
    required_configs is empty
    required_disk_space = 0
    required_files is empty
    required_memory = 0
    required_programs is empty
    required_user is empty
    timeout = 300

Standard output:
subprocess stdout: Some output
subprocess stderr: Some error
===> local/atf/atf-c/atf_c_test:include
Result: passed
Duration: 0.382s

Metadata:
    allowed_architectures is empty
    allowed_platforms is empty
    description = Tests that the atf-c.h file can be included on its own, without any prerequisites
    has_cleanup = false
    required_configs is empty
    required_disk_space = 0
    required_files is empty
    required_memory = 0
    required_programs is empty
    required_user is empty
    timeout = 300

Standard output:
> cc -O2 -pipe -fstack-protector -fno-strict-aliasing -D_FORTIFY_SOURCE=2 -Wall -Wcast-qual -Wextra -Wpointer-arith -Wredundant-decls -Wreturn-type -Wshadow -Wsign-compare -Wswitch -Wwrite-strings -DNDEBUG -Wmissing-prototypes -Wstrict-prototypes -I/usr/local/include -Wall -Werror -o test.o -c test.c
===> local/atf/atf-c/build_test:c_o
Result: passed
Duration: 0.056s

Metadata:
    allowed_architectures is empty
    allowed_platforms is empty
    description = Tests the atf_build_c_o function
    has_cleanup = false
    required_configs is empty
    required_disk_space = 0
    required_files is empty
    required_memory = 0
    required_programs is empty
    required_user is empty
    timeout = 300

Standard output:
> Test: No flags
Setting ATF_BUILD_CC to 'cc'
Setting ATF_BUILD_CFLAGS to ''
Setting ATF_BUILD_CPPFLAGS to ''
Expected arguments: 'cc' '-o' 'test.o' '-c' 'test.c'
Returned arguments: 'cc' '-o' 'test.o' '-c' 'test.c'
> Test: Multi-word program name
Setting ATF_BUILD_CC to 'cc -foo'
Setting ATF_BUILD_CFLAGS to ''
Setting ATF_BUILD_CPPFLAGS to ''
Expected arguments: 'cc' '-foo' '-o' 'test.o' '-c' 'test.c'
Returned arguments: 'cc' '-foo' '-o' 'test.o' '-c' 'test.c'
> Test: Some cflags
Setting ATF_BUILD_CC to 'cc'
Setting ATF_BUILD_CFLAGS to '-f1 -f2    -f3 -f4-f5'
Setting ATF_BUILD_CPPFLAGS to ''
Expected arguments: 'cc' '-f1' '-f2' '-f3' '-f4-f5' '-o' 'test.o' '-c' 'test.c'
Returned arguments: 'cc' '-f1' '-f2' '-f3' '-f4-f5' '-o' 'test.o' '-c' 'test.c'
> Test: Some cppflags
Setting ATF_BUILD_CC to 'cc'
Setting ATF_BUILD_CFLAGS to ''
Setting ATF_BUILD_CPPFLAGS to '-f1 -f2    -f3 -f4-f5'
Expected arguments: 'cc' '-f1' '-f2' '-f3' '-f4-f5' '-o' 'test.o' '-c' 'test.c'
Returned arguments: 'cc' '-f1' '-f2' '-f3' '-f4-f5' '-o' 'test.o' '-c' 'test.c'
> Test: Some cflags and cppflags
Setting ATF_BUILD_CC to 'cc'
Setting ATF_BUILD_CFLAGS to '-f2'
Setting ATF_BUILD_CPPFLAGS to '-f1'
Expected arguments: 'cc' '-f1' '-f2' '-o' 'test.o' '-c' 'test.c'
Returned arguments: 'cc' '-f1' '-f2' '-o' 'test.o' '-c' 'test.c'
> Test: Some optional arguments
Setting ATF_BUILD_CC to 'cc'
Setting ATF_BUILD_CFLAGS to ''
Setting ATF_BUILD_CPPFLAGS to ''
Expected arguments: 'cc' '-o1' '-o2' '-o' 'test.o' '-c' 'test.c'
Returned arguments: 'cc' '-o1' '-o2' '-o' 'test.o' '-c' 'test.c'
> Test: Some cflags, cppflags and optional arguments
Setting ATF_BUILD_CC to 'cc'
Setting ATF_BUILD_CFLAGS to '-f2'
Setting ATF_BUILD_CPPFLAGS to '-f1'
Expected arguments: 'cc' '-f1' '-f2' '-o1' '-o2' '-o' 'test.o' '-c' 'test.c'
Returned arguments: 'cc' '-f1' '-f2' '-o1' '-o2' '-o' 'test.o' '-c' 'test.c'
===> local/atf/atf-c/build_test:cpp
Result: passed
Duration: 0.031s

Metadata:
    allowed_architectures is empty
    allowed_platforms is empty
    description = Tests the atf_build_cpp function
    has_cleanup = false
    required_configs is empty
    required_disk_space = 0
    required_files is empty
    required_memory = 0
    required_programs is empty
    required_user is empty
    timeout = 300

Standard output:
> Test: No flags
Setting ATF_BUILD_CPP to 'cpp'
Setting ATF_BUILD_CPPFLAGS to ''
Expected arguments: 'cpp' '-o' 'test.out' 'test.c'
Returned arguments: 'cpp' '-o' 'test.out' 'test.c'
> Test: Multi-word program name
Setting ATF_BUILD_CPP to 'cpp -foo'
Setting ATF_BUILD_CPPFLAGS to ''
Expected arguments: 'cpp' '-foo' '-o' 'test.out' 'test.c'
Returned arguments: 'cpp' '-foo' '-o' 'test.out' 'test.c'
> Test: Some cppflags
Setting ATF_BUILD_CPP to 'cpp'
Setting ATF_BUILD_CPPFLAGS to '-f1 -f2    -f3 -f4-f5'
Expected arguments: 'cpp' '-f1' '-f2' '-f3' '-f4-f5' '-o' 'test.out' 'test.c'
Returned arguments: 'cpp' '-f1' '-f2' '-f3' '-f4-f5' '-o' 'test.out' 'test.c'
> Test: Some optional arguments
Setting ATF_BUILD_CPP to 'cpp'
Setting ATF_BUILD_CPPFLAGS to ''
Expected arguments: 'cpp' '-o1' '-o2' '-o' 'test.out' 'test.c'
Returned arguments: 'cpp' '-o1' '-o2' '-o' 'test.out' 'test.c'
> Test: Some cppflags and optional arguments
Setting ATF_BUILD_CPP to 'cpp'
Setting ATF_BUILD_CPPFLAGS to '-f1'
Expected arguments: 'cpp' '-f1' '-o1' '-o2' '-o' 'test.out' 'test.c'
Returned arguments: 'cpp' '-f1' '-o1' '-o2' '-o' 'test.out' 'test.c'
===> local/atf/atf-c/build_test:cxx_o
Result: passed
Duration: 0.029s

Metadata:
    allowed_architectures is empty
    allowed_platforms is empty
    description = Tests the atf_build_cxx_o function
    has_cleanup = false
    required_configs is empty
    required_disk_space = 0
    required_files is empty
    required_memory = 0
    required_programs is empty
    required_user is empty
    timeout = 300

Standard output:
> Test: No flags
Setting ATF_BUILD_CXX to 'c++'
Setting ATF_BUILD_CXXFLAGS to ''
Setting ATF_BUILD_CPPFLAGS to ''
Expected arguments: 'c++' '-o' 'test.o' '-c' 'test.c'
Returned arguments: 'c++' '-o' 'test.o' '-c' 'test.c'
> Test: Multi-word program name
Setting ATF_BUILD_CXX to 'c++ -foo'
Setting ATF_BUILD_CXXFLAGS to ''
Setting ATF_BUILD_CPPFLAGS to ''
Expected arguments: 'c++' '-foo' '-o' 'test.o' '-c' 'test.c'
Returned arguments: 'c++' '-foo' '-o' 'test.o' '-c' 'test.c'
> Test: Some cxxflags
Setting ATF_BUILD_CXX to 'c++'
Setting ATF_BUILD_CXXFLAGS to '-f1 -f2    -f3 -f4-f5'
Setting ATF_BUILD_CPPFLAGS to ''
Expected arguments: 'c++' '-f1' '-f2' '-f3' '-f4-f5' '-o' 'test.o' '-c' 'test.c'
Returned arguments: 'c++' '-f1' '-f2' '-f3' '-f4-f5' '-o' 'test.o' '-c' 'test.c'
> Test: Some cppflags
Setting ATF_BUILD_CXX to 'c++'
Setting ATF_BUILD_CXXFLAGS to ''
Setting ATF_BUILD_CPPFLAGS to '-f1 -f2    -f3 -f4-f5'
Expected arguments: 'c++' '-f1' '-f2' '-f3' '-f4-f5' '-o' 'test.o' '-c' 'test.c'
Returned arguments: 'c++' '-f1' '-f2' '-f3' '-f4-f5' '-o' 'test.o' '-c' 'test.c'
> Test: Some cxxflags and cppflags
Setting ATF_BUILD_CXX to 'c++'
Setting ATF_BUILD_CXXFLAGS to '-f2'
Setting ATF_BUILD_CPPFLAGS to '-f1'
Expected arguments: 'c++' '-f1' '-f2' '-o' 'test.o' '-c' 'test.c'
Returned arguments: 'c++' '-f1' '-f2' '-o' 'test.o' '-c' 'test.c'
> Test: Some optional arguments
Setting ATF_BUILD_CXX to 'c++'
Setting ATF_BUILD_CXXFLAGS to ''
Setting ATF_BUILD_CPPFLAGS to ''
Expected arguments: 'c++' '-o1' '-o2' '-o' 'test.o' '-c' 'test.c'
Returned arguments: 'c++' '-o1' '-o2' '-o' 'test.o' '-c' 'test.c'
> Test: Some cxxflags, cppflags and optional arguments
Setting ATF_BUILD_CXX to 'c++'
Setting ATF_BUILD_CXXFLAGS to '-f2'
Setting ATF_BUILD_CPPFLAGS to '-f1'
Expected arguments: 'c++' '-f1' '-f2' '-o1' '-o2' '-o' 'test.o' '-c' 'test.c'
Returned arguments: 'c++' '-f1' '-f2' '-o1' '-o2' '-o' 'test.o' '-c' 'test.c'
===> local/atf/atf-c/build_test:equal_arrays
Result: passed
Duration: 0.030s

Metadata:
    allowed_architectures is empty
    allowed_platforms is empty
    description = Tests the test case internal equal_arrays function
    has_cleanup = false
    required_configs is empty
    required_disk_space = 0
    required_files is empty
    required_memory = 0
    required_programs is empty
    required_user is empty
    timeout = 300
===> local/atf/atf-c/check_test:build_c_o
Result: passed
Duration: 0.137s

Metadata:
    allowed_architectures is empty
    allowed_platforms is empty
    description = Checks the atf_check_build_c_o function
    has_cleanup = false
    required_configs is empty
    required_disk_space = 0
    required_files is empty
    required_memory = 0
    required_programs is empty
    required_user is empty
    timeout = 300

Standard output:
Looking for '-o test.o' in '> cc -O2 -pipe -fstack-protector -fno-strict-aliasing -D_FORTIFY_SOURCE=2 -Wall -Wcast-qual -Wextra -Wpointer-arith -Wredundant-decls -Wreturn-type -Wshadow -Wsign-compare -Wswitch -Wwrite-strings -DNDEBUG -Wmissing-prototypes -Wstrict-prototypes -o test.o -c test.c'
Looking for '-c test.c' in '> cc -O2 -pipe -fstack-protector -fno-strict-aliasing -D_FORTIFY_SOURCE=2 -Wall -Wcast-qual -Wextra -Wpointer-arith -Wredundant-decls -Wreturn-type -Wshadow -Wsign-compare -Wswitch -Wwrite-strings -DNDEBUG -Wmissing-prototypes -Wstrict-prototypes -o test.o -c test.c'
Looking for '-o test.o' in 'Looking for '-o test.o' in '> cc -O2 -pipe -fstack-protector -fno-strict-aliasing -D_FORTIFY_SOURCE=2 -Wall -Wcast-qual -Wextra -Wpointer-arith -Wredundant-decls -Wreturn-type -Wshadow -Wsign-compare -Wswitch -Wwrite-strings -DNDEBUG -Wmissing-prototypes -Wstrict-prototypes -o test.o -c test.c''
Looking for '-c test.c' in 'Looking for '-o test.o' in '> cc -O2 -pipe -fstack-protector -fno-strict-aliasing -D_FORTIFY_SOURCE=2 -Wall -Wcast-qual -Wextra -Wpointer-arith -Wredundant-decls -Wreturn-type -Wshadow -Wsign-compare -Wswitch -Wwrite-strings -DNDEBUG -Wmissing-prototypes -Wstrict-prototypes -o test.o -c test.c''
Looking for 'test.c' in 'test.c:1:6: warning: no previous prototype for function 'foo' [-Wmissing-prototypes]'
Looking for 'UNDEFINED_SYMBOL' in 'test.c:1:6: warning: no previous prototype for function 'foo' [-Wmissing-prototypes]'
Looking for 'UNDEFINED_SYMBOL' in 'void foo(void) { int a = UNDEFINED_SYMBOL; }'
===> local/atf/atf-c/check_test:build_cpp
Result: passed
Duration: 0.084s

Metadata:
    allowed_architectures is empty
    allowed_platforms is empty
    description = Checks the atf_check_build_cpp function
    has_cleanup = false
    required_configs is empty
    required_disk_space = 0
    required_files is empty
    required_memory = 0
    required_programs is empty
    required_user is empty
    timeout = 300

Standard output:
Looking for '-o.*test.p' in '> cpp -o test.p test.c'
Looking for 'test.c' in '> cpp -o test.p test.c'
Looking for 'foo bar' in '# 1 "test.c"'
Looking for 'foo bar' in '# 1 "<built-in>" 1'
Looking for 'foo bar' in '# 1 "<built-in>" 3'
Looking for 'foo bar' in '# 311 "<built-in>" 3'
Looking for 'foo bar' in '# 1 "<command line>" 1'
Looking for 'foo bar' in '# 1 "<built-in>" 2'
Looking for 'foo bar' in '# 1 "test.c" 2'
Looking for 'foo bar' in ''
Looking for 'foo bar' in ''
Looking for 'foo bar' in 'foo bar'
Looking for '-o test.p' in 'Looking for '-o.*test.p' in '> cpp -o test.p test.c''
Looking for 'test.c' in 'Looking for '-o.*test.p' in '> cpp -o test.p test.c''
Looking for 'test.c' in 'test.c:1:10: fatal error: './non-existent.h' file not found'
Looking for 'non-existent.h' in 'test.c:1:10: fatal error: './non-existent.h' file not found'
===> local/atf/atf-c/check_test:build_cxx_o
Result: passed
Duration: 1.008s

Metadata:
    allowed_architectures is empty
    allowed_platforms is empty
    description = Checks the atf_check_build_cxx_o function
    has_cleanup = false
    required_configs is empty
    required_disk_space = 0
    required_files is empty
    required_memory = 0
    required_programs is empty
    required_user is empty
    timeout = 300

Standard output:
Looking for '-o test.o' in '> c++ -O2 -pipe -fstack-protector -fno-strict-aliasing -D_FORTIFY_SOURCE=2 -Wall -Wcast-qual -Wextra -Wpointer-arith -Wredundant-decls -Wreturn-type -Wshadow -Wsign-compare -Wswitch -Wwrite-strings -DNDEBUG -Wabi -Wctor-dtor-privacy -Wno-deprecated -Wnon-virtual-dtor -Woverloaded-virtual -Wreorder -Wsign-promo -Wsynth -o test.o -c test.cpp'
Looking for '-c test.cpp' in '> c++ -O2 -pipe -fstack-protector -fno-strict-aliasing -D_FORTIFY_SOURCE=2 -Wall -Wcast-qual -Wextra -Wpointer-arith -Wredundant-decls -Wreturn-type -Wshadow -Wsign-compare -Wswitch -Wwrite-strings -DNDEBUG -Wabi -Wctor-dtor-privacy -Wno-deprecated -Wnon-virtual-dtor -Woverloaded-virtual -Wreorder -Wsign-promo -Wsynth -o test.o -c test.cpp'
Looking for '-o test.o' in 'Looking for '-o test.o' in '> c++ -O2 -pipe -fstack-protector -fno-strict-aliasing -D_FORTIFY_SOURCE=2 -Wall -Wcast-qual -Wextra -Wpointer-arith -Wredundant-decls -Wreturn-type -Wshadow -Wsign-compare -Wswitch -Wwrite-strings -DNDEBUG -Wabi -Wctor-dtor-privacy -Wno-deprecated -Wnon-virtual-dtor -Woverloaded-virtual -Wreorder -Wsign-promo -Wsynth -o test.o -c test.cpp''
Looking for '-c test.cpp' in 'Looking for '-o test.o' in '> c++ -O2 -pipe -fstack-protector -fno-strict-aliasing -D_FORTIFY_SOURCE=2 -Wall -Wcast-qual -Wextra -Wpointer-arith -Wredundant-decls -Wreturn-type -Wshadow -Wsign-compare -Wswitch -Wwrite-strings -DNDEBUG -Wabi -Wctor-dtor-privacy -Wno-deprecated -Wnon-virtual-dtor -Woverloaded-virtual -Wreorder -Wsign-promo -Wsynth -o test.o -c test.cpp''
Looking for 'test.cpp' in 'test.cpp:1:26: error: use of undeclared identifier 'UNDEFINED_SYMBOL''
Looking for 'UNDEFINED_SYMBOL' in 'test.cpp:1:26: error: use of undeclared identifier 'UNDEFINED_SYMBOL''
===> local/atf/atf-c/check_test:exec_array
Result: passed
Duration: 0.090s

Metadata:
    allowed_architectures is empty
    allowed_platforms is empty
    description = Checks that atf_check_exec_array works properly
    has_cleanup = false
    required_configs is empty
    required_disk_space = 0
    required_files is empty
    required_memory = 0
    required_programs is empty
    required_user is empty
    timeout = 300
===> local/atf/atf-c/check_test:exec_cleanup
Result: passed
Duration: 0.111s

Metadata:
    allowed_architectures is empty
    allowed_platforms is empty
    description = Checks that atf_check_exec_array properly cleans up the temporary files it creates
    has_cleanup = false
    required_configs is empty
    required_disk_space = 0
    required_files is empty
    required_memory = 0
    required_programs is empty
    required_user is empty
    timeout = 300

Standard output:
Executing /usr/tests/local/atf/atf-c/detail/process_helpers exit-success
===> local/atf/atf-c/check_test:exec_exitstatus
Result: passed
Duration: 0.094s

Metadata:
    allowed_architectures is empty
    allowed_platforms is empty
    description = Checks that atf_check_exec_array properly captures the exit status of the executed command
    has_cleanup = false
    required_configs is empty
    required_disk_space = 0
    required_files is empty
    required_memory = 0
    required_programs is empty
    required_user is empty
    timeout = 300

Standard output:
Executing /usr/tests/local/atf/atf-c/detail/process_helpers exit-success
Executing /usr/tests/local/atf/atf-c/detail/process_helpers exit-failure
Executing /usr/tests/local/atf/atf-c/detail/process_helpers exit-signal
===> local/atf/atf-c/check_test:exec_stdout_stderr
Result: passed
Duration: 0.097s

Metadata:
    allowed_architectures is empty
    allowed_platforms is empty
    description = Checks that atf_check_exec_array properly captures the stdout and stderr streams of the child process
    has_cleanup = false
    required_configs is empty
    required_disk_space = 0
    required_files is empty
    required_memory = 0
    required_programs is empty
    required_user is empty
    timeout = 300

Standard output:
Executing /usr/tests/local/atf/atf-c/detail/process_helpers stdout-stderr result1
Executing /usr/tests/local/atf/atf-c/detail/process_helpers stdout-stderr result2
===> local/atf/atf-c/check_test:exec_umask
Result: passed
Duration: 0.030s

Metadata:
    allowed_architectures is empty
    allowed_platforms is empty
    description = Checks that atf_check_exec_array correctly reports an error if the umask is too restrictive to create temporary files
    has_cleanup = false
    required_configs is empty
    required_disk_space = 0
    required_files is empty
    required_memory = 0
    required_programs is empty
    required_user is empty
    timeout = 300
===> local/atf/atf-c/check_test:exec_unknown
Result: passed
Duration: 0.045s

Metadata:
    allowed_architectures is empty
    allowed_platforms is empty
    description = Checks that running a non-existing binary is handled correctly
    has_cleanup = false
    required_configs is empty
    required_disk_space = 0
    required_files is empty
    required_memory = 0
    required_programs is empty
    required_user is empty
    timeout = 300
===> local/atf/atf-c/detail/dynstr_test:append_ap
Result: passed
Duration: 0.097s

Metadata:
    allowed_architectures is empty
    allowed_platforms is empty
    description = Checks that appending a string to another one works
    has_cleanup = false
    required_configs is empty
    required_disk_space = 0
    required_files is empty
    required_memory = 0
    required_programs is empty
    required_user is empty
    timeout = 300

Standard output:
Appending with plain string
Appending with formatted string
===> local/atf/atf-c/detail/dynstr_test:append_fmt
Result: passed
Duration: 0.097s

Metadata:
    allowed_architectures is empty
    allowed_platforms is empty
    description = Checks that appending a string to another one works
    has_cleanup = false
    required_configs is empty
    required_disk_space = 0
    required_files is empty
    required_memory = 0
    required_programs is empty
    required_user is empty
    timeout = 300

Standard output:
Appending with plain string
Appending with formatted string
===> local/atf/atf-c/detail/dynstr_test:clear
Result: passed
Duration: 0.030s

Metadata:
    allowed_architectures is empty
    allowed_platforms is empty
    description = Checks clearing a string
    has_cleanup = false
    required_configs is empty
    required_disk_space = 0
    required_files is empty
    required_memory = 0
    required_programs is empty
    required_user is empty
    timeout = 300

Standard output:
Clear an empty string
Clear a non-empty string
===> local/atf/atf-c/detail/dynstr_test:copy
Result: passed
Duration: 0.028s

Metadata:
    allowed_architectures is empty
    allowed_platforms is empty
    description = Checks the atf_dynstr_copy constructor
    has_cleanup = false
    required_configs is empty
    required_disk_space = 0
    required_files is empty
    required_memory = 0
    required_programs is empty
    required_user is empty
    timeout = 300
===> local/atf/atf-c/detail/dynstr_test:cstring
Result: passed
Duration: 0.028s

Metadata:
    allowed_architectures is empty
    allowed_platforms is empty
    description = Checks the method to obtain a plain C string
    has_cleanup = false
    required_configs is empty
    required_disk_space = 0
    required_files is empty
    required_memory = 0
    required_programs is empty
    required_user is empty
    timeout = 300
===> local/atf/atf-c/detail/dynstr_test:equal_cstring
Result: passed
Duration: 0.028s

Metadata:
    allowed_architectures is empty
    allowed_platforms is empty
    description = Checks the atf_equal_dynstr_cstring function
    has_cleanup = false
    required_configs is empty
    required_disk_space = 0
    required_files is empty
    required_memory = 0
    required_programs is empty
    required_user is empty
    timeout = 300
===> local/atf/atf-c/detail/dynstr_test:equal_dynstr
Result: passed
Duration: 0.028s

Metadata:
    allowed_architectures is empty
    allowed_platforms is empty
    description = Checks the atf_equal_dynstr_dynstr function
    has_cleanup = false
    required_configs is empty
    required_disk_space = 0
    required_files is empty
    required_memory = 0
    required_programs is empty
    required_user is empty
    timeout = 300
===> local/atf/atf-c/detail/dynstr_test:fini_disown
Result: passed
Duration: 0.128s

Metadata:
    allowed_architectures is empty
    allowed_platforms is empty
    description = Checks grabbing ownership of the internal plain C string
    has_cleanup = false
    required_configs is empty
    required_disk_space = 0
    required_files is empty
    required_memory = 0
    required_programs is empty
    required_user is empty
    timeout = 300
===> local/atf/atf-c/detail/dynstr_test:init
Result: passed
Duration: 0.154s

Metadata:
    allowed_architectures is empty
    allowed_platforms is empty
    description = Checks the empty constructor
    has_cleanup = false
    required_configs is empty
    required_disk_space = 0
    required_files is empty
    required_memory = 0
    required_programs is empty
    required_user is empty
    timeout = 300
===> local/atf/atf-c/detail/dynstr_test:init_ap
Result: passed
Duration: 0.148s

Metadata:
    allowed_architectures is empty
    allowed_platforms is empty
    description = Checks the formatted constructor using a va_list argument
    has_cleanup = false
    required_configs is empty
    required_disk_space = 0
    required_files is empty
    required_memory = 0
    required_programs is empty
    required_user is empty
    timeout = 300
===> local/atf/atf-c/detail/dynstr_test:init_fmt
Result: passed
Duration: 0.102s

Metadata:
    allowed_architectures is empty
    allowed_platforms is empty
    description = Checks the formatted constructor using a variable list of parameters
    has_cleanup = false
    required_configs is empty
    required_disk_space = 0
    required_files is empty
    required_memory = 0
    required_programs is empty
    required_user is empty
    timeout = 300
===> local/atf/atf-c/detail/dynstr_test:init_raw
Result: passed
Duration: 0.025s

Metadata:
    allowed_architectures is empty
    allowed_platforms is empty
    description = Checks the construction of a string using a raw memory pointer
    has_cleanup = false
    required_configs is empty
    required_disk_space = 0
    required_files is empty
    required_memory = 0
    required_programs is empty
    required_user is empty
    timeout = 300
===> local/atf/atf-c/detail/dynstr_test:init_rep
Result: passed
Duration: 0.118s

Metadata:
    allowed_architectures is empty
    allowed_platforms is empty
    description = Checks the construction of a string by repeating characters
    has_cleanup = false
    required_configs is empty
    required_disk_space = 0
    required_files is empty
    required_memory = 0
    required_programs is empty
    required_user is empty
    timeout = 300
===> local/atf/atf-c/detail/dynstr_test:init_substr
Result: passed
Duration: 0.028s

Metadata:
    allowed_architectures is empty
    allowed_platforms is empty
    description = Checks the construction of a string using a substring of another one
    has_cleanup = false
    required_configs is empty
    required_disk_space = 0
    required_files is empty
    required_memory = 0
    required_programs is empty
    required_user is empty
    timeout = 300
===> local/atf/atf-c/detail/dynstr_test:length
Result: passed
Duration: 0.115s

Metadata:
    allowed_architectures is empty
    allowed_platforms is empty
    description = Checks the method to obtain the length
    has_cleanup = false
    required_configs is empty
    required_disk_space = 0
    required_files is empty
    required_memory = 0
    required_programs is empty
    required_user is empty
    timeout = 300
===> local/atf/atf-c/detail/dynstr_test:prepend_ap
Result: passed
Duration: 0.140s

Metadata:
    allowed_architectures is empty
    allowed_platforms is empty
    description = Checks that prepending a string to another one works
    has_cleanup = false
    required_configs is empty
    required_disk_space = 0
    required_files is empty
    required_memory = 0
    required_programs is empty
    required_user is empty
    timeout = 300

Standard output:
Prepending with plain string
Prepending with formatted string
===> local/atf/atf-c/detail/dynstr_test:prepend_fmt
Result: passed
Duration: 0.166s

Metadata:
    allowed_architectures is empty
    allowed_platforms is empty
    description = Checks that prepending a string to another one works
    has_cleanup = false
    required_configs is empty
    required_disk_space = 0
    required_files is empty
    required_memory = 0
    required_programs is empty
    required_user is empty
    timeout = 300

Standard output:
Prepending with plain string
Prepending with formatted string
===> local/atf/atf-c/detail/dynstr_test:rfind_ch
Result: passed
Duration: 0.023s

Metadata:
    allowed_architectures is empty
    allowed_platforms is empty
    description = Checks the method to locate the first occurrence of a character starting from the end
    has_cleanup = false
    required_configs is empty
    required_disk_space = 0
    required_files is empty
    required_memory = 0
    required_programs is empty
    required_user is empty
    timeout = 300
===> local/atf/atf-c/detail/env_test:get
Result: passed
Duration: 0.025s

Metadata:
    allowed_architectures is empty
    allowed_platforms is empty
    description = Tests the atf_env_get function
    has_cleanup = false
    required_configs is empty
    required_disk_space = 0
    required_files is empty
    required_memory = 0
    required_programs is empty
    required_user is empty
    timeout = 300
===> local/atf/atf-c/detail/env_test:get_with_default
Result: passed
Duration: 0.023s

Metadata:
    allowed_architectures is empty
    allowed_platforms is empty
    description = Tests the atf_env_get_with_default function
    has_cleanup = false
    required_configs is empty
    required_disk_space = 0
    required_files is empty
    required_memory = 0
    required_programs is empty
    required_user is empty
    timeout = 300
===> local/atf/atf-c/detail/env_test:has
Result: passed
Duration: 0.022s

Metadata:
    allowed_architectures is empty
    allowed_platforms is empty
    description = Tests the atf_env_has function
    has_cleanup = false
    required_configs is empty
    required_disk_space = 0
    required_files is empty
    required_memory = 0
    required_programs is empty
    required_user is empty
    timeout = 300
===> local/atf/atf-c/detail/env_test:set
Result: passed
Duration: 0.033s

Metadata:
    allowed_architectures is empty
    allowed_platforms is empty
    description = Tests the atf_env_set function
    has_cleanup = false
    required_configs is empty
    required_disk_space = 0
    required_files is empty
    required_memory = 0
    required_programs is empty
    required_user is empty
    timeout = 300
===> local/atf/atf-c/detail/env_test:unset
Result: passed
Duration: 0.100s

Metadata:
    allowed_architectures is empty
    allowed_platforms is empty
    description = Tests the atf_env_unset function
    has_cleanup = false
    required_configs is empty
    required_disk_space = 0
    required_files is empty
    required_memory = 0
    required_programs is empty
    required_user is empty
    timeout = 300
===> local/atf/atf-c/detail/fs_test:eaccess
Result: passed
Duration: 0.027s

Metadata:
    allowed_architectures is empty
    allowed_platforms is empty
    description = Tests the atf_fs_eaccess function
    has_cleanup = false
    required_configs is empty
    required_disk_space = 0
    required_files is empty
    required_memory = 0
    required_programs is empty
    required_user is empty
    timeout = 300

Standard output:
Non-existent file checks

File mode     : 0000
Access mode   : 0x02
Expected error: 0
Error         : None

File mode     : 0000
Access mode   : 0x04
Expected error: 0
Error         : None

File mode     : 0000
Access mode   : 0x08
Expected error: 13
Error         : 13

File mode     : 0001
Access mode   : 0x02
Expected error: 0
Error         : None

File mode     : 0001
Access mode   : 0x04
Expected error: 0
Error         : None

File mode     : 0001
Access mode   : 0x08
Expected error: 0
Error         : None

File mode     : 0002
Access mode   : 0x02
Expected error: 0
Error         : None

File mode     : 0002
Access mode   : 0x04
Expected error: 0
Error         : None

File mode     : 0002
Access mode   : 0x08
Expected error: 13
Error         : 13

File mode     : 0004
Access mode   : 0x02
Expected error: 0
Error         : None

File mode     : 0004
Access mode   : 0x04
Expected error: 0
Error         : None

File mode     : 0004
Access mode   : 0x08
Expected error: 13
Error         : 13

File mode     : 0010
Access mode   : 0x02
Expected error: 0
Error         : None

File mode     : 0010
Access mode   : 0x04
Expected error: 0
Error         : None

File mode     : 0010
Access mode   : 0x08
Expected error: 0
Error         : None

File mode     : 0020
Access mode   : 0x02
Expected error: 0
Error         : None

File mode     : 0020
Access mode   : 0x04
Expected error: 0
Error         : None

File mode     : 0020
Access mode   : 0x08
Expected error: 13
Error         : 13

File mode     : 0040
Access mode   : 0x02
Expected error: 0
Error         : None

File mode     : 0040
Access mode   : 0x04
Expected error: 0
Error         : None

File mode     : 0040
Access mode   : 0x08
Expected error: 13
Error         : 13

File mode     : 0100
Access mode   : 0x02
Expected error: 0
Error         : None

File mode     : 0100
Access mode   : 0x04
Expected error: 0
Error         : None

File mode     : 0100
Access mode   : 0x08
Expected error: 0
Error         : None

File mode     : 0200
Access mode   : 0x02
Expected error: 0
Error         : None

File mode     : 0200
Access mode   : 0x04
Expected error: 0
Error         : None

File mode     : 0200
Access mode   : 0x08
Expected error: 13
Error         : 13

File mode     : 0400
Access mode   : 0x02
Expected error: 0
Error         : None

File mode     : 0400
Access mode   : 0x04
Expected error: 0
Error         : None

File mode     : 0400
Access mode   : 0x08
Expected error: 13
Error         : 13
===> local/atf/atf-c/detail/fs_test:exists
Result: passed
Duration: 0.031s

Metadata:
    allowed_architectures is empty
    allowed_platforms is empty
    description = Tests the atf_fs_exists function
    has_cleanup = false
    required_configs is empty
    required_disk_space = 0
    required_files is empty
    required_memory = 0
    required_programs is empty
    required_user is empty
    timeout = 300

Standard output:
Checking existence of a directory
Checking existence of a file
Checking existence of a non-existent file
===> local/atf/atf-c/detail/fs_test:getcwd
Result: passed
Duration: 0.027s

Metadata:
    allowed_architectures is empty
    allowed_platforms is empty
    description = Tests the atf_fs_getcwd function
    has_cleanup = false
    required_configs is empty
    required_disk_space = 0
    required_files is empty
    required_memory = 0
    required_programs is empty
    required_user is empty
    timeout = 300
===> local/atf/atf-c/detail/fs_test:mkdtemp_err
Result: passed
Duration: 0.091s

Metadata:
    allowed_architectures is empty
    allowed_platforms is empty
    description = Tests the atf_fs_mkdtemp function, error conditions
    has_cleanup = false
    required_configs is empty
    required_disk_space = 0
    required_files is empty
    required_memory = 0
    required_programs is empty
    required_user = unprivileged
    timeout = 300
===> local/atf/atf-c/detail/fs_test:mkdtemp_ok
Result: passed
Duration: 0.796s

Metadata:
    allowed_architectures is empty
    allowed_platforms is empty
    description = Tests the atf_fs_mkdtemp function, successful execution
    has_cleanup = false
    required_configs is empty
    required_disk_space = 0
    required_files is empty
    required_memory = 0
    required_programs is empty
    required_user is empty
    timeout = 300
===> local/atf/atf-c/detail/fs_test:mkdtemp_umask
Result: passed
Duration: 0.126s

Metadata:
    allowed_architectures is empty
    allowed_platforms is empty
    description = Tests the atf_fs_mkdtemp function causing an error due to a too strict umask
    has_cleanup = false
    required_configs is empty
    required_disk_space = 0
    required_files is empty
    required_memory = 0
    required_programs is empty
    required_user is empty
    timeout = 300

Standard output:
Creating temporary directory with umask 00100
Creating temporary directory with umask 00200
Creating temporary directory with umask 00400
Creating temporary directory with umask 00500
Creating temporary directory with umask 00600
===> local/atf/atf-c/detail/fs_test:mkstemp_err
Result: passed
Duration: 0.102s

Metadata:
    allowed_architectures is empty
    allowed_platforms is empty
    description = Tests the atf_fs_mkstemp function, error conditions
    has_cleanup = false
    required_configs is empty
    required_disk_space = 0
    required_files is empty
    required_memory = 0
    required_programs is empty
    required_user = unprivileged
    timeout = 300
===> local/atf/atf-c/detail/fs_test:mkstemp_ok
Result: passed
Duration: 0.047s

Metadata:
    allowed_architectures is empty
    allowed_platforms is empty
    description = Tests the atf_fs_mkstemp function, successful execution
    has_cleanup = false
    required_configs is empty
    required_disk_space = 0
    required_files is empty
    required_memory = 0
    required_programs is empty
    required_user is empty
    timeout = 300
===> local/atf/atf-c/detail/fs_test:mkstemp_umask
Result: passed
Duration: 0.062s

Metadata:
    allowed_architectures is empty
    allowed_platforms is empty
    description = Tests the atf_fs_mkstemp function causing an error due to a too strict umask
    has_cleanup = false
    required_configs is empty
    required_disk_space = 0
    required_files is empty
    required_memory = 0
    required_programs is empty
    required_user is empty
    timeout = 300

Standard output:
Creating temporary regular file with umask 00100
Creating temporary regular file with umask 00200
Creating temporary regular file with umask 00400
===> local/atf/atf-c/detail/fs_test:path_append
Result: passed
Duration: 0.029s

Metadata:
    allowed_architectures is empty
    allowed_platforms is empty
    description = Tests the concatenation of multiple paths
    has_cleanup = false
    required_configs is empty
    required_disk_space = 0
    required_files is empty
    required_memory = 0
    required_programs is empty
    required_user is empty
    timeout = 300

Standard output:
Input          : >foo<
Append         : >bar<
Expected output: >foo/bar<
Output         : >foo/bar<

Input          : >foo/<
Append         : >/bar<
Expected output: >foo/bar<
Output         : >foo/bar<

Input          : >foo/<
Append         : >/bar/baz<
Expected output: >foo/bar/baz<
Output         : >foo/bar/baz<

Input          : >foo/<
Append         : >///bar///baz<
Expected output: >foo/bar/baz<
Output         : >foo/bar/baz<

===> local/atf/atf-c/detail/fs_test:path_branch_path
Result: passed
Duration: 0.064s

Metadata:
    allowed_architectures is empty
    allowed_platforms is empty
    description = Tests the atf_fs_path_branch_path function
    has_cleanup = false
    required_configs is empty
    required_disk_space = 0
    required_files is empty
    required_memory = 0
    required_programs is empty
    required_user is empty
    timeout = 300

Standard output:
Input          : .
Expected output: .
Output         : .

Input          : foo
Expected output: .
Output         : .

Input          : foo/bar
Expected output: foo
Output         : foo

Input          : /foo
Expected output: /
Output         : /

Input          : /foo/bar
Expected output: /foo
Output         : /foo

===> local/atf/atf-c/detail/fs_test:path_copy
Result: passed
Duration: 0.045s

Metadata:
    allowed_architectures is empty
    allowed_platforms is empty
    description = Tests the atf_fs_path_copy constructor
    has_cleanup = false
    required_configs is empty
    required_disk_space = 0
    required_files is empty
    required_memory = 0
    required_programs is empty
    required_user is empty
    timeout = 300
===> local/atf/atf-c/detail/fs_test:path_equal
Result: passed
Duration: 0.066s

Metadata:
    allowed_architectures is empty
    allowed_platforms is empty
    description = Tests the equality operators for paths
    has_cleanup = false
    required_configs is empty
    required_disk_space = 0
    required_files is empty
    required_memory = 0
    required_programs is empty
    required_user is empty
    timeout = 300
===> local/atf/atf-c/detail/fs_test:path_is_absolute
Result: passed
Duration: 0.028s

Metadata:
    allowed_architectures is empty
    allowed_platforms is empty
    description = Tests the path::is_absolute function
    has_cleanup = false
    required_configs is empty
    required_disk_space = 0
    required_files is empty
    required_memory = 0
    required_programs is empty
    required_user is empty
    timeout = 300

Standard output:
Input          : /
Expected result: true
Result         : true

Input          : ////
Expected result: true
Result         : true

Input          : ////a
Expected result: true
Result         : true

Input          : //a//
Expected result: true
Result         : true

Input          : a////
Expected result: false
Result         : false

Input          : ../foo
Expected result: false
Result         : false

===> local/atf/atf-c/detail/fs_test:path_is_root
Result: passed
Duration: 0.032s

Metadata:
    allowed_architectures is empty
    allowed_platforms is empty
    description = Tests the path::is_root function
    has_cleanup = false
    required_configs is empty
    required_disk_space = 0
    required_files is empty
    required_memory = 0
    required_programs is empty
    required_user is empty
    timeout = 300

Standard output:
Input          : /
Expected result: true
Result         : true

Input          : ////
Expected result: true
Result         : true

Input          : ////a
Expected result: false
Result         : false

Input          : //a//
Expected result: false
Result         : false

Input          : a////
Expected result: false
Result         : false

Input          : ../foo
Expected result: false
Result         : false

===> local/atf/atf-c/detail/fs_test:path_leaf_name
Result: passed
Duration: 0.058s

Metadata:
    allowed_architectures is empty
    allowed_platforms is empty
    description = Tests the atf_fs_path_leaf_name function
    has_cleanup = false
    required_configs is empty
    required_disk_space = 0
    required_files is empty
    required_memory = 0
    required_programs is empty
    required_user is empty
    timeout = 300

Standard output:
Input          : .
Expected output: .
Output         : .

Input          : foo
Expected output: foo
Output         : foo

Input          : foo/bar
Expected output: bar
Output         : bar

Input          : /foo
Expected output: foo
Output         : foo

Input          : /foo/bar
Expected output: bar
Output         : bar

===> local/atf/atf-c/detail/fs_test:path_normalize
Result: passed
Duration: 0.101s

Metadata:
    allowed_architectures is empty
    allowed_platforms is empty
    description = Tests the path's normalization
    has_cleanup = false
    required_configs is empty
    required_disk_space = 0
    required_files is empty
    required_memory = 0
    required_programs is empty
    required_user is empty
    timeout = 300

Standard output:
Input          : >.<
Expected output: >.<
Output         : >.<

Input          : >..<
Expected output: >..<
Output         : >..<

Input          : >/<
Expected output: >/<
Output         : >/<

Input          : >//<
Expected output: >/<
Output         : >/<

Input          : >///<
Expected output: >/<
Output         : >/<

Input          : >foo<
Expected output: >foo<
Output         : >foo<

Input          : >foo/<
Expected output: >foo<
Output         : >foo<

Input          : >foo/bar<
Expected output: >foo/bar<
Output         : >foo/bar<

Input          : >foo/bar/<
Expected output: >foo/bar<
Output         : >foo/bar<

Input          : >/foo<
Expected output: >/foo<
Output         : >/foo<

Input          : >/foo/bar<
Expected output: >/foo/bar<
Output         : >/foo/bar<

Input          : >/foo/bar/<
Expected output: >/foo/bar<
Output         : >/foo/bar<

Input          : >///foo<
Expected output: >/foo<
Output         : >/foo<

Input          : >///foo///bar<
Expected output: >/foo/bar<
Output         : >/foo/bar<

Input          : >///foo///bar///<
Expected output: >/foo/bar<
Output         : >/foo/bar<

===> local/atf/atf-c/detail/fs_test:path_to_absolute
Result: passed
Duration: 0.056s

Metadata:
    allowed_architectures is empty
    allowed_platforms is empty
    description = Tests the atf_fs_path_to_absolute function
    has_cleanup = false
    required_configs is empty
    required_disk_space = 0
    required_files is empty
    required_memory = 0
    required_programs is empty
    required_user is empty
    timeout = 300

Standard output:
Relative path: .
Absolute path: /tmp/kyua.atf-tester.40JMun/.

Relative path: dir
Absolute path: /tmp/kyua.atf-tester.40JMun/dir

===> local/atf/atf-c/detail/fs_test:rmdir_empty
Result: passed
Duration: 0.036s

Metadata:
    allowed_architectures is empty
    allowed_platforms is empty
    description = Tests the atf_fs_rmdir function
    has_cleanup = false
    required_configs is empty
    required_disk_space = 0
    required_files is empty
    required_memory = 0
    required_programs is empty
    required_user is empty
    timeout = 300
===> local/atf/atf-c/detail/fs_test:rmdir_enotempty
Result: passed
Duration: 0.056s

Metadata:
    allowed_architectures is empty
    allowed_platforms is empty
    description = Tests the atf_fs_rmdir function
    has_cleanup = false
    required_configs is empty
    required_disk_space = 0
    required_files is empty
    required_memory = 0
    required_programs is empty
    required_user is empty
    timeout = 300
===> local/atf/atf-c/detail/fs_test:rmdir_eperm
Result: passed
Duration: 0.210s

Metadata:
    allowed_architectures is empty
    allowed_platforms is empty
    description = Tests the atf_fs_rmdir function
    has_cleanup = false
    required_configs is empty
    required_disk_space = 0
    required_files is empty
    required_memory = 0
    required_programs is empty
    required_user is empty
    timeout = 300
===> local/atf/atf-c/detail/fs_test:stat_mode
Result: passed
Duration: 0.099s

Metadata:
    allowed_architectures is empty
    allowed_platforms is empty
    description = Tests the atf_fs_stat_get_mode function and, indirectly, the constructor
    has_cleanup = false
    required_configs is empty
    required_disk_space = 0
    required_files is empty
    required_memory = 0
    required_programs is empty
    required_user is empty
    timeout = 300
===> local/atf/atf-c/detail/fs_test:stat_perms
Result: passed
Duration: 0.128s

Metadata:
    allowed_architectures is empty
    allowed_platforms is empty
    description = Tests the atf_fs_stat_is_* functions
    has_cleanup = false
    required_configs is empty
    required_disk_space = 0
    required_files is empty
    required_memory = 0
    required_programs is empty
    required_user is empty
    timeout = 300
===> local/atf/atf-c/detail/fs_test:stat_type
Result: passed
Duration: 0.099s

Metadata:
    allowed_architectures is empty
    allowed_platforms is empty
    description = Tests the atf_fs_stat_get_type function and, indirectly, the constructor
    has_cleanup = false
    required_configs is empty
    required_disk_space = 0
    required_files is empty
    required_memory = 0
    required_programs is empty
    required_user is empty
    timeout = 300
===> local/atf/atf-c/detail/list_test:list_append
Result: passed
Duration: 0.063s

Metadata:
    allowed_architectures is empty
    allowed_platforms is empty
    description = Checks the atf_list_append function
    has_cleanup = false
    required_configs is empty
    required_disk_space = 0
    required_files is empty
    required_memory = 0
    required_programs is empty
    required_user is empty
    timeout = 300
===> local/atf/atf-c/detail/list_test:list_append_list
Result: passed
Duration: 0.023s

Metadata:
    allowed_architectures is empty
    allowed_platforms is empty
    description = Checks the atf_list_append_list function
    has_cleanup = false
    required_configs is empty
    required_disk_space = 0
    required_files is empty
    required_memory = 0
    required_programs is empty
    required_user is empty
    timeout = 300
===> local/atf/atf-c/detail/list_test:list_for_each
Result: passed
Duration: 0.037s

Metadata:
    allowed_architectures is empty
    allowed_platforms is empty
    description = Checks the atf_list_for_each macro
    has_cleanup = false
    required_configs is empty
    required_disk_space = 0
    required_files is empty
    required_memory = 0
    required_programs is empty
    required_user is empty
    timeout = 300

Standard output:
Iterating over empty list
Iterating over list of 0 elements
Iterating over list of 1 elements
Retrieved item: 1
Iterating over list of 2 elements
Retrieved item: 1
Retrieved item: 2
Iterating over list of 3 elements
Retrieved item: 1
Retrieved item: 2
Retrieved item: 3
Iterating over list of 4 elements
Retrieved item: 1
Retrieved item: 2
Retrieved item: 3
Retrieved item: 4
Iterating over list of 5 elements
Retrieved item: 1
Retrieved item: 2
Retrieved item: 3
Retrieved item: 4
Retrieved item: 5
Iterating over list of 6 elements
Retrieved item: 1
Retrieved item: 2
Retrieved item: 3
Retrieved item: 4
Retrieved item: 5
Retrieved item: 6
Iterating over list of 7 elements
Retrieved item: 1
Retrieved item: 2
Retrieved item: 3
Retrieved item: 4
Retrieved item: 5
Retrieved item: 6
Retrieved item: 7
Iterating over list of 8 elements
Retrieved item: 1
Retrieved item: 2
Retrieved item: 3
Retrieved item: 4
Retrieved item: 5
Retrieved item: 6
Retrieved item: 7
Retrieved item: 8
Iterating over list of 9 elements
Retrieved item: 1
Retrieved item: 2
Retrieved item: 3
Retrieved item: 4
Retrieved item: 5
Retrieved item: 6
Retrieved item: 7
Retrieved item: 8
Retrieved item: 9
Iterating over list of 10 elements
Retrieved item: 1
Retrieved item: 2
Retrieved item: 3
Retrieved item: 4
Retrieved item: 5
Retrieved item: 6
Retrieved item: 7
Retrieved item: 8
Retrieved item: 9
Retrieved item: 10
===> local/atf/atf-c/detail/list_test:list_for_each_c
Result: passed
Duration: 0.039s

Metadata:
    allowed_architectures is empty
    allowed_platforms is empty
    description = Checks the atf_list_for_each_c macro
    has_cleanup = false
    required_configs is empty
    required_disk_space = 0
    required_files is empty
    required_memory = 0
    required_programs is empty
    required_user is empty
    timeout = 300

Standard output:
Iterating over empty list
Iterating over list of 0 elements
Iterating over list of 1 elements
Retrieved item: 1
Iterating over list of 2 elements
Retrieved item: 1
Retrieved item: 2
Iterating over list of 3 elements
Retrieved item: 1
Retrieved item: 2
Retrieved item: 3
Iterating over list of 4 elements
Retrieved item: 1
Retrieved item: 2
Retrieved item: 3
Retrieved item: 4
Iterating over list of 5 elements
Retrieved item: 1
Retrieved item: 2
Retrieved item: 3
Retrieved item: 4
Retrieved item: 5
Iterating over list of 6 elements
Retrieved item: 1
Retrieved item: 2
Retrieved item: 3
Retrieved item: 4
Retrieved item: 5
Retrieved item: 6
Iterating over list of 7 elements
Retrieved item: 1
Retrieved item: 2
Retrieved item: 3
Retrieved item: 4
Retrieved item: 5
Retrieved item: 6
Retrieved item: 7
Iterating over list of 8 elements
Retrieved item: 1
Retrieved item: 2
Retrieved item: 3
Retrieved item: 4
Retrieved item: 5
Retrieved item: 6
Retrieved item: 7
Retrieved item: 8
Iterating over list of 9 elements
Retrieved item: 1
Retrieved item: 2
Retrieved item: 3
Retrieved item: 4
Retrieved item: 5
Retrieved item: 6
Retrieved item: 7
Retrieved item: 8
Retrieved item: 9
Iterating over list of 10 elements
Retrieved item: 1
Retrieved item: 2
Retrieved item: 3
Retrieved item: 4
Retrieved item: 5
Retrieved item: 6
Retrieved item: 7
Retrieved item: 8
Retrieved item: 9
Retrieved item: 10
===> local/atf/atf-c/detail/list_test:list_index
Result: passed
Duration: 0.034s

Metadata:
    allowed_architectures is empty
    allowed_platforms is empty
    description = Checks the atf_list_index function
    has_cleanup = false
    required_configs is empty
    required_disk_space = 0
    required_files is empty
    required_memory = 0
    required_programs is empty
    required_user is empty
    timeout = 300
===> local/atf/atf-c/detail/list_test:list_index_c
Result: passed
Duration: 0.023s

Metadata:
    allowed_architectures is empty
    allowed_platforms is empty
    description = Checks the atf_list_index_c function
    has_cleanup = false
    required_configs is empty
    required_disk_space = 0
    required_files is empty
    required_memory = 0
    required_programs is empty
    required_user is empty
    timeout = 300
===> local/atf/atf-c/detail/list_test:list_init
Result: passed
Duration: 0.023s

Metadata:
    allowed_architectures is empty
    allowed_platforms is empty
    description = Checks the atf_list_init function
    has_cleanup = false
    required_configs is empty
    required_disk_space = 0
    required_files is empty
    required_memory = 0
    required_programs is empty
    required_user is empty
    timeout = 300
===> local/atf/atf-c/detail/list_test:list_to_charpp_empty
Result: passed
Duration: 0.023s

Metadata:
    allowed_architectures is empty
    allowed_platforms is empty
    description is empty
    has_cleanup = false
    required_configs is empty
    required_disk_space = 0
    required_files is empty
    required_memory = 0
    required_programs is empty
    required_user is empty
    timeout = 300
===> local/atf/atf-c/detail/list_test:list_to_charpp_some
Result: passed
Duration: 0.023s

Metadata:
    allowed_architectures is empty
    allowed_platforms is empty
    description is empty
    has_cleanup = false
    required_configs is empty
    required_disk_space = 0
    required_files is empty
    required_memory = 0
    required_programs is empty
    required_user is empty
    timeout = 300
===> local/atf/atf-c/detail/map_test:find
Result: passed
Duration: 0.095s

Metadata:
    allowed_architectures is empty
    allowed_platforms is empty
    description = Checks the atf_map_find function
    has_cleanup = false
    required_configs is empty
    required_disk_space = 0
    required_files is empty
    required_memory = 0
    required_programs is empty
    required_user is empty
    timeout = 300
===> local/atf/atf-c/detail/map_test:find_c
Result: passed
Duration: 0.077s

Metadata:
    allowed_architectures is empty
    allowed_platforms is empty
    description = Checks the atf_map_find_c function
    has_cleanup = false
    required_configs is empty
    required_disk_space = 0
    required_files is empty
    required_memory = 0
    required_programs is empty
    required_user is empty
    timeout = 300
===> local/atf/atf-c/detail/map_test:map_for_each
Result: passed
Duration: 0.053s

Metadata:
    allowed_architectures is empty
    allowed_platforms is empty
    description = Checks the atf_map_for_each macro
    has_cleanup = false
    required_configs is empty
    required_disk_space = 0
    required_files is empty
    required_memory = 0
    required_programs is empty
    required_user is empty
    timeout = 300

Standard output:
Iterating over empty map
Iterating over map of 0 elements
Iterating over map of 1 elements
Retrieved item: 1
Iterating over map of 2 elements
Retrieved item: 1
Retrieved item: 2
Iterating over map of 3 elements
Retrieved item: 1
Retrieved item: 2
Retrieved item: 3
Iterating over map of 4 elements
Retrieved item: 1
Retrieved item: 2
Retrieved item: 3
Retrieved item: 4
Iterating over map of 5 elements
Retrieved item: 1
Retrieved item: 2
Retrieved item: 3
Retrieved item: 4
Retrieved item: 5
Iterating over map of 6 elements
Retrieved item: 1
Retrieved item: 2
Retrieved item: 3
Retrieved item: 4
Retrieved item: 5
Retrieved item: 6
Iterating over map of 7 elements
Retrieved item: 1
Retrieved item: 2
Retrieved item: 3
Retrieved item: 4
Retrieved item: 5
Retrieved item: 6
Retrieved item: 7
Iterating over map of 8 elements
Retrieved item: 1
Retrieved item: 2
Retrieved item: 3
Retrieved item: 4
Retrieved item: 5
Retrieved item: 6
Retrieved item: 7
Retrieved item: 8
Iterating over map of 9 elements
Retrieved item: 1
Retrieved item: 2
Retrieved item: 3
Retrieved item: 4
Retrieved item: 5
Retrieved item: 6
Retrieved item: 7
Retrieved item: 8
Retrieved item: 9
Iterating over map of 10 elements
Retrieved item: 1
Retrieved item: 2
Retrieved item: 3
Retrieved item: 4
Retrieved item: 5
Retrieved item: 6
Retrieved item: 7
Retrieved item: 8
Retrieved item: 9
Retrieved item: 10
===> local/atf/atf-c/detail/map_test:map_for_each_c
Result: passed
Duration: 0.071s

Metadata:
    allowed_architectures is empty
    allowed_platforms is empty
    description = Checks the atf_map_for_each_c macro
    has_cleanup = false
    required_configs is empty
    required_disk_space = 0
    required_files is empty
    required_memory = 0
    required_programs is empty
    required_user is empty
    timeout = 300

Standard output:
Iterating over empty map
Iterating over map of 0 elements
Iterating over map of 1 elements
Retrieved item: 1
Iterating over map of 2 elements
Retrieved item: 1
Retrieved item: 2
Iterating over map of 3 elements
Retrieved item: 1
Retrieved item: 2
Retrieved item: 3
Iterating over map of 4 elements
Retrieved item: 1
Retrieved item: 2
Retrieved item: 3
Retrieved item: 4
Iterating over map of 5 elements
Retrieved item: 1
Retrieved item: 2
Retrieved item: 3
Retrieved item: 4
Retrieved item: 5
Iterating over map of 6 elements
Retrieved item: 1
Retrieved item: 2
Retrieved item: 3
Retrieved item: 4
Retrieved item: 5
Retrieved item: 6
Iterating over map of 7 elements
Retrieved item: 1
Retrieved item: 2
Retrieved item: 3
Retrieved item: 4
Retrieved item: 5
Retrieved item: 6
Retrieved item: 7
Iterating over map of 8 elements
Retrieved item: 1
Retrieved item: 2
Retrieved item: 3
Retrieved item: 4
Retrieved item: 5
Retrieved item: 6
Retrieved item: 7
Retrieved item: 8
Iterating over map of 9 elements
Retrieved item: 1
Retrieved item: 2
Retrieved item: 3
Retrieved item: 4
Retrieved item: 5
Retrieved item: 6
Retrieved item: 7
Retrieved item: 8
Retrieved item: 9
Iterating over map of 10 elements
Retrieved item: 1
Retrieved item: 2
Retrieved item: 3
Retrieved item: 4
Retrieved item: 5
Retrieved item: 6
Retrieved item: 7
Retrieved item: 8
Retrieved item: 9
Retrieved item: 10
===> local/atf/atf-c/detail/map_test:map_init
Result: passed
Duration: 0.111s

Metadata:
    allowed_architectures is empty
    allowed_platforms is empty
    description = Checks the atf_map_init function
    has_cleanup = false
    required_configs is empty
    required_disk_space = 0
    required_files is empty
    required_memory = 0
    required_programs is empty
    required_user is empty
    timeout = 300
===> local/atf/atf-c/detail/map_test:map_init_charpp_empty
Result: passed
Duration: 0.066s

Metadata:
    allowed_architectures is empty
    allowed_platforms is empty
    description is empty
    has_cleanup = false
    required_configs is empty
    required_disk_space = 0
    required_files is empty
    required_memory = 0
    required_programs is empty
    required_user is empty
    timeout = 300
===> local/atf/atf-c/detail/map_test:map_init_charpp_null
Result: passed
Duration: 0.055s

Metadata:
    allowed_architectures is empty
    allowed_platforms is empty
    description is empty
    has_cleanup = false
    required_configs is empty
    required_disk_space = 0
    required_files is empty
    required_memory = 0
    required_programs is empty
    required_user is empty
    timeout = 300
===> local/atf/atf-c/detail/map_test:map_init_charpp_short
Result: passed
Duration: 0.068s

Metadata:
    allowed_architectures is empty
    allowed_platforms is empty
    description is empty
    has_cleanup = false
    required_configs is empty
    required_disk_space = 0
    required_files is empty
    required_memory = 0
    required_programs is empty
    required_user is empty
    timeout = 300
===> local/atf/atf-c/detail/map_test:map_init_charpp_some
Result: passed
Duration: 0.107s

Metadata:
    allowed_architectures is empty
    allowed_platforms is empty
    description is empty
    has_cleanup = false
    required_configs is empty
    required_disk_space = 0
    required_files is empty
    required_memory = 0
    required_programs is empty
    required_user is empty
    timeout = 300
===> local/atf/atf-c/detail/map_test:map_insert
Result: passed
Duration: 0.106s

Metadata:
    allowed_architectures is empty
    allowed_platforms is empty
    description = Checks the atf_map_insert function
    has_cleanup = false
    required_configs is empty
    required_disk_space = 0
    required_files is empty
    required_memory = 0
    required_programs is empty
    required_user is empty
    timeout = 300

Standard output:
Inserting some values
Replacing a value
===> local/atf/atf-c/detail/map_test:stable_keys
Result: passed
Duration: 0.049s

Metadata:
    allowed_architectures is empty
    allowed_platforms is empty
    description = Checks that the keys do not change even if their original values do
    has_cleanup = false
    required_configs is empty
    required_disk_space = 0
    required_files is empty
    required_memory = 0
    required_programs is empty
    required_user is empty
    timeout = 300
===> local/atf/atf-c/detail/map_test:to_charpp_empty
Result: passed
Duration: 0.054s

Metadata:
    allowed_architectures is empty
    allowed_platforms is empty
    description is empty
    has_cleanup = false
    required_configs is empty
    required_disk_space = 0
    required_files is empty
    required_memory = 0
    required_programs is empty
    required_user is empty
    timeout = 300
===> local/atf/atf-c/detail/map_test:to_charpp_some
Result: passed
Duration: 0.043s

Metadata:
    allowed_architectures is empty
    allowed_platforms is empty
    description is empty
    has_cleanup = false
    required_configs is empty
    required_disk_space = 0
    required_files is empty
    required_memory = 0
    required_programs is empty
    required_user is empty
    timeout = 300
===> local/atf/atf-c/detail/process_test:child_pid
Result: passed
Duration: 0.081s

Metadata:
    allowed_architectures is empty
    allowed_platforms is empty
    description = Tests the correctness of the pid stored in the child type
    has_cleanup = false
    required_configs is empty
    required_disk_space = 0
    required_files is empty
    required_memory = 0
    required_programs is empty
    required_user is empty
    timeout = 300

Standard output:
Expected PID: 50178
Actual PID: 50178

Standard error:
Reporting 50178 to parent
===> local/atf/atf-c/detail/process_test:child_wait_eintr
Result: passed
Duration: 1.091s

Metadata:
    allowed_architectures is empty
    allowed_platforms is empty
    description = Tests the interruption of the wait method by an external signal, and the return of an EINTR error
    has_cleanup = false
    required_configs is empty
    required_disk_space = 0
    required_files is empty
    required_memory = 0
    required_programs is empty
    required_user is empty
    timeout = 30

Standard output:
Waiting for child to issue wait(2)
Interrupting child's wait(2) call
Waiting for child's completion

Standard error:
Child entering wait(2)
Child's wait(2) terminated
Child is killing subchild
===> local/atf/atf-c/detail/process_test:exec_failure
Result: passed
Duration: 0.074s

Metadata:
    allowed_architectures is empty
    allowed_platforms is empty
    description = Tests execing a command
    has_cleanup = false
    required_configs is empty
    required_disk_space = 0
    required_files is empty
    required_memory = 0
    required_programs is empty
    required_user is empty
    timeout = 300

Standard output:
Executing /usr/tests/local/atf/atf-c/detail/process_helpers exit-failure
===> local/atf/atf-c/detail/process_test:exec_list
Result: passed
Duration: 0.060s

Metadata:
    allowed_architectures is empty
    allowed_platforms is empty
    description = Tests execing a command
    has_cleanup = false
    required_configs is empty
    required_disk_space = 0
    required_files is empty
    required_memory = 0
    required_programs is empty
    required_user is empty
    timeout = 300
===> local/atf/atf-c/detail/process_test:exec_prehook
Result: passed
Duration: 0.118s

Metadata:
    allowed_architectures is empty
    allowed_platforms is empty
    description = Tests execing a command with a prehook
    has_cleanup = false
    required_configs is empty
    required_disk_space = 0
    required_files is empty
    required_memory = 0
    required_programs is empty
    required_user is empty
    timeout = 300

Standard output:
Executing /usr/tests/local/atf/atf-c/detail/process_helpers exit-success
Executing /usr/tests/local/atf/atf-c/detail/process_helpers exit-success
===> local/atf/atf-c/detail/process_test:exec_success
Result: passed
Duration: 0.629s

Metadata:
    allowed_architectures is empty
    allowed_platforms is empty
    description = Tests execing a command
    has_cleanup = false
    required_configs is empty
    required_disk_space = 0
    required_files is empty
    required_memory = 0
    required_programs is empty
    required_user is empty
    timeout = 300

Standard output:
Executing /usr/tests/local/atf/atf-c/detail/process_helpers exit-success
===> local/atf/atf-c/detail/process_test:fork_cookie
Result: passed
Duration: 0.128s

Metadata:
    allowed_architectures is empty
    allowed_platforms is empty
    description = Tests forking a child, with a null and non-null data cookie
    has_cleanup = false
    required_configs is empty
    required_disk_space = 0
    required_files is empty
    required_memory = 0
    required_programs is empty
    required_user is empty
    timeout = 300
===> local/atf/atf-c/detail/process_test:fork_out_capture_err_capture
Result: passed
Duration: 0.082s

Metadata:
    allowed_architectures is empty
    allowed_platforms is empty
    description = Tests forking a child, with stdout capture and stderr capture
    has_cleanup = false
    required_configs is empty
    required_disk_space = 0
    required_files is empty
    required_memory = 0
    required_programs is empty
    required_user is empty
    timeout = 300

Standard output:
Looking for 'stdout: msg' in 'stdout: msg'
Looking for 'stderr: msg' in 'stdout: msg'
Looking for 'stdout: msg' in 'stderr: msg'
Looking for 'stderr: msg' in 'stderr: msg'
===> local/atf/atf-c/detail/process_test:fork_out_capture_err_connect
Result: passed
Duration: 0.100s

Metadata:
    allowed_architectures is empty
    allowed_platforms is empty
    description = Tests forking a child, with stdout capture and stderr connect
    has_cleanup = false
    required_configs is empty
    required_disk_space = 0
    required_files is empty
    required_memory = 0
    required_programs is empty
    required_user is empty
    timeout = 300

Standard output:
Looking for 'stdout: msg' in 'stdout: msg'
Looking for 'stderr: msg' in 'stdout: msg'
Looking for 'stderr: msg' in 'stderr: msg'
Looking for 'stdout: msg' in 'stderr: msg'
===> local/atf/atf-c/detail/process_test:fork_out_capture_err_default
Result: passed
Duration: 0.119s

Metadata:
    allowed_architectures is empty
    allowed_platforms is empty
    description = Tests forking a child, with stdout capture and stderr default
    has_cleanup = false
    required_configs is empty
    required_disk_space = 0
    required_files is empty
    required_memory = 0
    required_programs is empty
    required_user is empty
    timeout = 300

Standard output:
Looking for 'stdout: msg' in 'stdout: msg'
Looking for 'stderr: msg' in 'stdout: msg'
Looking for 'stderr: msg' in 'stderr: msg'
Looking for 'stdout: msg' in 'stderr: msg'
===> local/atf/atf-c/detail/process_test:fork_out_capture_err_inherit
Result: passed
Duration: 0.142s

Metadata:
    allowed_architectures is empty
    allowed_platforms is empty
    description = Tests forking a child, with stdout capture and stderr inherit
    has_cleanup = false
    required_configs is empty
    required_disk_space = 0
    required_files is empty
    required_memory = 0
    required_programs is empty
    required_user is empty
    timeout = 300

Standard output:
Looking for 'stdout: msg' in 'stdout: msg'
Looking for 'stderr: msg' in 'stdout: msg'
Looking for 'stderr: msg' in 'stderr: msg'
Looking for 'stdout: msg' in 'stderr: msg'
===> local/atf/atf-c/detail/process_test:fork_out_capture_err_redirect_fd
Result: passed
Duration: 0.196s

Metadata:
    allowed_architectures is empty
    allowed_platforms is empty
    description = Tests forking a child, with stdout capture and stderr redirect_fd
    has_cleanup = false
    required_configs is empty
    required_disk_space = 0
    required_files is empty
    required_memory = 0
    required_programs is empty
    required_user is empty
    timeout = 300

Standard output:
Looking for 'stdout: msg' in 'stdout: msg'
Looking for 'stderr: msg' in 'stdout: msg'
Looking for 'stderr: msg' in 'stderr: msg'
Looking for 'stdout: msg' in 'stderr: msg'
===> local/atf/atf-c/detail/process_test:fork_out_capture_err_redirect_path
Result: passed
Duration: 0.163s

Metadata:
    allowed_architectures is empty
    allowed_platforms is empty
    description = Tests forking a child, with stdout capture and stderr redirect_path
    has_cleanup = false
    required_configs is empty
    required_disk_space = 0
    required_files is empty
    required_memory = 0
    required_programs is empty
    required_user is empty
    timeout = 300

Standard output:
Looking for 'stdout: msg' in 'stdout: msg'
Looking for 'stderr: msg' in 'stdout: msg'
Looking for 'stderr: msg' in 'stderr: msg'
Looking for 'stdout: msg' in 'stderr: msg'
===> local/atf/atf-c/detail/process_test:fork_out_connect_err_capture
Result: passed
Duration: 0.104s

Metadata:
    allowed_architectures is empty
    allowed_platforms is empty
    description = Tests forking a child, with stdout connect and stderr capture
    has_cleanup = false
    required_configs is empty
    required_disk_space = 0
    required_files is empty
    required_memory = 0
    required_programs is empty
    required_user is empty
    timeout = 300

Standard output:
Looking for 'stdout: msg' in 'stdout: msg'
Looking for 'stderr: msg' in 'stdout: msg'
Looking for 'stdout: msg' in 'stderr: msg'
Looking for 'stderr: msg' in 'stderr: msg'
===> local/atf/atf-c/detail/process_test:fork_out_connect_err_connect
Result: passed
Duration: 0.276s

Metadata:
    allowed_architectures is empty
    allowed_platforms is empty
    description = Tests forking a child, with stdout connect and stderr connect
    has_cleanup = false
    required_configs is empty
    required_disk_space = 0
    required_files is empty
    required_memory = 0
    required_programs is empty
    required_user is empty
    timeout = 300

Standard output:
Looking for 'stdout: msg' in 'stdout: msg'
Looking for 'stderr: msg' in 'stdout: msg'
Looking for 'stderr: msg' in 'stderr: msg'
Looking for 'stdout: msg' in 'stderr: msg'
===> local/atf/atf-c/detail/process_test:fork_out_connect_err_default
Result: passed
Duration: 0.325s

Metadata:
    allowed_architectures is empty
    allowed_platforms is empty
    description = Tests forking a child, with stdout connect and stderr default
    has_cleanup = false
    required_configs is empty
    required_disk_space = 0
    required_files is empty
    required_memory = 0
    required_programs is empty
    required_user is empty
    timeout = 300

Standard output:
Looking for 'stdout: msg' in 'stdout: msg'
Looking for 'stderr: msg' in 'stdout: msg'
Looking for 'stderr: msg' in 'stderr: msg'
Looking for 'stdout: msg' in 'stderr: msg'
===> local/atf/atf-c/detail/process_test:fork_out_connect_err_inherit
Result: passed
Duration: 0.277s

Metadata:
    allowed_architectures is empty
    allowed_platforms is empty
    description = Tests forking a child, with stdout connect and stderr inherit
    has_cleanup = false
    required_configs is empty
    required_disk_space = 0
    required_files is empty
    required_memory = 0
    required_programs is empty
    required_user is empty
    timeout = 300

Standard output:
Looking for 'stdout: msg' in 'stdout: msg'
Looking for 'stderr: msg' in 'stdout: msg'
Looking for 'stderr: msg' in 'stderr: msg'
Looking for 'stdout: msg' in 'stderr: msg'
===> local/atf/atf-c/detail/process_test:fork_out_connect_err_redirect_fd
Result: passed
Duration: 0.167s

Metadata:
    allowed_architectures is empty
    allowed_platforms is empty
    description = Tests forking a child, with stdout connect and stderr redirect_fd
    has_cleanup = false
    required_configs is empty
    required_disk_space = 0
    required_files is empty
    required_memory = 0
    required_programs is empty
    required_user is empty
    timeout = 300

Standard output:
Looking for 'stdout: msg' in 'stdout: msg'
Looking for 'stderr: msg' in 'stdout: msg'
Looking for 'stderr: msg' in 'stderr: msg'
Looking for 'stdout: msg' in 'stderr: msg'
===> local/atf/atf-c/detail/process_test:fork_out_connect_err_redirect_path
Result: passed
Duration: 0.102s

Metadata:
    allowed_architectures is empty
    allowed_platforms is empty
    description = Tests forking a child, with stdout connect and stderr redirect_path
    has_cleanup = false
    required_configs is empty
    required_disk_space = 0
    required_files is empty
    required_memory = 0
    required_programs is empty
    required_user is empty
    timeout = 300

Standard output:
Looking for 'stdout: msg' in 'stdout: msg'
Looking for 'stderr: msg' in 'stdout: msg'
Looking for 'stderr: msg' in 'stderr: msg'
Looking for 'stdout: msg' in 'stderr: msg'
===> local/atf/atf-c/detail/process_test:fork_out_default_err_capture
Result: passed
Duration: 0.032s

Metadata:
    allowed_architectures is empty
    allowed_platforms is empty
    description = Tests forking a child, with stdout default and stderr capture
    has_cleanup = false
    required_configs is empty
    required_disk_space = 0
    required_files is empty
    required_memory = 0
    required_programs is empty
    required_user is empty
    timeout = 300

Standard output:
Looking for 'stdout: msg' in 'stdout: msg'
Looking for 'stderr: msg' in 'stdout: msg'
Looking for 'stdout: msg' in 'stderr: msg'
Looking for 'stderr: msg' in 'stderr: msg'
===> local/atf/atf-c/detail/process_test:fork_out_default_err_connect
Result: passed
Duration: 0.068s

Metadata:
    allowed_architectures is empty
    allowed_platforms is empty
    description = Tests forking a child, with stdout default and stderr connect
    has_cleanup = false
    required_configs is empty
    required_disk_space = 0
    required_files is empty
    required_memory = 0
    required_programs is empty
    required_user is empty
    timeout = 300

Standard output:
Looking for 'stdout: msg' in 'stdout: msg'
Looking for 'stderr: msg' in 'stdout: msg'
Looking for 'stderr: msg' in 'stderr: msg'
Looking for 'stdout: msg' in 'stderr: msg'
===> local/atf/atf-c/detail/process_test:fork_out_default_err_default
Result: passed
Duration: 0.112s

Metadata:
    allowed_architectures is empty
    allowed_platforms is empty
    description = Tests forking a child, with stdout default and stderr default
    has_cleanup = false
    required_configs is empty
    required_disk_space = 0
    required_files is empty
    required_memory = 0
    required_programs is empty
    required_user is empty
    timeout = 300

Standard output:
Looking for 'stdout: msg' in 'stdout: msg'
Looking for 'stderr: msg' in 'stdout: msg'
Looking for 'stderr: msg' in 'stderr: msg'
Looking for 'stdout: msg' in 'stderr: msg'
===> local/atf/atf-c/detail/process_test:fork_out_default_err_inherit
Result: passed
Duration: 0.122s

Metadata:
    allowed_architectures is empty
    allowed_platforms is empty
    description = Tests forking a child, with stdout default and stderr inherit
    has_cleanup = false
    required_configs is empty
    required_disk_space = 0
    required_files is empty
    required_memory = 0
    required_programs is empty
    required_user is empty
    timeout = 300

Standard output:
Looking for 'stdout: msg' in 'stdout: msg'
Looking for 'stderr: msg' in 'stdout: msg'
Looking for 'stderr: msg' in 'stderr: msg'
Looking for 'stdout: msg' in 'stderr: msg'
===> local/atf/atf-c/detail/process_test:fork_out_default_err_redirect_fd
Result: passed
Duration: 0.101s

Metadata:
    allowed_architectures is empty
    allowed_platforms is empty
    description = Tests forking a child, with stdout default and stderr redirect_fd
    has_cleanup = false
    required_configs is empty
    required_disk_space = 0
    required_files is empty
    required_memory = 0
    required_programs is empty
    required_user is empty
    timeout = 300

Standard output:
Looking for 'stdout: msg' in 'stdout: msg'
Looking for 'stderr: msg' in 'stdout: msg'
Looking for 'stderr: msg' in 'stderr: msg'
Looking for 'stdout: msg' in 'stderr: msg'
===> local/atf/atf-c/detail/process_test:fork_out_default_err_redirect_path
Result: passed
Duration: 0.059s

Metadata:
    allowed_architectures is empty
    allowed_platforms is empty
    description = Tests forking a child, with stdout default and stderr redirect_path
    has_cleanup = false
    required_configs is empty
    required_disk_space = 0
    required_files is empty
    required_memory = 0
    required_programs is empty
    required_user is empty
    timeout = 300

Standard output:
Looking for 'stdout: msg' in 'stdout: msg'
Looking for 'stderr: msg' in 'stdout: msg'
Looking for 'stderr: msg' in 'stderr: msg'
Looking for 'stdout: msg' in 'stderr: msg'
===> local/atf/atf-c/detail/process_test:fork_out_inherit_err_capture
Result: passed
Duration: 0.035s

Metadata:
    allowed_architectures is empty
    allowed_platforms is empty
    description = Tests forking a child, with stdout inherit and stderr capture
    has_cleanup = false
    required_configs is empty
    required_disk_space = 0
    required_files is empty
    required_memory = 0
    required_programs is empty
    required_user is empty
    timeout = 300

Standard output:
Looking for 'stdout: msg' in 'stdout: msg'
Looking for 'stderr: msg' in 'stdout: msg'
Looking for 'stdout: msg' in 'stderr: msg'
Looking for 'stderr: msg' in 'stderr: msg'
===> local/atf/atf-c/detail/process_test:fork_out_inherit_err_connect
Result: passed
Duration: 0.036s

Metadata:
    allowed_architectures is empty
    allowed_platforms is empty
    description = Tests forking a child, with stdout inherit and stderr connect
    has_cleanup = false
    required_configs is empty
    required_disk_space = 0
    required_files is empty
    required_memory = 0
    required_programs is empty
    required_user is empty
    timeout = 300

Standard output:
Looking for 'stdout: msg' in 'stdout: msg'
Looking for 'stderr: msg' in 'stdout: msg'
Looking for 'stderr: msg' in 'stderr: msg'
Looking for 'stdout: msg' in 'stderr: msg'
===> local/atf/atf-c/detail/process_test:fork_out_inherit_err_default
Result: passed
Duration: 0.040s

Metadata:
    allowed_architectures is empty
    allowed_platforms is empty
    description = Tests forking a child, with stdout inherit and stderr default
    has_cleanup = false
    required_configs is empty
    required_disk_space = 0
    required_files is empty
    required_memory = 0
    required_programs is empty
    required_user is empty
    timeout = 300

Standard output:
Looking for 'stdout: msg' in 'stdout: msg'
Looking for 'stderr: msg' in 'stdout: msg'
Looking for 'stderr: msg' in 'stderr: msg'
Looking for 'stdout: msg' in 'stderr: msg'
===> local/atf/atf-c/detail/process_test:fork_out_inherit_err_inherit
Result: passed
Duration: 0.045s

Metadata:
    allowed_architectures is empty
    allowed_platforms is empty
    description = Tests forking a child, with stdout inherit and stderr inherit
    has_cleanup = false
    required_configs is empty
    required_disk_space = 0
    required_files is empty
    required_memory = 0
    required_programs is empty
    required_user is empty
    timeout = 300

Standard output:
Looking for 'stdout: msg' in 'stdout: msg'
Looking for 'stderr: msg' in 'stdout: msg'
Looking for 'stderr: msg' in 'stderr: msg'
Looking for 'stdout: msg' in 'stderr: msg'
===> local/atf/atf-c/detail/process_test:fork_out_inherit_err_redirect_fd
Result: passed
Duration: 0.051s

Metadata:
    allowed_architectures is empty
    allowed_platforms is empty
    description = Tests forking a child, with stdout inherit and stderr redirect_fd
    has_cleanup = false
    required_configs is empty
    required_disk_space = 0
    required_files is empty
    required_memory = 0
    required_programs is empty
    required_user is empty
    timeout = 300

Standard output:
Looking for 'stdout: msg' in 'stdout: msg'
Looking for 'stderr: msg' in 'stdout: msg'
Looking for 'stderr: msg' in 'stderr: msg'
Looking for 'stdout: msg' in 'stderr: msg'
===> local/atf/atf-c/detail/process_test:fork_out_inherit_err_redirect_path
Result: passed
Duration: 0.073s

Metadata:
    allowed_architectures is empty
    allowed_platforms is empty
    description = Tests forking a child, with stdout inherit and stderr redirect_path
    has_cleanup = false
    required_configs is empty
    required_disk_space = 0
    required_files is empty
    required_memory = 0
    required_programs is empty
    required_user is empty
    timeout = 300

Standard output:
Looking for 'stdout: msg' in 'stdout: msg'
Looking for 'stderr: msg' in 'stdout: msg'
Looking for 'stderr: msg' in 'stderr: msg'
Looking for 'stdout: msg' in 'stderr: msg'
===> local/atf/atf-c/detail/process_test:fork_out_redirect_fd_err_capture
Result: passed
Duration: 0.062s

Metadata:
    allowed_architectures is empty
    allowed_platforms is empty
    description = Tests forking a child, with stdout redirect_fd and stderr capture
    has_cleanup = false
    required_configs is empty
    required_disk_space = 0
    required_files is empty
    required_memory = 0
    required_programs is empty
    required_user is empty
    timeout = 300

Standard output:
Looking for 'stdout: msg' in 'stdout: msg'
Looking for 'stderr: msg' in 'stdout: msg'
Looking for 'stdout: msg' in 'stderr: msg'
Looking for 'stderr: msg' in 'stderr: msg'
===> local/atf/atf-c/detail/process_test:fork_out_redirect_fd_err_connect
Result: passed
Duration: 0.067s

Metadata:
    allowed_architectures is empty
    allowed_platforms is empty
    description = Tests forking a child, with stdout redirect_fd and stderr connect
    has_cleanup = false
    required_configs is empty
    required_disk_space = 0
    required_files is empty
    required_memory = 0
    required_programs is empty
    required_user is empty
    timeout = 300

Standard output:
Looking for 'stdout: msg' in 'stdout: msg'
Looking for 'stderr: msg' in 'stdout: msg'
Looking for 'stderr: msg' in 'stderr: msg'
Looking for 'stdout: msg' in 'stderr: msg'
===> local/atf/atf-c/detail/process_test:fork_out_redirect_fd_err_default
Result: passed
Duration: 0.036s

Metadata:
    allowed_architectures is empty
    allowed_platforms is empty
    description = Tests forking a child, with stdout redirect_fd and stderr default
    has_cleanup = false
    required_configs is empty
    required_disk_space = 0
    required_files is empty
    required_memory = 0
    required_programs is empty
    required_user is empty
    timeout = 300

Standard output:
Looking for 'stdout: msg' in 'stdout: msg'
Looking for 'stderr: msg' in 'stdout: msg'
Looking for 'stderr: msg' in 'stderr: msg'
Looking for 'stdout: msg' in 'stderr: msg'
===> local/atf/atf-c/detail/process_test:fork_out_redirect_fd_err_inherit
Result: passed
Duration: 0.084s

Metadata:
    allowed_architectures is empty
    allowed_platforms is empty
    description = Tests forking a child, with stdout redirect_fd and stderr inherit
    has_cleanup = false
    required_configs is empty
    required_disk_space = 0
    required_files is empty
    required_memory = 0
    required_programs is empty
    required_user is empty
    timeout = 300

Standard output:
Looking for 'stdout: msg' in 'stdout: msg'
Looking for 'stderr: msg' in 'stdout: msg'
Looking for 'stderr: msg' in 'stderr: msg'
Looking for 'stdout: msg' in 'stderr: msg'
===> local/atf/atf-c/detail/process_test:fork_out_redirect_fd_err_redirect_fd
Result: passed
Duration: 0.039s

Metadata:
    allowed_architectures is empty
    allowed_platforms is empty
    description = Tests forking a child, with stdout redirect_fd and stderr redirect_fd
    has_cleanup = false
    required_configs is empty
    required_disk_space = 0
    required_files is empty
    required_memory = 0
    required_programs is empty
    required_user is empty
    timeout = 300

Standard output:
Looking for 'stdout: msg' in 'stdout: msg'
Looking for 'stderr: msg' in 'stdout: msg'
Looking for 'stderr: msg' in 'stderr: msg'
Looking for 'stdout: msg' in 'stderr: msg'
===> local/atf/atf-c/detail/process_test:fork_out_redirect_fd_err_redirect_path
Result: passed
Duration: 0.037s

Metadata:
    allowed_architectures is empty
    allowed_platforms is empty
    description = Tests forking a child, with stdout redirect_fd and stderr redirect_path
    has_cleanup = false
    required_configs is empty
    required_disk_space = 0
    required_files is empty
    required_memory = 0
    required_programs is empty
    required_user is empty
    timeout = 300

Standard output:
Looking for 'stdout: msg' in 'stdout: msg'
Looking for 'stderr: msg' in 'stdout: msg'
Looking for 'stderr: msg' in 'stderr: msg'
Looking for 'stdout: msg' in 'stderr: msg'
===> local/atf/atf-c/detail/process_test:fork_out_redirect_path_err_capture
Result: passed
Duration: 0.031s

Metadata:
    allowed_architectures is empty
    allowed_platforms is empty
    description = Tests forking a child, with stdout redirect_path and stderr capture
    has_cleanup = false
    required_configs is empty
    required_disk_space = 0
    required_files is empty
    required_memory = 0
    required_programs is empty
    required_user is empty
    timeout = 300

Standard output:
Looking for 'stdout: msg' in 'stdout: msg'
Looking for 'stderr: msg' in 'stdout: msg'
Looking for 'stdout: msg' in 'stderr: msg'
Looking for 'stderr: msg' in 'stderr: msg'
===> local/atf/atf-c/detail/process_test:fork_out_redirect_path_err_connect
Result: passed
Duration: 0.085s

Metadata:
    allowed_architectures is empty
    allowed_platforms is empty
    description = Tests forking a child, with stdout redirect_path and stderr connect
    has_cleanup = false
    required_configs is empty
    required_disk_space = 0
    required_files is empty
    required_memory = 0
    required_programs is empty
    required_user is empty
    timeout = 300

Standard output:
Looking for 'stdout: msg' in 'stdout: msg'
Looking for 'stderr: msg' in 'stdout: msg'
Looking for 'stderr: msg' in 'stderr: msg'
Looking for 'stdout: msg' in 'stderr: msg'
===> local/atf/atf-c/detail/process_test:fork_out_redirect_path_err_default
Result: passed
Duration: 0.030s

Metadata:
    allowed_architectures is empty
    allowed_platforms is empty
    description = Tests forking a child, with stdout redirect_path and stderr default
    has_cleanup = false
    required_configs is empty
    required_disk_space = 0
    required_files is empty
    required_memory = 0
    required_programs is empty
    required_user is empty
    timeout = 300

Standard output:
Looking for 'stdout: msg' in 'stdout: msg'
Looking for 'stderr: msg' in 'stdout: msg'
Looking for 'stderr: msg' in 'stderr: msg'
Looking for 'stdout: msg' in 'stderr: msg'
===> local/atf/atf-c/detail/process_test:fork_out_redirect_path_err_inherit
Result: passed
Duration: 0.089s

Metadata:
    allowed_architectures is empty
    allowed_platforms is empty
    description = Tests forking a child, with stdout redirect_path and stderr inherit
    has_cleanup = false
    required_configs is empty
    required_disk_space = 0
    required_files is empty
    required_memory = 0
    required_programs is empty
    required_user is empty
    timeout = 300

Standard output:
Looking for 'stdout: msg' in 'stdout: msg'
Looking for 'stderr: msg' in 'stdout: msg'
Looking for 'stderr: msg' in 'stderr: msg'
Looking for 'stdout: msg' in 'stderr: msg'
===> local/atf/atf-c/detail/process_test:fork_out_redirect_path_err_redirect_fd
Result: passed
Duration: 0.246s

Metadata:
    allowed_architectures is empty
    allowed_platforms is empty
    description = Tests forking a child, with stdout redirect_path and stderr redirect_fd
    has_cleanup = false
    required_configs is empty
    required_disk_space = 0
    required_files is empty
    required_memory = 0
    required_programs is empty
    required_user is empty
    timeout = 300

Standard output:
Looking for 'stdout: msg' in 'stdout: msg'
Looking for 'stderr: msg' in 'stdout: msg'
Looking for 'stderr: msg' in 'stderr: msg'
Looking for 'stdout: msg' in 'stderr: msg'
===> local/atf/atf-c/detail/process_test:fork_out_redirect_path_err_redirect_path
Result: passed
Duration: 0.079s

Metadata:
    allowed_architectures is empty
    allowed_platforms is empty
    description = Tests forking a child, with stdout redirect_path and stderr redirect_path
    has_cleanup = false
    required_configs is empty
    required_disk_space = 0
    required_files is empty
    required_memory = 0
    required_programs is empty
    required_user is empty
    timeout = 300

Standard output:
Looking for 'stdout: msg' in 'stdout: msg'
Looking for 'stderr: msg' in 'stdout: msg'
Looking for 'stderr: msg' in 'stderr: msg'
Looking for 'stdout: msg' in 'stderr: msg'
===> local/atf/atf-c/detail/process_test:status_coredump
Result: passed
Duration: 1.823s

Metadata:
    allowed_architectures is empty
    allowed_platforms is empty
    description = Tests the status type for processes that crash
    has_cleanup = false
    required_configs is empty
    required_disk_space = 0
    required_files is empty
    required_memory = 0
    required_programs is empty
    required_user is empty
    timeout = 300
===> local/atf/atf-c/detail/process_test:status_exited
Result: passed
Duration: 0.031s

Metadata:
    allowed_architectures is empty
    allowed_platforms is empty
    description = Tests the status type for processes that exit cleanly
    has_cleanup = false
    required_configs is empty
    required_disk_space = 0
    required_files is empty
    required_memory = 0
    required_programs is empty
    required_user is empty
    timeout = 300
===> local/atf/atf-c/detail/process_test:status_signaled
Result: passed
Duration: 0.059s

Metadata:
    allowed_architectures is empty
    allowed_platforms is empty
    description = Tests the status type for processes that end due to a signal
    has_cleanup = false
    required_configs is empty
    required_disk_space = 0
    required_files is empty
    required_memory = 0
    required_programs is empty
    required_user is empty
    timeout = 300
===> local/atf/atf-c/detail/process_test:stream_init_capture
Result: passed
Duration: 0.044s

Metadata:
    allowed_architectures is empty
    allowed_platforms is empty
    description = Tests the atf_process_stream_init_capture function
    has_cleanup = false
    required_configs is empty
    required_disk_space = 0
    required_files is empty
    required_memory = 0
    required_programs is empty
    required_user is empty
    timeout = 300
===> local/atf/atf-c/detail/process_test:stream_init_connect
Result: passed
Duration: 0.070s

Metadata:
    allowed_architectures is empty
    allowed_platforms is empty
    description = Tests the atf_process_stream_init_connect function
    has_cleanup = false
    required_configs is empty
    required_disk_space = 0
    required_files is empty
    required_memory = 0
    required_programs is empty
    required_user is empty
    timeout = 300
===> local/atf/atf-c/detail/process_test:stream_init_inherit
Result: passed
Duration: 0.069s

Metadata:
    allowed_architectures is empty
    allowed_platforms is empty
    description = Tests the atf_process_stream_init_inherit function
    has_cleanup = false
    required_configs is empty
    required_disk_space = 0
    required_files is empty
    required_memory = 0
    required_programs is empty
    required_user is empty
    timeout = 300
===> local/atf/atf-c/detail/process_test:stream_init_redirect_fd
Result: passed
Duration: 0.083s

Metadata:
    allowed_architectures is empty
    allowed_platforms is empty
    description = Tests the atf_process_stream_init_redirect_fd function
    has_cleanup = false
    required_configs is empty
    required_disk_space = 0
    required_files is empty
    required_memory = 0
    required_programs is empty
    required_user is empty
    timeout = 300
===> local/atf/atf-c/detail/process_test:stream_init_redirect_path
Result: passed
Duration: 0.064s

Metadata:
    allowed_architectures is empty
    allowed_platforms is empty
    description = Tests the atf_process_stream_init_redirect_path function
    has_cleanup = false
    required_configs is empty
    required_disk_space = 0
    required_files is empty
    required_memory = 0
    required_programs is empty
    required_user is empty
    timeout = 300
===> local/atf/atf-c/detail/sanity_test:inv
Result: skipped: Sanity checks not available; code built with -DNDEBUG
Duration: 0.183s

Metadata:
    allowed_architectures is empty
    allowed_platforms is empty
    description = Tests the INV macro
    has_cleanup = false
    required_configs is empty
    required_disk_space = 0
    required_files is empty
    required_memory = 0
    required_programs is empty
    required_user is empty
    timeout = 300
===> local/atf/atf-c/detail/sanity_test:post
Result: skipped: Sanity checks not available; code built with -DNDEBUG
Duration: 0.195s

Metadata:
    allowed_architectures is empty
    allowed_platforms is empty
    description = Tests the POST macro
    has_cleanup = false
    required_configs is empty
    required_disk_space = 0
    required_files is empty
    required_memory = 0
    required_programs is empty
    required_user is empty
    timeout = 300
===> local/atf/atf-c/detail/sanity_test:pre
Result: skipped: Sanity checks not available; code built with -DNDEBUG
Duration: 0.070s

Metadata:
    allowed_architectures is empty
    allowed_platforms is empty
    description = Tests the PRE macro
    has_cleanup = false
    required_configs is empty
    required_disk_space = 0
    required_files is empty
    required_memory = 0
    required_programs is empty
    required_user is empty
    timeout = 300
===> local/atf/atf-c/detail/sanity_test:unreachable
Result: skipped: Sanity checks not available; code built with -DNDEBUG
Duration: 0.033s

Metadata:
    allowed_architectures is empty
    allowed_platforms is empty
    description = Tests the UNREACHABLE macro
    has_cleanup = false
    required_configs is empty
    required_disk_space = 0
    required_files is empty
    required_memory = 0
    required_programs is empty
    required_user is empty
    timeout = 300
===> local/atf/atf-c/detail/text_test:for_each_word
Result: passed
Duration: 0.061s

Metadata:
    allowed_architectures is empty
    allowed_platforms is empty
    description = Checks the atf_text_for_each_wordfunction
    has_cleanup = false
    required_configs is empty
    required_disk_space = 0
    required_files is empty
    required_memory = 0
    required_programs is empty
    required_user is empty
    timeout = 300
===> local/atf/atf-c/detail/text_test:format
Result: passed
Duration: 0.725s

Metadata:
    allowed_architectures is empty
    allowed_platforms is empty
    description = Checks the construction of free-form strings using a variable parameters list
    has_cleanup = false
    required_configs is empty
    required_disk_space = 0
    required_files is empty
    required_memory = 0
    required_programs is empty
    required_user is empty
    timeout = 300
===> local/atf/atf-c/detail/text_test:format_ap
Result: passed
Duration: 0.130s

Metadata:
    allowed_architectures is empty
    allowed_platforms is empty
    description = Checks the construction of free-form strings using a va_list argument
    has_cleanup = false
    required_configs is empty
    required_disk_space = 0
    required_files is empty
    required_memory = 0
    required_programs is empty
    required_user is empty
    timeout = 300
===> local/atf/atf-c/detail/text_test:split
Result: passed
Duration: 0.115s

Metadata:
    allowed_architectures is empty
    allowed_platforms is empty
    description = Checks the split function
    has_cleanup = false
    required_configs is empty
    required_disk_space = 0
    required_files is empty
    required_memory = 0
    required_programs is empty
    required_user is empty
    timeout = 300

Standard output:
Splitting '' with delimiter ' '
Expecting 0 words
Splitting ' ' with delimiter ' '
Expecting 0 words
Splitting '    ' with delimiter ' '
Expecting 0 words
Splitting 'a b' with delimiter ' '
Expecting 2 words
Word at position 0 should be 'a'
Word at position 1 should be 'b'
Splitting 'a b c d' with delimiter ' '
Expecting 4 words
Word at position 0 should be 'a'
Word at position 1 should be 'b'
Word at position 2 should be 'c'
Word at position 3 should be 'd'
Splitting 'foo bar' with delimiter ' '
Expecting 2 words
Word at position 0 should be 'foo'
Word at position 1 should be 'bar'
Splitting 'foo bar baz foobar' with delimiter ' '
Expecting 4 words
Word at position 0 should be 'foo'
Word at position 1 should be 'bar'
Word at position 2 should be 'baz'
Word at position 3 should be 'foobar'
Splitting ' foo bar' with delimiter ' '
Expecting 2 words
Word at position 0 should be 'foo'
Word at position 1 should be 'bar'
Splitting 'foo  bar' with delimiter ' '
Expecting 2 words
Word at position 0 should be 'foo'
Word at position 1 should be 'bar'
Splitting 'foo bar ' with delimiter ' '
Expecting 2 words
Word at position 0 should be 'foo'
Word at position 1 should be 'bar'
Splitting '  foo  bar  ' with delimiter ' '
Expecting 2 words
Word at position 0 should be 'foo'
Word at position 1 should be 'bar'
===> local/atf/atf-c/detail/text_test:split_delims
Result: passed
Duration: 0.146s

Metadata:
    allowed_architectures is empty
    allowed_platforms is empty
    description = Checks the split function using different delimiters
    has_cleanup = false
    required_configs is empty
    required_disk_space = 0
    required_files is empty
    required_memory = 0
    required_programs is empty
    required_user is empty
    timeout = 300

Standard output:
Splitting '' with delimiter '/'
Expecting 0 words
Splitting ' ' with delimiter '/'
Expecting 1 words
Word at position 0 should be ' '
Splitting '    ' with delimiter '/'
Expecting 1 words
Word at position 0 should be '    '
Splitting 'a/b' with delimiter '/'
Expecting 2 words
Word at position 0 should be 'a'
Word at position 1 should be 'b'
Splitting 'aLONGDELIMbcdLONGDELIMef' with delimiter 'LONGDELIM'
Expecting 3 words
Word at position 0 should be 'a'
Word at position 1 should be 'bcd'
Word at position 2 should be 'ef'
===> local/atf/atf-c/detail/text_test:to_bool
Result: passed
Duration: 0.142s

Metadata:
    allowed_architectures is empty
    allowed_platforms is empty
    description = Checks the atf_text_to_bool function
    has_cleanup = false
    required_configs is empty
    required_disk_space = 0
    required_files is empty
    required_memory = 0
    required_programs is empty
    required_user is empty
    timeout = 300
===> local/atf/atf-c/detail/text_test:to_long
Result: passed
Duration: 0.105s

Metadata:
    allowed_architectures is empty
    allowed_platforms is empty
    description = Checks the atf_text_to_long function
    has_cleanup = false
    required_configs is empty
    required_disk_space = 0
    required_files is empty
    required_memory = 0
    required_programs is empty
    required_user is empty
    timeout = 300
===> local/atf/atf-c/detail/user_test:euid
Result: passed
Duration: 0.204s

Metadata:
    allowed_architectures is empty
    allowed_platforms is empty
    description = Tests the atf_user_euid function
    has_cleanup = false
    required_configs is empty
    required_disk_space = 0
    required_files is empty
    required_memory = 0
    required_programs is empty
    required_user is empty
    timeout = 300
===> local/atf/atf-c/detail/user_test:is_member_of_group
Result: passed
Duration: 0.134s

Metadata:
    allowed_architectures is empty
    allowed_platforms is empty
    description = Tests the atf_user_is_member_of_group function
    has_cleanup = false
    required_configs is empty
    required_disk_space = 0
    required_files is empty
    required_memory = 0
    required_programs is empty
    required_user is empty
    timeout = 300

Standard output:
User group 0 is 0
User group 1 is 5
User belongs to 2 groups
Last GID is 5
Checking if user belongs to group 0
Checking if user does not belong to group 1
Checking if user does not belong to group 2
Checking if user does not belong to group 3
Checking if user does not belong to group 4
===> local/atf/atf-c/detail/user_test:is_root
Result: passed
Duration: 0.231s

Metadata:
    allowed_architectures is empty
    allowed_platforms is empty
    description = Tests the atf_user_is_root function
    has_cleanup = false
    required_configs is empty
    required_disk_space = 0
    required_files is empty
    required_memory = 0
    required_programs is empty
    required_user is empty
    timeout = 300
===> local/atf/atf-c/detail/user_test:is_unprivileged
Result: passed
Duration: 0.067s

Metadata:
    allowed_architectures is empty
    allowed_platforms is empty
    description = Tests the atf_user_is_unprivileged function
    has_cleanup = false
    required_configs is empty
    required_disk_space = 0
    required_files is empty
    required_memory = 0
    required_programs is empty
    required_user is empty
    timeout = 300
===> local/atf/atf-c/error_test:error_new
Result: passed
Duration: 0.061s

Metadata:
    allowed_architectures is empty
    allowed_platforms is empty
    description = Checks the construction of an error object
    has_cleanup = false
    required_configs is empty
    required_disk_space = 0
    required_files is empty
    required_memory = 0
    required_programs is empty
    required_user is empty
    timeout = 300
===> local/atf/atf-c/error_test:error_new_wo_memory
Result: passed
Duration: 0.054s

Metadata:
    allowed_architectures is empty
    allowed_platforms is empty
    description = Checks that an unavailable memory error raised when constructing an error object is properly converted to the no_memory static error type
    has_cleanup = false
    required_configs is empty
    required_disk_space = 0
    required_files is empty
    required_memory = 0
    required_programs is empty
    required_user is empty
    timeout = 300
===> local/atf/atf-c/error_test:format
Result: passed
Duration: 0.045s

Metadata:
    allowed_architectures is empty
    allowed_platforms is empty
    description = Checks the default formatting function and the ability to change it
    has_cleanup = false
    required_configs is empty
    required_disk_space = 0
    required_files is empty
    required_memory = 0
    required_programs is empty
    required_user is empty
    timeout = 300

Standard output:
Testing default formatting function
Error string is: Error 'test_error'
Testing custom formatting function
Error string is: Test formatting function
===> local/atf/atf-c/error_test:is_error
Result: passed
Duration: 0.029s

Metadata:
    allowed_architectures is empty
    allowed_platforms is empty
    description = Checks the is_error method to determine if an error object holds success or an error
    has_cleanup = false
    required_configs is empty
    required_disk_space = 0
    required_files is empty
    required_memory = 0
    required_programs is empty
    required_user is empty
    timeout = 300
===> local/atf/atf-c/error_test:libc_format
Result: passed
Duration: 0.036s

Metadata:
    allowed_architectures is empty
    allowed_platforms is empty
    description = Checks the formatting of libc errors
    has_cleanup = false
    required_configs is empty
    required_disk_space = 0
    required_files is empty
    required_memory = 0
    required_programs is empty
    required_user is empty
    timeout = 300
===> local/atf/atf-c/error_test:libc_new
Result: passed
Duration: 0.049s

Metadata:
    allowed_architectures is empty
    allowed_platforms is empty
    description = Checks the construction of libc errors
    has_cleanup = false
    required_configs is empty
    required_disk_space = 0
    required_files is empty
    required_memory = 0
    required_programs is empty
    required_user is empty
    timeout = 300
===> local/atf/atf-c/error_test:no_error
Result: passed
Duration: 0.089s

Metadata:
    allowed_architectures is empty
    allowed_platforms is empty
    description = Checks that constructing a non-error object works
    has_cleanup = false
    required_configs is empty
    required_disk_space = 0
    required_files is empty
    required_memory = 0
    required_programs is empty
    required_user is empty
    timeout = 300
===> local/atf/atf-c/error_test:no_memory_format
Result: passed
Duration: 0.078s

Metadata:
    allowed_architectures is empty
    allowed_platforms is empty
    description = Checks the formatting of no_memory errors
    has_cleanup = false
    required_configs is empty
    required_disk_space = 0
    required_files is empty
    required_memory = 0
    required_programs is empty
    required_user is empty
    timeout = 300
===> local/atf/atf-c/error_test:no_memory_new
Result: passed
Duration: 0.038s

Metadata:
    allowed_architectures is empty
    allowed_platforms is empty
    description = Checks the construction of no_memory errors
    has_cleanup = false
    required_configs is empty
    required_disk_space = 0
    required_files is empty
    required_memory = 0
    required_programs is empty
    required_user is empty
    timeout = 300
===> local/atf/atf-c/error_test:no_memory_twice
Result: passed
Duration: 0.029s

Metadata:
    allowed_architectures is empty
    allowed_platforms is empty
    description = Checks the construction of no_memory errors multiple times, as this error is initialized statically
    has_cleanup = false
    required_configs is empty
    required_disk_space = 0
    required_files is empty
    required_memory = 0
    required_programs is empty
    required_user is empty
    timeout = 300
===> local/atf/atf-c/macros_test:check
Result: passed
Duration: 0.098s

Metadata:
    allowed_architectures is empty
    allowed_platforms is empty
    description = Tests the ATF_CHECK and ATF_CHECK_MSG macros
    has_cleanup = false
    required_configs is empty
    required_disk_space = 0
    required_files is empty
    required_memory = 0
    required_programs is empty
    required_user is empty
    timeout = 300

Standard output:
Checking with a 0 value
Looking for '^failed' in 'failed: 1 checks failed; see output for more details'
Looking for 'Check failed: .*macros_test.c:[0-9]+: 0 not met$' in '*** Check failed: atf-c/macros_test.c:326: 0 not met'
Checking with a 1 value
Looking for '^passed' in 'passed'
Checking with a 0 value
Looking for '^failed' in 'failed: 1 checks failed; see output for more details'
Looking for 'Check failed: .*macros_test.c:[0-9]+: expected a false value$' in '*** Check failed: atf-c/macros_test.c:328: expected a false value'
Checking with a 1 value
Looking for '^passed' in 'passed'
===> local/atf/atf-c/macros_test:check_eq
Result: passed
Duration: 0.168s

Metadata:
    allowed_architectures is empty
    allowed_platforms is empty
    description = Tests the ATF_CHECK_EQ and ATF_CHECK_EQ_MSG macros
    has_cleanup = false
    required_configs is empty
    required_disk_space = 0
    required_files is empty
    required_memory = 0
    required_programs is empty
    required_user is empty
    timeout = 300

Standard output:
Checking with 1, 1 and expecting true
Looking for '^passed' in 'passed'
Checking with 1, 2 and expecting false
Looking for '^failed' in 'failed: 1 checks failed; see output for more details'
Looking for 'Check failed: .*macros_test.c:[0-9]+: 1 != 2$' in '*** Check failed: atf-c/macros_test.c:420: 1 != 2'
Checking with 2, 1 and expecting false
Looking for '^failed' in 'failed: 1 checks failed; see output for more details'
Looking for 'Check failed: .*macros_test.c:[0-9]+: 2 != 1$' in '*** Check failed: atf-c/macros_test.c:421: 2 != 1'
Checking with 2, 2 and expecting true
Looking for '^passed' in 'passed'
Checking with 1, 1 and expecting true
Looking for '^passed' in 'passed'
Checking with 1, 2 and expecting false
Looking for '^failed' in 'failed: 1 checks failed; see output for more details'
Looking for 'Check failed: .*macros_test.c:[0-9]+: 1 != 2: 1 does not match 2$' in '*** Check failed: atf-c/macros_test.c:424: 1 != 2: 1 does not match 2'
Checking with 2, 1 and expecting false
Looking for '^failed' in 'failed: 1 checks failed; see output for more details'
Looking for 'Check failed: .*macros_test.c:[0-9]+: 2 != 1: 2 does not match 1$' in '*** Check failed: atf-c/macros_test.c:425: 2 != 1: 2 does not match 1'
Checking with 2, 2 and expecting true
Looking for '^passed' in 'passed'
===> local/atf/atf-c/macros_test:check_errno
Result: passed
Duration: 0.071s

Metadata:
    allowed_architectures is empty
    allowed_platforms is empty
    description = Tests the ATF_CHECK_ERRNO macro
    has_cleanup = false
    required_configs is empty
    required_disk_space = 0
    required_files is empty
    required_memory = 0
    required_programs is empty
    required_user is empty
    timeout = 300

Standard output:
Looking for '^failed' in 'failed: 1 checks failed; see output for more details'
Looking for 'macros_test.c:[0-9]+: Expected true value in errno_ok_stub\(\) == -1$' in '*** Check failed: atf-c/macros_test.c:225: Expected true value in errno_ok_stub() == -1'
Looking for '^passed' in 'passed'
Looking for '^failed' in 'failed: 1 checks failed; see output for more details'
Looking for 'macros_test.c:[0-9]+: Expected errno 3, got 4, in errno_fail_stub\(4\) == -1$' in '*** Check failed: atf-c/macros_test.c:227: Expected errno 3, got 4, in errno_fail_stub(4) == -1'
===> local/atf/atf-c/macros_test:check_match
Result: passed
Duration: 0.136s

Metadata:
    allowed_architectures is empty
    allowed_platforms is empty
    description = Tests the ATF_CHECK_MATCH and ATF_CHECK_MATCH_MSG macros
    has_cleanup = false
    required_configs is empty
    required_disk_space = 0
    required_files is empty
    required_memory = 0
    required_programs is empty
    required_user is empty
    timeout = 300

Standard output:
Checking with hello [a-z]+, abc hello world and expecting true
Looking for '^passed' in 'passed'
Checking with hello [a-z]+, abc hello WORLD and expecting false
Looking for '^failed' in 'failed: 1 checks failed; see output for more details'
Looking for 'Check failed: .*macros_test.c:[0-9]+: 'hello \[a-z\]\+' not matched in 'abc hello WORLD'$' in '*** Check failed: atf-c/macros_test.c:515: 'hello [a-z]+' not matched in 'abc hello WORLD''
Checking with hello [a-z]+, abc hello world and expecting true
Looking for '^passed' in 'passed'
Checking with hello [a-z]+, abc hello WORLD and expecting false
Looking for '^failed' in 'failed: 1 checks failed; see output for more details'
Looking for 'Check failed: .*macros_test.c:[0-9]+: 'hello \[a-z\]\+' not matched in 'abc hello WORLD': uppercase$' in '*** Check failed: atf-c/macros_test.c:517: 'hello [a-z]+' not matched in 'abc hello WORLD': uppercase'
===> local/atf/atf-c/macros_test:check_streq
Result: passed
Duration: 0.871s

Metadata:
    allowed_architectures is empty
    allowed_platforms is empty
    description = Tests the ATF_CHECK_STREQ and ATF_CHECK_STREQ_MSG macros
    has_cleanup = false
    required_configs is empty
    required_disk_space = 0
    required_files is empty
    required_memory = 0
    required_programs is empty
    required_user is empty
    timeout = 300

Standard output:
Checking with 1, 1 and expecting true
Looking for '^passed' in 'passed'
Checking with 1, 2 and expecting false
Looking for '^failed' in 'failed: 1 checks failed; see output for more details'
Looking for 'Check failed: .*macros_test.c:[0-9]+: "1" != "2" \(1 != 2\)$' in '*** Check failed: atf-c/macros_test.c:459: "1" != "2" (1 != 2)'
Checking with 2, 1 and expecting false
Looking for '^failed' in 'failed: 1 checks failed; see output for more details'
Looking for 'Check failed: .*macros_test.c:[0-9]+: "2" != "1" \(2 != 1\)$' in '*** Check failed: atf-c/macros_test.c:460: "2" != "1" (2 != 1)'
Checking with 2, 2 and expecting true
Looking for '^passed' in 'passed'
Checking with 1, 1 and expecting true
Looking for '^passed' in 'passed'
Checking with 1, 2 and expecting false
Looking for '^failed' in 'failed: 1 checks failed; see output for more details'
Looking for 'Check failed: .*macros_test.c:[0-9]+: "1" != "2" \(1 != 2\): 1 does not match 2$' in '*** Check failed: atf-c/macros_test.c:463: "1" != "2" (1 != 2): 1 does not match 2'
Checking with 2, 1 and expecting false
Looking for '^failed' in 'failed: 1 checks failed; see output for more details'
Looking for 'Check failed: .*macros_test.c:[0-9]+: "2" != "1" \(2 != 1\): 2 does not match 1$' in '*** Check failed: atf-c/macros_test.c:464: "2" != "1" (2 != 1): 2 does not match 1'
Checking with 2, 2 and expecting true
Looking for '^passed' in 'passed'
Checking with 5, 9 and expecting false
Looking for '^failed' in 'failed: 1 checks failed; see output for more details'
Looking for 'Check failed: .*macros_test.c:[0-9]+: check_streq_var1 != check_streq_var2 \(5 != 9\)$' in '*** Check failed: atf-c/macros_test.c:470: check_streq_var1 != check_streq_var2 (5 != 9)'
===> local/atf/atf-c/macros_test:detect_unused_tests
Result: passed
Duration: 0.105s

Metadata:
    allowed_architectures is empty
    allowed_platforms is empty
    description = Tests that defining an unused test case raises a warning (and thus an error)
    has_cleanup = false
    required_configs is empty
    required_disk_space = 0
    required_files is empty
    required_memory = 0
    required_programs is empty
    required_user is empty
    timeout = 300

Standard output:
> cc -O2 -pipe -fstack-protector -fno-strict-aliasing -D_FORTIFY_SOURCE=2 -Wall -Wcast-qual -Wextra -Wpointer-arith -Wredundant-decls -Wreturn-type -Wshadow -Wsign-compare -Wswitch -Wwrite-strings -DNDEBUG -Wmissing-prototypes -Wstrict-prototypes -I/usr/local/include -Wall -Werror -o test.o -c compiler_test.c
> cc -O2 -pipe -fstack-protector -fno-strict-aliasing -D_FORTIFY_SOURCE=2 -Wall -Wcast-qual -Wextra -Wpointer-arith -Wredundant-decls -Wreturn-type -Wshadow -Wsign-compare -Wswitch -Wwrite-strings -DNDEBUG -Wmissing-prototypes -Wstrict-prototypes -I/usr/local/include -Wall -Werror -o test.o -c /usr/tests/local/atf/atf-c/unused_test.c

Standard error:
compiler_test.c:3:1: error: unused variable 'unused' [-Werror,-Wunused-variable]
define_unused;
^
compiler_test.c:2:49: note: expanded from macro 'define_unused'
#define define_unused static struct test_struct unused
                                                ^
1 error generated.
cc failed with exit code 1
/usr/tests/local/atf/atf-c/unused_test.c:37:1: error: unused variable 'atfu_this_is_unused_tc' [-Werror,-Wunused-variable]
ATF_TC(this_is_unused);
^
/usr/local/include/atf-c/macros.h:56:21: note: expanded from macro 'ATF_TC'
    static atf_tc_t atfu_ ## tc ## _tc; \
                    ^
<scratch space>:33:1: note: expanded from here
atfu_this_is_unused_tc
^
/usr/tests/local/atf/atf-c/unused_test.c:37:1: error: unused variable 'atfu_this_is_unused_tc_pack' [-Werror,-Wunused-const-variable]
/usr/local/include/atf-c/macros.h:57:26: note: expanded from macro 'ATF_TC'
    static atf_tc_pack_t atfu_ ## tc ## _tc_pack = { \
                         ^
<scratch space>:35:1: note: expanded from here
atfu_this_is_unused_tc_pack
^
2 errors generated.
cc failed with exit code 1
===> local/atf/atf-c/macros_test:msg_embedded_fmt
Result: passed
Duration: 0.059s

Metadata:
    allowed_architectures is empty
    allowed_platforms is empty
    description = Tests that format strings passed as part of the automatically-generated messages do not get expanded
    has_cleanup = false
    required_configs is empty
    required_disk_space = 0
    required_files is empty
    required_memory = 0
    required_programs is empty
    required_user is empty
    timeout = 300

Standard output:
Checking with an expected 'aux_bool\("%d"\) not met' message
Looking for 'Check failed: .*macros_test.c:[0-9]+: aux_bool\("%d"\) not met$' in '*** Check failed: atf-c/macros_test.c:785: aux_bool("%d") not met'
Checking with an expected 'aux_bool\("%d"\) not met' message
Looking for '^failed: .*macros_test.c:[0-9]+: aux_bool\("%d"\) not met$' in 'failed: atf-c/macros_test.c:786: aux_bool("%d") not met'
Checking with an expected 'aux_str\("%d"\) != "" \(foo != \)' message
Looking for 'Check failed: .*macros_test.c:[0-9]+: aux_str\("%d"\) != "" \(foo != \)$' in '*** Check failed: atf-c/macros_test.c:787: aux_str("%d") != "" (foo != )'
Checking with an expected 'aux_str\("%d"\) != "" \(foo != \)' message
Looking for '^failed: .*macros_test.c:[0-9]+: aux_str\("%d"\) != "" \(foo != \)$' in 'failed: atf-c/macros_test.c:788: aux_str("%d") != "" (foo != )'
===> local/atf/atf-c/macros_test:require
Result: passed
Duration: 0.062s

Metadata:
    allowed_architectures is empty
    allowed_platforms is empty
    description = Tests the ATF_REQUIRE and ATF_REQUIRE_MSG macros
    has_cleanup = false
    required_configs is empty
    required_disk_space = 0
    required_files is empty
    required_memory = 0
    required_programs is empty
    required_user is empty
    timeout = 300

Standard output:
Checking with a 0 value
Looking for '^failed: .*macros_test.c:[0-9]+: 0 not met$' in 'failed: atf-c/macros_test.c:548: 0 not met'
Checking with a 1 value
Looking for '^passed' in 'passed'
Checking with a 0 value
Looking for '^failed: .*macros_test.c:[0-9]+: expected a false value$' in 'failed: atf-c/macros_test.c:550: expected a false value'
Checking with a 1 value
Looking for '^passed' in 'passed'
===> local/atf/atf-c/macros_test:require_eq
Result: passed
Duration: 0.155s

Metadata:
    allowed_architectures is empty
    allowed_platforms is empty
    description = Tests the ATF_REQUIRE_EQ and ATF_REQUIRE_EQ_MSG macros
    has_cleanup = false
    required_configs is empty
    required_disk_space = 0
    required_files is empty
    required_memory = 0
    required_programs is empty
    required_user is empty
    timeout = 300

Standard output:
Checking with 1, 1 and expecting true
Looking for '^passed' in 'passed'
Checking with 1, 2 and expecting false
Looking for '^failed: .*macros_test.c:[0-9]+: 1 != 2$' in 'failed: atf-c/macros_test.c:642: 1 != 2'
Checking with 2, 1 and expecting false
Looking for '^failed: .*macros_test.c:[0-9]+: 2 != 1$' in 'failed: atf-c/macros_test.c:643: 2 != 1'
Checking with 2, 2 and expecting true
Looking for '^passed' in 'passed'
Checking with 1, 1 and expecting true
Looking for '^passed' in 'passed'
Checking with 1, 2 and expecting false
Looking for '^failed: .*macros_test.c:[0-9]+: 1 != 2: 1 does not match 2$' in 'failed: atf-c/macros_test.c:646: 1 != 2: 1 does not match 2'
Checking with 2, 1 and expecting false
Looking for '^failed: .*macros_test.c:[0-9]+: 2 != 1: 2 does not match 1$' in 'failed: atf-c/macros_test.c:647: 2 != 1: 2 does not match 1'
Checking with 2, 2 and expecting true
Looking for '^passed' in 'passed'
===> local/atf/atf-c/macros_test:require_errno
Result: passed
Duration: 0.061s

Metadata:
    allowed_architectures is empty
    allowed_platforms is empty
    description = Tests the ATF_REQUIRE_ERRNO macro
    has_cleanup = false
    required_configs is empty
    required_disk_space = 0
    required_files is empty
    required_memory = 0
    required_programs is empty
    required_user is empty
    timeout = 300

Standard output:
Looking for '^failed: .*macros_test.c:[0-9]+: Expected true value in errno_ok_stub\(\) == -1$' in 'failed: atf-c/macros_test.c:229: Expected true value in errno_ok_stub() == -1'
Looking for '^passed' in 'passed'
Looking for '^failed: .*macros_test.c:[0-9]+: Expected errno 3, got 4, in errno_fail_stub\(4\) == -1$' in 'failed: atf-c/macros_test.c:231: Expected errno 3, got 4, in errno_fail_stub(4) == -1'
===> local/atf/atf-c/macros_test:require_match
Result: passed
Duration: 0.059s

Metadata:
    allowed_architectures is empty
    allowed_platforms is empty
    description = Tests the ATF_REQUIRE_MATCH and ATF_REQUIRE_MATCH_MSG macros
    has_cleanup = false
    required_configs is empty
    required_disk_space = 0
    required_files is empty
    required_memory = 0
    required_programs is empty
    required_user is empty
    timeout = 300

Standard output:
Checking with hello [a-z]+, abc hello world and expecting true
Looking for '^passed' in 'passed'
Checking with hello [a-z]+, abc hello WORLD and expecting false
Looking for '^failed: .*macros_test.c:[0-9]+: 'hello \[a-z\]\+' not matched in 'abc hello WORLD'$' in 'failed: atf-c/macros_test.c:737: 'hello [a-z]+' not matched in 'abc hello WORLD''
Checking with hello [a-z]+, abc hello world and expecting true
Looking for '^passed' in 'passed'
Checking with hello [a-z]+, abc hello WORLD and expecting false
Looking for '^failed: .*macros_test.c:[0-9]+: 'hello \[a-z\]\+' not matched in 'abc hello WORLD': uppercase$' in 'failed: atf-c/macros_test.c:739: 'hello [a-z]+' not matched in 'abc hello WORLD': uppercase'
===> local/atf/atf-c/macros_test:require_streq
Result: passed
Duration: 0.143s

Metadata:
    allowed_architectures is empty
    allowed_platforms is empty
    description = Tests the ATF_REQUIRE_STREQ and ATF_REQUIRE_STREQ_MSG macros
    has_cleanup = false
    required_configs is empty
    required_disk_space = 0
    required_files is empty
    required_memory = 0
    required_programs is empty
    required_user is empty
    timeout = 300

Standard output:
Checking with 1, 1 and expecting true
Looking for '^passed' in 'passed'
Checking with 1, 2 and expecting false
Looking for '^failed: .*macros_test.c:[0-9]+: "1" != "2" \(1 != 2\)$' in 'failed: atf-c/macros_test.c:681: "1" != "2" (1 != 2)'
Checking with 2, 1 and expecting false
Looking for '^failed: .*macros_test.c:[0-9]+: "2" != "1" \(2 != 1\)$' in 'failed: atf-c/macros_test.c:682: "2" != "1" (2 != 1)'
Checking with 2, 2 and expecting true
Looking for '^passed' in 'passed'
Checking with 1, 1 and expecting true
Looking for '^passed' in 'passed'
Checking with 1, 2 and expecting false
Looking for '^failed: .*macros_test.c:[0-9]+: "1" != "2" \(1 != 2\): 1 does not match 2$' in 'failed: atf-c/macros_test.c:685: "1" != "2" (1 != 2): 1 does not match 2'
Checking with 2, 1 and expecting false
Looking for '^failed: .*macros_test.c:[0-9]+: "2" != "1" \(2 != 1\): 2 does not match 1$' in 'failed: atf-c/macros_test.c:686: "2" != "1" (2 != 1): 2 does not match 1'
Checking with 2, 2 and expecting true
Looking for '^passed' in 'passed'
Checking with 5, 9 and expecting false
Looking for '^failed: .*macros_test.c:[0-9]+: require_streq_var1 != require_streq_var2 \(5 != 9\)$' in 'failed: atf-c/macros_test.c:692: require_streq_var1 != require_streq_var2 (5 != 9)'
===> local/atf/atf-c/macros_test:use
Result: passed
Duration: 0.095s

Metadata:
    allowed_architectures is empty
    allowed_platforms is empty
    description = Tests that the macros provided by the atf-c/macros.h file do not cause syntax errors when used
    has_cleanup = false
    required_configs is empty
    required_disk_space = 0
    required_files is empty
    required_memory = 0
    required_programs is empty
    required_user is empty
    timeout = 300

Standard output:
> cc -O2 -pipe -fstack-protector -fno-strict-aliasing -D_FORTIFY_SOURCE=2 -Wall -Wcast-qual -Wextra -Wpointer-arith -Wredundant-decls -Wreturn-type -Wshadow -Wsign-compare -Wswitch -Wwrite-strings -DNDEBUG -Wmissing-prototypes -Wstrict-prototypes -I/usr/local/include -Wall -Werror -o test.o -c /usr/tests/local/atf/atf-c/macros_h_test.c
===> local/atf/atf-c/pkg_config_test:build
Result: passed
Duration: 1.746s

Metadata:
    allowed_architectures is empty
    allowed_platforms is empty
    description = Checks that a test program can be built against the C library based on the pkg-config information
    has_cleanup = false
    required_configs is empty
    required_disk_space = 0
    required_files is empty
    required_memory = 0
    required_programs = pkg-config
    required_user is empty
    timeout = 300

Standard output:
Executing command [ pkg-config --variable=cc atf-c ]
Compiler is: 
Executing command [ pkg-config --cflags atf-c ]
CFLAGS are: -I/usr/local/include  
Executing command [ pkg-config --libs-only-L --libs-only-other atf-c ]
Executing command [ pkg-config --libs-only-l atf-c ]
LDFLAGS are: -L/usr/local/lib  
LIBS are: -latf-c  
Executing command [ cc -I/usr/local/include -o tp.o -c tp.c ]
Executing command [ cc -L/usr/local/lib -o tp tp.o -latf-c ]
Executing command [ test -x tp ]
Executing command [ /bin/sh -c LD_LIBRARY_PATH=/usr/local/lib ./tp tc ]
===> local/atf/atf-c/pkg_config_test:version
Result: passed
Duration: 0.127s

Metadata:
    allowed_architectures is empty
    allowed_platforms is empty
    description = Checks that the version in atf-c is correct
    has_cleanup = false
    required_configs is empty
    required_disk_space = 0
    required_files is empty
    required_memory = 0
    required_programs = pkg-config
    required_user is empty
    timeout = 300

Standard output:
Version reported by builtin PACKAGE_VERSION: 0.21
Executing command [ pkg-config --modversion atf-c ]
Version reported by pkg-config: 0.21
===> local/atf/atf-c/tc_test:config
Result: passed
Duration: 0.057s

Metadata:
    allowed_architectures is empty
    allowed_platforms is empty
    description = Tests the atf_tc_get_config_var, atf_tc_get_config_var_wd and atf_tc_has_config_var functions
    has_cleanup = false
    required_configs is empty
    required_disk_space = 0
    required_files is empty
    required_memory = 0
    required_programs is empty
    required_user is empty
    timeout = 300
===> local/atf/atf-c/tc_test:init
Result: passed
Duration: 0.047s

Metadata:
    allowed_architectures is empty
    allowed_platforms is empty
    description = Tests the atf_tc_init function
    has_cleanup = false
    required_configs is empty
    required_disk_space = 0
    required_files is empty
    required_memory = 0
    required_programs is empty
    required_user is empty
    timeout = 300
===> local/atf/atf-c/tc_test:init_pack
Result: passed
Duration: 0.076s

Metadata:
    allowed_architectures is empty
    allowed_platforms is empty
    description = Tests the atf_tc_init_pack function
    has_cleanup = false
    required_configs is empty
    required_disk_space = 0
    required_files is empty
    required_memory = 0
    required_programs is empty
    required_user is empty
    timeout = 300
===> local/atf/atf-c/tc_test:vars
Result: passed
Duration: 0.099s

Metadata:
    allowed_architectures is empty
    allowed_platforms is empty
    description = Tests the atf_tc_get_md_var, atf_tc_has_md_var and atf_tc_set_md_var functions
    has_cleanup = false
    required_configs is empty
    required_disk_space = 0
    required_files is empty
    required_memory = 0
    required_programs is empty
    required_user is empty
    timeout = 300
===> local/atf/atf-c/tp_test:getopt
Result: passed
Duration: 0.156s

Metadata:
    allowed_architectures is empty
    allowed_platforms is empty
    description = Checks if getopt(3) global state is reset by the test program driver so that test cases can use getopt(3) again
    has_cleanup = false
    required_configs is empty
    required_disk_space = 0
    required_files is empty
    required_memory = 0
    required_programs is empty
    required_user is empty
    timeout = 300
===> local/atf/atf-c/utils_test:cat_file__empty
Result: passed
Duration: 0.042s

Metadata:
    allowed_architectures is empty
    allowed_platforms is empty
    description is empty
    has_cleanup = false
    required_configs is empty
    required_disk_space = 0
    required_files is empty
    required_memory = 0
    required_programs is empty
    required_user is empty
    timeout = 300
===> local/atf/atf-c/utils_test:cat_file__no_newline_eof
Result: passed
Duration: 0.081s

Metadata:
    allowed_architectures is empty
    allowed_platforms is empty
    description is empty
    has_cleanup = false
    required_configs is empty
    required_disk_space = 0
    required_files is empty
    required_memory = 0
    required_programs is empty
    required_user is empty
    timeout = 300
===> local/atf/atf-c/utils_test:cat_file__one_line
Result: passed
Duration: 0.103s

Metadata:
    allowed_architectures is empty
    allowed_platforms is empty
    description is empty
    has_cleanup = false
    required_configs is empty
    required_disk_space = 0
    required_files is empty
    required_memory = 0
    required_programs is empty
    required_user is empty
    timeout = 300
===> local/atf/atf-c/utils_test:cat_file__several_lines
Result: passed
Duration: 0.086s

Metadata:
    allowed_architectures is empty
    allowed_platforms is empty
    description is empty
    has_cleanup = false
    required_configs is empty
    required_disk_space = 0
    required_files is empty
    required_memory = 0
    required_programs is empty
    required_user is empty
    timeout = 300
===> local/atf/atf-c/utils_test:compare_file__empty__match
Result: passed
Duration: 0.106s

Metadata:
    allowed_architectures is empty
    allowed_platforms is empty
    description is empty
    has_cleanup = false
    required_configs is empty
    required_disk_space = 0
    required_files is empty
    required_memory = 0
    required_programs is empty
    required_user is empty
    timeout = 300
===> local/atf/atf-c/utils_test:compare_file__empty__not_match
Result: passed
Duration: 0.131s

Metadata:
    allowed_architectures is empty
    allowed_platforms is empty
    description is empty
    has_cleanup = false
    required_configs is empty
    required_disk_space = 0
    required_files is empty
    required_memory = 0
    required_programs is empty
    required_user is empty
    timeout = 300
===> local/atf/atf-c/utils_test:compare_file__long__match
Result: passed
Duration: 0.522s

Metadata:
    allowed_architectures is empty
    allowed_platforms is empty
    description is empty
    has_cleanup = false
    required_configs is empty
    required_disk_space = 0
    required_files is empty
    required_memory = 0
    required_programs is empty
    required_user is empty
    timeout = 300
===> local/atf/atf-c/utils_test:compare_file__long__not_match
Result: passed
Duration: 0.068s

Metadata:
    allowed_architectures is empty
    allowed_platforms is empty
    description is empty
    has_cleanup = false
    required_configs is empty
    required_disk_space = 0
    required_files is empty
    required_memory = 0
    required_programs is empty
    required_user is empty
    timeout = 300
===> local/atf/atf-c/utils_test:compare_file__short__match
Result: passed
Duration: 0.112s

Metadata:
    allowed_architectures is empty
    allowed_platforms is empty
    description is empty
    has_cleanup = false
    required_configs is empty
    required_disk_space = 0
    required_files is empty
    required_memory = 0
    required_programs is empty
    required_user is empty
    timeout = 300
===> local/atf/atf-c/utils_test:compare_file__short__not_match
Result: passed
Duration: 0.064s

Metadata:
    allowed_architectures is empty
    allowed_platforms is empty
    description is empty
    has_cleanup = false
    required_configs is empty
    required_disk_space = 0
    required_files is empty
    required_memory = 0
    required_programs is empty
    required_user is empty
    timeout = 300
===> local/atf/atf-c/utils_test:copy_file__empty
Result: passed
Duration: 0.110s

Metadata:
    allowed_architectures is empty
    allowed_platforms is empty
    description is empty
    has_cleanup = false
    required_configs is empty
    required_disk_space = 0
    required_files is empty
    required_memory = 0
    required_programs is empty
    required_user is empty
    timeout = 300
===> local/atf/atf-c/utils_test:copy_file__some_contents
Result: passed
Duration: 0.096s

Metadata:
    allowed_architectures is empty
    allowed_platforms is empty
    description is empty
    has_cleanup = false
    required_configs is empty
    required_disk_space = 0
    required_files is empty
    required_memory = 0
    required_programs is empty
    required_user is empty
    timeout = 300
===> local/atf/atf-c/utils_test:create_file
Result: passed
Duration: 0.068s

Metadata:
    allowed_architectures is empty
    allowed_platforms is empty
    description is empty
    has_cleanup = false
    required_configs is empty
    required_disk_space = 0
    required_files is empty
    required_memory = 0
    required_programs is empty
    required_user is empty
    timeout = 300
===> local/atf/atf-c/utils_test:file_exists
Result: passed
Duration: 0.091s

Metadata:
    allowed_architectures is empty
    allowed_platforms is empty
    description is empty
    has_cleanup = false
    required_configs is empty
    required_disk_space = 0
    required_files is empty
    required_memory = 0
    required_programs is empty
    required_user is empty
    timeout = 300
===> local/atf/atf-c/utils_test:fork
Result: passed
Duration: 0.111s

Metadata:
    allowed_architectures is empty
    allowed_platforms is empty
    description is empty
    has_cleanup = false
    required_configs is empty
    required_disk_space = 0
    required_files is empty
    required_memory = 0
    required_programs is empty
    required_user is empty
    timeout = 300

Standard output:
Should not get into child
Should not get into child

Standard error:
Should not get into child
===> local/atf/atf-c/utils_test:free_charpp__empty
Result: passed
Duration: 0.138s

Metadata:
    allowed_architectures is empty
    allowed_platforms is empty
    description is empty
    has_cleanup = false
    required_configs is empty
    required_disk_space = 0
    required_files is empty
    required_memory = 0
    required_programs is empty
    required_user is empty
    timeout = 300
===> local/atf/atf-c/utils_test:free_charpp__some
Result: passed
Duration: 0.074s

Metadata:
    allowed_architectures is empty
    allowed_platforms is empty
    description is empty
    has_cleanup = false
    required_configs is empty
    required_disk_space = 0
    required_files is empty
    required_memory = 0
    required_programs is empty
    required_user is empty
    timeout = 300
===> local/atf/atf-c/utils_test:grep_file
Result: passed
Duration: 0.112s

Metadata:
    allowed_architectures is empty
    allowed_platforms is empty
    description is empty
    has_cleanup = false
    required_configs is empty
    required_disk_space = 0
    required_files is empty
    required_memory = 0
    required_programs is empty
    required_user is empty
    timeout = 300

Standard output:
Looking for 'line1' in 'line1'
Looking for 'line1' in 'line1'
Looking for 'second line' in 'line1'
Looking for 'second line' in 'the second line'
Looking for 'aa.*bb' in 'line1'
Looking for 'aa.*bb' in 'the second line'
Looking for 'aa.*bb' in 'aaaabbbb'
Looking for 'foo' in 'line1'
Looking for 'foo' in 'the second line'
Looking for 'foo' in 'aaaabbbb'
Looking for 'bar' in 'line1'
Looking for 'bar' in 'the second line'
Looking for 'bar' in 'aaaabbbb'
Looking for 'aaaaa' in 'line1'
Looking for 'aaaaa' in 'the second line'
Looking for 'aaaaa' in 'aaaabbbb'
===> local/atf/atf-c/utils_test:grep_string
Result: passed
Duration: 0.070s

Metadata:
    allowed_architectures is empty
    allowed_platforms is empty
    description is empty
    has_cleanup = false
    required_configs is empty
    required_disk_space = 0
    required_files is empty
    required_memory = 0
    required_programs is empty
    required_user is empty
    timeout = 300

Standard output:
Looking for 'a string' in 'a string - aaaabbbb'
Looking for '^a string' in 'a string - aaaabbbb'
Looking for 'aaaabbbb$' in 'a string - aaaabbbb'
Looking for 'aa.*bb' in 'a string - aaaabbbb'
Looking for 'foo' in 'a string - aaaabbbb'
Looking for 'bar' in 'a string - aaaabbbb'
Looking for 'aaaaa' in 'a string - aaaabbbb'
===> local/atf/atf-c/utils_test:readline__none
Result: passed
Duration: 0.278s

Metadata:
    allowed_architectures is empty
    allowed_platforms is empty
    description is empty
    has_cleanup = false
    required_configs is empty
    required_disk_space = 0
    required_files is empty
    required_memory = 0
    required_programs is empty
    required_user is empty
    timeout = 300
===> local/atf/atf-c/utils_test:readline__some
Result: passed
Duration: 0.123s

Metadata:
    allowed_architectures is empty
    allowed_platforms is empty
    description is empty
    has_cleanup = false
    required_configs is empty
    required_disk_space = 0
    required_files is empty
    required_memory = 0
    required_programs is empty
    required_user is empty
    timeout = 300
===> local/atf/atf-c/utils_test:redirect__other
Result: passed
Duration: 0.279s

Metadata:
    allowed_architectures is empty
    allowed_platforms is empty
    description is empty
    has_cleanup = false
    required_configs is empty
    required_disk_space = 0
    required_files is empty
    required_memory = 0
    required_programs is empty
    required_user is empty
    timeout = 300
===> local/atf/atf-c/utils_test:redirect__stderr
Result: passed
Duration: 0.107s

Metadata:
    allowed_architectures is empty
    allowed_platforms is empty
    description is empty
    has_cleanup = false
    required_configs is empty
    required_disk_space = 0
    required_files is empty
    required_memory = 0
    required_programs is empty
    required_user is empty
    timeout = 300

Standard error:
Buffer this===> local/atf/atf-c/utils_test:redirect__stdout
Result: passed
Duration: 0.028s

Metadata:
    allowed_architectures is empty
    allowed_platforms is empty
    description is empty
    has_cleanup = false
    required_configs is empty
    required_disk_space = 0
    required_files is empty
    required_memory = 0
    required_programs is empty
    required_user is empty
    timeout = 300

Standard output:
Buffer this===> local/atf/atf-c/utils_test:wait__invalid_exitstatus
Result: passed
Duration: 0.036s

Metadata:
    allowed_architectures is empty
    allowed_platforms is empty
    description is empty
    has_cleanup = false
    required_configs is empty
    required_disk_space = 0
    required_files is empty
    required_memory = 0
    required_programs is empty
    required_user is empty
    timeout = 300

Standard output:
subprocess stdout: Some output
subprocess stderr: Some error
===> local/atf/atf-c/utils_test:wait__invalid_stderr
Result: passed
Duration: 0.031s

Metadata:
    allowed_architectures is empty
    allowed_platforms is empty
    description is empty
    has_cleanup = false
    required_configs is empty
    required_disk_space = 0
    required_files is empty
    required_memory = 0
    required_programs is empty
    required_user is empty
    timeout = 300

Standard output:
subprocess stdout: Some output
subprocess stderr: Some error
===> local/atf/atf-c/utils_test:wait__invalid_stdout
Result: passed
Duration: 0.031s

Metadata:
    allowed_architectures is empty
    allowed_platforms is empty
    description is empty
    has_cleanup = false
    required_configs is empty
    required_disk_space = 0
    required_files is empty
    required_memory = 0
    required_programs is empty
    required_user is empty
    timeout = 300

Standard output:
subprocess stdout: Some output
subprocess stderr: Some error
===> local/atf/atf-c/utils_test:wait__ok
Result: passed
Duration: 0.048s

Metadata:
    allowed_architectures is empty
    allowed_platforms is empty
    description is empty
    has_cleanup = false
    required_configs is empty
    required_disk_space = 0
    required_files is empty
    required_memory = 0
    required_programs is empty
    required_user is empty
    timeout = 300

Standard output:
subprocess stdout: Some output
subprocess stderr: Some error
===> local/atf/atf-c/utils_test:wait__ok_nested
Result: passed
Duration: 0.120s

Metadata:
    allowed_architectures is empty
    allowed_platforms is empty
    description is empty
    has_cleanup = false
    required_configs is empty
    required_disk_space = 0
    required_files is empty
    required_memory = 0
    required_programs is empty
    required_user is empty
    timeout = 300

Standard output:
subprocess stdout: Parent output
subprocess stdout: subprocess stdout: Child output
subprocess stdout: subprocess stderr: Child error
subprocess stderr: Parent error
===> local/atf/atf-c/utils_test:wait__save_stderr
Result: passed
Duration: 0.074s

Metadata:
    allowed_architectures is empty
    allowed_platforms is empty
    description is empty
    has_cleanup = false
    required_configs is empty
    required_disk_space = 0
    required_files is empty
    required_memory = 0
    required_programs is empty
    required_user is empty
    timeout = 300

Standard output:
subprocess stdout: Some output
subprocess stderr: Some error
===> local/atf/atf-c/utils_test:wait__save_stdout
Result: passed
Duration: 0.082s

Metadata:
    allowed_architectures is empty
    allowed_platforms is empty
    description is empty
    has_cleanup = false
    required_configs is empty
    required_disk_space = 0
    required_files is empty
    required_memory = 0
    required_programs is empty
    required_user is empty
    timeout = 300

Standard output:
subprocess stdout: Some output
subprocess stderr: Some error
===> local/atf/atf-sh/atf-check_test:eflag_empty
Result: passed
Duration: 0.328s

Metadata:
    allowed_architectures is empty
    allowed_platforms is empty
    description = Tests for the -e option using the 'empty' argument
    has_cleanup = false
    required_configs is empty
    required_disk_space = 0
    required_files is empty
    required_memory = 0
    required_programs is empty
    required_user is empty
    timeout = 300

Standard output:
Running [atf-check -e empty] against [true 1>&2]
Running [atf-check -e empty] against [echo foo 1>&2]
Executing command [ ./script.sh ]
===> local/atf/atf-sh/atf-check_test:eflag_file
Result: passed
Duration: 0.347s

Metadata:
    allowed_architectures is empty
    allowed_platforms is empty
    description = Tests for the -e option using the 'file:' argument
    has_cleanup = false
    required_configs is empty
    required_disk_space = 0
    required_files is empty
    required_memory = 0
    required_programs is empty
    required_user is empty
    timeout = 300

Standard output:
Running [atf-check -e file:empty] against [true 1>&2]
Running [atf-check -e file:text] against [echo foo 1>&2]
Running [atf-check -e file:text] against [echo bar 1>&2]
Executing command [ ./script.sh ]
Running [atf-check -e file:bin] against [cat bin 1>&2]

Standard error:
10+0 records in
10+0 records out
10240 bytes transferred in 0.000281 secs (36467366 bytes/sec)
===> local/atf/atf-sh/atf-check_test:eflag_ignore
Result: passed
Duration: 0.306s

Metadata:
    allowed_architectures is empty
    allowed_platforms is empty
    description = Tests for the -e option using the 'ignore' argument
    has_cleanup = false
    required_configs is empty
    required_disk_space = 0
    required_files is empty
    required_memory = 0
    required_programs is empty
    required_user is empty
    timeout = 300

Standard output:
Running [atf-check -e ignore] against [true 1>&2]
Running [atf-check -e ignore] against [echo foo 1>&2]
===> local/atf/atf-sh/atf-check_test:eflag_inline
Result: passed
Duration: 0.627s

Metadata:
    allowed_architectures is empty
    allowed_platforms is empty
    description = Tests for the -e option using the 'inline:' argument
    has_cleanup = false
    required_configs is empty
    required_disk_space = 0
    required_files is empty
    required_memory = 0
    required_programs is empty
    required_user is empty
    timeout = 300

Standard output:
Running [atf-check -e inline:] against [true 1>&2]
Running [atf-check -e inline:foo bar\n] against [echo foo bar 1>&2]
Running [atf-check -e inline:foo bar] against [printf 'foo bar' 1>&2]
Running [atf-check -e inline:\t\n\t\n] against [printf '\t\n\t\n' 1>&2]
Running [atf-check -e inline:\a\b\e\f\n\r\t\v] against [printf '\a\b\033\f\n\r\t\v' 1>&2]
Running [atf-check -e inline:\011\022\033\012] against [printf '\011\022\033\012' 1>&2]
Running [atf-check -e inline:foo bar] against [echo foo bar 1>&2]
Executing command [ ./script.sh ]
Running [atf-check -e inline:foo bar\n] against [echo -n foo bar 1>&2]
Executing command [ ./script.sh ]
===> local/atf/atf-sh/atf-check_test:eflag_match
Result: passed
Duration: 0.536s

Metadata:
    allowed_architectures is empty
    allowed_platforms is empty
    description = Tests for the -e option using the 'match:' argument
    has_cleanup = false
    required_configs is empty
    required_disk_space = 0
    required_files is empty
    required_memory = 0
    required_programs is empty
    required_user is empty
    timeout = 300

Standard output:
Running [atf-check -e match:^no-newline] against [printf no-newline 1>&2]
Running [atf-check -e match:^foo] against [echo line1 1>&2; echo foo bar 1>&2]
Running [atf-check -e match:o b] against [echo foo bar 1>&2]
Running [atf-check -e match:baz] against [echo foo bar 1>&2]
Executing command [ ./script.sh ]
Running [atf-check -e match:^bar] against [echo foo bar 1>&2]
Executing command [ ./script.sh ]
===> local/atf/atf-sh/atf-check_test:eflag_multiple
Result: passed
Duration: 0.456s

Metadata:
    allowed_architectures is empty
    allowed_platforms is empty
    description = Tests for multiple occurrences of the -e option
    has_cleanup = false
    required_configs is empty
    required_disk_space = 0
    required_files is empty
    required_memory = 0
    required_programs is empty
    required_user is empty
    timeout = 300

Standard output:
Running [atf-check -e match:foo -e match:bar] against [echo foo bar 1>&2]
Running [atf-check -e match:foo -e match:bar] against [echo foo 1>&2; echo bar 1>&2]
Running [atf-check -e match:bar -e match:foo] against [echo foo baz 1>&2]
Executing command [ ./script.sh ]
Running [atf-check -e match:bar -e match:foo] against [echo foo 1>&2; echo baz 1>&2]
Executing command [ ./script.sh ]
===> local/atf/atf-sh/atf-check_test:eflag_negated
Result: passed
Duration: 0.368s

Metadata:
    allowed_architectures is empty
    allowed_platforms is empty
    description = Tests for negated occurrences of the -e option
    has_cleanup = false
    required_configs is empty
    required_disk_space = 0
    required_files is empty
    required_memory = 0
    required_programs is empty
    required_user is empty
    timeout = 300

Standard output:
Running [atf-check -e empty] against [echo foo 1>&2]
Executing command [ ./script.sh ]
Running [atf-check -e not-empty] against [echo foo 1>&2]
Running [atf-check -e match:foo] against [echo foo bar 1>&2]
Running [atf-check -e not-match:foo] against [echo foo bar 1>&2]
Executing command [ ./script.sh ]
===> local/atf/atf-sh/atf-check_test:eflag_save
Result: passed
Duration: 0.839s

Metadata:
    allowed_architectures is empty
    allowed_platforms is empty
    description = Tests for the -e option using the 'save:' argument
    has_cleanup = false
    required_configs is empty
    required_disk_space = 0
    required_files is empty
    required_memory = 0
    required_programs is empty
    required_user is empty
    timeout = 300

Standard output:
Running [atf-check -e save:out] against [echo foo 1>&2]
===> local/atf/atf-sh/atf-check_test:invalid_umask
Result: passed
Duration: 0.106s

Metadata:
    allowed_architectures is empty
    allowed_platforms is empty
    description = Tests for a correct error condition if the umask is too restrictive
    has_cleanup = false
    required_configs is empty
    required_disk_space = 0
    required_files is empty
    required_memory = 0
    required_programs is empty
    required_user is empty
    timeout = 300

Standard output:
Executing command [ false ]
atf-check: ERROR: Could not create the temporary directory /tmp/kyua.atf-tester.GBN3SK/check.XXXXXX because it will not have enough access rights due to the current umask 00222
===> local/atf/atf-sh/atf-check_test:oflag_empty
Result: passed
Duration: 0.182s

Metadata:
    allowed_architectures is empty
    allowed_platforms is empty
    description = Tests for the -o option using the 'empty' argument
    has_cleanup = false
    required_configs is empty
    required_disk_space = 0
    required_files is empty
    required_memory = 0
    required_programs is empty
    required_user is empty
    timeout = 300

Standard output:
Running [atf-check -o empty] against [true]
Running [atf-check -o empty] against [echo foo]
Executing command [ ./script.sh ]
===> local/atf/atf-sh/atf-check_test:oflag_file
Result: passed
Duration: 0.300s

Metadata:
    allowed_architectures is empty
    allowed_platforms is empty
    description = Tests for the -o option using the 'file:' argument
    has_cleanup = false
    required_configs is empty
    required_disk_space = 0
    required_files is empty
    required_memory = 0
    required_programs is empty
    required_user is empty
    timeout = 300

Standard output:
Running [atf-check -o file:empty] against [true]
Running [atf-check -o file:text] against [echo foo]
Running [atf-check -o file:text] against [echo bar]
Executing command [ ./script.sh ]
Running [atf-check -o file:bin] against [cat bin]

Standard error:
10+0 records in
10+0 records out
10240 bytes transferred in 0.000278 secs (36808184 bytes/sec)
===> local/atf/atf-sh/atf-check_test:oflag_ignore
Result: passed
Duration: 0.187s

Metadata:
    allowed_architectures is empty
    allowed_platforms is empty
    description = Tests for the -o option using the 'ignore' argument
    has_cleanup = false
    required_configs is empty
    required_disk_space = 0
    required_files is empty
    required_memory = 0
    required_programs is empty
    required_user is empty
    timeout = 300

Standard output:
Running [atf-check -o ignore] against [true]
Running [atf-check -o ignore] against [echo foo]
===> local/atf/atf-sh/atf-check_test:oflag_inline
Result: passed
Duration: 1.053s

Metadata:
    allowed_architectures is empty
    allowed_platforms is empty
    description = Tests for the -o option using the 'inline:' argument
    has_cleanup = false
    required_configs is empty
    required_disk_space = 0
    required_files is empty
    required_memory = 0
    required_programs is empty
    required_user is empty
    timeout = 300

Standard output:
Running [atf-check -o inline:] against [true]
Running [atf-check -o inline:foo bar\n] against [echo foo bar]
Running [atf-check -o inline:foo bar] against [printf 'foo bar']
Running [atf-check -o inline:\t\n\t\n] against [printf '\t\n\t\n']
Running [atf-check -o inline:\a\b\e\f\n\r\t\v] against [printf '\a\b\033\f\n\r\t\v']
Running [atf-check -o inline:\011\022\033\012] against [printf '\011\022\033\012']
Running [atf-check -o inline:foo bar] against [echo foo bar]
Executing command [ ./script.sh ]
Running [atf-check -o inline:foo bar\n] against [echo -n foo bar]
Executing command [ ./script.sh ]
===> local/atf/atf-sh/atf-check_test:oflag_match
Result: passed
Duration: 0.219s

Metadata:
    allowed_architectures is empty
    allowed_platforms is empty
    description = Tests for the -o option using the 'match:' argument
    has_cleanup = false
    required_configs is empty
    required_disk_space = 0
    required_files is empty
    required_memory = 0
    required_programs is empty
    required_user is empty
    timeout = 300

Standard output:
Running [atf-check -o match:^no-newline] against [printf no-newline]
Running [atf-check -o match:^foo] against [echo line1; echo foo bar]
Running [atf-check -o match:o b] against [echo foo bar]
Running [atf-check -o match:baz] against [echo foo bar]
Executing command [ ./script.sh ]
Running [atf-check -o match:^bar] against [echo foo bar]
Executing command [ ./script.sh ]
===> local/atf/atf-sh/atf-check_test:oflag_multiple
Result: passed
Duration: 0.185s

Metadata:
    allowed_architectures is empty
    allowed_platforms is empty
    description = Tests for multiple occurrences of the -o option
    has_cleanup = false
    required_configs is empty
    required_disk_space = 0
    required_files is empty
    required_memory = 0
    required_programs is empty
    required_user is empty
    timeout = 300

Standard output:
Running [atf-check -o match:foo -o match:bar] against [echo foo bar]
Running [atf-check -o match:foo -o match:bar] against [echo foo; echo bar]
Running [atf-check -o match:bar -o match:foo] against [echo foo baz]
Executing command [ ./script.sh ]
Running [atf-check -o match:bar -o match:foo] against [echo foo; echo baz]
Executing command [ ./script.sh ]
===> local/atf/atf-sh/atf-check_test:oflag_negated
Result: passed
Duration: 0.204s

Metadata:
    allowed_architectures is empty
    allowed_platforms is empty
    description = Tests for negated occurrences of the -o option
    has_cleanup = false
    required_configs is empty
    required_disk_space = 0
    required_files is empty
    required_memory = 0
    required_programs is empty
    required_user is empty
    timeout = 300

Standard output:
Running [atf-check -o empty] against [echo foo]
Executing command [ ./script.sh ]
Running [atf-check -o not-empty] against [echo foo]
Running [atf-check -o match:foo] against [echo foo bar]
Running [atf-check -o not-match:foo] against [echo foo bar]
Executing command [ ./script.sh ]
===> local/atf/atf-sh/atf-check_test:oflag_save
Result: passed
Duration: 0.112s

Metadata:
    allowed_architectures is empty
    allowed_platforms is empty
    description = Tests for the -o option using the 'save:' argument
    has_cleanup = false
    required_configs is empty
    required_disk_space = 0
    required_files is empty
    required_memory = 0
    required_programs is empty
    required_user is empty
    timeout = 300

Standard output:
Running [atf-check -o save:out] against [echo foo]
===> local/atf/atf-sh/atf-check_test:sflag_eq_ne
Result: passed
Duration: 0.186s

Metadata:
    allowed_architectures is empty
    allowed_platforms is empty
    description = Tests for the -s option using the 'eq' and 'ne' qualifiers
    has_cleanup = false
    required_configs is empty
    required_disk_space = 0
    required_files is empty
    required_memory = 0
    required_programs is empty
    required_user is empty
    timeout = 300

Standard output:
Running [atf-check -s eq:0] against [true]
Running [atf-check -s ne:0] against [false]
Running [atf-check -s eq:255] against [exit 255]
Running [atf-check -s ne:255] against [exit 0]
Running [atf-check -s eq:256] against [exit 256]
Running [atf-check -s eq:-1] against [exit -1]
Running [atf-check -s ne:256] against [true]
Running [atf-check -s ne:-1] against [true]
===> local/atf/atf-sh/atf-check_test:sflag_exit
Result: passed
Duration: 0.257s

Metadata:
    allowed_architectures is empty
    allowed_platforms is empty
    description = Tests for the -s option using the 'exit' qualifier
    has_cleanup = false
    required_configs is empty
    required_disk_space = 0
    required_files is empty
    required_memory = 0
    required_programs is empty
    required_user is empty
    timeout = 300

Standard output:
Running [atf-check -s exit:0] against [true]
Running [atf-check -s not-exit:0] against [false]
Running [atf-check -s exit:255] against [exit 255]
Running [atf-check -s not-exit:255] against [exit 0]
Running [atf-check -s exit:256] against [exit 256]
Running [atf-check -s exit:-1] against [exit -1]
Running [atf-check -s not-exit:256] against [true]
Running [atf-check -s not-exit:-1] against [true]
Running [atf-check -s exit] against [true]
Running [atf-check -s exit] against [false]
Executing command [ /bin/sh -c kill $$ ]

Standard error:
Fail: program did not exit cleanly
stdout:

stderr:

===> local/atf/atf-sh/atf-check_test:sflag_ignore
Result: passed
Duration: 0.112s

Metadata:
    allowed_architectures is empty
    allowed_platforms is empty
    description = Tests for the -s option using the 'ignore' qualifier
    has_cleanup = false
    required_configs is empty
    required_disk_space = 0
    required_files is empty
    required_memory = 0
    required_programs is empty
    required_user is empty
    timeout = 300

Standard output:
Running [atf-check -s ignore] against [true]
Running [atf-check -s ignore] against [false]

Standard error:
atf-check: ERROR: Invalid status checker
atf-check: See atf-check(1) for usage details.
===> local/atf/atf-sh/atf-check_test:sflag_signal
Result: passed
Duration: 0.238s

Metadata:
    allowed_architectures is empty
    allowed_platforms is empty
    description = Tests for the -s option using the 'signal' qualifier
    has_cleanup = false
    required_configs is empty
    required_disk_space = 0
    required_files is empty
    required_memory = 0
    required_programs is empty
    required_user is empty
    timeout = 300

Standard output:
Executing command [ /bin/sh -c kill -1 $$ ]
Executing command [ /bin/sh -c kill -1 $$ ]
Executing command [ /bin/sh -c kill -1 $$ ]
Executing command [ /bin/sh -c kill -1 $$ ]
Executing command [ /bin/sh -c kill -9 $$ ]
Executing command [ /bin/sh -c kill -1 $$ ]
Running [atf-check -s signal] against [true]
Executing command [ ./script.sh ]
Running [atf-check -s signal] against [false]
Executing command [ ./script.sh ]

Standard error:
Fail: incorrect signal received: 9, expected: anything else
stdout:

stderr:

===> local/atf/atf-sh/atf-check_test:stdin
Result: passed
Duration: 0.118s

Metadata:
    allowed_architectures is empty
    allowed_platforms is empty
    description = Tests that stdin is preserved
    has_cleanup = false
    required_configs is empty
    required_disk_space = 0
    required_files is empty
    required_memory = 0
    required_programs is empty
    required_user is empty
    timeout = 300

Standard output:
Executing command [ cat ]
===> local/atf/atf-sh/atf-check_test:xflag
Result: passed
Duration: 0.230s

Metadata:
    allowed_architectures is empty
    allowed_platforms is empty
    description = Tests for the -x option
    has_cleanup = false
    required_configs is empty
    required_disk_space = 0
    required_files is empty
    required_memory = 0
    required_programs is empty
    required_user is empty
    timeout = 300

Standard output:
Executing command [ echo foo 2>&1 ]
Executing command [ /bin/sh -c echo foo 1>&2 ]
Executing command [ /bin/sh -c echo foo ]
===> local/atf/atf-sh/atf_check_test:equal
Result: passed
Duration: 0.531s

Metadata:
    allowed_architectures is empty
    allowed_platforms is empty
    description = Verifies that atf_check_equal works
    has_cleanup = false
    required_configs is empty
    required_disk_space = 0
    required_files is empty
    required_memory = 0
    required_programs is empty
    required_user is empty
    timeout = 300

Standard output:
Executing command [ /bin/sh -c /usr/tests/local/atf/atf-sh/misc_helpers -s /usr/tests/local/atf/atf-sh atf_check_equal_ok ]
Executing command [ /bin/sh -c /usr/tests/local/atf/atf-sh/misc_helpers -s /usr/tests/local/atf/atf-sh -r resfile atf_check_equal_fail ]
Executing command [ grep ^failed: a != b (a != b)$ resfile ]
Executing command [ /bin/sh -c /usr/tests/local/atf/atf-sh/misc_helpers -s /usr/tests/local/atf/atf-sh atf_check_equal_eval_ok ]
Executing command [ /bin/sh -c /usr/tests/local/atf/atf-sh/misc_helpers -s /usr/tests/local/atf/atf-sh -r resfile atf_check_equal_eval_fail ]
Executing command [ grep ^failed: \${x} != \${y} (a != b)$ resfile ]
===> local/atf/atf-sh/atf_check_test:experr_mismatch
Result: passed
Duration: 0.516s

Metadata:
    allowed_architectures is empty
    allowed_platforms is empty
    description = Verifies that atf_check prints a diff of the stderr and the expected stderr if the two do not match
    has_cleanup = false
    required_configs is empty
    required_disk_space = 0
    required_files is empty
    required_memory = 0
    required_programs is empty
    required_user is empty
    timeout = 300

Standard output:
Executing command [ /bin/sh -c /usr/tests/local/atf/atf-sh/misc_helpers -s /usr/tests/local/atf/atf-sh atf_check_experr_mismatch ]
===> local/atf/atf-sh/atf_check_test:expout_mismatch
Result: passed
Duration: 0.236s

Metadata:
    allowed_architectures is empty
    allowed_platforms is empty
    description = Verifies that atf_check prints a diff of the stdout and the expected stdout if the two do not match
    has_cleanup = false
    required_configs is empty
    required_disk_space = 0
    required_files is empty
    required_memory = 0
    required_programs is empty
    required_user is empty
    timeout = 300

Standard output:
Executing command [ /bin/sh -c /usr/tests/local/atf/atf-sh/misc_helpers -s /usr/tests/local/atf/atf-sh atf_check_expout_mismatch ]
===> local/atf/atf-sh/atf_check_test:flush_stdout_on_timeout
Result: passed
Duration: 1.597s

Metadata:
    allowed_architectures is empty
    allowed_platforms is empty
    description is empty
    has_cleanup = false
    required_configs is empty
    required_disk_space = 0
    required_files is empty
    required_memory = 0
    required_programs is empty
    required_user is empty
    timeout = 300

Standard output:
Executing command [ true ]
Executing command [ sleep 42 ]
===> local/atf/atf-sh/atf_check_test:info_ok
Result: passed
Duration: 0.419s

Metadata:
    allowed_architectures is empty
    allowed_platforms is empty
    description = Verifies that atf_check prints an informative message even when the command is successful
    has_cleanup = false
    required_configs is empty
    required_disk_space = 0
    required_files is empty
    required_memory = 0
    required_programs is empty
    required_user is empty
    timeout = 300

Standard output:
Executing command [ /bin/sh -c /usr/tests/local/atf/atf-sh/misc_helpers -s /usr/tests/local/atf/atf-sh atf_check_info_ok ]
Executing command [ /bin/sh -c /usr/tests/local/atf/atf-sh/misc_helpers -s /usr/tests/local/atf/atf-sh atf_check_info_fail ]
===> local/atf/atf-sh/atf_check_test:null_stderr
Result: passed
Duration: 0.138s

Metadata:
    allowed_architectures is empty
    allowed_platforms is empty
    description = Verifies that atf_check prints a the stderr it got when it was supposed to be null
    has_cleanup = false
    required_configs is empty
    required_disk_space = 0
    required_files is empty
    required_memory = 0
    required_programs is empty
    required_user is empty
    timeout = 300

Standard output:
Executing command [ /bin/sh -c /usr/tests/local/atf/atf-sh/misc_helpers -s /usr/tests/local/atf/atf-sh atf_check_null_stderr ]
===> local/atf/atf-sh/atf_check_test:null_stdout
Result: passed
Duration: 0.141s

Metadata:
    allowed_architectures is empty
    allowed_platforms is empty
    description = Verifies that atf_check prints a the stdout it got when it was supposed to be null
    has_cleanup = false
    required_configs is empty
    required_disk_space = 0
    required_files is empty
    required_memory = 0
    required_programs is empty
    required_user is empty
    timeout = 300

Standard output:
Executing command [ /bin/sh -c /usr/tests/local/atf/atf-sh/misc_helpers -s /usr/tests/local/atf/atf-sh atf_check_null_stdout ]
===> local/atf/atf-sh/config_test:get
Result: passed
Duration: 0.202s

Metadata:
    allowed_architectures is empty
    allowed_platforms is empty
    description = Verifies that atf_config_get works
    has_cleanup = false
    required_configs is empty
    required_disk_space = 0
    required_files is empty
    required_memory = 0
    required_programs is empty
    required_user is empty
    timeout = 300

Standard output:
Querying an undefined variable
config_test: ERROR: Could not find configuration variable `undefined'
Querying an undefined variable using a default value
Executing command [ /bin/sh -c TEST_VARIABLE=foo /usr/tests/local/atf/atf-sh/misc_helpers -s /usr/tests/local/atf/atf-sh -v foo=bar config_get ]
Executing command [ /bin/sh -c TEST_VARIABLE=foo /usr/tests/local/atf/atf-sh/misc_helpers -s /usr/tests/local/atf/atf-sh -v foo=baz config_get ]
===> local/atf/atf-sh/config_test:has
Result: passed
Duration: 0.255s

Metadata:
    allowed_architectures is empty
    allowed_platforms is empty
    description = Verifies that atf_config_has works
    has_cleanup = false
    required_configs is empty
    required_disk_space = 0
    required_files is empty
    required_memory = 0
    required_programs is empty
    required_user is empty
    timeout = 300

Standard output:
Executing command [ /bin/sh -c TEST_VARIABLE=foo /usr/tests/local/atf/atf-sh/misc_helpers -s /usr/tests/local/atf/atf-sh config_has ]
Executing command [ /bin/sh -c TEST_VARIABLE=foo /usr/tests/local/atf/atf-sh/misc_helpers -s /usr/tests/local/atf/atf-sh -v foo=bar config_has ]
Checking for deprecated variables
Executing command [ /bin/sh -c TEST_VARIABLE=workdir /usr/tests/local/atf/atf-sh/misc_helpers -s /usr/tests/local/atf/atf-sh config_has ]
===> local/atf/atf-sh/integration_test:arguments
Result: passed
Duration: 0.185s

Metadata:
    allowed_architectures is empty
    allowed_platforms is empty
    description is empty
    has_cleanup = false
    required_configs is empty
    required_disk_space = 0
    required_files is empty
    required_memory = 0
    required_programs is empty
    required_user is empty
    timeout = 300

Standard output:
Executing command [ ./tp  a b  foo ]
Executing command [ /usr/local/bin/atf-sh tp  hello bye  foo bar ]
===> local/atf/atf-sh/integration_test:custom_shell__command_line
Result: passed
Duration: 0.152s

Metadata:
    allowed_architectures is empty
    allowed_platforms is empty
    description is empty
    has_cleanup = false
    required_configs is empty
    required_disk_space = 0
    required_files is empty
    required_memory = 0
    required_programs is empty
    required_user is empty
    timeout = 300

Standard output:
Executing command [ /usr/local/bin/atf-sh -s ./custom-shell tp ]
===> local/atf/atf-sh/integration_test:custom_shell__shebang
Result: passed
Duration: 0.104s

Metadata:
    allowed_architectures is empty
    allowed_platforms is empty
    description is empty
    has_cleanup = false
    required_configs is empty
    required_disk_space = 0
    required_files is empty
    required_memory = 0
    required_programs is empty
    required_user is empty
    timeout = 300

Standard output:
Executing command [ ./tp ]
===> local/atf/atf-sh/integration_test:missing_script
Result: passed
Duration: 0.260s

Metadata:
    allowed_architectures is empty
    allowed_platforms is empty
    description is empty
    has_cleanup = false
    required_configs is empty
    required_disk_space = 0
    required_files is empty
    required_memory = 0
    required_programs is empty
    required_user is empty
    timeout = 300

Standard output:
Executing command [ /usr/local/bin/atf-sh non-existent ]
===> local/atf/atf-sh/integration_test:no_args
Result: passed
Duration: 0.143s

Metadata:
    allowed_architectures is empty
    allowed_platforms is empty
    description is empty
    has_cleanup = false
    required_configs is empty
    required_disk_space = 0
    required_files is empty
    required_memory = 0
    required_programs is empty
    required_user is empty
    timeout = 300

Standard output:
Executing command [ /usr/local/bin/atf-sh ]
===> local/atf/atf-sh/integration_test:set_e
Result: passed
Duration: 0.176s

Metadata:
    allowed_architectures is empty
    allowed_platforms is empty
    description = Simple test to validate that atf-sh works even when set -e is enabled
    has_cleanup = false
    required_configs is empty
    required_disk_space = 0
    required_files is empty
    required_memory = 0
    required_programs is empty
    required_user is empty
    timeout = 300

Standard output:
Executing command [ /usr/local/bin/atf-sh -s ./custom-shell tp helper ]
===> local/atf/atf-sh/normalize_test:main
Result: passed
Duration: 0.122s

Metadata:
    allowed_architectures is empty
    allowed_platforms is empty
    description = Verifies that variable names with symbols not allowed as part of shell variable names work
    has_cleanup = false
    required_configs is empty
    required_disk_space = 0
    required_files is empty
    required_memory = 0
    required_programs is empty
    required_user is empty
    timeout = 300

Standard output:
Executing command [ /usr/tests/local/atf/atf-sh/misc_helpers -s /usr/tests/local/atf/atf-sh normalize ]
===> local/atf/atf-sh/tc_test:default_status
Result: passed
Duration: 0.619s

Metadata:
    allowed_architectures is empty
    allowed_platforms is empty
    description = Verifies that test cases get the correct default status if they did not provide any
    has_cleanup = false
    required_configs is empty
    required_disk_space = 0
    required_files is empty
    required_memory = 0
    required_programs is empty
    required_user is empty
    timeout = 300

Standard output:
Executing command [ /usr/tests/local/atf/atf-sh/misc_helpers -s /usr/tests/local/atf/atf-sh tc_pass_true ]
Executing command [ /usr/tests/local/atf/atf-sh/misc_helpers -s /usr/tests/local/atf/atf-sh tc_pass_false ]
Executing command [ /usr/tests/local/atf/atf-sh/misc_helpers -s /usr/tests/local/atf/atf-sh tc_pass_return_error ]
Executing command [ /usr/tests/local/atf/atf-sh/misc_helpers -s /usr/tests/local/atf/atf-sh tc_fail ]
===> local/atf/atf-sh/tc_test:missing_body
Result: passed
Duration: 0.097s

Metadata:
    allowed_architectures is empty
    allowed_platforms is empty
    description = Verifies that test cases without a body are reported as failed
    has_cleanup = false
    required_configs is empty
    required_disk_space = 0
    required_files is empty
    required_memory = 0
    required_programs is empty
    required_user is empty
    timeout = 300

Standard output:
Executing command [ /usr/tests/local/atf/atf-sh/misc_helpers -s /usr/tests/local/atf/atf-sh tc_missing_body ]
===> local/atf/atf-sh/tp_test:srcdir
Result: passed
Duration: 0.175s

Metadata:
    allowed_architectures is empty
    allowed_platforms is empty
    description = Verifies that the source directory can be queried from the initialization function
    has_cleanup = false
    required_configs is empty
    required_disk_space = 0
    required_files is empty
    required_memory = 0
    required_programs is empty
    required_user is empty
    timeout = 300

Standard output:
Executing command [ cp /usr/tests/local/atf/atf-sh/misc_helpers work ]
Executing command [ ./work/misc_helpers -s /tmp/kyua.atf-tester.chjHxl/work tp_srcdir ]
===> local/atf/test-programs/config_test:vflag
Result: passed
Duration: 0.979s

Metadata:
    allowed_architectures is empty
    allowed_platforms is empty
    description = Tests that the -v flag works correctly to set configuration variables
    has_cleanup = false
    required_configs is empty
    required_disk_space = 0
    required_files is empty
    required_memory = 0
    required_programs is empty
    required_user is empty
    timeout = 300

Standard output:
Executing command [ /usr/tests/local/atf/test-programs/c_helpers -s /usr/tests/local/atf/test-programs -r resfile config_unset ]
Executing command [ grep passed resfile ]
Executing command [ /usr/tests/local/atf/test-programs/c_helpers -s /usr/tests/local/atf/test-programs -r resfile -v test= config_empty ]
Executing command [ grep passed resfile ]
Executing command [ /usr/tests/local/atf/test-programs/c_helpers -s /usr/tests/local/atf/test-programs -r resfile -v test=foo config_value ]
Executing command [ grep passed resfile ]
Executing command [ /bin/sh -c /usr/tests/local/atf/test-programs/c_helpers -s /usr/tests/local/atf/test-programs -r resfile -v 'test=foo bar' config_multi_value ]
Executing command [ grep passed resfile ]
Executing command [ /usr/tests/local/atf/test-programs/cpp_helpers -s /usr/tests/local/atf/test-programs -r resfile config_unset ]
Executing command [ grep passed resfile ]
Executing command [ /usr/tests/local/atf/test-programs/cpp_helpers -s /usr/tests/local/atf/test-programs -r resfile -v test= config_empty ]
Executing command [ grep passed resfile ]
Executing command [ /usr/tests/local/atf/test-programs/cpp_helpers -s /usr/tests/local/atf/test-programs -r resfile -v test=foo config_value ]
Executing command [ grep passed resfile ]
Executing command [ /bin/sh -c /usr/tests/local/atf/test-programs/cpp_helpers -s /usr/tests/local/atf/test-programs -r resfile -v 'test=foo bar' config_multi_value ]
Executing command [ grep passed resfile ]
Executing command [ /usr/tests/local/atf/test-programs/sh_helpers -s /usr/tests/local/atf/test-programs -r resfile config_unset ]
Executing command [ grep passed resfile ]
Executing command [ /usr/tests/local/atf/test-programs/sh_helpers -s /usr/tests/local/atf/test-programs -r resfile -v test= config_empty ]
Executing command [ grep passed resfile ]
Executing command [ /usr/tests/local/atf/test-programs/sh_helpers -s /usr/tests/local/atf/test-programs -r resfile -v test=foo config_value ]
Executing command [ grep passed resfile ]
Executing command [ /bin/sh -c /usr/tests/local/atf/test-programs/sh_helpers -s /usr/tests/local/atf/test-programs -r resfile -v 'test=foo bar' config_multi_value ]
Executing command [ grep passed resfile ]
===> local/atf/test-programs/expect_test:expect_death
Result: passed
Duration: 0.420s

Metadata:
    allowed_architectures is empty
    allowed_platforms is empty
    description is empty
    has_cleanup = false
    required_configs is empty
    required_disk_space = 0
    required_files is empty
    required_memory = 0
    required_programs is empty
    required_user is empty
    timeout = 300

Standard output:
Executing command [ /usr/tests/local/atf/test-programs/c_helpers -r result expect_death_and_exit ]
Executing command [ cat result ]
Executing command [ /usr/tests/local/atf/test-programs/c_helpers -r result expect_death_and_signal ]
Executing command [ cat result ]
Executing command [ /usr/tests/local/atf/test-programs/c_helpers -r result expect_death_but_pass ]
Executing command [ cat result ]
Executing command [ /usr/tests/local/atf/test-programs/cpp_helpers -r result expect_death_and_exit ]
Executing command [ cat result ]
Executing command [ /usr/tests/local/atf/test-programs/cpp_helpers -r result expect_death_and_signal ]
Executing command [ cat result ]
Executing command [ /usr/tests/local/atf/test-programs/cpp_helpers -r result expect_death_but_pass ]
Executing command [ cat result ]
Executing command [ /usr/tests/local/atf/test-programs/sh_helpers -r result expect_death_and_exit ]
Executing command [ cat result ]
Executing command [ /usr/tests/local/atf/test-programs/sh_helpers -r result expect_death_and_signal ]
Executing command [ cat result ]
Executing command [ /usr/tests/local/atf/test-programs/sh_helpers -r result expect_death_but_pass ]
Executing command [ cat result ]
===> local/atf/test-programs/expect_test:expect_exit
Result: passed
Duration: 0.450s

Metadata:
    allowed_architectures is empty
    allowed_platforms is empty
    description is empty
    has_cleanup = false
    required_configs is empty
    required_disk_space = 0
    required_files is empty
    required_memory = 0
    required_programs is empty
    required_user is empty
    timeout = 300

Standard output:
Executing command [ /usr/tests/local/atf/test-programs/c_helpers -r result expect_exit_any_and_exit ]
Executing command [ cat result ]
Executing command [ /usr/tests/local/atf/test-programs/c_helpers -r result expect_exit_code_and_exit ]
Executing command [ cat result ]
Executing command [ /usr/tests/local/atf/test-programs/c_helpers -r result expect_exit_but_pass ]
Executing command [ cat result ]
Executing command [ /usr/tests/local/atf/test-programs/cpp_helpers -r result expect_exit_any_and_exit ]
Executing command [ cat result ]
Executing command [ /usr/tests/local/atf/test-programs/cpp_helpers -r result expect_exit_code_and_exit ]
Executing command [ cat result ]
Executing command [ /usr/tests/local/atf/test-programs/cpp_helpers -r result expect_exit_but_pass ]
Executing command [ cat result ]
Executing command [ /usr/tests/local/atf/test-programs/sh_helpers -r result expect_exit_any_and_exit ]
Executing command [ cat result ]
Executing command [ /usr/tests/local/atf/test-programs/sh_helpers -r result expect_exit_code_and_exit ]
Executing command [ cat result ]
Executing command [ /usr/tests/local/atf/test-programs/sh_helpers -r result expect_exit_but_pass ]
Executing command [ cat result ]
===> local/atf/test-programs/expect_test:expect_fail
Result: passed
Duration: 0.339s

Metadata:
    allowed_architectures is empty
    allowed_platforms is empty
    description is empty
    has_cleanup = false
    required_configs is empty
    required_disk_space = 0
    required_files is empty
    required_memory = 0
    required_programs is empty
    required_user is empty
    timeout = 300

Standard output:
Executing command [ /usr/tests/local/atf/test-programs/c_helpers -r result expect_fail_and_fail_requirement ]
Executing command [ cat result ]
Executing command [ /usr/tests/local/atf/test-programs/c_helpers -r result expect_fail_but_pass ]
Executing command [ cat result ]
Executing command [ /usr/tests/local/atf/test-programs/c_helpers -r result expect_fail_and_fail_check ]
Executing command [ cat result ]
Executing command [ /usr/tests/local/atf/test-programs/cpp_helpers -r result expect_fail_and_fail_requirement ]
Executing command [ cat result ]
Executing command [ /usr/tests/local/atf/test-programs/cpp_helpers -r result expect_fail_but_pass ]
Executing command [ cat result ]
Executing command [ /usr/tests/local/atf/test-programs/cpp_helpers -r result expect_fail_and_fail_check ]
Executing command [ cat result ]
Executing command [ /usr/tests/local/atf/test-programs/sh_helpers -r result expect_fail_and_fail_requirement ]
Executing command [ cat result ]
Executing command [ /usr/tests/local/atf/test-programs/sh_helpers -r result expect_fail_but_pass ]
Executing command [ cat result ]
===> local/atf/test-programs/expect_test:expect_pass
Result: passed
Duration: 0.361s

Metadata:
    allowed_architectures is empty
    allowed_platforms is empty
    description is empty
    has_cleanup = false
    required_configs is empty
    required_disk_space = 0
    required_files is empty
    required_memory = 0
    required_programs is empty
    required_user is empty
    timeout = 300

Standard output:
Executing command [ /usr/tests/local/atf/test-programs/c_helpers -r result expect_pass_and_pass ]
Executing command [ cat result ]
Executing command [ /usr/tests/local/atf/test-programs/c_helpers -r result expect_pass_but_fail_requirement ]
Executing command [ cat result ]
Executing command [ /usr/tests/local/atf/test-programs/c_helpers -r result expect_pass_but_fail_check ]
Executing command [ cat result ]
Executing command [ /usr/tests/local/atf/test-programs/cpp_helpers -r result expect_pass_and_pass ]
Executing command [ cat result ]
Executing command [ /usr/tests/local/atf/test-programs/cpp_helpers -r result expect_pass_but_fail_requirement ]
Executing command [ cat result ]
Executing command [ /usr/tests/local/atf/test-programs/cpp_helpers -r result expect_pass_but_fail_check ]
Executing command [ cat result ]
Executing command [ /usr/tests/local/atf/test-programs/sh_helpers -r result expect_pass_and_pass ]
Executing command [ cat result ]
Executing command [ /usr/tests/local/atf/test-programs/sh_helpers -r result expect_pass_but_fail_requirement ]
Executing command [ cat result ]
===> local/atf/test-programs/expect_test:expect_signal
Result: passed
Duration: 1.835s

Metadata:
    allowed_architectures is empty
    allowed_platforms is empty
    description is empty
    has_cleanup = false
    required_configs is empty
    required_disk_space = 0
    required_files is empty
    required_memory = 0
    required_programs is empty
    required_user is empty
    timeout = 300

Standard output:
Executing command [ /usr/tests/local/atf/test-programs/c_helpers -r result expect_signal_any_and_signal ]
Executing command [ cat result ]
Executing command [ /usr/tests/local/atf/test-programs/c_helpers -r result expect_signal_no_and_signal ]
Executing command [ cat result ]
Executing command [ /usr/tests/local/atf/test-programs/c_helpers -r result expect_signal_but_pass ]
Executing command [ cat result ]
Executing command [ /usr/tests/local/atf/test-programs/cpp_helpers -r result expect_signal_any_and_signal ]
Executing command [ cat result ]
Executing command [ /usr/tests/local/atf/test-programs/cpp_helpers -r result expect_signal_no_and_signal ]
Executing command [ cat result ]
Executing command [ /usr/tests/local/atf/test-programs/cpp_helpers -r result expect_signal_but_pass ]
Executing command [ cat result ]
Executing command [ /usr/tests/local/atf/test-programs/sh_helpers -r result expect_signal_any_and_signal ]
Executing command [ cat result ]
Executing command [ /usr/tests/local/atf/test-programs/sh_helpers -r result expect_signal_no_and_signal ]
Executing command [ cat result ]
Executing command [ /usr/tests/local/atf/test-programs/sh_helpers -r result expect_signal_but_pass ]
Executing command [ cat result ]
===> local/atf/test-programs/expect_test:expect_timeout
Result: passed
Duration: 0.389s

Metadata:
    allowed_architectures is empty
    allowed_platforms is empty
    description is empty
    has_cleanup = false
    required_configs is empty
    required_disk_space = 0
    required_files is empty
    required_memory = 0
    required_programs is empty
    required_user is empty
    timeout = 300

Standard output:
Executing command [ /usr/tests/local/atf/test-programs/c_helpers -r result expect_timeout_but_pass ]
Executing command [ cat result ]
Executing command [ /usr/tests/local/atf/test-programs/cpp_helpers -r result expect_timeout_but_pass ]
Executing command [ cat result ]
Executing command [ /usr/tests/local/atf/test-programs/sh_helpers -r result expect_timeout_but_pass ]
Executing command [ cat result ]
===> local/atf/test-programs/meta_data_test:no_descr
Result: passed
Duration: 1.064s

Metadata:
    allowed_architectures is empty
    allowed_platforms is empty
    description = Tests that the description may not be present
    has_cleanup = false
    required_configs is empty
    required_disk_space = 0
    required_files is empty
    required_memory = 0
    required_programs is empty
    required_user is empty
    timeout = 300

Standard output:
Executing command [ /usr/tests/local/atf/test-programs/c_helpers -s /usr/tests/local/atf/test-programs -l ]
Executing command [ /usr/tests/local/atf/test-programs/c_helpers -s /usr/tests/local/atf/test-programs metadata_no_descr ]
Executing command [ /usr/tests/local/atf/test-programs/cpp_helpers -s /usr/tests/local/atf/test-programs -l ]
Executing command [ /usr/tests/local/atf/test-programs/cpp_helpers -s /usr/tests/local/atf/test-programs metadata_no_descr ]
Executing command [ /usr/tests/local/atf/test-programs/sh_helpers -s /usr/tests/local/atf/test-programs -l ]
Executing command [ /usr/tests/local/atf/test-programs/sh_helpers -s /usr/tests/local/atf/test-programs metadata_no_descr ]
===> local/atf/test-programs/meta_data_test:no_head
Result: passed
Duration: 0.644s

Metadata:
    allowed_architectures is empty
    allowed_platforms is empty
    description = Tests that the head may not be present
    has_cleanup = false
    required_configs is empty
    required_disk_space = 0
    required_files is empty
    required_memory = 0
    required_programs is empty
    required_user is empty
    timeout = 300

Standard output:
Executing command [ /usr/tests/local/atf/test-programs/c_helpers -s /usr/tests/local/atf/test-programs -l ]
Executing command [ /usr/tests/local/atf/test-programs/c_helpers -s /usr/tests/local/atf/test-programs metadata_no_head ]
Executing command [ /usr/tests/local/atf/test-programs/cpp_helpers -s /usr/tests/local/atf/test-programs -l ]
Executing command [ /usr/tests/local/atf/test-programs/cpp_helpers -s /usr/tests/local/atf/test-programs metadata_no_head ]
Executing command [ /usr/tests/local/atf/test-programs/sh_helpers -s /usr/tests/local/atf/test-programs -l ]
Executing command [ /usr/tests/local/atf/test-programs/sh_helpers -s /usr/tests/local/atf/test-programs metadata_no_head ]
===> local/atf/test-programs/result_test:result_exception
Result: passed
Duration: 1.271s

Metadata:
    allowed_architectures is empty
    allowed_platforms is empty
    description = Tests that an unhandled exception is correctly captured
    has_cleanup = false
    required_configs is empty
    required_disk_space = 0
    required_files is empty
    required_memory = 0
    required_programs is empty
    required_user is empty
    timeout = 300

Standard output:
Executing command [ /usr/tests/local/atf/test-programs/cpp_helpers -s  result_exception ]
===> local/atf/test-programs/result_test:result_on_stdout
Result: passed
Duration: 0.351s

Metadata:
    allowed_architectures is empty
    allowed_platforms is empty
    description = Tests that the test case result is printed on stdout by default
    has_cleanup = false
    required_configs is empty
    required_disk_space = 0
    required_files is empty
    required_memory = 0
    required_programs is empty
    required_user is empty
    timeout = 300

Standard output:
Executing command [ /usr/tests/local/atf/test-programs/c_helpers -s /usr/tests/local/atf/test-programs result_pass ]
Executing command [ /usr/tests/local/atf/test-programs/c_helpers -s /usr/tests/local/atf/test-programs result_fail ]
Executing command [ /usr/tests/local/atf/test-programs/c_helpers -s /usr/tests/local/atf/test-programs result_skip ]
Executing command [ /usr/tests/local/atf/test-programs/cpp_helpers -s /usr/tests/local/atf/test-programs result_pass ]
Executing command [ /usr/tests/local/atf/test-programs/cpp_helpers -s /usr/tests/local/atf/test-programs result_fail ]
Executing command [ /usr/tests/local/atf/test-programs/cpp_helpers -s /usr/tests/local/atf/test-programs result_skip ]
Executing command [ /usr/tests/local/atf/test-programs/sh_helpers -s /usr/tests/local/atf/test-programs result_pass ]
Executing command [ /usr/tests/local/atf/test-programs/sh_helpers -s /usr/tests/local/atf/test-programs result_fail ]
Executing command [ /usr/tests/local/atf/test-programs/sh_helpers -s /usr/tests/local/atf/test-programs result_skip ]
===> local/atf/test-programs/result_test:result_to_file
Result: passed
Duration: 1.446s

Metadata:
    allowed_architectures is empty
    allowed_platforms is empty
    description = Tests that the test case result is sent to a file if -r is used
    has_cleanup = false
    required_configs is empty
    required_disk_space = 0
    required_files is empty
    required_memory = 0
    required_programs is empty
    required_user is empty
    timeout = 300

Standard output:
Executing command [ /usr/tests/local/atf/test-programs/c_helpers -s /usr/tests/local/atf/test-programs -r resfile result_pass ]
Executing command [ cat resfile ]
Executing command [ /usr/tests/local/atf/test-programs/c_helpers -s /usr/tests/local/atf/test-programs -r resfile result_fail ]
Executing command [ cat resfile ]
Executing command [ /usr/tests/local/atf/test-programs/c_helpers -s /usr/tests/local/atf/test-programs -r resfile result_skip ]
Executing command [ cat resfile ]
Executing command [ /usr/tests/local/atf/test-programs/cpp_helpers -s /usr/tests/local/atf/test-programs -r resfile result_pass ]
Executing command [ cat resfile ]
Executing command [ /usr/tests/local/atf/test-programs/cpp_helpers -s /usr/tests/local/atf/test-programs -r resfile result_fail ]
Executing command [ cat resfile ]
Executing command [ /usr/tests/local/atf/test-programs/cpp_helpers -s /usr/tests/local/atf/test-programs -r resfile result_skip ]
Executing command [ cat resfile ]
Executing command [ /usr/tests/local/atf/test-programs/sh_helpers -s /usr/tests/local/atf/test-programs -r resfile result_pass ]
Executing command [ cat resfile ]
Executing command [ /usr/tests/local/atf/test-programs/sh_helpers -s /usr/tests/local/atf/test-programs -r resfile result_fail ]
Executing command [ cat resfile ]
Executing command [ /usr/tests/local/atf/test-programs/sh_helpers -s /usr/tests/local/atf/test-programs -r resfile result_skip ]
Executing command [ cat resfile ]
===> local/atf/test-programs/result_test:result_to_file_fail
Result: passed
Duration: 3.397s

Metadata:
    allowed_architectures is empty
    allowed_platforms is empty
    description = Tests controlled failure if the test program fails to create the results file
    has_cleanup = false
    required_configs is empty
    required_disk_space = 0
    required_files is empty
    required_memory = 0
    required_programs is empty
    required_user = unprivileged
    timeout = 300

Standard output:
Executing command [ /usr/tests/local/atf/test-programs/c_helpers -s /usr/tests/local/atf/test-programs -r dir/resfile result_pass ]
Executing command [ /usr/tests/local/atf/test-programs/cpp_helpers -s /usr/tests/local/atf/test-programs -r dir/resfile result_pass ]
Executing command [ /usr/tests/local/atf/test-programs/sh_helpers -s /usr/tests/local/atf/test-programs -r dir/resfile result_pass ]
===> local/atf/test-programs/result_test:runtime_warnings
Result: passed
Duration: 0.214s

Metadata:
    allowed_architectures is empty
    allowed_platforms is empty
    description = Tests that the test case prints a warning because it is being run outside of a runtime engine
    has_cleanup = false
    required_configs is empty
    required_disk_space = 0
    required_files is empty
    required_memory = 0
    required_programs is empty
    required_user is empty
    timeout = 300

Standard output:
Executing command [ /usr/tests/local/atf/test-programs/c_helpers -s /usr/tests/local/atf/test-programs result_pass ]
Executing command [ /usr/tests/local/atf/test-programs/cpp_helpers -s /usr/tests/local/atf/test-programs result_pass ]
Executing command [ /usr/tests/local/atf/test-programs/sh_helpers -s /usr/tests/local/atf/test-programs result_pass ]
===> local/atf/test-programs/srcdir_test:default
Result: passed
Duration: 0.527s

Metadata:
    allowed_architectures is empty
    allowed_platforms is empty
    description = Checks that the program can find its files if executed from the same directory
    has_cleanup = false
    required_configs is empty
    required_disk_space = 0
    required_files is empty
    required_memory = 0
    required_programs is empty
    required_user is empty
    timeout = 300

Standard output:
Executing command [ /bin/sh -c cd tmp && ./c_helpers srcdir_exists ]
Executing command [ /usr/tests/local/atf/test-programs/c_helpers -r res srcdir_exists ]
Executing command [ grep Cannot find datafile res ]
Executing command [ /bin/sh -c cd tmp && ./cpp_helpers srcdir_exists ]
Executing command [ /usr/tests/local/atf/test-programs/cpp_helpers -r res srcdir_exists ]
Executing command [ grep Cannot find datafile res ]
Executing command [ /bin/sh -c cd tmp && ./sh_helpers srcdir_exists ]
Executing command [ /usr/tests/local/atf/test-programs/sh_helpers -r res srcdir_exists ]
Executing command [ grep Cannot find datafile res ]
===> local/atf/test-programs/srcdir_test:libtool
Result: passed
Duration: 0.693s

Metadata:
    allowed_architectures is empty
    allowed_platforms is empty
    description = Checks that the program can find its files if executed from the source directory and if it was built with libtool
    has_cleanup = false
    required_configs is empty
    required_disk_space = 0
    required_files is empty
    required_memory = 0
    required_programs is empty
    required_user is empty
    timeout = 300

Standard output:
Executing command [ /bin/sh -c cd tmp && ./.libs/c_helpers srcdir_exists ]
Executing command [ /usr/tests/local/atf/test-programs/c_helpers -r res srcdir_exists ]
Executing command [ grep Cannot find datafile res ]
Executing command [ /bin/sh -c cd tmp && ./.libs/cpp_helpers srcdir_exists ]
Executing command [ /usr/tests/local/atf/test-programs/cpp_helpers -r res srcdir_exists ]
Executing command [ grep Cannot find datafile res ]
Executing command [ /bin/sh -c cd tmp && ./.libs/lt-c_helpers srcdir_exists ]
Executing command [ /usr/tests/local/atf/test-programs/c_helpers -r res srcdir_exists ]
Executing command [ grep Cannot find datafile res ]
Executing command [ /bin/sh -c cd tmp && ./.libs/lt-cpp_helpers srcdir_exists ]
Executing command [ /usr/tests/local/atf/test-programs/cpp_helpers -r res srcdir_exists ]
Executing command [ grep Cannot find datafile res ]
===> local/atf/test-programs/srcdir_test:relative
Result: passed
Duration: 1.835s

Metadata:
    allowed_architectures is empty
    allowed_platforms is empty
    description = Checks that passing a relative path through -s works
    has_cleanup = false
    required_configs is empty
    required_disk_space = 0
    required_files is empty
    required_memory = 0
    required_programs is empty
    required_user is empty
    timeout = 300

Standard output:
Helper is: c_helpers
Using source directory: tmp
Executing command [ ./tmp/c_helpers -s tmp srcdir_exists ]
Executing command [ /usr/tests/local/atf/test-programs/c_helpers -r res srcdir_exists ]
Executing command [ grep Cannot find datafile res ]
Executing command [ /usr/tests/local/atf/test-programs/c_helpers -s tmp srcdir_exists ]
Helper is: c_helpers
Using source directory: tmp/.
Executing command [ ./tmp/c_helpers -s tmp/. srcdir_exists ]
Executing command [ /usr/tests/local/atf/test-programs/c_helpers -r res srcdir_exists ]
Executing command [ grep Cannot find datafile res ]
Executing command [ /usr/tests/local/atf/test-programs/c_helpers -s tmp/. srcdir_exists ]
Helper is: c_helpers
Using source directory: ./tmp
Executing command [ ./tmp/c_helpers -s ./tmp srcdir_exists ]
Executing command [ /usr/tests/local/atf/test-programs/c_helpers -r res srcdir_exists ]
Executing command [ grep Cannot find datafile res ]
Executing command [ /usr/tests/local/atf/test-programs/c_helpers -s ./tmp srcdir_exists ]
Helper is: cpp_helpers
Using source directory: tmp
Executing command [ ./tmp/cpp_helpers -s tmp srcdir_exists ]
Executing command [ /usr/tests/local/atf/test-programs/cpp_helpers -r res srcdir_exists ]
Executing command [ grep Cannot find datafile res ]
Executing command [ /usr/tests/local/atf/test-programs/cpp_helpers -s tmp srcdir_exists ]
Helper is: cpp_helpers
Using source directory: tmp/.
Executing command [ ./tmp/cpp_helpers -s tmp/. srcdir_exists ]
Executing command [ /usr/tests/local/atf/test-programs/cpp_helpers -r res srcdir_exists ]
Executing command [ grep Cannot find datafile res ]
Executing command [ /usr/tests/local/atf/test-programs/cpp_helpers -s tmp/. srcdir_exists ]
Helper is: cpp_helpers
Using source directory: ./tmp
Executing command [ ./tmp/cpp_helpers -s ./tmp srcdir_exists ]
Executing command [ /usr/tests/local/atf/test-programs/cpp_helpers -r res srcdir_exists ]
Executing command [ grep Cannot find datafile res ]
Executing command [ /usr/tests/local/atf/test-programs/cpp_helpers -s ./tmp srcdir_exists ]
Helper is: sh_helpers
Using source directory: tmp
Executing command [ ./tmp/sh_helpers -s tmp srcdir_exists ]
Executing command [ /usr/tests/local/atf/test-programs/sh_helpers -r res srcdir_exists ]
Executing command [ grep Cannot find datafile res ]
Executing command [ /usr/tests/local/atf/test-programs/sh_helpers -s tmp srcdir_exists ]
Helper is: sh_helpers
Using source directory: tmp/.
Executing command [ ./tmp/sh_helpers -s tmp/. srcdir_exists ]
Executing command [ /usr/tests/local/atf/test-programs/sh_helpers -r res srcdir_exists ]
Executing command [ grep Cannot find datafile res ]
Executing command [ /usr/tests/local/atf/test-programs/sh_helpers -s tmp/. srcdir_exists ]
Helper is: sh_helpers
Using source directory: ./tmp
Executing command [ ./tmp/sh_helpers -s ./tmp srcdir_exists ]
Executing command [ /usr/tests/local/atf/test-programs/sh_helpers -r res srcdir_exists ]
Executing command [ grep Cannot find datafile res ]
Executing command [ /usr/tests/local/atf/test-programs/sh_helpers -s ./tmp srcdir_exists ]
===> local/atf/test-programs/srcdir_test:sflag
Result: passed
Duration: 0.585s

Metadata:
    allowed_architectures is empty
    allowed_platforms is empty
    description = Checks that the program can find its files when using the -s flag
    has_cleanup = false
    required_configs is empty
    required_disk_space = 0
    required_files is empty
    required_memory = 0
    required_programs is empty
    required_user is empty
    timeout = 300

Standard output:
Executing command [ /bin/sh -c cd tmp && ./c_helpers -s /tmp/kyua.atf-tester.8LU8xZ/tmp                    srcdir_exists ]
Executing command [ /usr/tests/local/atf/test-programs/c_helpers -r res srcdir_exists ]
Executing command [ grep Cannot find datafile res ]
Executing command [ /usr/tests/local/atf/test-programs/c_helpers -s /tmp/kyua.atf-tester.8LU8xZ/tmp srcdir_exists ]
Executing command [ /bin/sh -c cd tmp && ./cpp_helpers -s /tmp/kyua.atf-tester.8LU8xZ/tmp                    srcdir_exists ]
Executing command [ /usr/tests/local/atf/test-programs/cpp_helpers -r res srcdir_exists ]
Executing command [ grep Cannot find datafile res ]
Executing command [ /usr/tests/local/atf/test-programs/cpp_helpers -s /tmp/kyua.atf-tester.8LU8xZ/tmp srcdir_exists ]
Executing command [ /bin/sh -c cd tmp && ./sh_helpers -s /tmp/kyua.atf-tester.8LU8xZ/tmp                    srcdir_exists ]
Executing command [ /usr/tests/local/atf/test-programs/sh_helpers -r res srcdir_exists ]
Executing command [ grep Cannot find datafile res ]
Executing command [ /usr/tests/local/atf/test-programs/sh_helpers -s /tmp/kyua.atf-tester.8LU8xZ/tmp srcdir_exists ]
===> local/kyua/bootstrap/testsuite:main
Result: passed
Duration: 8.019s

Metadata:
    allowed_architectures is empty
    allowed_platforms is empty
    description is empty
    has_cleanup = false
    required_configs is empty
    required_disk_space = 0
    required_files is empty
    required_memory = 0
    required_programs is empty
    required_user is empty
    timeout = 300

Standard output:
## ------------------------------------------ ##
## Kyua 0.11 test suite: bootstrapping tests. ##
## ------------------------------------------ ##
  1: test program crashes in test list               ok
  2: test program prints an empty test list          ok
  3: test program with zero test cases               ok
  4: run test case that passes                       ok
  5: run test case that fails                        ok
  6: run test case that skips                        ok
  7: run two test cases, success                     ok
  8: run two test cases, failure                     ok
  9: run mixed test cases                            ok
 10: run tests from build directories                ok

## ------------- ##
## Test results. ##
## ------------- ##

All 10 tests were successful.
===> local/kyua/cli/cmd_about_test:all_topics__missing_docs
Result: passed
Duration: 0.057s

Metadata:
    allowed_architectures is empty
    allowed_platforms is empty
    description is empty
    has_cleanup = false
    required_configs is empty
    required_disk_space = 0
    required_files is empty
    required_memory = 0
    required_programs is empty
    required_user is empty
    timeout = 300

Standard output:
kyua (Kyua) 0.11

License terms:


Brought to you by:


Homepage: https://github.com/jmmv/kyua/
Looking for 'Kyua' in 'kyua (Kyua) 0.11'
Looking for '0.11' in 'kyua (Kyua) 0.11'
Looking for 'Homepage' in 'kyua (Kyua) 0.11'
Looking for 'Homepage' in ''
Looking for 'Homepage' in 'License terms:'
Looking for 'Homepage' in ''
Looking for 'Homepage' in ''
Looking for 'Homepage' in 'Brought to you by:'
Looking for 'Homepage' in ''
Looking for 'Homepage' in ''
Looking for 'Homepage' in 'Homepage: https://github.com/jmmv/kyua/'
Looking for 'Failed to open.*AUTHORS' in 'Failed to open fake-docs/COPYING'
Looking for 'Failed to open.*AUTHORS' in 'Failed to open fake-docs/AUTHORS'
Looking for 'Failed to open.*COPYING' in 'Failed to open fake-docs/COPYING'

Standard error:
20150728-163623 D 55788 utils/env.cpp:152: Setting environment variable 'KYUA_DOCDIR' to 'fake-docs'
20150728-163623 D 55788 utils/env.cpp:114: Environment variable 'KYUA_DOCDIR' is 'fake-docs'
Failed to open fake-docs/COPYING
Failed to open fake-docs/AUTHORS
===> local/kyua/cli/cmd_about_test:all_topics__ok
Result: passed
Duration: 0.051s

Metadata:
    allowed_architectures is empty
    allowed_platforms is empty
    description is empty
    has_cleanup = false
    required_configs is empty
    required_disk_space = 0
    required_files is empty
    required_memory = 0
    required_programs is empty
    required_user is empty
    timeout = 300

Standard output:
kyua (Kyua) 0.11

License terms:

Content of COPYING

Brought to you by:

Content of AUTHORS

Homepage: https://github.com/jmmv/kyua/
Looking for 'Kyua' in 'kyua (Kyua) 0.11'
Looking for '0.11' in 'kyua (Kyua) 0.11'
Looking for 'Content of AUTHORS' in 'kyua (Kyua) 0.11'
Looking for 'Content of AUTHORS' in ''
Looking for 'Content of AUTHORS' in 'License terms:'
Looking for 'Content of AUTHORS' in ''
Looking for 'Content of AUTHORS' in 'Content of COPYING'
Looking for 'Content of AUTHORS' in ''
Looking for 'Content of AUTHORS' in 'Brought to you by:'
Looking for 'Content of AUTHORS' in ''
Looking for 'Content of AUTHORS' in 'Content of AUTHORS'
Looking for 'Content of COPYING' in 'kyua (Kyua) 0.11'
Looking for 'Content of COPYING' in ''
Looking for 'Content of COPYING' in 'License terms:'
Looking for 'Content of COPYING' in ''
Looking for 'Content of COPYING' in 'Content of COPYING'
Looking for 'Homepage' in 'kyua (Kyua) 0.11'
Looking for 'Homepage' in ''
Looking for 'Homepage' in 'License terms:'
Looking for 'Homepage' in ''
Looking for 'Homepage' in 'Content of COPYING'
Looking for 'Homepage' in ''
Looking for 'Homepage' in 'Brought to you by:'
Looking for 'Homepage' in ''
Looking for 'Homepage' in 'Content of AUTHORS'
Looking for 'Homepage' in ''
Looking for 'Homepage' in 'Homepage: https://github.com/jmmv/kyua/'

Standard error:
20150728-163623 D 55790 utils/env.cpp:152: Setting environment variable 'KYUA_DOCDIR' to 'fake-docs'
20150728-163623 D 55790 utils/env.cpp:114: Environment variable 'KYUA_DOCDIR' is 'fake-docs'
===> local/kyua/cli/cmd_about_test:invalid_args
Result: passed
Duration: 0.037s

Metadata:
    allowed_architectures is empty
    allowed_platforms is empty
    description is empty
    has_cleanup = false
    required_configs is empty
    required_disk_space = 0
    required_files is empty
    required_memory = 0
    required_programs is empty
    required_user is empty
    timeout = 300
===> local/kyua/cli/cmd_about_test:invalid_topic
Result: passed
Duration: 0.037s

Metadata:
    allowed_architectures is empty
    allowed_platforms is empty
    description is empty
    has_cleanup = false
    required_configs is empty
    required_disk_space = 0
    required_files is empty
    required_memory = 0
    required_programs is empty
    required_user is empty
    timeout = 300

Standard error:
20150728-163623 D 55794 utils/env.cpp:111: Environment variable 'KYUA_DOCDIR' is not defined; using default '/usr/local/share/doc/kyua'
===> local/kyua/cli/cmd_about_test:topic_authors__missing_doc
Result: passed
Duration: 0.035s

Metadata:
    allowed_architectures is empty
    allowed_platforms is empty
    description is empty
    has_cleanup = false
    required_configs is empty
    required_disk_space = 0
    required_files is empty
    required_memory = 0
    required_programs is empty
    required_user is empty
    timeout = 300

Standard output:
Looking for 'Failed to open.*AUTHORS' in 'Failed to open fake-docs/AUTHORS'
Looking for 'Failed to open.*COPYING' in 'Failed to open fake-docs/AUTHORS'

Standard error:
20150728-163624 D 55796 utils/env.cpp:152: Setting environment variable 'KYUA_DOCDIR' to 'fake-docs'
20150728-163624 D 55796 utils/env.cpp:114: Environment variable 'KYUA_DOCDIR' is 'fake-docs'
Failed to open fake-docs/AUTHORS
===> local/kyua/cli/cmd_about_test:topic_authors__ok
Result: passed
Duration: 0.048s

Metadata:
    allowed_architectures is empty
    allowed_platforms is empty
    description is empty
    has_cleanup = false
    required_configs is empty
    required_disk_space = 0
    required_files is empty
    required_memory = 0
    required_programs is empty
    required_user is empty
    timeout = 300

Standard output:
Content of AUTHORS
Looking for 'Kyua' in 'Content of AUTHORS'
Looking for 'Content of AUTHORS' in 'Content of AUTHORS'
Looking for 'COPYING' in 'Content of AUTHORS'
Looking for 'Homepage' in 'Content of AUTHORS'

Standard error:
20150728-163624 D 55798 utils/env.cpp:152: Setting environment variable 'KYUA_DOCDIR' to 'fake-docs'
20150728-163624 D 55798 utils/env.cpp:114: Environment variable 'KYUA_DOCDIR' is 'fake-docs'
===> local/kyua/cli/cmd_about_test:topic_license__missing_doc
Result: passed
Duration: 0.070s

Metadata:
    allowed_architectures is empty
    allowed_platforms is empty
    description is empty
    has_cleanup = false
    required_configs is empty
    required_disk_space = 0
    required_files is empty
    required_memory = 0
    required_programs is empty
    required_user is empty
    timeout = 300

Standard output:
Looking for 'Failed to open.*AUTHORS' in 'Failed to open fake-docs/COPYING'
Looking for 'Failed to open.*COPYING' in 'Failed to open fake-docs/COPYING'

Standard error:
20150728-163624 D 55800 utils/env.cpp:152: Setting environment variable 'KYUA_DOCDIR' to 'fake-docs'
20150728-163624 D 55800 utils/env.cpp:114: Environment variable 'KYUA_DOCDIR' is 'fake-docs'
Failed to open fake-docs/COPYING
===> local/kyua/cli/cmd_about_test:topic_license__ok
Result: passed
Duration: 0.076s

Metadata:
    allowed_architectures is empty
    allowed_platforms is empty
    description is empty
    has_cleanup = false
    required_configs is empty
    required_disk_space = 0
    required_files is empty
    required_memory = 0
    required_programs is empty
    required_user is empty
    timeout = 300

Standard output:
Content of COPYING
Looking for 'Kyua' in 'Content of COPYING'
Looking for 'AUTHORS' in 'Content of COPYING'
Looking for 'Content of COPYING' in 'Content of COPYING'
Looking for 'Homepage' in 'Content of COPYING'

Standard error:
20150728-163624 D 55802 utils/env.cpp:152: Setting environment variable 'KYUA_DOCDIR' to 'fake-docs'
20150728-163624 D 55802 utils/env.cpp:114: Environment variable 'KYUA_DOCDIR' is 'fake-docs'
===> local/kyua/cli/cmd_about_test:topic_version__ok
Result: passed
Duration: 0.038s

Metadata:
    allowed_architectures is empty
    allowed_platforms is empty
    description is empty
    has_cleanup = false
    required_configs is empty
    required_disk_space = 0
    required_files is empty
    required_memory = 0
    required_programs is empty
    required_user is empty
    timeout = 300

Standard output:
kyua (Kyua) 0.11
Looking for 'Kyua' in 'kyua (Kyua) 0.11'
Looking for '0.11' in 'kyua (Kyua) 0.11'

Standard error:
20150728-163624 D 55804 utils/env.cpp:152: Setting environment variable 'KYUA_DOCDIR' to 'fake-docs'
20150728-163624 D 55804 utils/env.cpp:114: Environment variable 'KYUA_DOCDIR' is 'fake-docs'
===> local/kyua/cli/cmd_config_test:all
Result: passed
Duration: 0.230s

Metadata:
    allowed_architectures is empty
    allowed_platforms is empty
    description is empty
    has_cleanup = false
    required_configs is empty
    required_disk_space = 0
    required_files is empty
    required_memory = 0
    required_programs is empty
    required_user is empty
    timeout = 300

Standard output:
architecture = the-architecture
platform = the-platform
test_suites.foo.bar = first
test_suites.foo.baz = second
===> local/kyua/cli/cmd_config_test:some__fail
Result: passed
Duration: 0.151s

Metadata:
    allowed_architectures is empty
    allowed_platforms is empty
    description is empty
    has_cleanup = false
    required_configs is empty
    required_disk_space = 0
    required_files is empty
    required_memory = 0
    required_programs is empty
    required_user is empty
    timeout = 300

Standard output:
platform = the-platform
test_suites.foo.baz = second
Looking for 'unknown.*not defined' in 'progname: W: 'unknown' is not defined.'

Standard error:
20150728-163624 D 55810 utils/cmdline/globals.cpp:63: Program name: progname
20150728-163624 W 55810 utils/cmdline/ui.cpp:274: 'unknown' is not defined.
progname: W: 'unknown' is not defined.
===> local/kyua/cli/cmd_config_test:some__ok
Result: passed
Duration: 0.153s

Metadata:
    allowed_architectures is empty
    allowed_platforms is empty
    description is empty
    has_cleanup = false
    required_configs is empty
    required_disk_space = 0
    required_files is empty
    required_memory = 0
    required_programs is empty
    required_user is empty
    timeout = 300

Standard output:
platform = the-platform
test_suites.foo.baz = second
===> local/kyua/cli/cmd_db_exec_test:format_cell__blob
Result: passed
Duration: 0.104s

Metadata:
    allowed_architectures is empty
    allowed_platforms is empty
    description is empty
    has_cleanup = false
    required_configs is empty
    required_disk_space = 0
    required_files is empty
    required_memory = 0
    required_programs is empty
    required_user is empty
    timeout = 300

Standard error:
20150728-163625 D 55816 utils/sqlite/database.cpp:275: Creating statement: CREATE TABLE test (column BLOB)
20150728-163625 D 55816 utils/sqlite/statement.cpp:192: Step statement; no more rows
20150728-163625 D 55816 utils/sqlite/database.cpp:275: Creating statement: INSERT INTO test (column) VALUES (:column)
20150728-163625 D 55816 utils/sqlite/statement.cpp:192: Step statement; no more rows
20150728-163625 D 55816 utils/sqlite/database.cpp:275: Creating statement: SELECT * FROM test
20150728-163625 D 55816 utils/sqlite/statement.cpp:195: Step statement; row available for processing
20150728-163625 D 55816 utils/sqlite/statement.cpp:192: Step statement; no more rows
===> local/kyua/cli/cmd_db_exec_test:format_cell__float
Result: passed
Duration: 0.121s

Metadata:
    allowed_architectures is empty
    allowed_platforms is empty
    description is empty
    has_cleanup = false
    required_configs is empty
    required_disk_space = 0
    required_files is empty
    required_memory = 0
    required_programs is empty
    required_user is empty
    timeout = 300

Standard error:
20150728-163625 D 55818 utils/sqlite/database.cpp:275: Creating statement: CREATE TABLE test (column FLOAT)
20150728-163625 D 55818 utils/sqlite/statement.cpp:192: Step statement; no more rows
20150728-163625 D 55818 utils/sqlite/database.cpp:275: Creating statement: INSERT INTO test (column) VALUES (:column)
20150728-163625 D 55818 utils/sqlite/statement.cpp:192: Step statement; no more rows
20150728-163625 D 55818 utils/sqlite/database.cpp:275: Creating statement: SELECT * FROM test
20150728-163625 D 55818 utils/sqlite/statement.cpp:195: Step statement; row available for processing
20150728-163625 D 55818 utils/sqlite/statement.cpp:192: Step statement; no more rows
===> local/kyua/cli/cmd_db_exec_test:format_cell__integer
Result: passed
Duration: 0.226s

Metadata:
    allowed_architectures is empty
    allowed_platforms is empty
    description is empty
    has_cleanup = false
    required_configs is empty
    required_disk_space = 0
    required_files is empty
    required_memory = 0
    required_programs is empty
    required_user is empty
    timeout = 300

Standard error:
20150728-163625 D 55820 utils/sqlite/database.cpp:275: Creating statement: CREATE TABLE test (column INTEGER)
20150728-163625 D 55820 utils/sqlite/statement.cpp:192: Step statement; no more rows
20150728-163625 D 55820 utils/sqlite/database.cpp:275: Creating statement: INSERT INTO test (column) VALUES (:column)
20150728-163625 D 55820 utils/sqlite/statement.cpp:192: Step statement; no more rows
20150728-163625 D 55820 utils/sqlite/database.cpp:275: Creating statement: SELECT * FROM test
20150728-163625 D 55820 utils/sqlite/statement.cpp:195: Step statement; row available for processing
20150728-163625 D 55820 utils/sqlite/statement.cpp:192: Step statement; no more rows
===> local/kyua/cli/cmd_db_exec_test:format_cell__null
Result: passed
Duration: 0.140s

Metadata:
    allowed_architectures is empty
    allowed_platforms is empty
    description is empty
    has_cleanup = false
    required_configs is empty
    required_disk_space = 0
    required_files is empty
    required_memory = 0
    required_programs is empty
    required_user is empty
    timeout = 300

Standard error:
20150728-163625 D 55822 utils/sqlite/database.cpp:275: Creating statement: CREATE TABLE test (column TEXT)
20150728-163625 D 55822 utils/sqlite/statement.cpp:192: Step statement; no more rows
20150728-163625 D 55822 utils/sqlite/database.cpp:275: Creating statement: INSERT INTO test (column) VALUES (:column)
20150728-163625 D 55822 utils/sqlite/statement.cpp:192: Step statement; no more rows
20150728-163625 D 55822 utils/sqlite/database.cpp:275: Creating statement: SELECT * FROM test
20150728-163625 D 55822 utils/sqlite/statement.cpp:195: Step statement; row available for processing
20150728-163625 D 55822 utils/sqlite/statement.cpp:192: Step statement; no more rows
===> local/kyua/cli/cmd_db_exec_test:format_cell__text
Result: passed
Duration: 0.035s

Metadata:
    allowed_architectures is empty
    allowed_platforms is empty
    description is empty
    has_cleanup = false
    required_configs is empty
    required_disk_space = 0
    required_files is empty
    required_memory = 0
    required_programs is empty
    required_user is empty
    timeout = 300

Standard error:
20150728-163625 D 55824 utils/sqlite/database.cpp:275: Creating statement: CREATE TABLE test (column TEXT)
20150728-163625 D 55824 utils/sqlite/statement.cpp:192: Step statement; no more rows
20150728-163625 D 55824 utils/sqlite/database.cpp:275: Creating statement: INSERT INTO test (column) VALUES (:column)
20150728-163625 D 55824 utils/sqlite/statement.cpp:192: Step statement; no more rows
20150728-163625 D 55824 utils/sqlite/database.cpp:275: Creating statement: SELECT * FROM test
20150728-163625 D 55824 utils/sqlite/statement.cpp:195: Step statement; row available for processing
20150728-163625 D 55824 utils/sqlite/statement.cpp:192: Step statement; no more rows
===> local/kyua/cli/cmd_db_exec_test:format_headers
Result: passed
Duration: 0.101s

Metadata:
    allowed_architectures is empty
    allowed_platforms is empty
    description is empty
    has_cleanup = false
    required_configs is empty
    required_disk_space = 0
    required_files is empty
    required_memory = 0
    required_programs is empty
    required_user is empty
    timeout = 300

Standard error:
20150728-163625 D 55826 utils/sqlite/database.cpp:275: Creating statement: CREATE TABLE test (c1 TEXT, c2 TEXT, c3 TEXT)
20150728-163625 D 55826 utils/sqlite/statement.cpp:192: Step statement; no more rows
20150728-163625 D 55826 utils/sqlite/database.cpp:275: Creating statement: SELECT c1, c2, c3 AS c3bis FROM test
===> local/kyua/cli/cmd_db_exec_test:format_row
Result: passed
Duration: 0.248s

Metadata:
    allowed_architectures is empty
    allowed_platforms is empty
    description is empty
    has_cleanup = false
    required_configs is empty
    required_disk_space = 0
    required_files is empty
    required_memory = 0
    required_programs is empty
    required_user is empty
    timeout = 300

Standard error:
20150728-163625 D 55828 utils/sqlite/database.cpp:275: Creating statement: CREATE TABLE test (c1 TEXT, c2 BLOB)
20150728-163625 D 55828 utils/sqlite/statement.cpp:192: Step statement; no more rows
20150728-163625 D 55828 utils/sqlite/database.cpp:275: Creating statement: INSERT INTO test VALUES (:v1, :v2)
20150728-163625 D 55828 utils/sqlite/statement.cpp:192: Step statement; no more rows
20150728-163625 D 55828 utils/sqlite/database.cpp:275: Creating statement: SELECT * FROM test
20150728-163625 D 55828 utils/sqlite/statement.cpp:195: Step statement; row available for processing
===> local/kyua/cli/cmd_debug_test:filter_without_test_case
Result: passed
Duration: 0.173s

Metadata:
    allowed_architectures is empty
    allowed_platforms is empty
    description is empty
    has_cleanup = false
    required_configs is empty
    required_disk_space = 0
    required_files is empty
    required_memory = 0
    required_programs is empty
    required_user is empty
    timeout = 300
===> local/kyua/cli/cmd_debug_test:invalid_filter
Result: passed
Duration: 0.176s

Metadata:
    allowed_architectures is empty
    allowed_platforms is empty
    description is empty
    has_cleanup = false
    required_configs is empty
    required_disk_space = 0
    required_files is empty
    required_memory = 0
    required_programs is empty
    required_user is empty
    timeout = 300
===> local/kyua/cli/cmd_help_test:global__no_options
Result: passed
Duration: 0.836s

Metadata:
    allowed_architectures is empty
    allowed_platforms is empty
    description is empty
    has_cleanup = false
    required_configs is empty
    required_disk_space = 0
    required_files is empty
    required_memory = 0
    required_programs is empty
    required_user is empty
    timeout = 300

Standard output:
kyua (Kyua) 0.11

Usage: progname [general_options] command [command_options] [args]

Generic commands:
  mock_complex    Complex command.
  mock_simple     Simple command.

First commands:
  mock_complex_2  Complex command.
  mock_simple_2   Simple command.

Second commands:
  mock_simple_3   Simple command.

See kyua(1) for more details.

Standard error:
20150728-163626 D 55838 utils/cmdline/globals.cpp:63: Program name: progname
===> local/kyua/cli/cmd_help_test:global__some_options
Result: passed
Duration: 0.246s

Metadata:
    allowed_architectures is empty
    allowed_platforms is empty
    description is empty
    has_cleanup = false
    required_configs is empty
    required_disk_space = 0
    required_files is empty
    required_memory = 0
    required_programs is empty
    required_user is empty
    timeout = 300

Standard output:
kyua (Kyua) 0.11

Usage: progname [general_options] command [command_options] [args]

Available general options:
  --flag_a        Flag A.
  -c X, --lc=X    Flag C.

Generic commands:
  mock_complex    Complex command.
  mock_simple     Simple command.

First commands:
  mock_complex_2  Complex command.
  mock_simple_2   Simple command.

Second commands:
  mock_simple_3   Simple command.

See kyua(1) for more details.

Standard error:
20150728-163627 D 55840 utils/cmdline/globals.cpp:63: Program name: progname
===> local/kyua/cli/cmd_help_test:invalid_args
Result: passed
Duration: 0.199s

Metadata:
    allowed_architectures is empty
    allowed_platforms is empty
    description is empty
    has_cleanup = false
    required_configs is empty
    required_disk_space = 0
    required_files is empty
    required_memory = 0
    required_programs is empty
    required_user is empty
    timeout = 300

Standard error:
20150728-163628 D 55842 utils/cmdline/globals.cpp:63: Program name: progname
===> local/kyua/cli/cmd_help_test:subcommand__complex
Result: passed
Duration: 0.183s

Metadata:
    allowed_architectures is empty
    allowed_platforms is empty
    description is empty
    has_cleanup = false
    required_configs is empty
    required_disk_space = 0
    required_files is empty
    required_memory = 0
    required_programs is empty
    required_user is empty
    timeout = 300

Standard output:
kyua (Kyua) 0.11

Usage: progname [general_options] mock_complex [command_options] [arg1 .. argN]

Complex command.

Available general options:
  --global_a                        Global A.
  -c c_global, --global_c=c_global  Global C.

Available command options:
  --flag_a                          Flag A.
  -b, --flag_b                      Flag B.
  -c c_arg, --flag_c=c_arg          Flag C.
  --flag_d=d_arg                    Flag D (default: foo).

See kyua-mock_complex(1) for more details.
Looking for '^kyua.*0.11' in 'kyua (Kyua) 0.11'
Looking for '^Usage: progname \[general_options\] mock_complex \[command_options\] \[arg1 .. argN\]$' in 'kyua (Kyua) 0.11'
Looking for '^Usage: progname \[general_options\] mock_complex \[command_options\] \[arg1 .. argN\]$' in ''
Looking for '^Usage: progname \[general_options\] mock_complex \[command_options\] \[arg1 .. argN\]$' in 'Usage: progname [general_options] mock_complex [command_options] [arg1 .. argN]'
Looking for 'Available general options' in 'kyua (Kyua) 0.11'
Looking for 'Available general options' in ''
Looking for 'Available general options' in 'Usage: progname [general_options] mock_complex [command_options] [arg1 .. argN]'
Looking for 'Available general options' in ''
Looking for 'Available general options' in 'Complex command.'
Looking for 'Available general options' in ''
Looking for 'Available general options' in 'Available general options:'
Looking for '--global_a' in 'kyua (Kyua) 0.11'
Looking for '--global_a' in ''
Looking for '--global_a' in 'Usage: progname [general_options] mock_complex [command_options] [arg1 .. argN]'
Looking for '--global_a' in ''
Looking for '--global_a' in 'Complex command.'
Looking for '--global_a' in ''
Looking for '--global_a' in 'Available general options:'
Looking for '--global_a' in '  --global_a                        Global A.'
Looking for '--global_c=c_global' in 'kyua (Kyua) 0.11'
Looking for '--global_c=c_global' in ''
Looking for '--global_c=c_global' in 'Usage: progname [general_options] mock_complex [command_options] [arg1 .. argN]'
Looking for '--global_c=c_global' in ''
Looking for '--global_c=c_global' in 'Complex command.'
Looking for '--global_c=c_global' in ''
Looking for '--global_c=c_global' in 'Available general options:'
Looking for '--global_c=c_global' in '  --global_a                        Global A.'
Looking for '--global_c=c_global' in '  -c c_global, --global_c=c_global  Global C.'
Looking for 'Available command options' in 'kyua (Kyua) 0.11'
Looking for 'Available command options' in ''
Looking for 'Available command options' in 'Usage: progname [general_options] mock_complex [command_options] [arg1 .. argN]'
Looking for 'Available command options' in ''
Looking for 'Available command options' in 'Complex command.'
Looking for 'Available command options' in ''
Looking for 'Available command options' in 'Available general options:'
Looking for 'Available command options' in '  --global_a                        Global A.'
Looking for 'Available command options' in '  -c c_global, --global_c=c_global  Global C.'
Looking for 'Available command options' in ''
Looking for 'Available command options' in 'Available command options:'
Looking for '--flag_a   *Flag A' in 'kyua (Kyua) 0.11'
Looking for '--flag_a   *Flag A' in ''
Looking for '--flag_a   *Flag A' in 'Usage: progname [general_options] mock_complex [command_options] [arg1 .. argN]'
Looking for '--flag_a   *Flag A' in ''
Looking for '--flag_a   *Flag A' in 'Complex command.'
Looking for '--flag_a   *Flag A' in ''
Looking for '--flag_a   *Flag A' in 'Available general options:'
Looking for '--flag_a   *Flag A' in '  --global_a                        Global A.'
Looking for '--flag_a   *Flag A' in '  -c c_global, --global_c=c_global  Global C.'
Looking for '--flag_a   *Flag A' in ''
Looking for '--flag_a   *Flag A' in 'Available command options:'
Looking for '--flag_a   *Flag A' in '  --flag_a                          Flag A.'
Looking for '-b.*--flag_b   *Flag B' in 'kyua (Kyua) 0.11'
Looking for '-b.*--flag_b   *Flag B' in ''
Looking for '-b.*--flag_b   *Flag B' in 'Usage: progname [general_options] mock_complex [command_options] [arg1 .. argN]'
Looking for '-b.*--flag_b   *Flag B' in ''
Looking for '-b.*--flag_b   *Flag B' in 'Complex command.'
Looking for '-b.*--flag_b   *Flag B' in ''
Looking for '-b.*--flag_b   *Flag B' in 'Available general options:'
Looking for '-b.*--flag_b   *Flag B' in '  --global_a                        Global A.'
Looking for '-b.*--flag_b   *Flag B' in '  -c c_global, --global_c=c_global  Global C.'
Looking for '-b.*--flag_b   *Flag B' in ''
Looking for '-b.*--flag_b   *Flag B' in 'Available command options:'
Looking for '-b.*--flag_b   *Flag B' in '  --flag_a                          Flag A.'
Looking for '-b.*--flag_b   *Flag B' in '  -b, --flag_b                      Flag B.'
Looking for '-c c_arg.*--flag_c=c_arg   *Flag C' in 'kyua (Kyua) 0.11'
Looking for '-c c_arg.*--flag_c=c_arg   *Flag C' in ''
Looking for '-c c_arg.*--flag_c=c_arg   *Flag C' in 'Usage: progname [general_options] mock_complex [command_options] [arg1 .. argN]'
Looking for '-c c_arg.*--flag_c=c_arg   *Flag C' in ''
Looking for '-c c_arg.*--flag_c=c_arg   *Flag C' in 'Complex command.'
Looking for '-c c_arg.*--flag_c=c_arg   *Flag C' in ''
Looking for '-c c_arg.*--flag_c=c_arg   *Flag C' in 'Available general options:'
Looking for '-c c_arg.*--flag_c=c_arg   *Flag C' in '  --global_a                        Global A.'
Looking for '-c c_arg.*--flag_c=c_arg   *Flag C' in '  -c c_global, --global_c=c_global  Global C.'
Looking for '-c c_arg.*--flag_c=c_arg   *Flag C' in ''
Looking for '-c c_arg.*--flag_c=c_arg   *Flag C' in 'Available command options:'
Looking for '-c c_arg.*--flag_c=c_arg   *Flag C' in '  --flag_a                          Flag A.'
Looking for '-c c_arg.*--flag_c=c_arg   *Flag C' in '  -b, --flag_b                      Flag B.'
Looking for '-c c_arg.*--flag_c=c_arg   *Flag C' in '  -c c_arg, --flag_c=c_arg          Flag C.'
Looking for '--flag_d=d_arg   *Flag D.*default.*foo' in 'kyua (Kyua) 0.11'
Looking for '--flag_d=d_arg   *Flag D.*default.*foo' in ''
Looking for '--flag_d=d_arg   *Flag D.*default.*foo' in 'Usage: progname [general_options] mock_complex [command_options] [arg1 .. argN]'
Looking for '--flag_d=d_arg   *Flag D.*default.*foo' in ''
Looking for '--flag_d=d_arg   *Flag D.*default.*foo' in 'Complex command.'
Looking for '--flag_d=d_arg   *Flag D.*default.*foo' in ''
Looking for '--flag_d=d_arg   *Flag D.*default.*foo' in 'Available general options:'
Looking for '--flag_d=d_arg   *Flag D.*default.*foo' in '  --global_a                        Global A.'
Looking for '--flag_d=d_arg   *Flag D.*default.*foo' in '  -c c_global, --global_c=c_global  Global C.'
Looking for '--flag_d=d_arg   *Flag D.*default.*foo' in ''
Looking for '--flag_d=d_arg   *Flag D.*default.*foo' in 'Available command options:'
Looking for '--flag_d=d_arg   *Flag D.*default.*foo' in '  --flag_a                          Flag A.'
Looking for '--flag_d=d_arg   *Flag D.*default.*foo' in '  -b, --flag_b                      Flag B.'
Looking for '--flag_d=d_arg   *Flag D.*default.*foo' in '  -c c_arg, --flag_c=c_arg          Flag C.'
Looking for '--flag_d=d_arg   *Flag D.*default.*foo' in '  --flag_d=d_arg                    Flag D (default: foo).'
Looking for '^See kyua-mock_complex\(1\) for more details.' in 'kyua (Kyua) 0.11'
Looking for '^See kyua-mock_complex\(1\) for more details.' in ''
Looking for '^See kyua-mock_complex\(1\) for more details.' in 'Usage: progname [general_options] mock_complex [command_options] [arg1 .. argN]'
Looking for '^See kyua-mock_complex\(1\) for more details.' in ''
Looking for '^See kyua-mock_complex\(1\) for more details.' in 'Complex command.'
Looking for '^See kyua-mock_complex\(1\) for more details.' in ''
Looking for '^See kyua-mock_complex\(1\) for more details.' in 'Available general options:'
Looking for '^See kyua-mock_complex\(1\) for more details.' in '  --global_a                        Global A.'
Looking for '^See kyua-mock_complex\(1\) for more details.' in '  -c c_global, --global_c=c_global  Global C.'
Looking for '^See kyua-mock_complex\(1\) for more details.' in ''
Looking for '^See kyua-mock_complex\(1\) for more details.' in 'Available command options:'
Looking for '^See kyua-mock_complex\(1\) for more details.' in '  --flag_a                          Flag A.'
Looking for '^See kyua-mock_complex\(1\) for more details.' in '  -b, --flag_b                      Flag B.'
Looking for '^See kyua-mock_complex\(1\) for more details.' in '  -c c_arg, --flag_c=c_arg          Flag C.'
Looking for '^See kyua-mock_complex\(1\) for more details.' in '  --flag_d=d_arg                    Flag D (default: foo).'
Looking for '^See kyua-mock_complex\(1\) for more details.' in ''
Looking for '^See kyua-mock_complex\(1\) for more details.' in 'See kyua-mock_complex(1) for more details.'

Standard error:
20150728-163628 D 55844 utils/cmdline/globals.cpp:63: Program name: progname
===> local/kyua/cli/cmd_help_test:subcommand__simple
Result: passed
Duration: 0.819s

Metadata:
    allowed_architectures is empty
    allowed_platforms is empty
    description is empty
    has_cleanup = false
    required_configs is empty
    required_disk_space = 0
    required_files is empty
    required_memory = 0
    required_programs is empty
    required_user is empty
    timeout = 300

Standard output:
kyua (Kyua) 0.11

Usage: progname [general_options] mock_simple

Simple command.

See kyua-mock_simple(1) for more details.
Looking for '^kyua.*0.11' in 'kyua (Kyua) 0.11'
Looking for '^Usage: progname \[general_options\] mock_simple$' in 'kyua (Kyua) 0.11'
Looking for '^Usage: progname \[general_options\] mock_simple$' in ''
Looking for '^Usage: progname \[general_options\] mock_simple$' in 'Usage: progname [general_options] mock_simple'
Looking for 'Available.*options' in 'kyua (Kyua) 0.11'
Looking for 'Available.*options' in ''
Looking for 'Available.*options' in 'Usage: progname [general_options] mock_simple'
Looking for 'Available.*options' in ''
Looking for 'Available.*options' in 'Simple command.'
Looking for 'Available.*options' in ''
Looking for 'Available.*options' in 'See kyua-mock_simple(1) for more details.'
Looking for '^See kyua-mock_simple\(1\) for more details.' in 'kyua (Kyua) 0.11'
Looking for '^See kyua-mock_simple\(1\) for more details.' in ''
Looking for '^See kyua-mock_simple\(1\) for more details.' in 'Usage: progname [general_options] mock_simple'
Looking for '^See kyua-mock_simple\(1\) for more details.' in ''
Looking for '^See kyua-mock_simple\(1\) for more details.' in 'Simple command.'
Looking for '^See kyua-mock_simple\(1\) for more details.' in ''
Looking for '^See kyua-mock_simple\(1\) for more details.' in 'See kyua-mock_simple(1) for more details.'

Standard error:
20150728-163628 D 55846 utils/cmdline/globals.cpp:63: Program name: progname
===> local/kyua/cli/cmd_help_test:subcommand__unknown
Result: passed
Duration: 0.374s

Metadata:
    allowed_architectures is empty
    allowed_platforms is empty
    description is empty
    has_cleanup = false
    required_configs is empty
    required_disk_space = 0
    required_files is empty
    required_memory = 0
    required_programs is empty
    required_user is empty
    timeout = 300

Standard error:
20150728-163629 D 55848 utils/cmdline/globals.cpp:63: Program name: progname
===> local/kyua/cli/cmd_list_test:list_test_case__no_verbose
Result: passed
Duration: 0.365s

Metadata:
    allowed_architectures is empty
    allowed_platforms is empty
    description is empty
    has_cleanup = false
    required_configs is empty
    required_disk_space = 0
    required_files is empty
    required_memory = 0
    required_programs is empty
    required_user is empty
    timeout = 300

Standard output:
the/test-program:abc
===> local/kyua/cli/cmd_list_test:list_test_case__verbose__no_properties
Result: passed
Duration: 0.481s

Metadata:
    allowed_architectures is empty
    allowed_platforms is empty
    description is empty
    has_cleanup = false
    required_configs is empty
    required_disk_space = 0
    required_files is empty
    required_memory = 0
    required_programs is empty
    required_user is empty
    timeout = 300

Standard output:
hello/world:my_name (the-suite)
===> local/kyua/cli/cmd_list_test:list_test_case__verbose__some_properties
Result: passed
Duration: 0.536s

Metadata:
    allowed_architectures is empty
    allowed_platforms is empty
    description is empty
    has_cleanup = false
    required_configs is empty
    required_disk_space = 0
    required_files is empty
    required_memory = 0
    required_programs is empty
    required_user is empty
    timeout = 300

Standard output:
hello/world:my_name (the-suite)
    custom.X-my-property = value
    description = Some description
    has_cleanup = true
===> local/kyua/cli/cmd_test_test:invalid_filter
Result: passed
Duration: 0.542s

Metadata:
    allowed_architectures is empty
    allowed_platforms is empty
    description is empty
    has_cleanup = false
    required_configs is empty
    required_disk_space = 0
    required_files is empty
    required_memory = 0
    required_programs is empty
    required_user is empty
    timeout = 300

Standard error:
20150728-163631 D 55860 utils/env.cpp:92: Environment variable 'HOME' is '/tmp/kyua.atf-tester.uif75F'
20150728-163631 D 55860 utils/env.cpp:92: Environment variable 'HOME' is '/tmp/kyua.atf-tester.uif75F'
20150728-163631 D 55860 engine/filters.cpp:89: Parsed user filter 'correct': test program 'correct', no test case
===> local/kyua/cli/common_test:build_root_path__default
Result: passed
Duration: 0.056s

Metadata:
    allowed_architectures is empty
    allowed_platforms is empty
    description is empty
    has_cleanup = false
    required_configs is empty
    required_disk_space = 0
    required_files is empty
    required_memory = 0
    required_programs is empty
    required_user is empty
    timeout = 300
===> local/kyua/cli/common_test:build_root_path__explicit
Result: passed
Duration: 0.039s

Metadata:
    allowed_architectures is empty
    allowed_platforms is empty
    description is empty
    has_cleanup = false
    required_configs is empty
    required_disk_space = 0
    required_files is empty
    required_memory = 0
    required_programs is empty
    required_user is empty
    timeout = 300
===> local/kyua/cli/common_test:format_delta
Result: passed
Duration: 0.038s

Metadata:
    allowed_architectures is empty
    allowed_platforms is empty
    description is empty
    has_cleanup = false
    required_configs is empty
    required_disk_space = 0
    required_files is empty
    required_memory = 0
    required_programs is empty
    required_user is empty
    timeout = 300
===> local/kyua/cli/common_test:format_result__no_reason
Result: passed
Duration: 0.698s

Metadata:
    allowed_architectures is empty
    allowed_platforms is empty
    description is empty
    has_cleanup = false
    required_configs is empty
    required_disk_space = 0
    required_files is empty
    required_memory = 0
    required_programs is empty
    required_user is empty
    timeout = 300
===> local/kyua/cli/common_test:format_result__with_reason
Result: passed
Duration: 0.109s

Metadata:
    allowed_architectures is empty
    allowed_platforms is empty
    description is empty
    has_cleanup = false
    required_configs is empty
    required_disk_space = 0
    required_files is empty
    required_memory = 0
    required_programs is empty
    required_user is empty
    timeout = 300
===> local/kyua/cli/common_test:format_test_case_id__test_case
Result: passed
Duration: 0.087s

Metadata:
    allowed_architectures is empty
    allowed_platforms is empty
    description is empty
    has_cleanup = false
    required_configs is empty
    required_disk_space = 0
    required_files is empty
    required_memory = 0
    required_programs is empty
    required_user is empty
    timeout = 300
===> local/kyua/cli/common_test:format_test_case_id__test_filter
Result: passed
Duration: 0.040s

Metadata:
    allowed_architectures is empty
    allowed_platforms is empty
    description is empty
    has_cleanup = false
    required_configs is empty
    required_disk_space = 0
    required_files is empty
    required_memory = 0
    required_programs is empty
    required_user is empty
    timeout = 300
===> local/kyua/cli/common_test:kyuafile_path__default
Result: passed
Duration: 0.038s

Metadata:
    allowed_architectures is empty
    allowed_platforms is empty
    description is empty
    has_cleanup = false
    required_configs is empty
    required_disk_space = 0
    required_files is empty
    required_memory = 0
    required_programs is empty
    required_user is empty
    timeout = 300
===> local/kyua/cli/common_test:kyuafile_path__explicit
Result: passed
Duration: 0.052s

Metadata:
    allowed_architectures is empty
    allowed_platforms is empty
    description is empty
    has_cleanup = false
    required_configs is empty
    required_disk_space = 0
    required_files is empty
    required_memory = 0
    required_programs is empty
    required_user is empty
    timeout = 300
===> local/kyua/cli/common_test:parse_filters__duplicate
Result: passed
Duration: 0.043s

Metadata:
    allowed_architectures is empty
    allowed_platforms is empty
    description is empty
    has_cleanup = false
    required_configs is empty
    required_disk_space = 0
    required_files is empty
    required_memory = 0
    required_programs is empty
    required_user is empty
    timeout = 300

Standard error:
20150728-163633 D 55882 engine/filters.cpp:89: Parsed user filter 'foo/bar//baz': test program 'foo/bar/baz', no test case
20150728-163633 D 55882 engine/filters.cpp:94: Parsed user filter 'hello/world:yes': test program 'hello/world', test case 'yes'
20150728-163633 D 55882 engine/filters.cpp:89: Parsed user filter 'foo//bar/baz': test program 'foo/bar/baz', no test case
===> local/kyua/cli/common_test:parse_filters__nondisjoint
Result: passed
Duration: 0.085s

Metadata:
    allowed_architectures is empty
    allowed_platforms is empty
    description is empty
    has_cleanup = false
    required_configs is empty
    required_disk_space = 0
    required_files is empty
    required_memory = 0
    required_programs is empty
    required_user is empty
    timeout = 300

Standard error:
20150728-163633 D 55884 engine/filters.cpp:89: Parsed user filter 'foo/bar': test program 'foo/bar', no test case
20150728-163633 D 55884 engine/filters.cpp:94: Parsed user filter 'hello/world:yes': test program 'hello/world', test case 'yes'
20150728-163633 D 55884 engine/filters.cpp:94: Parsed user filter 'foo/bar:baz': test program 'foo/bar', test case 'baz'
===> local/kyua/cli/common_test:parse_filters__none
Result: passed
Duration: 0.039s

Metadata:
    allowed_architectures is empty
    allowed_platforms is empty
    description is empty
    has_cleanup = false
    required_configs is empty
    required_disk_space = 0
    required_files is empty
    required_memory = 0
    required_programs is empty
    required_user is empty
    timeout = 300
===> local/kyua/cli/common_test:parse_filters__ok
Result: passed
Duration: 0.055s

Metadata:
    allowed_architectures is empty
    allowed_platforms is empty
    description is empty
    has_cleanup = false
    required_configs is empty
    required_disk_space = 0
    required_files is empty
    required_memory = 0
    required_programs is empty
    required_user is empty
    timeout = 300

Standard error:
20150728-163633 D 55888 engine/filters.cpp:89: Parsed user filter 'foo': test program 'foo', no test case
20150728-163633 D 55888 engine/filters.cpp:89: Parsed user filter 'bar/baz': test program 'bar/baz', no test case
20150728-163633 D 55888 engine/filters.cpp:94: Parsed user filter 'other:abc': test program 'other', test case 'abc'
20150728-163633 D 55888 engine/filters.cpp:94: Parsed user filter 'other:bcd': test program 'other', test case 'bcd'
===> local/kyua/cli/common_test:report_unused_filters__none
Result: passed
Duration: 0.189s

Metadata:
    allowed_architectures is empty
    allowed_platforms is empty
    description is empty
    has_cleanup = false
    required_configs is empty
    required_disk_space = 0
    required_files is empty
    required_memory = 0
    required_programs is empty
    required_user is empty
    timeout = 300
===> local/kyua/cli/common_test:report_unused_filters__some
Result: passed
Duration: 0.043s

Metadata:
    allowed_architectures is empty
    allowed_platforms is empty
    description is empty
    has_cleanup = false
    required_configs is empty
    required_disk_space = 0
    required_files is empty
    required_memory = 0
    required_programs is empty
    required_user is empty
    timeout = 300

Standard output:
Looking for 'No.*matched.*'a/b'' in 'progname: W: No test cases matched by the filter 'a/b'.'
Looking for 'No.*matched.*'hey/d:yes'' in 'progname: W: No test cases matched by the filter 'a/b'.'
Looking for 'No.*matched.*'hey/d:yes'' in 'progname: W: No test cases matched by the filter 'hey/d:yes'.'

Standard error:
20150728-163633 D 55892 utils/cmdline/globals.cpp:63: Program name: progname
20150728-163633 W 55892 utils/cmdline/ui.cpp:274: No test cases matched by the filter 'a/b'.
progname: W: No test cases matched by the filter 'a/b'.
20150728-163633 W 55892 utils/cmdline/ui.cpp:274: No test cases matched by the filter 'hey/d:yes'.
progname: W: No test cases matched by the filter 'hey/d:yes'.
===> local/kyua/cli/common_test:result_types__default
Result: passed
Duration: 0.078s

Metadata:
    allowed_architectures is empty
    allowed_platforms is empty
    description is empty
    has_cleanup = false
    required_configs is empty
    required_disk_space = 0
    required_files is empty
    required_memory = 0
    required_programs is empty
    required_user is empty
    timeout = 300
===> local/kyua/cli/common_test:result_types__empty
Result: passed
Duration: 0.083s

Metadata:
    allowed_architectures is empty
    allowed_platforms is empty
    description is empty
    has_cleanup = false
    required_configs is empty
    required_disk_space = 0
    required_files is empty
    required_memory = 0
    required_programs is empty
    required_user is empty
    timeout = 300
===> local/kyua/cli/common_test:result_types__explicit__all
Result: passed
Duration: 0.092s

Metadata:
    allowed_architectures is empty
    allowed_platforms is empty
    description is empty
    has_cleanup = false
    required_configs is empty
    required_disk_space = 0
    required_files is empty
    required_memory = 0
    required_programs is empty
    required_user is empty
    timeout = 300
===> local/kyua/cli/common_test:result_types__explicit__invalid
Result: passed
Duration: 0.090s

Metadata:
    allowed_architectures is empty
    allowed_platforms is empty
    description is empty
    has_cleanup = false
    required_configs is empty
    required_disk_space = 0
    required_files is empty
    required_memory = 0
    required_programs is empty
    required_user is empty
    timeout = 300
===> local/kyua/cli/common_test:result_types__explicit__some
Result: passed
Duration: 0.071s

Metadata:
    allowed_architectures is empty
    allowed_platforms is empty
    description is empty
    has_cleanup = false
    required_configs is empty
    required_disk_space = 0
    required_files is empty
    required_memory = 0
    required_programs is empty
    required_user is empty
    timeout = 300
===> local/kyua/cli/common_test:results_file_create__default__historical
Result: passed
Duration: 0.168s

Metadata:
    allowed_architectures is empty
    allowed_platforms is empty
    description is empty
    has_cleanup = false
    required_configs is empty
    required_disk_space = 0
    required_files is empty
    required_memory = 0
    required_programs is empty
    required_user is empty
    timeout = 300

Standard error:
20150728-163634 D 55904 utils/env.cpp:152: Setting environment variable 'HOME' to 'homedir'
20150728-163634 D 55904 utils/env.cpp:92: Environment variable 'HOME' is 'homedir'
===> local/kyua/cli/common_test:results_file_create__default__new
Result: passed
Duration: 0.075s

Metadata:
    allowed_architectures is empty
    allowed_platforms is empty
    description is empty
    has_cleanup = false
    required_configs is empty
    required_disk_space = 0
    required_files is empty
    required_memory = 0
    required_programs is empty
    required_user is empty
    timeout = 300

Standard error:
20150728-163634 D 55906 utils/env.cpp:152: Setting environment variable 'HOME' to 'homedir'
20150728-163634 D 55906 utils/env.cpp:92: Environment variable 'HOME' is 'homedir'
===> local/kyua/cli/common_test:results_file_create__explicit
Result: passed
Duration: 0.086s

Metadata:
    allowed_architectures is empty
    allowed_platforms is empty
    description is empty
    has_cleanup = false
    required_configs is empty
    required_disk_space = 0
    required_files is empty
    required_memory = 0
    required_programs is empty
    required_user is empty
    timeout = 300
===> local/kyua/cli/common_test:results_file_open__default__historical
Result: passed
Duration: 0.138s

Metadata:
    allowed_architectures is empty
    allowed_platforms is empty
    description is empty
    has_cleanup = false
    required_configs is empty
    required_disk_space = 0
    required_files is empty
    required_memory = 0
    required_programs is empty
    required_user is empty
    timeout = 300

Standard error:
20150728-163634 D 55910 utils/env.cpp:152: Setting environment variable 'HOME' to 'homedir'
20150728-163634 D 55910 utils/env.cpp:92: Environment variable 'HOME' is 'homedir'
===> local/kyua/cli/common_test:results_file_open__default__latest
Result: passed
Duration: 0.134s

Metadata:
    allowed_architectures is empty
    allowed_platforms is empty
    description is empty
    has_cleanup = false
    required_configs is empty
    required_disk_space = 0
    required_files is empty
    required_memory = 0
    required_programs is empty
    required_user is empty
    timeout = 300

Standard error:
20150728-163634 D 55912 utils/env.cpp:152: Setting environment variable 'HOME' to 'homedir'
20150728-163634 D 55912 utils/env.cpp:92: Environment variable 'HOME' is 'homedir'
===> local/kyua/cli/common_test:results_file_open__explicit
Result: passed
Duration: 0.056s

Metadata:
    allowed_architectures is empty
    allowed_platforms is empty
    description is empty
    has_cleanup = false
    required_configs is empty
    required_disk_space = 0
    required_files is empty
    required_memory = 0
    required_programs is empty
    required_user is empty
    timeout = 300
===> local/kyua/cli/common_test:write_version_header
Result: passed
Duration: 0.039s

Metadata:
    allowed_architectures is empty
    allowed_platforms is empty
    description is empty
    has_cleanup = false
    required_configs is empty
    required_disk_space = 0
    required_files is empty
    required_memory = 0
    required_programs is empty
    required_user is empty
    timeout = 300

Standard output:
kyua (Kyua) 0.11
===> local/kyua/cli/config_test:load_config__explicit__disable
Result: passed
Duration: 0.507s

Metadata:
    allowed_architectures is empty
    allowed_platforms is empty
    description is empty
    has_cleanup = false
    required_configs is empty
    required_disk_space = 0
    required_files is empty
    required_memory = 0
    required_programs is empty
    required_user is empty
    timeout = 300

Standard error:
20150728-163635 D 55920 utils/env.cpp:152: Setting environment variable 'KYUA_CONFDIR' to '/tmp/kyua.atf-tester.H2iwoe/system-dir'
20150728-163635 D 55920 utils/env.cpp:152: Setting environment variable 'HOME' to '/tmp/kyua.atf-tester.H2iwoe/user-dir'
20150728-163635 D 55920 cli/config.cpp:98: Configuration loading disabled; using defaults
===> local/kyua/cli/config_test:load_config__explicit__fail
Result: passed
Duration: 0.235s

Metadata:
    allowed_architectures is empty
    allowed_platforms is empty
    description is empty
    has_cleanup = false
    required_configs is empty
    required_disk_space = 0
    required_files is empty
    required_memory = 0
    required_programs is empty
    required_user is empty
    timeout = 300

Standard error:
20150728-163635 D 55922 utils/env.cpp:152: Setting environment variable 'KYUA_CONFDIR' to '/tmp/kyua.atf-tester.hT7Ypt/system-dir'
20150728-163635 D 55922 utils/env.cpp:152: Setting environment variable 'HOME' to '/tmp/kyua.atf-tester.hT7Ypt/user-dir'
20150728-163635 W 55922 cli/config.cpp:218: Ignoring failure to load configuration because the requested command should not fail: Load of 'test-file' failed: Failed to load Lua file 'test-file': test-file:1: Unsupported config version 200
===> local/kyua/cli/config_test:load_config__explicit__ok
Result: passed
Duration: 0.179s

Metadata:
    allowed_architectures is empty
    allowed_platforms is empty
    description is empty
    has_cleanup = false
    required_configs is empty
    required_disk_space = 0
    required_files is empty
    required_memory = 0
    required_programs is empty
    required_user is empty
    timeout = 300

Standard error:
20150728-163635 D 55924 utils/env.cpp:152: Setting environment variable 'KYUA_CONFDIR' to '/tmp/kyua.atf-tester.zlWscQ/system-dir'
20150728-163635 D 55924 utils/env.cpp:152: Setting environment variable 'HOME' to '/tmp/kyua.atf-tester.zlWscQ/user-dir'
===> local/kyua/cli/config_test:load_config__none
Result: passed
Duration: 0.425s

Metadata:
    allowed_architectures is empty
    allowed_platforms is empty
    description is empty
    has_cleanup = false
    required_configs is empty
    required_disk_space = 0
    required_files is empty
    required_memory = 0
    required_programs is empty
    required_user is empty
    timeout = 300

Standard error:
20150728-163635 D 55926 utils/env.cpp:152: Setting environment variable 'KYUA_CONFDIR' to '/the/system/does/not/exist'
20150728-163635 D 55926 utils/env.cpp:152: Setting environment variable 'HOME' to '/the/user/does/not/exist'
20150728-163635 D 55926 utils/env.cpp:92: Environment variable 'HOME' is '/the/user/does/not/exist'
20150728-163635 D 55926 utils/env.cpp:114: Environment variable 'KYUA_CONFDIR' is '/the/system/does/not/exist'
===> local/kyua/cli/config_test:load_config__overrides__fail
Result: passed
Duration: 0.425s

Metadata:
    allowed_architectures is empty
    allowed_platforms is empty
    description is empty
    has_cleanup = false
    required_configs is empty
    required_disk_space = 0
    required_files is empty
    required_memory = 0
    required_programs is empty
    required_user is empty
    timeout = 300

Standard error:
20150728-163636 D 55928 utils/env.cpp:152: Setting environment variable 'KYUA_CONFDIR' to '/tmp/kyua.atf-tester.OWEnXi'
20150728-163636 D 55928 utils/env.cpp:92: Environment variable 'HOME' is '/tmp/kyua.atf-tester.OWEnXi'
20150728-163636 D 55928 utils/env.cpp:114: Environment variable 'KYUA_CONFDIR' is '/tmp/kyua.atf-tester.OWEnXi'
20150728-163636 D 55928 utils/env.cpp:92: Environment variable 'HOME' is '/tmp/kyua.atf-tester.OWEnXi'
20150728-163636 D 55928 utils/env.cpp:114: Environment variable 'KYUA_CONFDIR' is '/tmp/kyua.atf-tester.OWEnXi'
20150728-163636 W 55928 cli/config.cpp:218: Ignoring failure to load configuration because the requested command should not fail: Empty component in key '.a'
===> local/kyua/cli/config_test:load_config__overrides__no
Result: passed
Duration: 0.242s

Metadata:
    allowed_architectures is empty
    allowed_platforms is empty
    description is empty
    has_cleanup = false
    required_configs is empty
    required_disk_space = 0
    required_files is empty
    required_memory = 0
    required_programs is empty
    required_user is empty
    timeout = 300

Standard error:
20150728-163636 D 55930 utils/env.cpp:152: Setting environment variable 'KYUA_CONFDIR' to '/tmp/kyua.atf-tester.WyOn2P'
20150728-163636 D 55930 utils/env.cpp:92: Environment variable 'HOME' is '/tmp/kyua.atf-tester.WyOn2P'
20150728-163636 D 55930 utils/env.cpp:114: Environment variable 'KYUA_CONFDIR' is '/tmp/kyua.atf-tester.WyOn2P'
===> local/kyua/cli/config_test:load_config__overrides__yes
Result: passed
Duration: 0.227s

Metadata:
    allowed_architectures is empty
    allowed_platforms is empty
    description is empty
    has_cleanup = false
    required_configs is empty
    required_disk_space = 0
    required_files is empty
    required_memory = 0
    required_programs is empty
    required_user is empty
    timeout = 300
===> local/kyua/cli/config_test:load_config__system__fail
Result: passed
Duration: 1.162s

Metadata:
    allowed_architectures is empty
    allowed_platforms is empty
    description is empty
    has_cleanup = false
    required_configs is empty
    required_disk_space = 0
    required_files is empty
    required_memory = 0
    required_programs is empty
    required_user is empty
    timeout = 300

Standard error:
20150728-163637 D 55934 utils/env.cpp:152: Setting environment variable 'KYUA_CONFDIR' to '/tmp/kyua.atf-tester.P8thZE/system-dir'
20150728-163637 D 55934 utils/env.cpp:152: Setting environment variable 'HOME' to '/the/user/does/not/exist'
20150728-163637 D 55934 utils/env.cpp:92: Environment variable 'HOME' is '/the/user/does/not/exist'
20150728-163637 D 55934 utils/env.cpp:114: Environment variable 'KYUA_CONFDIR' is '/tmp/kyua.atf-tester.P8thZE/system-dir'
20150728-163637 D 55934 utils/env.cpp:92: Environment variable 'HOME' is '/the/user/does/not/exist'
20150728-163637 D 55934 utils/env.cpp:114: Environment variable 'KYUA_CONFDIR' is '/tmp/kyua.atf-tester.P8thZE/system-dir'
20150728-163637 W 55934 cli/config.cpp:218: Ignoring failure to load configuration because the requested command should not fail: Load of '/tmp/kyua.atf-tester.P8thZE/system-dir/kyua.conf' failed: Failed to load Lua file '/tmp/kyua.atf-tester.P8thZE/system-dir/kyua.conf': /tmp/kyua.atf-tester.P8thZE/system-dir/kyua.conf:1: Unsupported config version 200
===> local/kyua/cli/config_test:load_config__system__ok
Result: passed
Duration: 0.210s

Metadata:
    allowed_architectures is empty
    allowed_platforms is empty
    description is empty
    has_cleanup = false
    required_configs is empty
    required_disk_space = 0
    required_files is empty
    required_memory = 0
    required_programs is empty
    required_user is empty
    timeout = 300

Standard error:
20150728-163638 D 55936 utils/env.cpp:152: Setting environment variable 'KYUA_CONFDIR' to '/tmp/kyua.atf-tester.hJOeji/system-dir'
20150728-163638 D 55936 utils/env.cpp:152: Setting environment variable 'HOME' to '/the/user/does/not/exist'
20150728-163638 D 55936 utils/env.cpp:92: Environment variable 'HOME' is '/the/user/does/not/exist'
20150728-163638 D 55936 utils/env.cpp:114: Environment variable 'KYUA_CONFDIR' is '/tmp/kyua.atf-tester.hJOeji/system-dir'
===> local/kyua/cli/config_test:load_config__user__bad_home
Result: passed
Duration: 0.312s

Metadata:
    allowed_architectures is empty
    allowed_platforms is empty
    description is empty
    has_cleanup = false
    required_configs is empty
    required_disk_space = 0
    required_files is empty
    required_memory = 0
    required_programs is empty
    required_user is empty
    timeout = 300

Standard error:
20150728-163638 D 55938 utils/env.cpp:152: Setting environment variable 'KYUA_CONFDIR' to '/tmp/kyua.atf-tester.xqnKBf/system-dir'
20150728-163638 D 55938 utils/env.cpp:152: Setting environment variable 'HOME' to ''
20150728-163638 D 55938 utils/env.cpp:92: Environment variable 'HOME' is ''
20150728-163638 W 55938 utils/env.cpp:133: Invalid value '' in HOME environment variable: Invalid path '': Cannot be empty
20150728-163638 D 55938 utils/env.cpp:114: Environment variable 'KYUA_CONFDIR' is '/tmp/kyua.atf-tester.xqnKBf/system-dir'
===> local/kyua/cli/config_test:load_config__user__fail
Result: passed
Duration: 0.299s

Metadata:
    allowed_architectures is empty
    allowed_platforms is empty
    description is empty
    has_cleanup = false
    required_configs is empty
    required_disk_space = 0
    required_files is empty
    required_memory = 0
    required_programs is empty
    required_user is empty
    timeout = 300

Standard error:
20150728-163638 D 55940 utils/env.cpp:152: Setting environment variable 'KYUA_CONFDIR' to '/tmp/kyua.atf-tester.iMywyB/system-dir'
20150728-163638 D 55940 utils/env.cpp:152: Setting environment variable 'HOME' to '/tmp/kyua.atf-tester.iMywyB/user-dir'
20150728-163638 D 55940 utils/env.cpp:92: Environment variable 'HOME' is '/tmp/kyua.atf-tester.iMywyB/user-dir'
20150728-163638 D 55940 utils/env.cpp:92: Environment variable 'HOME' is '/tmp/kyua.atf-tester.iMywyB/user-dir'
20150728-163638 W 55940 cli/config.cpp:218: Ignoring failure to load configuration because the requested command should not fail: Load of '/tmp/kyua.atf-tester.iMywyB/user-dir/.kyua/kyua.conf' failed: Failed to load Lua file '/tmp/kyua.atf-tester.iMywyB/user-dir/.kyua/kyua.conf': /tmp/kyua.atf-tester.iMywyB/user-dir/.kyua/kyua.conf:1: Unsupported config version 200
===> local/kyua/cli/config_test:load_config__user__ok
Result: passed
Duration: 0.180s

Metadata:
    allowed_architectures is empty
    allowed_platforms is empty
    description is empty
    has_cleanup = false
    required_configs is empty
    required_disk_space = 0
    required_files is empty
    required_memory = 0
    required_programs is empty
    required_user is empty
    timeout = 300

Standard error:
20150728-163638 D 55942 utils/env.cpp:152: Setting environment variable 'KYUA_CONFDIR' to '/tmp/kyua.atf-tester.9Lftgt/system-dir'
20150728-163638 D 55942 utils/env.cpp:152: Setting environment variable 'HOME' to '/tmp/kyua.atf-tester.9Lftgt/user-dir'
20150728-163638 D 55942 utils/env.cpp:92: Environment variable 'HOME' is '/tmp/kyua.atf-tester.9Lftgt/user-dir'
===> local/kyua/cli/main_test:detail__default_log_name__hardcoded
Result: passed
Duration: 0.425s

Metadata:
    allowed_architectures is empty
    allowed_platforms is empty
    description is empty
    has_cleanup = false
    required_configs is empty
    required_disk_space = 0
    required_files is empty
    required_memory = 0
    required_programs is empty
    required_user is empty
    timeout = 300

Standard error:
20110221-211500 D 55946 utils/cmdline/globals.cpp:63: Program name: progname3
20110221-211500 D 55946 utils/env.cpp:182: Unsetting environment variable 'HOME'
20110221-211500 D 55946 utils/env.cpp:182: Unsetting environment variable 'TMPDIR'
20110221-211500 D 55946 utils/env.cpp:89: Environment variable 'HOME' is not defined
20110221-211500 D 55946 utils/env.cpp:89: Environment variable 'TMPDIR' is not defined
===> local/kyua/cli/main_test:detail__default_log_name__home
Result: passed
Duration: 0.194s

Metadata:
    allowed_architectures is empty
    allowed_platforms is empty
    description is empty
    has_cleanup = false
    required_configs is empty
    required_disk_space = 0
    required_files is empty
    required_memory = 0
    required_programs is empty
    required_user is empty
    timeout = 300

Standard error:
20110221-211030 D 55948 utils/cmdline/globals.cpp:63: Program name: progname1
20110221-211030 D 55948 utils/env.cpp:152: Setting environment variable 'HOME' to '/home//fake'
20110221-211030 D 55948 utils/env.cpp:152: Setting environment variable 'TMPDIR' to '/do/not/use/this'
20110221-211030 D 55948 utils/env.cpp:92: Environment variable 'HOME' is '/home//fake'
===> local/kyua/cli/main_test:detail__default_log_name__tmpdir
Result: passed
Duration: 0.084s

Metadata:
    allowed_architectures is empty
    allowed_platforms is empty
    description is empty
    has_cleanup = false
    required_configs is empty
    required_disk_space = 0
    required_files is empty
    required_memory = 0
    required_programs is empty
    required_user is empty
    timeout = 300

Standard error:
20110221-211050 D 55950 utils/cmdline/globals.cpp:63: Program name: progname2
20110221-211050 D 55950 utils/env.cpp:182: Unsetting environment variable 'HOME'
20110221-211050 D 55950 utils/env.cpp:152: Setting environment variable 'TMPDIR' to '/a/b//c'
20110221-211050 D 55950 utils/env.cpp:89: Environment variable 'HOME' is not defined
20110221-211050 D 55950 utils/env.cpp:92: Environment variable 'TMPDIR' is '/a/b//c'
===> local/kyua/cli/main_test:main__logfile__default
Result: passed
Duration: 0.248s

Metadata:
    allowed_architectures is empty
    allowed_platforms is empty
    description is empty
    has_cleanup = false
    required_configs is empty
    required_disk_space = 0
    required_files is empty
    required_memory = 0
    required_programs is empty
    required_user is empty
    timeout = 300

Standard error:
Usage error: No command provided.
Type 'progname help' for usage information.
===> local/kyua/cli/main_test:main__logfile__override
Result: passed
Duration: 0.045s

Metadata:
    allowed_architectures is empty
    allowed_platforms is empty
    description is empty
    has_cleanup = false
    required_configs is empty
    required_disk_space = 0
    required_files is empty
    required_memory = 0
    required_programs is empty
    required_user is empty
    timeout = 300

Standard error:
Usage error: No command provided.
Type 'progname help' for usage information.
===> local/kyua/cli/main_test:main__loglevel__default
Result: passed
Duration: 0.319s

Metadata:
    allowed_architectures is empty
    allowed_platforms is empty
    description is empty
    has_cleanup = false
    required_configs is empty
    required_disk_space = 0
    required_files is empty
    required_memory = 0
    required_programs is empty
    required_user is empty
    timeout = 300

Standard output:
Looking for 'Mock debug message' in '20150728-163640 E 55956 cli/main_test.cpp:301: Mock error message'
Looking for 'Mock debug message' in '20150728-163640 I 55956 cli/main_test.cpp:302: Mock info message'
Looking for 'Mock debug message' in '20150728-163640 W 55956 cli/main_test.cpp:303: Mock warning message'
Looking for 'Mock debug message' in '20150728-163640 E 55956 cli/main.cpp:283: Usage error: No command provided.'
Looking for 'Mock error message' in '20150728-163640 E 55956 cli/main_test.cpp:301: Mock error message'
Looking for 'Mock info message' in '20150728-163640 E 55956 cli/main_test.cpp:301: Mock error message'
Looking for 'Mock info message' in '20150728-163640 I 55956 cli/main_test.cpp:302: Mock info message'
Looking for 'Mock warning message' in '20150728-163640 E 55956 cli/main_test.cpp:301: Mock error message'
Looking for 'Mock warning message' in '20150728-163640 I 55956 cli/main_test.cpp:302: Mock info message'
Looking for 'Mock warning message' in '20150728-163640 W 55956 cli/main_test.cpp:303: Mock warning message'

Standard error:
Usage error: No command provided.
Type 'progname help' for usage information.
===> local/kyua/cli/main_test:main__loglevel__error
Result: passed
Duration: 0.279s

Metadata:
    allowed_architectures is empty
    allowed_platforms is empty
    description is empty
    has_cleanup = false
    required_configs is empty
    required_disk_space = 0
    required_files is empty
    required_memory = 0
    required_programs is empty
    required_user is empty
    timeout = 300

Standard output:
Looking for 'Usage error.*i-am-invalid' in 'Usage error: Unrecognized log level 'i-am-invalid'.'

Standard error:
Usage error: Unrecognized log level 'i-am-invalid'.
Type 'progname help' for usage information.
===> local/kyua/cli/main_test:main__loglevel__higher
Result: passed
Duration: 0.396s

Metadata:
    allowed_architectures is empty
    allowed_platforms is empty
    description is empty
    has_cleanup = false
    required_configs is empty
    required_disk_space = 0
    required_files is empty
    required_memory = 0
    required_programs is empty
    required_user is empty
    timeout = 300

Standard output:
Looking for 'Mock debug message' in '20150728-163640 D 55960 utils/cmdline/globals.cpp:63: Program name: progname'
Looking for 'Mock debug message' in '20150728-163640 D 55960 cli/main_test.cpp:324: Mock debug message'
Looking for 'Mock error message' in '20150728-163640 D 55960 utils/cmdline/globals.cpp:63: Program name: progname'
Looking for 'Mock error message' in '20150728-163640 D 55960 cli/main_test.cpp:324: Mock debug message'
Looking for 'Mock error message' in '20150728-163640 E 55960 cli/main_test.cpp:325: Mock error message'
Looking for 'Mock info message' in '20150728-163640 D 55960 utils/cmdline/globals.cpp:63: Program name: progname'
Looking for 'Mock info message' in '20150728-163640 D 55960 cli/main_test.cpp:324: Mock debug message'
Looking for 'Mock info message' in '20150728-163640 E 55960 cli/main_test.cpp:325: Mock error message'
Looking for 'Mock info message' in '20150728-163640 I 55960 cli/main_test.cpp:326: Mock info message'
Looking for 'Mock warning message' in '20150728-163640 D 55960 utils/cmdline/globals.cpp:63: Program name: progname'
Looking for 'Mock warning message' in '20150728-163640 D 55960 cli/main_test.cpp:324: Mock debug message'
Looking for 'Mock warning message' in '20150728-163640 E 55960 cli/main_test.cpp:325: Mock error message'
Looking for 'Mock warning message' in '20150728-163640 I 55960 cli/main_test.cpp:326: Mock info message'
Looking for 'Mock warning message' in '20150728-163640 W 55960 cli/main_test.cpp:327: Mock warning message'

Standard error:
Usage error: No command provided.
Type 'progname help' for usage information.
===> local/kyua/cli/main_test:main__loglevel__lower
Result: passed
Duration: 0.182s

Metadata:
    allowed_architectures is empty
    allowed_platforms is empty
    description is empty
    has_cleanup = false
    required_configs is empty
    required_disk_space = 0
    required_files is empty
    required_memory = 0
    required_programs is empty
    required_user is empty
    timeout = 300

Standard output:
Looking for 'Mock debug message' in '20150728-163641 E 55962 cli/main_test.cpp:349: Mock error message'
Looking for 'Mock debug message' in '20150728-163641 W 55962 cli/main_test.cpp:351: Mock warning message'
Looking for 'Mock debug message' in '20150728-163641 E 55962 cli/main.cpp:283: Usage error: No command provided.'
Looking for 'Mock error message' in '20150728-163641 E 55962 cli/main_test.cpp:349: Mock error message'
Looking for 'Mock info message' in '20150728-163641 E 55962 cli/main_test.cpp:349: Mock error message'
Looking for 'Mock info message' in '20150728-163641 W 55962 cli/main_test.cpp:351: Mock warning message'
Looking for 'Mock info message' in '20150728-163641 E 55962 cli/main.cpp:283: Usage error: No command provided.'
Looking for 'Mock warning message' in '20150728-163641 E 55962 cli/main_test.cpp:349: Mock error message'
Looking for 'Mock warning message' in '20150728-163641 W 55962 cli/main_test.cpp:351: Mock warning message'

Standard error:
Usage error: No command provided.
Type 'progname help' for usage information.
===> local/kyua/cli/main_test:main__no_args
Result: passed
Duration: 0.208s

Metadata:
    allowed_architectures is empty
    allowed_platforms is empty
    description is empty
    has_cleanup = false
    required_configs is empty
    required_disk_space = 0
    required_files is empty
    required_memory = 0
    required_programs is empty
    required_user is empty
    timeout = 300

Standard output:
Looking for 'Usage error: No command provided' in 'Usage error: No command provided.'
Looking for 'Type.*progname help' in 'Usage error: No command provided.'
Looking for 'Type.*progname help' in 'Type 'progname help' for usage information.'

Standard error:
Usage error: No command provided.
Type 'progname help' for usage information.
===> local/kyua/cli/main_test:main__subcommand__crash
Result: passed
Duration: 1.567s

Metadata:
    allowed_architectures is empty
    allowed_platforms is empty
    description is empty
    has_cleanup = false
    required_configs is empty
    required_disk_space = 0
    required_files is empty
    required_memory = 0
    required_programs is empty
    required_user is empty
    timeout = 300

Standard output:
Looking for 'Fatal signal' in '*** Fatal signal 6 received'

Standard error:
20150728-163641 D 55966 utils/process/child.cpp:350: Spawned process 55967: stdout=stdout.txt, stderr=stderr.txt
20150728-163641 D 55966 utils/process/child.cpp:145: Waiting for pid=55967
===> local/kyua/cli/main_test:main__subcommand__invalid_args
Result: passed
Duration: 0.098s

Metadata:
    allowed_architectures is empty
    allowed_platforms is empty
    description is empty
    has_cleanup = false
    required_configs is empty
    required_disk_space = 0
    required_files is empty
    required_memory = 0
    required_programs is empty
    required_user is empty
    timeout = 300

Standard output:
Looking for 'Usage error for command mock_write: Too many arguments.' in 'Usage error for command mock_write: Too many arguments.'
Looking for 'Type.*progname help' in 'Usage error for command mock_write: Too many arguments.'
Looking for 'Type.*progname help' in 'Type 'progname help mock_write' for usage information.'

Standard error:
Usage error for command mock_write: Too many arguments.
Type 'progname help mock_write' for usage information.
===> local/kyua/cli/main_test:main__subcommand__ok
Result: passed
Duration: 0.101s

Metadata:
    allowed_architectures is empty
    allowed_platforms is empty
    description is empty
    has_cleanup = false
    required_configs is empty
    required_disk_space = 0
    required_files is empty
    required_memory = 0
    required_programs is empty
    required_user is empty
    timeout = 300

Standard output:
stdout message from subcommand

Standard error:
stderr message from subcommand
===> local/kyua/cli/main_test:main__subcommand__runtime_error
Result: passed
Duration: 0.166s

Metadata:
    allowed_architectures is empty
    allowed_platforms is empty
    description is empty
    has_cleanup = false
    required_configs is empty
    required_disk_space = 0
    required_files is empty
    required_memory = 0
    required_programs is empty
    required_user is empty
    timeout = 300

Standard output:
Looking for 'progname: E: Runtime error.' in 'progname: E: Runtime error.'

Standard error:
progname: E: Runtime error.
===> local/kyua/cli/main_test:main__subcommand__unhandled_exception
Result: passed
Duration: 0.100s

Metadata:
    allowed_architectures is empty
    allowed_platforms is empty
    description is empty
    has_cleanup = false
    required_configs is empty
    required_disk_space = 0
    required_files is empty
    required_memory = 0
    required_programs is empty
    required_user is empty
    timeout = 300
===> local/kyua/cli/main_test:main__unknown_command
Result: passed
Duration: 0.151s

Metadata:
    allowed_architectures is empty
    allowed_platforms is empty
    description is empty
    has_cleanup = false
    required_configs is empty
    required_disk_space = 0
    required_files is empty
    required_memory = 0
    required_programs is empty
    required_user is empty
    timeout = 300

Standard output:
Looking for 'Usage error: Unknown command.*foo' in 'Usage error: Unknown command 'foo'.'
Looking for 'Type.*progname help' in 'Usage error: Unknown command 'foo'.'
Looking for 'Type.*progname help' in 'Type 'progname help' for usage information.'

Standard error:
Usage error: Unknown command 'foo'.
Type 'progname help' for usage information.
===> local/kyua/drivers/list_tests_test:build_root
Result: passed
Duration: 0.167s

Metadata:
    allowed_architectures is empty
    allowed_platforms is empty
    description is empty
    has_cleanup = false
    required_configs is empty
    required_disk_space = 0
    required_files is empty
    required_memory = 0
    required_programs is empty
    required_user is empty
    timeout = 300

Standard error:
20150728-163643 D 55981 utils/env.cpp:152: Setting environment variable 'TESTS' to 'no_properties some_properties'
20150728-163643 D 55981 utils/env.cpp:111: Environment variable 'KYUA_TESTERSDIR' is not defined; using default '/usr/local/libexec'
20150728-163643 I 55981 engine/testers.cpp:136: Found tester for interface atf in /usr/local/libexec/kyua-atf-tester
20150728-163643 I 55981 engine/testers.cpp:136: Found tester for interface tap in /usr/local/libexec/kyua-tap-tester
20150728-163643 I 55981 engine/testers.cpp:136: Found tester for interface plain in /usr/local/libexec/kyua-plain-tester
20150728-163643 D 55981 utils/process/child.cpp:289: Spawned process 55982: stdout and stderr inherited
20150728-163643 D 55981 utils/process/child.cpp:167: Executing /usr/local/libexec/kyua-atf-tester list /tmp/kyua.atf-tester.vMgClB/build/dir/program
20150728-163644 D 55981 utils/process/child.cpp:145: Waiting for pid=55982
===> local/kyua/drivers/list_tests_test:config_in_head
Result: passed
Duration: 0.120s

Metadata:
    allowed_architectures is empty
    allowed_platforms is empty
    description is empty
    has_cleanup = false
    required_configs is empty
    required_disk_space = 0
    required_files is empty
    required_memory = 0
    required_programs is empty
    required_user is empty
    timeout = 300

Standard error:
20150728-163644 D 55985 utils/env.cpp:152: Setting environment variable 'TESTS' to 'config_in_head'
20150728-163644 D 55985 utils/env.cpp:111: Environment variable 'KYUA_TESTERSDIR' is not defined; using default '/usr/local/libexec'
20150728-163644 I 55985 engine/testers.cpp:136: Found tester for interface atf in /usr/local/libexec/kyua-atf-tester
20150728-163644 I 55985 engine/testers.cpp:136: Found tester for interface tap in /usr/local/libexec/kyua-tap-tester
20150728-163644 I 55985 engine/testers.cpp:136: Found tester for interface plain in /usr/local/libexec/kyua-plain-tester
20150728-163644 D 55985 utils/process/child.cpp:289: Spawned process 55986: stdout and stderr inherited
20150728-163644 D 55985 utils/process/child.cpp:167: Executing /usr/local/libexec/kyua-atf-tester -vthe-variable=magic value list /tmp/kyua.atf-tester.dvv8yj/build/dir/program
20150728-163644 D 55985 utils/process/child.cpp:145: Waiting for pid=55986
===> local/kyua/drivers/list_tests_test:crash
Result: passed
Duration: 2.353s

Metadata:
    allowed_architectures is empty
    allowed_platforms is empty
    description is empty
    has_cleanup = false
    required_configs is empty
    required_disk_space = 0
    required_files is empty
    required_memory = 0
    required_programs is empty
    required_user is empty
    timeout = 300

Standard error:
20150728-163644 D 55989 utils/env.cpp:152: Setting environment variable 'TESTS' to 'crash_list some_properties'
20150728-163644 D 55989 utils/env.cpp:111: Environment variable 'KYUA_TESTERSDIR' is not defined; using default '/usr/local/libexec'
20150728-163644 I 55989 engine/testers.cpp:136: Found tester for interface atf in /usr/local/libexec/kyua-atf-tester
20150728-163644 I 55989 engine/testers.cpp:136: Found tester for interface tap in /usr/local/libexec/kyua-tap-tester
20150728-163644 I 55989 engine/testers.cpp:136: Found tester for interface plain in /usr/local/libexec/kyua-plain-tester
20150728-163644 D 55989 utils/process/child.cpp:289: Spawned process 55990: stdout and stderr inherited
20150728-163644 D 55989 utils/process/child.cpp:167: Executing /usr/local/libexec/kyua-atf-tester list /tmp/kyua.atf-tester.Oyt8fX/root/dir/program
20150728-163646 D 55989 utils/process/child.cpp:145: Waiting for pid=55990
20150728-163646 W 55989 engine/runner.cpp:265: Failed to load test cases list: Tester did not exit cleanly: kyua-atf-tester: Test program list did not return success
===> local/kyua/drivers/list_tests_test:filter_match
Result: passed
Duration: 0.118s

Metadata:
    allowed_architectures is empty
    allowed_platforms is empty
    description is empty
    has_cleanup = false
    required_configs is empty
    required_disk_space = 0
    required_files is empty
    required_memory = 0
    required_programs is empty
    required_user is empty
    timeout = 300

Standard error:
20150728-163646 D 55995 utils/env.cpp:152: Setting environment variable 'TESTS' to 'no_properties some_properties'
20150728-163646 D 55995 utils/env.cpp:111: Environment variable 'KYUA_TESTERSDIR' is not defined; using default '/usr/local/libexec'
20150728-163646 I 55995 engine/testers.cpp:136: Found tester for interface atf in /usr/local/libexec/kyua-atf-tester
20150728-163646 I 55995 engine/testers.cpp:136: Found tester for interface tap in /usr/local/libexec/kyua-tap-tester
20150728-163646 I 55995 engine/testers.cpp:136: Found tester for interface plain in /usr/local/libexec/kyua-plain-tester
20150728-163646 D 55995 utils/process/child.cpp:289: Spawned process 55996: stdout and stderr inherited
20150728-163646 D 55995 utils/process/child.cpp:167: Executing /usr/local/libexec/kyua-atf-tester list /tmp/kyua.atf-tester.Jo5zdk/root/dir/program
20150728-163646 D 55995 utils/process/child.cpp:145: Waiting for pid=55996
===> local/kyua/drivers/list_tests_test:many_test_cases
Result: passed
Duration: 0.154s

Metadata:
    allowed_architectures is empty
    allowed_platforms is empty
    description is empty
    has_cleanup = false
    required_configs is empty
    required_disk_space = 0
    required_files is empty
    required_memory = 0
    required_programs is empty
    required_user is empty
    timeout = 300

Standard error:
20150728-163646 D 55999 utils/env.cpp:152: Setting environment variable 'TESTS' to 'no_properties some_properties'
20150728-163646 D 55999 utils/env.cpp:111: Environment variable 'KYUA_TESTERSDIR' is not defined; using default '/usr/local/libexec'
20150728-163646 I 55999 engine/testers.cpp:136: Found tester for interface atf in /usr/local/libexec/kyua-atf-tester
20150728-163646 I 55999 engine/testers.cpp:136: Found tester for interface tap in /usr/local/libexec/kyua-tap-tester
20150728-163646 I 55999 engine/testers.cpp:136: Found tester for interface plain in /usr/local/libexec/kyua-plain-tester
20150728-163646 D 55999 utils/process/child.cpp:289: Spawned process 56000: stdout and stderr inherited
20150728-163646 D 55999 utils/process/child.cpp:167: Executing /usr/local/libexec/kyua-atf-tester list /tmp/kyua.atf-tester.MK2CAN/root/dir/program
20150728-163646 D 55999 utils/process/child.cpp:145: Waiting for pid=56000
===> local/kyua/drivers/list_tests_test:one_test_case
Result: passed
Duration: 0.139s

Metadata:
    allowed_architectures is empty
    allowed_platforms is empty
    description is empty
    has_cleanup = false
    required_configs is empty
    required_disk_space = 0
    required_files is empty
    required_memory = 0
    required_programs is empty
    required_user is empty
    timeout = 300

Standard error:
20150728-163646 D 56003 utils/env.cpp:152: Setting environment variable 'TESTS' to 'some_properties'
20150728-163646 D 56003 utils/env.cpp:111: Environment variable 'KYUA_TESTERSDIR' is not defined; using default '/usr/local/libexec'
20150728-163646 I 56003 engine/testers.cpp:136: Found tester for interface atf in /usr/local/libexec/kyua-atf-tester
20150728-163646 I 56003 engine/testers.cpp:136: Found tester for interface tap in /usr/local/libexec/kyua-tap-tester
20150728-163646 I 56003 engine/testers.cpp:136: Found tester for interface plain in /usr/local/libexec/kyua-plain-tester
20150728-163646 D 56003 utils/process/child.cpp:289: Spawned process 56004: stdout and stderr inherited
20150728-163646 D 56003 utils/process/child.cpp:167: Executing /usr/local/libexec/kyua-atf-tester list /tmp/kyua.atf-tester.MSNbl6/root/dir/program
20150728-163646 D 56003 utils/process/child.cpp:145: Waiting for pid=56004
===> local/kyua/drivers/report_junit_test:junit_classname
Result: passed
Duration: 0.982s

Metadata:
    allowed_architectures is empty
    allowed_platforms is empty
    description is empty
    has_cleanup = false
    required_configs is empty
    required_disk_space = 0
    required_files is empty
    required_memory = 0
    required_programs is empty
    required_user is empty
    timeout = 300
===> local/kyua/drivers/report_junit_test:junit_duration
Result: passed
Duration: 0.111s

Metadata:
    allowed_architectures is empty
    allowed_platforms is empty
    description is empty
    has_cleanup = false
    required_configs is empty
    required_disk_space = 0
    required_files is empty
    required_memory = 0
    required_programs is empty
    required_user is empty
    timeout = 300
===> local/kyua/drivers/report_junit_test:junit_metadata__defaults
Result: passed
Duration: 0.064s

Metadata:
    allowed_architectures is empty
    allowed_platforms is empty
    description is empty
    has_cleanup = false
    required_configs is empty
    required_disk_space = 0
    required_files is empty
    required_memory = 0
    required_programs is empty
    required_user is empty
    timeout = 300
===> local/kyua/drivers/report_junit_test:junit_metadata__overrides
Result: passed
Duration: 0.036s

Metadata:
    allowed_architectures is empty
    allowed_platforms is empty
    description is empty
    has_cleanup = false
    required_configs is empty
    required_disk_space = 0
    required_files is empty
    required_memory = 0
    required_programs is empty
    required_user is empty
    timeout = 300
===> local/kyua/drivers/report_junit_test:report_junit_hooks__minimal
Result: passed
Duration: 0.129s

Metadata:
    allowed_architectures is empty
    allowed_platforms is empty
    description is empty
    has_cleanup = false
    required_configs is empty
    required_disk_space = 0
    required_files is empty
    required_memory = 0
    required_programs is empty
    required_user is empty
    timeout = 300

Standard error:
20150728-163648 D 56017 utils/sqlite/database.cpp:275: Creating statement: SELECT * FROM sqlite_master
20150728-163648 D 56017 utils/sqlite/statement.cpp:192: Step statement; no more rows
20150728-163648 D 56017 utils/env.cpp:111: Environment variable 'KYUA_STOREDIR' is not defined; using default '/usr/local/share/kyua/store'
20150728-163648 I 56017 store/write_backend.cpp:113: Populating new database with schema from /usr/local/share/kyua/store/schema_v3.sql
20150728-163648 D 56017 utils/sqlite/database.cpp:275: Creating statement: SELECT schema_version, timestamp FROM metadata ORDER BY schema_version DESC LIMIT 1
20150728-163648 D 56017 utils/sqlite/statement.cpp:195: Step statement; row available for processing
20150728-163648 D 56017 utils/sqlite/statement.cpp:192: Step statement; no more rows
20150728-163648 I 56017 store/write_backend.cpp:119: New metadata entry 1438101408
20150728-163648 D 56017 utils/sqlite/database.cpp:275: Creating statement: INSERT INTO contexts (cwd) VALUES (:cwd)
20150728-163648 D 56017 utils/sqlite/statement.cpp:192: Step statement; no more rows
20150728-163648 D 56017 utils/sqlite/database.cpp:275: Creating statement: INSERT INTO env_vars (var_name, var_value) VALUES (:var_name, :var_value)
20150728-163648 D 56017 utils/sqlite/database.cpp:275: Creating statement: SELECT schema_version, timestamp FROM metadata ORDER BY schema_version DESC LIMIT 1
20150728-163648 D 56017 utils/sqlite/statement.cpp:195: Step statement; row available for processing
20150728-163648 D 56017 utils/sqlite/statement.cpp:192: Step statement; no more rows
20150728-163648 D 56017 utils/sqlite/database.cpp:275: Creating statement: SELECT cwd FROM contexts
20150728-163648 D 56017 utils/sqlite/statement.cpp:195: Step statement; row available for processing
20150728-163648 D 56017 utils/sqlite/database.cpp:275: Creating statement: SELECT var_name, var_value FROM env_vars
20150728-163648 D 56017 utils/sqlite/statement.cpp:192: Step statement; no more rows
20150728-163648 D 56017 utils/sqlite/database.cpp:275: Creating statement: SELECT test_programs.test_program_id,     test_programs.interface,     test_cases.test_case_id, test_cases.name,     test_results.result_type, test_results.result_reason,     test_results.start_time, test_results.end_time FROM test_programs     JOIN test_cases     ON test_programs.test_program_id = test_cases.test_program_id     JOIN test_results     ON test_cases.test_case_id = test_results.test_case_id ORDER BY test_programs.absolute_path, test_cases.name
20150728-163648 D 56017 utils/sqlite/statement.cpp:192: Step statement; no more rows
===> local/kyua/drivers/report_junit_test:report_junit_hooks__some_tests
Result: passed
Duration: 0.168s

Metadata:
    allowed_architectures is empty
    allowed_platforms is empty
    description is empty
    has_cleanup = false
    required_configs is empty
    required_disk_space = 0
    required_files is empty
    required_memory = 0
    required_programs is empty
    required_user is empty
    timeout = 300

Standard error:
20150728-163648 D 56019 utils/sqlite/database.cpp:275: Creating statement: SELECT * FROM sqlite_master
20150728-163648 D 56019 utils/sqlite/statement.cpp:192: Step statement; no more rows
20150728-163648 D 56019 utils/env.cpp:111: Environment variable 'KYUA_STOREDIR' is not defined; using default '/usr/local/share/kyua/store'
20150728-163648 I 56019 store/write_backend.cpp:113: Populating new database with schema from /usr/local/share/kyua/store/schema_v3.sql
20150728-163648 D 56019 utils/sqlite/database.cpp:275: Creating statement: SELECT schema_version, timestamp FROM metadata ORDER BY schema_version DESC LIMIT 1
20150728-163648 D 56019 utils/sqlite/statement.cpp:195: Step statement; row available for processing
20150728-163648 D 56019 utils/sqlite/statement.cpp:192: Step statement; no more rows
20150728-163648 I 56019 store/write_backend.cpp:119: New metadata entry 1438101408
20150728-163648 D 56019 utils/sqlite/database.cpp:275: Creating statement: INSERT INTO contexts (cwd) VALUES (:cwd)
20150728-163648 D 56019 utils/sqlite/statement.cpp:192: Step statement; no more rows
20150728-163648 D 56019 utils/sqlite/database.cpp:275: Creating statement: INSERT INTO env_vars (var_name, var_value) VALUES (:var_name, :var_value)
20150728-163648 D 56019 utils/sqlite/statement.cpp:192: Step statement; no more rows
20150728-163648 D 56019 utils/sqlite/statement.cpp:192: Step statement; no more rows
20150728-163648 D 56019 utils/sqlite/database.cpp:275: Creating statement: SELECT MAX(ROWID) AS max_rowid FROM metadatas
20150728-163648 D 56019 utils/sqlite/statement.cpp:195: Step statement; row available for processing
20150728-163648 D 56019 utils/sqlite/database.cpp:275: Creating statement: INSERT INTO metadatas (metadata_id, property_name, property_value) VALUES (:metadata_id, :property_name, :property_value)
20150728-163648 D 56019 utils/sqlite/statement.cpp:192: Step statement; no more rows
20150728-163648 D 56019 utils/sqlite/statement.cpp:192: Step statement; no more rows
20150728-163648 D 56019 utils/sqlite/statement.cpp:192: Step statement; no more rows
20150728-163648 D 56019 utils/sqlite/statement.cpp:192: Step statement; no more rows
20150728-163648 D 56019 utils/sqlite/statement.cpp:192: Step statement; no more rows
20150728-163648 D 56019 utils/sqlite/statement.cpp:192: Step statement; no more rows
20150728-163648 D 56019 utils/sqlite/statement.cpp:192: Step statement; no more rows
20150728-163648 D 56019 utils/sqlite/statement.cpp:192: Step statement; no more rows
20150728-163648 D 56019 utils/sqlite/statement.cpp:192: Step statement; no more rows
20150728-163648 D 56019 utils/sqlite/statement.cpp:192: Step statement; no more rows
20150728-163648 D 56019 utils/sqlite/statement.cpp:192: Step statement; no more rows
20150728-163648 D 56019 utils/sqlite/database.cpp:275: Creating statement: INSERT INTO test_programs (absolute_path,                            root, relative_path, test_suite_name,                            metadata_id, interface) VALUES (:absolute_path, :root, :relative_path,         :test_suite_name, :metadata_id, :interface)
20150728-163648 D 56019 utils/sqlite/statement.cpp:192: Step statement; no more rows
20150728-163648 D 56019 utils/sqlite/database.cpp:275: Creating statement: SELECT MAX(ROWID) AS max_rowid FROM metadatas
20150728-163648 D 56019 utils/sqlite/statement.cpp:195: Step statement; row available for processing
20150728-163648 D 56019 utils/sqlite/database.cpp:275: Creating statement: INSERT INTO metadatas (metadata_id, property_name, property_value) VALUES (:metadata_id, :property_name, :property_value)
20150728-163648 D 56019 utils/sqlite/statement.cpp:192: Step statement; no more rows
20150728-163648 D 56019 utils/sqlite/statement.cpp:192: Step statement; no more rows
20150728-163648 D 56019 utils/sqlite/statement.cpp:192: Step statement; no more rows
20150728-163648 D 56019 utils/sqlite/statement.cpp:192: Step statement; no more rows
20150728-163648 D 56019 utils/sqlite/statement.cpp:192: Step statement; no more rows
20150728-163648 D 56019 utils/sqlite/statement.cpp:192: Step statement; no more rows
20150728-163648 D 56019 utils/sqlite/statement.cpp:192: Step statement; no more rows
20150728-163648 D 56019 utils/sqlite/statement.cpp:192: Step statement; no more rows
20150728-163648 D 56019 utils/sqlite/statement.cpp:192: Step statement; no more rows
20150728-163648 D 56019 utils/sqlite/statement.cpp:192: Step statement; no more rows
20150728-163648 D 56019 utils/sqlite/statement.cpp:192: Step statement; no more rows
20150728-163648 D 56019 utils/sqlite/database.cpp:275: Creating statement: INSERT INTO test_cases (test_program_id, name, metadata_id) VALUES (:test_program_id, :name, :metadata_id)
20150728-163648 D 56019 utils/sqlite/statement.cpp:192: Step statement; no more rows
20150728-163648 D 56019 utils/sqlite/database.cpp:275: Creating statement: INSERT INTO test_results (test_case_id, result_type,                           result_reason, start_time,                           end_time) VALUES (:test_case_id, :result_type, :result_reason,         :start_time, :end_time)
20150728-163648 D 56019 utils/sqlite/statement.cpp:192: Step statement; no more rows
20150728-163648 D 56019 utils/sqlite/database.cpp:275: Creating statement: SELECT MAX(ROWID) AS max_rowid FROM metadatas
20150728-163648 D 56019 utils/sqlite/statement.cpp:195: Step statement; row available for processing
20150728-163648 D 56019 utils/sqlite/database.cpp:275: Creating statement: INSERT INTO metadatas (metadata_id, property_name, property_value) VALUES (:metadata_id, :property_name, :property_value)
20150728-163648 D 56019 utils/sqlite/statement.cpp:192: Step statement; no more rows
20150728-163648 D 56019 utils/sqlite/statement.cpp:192: Step statement; no more rows
20150728-163648 D 56019 utils/sqlite/statement.cpp:192: Step statement; no more rows
20150728-163648 D 56019 utils/sqlite/statement.cpp:192: Step statement; no more rows
20150728-163648 D 56019 utils/sqlite/statement.cpp:192: Step statement; no more rows
20150728-163648 D 56019 utils/sqlite/statement.cpp:192: Step statement; no more rows
20150728-163648 D 56019 utils/sqlite/statement.cpp:192: Step statement; no more rows
20150728-163648 D 56019 utils/sqlite/statement.cpp:192: Step statement; no more rows
20150728-163648 D 56019 utils/sqlite/statement.cpp:192: Step statement; no more rows
20150728-163648 D 56019 utils/sqlite/statement.cpp:192: Step statement; no more rows
20150728-163648 D 56019 utils/sqlite/statement.cpp:192: Step statement; no more rows
20150728-163648 D 56019 utils/sqlite/database.cpp:275: Creating statement: INSERT INTO test_cases (test_program_id, name, metadata_id) VALUES (:test_program_id, :name, :metadata_id)
20150728-163648 D 56019 utils/sqlite/statement.cpp:192: Step statement; no more rows
20150728-163648 D 56019 utils/sqlite/database.cpp:275: Creating statement: INSERT INTO test_results (test_case_id, result_type,                           result_reason, start_time,                           end_time) VALUES (:test_case_id, :result_type, :result_reason,         :start_time, :end_time)
20150728-163648 D 56019 utils/sqlite/statement.cpp:192: Step statement; no more rows
20150728-163648 D 56019 utils/sqlite/database.cpp:275: Creating statement: SELECT MAX(ROWID) AS max_rowid FROM metadatas
20150728-163648 D 56019 utils/sqlite/statement.cpp:195: Step statement; row available for processing
20150728-163648 D 56019 utils/sqlite/database.cpp:275: Creating statement: INSERT INTO metadatas (metadata_id, property_name, property_value) VALUES (:metadata_id, :property_name, :property_value)
20150728-163648 D 56019 utils/sqlite/statement.cpp:192: Step statement; no more rows
20150728-163648 D 56019 utils/sqlite/statement.cpp:192: Step statement; no more rows
20150728-163648 D 56019 utils/sqlite/statement.cpp:192: Step statement; no more rows
20150728-163648 D 56019 utils/sqlite/statement.cpp:192: Step statement; no more rows
20150728-163648 D 56019 utils/sqlite/statement.cpp:192: Step statement; no more rows
20150728-163648 D 56019 utils/sqlite/statement.cpp:192: Step statement; no more rows
20150728-163648 D 56019 utils/sqlite/statement.cpp:192: Step statement; no more rows
20150728-163648 D 56019 utils/sqlite/statement.cpp:192: Step statement; no more rows
20150728-163648 D 56019 utils/sqlite/statement.cpp:192: Step statement; no more rows
20150728-163648 D 56019 utils/sqlite/statement.cpp:192: Step statement; no more rows
20150728-163648 D 56019 utils/sqlite/statement.cpp:192: Step statement; no more rows
20150728-163648 D 56019 utils/sqlite/database.cpp:275: Creating statement: INSERT INTO test_cases (test_program_id, name, metadata_id) VALUES (:test_program_id, :name, :metadata_id)
20150728-163648 D 56019 utils/sqlite/statement.cpp:192: Step statement; no more rows
20150728-163648 D 56019 utils/sqlite/database.cpp:275: Creating statement: INSERT INTO test_results (test_case_id, result_type,                           result_reason, start_time,                           end_time) VALUES (:test_case_id, :result_type, :result_reason,         :start_time, :end_time)
20150728-163648 D 56019 utils/sqlite/statement.cpp:192: Step statement; no more rows
20150728-163648 D 56019 utils/sqlite/database.cpp:275: Creating statement: SELECT MAX(ROWID) AS max_rowid FROM metadatas
20150728-163648 D 56019 utils/sqlite/statement.cpp:195: Step statement; row available for processing
20150728-163648 D 56019 utils/sqlite/database.cpp:275: Creating statement: INSERT INTO metadatas (metadata_id, property_name, property_value) VALUES (:metadata_id, :property_name, :property_value)
20150728-163648 D 56019 utils/sqlite/statement.cpp:192: Step statement; no more rows
20150728-163648 D 56019 utils/sqlite/statement.cpp:192: Step statement; no more rows
20150728-163648 D 56019 utils/sqlite/statement.cpp:192: Step statement; no more rows
20150728-163648 D 56019 utils/sqlite/statement.cpp:192: Step statement; no more rows
20150728-163648 D 56019 utils/sqlite/statement.cpp:192: Step statement; no more rows
20150728-163648 D 56019 utils/sqlite/statement.cpp:192: Step statement; no more rows
20150728-163648 D 56019 utils/sqlite/statement.cpp:192: Step statement; no more rows
20150728-163648 D 56019 utils/sqlite/statement.cpp:192: Step statement; no more rows
20150728-163648 D 56019 utils/sqlite/statement.cpp:192: Step statement; no more rows
20150728-163648 D 56019 utils/sqlite/statement.cpp:192: Step statement; no more rows
20150728-163648 D 56019 utils/sqlite/statement.cpp:192: Step statement; no more rows
20150728-163648 D 56019 utils/sqlite/database.cpp:275: Creating statement: INSERT INTO test_programs (absolute_path,                            root, relative_path, test_suite_name,                            metadata_id, interface) VALUES (:absolute_path, :root, :relative_path,         :test_suite_name, :metadata_id, :interface)
20150728-163648 D 56019 utils/sqlite/statement.cpp:192: Step statement; no more rows
20150728-163648 D 56019 utils/sqlite/database.cpp:275: Creating statement: SELECT MAX(ROWID) AS max_rowid FROM metadatas
20150728-163648 D 56019 utils/sqlite/statement.cpp:195: Step statement; row available for processing
20150728-163648 D 56019 utils/sqlite/database.cpp:275: Creating statement: INSERT INTO metadatas (metadata_id, property_name, property_value) VALUES (:metadata_id, :property_name, :property_value)
20150728-163648 D 56019 utils/sqlite/statement.cpp:192: Step statement; no more rows
20150728-163648 D 56019 utils/sqlite/statement.cpp:192: Step statement; no more rows
20150728-163648 D 56019 utils/sqlite/statement.cpp:192: Step statement; no more rows
20150728-163648 D 56019 utils/sqlite/statement.cpp:192: Step statement; no more rows
20150728-163648 D 56019 utils/sqlite/statement.cpp:192: Step statement; no more rows
20150728-163648 D 56019 utils/sqlite/statement.cpp:192: Step statement; no more rows
20150728-163648 D 56019 utils/sqlite/statement.cpp:192: Step statement; no more rows
20150728-163648 D 56019 utils/sqlite/statement.cpp:192: Step statement; no more rows
20150728-163648 D 56019 utils/sqlite/statement.cpp:192: Step statement; no more rows
20150728-163648 D 56019 utils/sqlite/statement.cpp:192: Step statement; no more rows
20150728-163648 D 56019 utils/sqlite/statement.cpp:192: Step statement; no more rows
20150728-163648 D 56019 utils/sqlite/database.cpp:275: Creating statement: INSERT INTO test_cases (test_program_id, name, metadata_id) VALUES (:test_program_id, :name, :metadata_id)
20150728-163648 D 56019 utils/sqlite/statement.cpp:192: Step statement; no more rows
20150728-163648 D 56019 utils/sqlite/database.cpp:275: Creating statement: INSERT INTO test_results (test_case_id, result_type,                           result_reason, start_time,                           end_time) VALUES (:test_case_id, :result_type, :result_reason,         :start_time, :end_time)
20150728-163648 D 56019 utils/sqlite/statement.cpp:192: Step statement; no more rows
20150728-163648 D 56019 store/write_transaction.cpp:371: Storing __STDOUT__ (fake-out) of test case 4
20150728-163648 D 56019 utils/sqlite/database.cpp:275: Creating statement: INSERT INTO files (contents) VALUES (:contents)
20150728-163648 D 56019 utils/sqlite/statement.cpp:192: Step statement; no more rows
20150728-163648 D 56019 utils/sqlite/database.cpp:275: Creating statement: INSERT INTO test_case_files (test_case_id, file_name, file_id) VALUES (:test_case_id, :file_name, :file_id)
20150728-163648 D 56019 utils/sqlite/statement.cpp:192: Step statement; no more rows
20150728-163648 D 56019 store/write_transaction.cpp:371: Storing __STDERR__ (fake-err) of test case 4
20150728-163648 D 56019 utils/sqlite/database.cpp:275: Creating statement: INSERT INTO files (contents) VALUES (:contents)
20150728-163648 D 56019 utils/sqlite/statement.cpp:192: Step statement; no more rows
20150728-163648 D 56019 utils/sqlite/database.cpp:275: Creating statement: INSERT INTO test_case_files (test_case_id, file_name, file_id) VALUES (:test_case_id, :file_name, :file_id)
20150728-163648 D 56019 utils/sqlite/statement.cpp:192: Step statement; no more rows
20150728-163648 D 56019 utils/sqlite/database.cpp:275: Creating statement: SELECT MAX(ROWID) AS max_rowid FROM metadatas
20150728-163648 D 56019 utils/sqlite/statement.cpp:195: Step statement; row available for processing
20150728-163648 D 56019 utils/sqlite/database.cpp:275: Creating statement: INSERT INTO metadatas (metadata_id, property_name, property_value) VALUES (:metadata_id, :property_name, :property_value)
20150728-163648 D 56019 utils/sqlite/statement.cpp:192: Step statement; no more rows
20150728-163648 D 56019 utils/sqlite/statement.cpp:192: Step statement; no more rows
20150728-163648 D 56019 utils/sqlite/statement.cpp:192: Step statement; no more rows
20150728-163648 D 56019 utils/sqlite/statement.cpp:192: Step statement; no more rows
20150728-163648 D 56019 utils/sqlite/statement.cpp:192: Step statement; no more rows
20150728-163648 D 56019 utils/sqlite/statement.cpp:192: Step statement; no more rows
20150728-163648 D 56019 utils/sqlite/statement.cpp:192: Step statement; no more rows
20150728-163648 D 56019 utils/sqlite/statement.cpp:192: Step statement; no more rows
20150728-163648 D 56019 utils/sqlite/statement.cpp:192: Step statement; no more rows
20150728-163648 D 56019 utils/sqlite/statement.cpp:192: Step statement; no more rows
20150728-163648 D 56019 utils/sqlite/statement.cpp:192: Step statement; no more rows
20150728-163648 D 56019 utils/sqlite/database.cpp:275: Creating statement: INSERT INTO test_cases (test_program_id, name, metadata_id) VALUES (:test_program_id, :name, :metadata_id)
20150728-163648 D 56019 utils/sqlite/statement.cpp:192: Step statement; no more rows
20150728-163648 D 56019 utils/sqlite/database.cpp:275: Creating statement: INSERT INTO test_results (test_case_id, result_type,                           result_reason, start_time,                           end_time) VALUES (:test_case_id, :result_type, :result_reason,         :start_time, :end_time)
20150728-163648 D 56019 utils/sqlite/statement.cpp:192: Step statement; no more rows
20150728-163648 D 56019 store/write_transaction.cpp:371: Storing __STDOUT__ (fake-out) of test case 5
20150728-163648 D 56019 utils/sqlite/database.cpp:275: Creating statement: INSERT INTO files (contents) VALUES (:contents)
20150728-163648 D 56019 utils/sqlite/statement.cpp:192: Step statement; no more rows
20150728-163648 D 56019 utils/sqlite/database.cpp:275: Creating statement: INSERT INTO test_case_files (test_case_id, file_name, file_id) VALUES (:test_case_id, :file_name, :file_id)
20150728-163648 D 56019 utils/sqlite/statement.cpp:192: Step statement; no more rows
20150728-163648 D 56019 store/write_transaction.cpp:371: Storing __STDERR__ (fake-err) of test case 5
20150728-163648 D 56019 utils/sqlite/database.cpp:275: Creating statement: INSERT INTO files (contents) VALUES (:contents)
20150728-163648 D 56019 utils/sqlite/statement.cpp:192: Step statement; no more rows
20150728-163648 D 56019 utils/sqlite/database.cpp:275: Creating statement: INSERT INTO test_case_files (test_case_id, file_name, file_id) VALUES (:test_case_id, :file_name, :file_id)
20150728-163648 D 56019 utils/sqlite/statement.cpp:192: Step statement; no more rows
20150728-163648 D 56019 utils/sqlite/database.cpp:275: Creating statement: SELECT schema_version, timestamp FROM metadata ORDER BY schema_version DESC LIMIT 1
20150728-163648 D 56019 utils/sqlite/statement.cpp:195: Step statement; row available for processing
20150728-163648 D 56019 utils/sqlite/statement.cpp:192: Step statement; no more rows
20150728-163648 D 56019 utils/sqlite/database.cpp:275: Creating statement: SELECT cwd FROM contexts
20150728-163648 D 56019 utils/sqlite/statement.cpp:195: Step statement; row available for processing
20150728-163648 D 56019 utils/sqlite/database.cpp:275: Creating statement: SELECT var_name, var_value FROM env_vars
20150728-163648 D 56019 utils/sqlite/statement.cpp:195: Step statement; row available for processing
20150728-163648 D 56019 utils/sqlite/statement.cpp:195: Step statement; row available for processing
20150728-163648 D 56019 utils/sqlite/statement.cpp:192: Step statement; no more rows
20150728-163648 D 56019 utils/sqlite/database.cpp:275: Creating statement: SELECT test_programs.test_program_id,     test_programs.interface,     test_cases.test_case_id, test_cases.name,     test_results.result_type, test_results.result_reason,     test_results.start_time, test_results.end_time FROM test_programs     JOIN test_cases     ON test_programs.test_program_id = test_cases.test_program_id     JOIN test_results     ON test_cases.test_case_id = test_results.test_case_id ORDER BY test_programs.absolute_path, test_cases.name
20150728-163648 D 56019 utils/sqlite/statement.cpp:195: Step statement; row available for processing
20150728-163648 D 56019 utils/sqlite/database.cpp:275: Creating statement: SELECT * FROM test_programs WHERE test_program_id == :id
20150728-163648 D 56019 utils/sqlite/statement.cpp:195: Step statement; row available for processing
20150728-163648 D 56019 utils/sqlite/database.cpp:275: Creating statement: SELECT * FROM metadatas WHERE metadata_id == :metadata_id
20150728-163648 D 56019 utils/sqlite/statement.cpp:195: Step statement; row available for processing
20150728-163648 D 56019 utils/sqlite/statement.cpp:195: Step statement; row available for processing
20150728-163648 D 56019 utils/sqlite/statement.cpp:195: Step statement; row available for processing
20150728-163648 D 56019 utils/sqlite/statement.cpp:195: Step statement; row available for processing
20150728-163648 D 56019 utils/sqlite/statement.cpp:195: Step statement; row available for processing
20150728-163648 D 56019 utils/sqlite/statement.cpp:195: Step statement; row available for processing
20150728-163648 D 56019 utils/sqlite/statement.cpp:195: Step statement; row available for processing
20150728-163648 D 56019 utils/sqlite/statement.cpp:195: Step statement; row available for processing
20150728-163648 D 56019 utils/sqlite/statement.cpp:195: Step statement; row available for processing
20150728-163648 D 56019 utils/sqlite/statement.cpp:195: Step statement; row available for processing
20150728-163648 D 56019 utils/sqlite/statement.cpp:195: Step statement; row available for processing
20150728-163648 D 56019 utils/sqlite/statement.cpp:192: Step statement; no more rows
20150728-163648 D 56019 utils/sqlite/database.cpp:275: Creating statement: SELECT name, metadata_id FROM test_cases WHERE test_program_id == :test_program_id
20150728-163648 D 56019 utils/sqlite/statement.cpp:195: Step statement; row available for processing
20150728-163648 D 56019 utils/sqlite/database.cpp:275: Creating statement: SELECT * FROM metadatas WHERE metadata_id == :metadata_id
20150728-163648 D 56019 utils/sqlite/statement.cpp:195: Step statement; row available for processing
20150728-163648 D 56019 utils/sqlite/statement.cpp:195: Step statement; row available for processing
20150728-163648 D 56019 utils/sqlite/statement.cpp:195: Step statement; row available for processing
20150728-163648 D 56019 utils/sqlite/statement.cpp:195: Step statement; row available for processing
20150728-163648 D 56019 utils/sqlite/statement.cpp:195: Step statement; row available for processing
20150728-163648 D 56019 utils/sqlite/statement.cpp:195: Step statement; row available for processing
20150728-163648 D 56019 utils/sqlite/statement.cpp:195: Step statement; row available for processing
20150728-163648 D 56019 utils/sqlite/statement.cpp:195: Step statement; row available for processing
20150728-163648 D 56019 utils/sqlite/statement.cpp:195: Step statement; row available for processing
20150728-163648 D 56019 utils/sqlite/statement.cpp:195: Step statement; row available for processing
20150728-163648 D 56019 utils/sqlite/statement.cpp:195: Step statement; row available for processing
20150728-163648 D 56019 utils/sqlite/statement.cpp:192: Step statement; no more rows
20150728-163648 D 56019 store/read_transaction.cpp:172: Loaded test case 't0'
20150728-163648 D 56019 utils/sqlite/statement.cpp:195: Step statement; row available for processing
20150728-163648 D 56019 utils/sqlite/database.cpp:275: Creating statement: SELECT * FROM metadatas WHERE metadata_id == :metadata_id
20150728-163648 D 56019 utils/sqlite/statement.cpp:195: Step statement; row available for processing
20150728-163648 D 56019 utils/sqlite/statement.cpp:195: Step statement; row available for processing
20150728-163648 D 56019 utils/sqlite/statement.cpp:195: Step statement; row available for processing
20150728-163648 D 56019 utils/sqlite/statement.cpp:195: Step statement; row available for processing
20150728-163648 D 56019 utils/sqlite/statement.cpp:195: Step statement; row available for processing
20150728-163648 D 56019 utils/sqlite/statement.cpp:195: Step statement; row available for processing
20150728-163648 D 56019 utils/sqlite/statement.cpp:195: Step statement; row available for processing
20150728-163648 D 56019 utils/sqlite/statement.cpp:195: Step statement; row available for processing
20150728-163648 D 56019 utils/sqlite/statement.cpp:195: Step statement; row available for processing
20150728-163648 D 56019 utils/sqlite/statement.cpp:195: Step statement; row available for processing
20150728-163648 D 56019 utils/sqlite/statement.cpp:195: Step statement; row available for processing
20150728-163648 D 56019 utils/sqlite/statement.cpp:192: Step statement; no more rows
20150728-163648 D 56019 store/read_transaction.cpp:172: Loaded test case 't1'
20150728-163648 D 56019 utils/sqlite/statement.cpp:195: Step statement; row available for processing
20150728-163648 D 56019 utils/sqlite/database.cpp:275: Creating statement: SELECT * FROM metadatas WHERE metadata_id == :metadata_id
20150728-163648 D 56019 utils/sqlite/statement.cpp:195: Step statement; row available for processing
20150728-163648 D 56019 utils/sqlite/statement.cpp:195: Step statement; row available for processing
20150728-163648 D 56019 utils/sqlite/statement.cpp:195: Step statement; row available for processing
20150728-163648 D 56019 utils/sqlite/statement.cpp:195: Step statement; row available for processing
20150728-163648 D 56019 utils/sqlite/statement.cpp:195: Step statement; row available for processing
20150728-163648 D 56019 utils/sqlite/statement.cpp:195: Step statement; row available for processing
20150728-163648 D 56019 utils/sqlite/statement.cpp:195: Step statement; row available for processing
20150728-163648 D 56019 utils/sqlite/statement.cpp:195: Step statement; row available for processing
20150728-163648 D 56019 utils/sqlite/statement.cpp:195: Step statement; row available for processing
20150728-163648 D 56019 utils/sqlite/statement.cpp:195: Step statement; row available for processing
20150728-163648 D 56019 utils/sqlite/statement.cpp:195: Step statement; row available for processing
20150728-163648 D 56019 utils/sqlite/statement.cpp:192: Step statement; no more rows
20150728-163648 D 56019 store/read_transaction.cpp:172: Loaded test case 't2'
20150728-163648 D 56019 utils/sqlite/statement.cpp:192: Step statement; no more rows
20150728-163648 D 56019 utils/sqlite/statement.cpp:192: Step statement; no more rows
20150728-163648 D 56019 store/read_transaction.cpp:247: Loaded test program 'dir/prog-1'
20150728-163648 D 56019 utils/sqlite/database.cpp:275: Creating statement: SELECT file_id FROM test_case_files WHERE test_case_id == :test_case_id AND file_name == :file_name
20150728-163648 D 56019 utils/sqlite/statement.cpp:192: Step statement; no more rows
20150728-163648 D 56019 utils/sqlite/database.cpp:275: Creating statement: SELECT file_id FROM test_case_files WHERE test_case_id == :test_case_id AND file_name == :file_name
20150728-163648 D 56019 utils/sqlite/statement.cpp:192: Step statement; no more rows
20150728-163648 D 56019 utils/sqlite/statement.cpp:195: Step statement; row available for processing
20150728-163648 D 56019 utils/sqlite/database.cpp:275: Creating statement: SELECT file_id FROM test_case_files WHERE test_case_id == :test_case_id AND file_name == :file_name
20150728-163648 D 56019 utils/sqlite/statement.cpp:192: Step statement; no more rows
20150728-163648 D 56019 utils/sqlite/database.cpp:275: Creating statement: SELECT file_id FROM test_case_files WHERE test_case_id == :test_case_id AND file_name == :file_name
20150728-163648 D 56019 utils/sqlite/statement.cpp:192: Step statement; no more rows
20150728-163648 D 56019 utils/sqlite/statement.cpp:195: Step statement; row available for processing
20150728-163648 D 56019 utils/sqlite/database.cpp:275: Creating statement: SELECT file_id FROM test_case_files WHERE test_case_id == :test_case_id AND file_name == :file_name
20150728-163648 D 56019 utils/sqlite/statement.cpp:192: Step statement; no more rows
20150728-163648 D 56019 utils/sqlite/database.cpp:275: Creating statement: SELECT file_id FROM test_case_files WHERE test_case_id == :test_case_id AND file_name == :file_name
20150728-163648 D 56019 utils/sqlite/statement.cpp:192: Step statement; no more rows
20150728-163648 D 56019 utils/sqlite/statement.cpp:195: Step statement; row available for processing
20150728-163648 D 56019 utils/sqlite/database.cpp:275: Creating statement: SELECT * FROM test_programs WHERE test_program_id == :id
20150728-163648 D 56019 utils/sqlite/statement.cpp:195: Step statement; row available for processing
20150728-163648 D 56019 utils/sqlite/database.cpp:275: Creating statement: SELECT * FROM metadatas WHERE metadata_id == :metadata_id
20150728-163648 D 56019 utils/sqlite/statement.cpp:195: Step statement; row available for processing
20150728-163648 D 56019 utils/sqlite/statement.cpp:195: Step statement; row available for processing
20150728-163648 D 56019 utils/sqlite/statement.cpp:195: Step statement; row available for processing
20150728-163648 D 56019 utils/sqlite/statement.cpp:195: Step statement; row available for processing
20150728-163648 D 56019 utils/sqlite/statement.cpp:195: Step statement; row available for processing
20150728-163648 D 56019 utils/sqlite/statement.cpp:195: Step statement; row available for processing
20150728-163648 D 56019 utils/sqlite/statement.cpp:195: Step statement; row available for processing
20150728-163648 D 56019 utils/sqlite/statement.cpp:195: Step statement; row available for processing
20150728-163648 D 56019 utils/sqlite/statement.cpp:195: Step statement; row available for processing
20150728-163648 D 56019 utils/sqlite/statement.cpp:195: Step statement; row available for processing
20150728-163648 D 56019 utils/sqlite/statement.cpp:195: Step statement; row available for processing
20150728-163648 D 56019 utils/sqlite/statement.cpp:192: Step statement; no more rows
20150728-163648 D 56019 utils/sqlite/database.cpp:275: Creating statement: SELECT name, metadata_id FROM test_cases WHERE test_program_id == :test_program_id
20150728-163648 D 56019 utils/sqlite/statement.cpp:195: Step statement; row available for processing
20150728-163648 D 56019 utils/sqlite/database.cpp:275: Creating statement: SELECT * FROM metadatas WHERE metadata_id == :metadata_id
20150728-163648 D 56019 utils/sqlite/statement.cpp:195: Step statement; row available for processing
20150728-163648 D 56019 utils/sqlite/statement.cpp:195: Step statement; row available for processing
20150728-163648 D 56019 utils/sqlite/statement.cpp:195: Step statement; row available for processing
20150728-163648 D 56019 utils/sqlite/statement.cpp:195: Step statement; row available for processing
20150728-163648 D 56019 utils/sqlite/statement.cpp:195: Step statement; row available for processing
20150728-163648 D 56019 utils/sqlite/statement.cpp:195: Step statement; row available for processing
20150728-163648 D 56019 utils/sqlite/statement.cpp:195: Step statement; row available for processing
20150728-163648 D 56019 utils/sqlite/statement.cpp:195: Step statement; row available for processing
20150728-163648 D 56019 utils/sqlite/statement.cpp:195: Step statement; row available for processing
20150728-163648 D 56019 utils/sqlite/statement.cpp:195: Step statement; row available for processing
20150728-163648 D 56019 utils/sqlite/statement.cpp:195: Step statement; row available for processing
20150728-163648 D 56019 utils/sqlite/statement.cpp:192: Step statement; no more rows
20150728-163648 D 56019 store/read_transaction.cpp:172: Loaded test case 't0'
20150728-163648 D 56019 utils/sqlite/statement.cpp:195: Step statement; row available for processing
20150728-163648 D 56019 utils/sqlite/database.cpp:275: Creating statement: SELECT * FROM metadatas WHERE metadata_id == :metadata_id
20150728-163648 D 56019 utils/sqlite/statement.cpp:195: Step statement; row available for processing
20150728-163648 D 56019 utils/sqlite/statement.cpp:195: Step statement; row available for processing
20150728-163648 D 56019 utils/sqlite/statement.cpp:195: Step statement; row available for processing
20150728-163648 D 56019 utils/sqlite/statement.cpp:195: Step statement; row available for processing
20150728-163648 D 56019 utils/sqlite/statement.cpp:195: Step statement; row available for processing
20150728-163648 D 56019 utils/sqlite/statement.cpp:195: Step statement; row available for processing
20150728-163648 D 56019 utils/sqlite/statement.cpp:195: Step statement; row available for processing
20150728-163648 D 56019 utils/sqlite/statement.cpp:195: Step statement; row available for processing
20150728-163648 D 56019 utils/sqlite/statement.cpp:195: Step statement; row available for processing
20150728-163648 D 56019 utils/sqlite/statement.cpp:195: Step statement; row available for processing
20150728-163648 D 56019 utils/sqlite/statement.cpp:195: Step statement; row available for processing
20150728-163648 D 56019 utils/sqlite/statement.cpp:192: Step statement; no more rows
20150728-163648 D 56019 store/read_transaction.cpp:172: Loaded test case 't1'
20150728-163648 D 56019 utils/sqlite/statement.cpp:192: Step statement; no more rows
20150728-163648 D 56019 utils/sqlite/statement.cpp:192: Step statement; no more rows
20150728-163648 D 56019 store/read_transaction.cpp:247: Loaded test program 'dir/sub/prog-2'
20150728-163648 D 56019 utils/sqlite/database.cpp:275: Creating statement: SELECT file_id FROM test_case_files WHERE test_case_id == :test_case_id AND file_name == :file_name
20150728-163648 D 56019 utils/sqlite/statement.cpp:195: Step statement; row available for processing
20150728-163648 D 56019 utils/sqlite/database.cpp:275: Creating statement: SELECT contents FROM files WHERE file_id == :file_id
20150728-163648 D 56019 utils/sqlite/statement.cpp:195: Step statement; row available for processing
20150728-163648 D 56019 utils/sqlite/statement.cpp:192: Step statement; no more rows
20150728-163648 D 56019 utils/sqlite/database.cpp:275: Creating statement: SELECT file_id FROM test_case_files WHERE test_case_id == :test_case_id AND file_name == :file_name
20150728-163648 D 56019 utils/sqlite/statement.cpp:195: Step statement; row available for processing
20150728-163648 D 56019 utils/sqlite/database.cpp:275: Creating statement: SELECT contents FROM files WHERE file_id == :file_id
20150728-163648 D 56019 utils/sqlite/statement.cpp:195: Step statement; row available for processing
20150728-163648 D 56019 utils/sqlite/statement.cpp:192: Step statement; no more rows
20150728-163648 D 56019 utils/sqlite/statement.cpp:195: Step statement; row available for processing
20150728-163648 D 56019 utils/sqlite/database.cpp:275: Creating statement: SELECT file_id FROM test_case_files WHERE test_case_id == :test_case_id AND file_name == :file_name
20150728-163648 D 56019 utils/sqlite/statement.cpp:195: Step statement; row available for processing
20150728-163648 D 56019 utils/sqlite/database.cpp:275: Creating statement: SELECT contents FROM files WHERE file_id == :file_id
20150728-163648 D 56019 utils/sqlite/statement.cpp:195: Step statement; row available for processing
20150728-163648 D 56019 utils/sqlite/statement.cpp:192: Step statement; no more rows
20150728-163648 D 56019 utils/sqlite/database.cpp:275: Creating statement: SELECT file_id FROM test_case_files WHERE test_case_id == :test_case_id AND file_name == :file_name
20150728-163648 D 56019 utils/sqlite/statement.cpp:195: Step statement; row available for processing
20150728-163648 D 56019 utils/sqlite/database.cpp:275: Creating statement: SELECT contents FROM files WHERE file_id == :file_id
20150728-163648 D 56019 utils/sqlite/statement.cpp:195: Step statement; row available for processing
20150728-163648 D 56019 utils/sqlite/statement.cpp:192: Step statement; no more rows
20150728-163648 D 56019 utils/sqlite/statement.cpp:192: Step statement; no more rows
===> local/kyua/drivers/scan_results_test:missing_db
Result: passed
Duration: 0.042s

Metadata:
    allowed_architectures is empty
    allowed_platforms is empty
    description is empty
    has_cleanup = false
    required_configs is empty
    required_disk_space = 0
    required_files is empty
    required_memory = 0
    required_programs is empty
    required_user is empty
    timeout = 300
===> local/kyua/drivers/scan_results_test:ok__all
Result: passed
Duration: 0.140s

Metadata:
    allowed_architectures is empty
    allowed_platforms is empty
    description is empty
    has_cleanup = false
    required_configs is empty
    required_disk_space = 0
    required_files is empty
    required_memory = 0
    required_programs is empty
    required_user is empty
    timeout = 300

Standard error:
20150728-163648 D 56025 utils/sqlite/database.cpp:275: Creating statement: SELECT * FROM sqlite_master
20150728-163648 D 56025 utils/sqlite/statement.cpp:192: Step statement; no more rows
20150728-163648 D 56025 utils/env.cpp:111: Environment variable 'KYUA_STOREDIR' is not defined; using default '/usr/local/share/kyua/store'
20150728-163648 I 56025 store/write_backend.cpp:113: Populating new database with schema from /usr/local/share/kyua/store/schema_v3.sql
20150728-163648 D 56025 utils/sqlite/database.cpp:275: Creating statement: SELECT schema_version, timestamp FROM metadata ORDER BY schema_version DESC LIMIT 1
20150728-163648 D 56025 utils/sqlite/statement.cpp:195: Step statement; row available for processing
20150728-163648 D 56025 utils/sqlite/statement.cpp:192: Step statement; no more rows
20150728-163648 I 56025 store/write_backend.cpp:119: New metadata entry 1438101408
20150728-163648 D 56025 utils/sqlite/database.cpp:275: Creating statement: INSERT INTO contexts (cwd) VALUES (:cwd)
20150728-163648 D 56025 utils/sqlite/statement.cpp:192: Step statement; no more rows
20150728-163648 D 56025 utils/sqlite/database.cpp:275: Creating statement: INSERT INTO env_vars (var_name, var_value) VALUES (:var_name, :var_value)
20150728-163648 D 56025 utils/sqlite/statement.cpp:192: Step statement; no more rows
20150728-163648 D 56025 utils/sqlite/statement.cpp:192: Step statement; no more rows
20150728-163648 D 56025 utils/sqlite/database.cpp:275: Creating statement: SELECT MAX(ROWID) AS max_rowid FROM metadatas
20150728-163648 D 56025 utils/sqlite/statement.cpp:195: Step statement; row available for processing
20150728-163648 D 56025 utils/sqlite/database.cpp:275: Creating statement: INSERT INTO metadatas (metadata_id, property_name, property_value) VALUES (:metadata_id, :property_name, :property_value)
20150728-163648 D 56025 utils/sqlite/statement.cpp:192: Step statement; no more rows
20150728-163648 D 56025 utils/sqlite/statement.cpp:192: Step statement; no more rows
20150728-163648 D 56025 utils/sqlite/statement.cpp:192: Step statement; no more rows
20150728-163648 D 56025 utils/sqlite/statement.cpp:192: Step statement; no more rows
20150728-163648 D 56025 utils/sqlite/statement.cpp:192: Step statement; no more rows
20150728-163648 D 56025 utils/sqlite/statement.cpp:192: Step statement; no more rows
20150728-163648 D 56025 utils/sqlite/statement.cpp:192: Step statement; no more rows
20150728-163648 D 56025 utils/sqlite/statement.cpp:192: Step statement; no more rows
20150728-163648 D 56025 utils/sqlite/statement.cpp:192: Step statement; no more rows
20150728-163648 D 56025 utils/sqlite/statement.cpp:192: Step statement; no more rows
20150728-163648 D 56025 utils/sqlite/statement.cpp:192: Step statement; no more rows
20150728-163648 D 56025 utils/sqlite/database.cpp:275: Creating statement: INSERT INTO test_programs (absolute_path,                            root, relative_path, test_suite_name,                            metadata_id, interface) VALUES (:absolute_path, :root, :relative_path,         :test_suite_name, :metadata_id, :interface)
20150728-163648 D 56025 utils/sqlite/statement.cpp:192: Step statement; no more rows
20150728-163648 D 56025 utils/sqlite/database.cpp:275: Creating statement: SELECT MAX(ROWID) AS max_rowid FROM metadatas
20150728-163648 D 56025 utils/sqlite/statement.cpp:195: Step statement; row available for processing
20150728-163648 D 56025 utils/sqlite/database.cpp:275: Creating statement: INSERT INTO metadatas (metadata_id, property_name, property_value) VALUES (:metadata_id, :property_name, :property_value)
20150728-163648 D 56025 utils/sqlite/statement.cpp:192: Step statement; no more rows
20150728-163648 D 56025 utils/sqlite/statement.cpp:192: Step statement; no more rows
20150728-163648 D 56025 utils/sqlite/statement.cpp:192: Step statement; no more rows
20150728-163648 D 56025 utils/sqlite/statement.cpp:192: Step statement; no more rows
20150728-163648 D 56025 utils/sqlite/statement.cpp:192: Step statement; no more rows
20150728-163648 D 56025 utils/sqlite/statement.cpp:192: Step statement; no more rows
20150728-163648 D 56025 utils/sqlite/statement.cpp:192: Step statement; no more rows
20150728-163648 D 56025 utils/sqlite/statement.cpp:192: Step statement; no more rows
20150728-163648 D 56025 utils/sqlite/statement.cpp:192: Step statement; no more rows
20150728-163648 D 56025 utils/sqlite/statement.cpp:192: Step statement; no more rows
20150728-163648 D 56025 utils/sqlite/statement.cpp:192: Step statement; no more rows
20150728-163648 D 56025 utils/sqlite/database.cpp:275: Creating statement: INSERT INTO test_cases (test_program_id, name, metadata_id) VALUES (:test_program_id, :name, :metadata_id)
20150728-163648 D 56025 utils/sqlite/statement.cpp:192: Step statement; no more rows
20150728-163648 D 56025 utils/sqlite/database.cpp:275: Creating statement: INSERT INTO test_results (test_case_id, result_type,                           result_reason, start_time,                           end_time) VALUES (:test_case_id, :result_type, :result_reason,         :start_time, :end_time)
20150728-163648 D 56025 utils/sqlite/statement.cpp:192: Step statement; no more rows
20150728-163648 D 56025 utils/sqlite/database.cpp:275: Creating statement: SELECT MAX(ROWID) AS max_rowid FROM metadatas
20150728-163648 D 56025 utils/sqlite/statement.cpp:195: Step statement; row available for processing
20150728-163648 D 56025 utils/sqlite/database.cpp:275: Creating statement: INSERT INTO metadatas (metadata_id, property_name, property_value) VALUES (:metadata_id, :property_name, :property_value)
20150728-163648 D 56025 utils/sqlite/statement.cpp:192: Step statement; no more rows
20150728-163648 D 56025 utils/sqlite/statement.cpp:192: Step statement; no more rows
20150728-163648 D 56025 utils/sqlite/statement.cpp:192: Step statement; no more rows
20150728-163648 D 56025 utils/sqlite/statement.cpp:192: Step statement; no more rows
20150728-163648 D 56025 utils/sqlite/statement.cpp:192: Step statement; no more rows
20150728-163648 D 56025 utils/sqlite/statement.cpp:192: Step statement; no more rows
20150728-163648 D 56025 utils/sqlite/statement.cpp:192: Step statement; no more rows
20150728-163648 D 56025 utils/sqlite/statement.cpp:192: Step statement; no more rows
20150728-163648 D 56025 utils/sqlite/statement.cpp:192: Step statement; no more rows
20150728-163648 D 56025 utils/sqlite/statement.cpp:192: Step statement; no more rows
20150728-163648 D 56025 utils/sqlite/statement.cpp:192: Step statement; no more rows
20150728-163648 D 56025 utils/sqlite/database.cpp:275: Creating statement: INSERT INTO test_cases (test_program_id, name, metadata_id) VALUES (:test_program_id, :name, :metadata_id)
20150728-163648 D 56025 utils/sqlite/statement.cpp:192: Step statement; no more rows
20150728-163648 D 56025 utils/sqlite/database.cpp:275: Creating statement: INSERT INTO test_results (test_case_id, result_type,                           result_reason, start_time,                           end_time) VALUES (:test_case_id, :result_type, :result_reason,         :start_time, :end_time)
20150728-163648 D 56025 utils/sqlite/statement.cpp:192: Step statement; no more rows
20150728-163648 D 56025 utils/sqlite/database.cpp:275: Creating statement: SELECT MAX(ROWID) AS max_rowid FROM metadatas
20150728-163648 D 56025 utils/sqlite/statement.cpp:195: Step statement; row available for processing
20150728-163648 D 56025 utils/sqlite/database.cpp:275: Creating statement: INSERT INTO metadatas (metadata_id, property_name, property_value) VALUES (:metadata_id, :property_name, :property_value)
20150728-163648 D 56025 utils/sqlite/statement.cpp:192: Step statement; no more rows
20150728-163648 D 56025 utils/sqlite/statement.cpp:192: Step statement; no more rows
20150728-163648 D 56025 utils/sqlite/statement.cpp:192: Step statement; no more rows
20150728-163648 D 56025 utils/sqlite/statement.cpp:192: Step statement; no more rows
20150728-163648 D 56025 utils/sqlite/statement.cpp:192: Step statement; no more rows
20150728-163648 D 56025 utils/sqlite/statement.cpp:192: Step statement; no more rows
20150728-163648 D 56025 utils/sqlite/statement.cpp:192: Step statement; no more rows
20150728-163648 D 56025 utils/sqlite/statement.cpp:192: Step statement; no more rows
20150728-163648 D 56025 utils/sqlite/statement.cpp:192: Step statement; no more rows
20150728-163648 D 56025 utils/sqlite/statement.cpp:192: Step statement; no more rows
20150728-163648 D 56025 utils/sqlite/statement.cpp:192: Step statement; no more rows
20150728-163648 D 56025 utils/sqlite/database.cpp:275: Creating statement: INSERT INTO test_programs (absolute_path,                            root, relative_path, test_suite_name,                            metadata_id, interface) VALUES (:absolute_path, :root, :relative_path,         :test_suite_name, :metadata_id, :interface)
20150728-163648 D 56025 utils/sqlite/statement.cpp:192: Step statement; no more rows
20150728-163648 D 56025 utils/sqlite/database.cpp:275: Creating statement: SELECT MAX(ROWID) AS max_rowid FROM metadatas
20150728-163648 D 56025 utils/sqlite/statement.cpp:195: Step statement; row available for processing
20150728-163648 D 56025 utils/sqlite/database.cpp:275: Creating statement: INSERT INTO metadatas (metadata_id, property_name, property_value) VALUES (:metadata_id, :property_name, :property_value)
20150728-163648 D 56025 utils/sqlite/statement.cpp:192: Step statement; no more rows
20150728-163648 D 56025 utils/sqlite/statement.cpp:192: Step statement; no more rows
20150728-163648 D 56025 utils/sqlite/statement.cpp:192: Step statement; no more rows
20150728-163648 D 56025 utils/sqlite/statement.cpp:192: Step statement; no more rows
20150728-163648 D 56025 utils/sqlite/statement.cpp:192: Step statement; no more rows
20150728-163648 D 56025 utils/sqlite/statement.cpp:192: Step statement; no more rows
20150728-163648 D 56025 utils/sqlite/statement.cpp:192: Step statement; no more rows
20150728-163648 D 56025 utils/sqlite/statement.cpp:192: Step statement; no more rows
20150728-163648 D 56025 utils/sqlite/statement.cpp:192: Step statement; no more rows
20150728-163648 D 56025 utils/sqlite/statement.cpp:192: Step statement; no more rows
20150728-163648 D 56025 utils/sqlite/statement.cpp:192: Step statement; no more rows
20150728-163648 D 56025 utils/sqlite/database.cpp:275: Creating statement: INSERT INTO test_cases (test_program_id, name, metadata_id) VALUES (:test_program_id, :name, :metadata_id)
20150728-163648 D 56025 utils/sqlite/statement.cpp:192: Step statement; no more rows
20150728-163648 D 56025 utils/sqlite/database.cpp:275: Creating statement: INSERT INTO test_results (test_case_id, result_type,                           result_reason, start_time,                           end_time) VALUES (:test_case_id, :result_type, :result_reason,         :start_time, :end_time)
20150728-163648 D 56025 utils/sqlite/statement.cpp:192: Step statement; no more rows
20150728-163648 D 56025 utils/sqlite/database.cpp:275: Creating statement: SELECT MAX(ROWID) AS max_rowid FROM metadatas
20150728-163648 D 56025 utils/sqlite/statement.cpp:195: Step statement; row available for processing
20150728-163648 D 56025 utils/sqlite/database.cpp:275: Creating statement: INSERT INTO metadatas (metadata_id, property_name, property_value) VALUES (:metadata_id, :property_name, :property_value)
20150728-163648 D 56025 utils/sqlite/statement.cpp:192: Step statement; no more rows
20150728-163648 D 56025 utils/sqlite/statement.cpp:192: Step statement; no more rows
20150728-163648 D 56025 utils/sqlite/statement.cpp:192: Step statement; no more rows
20150728-163648 D 56025 utils/sqlite/statement.cpp:192: Step statement; no more rows
20150728-163648 D 56025 utils/sqlite/statement.cpp:192: Step statement; no more rows
20150728-163648 D 56025 utils/sqlite/statement.cpp:192: Step statement; no more rows
20150728-163648 D 56025 utils/sqlite/statement.cpp:192: Step statement; no more rows
20150728-163648 D 56025 utils/sqlite/statement.cpp:192: Step statement; no more rows
20150728-163648 D 56025 utils/sqlite/statement.cpp:192: Step statement; no more rows
20150728-163648 D 56025 utils/sqlite/statement.cpp:192: Step statement; no more rows
20150728-163648 D 56025 utils/sqlite/statement.cpp:192: Step statement; no more rows
20150728-163648 D 56025 utils/sqlite/database.cpp:275: Creating statement: INSERT INTO test_cases (test_program_id, name, metadata_id) VALUES (:test_program_id, :name, :metadata_id)
20150728-163648 D 56025 utils/sqlite/statement.cpp:192: Step statement; no more rows
20150728-163648 D 56025 utils/sqlite/database.cpp:275: Creating statement: INSERT INTO test_results (test_case_id, result_type,                           result_reason, start_time,                           end_time) VALUES (:test_case_id, :result_type, :result_reason,         :start_time, :end_time)
20150728-163648 D 56025 utils/sqlite/statement.cpp:192: Step statement; no more rows
20150728-163648 D 56025 utils/sqlite/database.cpp:275: Creating statement: SELECT schema_version, timestamp FROM metadata ORDER BY schema_version DESC LIMIT 1
20150728-163648 D 56025 utils/sqlite/statement.cpp:195: Step statement; row available for processing
20150728-163648 D 56025 utils/sqlite/statement.cpp:192: Step statement; no more rows
20150728-163648 D 56025 utils/sqlite/database.cpp:275: Creating statement: SELECT cwd FROM contexts
20150728-163648 D 56025 utils/sqlite/statement.cpp:195: Step statement; row available for processing
20150728-163648 D 56025 utils/sqlite/database.cpp:275: Creating statement: SELECT var_name, var_value FROM env_vars
20150728-163648 D 56025 utils/sqlite/statement.cpp:195: Step statement; row available for processing
20150728-163648 D 56025 utils/sqlite/statement.cpp:195: Step statement; row available for processing
20150728-163648 D 56025 utils/sqlite/statement.cpp:192: Step statement; no more rows
20150728-163648 D 56025 utils/sqlite/database.cpp:275: Creating statement: SELECT test_programs.test_program_id,     test_programs.interface,     test_cases.test_case_id, test_cases.name,     test_results.result_type, test_results.result_reason,     test_results.start_time, test_results.end_time FROM test_programs     JOIN test_cases     ON test_programs.test_program_id = test_cases.test_program_id     JOIN test_results     ON test_cases.test_case_id = test_results.test_case_id ORDER BY test_programs.absolute_path, test_cases.name
20150728-163648 D 56025 utils/sqlite/statement.cpp:195: Step statement; row available for processing
20150728-163648 D 56025 utils/sqlite/database.cpp:275: Creating statement: SELECT * FROM test_programs WHERE test_program_id == :id
20150728-163648 D 56025 utils/sqlite/statement.cpp:195: Step statement; row available for processing
20150728-163648 D 56025 utils/sqlite/database.cpp:275: Creating statement: SELECT * FROM metadatas WHERE metadata_id == :metadata_id
20150728-163648 D 56025 utils/sqlite/statement.cpp:195: Step statement; row available for processing
20150728-163648 D 56025 utils/sqlite/statement.cpp:195: Step statement; row available for processing
20150728-163648 D 56025 utils/sqlite/statement.cpp:195: Step statement; row available for processing
20150728-163648 D 56025 utils/sqlite/statement.cpp:195: Step statement; row available for processing
20150728-163648 D 56025 utils/sqlite/statement.cpp:195: Step statement; row available for processing
20150728-163648 D 56025 utils/sqlite/statement.cpp:195: Step statement; row available for processing
20150728-163648 D 56025 utils/sqlite/statement.cpp:195: Step statement; row available for processing
20150728-163648 D 56025 utils/sqlite/statement.cpp:195: Step statement; row available for processing
20150728-163648 D 56025 utils/sqlite/statement.cpp:195: Step statement; row available for processing
20150728-163648 D 56025 utils/sqlite/statement.cpp:195: Step statement; row available for processing
20150728-163648 D 56025 utils/sqlite/statement.cpp:195: Step statement; row available for processing
20150728-163648 D 56025 utils/sqlite/statement.cpp:192: Step statement; no more rows
20150728-163648 D 56025 utils/sqlite/database.cpp:275: Creating statement: SELECT name, metadata_id FROM test_cases WHERE test_program_id == :test_program_id
20150728-163648 D 56025 utils/sqlite/statement.cpp:195: Step statement; row available for processing
20150728-163648 D 56025 utils/sqlite/database.cpp:275: Creating statement: SELECT * FROM metadatas WHERE metadata_id == :metadata_id
20150728-163648 D 56025 utils/sqlite/statement.cpp:195: Step statement; row available for processing
20150728-163648 D 56025 utils/sqlite/statement.cpp:195: Step statement; row available for processing
20150728-163648 D 56025 utils/sqlite/statement.cpp:195: Step statement; row available for processing
20150728-163648 D 56025 utils/sqlite/statement.cpp:195: Step statement; row available for processing
20150728-163648 D 56025 utils/sqlite/statement.cpp:195: Step statement; row available for processing
20150728-163648 D 56025 utils/sqlite/statement.cpp:195: Step statement; row available for processing
20150728-163648 D 56025 utils/sqlite/statement.cpp:195: Step statement; row available for processing
20150728-163648 D 56025 utils/sqlite/statement.cpp:195: Step statement; row available for processing
20150728-163648 D 56025 utils/sqlite/statement.cpp:195: Step statement; row available for processing
20150728-163648 D 56025 utils/sqlite/statement.cpp:195: Step statement; row available for processing
20150728-163648 D 56025 utils/sqlite/statement.cpp:195: Step statement; row available for processing
20150728-163648 D 56025 utils/sqlite/statement.cpp:192: Step statement; no more rows
20150728-163648 D 56025 store/read_transaction.cpp:172: Loaded test case 'case_0'
20150728-163648 D 56025 utils/sqlite/statement.cpp:195: Step statement; row available for processing
20150728-163648 D 56025 utils/sqlite/database.cpp:275: Creating statement: SELECT * FROM metadatas WHERE metadata_id == :metadata_id
20150728-163648 D 56025 utils/sqlite/statement.cpp:195: Step statement; row available for processing
20150728-163648 D 56025 utils/sqlite/statement.cpp:195: Step statement; row available for processing
20150728-163648 D 56025 utils/sqlite/statement.cpp:195: Step statement; row available for processing
20150728-163648 D 56025 utils/sqlite/statement.cpp:195: Step statement; row available for processing
20150728-163648 D 56025 utils/sqlite/statement.cpp:195: Step statement; row available for processing
20150728-163648 D 56025 utils/sqlite/statement.cpp:195: Step statement; row available for processing
20150728-163648 D 56025 utils/sqlite/statement.cpp:195: Step statement; row available for processing
20150728-163648 D 56025 utils/sqlite/statement.cpp:195: Step statement; row available for processing
20150728-163648 D 56025 utils/sqlite/statement.cpp:195: Step statement; row available for processing
20150728-163648 D 56025 utils/sqlite/statement.cpp:195: Step statement; row available for processing
20150728-163648 D 56025 utils/sqlite/statement.cpp:195: Step statement; row available for processing
20150728-163648 D 56025 utils/sqlite/statement.cpp:192: Step statement; no more rows
20150728-163648 D 56025 store/read_transaction.cpp:172: Loaded test case 'case_1'
20150728-163648 D 56025 utils/sqlite/statement.cpp:192: Step statement; no more rows
20150728-163648 D 56025 utils/sqlite/statement.cpp:192: Step statement; no more rows
20150728-163648 D 56025 store/read_transaction.cpp:247: Loaded test program 'dir/prog_0'
20150728-163648 D 56025 utils/sqlite/statement.cpp:195: Step statement; row available for processing
20150728-163648 D 56025 utils/sqlite/statement.cpp:195: Step statement; row available for processing
20150728-163648 D 56025 utils/sqlite/database.cpp:275: Creating statement: SELECT * FROM test_programs WHERE test_program_id == :id
20150728-163648 D 56025 utils/sqlite/statement.cpp:195: Step statement; row available for processing
20150728-163648 D 56025 utils/sqlite/database.cpp:275: Creating statement: SELECT * FROM metadatas WHERE metadata_id == :metadata_id
20150728-163648 D 56025 utils/sqlite/statement.cpp:195: Step statement; row available for processing
20150728-163648 D 56025 utils/sqlite/statement.cpp:195: Step statement; row available for processing
20150728-163648 D 56025 utils/sqlite/statement.cpp:195: Step statement; row available for processing
20150728-163648 D 56025 utils/sqlite/statement.cpp:195: Step statement; row available for processing
20150728-163648 D 56025 utils/sqlite/statement.cpp:195: Step statement; row available for processing
20150728-163648 D 56025 utils/sqlite/statement.cpp:195: Step statement; row available for processing
20150728-163648 D 56025 utils/sqlite/statement.cpp:195: Step statement; row available for processing
20150728-163648 D 56025 utils/sqlite/statement.cpp:195: Step statement; row available for processing
20150728-163648 D 56025 utils/sqlite/statement.cpp:195: Step statement; row available for processing
20150728-163648 D 56025 utils/sqlite/statement.cpp:195: Step statement; row available for processing
20150728-163648 D 56025 utils/sqlite/statement.cpp:195: Step statement; row available for processing
20150728-163648 D 56025 utils/sqlite/statement.cpp:192: Step statement; no more rows
20150728-163648 D 56025 utils/sqlite/database.cpp:275: Creating statement: SELECT name, metadata_id FROM test_cases WHERE test_program_id == :test_program_id
20150728-163648 D 56025 utils/sqlite/statement.cpp:195: Step statement; row available for processing
20150728-163648 D 56025 utils/sqlite/database.cpp:275: Creating statement: SELECT * FROM metadatas WHERE metadata_id == :metadata_id
20150728-163648 D 56025 utils/sqlite/statement.cpp:195: Step statement; row available for processing
20150728-163648 D 56025 utils/sqlite/statement.cpp:195: Step statement; row available for processing
20150728-163648 D 56025 utils/sqlite/statement.cpp:195: Step statement; row available for processing
20150728-163648 D 56025 utils/sqlite/statement.cpp:195: Step statement; row available for processing
20150728-163648 D 56025 utils/sqlite/statement.cpp:195: Step statement; row available for processing
20150728-163648 D 56025 utils/sqlite/statement.cpp:195: Step statement; row available for processing
20150728-163648 D 56025 utils/sqlite/statement.cpp:195: Step statement; row available for processing
20150728-163648 D 56025 utils/sqlite/statement.cpp:195: Step statement; row available for processing
20150728-163648 D 56025 utils/sqlite/statement.cpp:195: Step statement; row available for processing
20150728-163648 D 56025 utils/sqlite/statement.cpp:195: Step statement; row available for processing
20150728-163648 D 56025 utils/sqlite/statement.cpp:195: Step statement; row available for processing
20150728-163648 D 56025 utils/sqlite/statement.cpp:192: Step statement; no more rows
20150728-163648 D 56025 store/read_transaction.cpp:172: Loaded test case 'case_0'
20150728-163648 D 56025 utils/sqlite/statement.cpp:195: Step statement; row available for processing
20150728-163648 D 56025 utils/sqlite/database.cpp:275: Creating statement: SELECT * FROM metadatas WHERE metadata_id == :metadata_id
20150728-163648 D 56025 utils/sqlite/statement.cpp:195: Step statement; row available for processing
20150728-163648 D 56025 utils/sqlite/statement.cpp:195: Step statement; row available for processing
20150728-163648 D 56025 utils/sqlite/statement.cpp:195: Step statement; row available for processing
20150728-163648 D 56025 utils/sqlite/statement.cpp:195: Step statement; row available for processing
20150728-163648 D 56025 utils/sqlite/statement.cpp:195: Step statement; row available for processing
20150728-163648 D 56025 utils/sqlite/statement.cpp:195: Step statement; row available for processing
20150728-163648 D 56025 utils/sqlite/statement.cpp:195: Step statement; row available for processing
20150728-163648 D 56025 utils/sqlite/statement.cpp:195: Step statement; row available for processing
20150728-163648 D 56025 utils/sqlite/statement.cpp:195: Step statement; row available for processing
20150728-163648 D 56025 utils/sqlite/statement.cpp:195: Step statement; row available for processing
20150728-163648 D 56025 utils/sqlite/statement.cpp:195: Step statement; row available for processing
20150728-163648 D 56025 utils/sqlite/statement.cpp:192: Step statement; no more rows
20150728-163648 D 56025 store/read_transaction.cpp:172: Loaded test case 'case_1'
20150728-163648 D 56025 utils/sqlite/statement.cpp:192: Step statement; no more rows
20150728-163648 D 56025 utils/sqlite/statement.cpp:192: Step statement; no more rows
20150728-163648 D 56025 store/read_transaction.cpp:247: Loaded test program 'dir/prog_1'
20150728-163648 D 56025 utils/sqlite/statement.cpp:195: Step statement; row available for processing
20150728-163648 D 56025 utils/sqlite/statement.cpp:192: Step statement; no more rows
===> local/kyua/drivers/scan_results_test:ok__filters
Result: passed
Duration: 0.117s

Metadata:
    allowed_architectures is empty
    allowed_platforms is empty
    description is empty
    has_cleanup = false
    required_configs is empty
    required_disk_space = 0
    required_files is empty
    required_memory = 0
    required_programs is empty
    required_user is empty
    timeout = 300

Standard error:
20150728-163648 D 56027 utils/sqlite/database.cpp:275: Creating statement: SELECT * FROM sqlite_master
20150728-163648 D 56027 utils/sqlite/statement.cpp:192: Step statement; no more rows
20150728-163648 D 56027 utils/env.cpp:111: Environment variable 'KYUA_STOREDIR' is not defined; using default '/usr/local/share/kyua/store'
20150728-163648 I 56027 store/write_backend.cpp:113: Populating new database with schema from /usr/local/share/kyua/store/schema_v3.sql
20150728-163648 D 56027 utils/sqlite/database.cpp:275: Creating statement: SELECT schema_version, timestamp FROM metadata ORDER BY schema_version DESC LIMIT 1
20150728-163648 D 56027 utils/sqlite/statement.cpp:195: Step statement; row available for processing
20150728-163648 D 56027 utils/sqlite/statement.cpp:192: Step statement; no more rows
20150728-163648 I 56027 store/write_backend.cpp:119: New metadata entry 1438101408
20150728-163648 D 56027 utils/sqlite/database.cpp:275: Creating statement: INSERT INTO contexts (cwd) VALUES (:cwd)
20150728-163648 D 56027 utils/sqlite/statement.cpp:192: Step statement; no more rows
20150728-163648 D 56027 utils/sqlite/database.cpp:275: Creating statement: INSERT INTO env_vars (var_name, var_value) VALUES (:var_name, :var_value)
20150728-163648 D 56027 utils/sqlite/statement.cpp:192: Step statement; no more rows
20150728-163648 D 56027 utils/sqlite/statement.cpp:192: Step statement; no more rows
20150728-163648 D 56027 utils/sqlite/statement.cpp:192: Step statement; no more rows
20150728-163648 D 56027 utils/sqlite/database.cpp:275: Creating statement: SELECT MAX(ROWID) AS max_rowid FROM metadatas
20150728-163648 D 56027 utils/sqlite/statement.cpp:195: Step statement; row available for processing
20150728-163648 D 56027 utils/sqlite/database.cpp:275: Creating statement: INSERT INTO metadatas (metadata_id, property_name, property_value) VALUES (:metadata_id, :property_name, :property_value)
20150728-163648 D 56027 utils/sqlite/statement.cpp:192: Step statement; no more rows
20150728-163648 D 56027 utils/sqlite/statement.cpp:192: Step statement; no more rows
20150728-163648 D 56027 utils/sqlite/statement.cpp:192: Step statement; no more rows
20150728-163648 D 56027 utils/sqlite/statement.cpp:192: Step statement; no more rows
20150728-163648 D 56027 utils/sqlite/statement.cpp:192: Step statement; no more rows
20150728-163648 D 56027 utils/sqlite/statement.cpp:192: Step statement; no more rows
20150728-163648 D 56027 utils/sqlite/statement.cpp:192: Step statement; no more rows
20150728-163648 D 56027 utils/sqlite/statement.cpp:192: Step statement; no more rows
20150728-163648 D 56027 utils/sqlite/statement.cpp:192: Step statement; no more rows
20150728-163648 D 56027 utils/sqlite/statement.cpp:192: Step statement; no more rows
20150728-163648 D 56027 utils/sqlite/statement.cpp:192: Step statement; no more rows
20150728-163648 D 56027 utils/sqlite/database.cpp:275: Creating statement: INSERT INTO test_programs (absolute_path,                            root, relative_path, test_suite_name,                            metadata_id, interface) VALUES (:absolute_path, :root, :relative_path,         :test_suite_name, :metadata_id, :interface)
20150728-163648 D 56027 utils/sqlite/statement.cpp:192: Step statement; no more rows
20150728-163648 D 56027 utils/sqlite/database.cpp:275: Creating statement: SELECT MAX(ROWID) AS max_rowid FROM metadatas
20150728-163648 D 56027 utils/sqlite/statement.cpp:195: Step statement; row available for processing
20150728-163648 D 56027 utils/sqlite/database.cpp:275: Creating statement: INSERT INTO metadatas (metadata_id, property_name, property_value) VALUES (:metadata_id, :property_name, :property_value)
20150728-163648 D 56027 utils/sqlite/statement.cpp:192: Step statement; no more rows
20150728-163648 D 56027 utils/sqlite/statement.cpp:192: Step statement; no more rows
20150728-163648 D 56027 utils/sqlite/statement.cpp:192: Step statement; no more rows
20150728-163648 D 56027 utils/sqlite/statement.cpp:192: Step statement; no more rows
20150728-163648 D 56027 utils/sqlite/statement.cpp:192: Step statement; no more rows
20150728-163648 D 56027 utils/sqlite/statement.cpp:192: Step statement; no more rows
20150728-163648 D 56027 utils/sqlite/statement.cpp:192: Step statement; no more rows
20150728-163648 D 56027 utils/sqlite/statement.cpp:192: Step statement; no more rows
20150728-163648 D 56027 utils/sqlite/statement.cpp:192: Step statement; no more rows
20150728-163648 D 56027 utils/sqlite/statement.cpp:192: Step statement; no more rows
20150728-163648 D 56027 utils/sqlite/statement.cpp:192: Step statement; no more rows
20150728-163648 D 56027 utils/sqlite/database.cpp:275: Creating statement: INSERT INTO test_cases (test_program_id, name, metadata_id) VALUES (:test_program_id, :name, :metadata_id)
20150728-163648 D 56027 utils/sqlite/statement.cpp:192: Step statement; no more rows
20150728-163648 D 56027 utils/sqlite/database.cpp:275: Creating statement: INSERT INTO test_results (test_case_id, result_type,                           result_reason, start_time,                           end_time) VALUES (:test_case_id, :result_type, :result_reason,         :start_time, :end_time)
20150728-163648 D 56027 utils/sqlite/statement.cpp:192: Step statement; no more rows
20150728-163648 D 56027 utils/sqlite/database.cpp:275: Creating statement: SELECT MAX(ROWID) AS max_rowid FROM metadatas
20150728-163648 D 56027 utils/sqlite/statement.cpp:195: Step statement; row available for processing
20150728-163648 D 56027 utils/sqlite/database.cpp:275: Creating statement: INSERT INTO metadatas (metadata_id, property_name, property_value) VALUES (:metadata_id, :property_name, :property_value)
20150728-163648 D 56027 utils/sqlite/statement.cpp:192: Step statement; no more rows
20150728-163648 D 56027 utils/sqlite/statement.cpp:192: Step statement; no more rows
20150728-163648 D 56027 utils/sqlite/statement.cpp:192: Step statement; no more rows
20150728-163648 D 56027 utils/sqlite/statement.cpp:192: Step statement; no more rows
20150728-163648 D 56027 utils/sqlite/statement.cpp:192: Step statement; no more rows
20150728-163648 D 56027 utils/sqlite/statement.cpp:192: Step statement; no more rows
20150728-163648 D 56027 utils/sqlite/statement.cpp:192: Step statement; no more rows
20150728-163648 D 56027 utils/sqlite/statement.cpp:192: Step statement; no more rows
20150728-163648 D 56027 utils/sqlite/statement.cpp:192: Step statement; no more rows
20150728-163648 D 56027 utils/sqlite/statement.cpp:192: Step statement; no more rows
20150728-163648 D 56027 utils/sqlite/statement.cpp:192: Step statement; no more rows
20150728-163648 D 56027 utils/sqlite/database.cpp:275: Creating statement: INSERT INTO test_cases (test_program_id, name, metadata_id) VALUES (:test_program_id, :name, :metadata_id)
20150728-163648 D 56027 utils/sqlite/statement.cpp:192: Step statement; no more rows
20150728-163648 D 56027 utils/sqlite/database.cpp:275: Creating statement: INSERT INTO test_results (test_case_id, result_type,                           result_reason, start_time,                           end_time) VALUES (:test_case_id, :result_type, :result_reason,         :start_time, :end_time)
20150728-163648 D 56027 utils/sqlite/statement.cpp:192: Step statement; no more rows
20150728-163648 D 56027 utils/sqlite/database.cpp:275: Creating statement: SELECT MAX(ROWID) AS max_rowid FROM metadatas
20150728-163648 D 56027 utils/sqlite/statement.cpp:195: Step statement; row available for processing
20150728-163648 D 56027 utils/sqlite/database.cpp:275: Creating statement: INSERT INTO metadatas (metadata_id, property_name, property_value) VALUES (:metadata_id, :property_name, :property_value)
20150728-163648 D 56027 utils/sqlite/statement.cpp:192: Step statement; no more rows
20150728-163648 D 56027 utils/sqlite/statement.cpp:192: Step statement; no more rows
20150728-163648 D 56027 utils/sqlite/statement.cpp:192: Step statement; no more rows
20150728-163648 D 56027 utils/sqlite/statement.cpp:192: Step statement; no more rows
20150728-163648 D 56027 utils/sqlite/statement.cpp:192: Step statement; no more rows
20150728-163648 D 56027 utils/sqlite/statement.cpp:192: Step statement; no more rows
20150728-163648 D 56027 utils/sqlite/statement.cpp:192: Step statement; no more rows
20150728-163648 D 56027 utils/sqlite/statement.cpp:192: Step statement; no more rows
20150728-163648 D 56027 utils/sqlite/statement.cpp:192: Step statement; no more rows
20150728-163648 D 56027 utils/sqlite/statement.cpp:192: Step statement; no more rows
20150728-163648 D 56027 utils/sqlite/statement.cpp:192: Step statement; no more rows
20150728-163648 D 56027 utils/sqlite/database.cpp:275: Creating statement: INSERT INTO test_cases (test_program_id, name, metadata_id) VALUES (:test_program_id, :name, :metadata_id)
20150728-163648 D 56027 utils/sqlite/statement.cpp:192: Step statement; no more rows
20150728-163648 D 56027 utils/sqlite/database.cpp:275: Creating statement: INSERT INTO test_results (test_case_id, result_type,                           result_reason, start_time,                           end_time) VALUES (:test_case_id, :result_type, :result_reason,         :start_time, :end_time)
20150728-163648 D 56027 utils/sqlite/statement.cpp:192: Step statement; no more rows
20150728-163648 D 56027 utils/sqlite/database.cpp:275: Creating statement: SELECT MAX(ROWID) AS max_rowid FROM metadatas
20150728-163648 D 56027 utils/sqlite/statement.cpp:195: Step statement; row available for processing
20150728-163648 D 56027 utils/sqlite/database.cpp:275: Creating statement: INSERT INTO metadatas (metadata_id, property_name, property_value) VALUES (:metadata_id, :property_name, :property_value)
20150728-163648 D 56027 utils/sqlite/statement.cpp:192: Step statement; no more rows
20150728-163648 D 56027 utils/sqlite/statement.cpp:192: Step statement; no more rows
20150728-163648 D 56027 utils/sqlite/statement.cpp:192: Step statement; no more rows
20150728-163648 D 56027 utils/sqlite/statement.cpp:192: Step statement; no more rows
20150728-163648 D 56027 utils/sqlite/statement.cpp:192: Step statement; no more rows
20150728-163648 D 56027 utils/sqlite/statement.cpp:192: Step statement; no more rows
20150728-163648 D 56027 utils/sqlite/statement.cpp:192: Step statement; no more rows
20150728-163648 D 56027 utils/sqlite/statement.cpp:192: Step statement; no more rows
20150728-163648 D 56027 utils/sqlite/statement.cpp:192: Step statement; no more rows
20150728-163648 D 56027 utils/sqlite/statement.cpp:192: Step statement; no more rows
20150728-163648 D 56027 utils/sqlite/statement.cpp:192: Step statement; no more rows
20150728-163648 D 56027 utils/sqlite/database.cpp:275: Creating statement: INSERT INTO test_programs (absolute_path,                            root, relative_path, test_suite_name,                            metadata_id, interface) VALUES (:absolute_path, :root, :relative_path,         :test_suite_name, :metadata_id, :interface)
20150728-163648 D 56027 utils/sqlite/statement.cpp:192: Step statement; no more rows
20150728-163648 D 56027 utils/sqlite/database.cpp:275: Creating statement: SELECT MAX(ROWID) AS max_rowid FROM metadatas
20150728-163648 D 56027 utils/sqlite/statement.cpp:195: Step statement; row available for processing
20150728-163648 D 56027 utils/sqlite/database.cpp:275: Creating statement: INSERT INTO metadatas (metadata_id, property_name, property_value) VALUES (:metadata_id, :property_name, :property_value)
20150728-163648 D 56027 utils/sqlite/statement.cpp:192: Step statement; no more rows
20150728-163648 D 56027 utils/sqlite/statement.cpp:192: Step statement; no more rows
20150728-163648 D 56027 utils/sqlite/statement.cpp:192: Step statement; no more rows
20150728-163648 D 56027 utils/sqlite/statement.cpp:192: Step statement; no more rows
20150728-163648 D 56027 utils/sqlite/statement.cpp:192: Step statement; no more rows
20150728-163648 D 56027 utils/sqlite/statement.cpp:192: Step statement; no more rows
20150728-163648 D 56027 utils/sqlite/statement.cpp:192: Step statement; no more rows
20150728-163648 D 56027 utils/sqlite/statement.cpp:192: Step statement; no more rows
20150728-163648 D 56027 utils/sqlite/statement.cpp:192: Step statement; no more rows
20150728-163648 D 56027 utils/sqlite/statement.cpp:192: Step statement; no more rows
20150728-163648 D 56027 utils/sqlite/statement.cpp:192: Step statement; no more rows
20150728-163648 D 56027 utils/sqlite/database.cpp:275: Creating statement: INSERT INTO test_cases (test_program_id, name, metadata_id) VALUES (:test_program_id, :name, :metadata_id)
20150728-163648 D 56027 utils/sqlite/statement.cpp:192: Step statement; no more rows
20150728-163648 D 56027 utils/sqlite/database.cpp:275: Creating statement: INSERT INTO test_results (test_case_id, result_type,                           result_reason, start_time,                           end_time) VALUES (:test_case_id, :result_type, :result_reason,         :start_time, :end_time)
20150728-163648 D 56027 utils/sqlite/statement.cpp:192: Step statement; no more rows
20150728-163648 D 56027 utils/sqlite/database.cpp:275: Creating statement: SELECT MAX(ROWID) AS max_rowid FROM metadatas
20150728-163648 D 56027 utils/sqlite/statement.cpp:195: Step statement; row available for processing
20150728-163648 D 56027 utils/sqlite/database.cpp:275: Creating statement: INSERT INTO metadatas (metadata_id, property_name, property_value) VALUES (:metadata_id, :property_name, :property_value)
20150728-163648 D 56027 utils/sqlite/statement.cpp:192: Step statement; no more rows
20150728-163648 D 56027 utils/sqlite/statement.cpp:192: Step statement; no more rows
20150728-163648 D 56027 utils/sqlite/statement.cpp:192: Step statement; no more rows
20150728-163648 D 56027 utils/sqlite/statement.cpp:192: Step statement; no more rows
20150728-163648 D 56027 utils/sqlite/statement.cpp:192: Step statement; no more rows
20150728-163648 D 56027 utils/sqlite/statement.cpp:192: Step statement; no more rows
20150728-163648 D 56027 utils/sqlite/statement.cpp:192: Step statement; no more rows
20150728-163648 D 56027 utils/sqlite/statement.cpp:192: Step statement; no more rows
20150728-163648 D 56027 utils/sqlite/statement.cpp:192: Step statement; no more rows
20150728-163648 D 56027 utils/sqlite/statement.cpp:192: Step statement; no more rows
20150728-163648 D 56027 utils/sqlite/statement.cpp:192: Step statement; no more rows
20150728-163648 D 56027 utils/sqlite/database.cpp:275: Creating statement: INSERT INTO test_cases (test_program_id, name, metadata_id) VALUES (:test_program_id, :name, :metadata_id)
20150728-163648 D 56027 utils/sqlite/statement.cpp:192: Step statement; no more rows
20150728-163648 D 56027 utils/sqlite/database.cpp:275: Creating statement: INSERT INTO test_results (test_case_id, result_type,                           result_reason, start_time,                           end_time) VALUES (:test_case_id, :result_type, :result_reason,         :start_time, :end_time)
20150728-163648 D 56027 utils/sqlite/statement.cpp:192: Step statement; no more rows
20150728-163648 D 56027 utils/sqlite/database.cpp:275: Creating statement: SELECT MAX(ROWID) AS max_rowid FROM metadatas
20150728-163648 D 56027 utils/sqlite/statement.cpp:195: Step statement; row available for processing
20150728-163648 D 56027 utils/sqlite/database.cpp:275: Creating statement: INSERT INTO metadatas (metadata_id, property_name, property_value) VALUES (:metadata_id, :property_name, :property_value)
20150728-163648 D 56027 utils/sqlite/statement.cpp:192: Step statement; no more rows
20150728-163648 D 56027 utils/sqlite/statement.cpp:192: Step statement; no more rows
20150728-163648 D 56027 utils/sqlite/statement.cpp:192: Step statement; no more rows
20150728-163648 D 56027 utils/sqlite/statement.cpp:192: Step statement; no more rows
20150728-163648 D 56027 utils/sqlite/statement.cpp:192: Step statement; no more rows
20150728-163648 D 56027 utils/sqlite/statement.cpp:192: Step statement; no more rows
20150728-163648 D 56027 utils/sqlite/statement.cpp:192: Step statement; no more rows
20150728-163648 D 56027 utils/sqlite/statement.cpp:192: Step statement; no more rows
20150728-163648 D 56027 utils/sqlite/statement.cpp:192: Step statement; no more rows
20150728-163648 D 56027 utils/sqlite/statement.cpp:192: Step statement; no more rows
20150728-163648 D 56027 utils/sqlite/statement.cpp:192: Step statement; no more rows
20150728-163648 D 56027 utils/sqlite/database.cpp:275: Creating statement: INSERT INTO test_cases (test_program_id, name, metadata_id) VALUES (:test_program_id, :name, :metadata_id)
20150728-163648 D 56027 utils/sqlite/statement.cpp:192: Step statement; no more rows
20150728-163648 D 56027 utils/sqlite/database.cpp:275: Creating statement: INSERT INTO test_results (test_case_id, result_type,                           result_reason, start_time,                           end_time) VALUES (:test_case_id, :result_type, :result_reason,         :start_time, :end_time)
20150728-163648 D 56027 utils/sqlite/statement.cpp:192: Step statement; no more rows
20150728-163648 D 56027 utils/sqlite/database.cpp:275: Creating statement: SELECT MAX(ROWID) AS max_rowid FROM metadatas
20150728-163648 D 56027 utils/sqlite/statement.cpp:195: Step statement; row available for processing
20150728-163648 D 56027 utils/sqlite/database.cpp:275: Creating statement: INSERT INTO metadatas (metadata_id, property_name, property_value) VALUES (:metadata_id, :property_name, :property_value)
20150728-163648 D 56027 utils/sqlite/statement.cpp:192: Step statement; no more rows
20150728-163648 D 56027 utils/sqlite/statement.cpp:192: Step statement; no more rows
20150728-163648 D 56027 utils/sqlite/statement.cpp:192: Step statement; no more rows
20150728-163648 D 56027 utils/sqlite/statement.cpp:192: Step statement; no more rows
20150728-163648 D 56027 utils/sqlite/statement.cpp:192: Step statement; no more rows
20150728-163648 D 56027 utils/sqlite/statement.cpp:192: Step statement; no more rows
20150728-163648 D 56027 utils/sqlite/statement.cpp:192: Step statement; no more rows
20150728-163648 D 56027 utils/sqlite/statement.cpp:192: Step statement; no more rows
20150728-163648 D 56027 utils/sqlite/statement.cpp:192: Step statement; no more rows
20150728-163648 D 56027 utils/sqlite/statement.cpp:192: Step statement; no more rows
20150728-163648 D 56027 utils/sqlite/statement.cpp:192: Step statement; no more rows
20150728-163648 D 56027 utils/sqlite/database.cpp:275: Creating statement: INSERT INTO test_programs (absolute_path,                            root, relative_path, test_suite_name,                            metadata_id, interface) VALUES (:absolute_path, :root, :relative_path,         :test_suite_name, :metadata_id, :interface)
20150728-163648 D 56027 utils/sqlite/statement.cpp:192: Step statement; no more rows
20150728-163648 D 56027 utils/sqlite/database.cpp:275: Creating statement: SELECT MAX(ROWID) AS max_rowid FROM metadatas
20150728-163648 D 56027 utils/sqlite/statement.cpp:195: Step statement; row available for processing
20150728-163648 D 56027 utils/sqlite/database.cpp:275: Creating statement: INSERT INTO metadatas (metadata_id, property_name, property_value) VALUES (:metadata_id, :property_name, :property_value)
20150728-163648 D 56027 utils/sqlite/statement.cpp:192: Step statement; no more rows
20150728-163648 D 56027 utils/sqlite/statement.cpp:192: Step statement; no more rows
20150728-163648 D 56027 utils/sqlite/statement.cpp:192: Step statement; no more rows
20150728-163648 D 56027 utils/sqlite/statement.cpp:192: Step statement; no more rows
20150728-163648 D 56027 utils/sqlite/statement.cpp:192: Step statement; no more rows
20150728-163648 D 56027 utils/sqlite/statement.cpp:192: Step statement; no more rows
20150728-163648 D 56027 utils/sqlite/statement.cpp:192: Step statement; no more rows
20150728-163648 D 56027 utils/sqlite/statement.cpp:192: Step statement; no more rows
20150728-163648 D 56027 utils/sqlite/statement.cpp:192: Step statement; no more rows
20150728-163648 D 56027 utils/sqlite/statement.cpp:192: Step statement; no more rows
20150728-163648 D 56027 utils/sqlite/statement.cpp:192: Step statement; no more rows
20150728-163648 D 56027 utils/sqlite/database.cpp:275: Creating statement: INSERT INTO test_cases (test_program_id, name, metadata_id) VALUES (:test_program_id, :name, :metadata_id)
20150728-163648 D 56027 utils/sqlite/statement.cpp:192: Step statement; no more rows
20150728-163648 D 56027 utils/sqlite/database.cpp:275: Creating statement: INSERT INTO test_results (test_case_id, result_type,                           result_reason, start_time,                           end_time) VALUES (:test_case_id, :result_type, :result_reason,         :start_time, :end_time)
20150728-163648 D 56027 utils/sqlite/statement.cpp:192: Step statement; no more rows
20150728-163648 D 56027 utils/sqlite/database.cpp:275: Creating statement: SELECT MAX(ROWID) AS max_rowid FROM metadatas
20150728-163648 D 56027 utils/sqlite/statement.cpp:195: Step statement; row available for processing
20150728-163648 D 56027 utils/sqlite/database.cpp:275: Creating statement: INSERT INTO metadatas (metadata_id, property_name, property_value) VALUES (:metadata_id, :property_name, :property_value)
20150728-163648 D 56027 utils/sqlite/statement.cpp:192: Step statement; no more rows
20150728-163648 D 56027 utils/sqlite/statement.cpp:192: Step statement; no more rows
20150728-163648 D 56027 utils/sqlite/statement.cpp:192: Step statement; no more rows
20150728-163648 D 56027 utils/sqlite/statement.cpp:192: Step statement; no more rows
20150728-163648 D 56027 utils/sqlite/statement.cpp:192: Step statement; no more rows
20150728-163648 D 56027 utils/sqlite/statement.cpp:192: Step statement; no more rows
20150728-163648 D 56027 utils/sqlite/statement.cpp:192: Step statement; no more rows
20150728-163648 D 56027 utils/sqlite/statement.cpp:192: Step statement; no more rows
20150728-163648 D 56027 utils/sqlite/statement.cpp:192: Step statement; no more rows
20150728-163648 D 56027 utils/sqlite/statement.cpp:192: Step statement; no more rows
20150728-163648 D 56027 utils/sqlite/statement.cpp:192: Step statement; no more rows
20150728-163648 D 56027 utils/sqlite/database.cpp:275: Creating statement: INSERT INTO test_cases (test_program_id, name, metadata_id) VALUES (:test_program_id, :name, :metadata_id)
20150728-163648 D 56027 utils/sqlite/statement.cpp:192: Step statement; no more rows
20150728-163648 D 56027 utils/sqlite/database.cpp:275: Creating statement: INSERT INTO test_results (test_case_id, result_type,                           result_reason, start_time,                           end_time) VALUES (:test_case_id, :result_type, :result_reason,         :start_time, :end_time)
20150728-163648 D 56027 utils/sqlite/statement.cpp:192: Step statement; no more rows
20150728-163648 D 56027 utils/sqlite/database.cpp:275: Creating statement: SELECT MAX(ROWID) AS max_rowid FROM metadatas
20150728-163648 D 56027 utils/sqlite/statement.cpp:195: Step statement; row available for processing
20150728-163648 D 56027 utils/sqlite/database.cpp:275: Creating statement: INSERT INTO metadatas (metadata_id, property_name, property_value) VALUES (:metadata_id, :property_name, :property_value)
20150728-163648 D 56027 utils/sqlite/statement.cpp:192: Step statement; no more rows
20150728-163648 D 56027 utils/sqlite/statement.cpp:192: Step statement; no more rows
20150728-163648 D 56027 utils/sqlite/statement.cpp:192: Step statement; no more rows
20150728-163648 D 56027 utils/sqlite/statement.cpp:192: Step statement; no more rows
20150728-163648 D 56027 utils/sqlite/statement.cpp:192: Step statement; no more rows
20150728-163648 D 56027 utils/sqlite/statement.cpp:192: Step statement; no more rows
20150728-163648 D 56027 utils/sqlite/statement.cpp:192: Step statement; no more rows
20150728-163648 D 56027 utils/sqlite/statement.cpp:192: Step statement; no more rows
20150728-163648 D 56027 utils/sqlite/statement.cpp:192: Step statement; no more rows
20150728-163648 D 56027 utils/sqlite/statement.cpp:192: Step statement; no more rows
20150728-163648 D 56027 utils/sqlite/statement.cpp:192: Step statement; no more rows
20150728-163648 D 56027 utils/sqlite/database.cpp:275: Creating statement: INSERT INTO test_cases (test_program_id, name, metadata_id) VALUES (:test_program_id, :name, :metadata_id)
20150728-163648 D 56027 utils/sqlite/statement.cpp:192: Step statement; no more rows
20150728-163648 D 56027 utils/sqlite/database.cpp:275: Creating statement: INSERT INTO test_results (test_case_id, result_type,                           result_reason, start_time,                           end_time) VALUES (:test_case_id, :result_type, :result_reason,         :start_time, :end_time)
20150728-163648 D 56027 utils/sqlite/statement.cpp:192: Step statement; no more rows
20150728-163648 D 56027 utils/sqlite/database.cpp:275: Creating statement: SELECT schema_version, timestamp FROM metadata ORDER BY schema_version DESC LIMIT 1
20150728-163648 D 56027 utils/sqlite/statement.cpp:195: Step statement; row available for processing
20150728-163648 D 56027 utils/sqlite/statement.cpp:192: Step statement; no more rows
20150728-163648 D 56027 utils/sqlite/database.cpp:275: Creating statement: SELECT cwd FROM contexts
20150728-163648 D 56027 utils/sqlite/statement.cpp:195: Step statement; row available for processing
20150728-163648 D 56027 utils/sqlite/database.cpp:275: Creating statement: SELECT var_name, var_value FROM env_vars
20150728-163648 D 56027 utils/sqlite/statement.cpp:195: Step statement; row available for processing
20150728-163648 D 56027 utils/sqlite/statement.cpp:195: Step statement; row available for processing
20150728-163648 D 56027 utils/sqlite/statement.cpp:195: Step statement; row available for processing
20150728-163648 D 56027 utils/sqlite/statement.cpp:192: Step statement; no more rows
20150728-163648 D 56027 utils/sqlite/database.cpp:275: Creating statement: SELECT test_programs.test_program_id,     test_programs.interface,     test_cases.test_case_id, test_cases.name,     test_results.result_type, test_results.result_reason,     test_results.start_time, test_results.end_time FROM test_programs     JOIN test_cases     ON test_programs.test_program_id = test_cases.test_program_id     JOIN test_results     ON test_cases.test_case_id = test_results.test_case_id ORDER BY test_programs.absolute_path, test_cases.name
20150728-163648 D 56027 utils/sqlite/statement.cpp:195: Step statement; row available for processing
20150728-163648 D 56027 utils/sqlite/database.cpp:275: Creating statement: SELECT * FROM test_programs WHERE test_program_id == :id
20150728-163648 D 56027 utils/sqlite/statement.cpp:195: Step statement; row available for processing
20150728-163648 D 56027 utils/sqlite/database.cpp:275: Creating statement: SELECT * FROM metadatas WHERE metadata_id == :metadata_id
20150728-163648 D 56027 utils/sqlite/statement.cpp:195: Step statement; row available for processing
20150728-163648 D 56027 utils/sqlite/statement.cpp:195: Step statement; row available for processing
20150728-163648 D 56027 utils/sqlite/statement.cpp:195: Step statement; row available for processing
20150728-163648 D 56027 utils/sqlite/statement.cpp:195: Step statement; row available for processing
20150728-163648 D 56027 utils/sqlite/statement.cpp:195: Step statement; row available for processing
20150728-163648 D 56027 utils/sqlite/statement.cpp:195: Step statement; row available for processing
20150728-163648 D 56027 utils/sqlite/statement.cpp:195: Step statement; row available for processing
20150728-163648 D 56027 utils/sqlite/statement.cpp:195: Step statement; row available for processing
20150728-163648 D 56027 utils/sqlite/statement.cpp:195: Step statement; row available for processing
20150728-163648 D 56027 utils/sqlite/statement.cpp:195: Step statement; row available for processing
20150728-163648 D 56027 utils/sqlite/statement.cpp:195: Step statement; row available for processing
20150728-163648 D 56027 utils/sqlite/statement.cpp:192: Step statement; no more rows
20150728-163648 D 56027 utils/sqlite/database.cpp:275: Creating statement: SELECT name, metadata_id FROM test_cases WHERE test_program_id == :test_program_id
20150728-163648 D 56027 utils/sqlite/statement.cpp:195: Step statement; row available for processing
20150728-163648 D 56027 utils/sqlite/database.cpp:275: Creating statement: SELECT * FROM metadatas WHERE metadata_id == :metadata_id
20150728-163648 D 56027 utils/sqlite/statement.cpp:195: Step statement; row available for processing
20150728-163648 D 56027 utils/sqlite/statement.cpp:195: Step statement; row available for processing
20150728-163648 D 56027 utils/sqlite/statement.cpp:195: Step statement; row available for processing
20150728-163648 D 56027 utils/sqlite/statement.cpp:195: Step statement; row available for processing
20150728-163648 D 56027 utils/sqlite/statement.cpp:195: Step statement; row available for processing
20150728-163648 D 56027 utils/sqlite/statement.cpp:195: Step statement; row available for processing
20150728-163648 D 56027 utils/sqlite/statement.cpp:195: Step statement; row available for processing
20150728-163648 D 56027 utils/sqlite/statement.cpp:195: Step statement; row available for processing
20150728-163648 D 56027 utils/sqlite/statement.cpp:195: Step statement; row available for processing
20150728-163648 D 56027 utils/sqlite/statement.cpp:195: Step statement; row available for processing
20150728-163648 D 56027 utils/sqlite/statement.cpp:195: Step statement; row available for processing
20150728-163648 D 56027 utils/sqlite/statement.cpp:192: Step statement; no more rows
20150728-163648 D 56027 store/read_transaction.cpp:172: Loaded test case 'case_0'
20150728-163648 D 56027 utils/sqlite/statement.cpp:195: Step statement; row available for processing
20150728-163648 D 56027 utils/sqlite/database.cpp:275: Creating statement: SELECT * FROM metadatas WHERE metadata_id == :metadata_id
20150728-163648 D 56027 utils/sqlite/statement.cpp:195: Step statement; row available for processing
20150728-163648 D 56027 utils/sqlite/statement.cpp:195: Step statement; row available for processing
20150728-163648 D 56027 utils/sqlite/statement.cpp:195: Step statement; row available for processing
20150728-163648 D 56027 utils/sqlite/statement.cpp:195: Step statement; row available for processing
20150728-163648 D 56027 utils/sqlite/statement.cpp:195: Step statement; row available for processing
20150728-163648 D 56027 utils/sqlite/statement.cpp:195: Step statement; row available for processing
20150728-163648 D 56027 utils/sqlite/statement.cpp:195: Step statement; row available for processing
20150728-163648 D 56027 utils/sqlite/statement.cpp:195: Step statement; row available for processing
20150728-163648 D 56027 utils/sqlite/statement.cpp:195: Step statement; row available for processing
20150728-163648 D 56027 utils/sqlite/statement.cpp:195: Step statement; row available for processing
20150728-163648 D 56027 utils/sqlite/statement.cpp:195: Step statement; row available for processing
20150728-163648 D 56027 utils/sqlite/statement.cpp:192: Step statement; no more rows
20150728-163648 D 56027 store/read_transaction.cpp:172: Loaded test case 'case_1'
20150728-163648 D 56027 utils/sqlite/statement.cpp:195: Step statement; row available for processing
20150728-163648 D 56027 utils/sqlite/database.cpp:275: Creating statement: SELECT * FROM metadatas WHERE metadata_id == :metadata_id
20150728-163648 D 56027 utils/sqlite/statement.cpp:195: Step statement; row available for processing
20150728-163648 D 56027 utils/sqlite/statement.cpp:195: Step statement; row available for processing
20150728-163648 D 56027 utils/sqlite/statement.cpp:195: Step statement; row available for processing
20150728-163648 D 56027 utils/sqlite/statement.cpp:195: Step statement; row available for processing
20150728-163648 D 56027 utils/sqlite/statement.cpp:195: Step statement; row available for processing
20150728-163648 D 56027 utils/sqlite/statement.cpp:195: Step statement; row available for processing
20150728-163648 D 56027 utils/sqlite/statement.cpp:195: Step statement; row available for processing
20150728-163648 D 56027 utils/sqlite/statement.cpp:195: Step statement; row available for processing
20150728-163648 D 56027 utils/sqlite/statement.cpp:195: Step statement; row available for processing
20150728-163648 D 56027 utils/sqlite/statement.cpp:195: Step statement; row available for processing
20150728-163648 D 56027 utils/sqlite/statement.cpp:195: Step statement; row available for processing
20150728-163648 D 56027 utils/sqlite/statement.cpp:192: Step statement; no more rows
20150728-163648 D 56027 store/read_transaction.cpp:172: Loaded test case 'case_2'
20150728-163648 D 56027 utils/sqlite/statement.cpp:192: Step statement; no more rows
20150728-163648 D 56027 utils/sqlite/statement.cpp:192: Step statement; no more rows
20150728-163648 D 56027 store/read_transaction.cpp:247: Loaded test program 'dir/prog_0'
20150728-163648 D 56027 utils/sqlite/statement.cpp:195: Step statement; row available for processing
20150728-163648 D 56027 utils/sqlite/statement.cpp:195: Step statement; row available for processing
20150728-163648 D 56027 utils/sqlite/statement.cpp:195: Step statement; row available for processing
20150728-163648 D 56027 utils/sqlite/database.cpp:275: Creating statement: SELECT * FROM test_programs WHERE test_program_id == :id
20150728-163648 D 56027 utils/sqlite/statement.cpp:195: Step statement; row available for processing
20150728-163648 D 56027 utils/sqlite/database.cpp:275: Creating statement: SELECT * FROM metadatas WHERE metadata_id == :metadata_id
20150728-163648 D 56027 utils/sqlite/statement.cpp:195: Step statement; row available for processing
20150728-163648 D 56027 utils/sqlite/statement.cpp:195: Step statement; row available for processing
20150728-163648 D 56027 utils/sqlite/statement.cpp:195: Step statement; row available for processing
20150728-163648 D 56027 utils/sqlite/statement.cpp:195: Step statement; row available for processing
20150728-163648 D 56027 utils/sqlite/statement.cpp:195: Step statement; row available for processing
20150728-163648 D 56027 utils/sqlite/statement.cpp:195: Step statement; row available for processing
20150728-163648 D 56027 utils/sqlite/statement.cpp:195: Step statement; row available for processing
20150728-163648 D 56027 utils/sqlite/statement.cpp:195: Step statement; row available for processing
20150728-163648 D 56027 utils/sqlite/statement.cpp:195: Step statement; row available for processing
20150728-163648 D 56027 utils/sqlite/statement.cpp:195: Step statement; row available for processing
20150728-163648 D 56027 utils/sqlite/statement.cpp:195: Step statement; row available for processing
20150728-163648 D 56027 utils/sqlite/statement.cpp:192: Step statement; no more rows
20150728-163648 D 56027 utils/sqlite/database.cpp:275: Creating statement: SELECT name, metadata_id FROM test_cases WHERE test_program_id == :test_program_id
20150728-163648 D 56027 utils/sqlite/statement.cpp:195: Step statement; row available for processing
20150728-163648 D 56027 utils/sqlite/database.cpp:275: Creating statement: SELECT * FROM metadatas WHERE metadata_id == :metadata_id
20150728-163648 D 56027 utils/sqlite/statement.cpp:195: Step statement; row available for processing
20150728-163648 D 56027 utils/sqlite/statement.cpp:195: Step statement; row available for processing
20150728-163648 D 56027 utils/sqlite/statement.cpp:195: Step statement; row available for processing
20150728-163648 D 56027 utils/sqlite/statement.cpp:195: Step statement; row available for processing
20150728-163648 D 56027 utils/sqlite/statement.cpp:195: Step statement; row available for processing
20150728-163648 D 56027 utils/sqlite/statement.cpp:195: Step statement; row available for processing
20150728-163648 D 56027 utils/sqlite/statement.cpp:195: Step statement; row available for processing
20150728-163648 D 56027 utils/sqlite/statement.cpp:195: Step statement; row available for processing
20150728-163648 D 56027 utils/sqlite/statement.cpp:195: Step statement; row available for processing
20150728-163648 D 56027 utils/sqlite/statement.cpp:195: Step statement; row available for processing
20150728-163648 D 56027 utils/sqlite/statement.cpp:195: Step statement; row available for processing
20150728-163648 D 56027 utils/sqlite/statement.cpp:192: Step statement; no more rows
20150728-163648 D 56027 store/read_transaction.cpp:172: Loaded test case 'case_0'
20150728-163648 D 56027 utils/sqlite/statement.cpp:195: Step statement; row available for processing
20150728-163648 D 56027 utils/sqlite/database.cpp:275: Creating statement: SELECT * FROM metadatas WHERE metadata_id == :metadata_id
20150728-163648 D 56027 utils/sqlite/statement.cpp:195: Step statement; row available for processing
20150728-163648 D 56027 utils/sqlite/statement.cpp:195: Step statement; row available for processing
20150728-163648 D 56027 utils/sqlite/statement.cpp:195: Step statement; row available for processing
20150728-163648 D 56027 utils/sqlite/statement.cpp:195: Step statement; row available for processing
20150728-163648 D 56027 utils/sqlite/statement.cpp:195: Step statement; row available for processing
20150728-163648 D 56027 utils/sqlite/statement.cpp:195: Step statement; row available for processing
20150728-163648 D 56027 utils/sqlite/statement.cpp:195: Step statement; row available for processing
20150728-163648 D 56027 utils/sqlite/statement.cpp:195: Step statement; row available for processing
20150728-163648 D 56027 utils/sqlite/statement.cpp:195: Step statement; row available for processing
20150728-163648 D 56027 utils/sqlite/statement.cpp:195: Step statement; row available for processing
20150728-163648 D 56027 utils/sqlite/statement.cpp:195: Step statement; row available for processing
20150728-163648 D 56027 utils/sqlite/statement.cpp:192: Step statement; no more rows
20150728-163648 D 56027 store/read_transaction.cpp:172: Loaded test case 'case_1'
20150728-163648 D 56027 utils/sqlite/statement.cpp:195: Step statement; row available for processing
20150728-163648 D 56027 utils/sqlite/database.cpp:275: Creating statement: SELECT * FROM metadatas WHERE metadata_id == :metadata_id
20150728-163648 D 56027 utils/sqlite/statement.cpp:195: Step statement; row available for processing
20150728-163648 D 56027 utils/sqlite/statement.cpp:195: Step statement; row available for processing
20150728-163648 D 56027 utils/sqlite/statement.cpp:195: Step statement; row available for processing
20150728-163648 D 56027 utils/sqlite/statement.cpp:195: Step statement; row available for processing
20150728-163648 D 56027 utils/sqlite/statement.cpp:195: Step statement; row available for processing
20150728-163648 D 56027 utils/sqlite/statement.cpp:195: Step statement; row available for processing
20150728-163648 D 56027 utils/sqlite/statement.cpp:195: Step statement; row available for processing
20150728-163648 D 56027 utils/sqlite/statement.cpp:195: Step statement; row available for processing
20150728-163648 D 56027 utils/sqlite/statement.cpp:195: Step statement; row available for processing
20150728-163648 D 56027 utils/sqlite/statement.cpp:195: Step statement; row available for processing
20150728-163648 D 56027 utils/sqlite/statement.cpp:195: Step statement; row available for processing
20150728-163648 D 56027 utils/sqlite/statement.cpp:192: Step statement; no more rows
20150728-163648 D 56027 store/read_transaction.cpp:172: Loaded test case 'case_2'
20150728-163648 D 56027 utils/sqlite/statement.cpp:192: Step statement; no more rows
20150728-163648 D 56027 utils/sqlite/statement.cpp:192: Step statement; no more rows
20150728-163648 D 56027 store/read_transaction.cpp:247: Loaded test program 'dir/prog_1'
20150728-163648 D 56027 utils/sqlite/statement.cpp:195: Step statement; row available for processing
20150728-163648 D 56027 utils/sqlite/statement.cpp:195: Step statement; row available for processing
20150728-163648 D 56027 utils/sqlite/statement.cpp:195: Step statement; row available for processing
20150728-163648 D 56027 utils/sqlite/database.cpp:275: Creating statement: SELECT * FROM test_programs WHERE test_program_id == :id
20150728-163648 D 56027 utils/sqlite/statement.cpp:195: Step statement; row available for processing
20150728-163648 D 56027 utils/sqlite/database.cpp:275: Creating statement: SELECT * FROM metadatas WHERE metadata_id == :metadata_id
20150728-163648 D 56027 utils/sqlite/statement.cpp:195: Step statement; row available for processing
20150728-163648 D 56027 utils/sqlite/statement.cpp:195: Step statement; row available for processing
20150728-163648 D 56027 utils/sqlite/statement.cpp:195: Step statement; row available for processing
20150728-163648 D 56027 utils/sqlite/statement.cpp:195: Step statement; row available for processing
20150728-163648 D 56027 utils/sqlite/statement.cpp:195: Step statement; row available for processing
20150728-163648 D 56027 utils/sqlite/statement.cpp:195: Step statement; row available for processing
20150728-163648 D 56027 utils/sqlite/statement.cpp:195: Step statement; row available for processing
20150728-163648 D 56027 utils/sqlite/statement.cpp:195: Step statement; row available for processing
20150728-163648 D 56027 utils/sqlite/statement.cpp:195: Step statement; row available for processing
20150728-163648 D 56027 utils/sqlite/statement.cpp:195: Step statement; row available for processing
20150728-163648 D 56027 utils/sqlite/statement.cpp:195: Step statement; row available for processing
20150728-163648 D 56027 utils/sqlite/statement.cpp:192: Step statement; no more rows
20150728-163648 D 56027 utils/sqlite/database.cpp:275: Creating statement: SELECT name, metadata_id FROM test_cases WHERE test_program_id == :test_program_id
20150728-163648 D 56027 utils/sqlite/statement.cpp:195: Step statement; row available for processing
20150728-163648 D 56027 utils/sqlite/database.cpp:275: Creating statement: SELECT * FROM metadatas WHERE metadata_id == :metadata_id
20150728-163648 D 56027 utils/sqlite/statement.cpp:195: Step statement; row available for processing
20150728-163648 D 56027 utils/sqlite/statement.cpp:195: Step statement; row available for processing
20150728-163648 D 56027 utils/sqlite/statement.cpp:195: Step statement; row available for processing
20150728-163648 D 56027 utils/sqlite/statement.cpp:195: Step statement; row available for processing
20150728-163648 D 56027 utils/sqlite/statement.cpp:195: Step statement; row available for processing
20150728-163648 D 56027 utils/sqlite/statement.cpp:195: Step statement; row available for processing
20150728-163648 D 56027 utils/sqlite/statement.cpp:195: Step statement; row available for processing
20150728-163648 D 56027 utils/sqlite/statement.cpp:195: Step statement; row available for processing
20150728-163648 D 56027 utils/sqlite/statement.cpp:195: Step statement; row available for processing
20150728-163648 D 56027 utils/sqlite/statement.cpp:195: Step statement; row available for processing
20150728-163648 D 56027 utils/sqlite/statement.cpp:195: Step statement; row available for processing
20150728-163648 D 56027 utils/sqlite/statement.cpp:192: Step statement; no more rows
20150728-163648 D 56027 store/read_transaction.cpp:172: Loaded test case 'case_0'
20150728-163648 D 56027 utils/sqlite/statement.cpp:195: Step statement; row available for processing
20150728-163648 D 56027 utils/sqlite/database.cpp:275: Creating statement: SELECT * FROM metadatas WHERE metadata_id == :metadata_id
20150728-163648 D 56027 utils/sqlite/statement.cpp:195: Step statement; row available for processing
20150728-163648 D 56027 utils/sqlite/statement.cpp:195: Step statement; row available for processing
20150728-163648 D 56027 utils/sqlite/statement.cpp:195: Step statement; row available for processing
20150728-163648 D 56027 utils/sqlite/statement.cpp:195: Step statement; row available for processing
20150728-163648 D 56027 utils/sqlite/statement.cpp:195: Step statement; row available for processing
20150728-163648 D 56027 utils/sqlite/statement.cpp:195: Step statement; row available for processing
20150728-163648 D 56027 utils/sqlite/statement.cpp:195: Step statement; row available for processing
20150728-163648 D 56027 utils/sqlite/statement.cpp:195: Step statement; row available for processing
20150728-163648 D 56027 utils/sqlite/statement.cpp:195: Step statement; row available for processing
20150728-163648 D 56027 utils/sqlite/statement.cpp:195: Step statement; row available for processing
20150728-163648 D 56027 utils/sqlite/statement.cpp:195: Step statement; row available for processing
20150728-163648 D 56027 utils/sqlite/statement.cpp:192: Step statement; no more rows
20150728-163648 D 56027 store/read_transaction.cpp:172: Loaded test case 'case_1'
20150728-163648 D 56027 utils/sqlite/statement.cpp:195: Step statement; row available for processing
20150728-163648 D 56027 utils/sqlite/database.cpp:275: Creating statement: SELECT * FROM metadatas WHERE metadata_id == :metadata_id
20150728-163648 D 56027 utils/sqlite/statement.cpp:195: Step statement; row available for processing
20150728-163648 D 56027 utils/sqlite/statement.cpp:195: Step statement; row available for processing
20150728-163648 D 56027 utils/sqlite/statement.cpp:195: Step statement; row available for processing
20150728-163648 D 56027 utils/sqlite/statement.cpp:195: Step statement; row available for processing
20150728-163648 D 56027 utils/sqlite/statement.cpp:195: Step statement; row available for processing
20150728-163648 D 56027 utils/sqlite/statement.cpp:195: Step statement; row available for processing
20150728-163648 D 56027 utils/sqlite/statement.cpp:195: Step statement; row available for processing
20150728-163648 D 56027 utils/sqlite/statement.cpp:195: Step statement; row available for processing
20150728-163648 D 56027 utils/sqlite/statement.cpp:195: Step statement; row available for processing
20150728-163648 D 56027 utils/sqlite/statement.cpp:195: Step statement; row available for processing
20150728-163648 D 56027 utils/sqlite/statement.cpp:195: Step statement; row available for processing
20150728-163648 D 56027 utils/sqlite/statement.cpp:192: Step statement; no more rows
20150728-163648 D 56027 store/read_transaction.cpp:172: Loaded test case 'case_2'
20150728-163648 D 56027 utils/sqlite/statement.cpp:192: Step statement; no more rows
20150728-163648 D 56027 utils/sqlite/statement.cpp:192: Step statement; no more rows
20150728-163648 D 56027 store/read_transaction.cpp:247: Loaded test program 'dir/prog_2'
20150728-163648 D 56027 utils/sqlite/statement.cpp:195: Step statement; row available for processing
20150728-163648 D 56027 utils/sqlite/statement.cpp:195: Step statement; row available for processing
20150728-163648 D 56027 utils/sqlite/statement.cpp:192: Step statement; no more rows
===> local/kyua/engine/config_test:config__defaults
Result: passed
Duration: 0.053s

Metadata:
    allowed_architectures is empty
    allowed_platforms is empty
    description is empty
    has_cleanup = false
    required_configs is empty
    required_disk_space = 0
    required_files is empty
    required_memory = 0
    required_programs is empty
    required_user is empty
    timeout = 300
===> local/kyua/engine/config_test:config__load__bad_syntax__version
Result: passed
Duration: 0.041s

Metadata:
    allowed_architectures is empty
    allowed_platforms is empty
    description is empty
    has_cleanup = false
    required_configs is empty
    required_disk_space = 0
    required_files is empty
    required_memory = 0
    required_programs is empty
    required_user is empty
    timeout = 300
===> local/kyua/engine/config_test:config__load__defaults
Result: passed
Duration: 0.035s

Metadata:
    allowed_architectures is empty
    allowed_platforms is empty
    description is empty
    has_cleanup = false
    required_configs is empty
    required_disk_space = 0
    required_files is empty
    required_memory = 0
    required_programs is empty
    required_user is empty
    timeout = 300
===> local/kyua/engine/config_test:config__load__lua_error
Result: passed
Duration: 0.039s

Metadata:
    allowed_architectures is empty
    allowed_platforms is empty
    description is empty
    has_cleanup = false
    required_configs is empty
    required_disk_space = 0
    required_files is empty
    required_memory = 0
    required_programs is empty
    required_user is empty
    timeout = 300
===> local/kyua/engine/config_test:config__load__missing_file
Result: passed
Duration: 0.031s

Metadata:
    allowed_architectures is empty
    allowed_platforms is empty
    description is empty
    has_cleanup = false
    required_configs is empty
    required_disk_space = 0
    required_files is empty
    required_memory = 0
    required_programs is empty
    required_user is empty
    timeout = 300
===> local/kyua/engine/config_test:config__load__overrides
Result: passed
Duration: 0.034s

Metadata:
    allowed_architectures is empty
    allowed_platforms is empty
    description is empty
    has_cleanup = false
    required_configs is empty
    required_disk_space = 0
    required_files is empty
    required_memory = 0
    required_programs is empty
    required_user is empty
    timeout = 300
===> local/kyua/engine/exceptions_test:error
Result: passed
Duration: 0.035s

Metadata:
    allowed_architectures is empty
    allowed_platforms is empty
    description is empty
    has_cleanup = false
    required_configs is empty
    required_disk_space = 0
    required_files is empty
    required_memory = 0
    required_programs is empty
    required_user is empty
    timeout = 300
===> local/kyua/engine/exceptions_test:load_error
Result: passed
Duration: 0.047s

Metadata:
    allowed_architectures is empty
    allowed_platforms is empty
    description is empty
    has_cleanup = false
    required_configs is empty
    required_disk_space = 0
    required_files is empty
    required_memory = 0
    required_programs is empty
    required_user is empty
    timeout = 300
===> local/kyua/engine/filters_test:check_disjoint_filters__fail
Result: passed
Duration: 0.068s

Metadata:
    allowed_architectures is empty
    allowed_platforms is empty
    description is empty
    has_cleanup = false
    required_configs is empty
    required_disk_space = 0
    required_files is empty
    required_memory = 0
    required_programs is empty
    required_user is empty
    timeout = 300
===> local/kyua/engine/filters_test:check_disjoint_filters__ok
Result: passed
Duration: 0.032s

Metadata:
    allowed_architectures is empty
    allowed_platforms is empty
    description is empty
    has_cleanup = false
    required_configs is empty
    required_disk_space = 0
    required_files is empty
    required_memory = 0
    required_programs is empty
    required_user is empty
    timeout = 300
===> local/kyua/engine/filters_test:filters_state__match_test_case
Result: passed
Duration: 0.036s

Metadata:
    allowed_architectures is empty
    allowed_platforms is empty
    description is empty
    has_cleanup = false
    required_configs is empty
    required_disk_space = 0
    required_files is empty
    required_memory = 0
    required_programs is empty
    required_user is empty
    timeout = 300
===> local/kyua/engine/filters_test:filters_state__match_test_program
Result: passed
Duration: 0.033s

Metadata:
    allowed_architectures is empty
    allowed_platforms is empty
    description is empty
    has_cleanup = false
    required_configs is empty
    required_disk_space = 0
    required_files is empty
    required_memory = 0
    required_programs is empty
    required_user is empty
    timeout = 300
===> local/kyua/engine/filters_test:filters_state__unused__none
Result: passed
Duration: 0.072s

Metadata:
    allowed_architectures is empty
    allowed_platforms is empty
    description is empty
    has_cleanup = false
    required_configs is empty
    required_disk_space = 0
    required_files is empty
    required_memory = 0
    required_programs is empty
    required_user is empty
    timeout = 300
===> local/kyua/engine/filters_test:filters_state__unused__some
Result: passed
Duration: 0.035s

Metadata:
    allowed_architectures is empty
    allowed_platforms is empty
    description is empty
    has_cleanup = false
    required_configs is empty
    required_disk_space = 0
    required_files is empty
    required_memory = 0
    required_programs is empty
    required_user is empty
    timeout = 300
===> local/kyua/engine/filters_test:test_filter__contains__different
Result: passed
Duration: 0.059s

Metadata:
    allowed_architectures is empty
    allowed_platforms is empty
    description is empty
    has_cleanup = false
    required_configs is empty
    required_disk_space = 0
    required_files is empty
    required_memory = 0
    required_programs is empty
    required_user is empty
    timeout = 300
===> local/kyua/engine/filters_test:test_filter__contains__same
Result: passed
Duration: 0.035s

Metadata:
    allowed_architectures is empty
    allowed_platforms is empty
    description is empty
    has_cleanup = false
    required_configs is empty
    required_disk_space = 0
    required_files is empty
    required_memory = 0
    required_programs is empty
    required_user is empty
    timeout = 300
===> local/kyua/engine/filters_test:test_filter__matches_test_case
Result: passed
Duration: 0.032s

Metadata:
    allowed_architectures is empty
    allowed_platforms is empty
    description is empty
    has_cleanup = false
    required_configs is empty
    required_disk_space = 0
    required_files is empty
    required_memory = 0
    required_programs is empty
    required_user is empty
    timeout = 300
===> local/kyua/engine/filters_test:test_filter__matches_test_program
Result: passed
Duration: 0.034s

Metadata:
    allowed_architectures is empty
    allowed_platforms is empty
    description is empty
    has_cleanup = false
    required_configs is empty
    required_disk_space = 0
    required_files is empty
    required_memory = 0
    required_programs is empty
    required_user is empty
    timeout = 300
===> local/kyua/engine/filters_test:test_filter__operator_eq
Result: passed
Duration: 0.033s

Metadata:
    allowed_architectures is empty
    allowed_platforms is empty
    description is empty
    has_cleanup = false
    required_configs is empty
    required_disk_space = 0
    required_files is empty
    required_memory = 0
    required_programs is empty
    required_user is empty
    timeout = 300
===> local/kyua/engine/filters_test:test_filter__operator_lt
Result: passed
Duration: 0.104s

Metadata:
    allowed_architectures is empty
    allowed_platforms is empty
    description is empty
    has_cleanup = false
    required_configs is empty
    required_disk_space = 0
    required_files is empty
    required_memory = 0
    required_programs is empty
    required_user is empty
    timeout = 300
===> local/kyua/engine/filters_test:test_filter__operator_ne
Result: passed
Duration: 0.050s

Metadata:
    allowed_architectures is empty
    allowed_platforms is empty
    description is empty
    has_cleanup = false
    required_configs is empty
    required_disk_space = 0
    required_files is empty
    required_memory = 0
    required_programs is empty
    required_user is empty
    timeout = 300
===> local/kyua/engine/filters_test:test_filter__output
Result: passed
Duration: 0.054s

Metadata:
    allowed_architectures is empty
    allowed_platforms is empty
    description is empty
    has_cleanup = false
    required_configs is empty
    required_disk_space = 0
    required_files is empty
    required_memory = 0
    required_programs is empty
    required_user is empty
    timeout = 300
===> local/kyua/engine/filters_test:test_filter__parse__absolute
Result: passed
Duration: 0.057s

Metadata:
    allowed_architectures is empty
    allowed_platforms is empty
    description is empty
    has_cleanup = false
    required_configs is empty
    required_disk_space = 0
    required_files is empty
    required_memory = 0
    required_programs is empty
    required_user is empty
    timeout = 300
===> local/kyua/engine/filters_test:test_filter__parse__bad_path
Result: passed
Duration: 0.115s

Metadata:
    allowed_architectures is empty
    allowed_platforms is empty
    description is empty
    has_cleanup = false
    required_configs is empty
    required_disk_space = 0
    required_files is empty
    required_memory = 0
    required_programs is empty
    required_user is empty
    timeout = 300
===> local/kyua/engine/filters_test:test_filter__parse__bad_program_name
Result: passed
Duration: 0.065s

Metadata:
    allowed_architectures is empty
    allowed_platforms is empty
    description is empty
    has_cleanup = false
    required_configs is empty
    required_disk_space = 0
    required_files is empty
    required_memory = 0
    required_programs is empty
    required_user is empty
    timeout = 300
===> local/kyua/engine/filters_test:test_filter__parse__bad_test_case
Result: passed
Duration: 0.139s

Metadata:
    allowed_architectures is empty
    allowed_platforms is empty
    description is empty
    has_cleanup = false
    required_configs is empty
    required_disk_space = 0
    required_files is empty
    required_memory = 0
    required_programs is empty
    required_user is empty
    timeout = 300
===> local/kyua/engine/filters_test:test_filter__parse__empty
Result: passed
Duration: 0.080s

Metadata:
    allowed_architectures is empty
    allowed_platforms is empty
    description is empty
    has_cleanup = false
    required_configs is empty
    required_disk_space = 0
    required_files is empty
    required_memory = 0
    required_programs is empty
    required_user is empty
    timeout = 300
===> local/kyua/engine/filters_test:test_filter__parse__ok
Result: passed
Duration: 0.095s

Metadata:
    allowed_architectures is empty
    allowed_platforms is empty
    description is empty
    has_cleanup = false
    required_configs is empty
    required_disk_space = 0
    required_files is empty
    required_memory = 0
    required_programs is empty
    required_user is empty
    timeout = 300

Standard error:
20150728-163650 D 56089 engine/filters.cpp:89: Parsed user filter 'foo': test program 'foo', no test case
===> local/kyua/engine/filters_test:test_filter__public_fields
Result: passed
Duration: 0.066s

Metadata:
    allowed_architectures is empty
    allowed_platforms is empty
    description is empty
    has_cleanup = false
    required_configs is empty
    required_disk_space = 0
    required_files is empty
    required_memory = 0
    required_programs is empty
    required_user is empty
    timeout = 300
===> local/kyua/engine/filters_test:test_filter__str
Result: passed
Duration: 0.045s

Metadata:
    allowed_architectures is empty
    allowed_platforms is empty
    description is empty
    has_cleanup = false
    required_configs is empty
    required_disk_space = 0
    required_files is empty
    required_memory = 0
    required_programs is empty
    required_user is empty
    timeout = 300
===> local/kyua/engine/filters_test:test_filters__difference__no_filters
Result: passed
Duration: 0.052s

Metadata:
    allowed_architectures is empty
    allowed_platforms is empty
    description is empty
    has_cleanup = false
    required_configs is empty
    required_disk_space = 0
    required_files is empty
    required_memory = 0
    required_programs is empty
    required_user is empty
    timeout = 300
===> local/kyua/engine/filters_test:test_filters__difference__some_filters__all_used
Result: passed
Duration: 0.068s

Metadata:
    allowed_architectures is empty
    allowed_platforms is empty
    description is empty
    has_cleanup = false
    required_configs is empty
    required_disk_space = 0
    required_files is empty
    required_memory = 0
    required_programs is empty
    required_user is empty
    timeout = 300
===> local/kyua/engine/filters_test:test_filters__difference__some_filters__some_unused
Result: passed
Duration: 0.147s

Metadata:
    allowed_architectures is empty
    allowed_platforms is empty
    description is empty
    has_cleanup = false
    required_configs is empty
    required_disk_space = 0
    required_files is empty
    required_memory = 0
    required_programs is empty
    required_user is empty
    timeout = 300
===> local/kyua/engine/filters_test:test_filters__match_test_case__no_filters
Result: passed
Duration: 0.049s

Metadata:
    allowed_architectures is empty
    allowed_platforms is empty
    description is empty
    has_cleanup = false
    required_configs is empty
    required_disk_space = 0
    required_files is empty
    required_memory = 0
    required_programs is empty
    required_user is empty
    timeout = 300
===> local/kyua/engine/filters_test:test_filters__match_test_case__some_filters
Result: passed
Duration: 0.035s

Metadata:
    allowed_architectures is empty
    allowed_platforms is empty
    description is empty
    has_cleanup = false
    required_configs is empty
    required_disk_space = 0
    required_files is empty
    required_memory = 0
    required_programs is empty
    required_user is empty
    timeout = 300
===> local/kyua/engine/filters_test:test_filters__match_test_program__no_filters
Result: passed
Duration: 0.034s

Metadata:
    allowed_architectures is empty
    allowed_platforms is empty
    description is empty
    has_cleanup = false
    required_configs is empty
    required_disk_space = 0
    required_files is empty
    required_memory = 0
    required_programs is empty
    required_user is empty
    timeout = 300
===> local/kyua/engine/filters_test:test_filters__match_test_program__some_filters
Result: passed
Duration: 0.157s

Metadata:
    allowed_architectures is empty
    allowed_platforms is empty
    description is empty
    has_cleanup = false
    required_configs is empty
    required_disk_space = 0
    required_files is empty
    required_memory = 0
    required_programs is empty
    required_user is empty
    timeout = 300
===> local/kyua/engine/kyuafile_test:kyuafile__load__build_directory
Result: passed
Duration: 0.237s

Metadata:
    allowed_architectures is empty
    allowed_platforms is empty
    description is empty
    has_cleanup = false
    required_configs is empty
    required_disk_space = 0
    required_files is empty
    required_memory = 0
    required_programs is empty
    required_user is empty
    timeout = 300

Standard error:
20150728-163651 D 56111 utils/env.cpp:111: Environment variable 'KYUA_TESTERSDIR' is not defined; using default '/usr/local/libexec'
20150728-163651 I 56111 engine/testers.cpp:136: Found tester for interface atf in /usr/local/libexec/kyua-atf-tester
20150728-163651 I 56111 engine/testers.cpp:136: Found tester for interface tap in /usr/local/libexec/kyua-tap-tester
20150728-163651 I 56111 engine/testers.cpp:136: Found tester for interface plain in /usr/local/libexec/kyua-plain-tester
===> local/kyua/engine/kyuafile_test:kyuafile__load__current_directory
Result: passed
Duration: 0.041s

Metadata:
    allowed_architectures is empty
    allowed_platforms is empty
    description is empty
    has_cleanup = false
    required_configs is empty
    required_disk_space = 0
    required_files is empty
    required_memory = 0
    required_programs is empty
    required_user is empty
    timeout = 300

Standard error:
20150728-163651 D 56113 utils/env.cpp:111: Environment variable 'KYUA_TESTERSDIR' is not defined; using default '/usr/local/libexec'
20150728-163651 I 56113 engine/testers.cpp:136: Found tester for interface atf in /usr/local/libexec/kyua-atf-tester
20150728-163651 I 56113 engine/testers.cpp:136: Found tester for interface tap in /usr/local/libexec/kyua-tap-tester
20150728-163651 I 56113 engine/testers.cpp:136: Found tester for interface plain in /usr/local/libexec/kyua-plain-tester
===> local/kyua/engine/kyuafile_test:kyuafile__load__empty
Result: passed
Duration: 0.033s

Metadata:
    allowed_architectures is empty
    allowed_platforms is empty
    description is empty
    has_cleanup = false
    required_configs is empty
    required_disk_space = 0
    required_files is empty
    required_memory = 0
    required_programs is empty
    required_user is empty
    timeout = 300

Standard error:
20150728-163651 D 56115 utils/env.cpp:111: Environment variable 'KYUA_TESTERSDIR' is not defined; using default '/usr/local/libexec'
20150728-163651 I 56115 engine/testers.cpp:136: Found tester for interface atf in /usr/local/libexec/kyua-atf-tester
20150728-163651 I 56115 engine/testers.cpp:136: Found tester for interface tap in /usr/local/libexec/kyua-tap-tester
20150728-163651 I 56115 engine/testers.cpp:136: Found tester for interface plain in /usr/local/libexec/kyua-plain-tester
===> local/kyua/engine/kyuafile_test:kyuafile__load__lua_error
Result: passed
Duration: 0.053s

Metadata:
    allowed_architectures is empty
    allowed_platforms is empty
    description is empty
    has_cleanup = false
    required_configs is empty
    required_disk_space = 0
    required_files is empty
    required_memory = 0
    required_programs is empty
    required_user is empty
    timeout = 300

Standard error:
20150728-163651 D 56117 utils/env.cpp:111: Environment variable 'KYUA_TESTERSDIR' is not defined; using default '/usr/local/libexec'
20150728-163651 I 56117 engine/testers.cpp:136: Found tester for interface atf in /usr/local/libexec/kyua-atf-tester
20150728-163651 I 56117 engine/testers.cpp:136: Found tester for interface tap in /usr/local/libexec/kyua-tap-tester
20150728-163651 I 56117 engine/testers.cpp:136: Found tester for interface plain in /usr/local/libexec/kyua-plain-tester
===> local/kyua/engine/kyuafile_test:kyuafile__load__metadata
Result: passed
Duration: 0.090s

Metadata:
    allowed_architectures is empty
    allowed_platforms is empty
    description is empty
    has_cleanup = false
    required_configs is empty
    required_disk_space = 0
    required_files is empty
    required_memory = 0
    required_programs is empty
    required_user is empty
    timeout = 300

Standard error:
20150728-163651 D 56119 utils/env.cpp:111: Environment variable 'KYUA_TESTERSDIR' is not defined; using default '/usr/local/libexec'
20150728-163651 I 56119 engine/testers.cpp:136: Found tester for interface atf in /usr/local/libexec/kyua-atf-tester
20150728-163651 I 56119 engine/testers.cpp:136: Found tester for interface tap in /usr/local/libexec/kyua-tap-tester
20150728-163651 I 56119 engine/testers.cpp:136: Found tester for interface plain in /usr/local/libexec/kyua-plain-tester
===> local/kyua/engine/kyuafile_test:kyuafile__load__missing_file
Result: passed
Duration: 0.068s

Metadata:
    allowed_architectures is empty
    allowed_platforms is empty
    description is empty
    has_cleanup = false
    required_configs is empty
    required_disk_space = 0
    required_files is empty
    required_memory = 0
    required_programs is empty
    required_user is empty
    timeout = 300

Standard error:
20150728-163651 D 56121 utils/env.cpp:111: Environment variable 'KYUA_TESTERSDIR' is not defined; using default '/usr/local/libexec'
20150728-163651 I 56121 engine/testers.cpp:136: Found tester for interface atf in /usr/local/libexec/kyua-atf-tester
20150728-163651 I 56121 engine/testers.cpp:136: Found tester for interface tap in /usr/local/libexec/kyua-tap-tester
20150728-163651 I 56121 engine/testers.cpp:136: Found tester for interface plain in /usr/local/libexec/kyua-plain-tester
===> local/kyua/engine/kyuafile_test:kyuafile__load__missing_test_program
Result: passed
Duration: 0.076s

Metadata:
    allowed_architectures is empty
    allowed_platforms is empty
    description is empty
    has_cleanup = false
    required_configs is empty
    required_disk_space = 0
    required_files is empty
    required_memory = 0
    required_programs is empty
    required_user is empty
    timeout = 300

Standard error:
20150728-163652 D 56123 utils/env.cpp:111: Environment variable 'KYUA_TESTERSDIR' is not defined; using default '/usr/local/libexec'
20150728-163652 I 56123 engine/testers.cpp:136: Found tester for interface atf in /usr/local/libexec/kyua-atf-tester
20150728-163652 I 56123 engine/testers.cpp:136: Found tester for interface tap in /usr/local/libexec/kyua-tap-tester
20150728-163652 I 56123 engine/testers.cpp:136: Found tester for interface plain in /usr/local/libexec/kyua-plain-tester
===> local/kyua/engine/kyuafile_test:kyuafile__load__mock_interfaces
Result: passed
Duration: 0.088s

Metadata:
    allowed_architectures is empty
    allowed_platforms is empty
    description is empty
    has_cleanup = false
    required_configs is empty
    required_disk_space = 0
    required_files is empty
    required_memory = 0
    required_programs is empty
    required_user is empty
    timeout = 300

Standard error:
20150728-163652 D 56125 utils/env.cpp:152: Setting environment variable 'KYUA_TESTERSDIR' to '/tmp/kyua.atf-tester.BBjuWN/testers'
20150728-163652 D 56125 utils/env.cpp:114: Environment variable 'KYUA_TESTERSDIR' is '/tmp/kyua.atf-tester.BBjuWN/testers'
20150728-163652 I 56125 engine/testers.cpp:136: Found tester for interface some in /tmp/kyua.atf-tester.BBjuWN/testers/kyua-some-tester
20150728-163652 I 56125 engine/testers.cpp:136: Found tester for interface random in /tmp/kyua.atf-tester.BBjuWN/testers/kyua-random-tester
20150728-163652 I 56125 engine/testers.cpp:136: Found tester for interface names in /tmp/kyua.atf-tester.BBjuWN/testers/kyua-names-tester
===> local/kyua/engine/kyuafile_test:kyuafile__load__other_directory
Result: passed
Duration: 0.883s

Metadata:
    allowed_architectures is empty
    allowed_platforms is empty
    description is empty
    has_cleanup = false
    required_configs is empty
    required_disk_space = 0
    required_files is empty
    required_memory = 0
    required_programs is empty
    required_user is empty
    timeout = 300

Standard error:
20150728-163652 D 56127 utils/env.cpp:111: Environment variable 'KYUA_TESTERSDIR' is not defined; using default '/usr/local/libexec'
20150728-163652 I 56127 engine/testers.cpp:136: Found tester for interface atf in /usr/local/libexec/kyua-atf-tester
20150728-163652 I 56127 engine/testers.cpp:136: Found tester for interface tap in /usr/local/libexec/kyua-tap-tester
20150728-163652 I 56127 engine/testers.cpp:136: Found tester for interface plain in /usr/local/libexec/kyua-plain-tester
===> local/kyua/engine/kyuafile_test:kyuafile__load__real_interfaces
Result: passed
Duration: 0.100s

Metadata:
    allowed_architectures is empty
    allowed_platforms is empty
    description is empty
    has_cleanup = false
    required_configs is empty
    required_disk_space = 0
    required_files is empty
    required_memory = 0
    required_programs is empty
    required_user is empty
    timeout = 300

Standard error:
20150728-163653 D 56129 utils/env.cpp:111: Environment variable 'KYUA_TESTERSDIR' is not defined; using default '/usr/local/libexec'
20150728-163653 I 56129 engine/testers.cpp:136: Found tester for interface atf in /usr/local/libexec/kyua-atf-tester
20150728-163653 I 56129 engine/testers.cpp:136: Found tester for interface tap in /usr/local/libexec/kyua-tap-tester
20150728-163653 I 56129 engine/testers.cpp:136: Found tester for interface plain in /usr/local/libexec/kyua-plain-tester
===> local/kyua/engine/kyuafile_test:kyuafile__load__syntax__bad_version
Result: passed
Duration: 0.066s

Metadata:
    allowed_architectures is empty
    allowed_platforms is empty
    description is empty
    has_cleanup = false
    required_configs is empty
    required_disk_space = 0
    required_files is empty
    required_memory = 0
    required_programs is empty
    required_user is empty
    timeout = 300

Standard error:
20150728-163653 D 56131 utils/env.cpp:111: Environment variable 'KYUA_TESTERSDIR' is not defined; using default '/usr/local/libexec'
20150728-163653 I 56131 engine/testers.cpp:136: Found tester for interface atf in /usr/local/libexec/kyua-atf-tester
20150728-163653 I 56131 engine/testers.cpp:136: Found tester for interface tap in /usr/local/libexec/kyua-tap-tester
20150728-163653 I 56131 engine/testers.cpp:136: Found tester for interface plain in /usr/local/libexec/kyua-plain-tester
===> local/kyua/engine/kyuafile_test:kyuafile__load__syntax__deprecated_format
Result: passed
Duration: 0.061s

Metadata:
    allowed_architectures is empty
    allowed_platforms is empty
    description is empty
    has_cleanup = false
    required_configs is empty
    required_disk_space = 0
    required_files is empty
    required_memory = 0
    required_programs is empty
    required_user is empty
    timeout = 300

Standard error:
20150728-163653 D 56133 utils/env.cpp:111: Environment variable 'KYUA_TESTERSDIR' is not defined; using default '/usr/local/libexec'
20150728-163653 I 56133 engine/testers.cpp:136: Found tester for interface atf in /usr/local/libexec/kyua-atf-tester
20150728-163653 I 56133 engine/testers.cpp:136: Found tester for interface tap in /usr/local/libexec/kyua-tap-tester
20150728-163653 I 56133 engine/testers.cpp:136: Found tester for interface plain in /usr/local/libexec/kyua-plain-tester
===> local/kyua/engine/kyuafile_test:kyuafile__load__syntax__not_called
Result: passed
Duration: 0.039s

Metadata:
    allowed_architectures is empty
    allowed_platforms is empty
    description is empty
    has_cleanup = false
    required_configs is empty
    required_disk_space = 0
    required_files is empty
    required_memory = 0
    required_programs is empty
    required_user is empty
    timeout = 300

Standard error:
20150728-163653 D 56135 utils/env.cpp:111: Environment variable 'KYUA_TESTERSDIR' is not defined; using default '/usr/local/libexec'
20150728-163653 I 56135 engine/testers.cpp:136: Found tester for interface atf in /usr/local/libexec/kyua-atf-tester
20150728-163653 I 56135 engine/testers.cpp:136: Found tester for interface tap in /usr/local/libexec/kyua-tap-tester
20150728-163653 I 56135 engine/testers.cpp:136: Found tester for interface plain in /usr/local/libexec/kyua-plain-tester
===> local/kyua/engine/kyuafile_test:kyuafile__load__syntax__twice
Result: passed
Duration: 0.082s

Metadata:
    allowed_architectures is empty
    allowed_platforms is empty
    description is empty
    has_cleanup = false
    required_configs is empty
    required_disk_space = 0
    required_files is empty
    required_memory = 0
    required_programs is empty
    required_user is empty
    timeout = 300

Standard error:
20150728-163653 D 56137 utils/env.cpp:111: Environment variable 'KYUA_TESTERSDIR' is not defined; using default '/usr/local/libexec'
20150728-163653 I 56137 engine/testers.cpp:136: Found tester for interface atf in /usr/local/libexec/kyua-atf-tester
20150728-163653 I 56137 engine/testers.cpp:136: Found tester for interface tap in /usr/local/libexec/kyua-tap-tester
20150728-163653 I 56137 engine/testers.cpp:136: Found tester for interface plain in /usr/local/libexec/kyua-plain-tester
===> local/kyua/engine/kyuafile_test:kyuafile__load__test_program_not_basename
Result: passed
Duration: 0.059s

Metadata:
    allowed_architectures is empty
    allowed_platforms is empty
    description is empty
    has_cleanup = false
    required_configs is empty
    required_disk_space = 0
    required_files is empty
    required_memory = 0
    required_programs is empty
    required_user is empty
    timeout = 300

Standard error:
20150728-163653 D 56139 utils/env.cpp:111: Environment variable 'KYUA_TESTERSDIR' is not defined; using default '/usr/local/libexec'
20150728-163653 I 56139 engine/testers.cpp:136: Found tester for interface atf in /usr/local/libexec/kyua-atf-tester
20150728-163653 I 56139 engine/testers.cpp:136: Found tester for interface tap in /usr/local/libexec/kyua-tap-tester
20150728-163653 I 56139 engine/testers.cpp:136: Found tester for interface plain in /usr/local/libexec/kyua-plain-tester
===> local/kyua/engine/kyuafile_test:kyuafile__load__test_suite__missing
Result: passed
Duration: 0.053s

Metadata:
    allowed_architectures is empty
    allowed_platforms is empty
    description is empty
    has_cleanup = false
    required_configs is empty
    required_disk_space = 0
    required_files is empty
    required_memory = 0
    required_programs is empty
    required_user is empty
    timeout = 300

Standard error:
20150728-163653 D 56141 utils/env.cpp:111: Environment variable 'KYUA_TESTERSDIR' is not defined; using default '/usr/local/libexec'
20150728-163653 I 56141 engine/testers.cpp:136: Found tester for interface atf in /usr/local/libexec/kyua-atf-tester
20150728-163653 I 56141 engine/testers.cpp:136: Found tester for interface tap in /usr/local/libexec/kyua-tap-tester
20150728-163653 I 56141 engine/testers.cpp:136: Found tester for interface plain in /usr/local/libexec/kyua-plain-tester
===> local/kyua/engine/kyuafile_test:kyuafile__load__test_suite__twice
Result: passed
Duration: 0.098s

Metadata:
    allowed_architectures is empty
    allowed_platforms is empty
    description is empty
    has_cleanup = false
    required_configs is empty
    required_disk_space = 0
    required_files is empty
    required_memory = 0
    required_programs is empty
    required_user is empty
    timeout = 300

Standard error:
20150728-163653 D 56143 utils/env.cpp:111: Environment variable 'KYUA_TESTERSDIR' is not defined; using default '/usr/local/libexec'
20150728-163653 I 56143 engine/testers.cpp:136: Found tester for interface atf in /usr/local/libexec/kyua-atf-tester
20150728-163653 I 56143 engine/testers.cpp:136: Found tester for interface tap in /usr/local/libexec/kyua-tap-tester
20150728-163653 I 56143 engine/testers.cpp:136: Found tester for interface plain in /usr/local/libexec/kyua-plain-tester
===> local/kyua/engine/requirements_test:check_reqs__allowed_architectures__many_fail
Result: passed
Duration: 0.085s

Metadata:
    allowed_architectures is empty
    allowed_platforms is empty
    description is empty
    has_cleanup = false
    required_configs is empty
    required_disk_space = 0
    required_files is empty
    required_memory = 0
    required_programs is empty
    required_user is empty
    timeout = 300
===> local/kyua/engine/requirements_test:check_reqs__allowed_architectures__many_ok
Result: passed
Duration: 0.053s

Metadata:
    allowed_architectures is empty
    allowed_platforms is empty
    description is empty
    has_cleanup = false
    required_configs is empty
    required_disk_space = 0
    required_files is empty
    required_memory = 0
    required_programs is empty
    required_user is empty
    timeout = 300
===> local/kyua/engine/requirements_test:check_reqs__allowed_architectures__one_fail
Result: passed
Duration: 0.034s

Metadata:
    allowed_architectures is empty
    allowed_platforms is empty
    description is empty
    has_cleanup = false
    required_configs is empty
    required_disk_space = 0
    required_files is empty
    required_memory = 0
    required_programs is empty
    required_user is empty
    timeout = 300
===> local/kyua/engine/requirements_test:check_reqs__allowed_architectures__one_ok
Result: passed
Duration: 0.047s

Metadata:
    allowed_architectures is empty
    allowed_platforms is empty
    description is empty
    has_cleanup = false
    required_configs is empty
    required_disk_space = 0
    required_files is empty
    required_memory = 0
    required_programs is empty
    required_user is empty
    timeout = 300
===> local/kyua/engine/requirements_test:check_reqs__allowed_platforms__many_fail
Result: passed
Duration: 0.033s

Metadata:
    allowed_architectures is empty
    allowed_platforms is empty
    description is empty
    has_cleanup = false
    required_configs is empty
    required_disk_space = 0
    required_files is empty
    required_memory = 0
    required_programs is empty
    required_user is empty
    timeout = 300
===> local/kyua/engine/requirements_test:check_reqs__allowed_platforms__many_ok
Result: passed
Duration: 0.099s

Metadata:
    allowed_architectures is empty
    allowed_platforms is empty
    description is empty
    has_cleanup = false
    required_configs is empty
    required_disk_space = 0
    required_files is empty
    required_memory = 0
    required_programs is empty
    required_user is empty
    timeout = 300
===> local/kyua/engine/requirements_test:check_reqs__allowed_platforms__one_fail
Result: passed
Duration: 0.072s

Metadata:
    allowed_architectures is empty
    allowed_platforms is empty
    description is empty
    has_cleanup = false
    required_configs is empty
    required_disk_space = 0
    required_files is empty
    required_memory = 0
    required_programs is empty
    required_user is empty
    timeout = 300
===> local/kyua/engine/requirements_test:check_reqs__allowed_platforms__one_ok
Result: passed
Duration: 0.056s

Metadata:
    allowed_architectures is empty
    allowed_platforms is empty
    description is empty
    has_cleanup = false
    required_configs is empty
    required_disk_space = 0
    required_files is empty
    required_memory = 0
    required_programs is empty
    required_user is empty
    timeout = 300
===> local/kyua/engine/requirements_test:check_reqs__none
Result: passed
Duration: 0.085s

Metadata:
    allowed_architectures is empty
    allowed_platforms is empty
    description is empty
    has_cleanup = false
    required_configs is empty
    required_disk_space = 0
    required_files is empty
    required_memory = 0
    required_programs is empty
    required_user is empty
    timeout = 300
===> local/kyua/engine/requirements_test:check_reqs__required_configs__many_fail
Result: passed
Duration: 0.109s

Metadata:
    allowed_architectures is empty
    allowed_platforms is empty
    description is empty
    has_cleanup = false
    required_configs is empty
    required_disk_space = 0
    required_files is empty
    required_memory = 0
    required_programs is empty
    required_user is empty
    timeout = 300
===> local/kyua/engine/requirements_test:check_reqs__required_configs__many_ok
Result: passed
Duration: 0.067s

Metadata:
    allowed_architectures is empty
    allowed_platforms is empty
    description is empty
    has_cleanup = false
    required_configs is empty
    required_disk_space = 0
    required_files is empty
    required_memory = 0
    required_programs is empty
    required_user is empty
    timeout = 300
===> local/kyua/engine/requirements_test:check_reqs__required_configs__one_fail
Result: passed
Duration: 0.062s

Metadata:
    allowed_architectures is empty
    allowed_platforms is empty
    description is empty
    has_cleanup = false
    required_configs is empty
    required_disk_space = 0
    required_files is empty
    required_memory = 0
    required_programs is empty
    required_user is empty
    timeout = 300
===> local/kyua/engine/requirements_test:check_reqs__required_configs__one_ok
Result: passed
Duration: 0.084s

Metadata:
    allowed_architectures is empty
    allowed_platforms is empty
    description is empty
    has_cleanup = false
    required_configs is empty
    required_disk_space = 0
    required_files is empty
    required_memory = 0
    required_programs is empty
    required_user is empty
    timeout = 300
===> local/kyua/engine/requirements_test:check_reqs__required_configs__special
Result: passed
Duration: 0.056s

Metadata:
    allowed_architectures is empty
    allowed_platforms is empty
    description is empty
    has_cleanup = false
    required_configs is empty
    required_disk_space = 0
    required_files is empty
    required_memory = 0
    required_programs is empty
    required_user is empty
    timeout = 300
===> local/kyua/engine/requirements_test:check_reqs__required_disk_space__fail
Result: passed
Duration: 0.071s

Metadata:
    allowed_architectures is empty
    allowed_platforms is empty
    description is empty
    has_cleanup = false
    required_configs is empty
    required_disk_space = 0
    required_files is empty
    required_memory = 0
    required_programs is empty
    required_user is empty
    timeout = 300
===> local/kyua/engine/requirements_test:check_reqs__required_disk_space__ok
Result: passed
Duration: 0.081s

Metadata:
    allowed_architectures is empty
    allowed_platforms is empty
    description is empty
    has_cleanup = false
    required_configs is empty
    required_disk_space = 0
    required_files is empty
    required_memory = 0
    required_programs is empty
    required_user is empty
    timeout = 300
===> local/kyua/engine/requirements_test:check_reqs__required_files__fail
Result: passed
Duration: 0.055s

Metadata:
    allowed_architectures is empty
    allowed_platforms is empty
    description is empty
    has_cleanup = false
    required_configs is empty
    required_disk_space = 0
    required_files is empty
    required_memory = 0
    required_programs is empty
    required_user is empty
    timeout = 300
===> local/kyua/engine/requirements_test:check_reqs__required_files__ok
Result: passed
Duration: 0.038s

Metadata:
    allowed_architectures is empty
    allowed_platforms is empty
    description is empty
    has_cleanup = false
    required_configs is empty
    required_disk_space = 0
    required_files is empty
    required_memory = 0
    required_programs is empty
    required_user is empty
    timeout = 300
===> local/kyua/engine/requirements_test:check_reqs__required_memory__fail
Result: passed
Duration: 0.056s

Metadata:
    allowed_architectures is empty
    allowed_platforms is empty
    description is empty
    has_cleanup = false
    required_configs is empty
    required_disk_space = 0
    required_files is empty
    required_memory = 0
    required_programs is empty
    required_user is empty
    timeout = 300

Standard error:
20150728-163654 I 56183 utils/memory.cpp:160: Physical memory as returned by query type 'sysctlbyname': 1994162176
===> local/kyua/engine/requirements_test:check_reqs__required_memory__ok
Result: passed
Duration: 0.043s

Metadata:
    allowed_architectures is empty
    allowed_platforms is empty
    description is empty
    has_cleanup = false
    required_configs is empty
    required_disk_space = 0
    required_files is empty
    required_memory = 0
    required_programs is empty
    required_user is empty
    timeout = 300

Standard error:
20150728-163654 I 56185 utils/memory.cpp:160: Physical memory as returned by query type 'sysctlbyname': 1994162176
===> local/kyua/engine/requirements_test:check_reqs__required_programs__fail_absolute
Result: passed
Duration: 0.087s

Metadata:
    allowed_architectures is empty
    allowed_platforms is empty
    description is empty
    has_cleanup = false
    required_configs is empty
    required_disk_space = 0
    required_files is empty
    required_memory = 0
    required_programs is empty
    required_user is empty
    timeout = 300
===> local/kyua/engine/requirements_test:check_reqs__required_programs__fail_relative
Result: passed
Duration: 0.099s

Metadata:
    allowed_architectures is empty
    allowed_platforms is empty
    description is empty
    has_cleanup = false
    required_configs is empty
    required_disk_space = 0
    required_files is empty
    required_memory = 0
    required_programs is empty
    required_user is empty
    timeout = 300

Standard error:
20150728-163655 D 56189 utils/env.cpp:152: Setting environment variable 'PATH' to '/tmp/kyua.atf-tester.SX0Phh/bin'
20150728-163655 D 56189 utils/env.cpp:92: Environment variable 'PATH' is '/tmp/kyua.atf-tester.SX0Phh/bin'
===> local/kyua/engine/requirements_test:check_reqs__required_programs__ok
Result: passed
Duration: 0.103s

Metadata:
    allowed_architectures is empty
    allowed_platforms is empty
    description is empty
    has_cleanup = false
    required_configs is empty
    required_disk_space = 0
    required_files is empty
    required_memory = 0
    required_programs = /bin/ls /bin/mv
    required_user is empty
    timeout = 300

Standard error:
20150728-163655 D 56191 utils/env.cpp:152: Setting environment variable 'PATH' to '/tmp/kyua.atf-tester.UHe1zL/bin'
20150728-163655 D 56191 utils/env.cpp:92: Environment variable 'PATH' is '/tmp/kyua.atf-tester.UHe1zL/bin'
===> local/kyua/engine/requirements_test:check_reqs__required_user__root__fail
Result: passed
Duration: 0.073s

Metadata:
    allowed_architectures is empty
    allowed_platforms is empty
    description is empty
    has_cleanup = false
    required_configs is empty
    required_disk_space = 0
    required_files is empty
    required_memory = 0
    required_programs is empty
    required_user is empty
    timeout = 300

Standard error:
20150728-163655 D 56193 utils/passwd.cpp:106: Current user is fake: name=, uid=123, gid=1
===> local/kyua/engine/requirements_test:check_reqs__required_user__root__ok
Result: passed
Duration: 0.081s

Metadata:
    allowed_architectures is empty
    allowed_platforms is empty
    description is empty
    has_cleanup = false
    required_configs is empty
    required_disk_space = 0
    required_files is empty
    required_memory = 0
    required_programs is empty
    required_user is empty
    timeout = 300

Standard error:
20150728-163655 D 56195 utils/passwd.cpp:106: Current user is fake: name=, uid=0, gid=1
===> local/kyua/engine/requirements_test:check_reqs__required_user__unprivileged__fail
Result: passed
Duration: 0.145s

Metadata:
    allowed_architectures is empty
    allowed_platforms is empty
    description is empty
    has_cleanup = false
    required_configs is empty
    required_disk_space = 0
    required_files is empty
    required_memory = 0
    required_programs is empty
    required_user is empty
    timeout = 300

Standard error:
20150728-163655 D 56197 utils/passwd.cpp:106: Current user is fake: name=, uid=0, gid=1
===> local/kyua/engine/requirements_test:check_reqs__required_user__unprivileged__ok
Result: passed
Duration: 0.100s

Metadata:
    allowed_architectures is empty
    allowed_platforms is empty
    description is empty
    has_cleanup = false
    required_configs is empty
    required_disk_space = 0
    required_files is empty
    required_memory = 0
    required_programs is empty
    required_user is empty
    timeout = 300

Standard error:
20150728-163655 D 56199 utils/passwd.cpp:106: Current user is fake: name=, uid=0, gid=1
===> local/kyua/engine/requirements_test:check_reqs__required_user__unprivileged__same
Result: passed
Duration: 0.035s

Metadata:
    allowed_architectures is empty
    allowed_platforms is empty
    description is empty
    has_cleanup = false
    required_configs is empty
    required_disk_space = 0
    required_files is empty
    required_memory = 0
    required_programs is empty
    required_user is empty
    timeout = 300

Standard error:
20150728-163655 D 56201 utils/passwd.cpp:106: Current user is fake: name=, uid=123, gid=1
===> local/kyua/engine/runner_test:current_context
Result: passed
Duration: 0.118s

Metadata:
    allowed_architectures is empty
    allowed_platforms is empty
    description is empty
    has_cleanup = false
    required_configs is empty
    required_disk_space = 0
    required_files is empty
    required_memory = 0
    required_programs is empty
    required_user is empty
    timeout = 300
===> local/kyua/engine/runner_test:generate_tester_config__empty
Result: passed
Duration: 0.063s

Metadata:
    allowed_architectures is empty
    allowed_platforms is empty
    description is empty
    has_cleanup = false
    required_configs is empty
    required_disk_space = 0
    required_files is empty
    required_memory = 0
    required_programs is empty
    required_user is empty
    timeout = 300
===> local/kyua/engine/runner_test:generate_tester_config__no_matches
Result: passed
Duration: 0.115s

Metadata:
    allowed_architectures is empty
    allowed_platforms is empty
    description is empty
    has_cleanup = false
    required_configs is empty
    required_disk_space = 0
    required_files is empty
    required_memory = 0
    required_programs is empty
    required_user is empty
    timeout = 300
===> local/kyua/engine/runner_test:generate_tester_config__some_matches
Result: passed
Duration: 0.076s

Metadata:
    allowed_architectures is empty
    allowed_platforms is empty
    description is empty
    has_cleanup = false
    required_configs is empty
    required_disk_space = 0
    required_files is empty
    required_memory = 0
    required_programs is empty
    required_user is empty
    timeout = 300
===> local/kyua/engine/runner_test:load_test_cases__get
Result: passed
Duration: 0.116s

Metadata:
    allowed_architectures is empty
    allowed_platforms is empty
    description is empty
    has_cleanup = false
    required_configs is empty
    required_disk_space = 0
    required_files is empty
    required_memory = 0
    required_programs is empty
    required_user is empty
    timeout = 300

Standard error:
20150728-163656 D 56213 utils/env.cpp:111: Environment variable 'KYUA_TESTERSDIR' is not defined; using default '/usr/local/libexec'
20150728-163656 I 56213 engine/testers.cpp:136: Found tester for interface atf in /usr/local/libexec/kyua-atf-tester
20150728-163656 I 56213 engine/testers.cpp:136: Found tester for interface tap in /usr/local/libexec/kyua-tap-tester
20150728-163656 I 56213 engine/testers.cpp:136: Found tester for interface plain in /usr/local/libexec/kyua-plain-tester
20150728-163656 D 56213 utils/process/child.cpp:289: Spawned process 56214: stdout and stderr inherited
20150728-163656 D 56213 utils/process/child.cpp:167: Executing /usr/local/libexec/kyua-plain-tester list /tmp/kyua.atf-tester.4BZanj/non-existent
20150728-163656 D 56213 utils/process/child.cpp:145: Waiting for pid=56214
===> local/kyua/engine/runner_test:load_test_cases__some
Result: passed
Duration: 0.184s

Metadata:
    allowed_architectures is empty
    allowed_platforms is empty
    description is empty
    has_cleanup = false
    required_configs is empty
    required_disk_space = 0
    required_files is empty
    required_memory = 0
    required_programs is empty
    required_user is empty
    timeout = 300

Standard error:
20150728-163656 D 56216 utils/env.cpp:111: Environment variable 'KYUA_TESTERSDIR' is not defined; using default '/usr/local/libexec'
20150728-163656 I 56216 engine/testers.cpp:136: Found tester for interface atf in /usr/local/libexec/kyua-atf-tester
20150728-163656 I 56216 engine/testers.cpp:136: Found tester for interface tap in /usr/local/libexec/kyua-tap-tester
20150728-163656 I 56216 engine/testers.cpp:136: Found tester for interface plain in /usr/local/libexec/kyua-plain-tester
20150728-163656 D 56216 utils/process/child.cpp:289: Spawned process 56217: stdout and stderr inherited
20150728-163656 D 56216 utils/process/child.cpp:167: Executing /usr/local/libexec/kyua-plain-tester list /tmp/kyua.atf-tester.vmj8VY/non-existent
20150728-163656 D 56216 utils/process/child.cpp:145: Waiting for pid=56217
===> local/kyua/engine/runner_test:load_test_cases__tester_fails
Result: passed
Duration: 2.450s

Metadata:
    allowed_architectures is empty
    allowed_platforms is empty
    description is empty
    has_cleanup = false
    required_configs is empty
    required_disk_space = 0
    required_files is empty
    required_memory = 0
    required_programs is empty
    required_user is empty
    timeout = 300

Standard error:
20150728-163656 D 56219 utils/env.cpp:152: Setting environment variable 'KYUA_TESTERSDIR' to '/tmp/kyua.atf-tester.NvasHK'
20150728-163656 D 56219 utils/env.cpp:114: Environment variable 'KYUA_TESTERSDIR' is '/tmp/kyua.atf-tester.NvasHK'
20150728-163656 I 56219 engine/testers.cpp:136: Found tester for interface mock in /tmp/kyua.atf-tester.NvasHK/kyua-mock-tester
20150728-163656 D 56219 utils/process/child.cpp:289: Spawned process 56220: stdout and stderr inherited
20150728-163656 D 56219 utils/process/child.cpp:167: Executing /tmp/kyua.atf-tester.NvasHK/kyua-mock-tester list /tmp/kyua.atf-tester.NvasHK/non-existent
20150728-163658 D 56219 utils/process/child.cpp:145: Waiting for pid=56220
20150728-163658 W 56219 engine/runner.cpp:265: Failed to load test cases list: Tester did not exit cleanly: 
===> local/kyua/engine/runner_test:run_test_case__atf__allowed_architectures
Result: passed
Duration: 0.080s

Metadata:
    allowed_architectures is empty
    allowed_platforms is empty
    description is empty
    has_cleanup = false
    required_configs is empty
    required_disk_space = 0
    required_files is empty
    required_memory = 0
    required_programs is empty
    required_user is empty
    timeout = 300
===> local/kyua/engine/runner_test:run_test_case__atf__allowed_platforms
Result: passed
Duration: 0.044s

Metadata:
    allowed_architectures is empty
    allowed_platforms is empty
    description is empty
    has_cleanup = false
    required_configs is empty
    required_disk_space = 0
    required_files is empty
    required_memory = 0
    required_programs is empty
    required_user is empty
    timeout = 300
===> local/kyua/engine/runner_test:run_test_case__atf__cleanup_shares_workdir
Result: passed
Duration: 0.084s

Metadata:
    allowed_architectures is empty
    allowed_platforms is empty
    description is empty
    has_cleanup = false
    required_configs is empty
    required_disk_space = 0
    required_files is empty
    required_memory = 0
    required_programs is empty
    required_user is empty
    timeout = 300

Standard error:
20150728-163659 D 56226 utils/env.cpp:111: Environment variable 'KYUA_TESTERSDIR' is not defined; using default '/usr/local/libexec'
20150728-163659 I 56226 engine/testers.cpp:136: Found tester for interface atf in /usr/local/libexec/kyua-atf-tester
20150728-163659 I 56226 engine/testers.cpp:136: Found tester for interface tap in /usr/local/libexec/kyua-tap-tester
20150728-163659 I 56226 engine/testers.cpp:136: Found tester for interface plain in /usr/local/libexec/kyua-plain-tester
20150728-163659 D 56226 utils/process/child.cpp:350: Spawned process 56227: stdout=work/stdout.txt, stderr=work/stderr.txt
20150728-163659 D 56226 utils/process/child.cpp:167: Executing /usr/local/libexec/kyua-atf-tester -t300 -vcontrol_dir=/tmp/kyua.atf-tester.HxBTGW -vhas.cleanup=true test /usr/tests/local/kyua/engine/test_case_atf_helpers check_cleanup_workdir work/result.txt
20150728-163659 D 56226 utils/process/child.cpp:145: Waiting for pid=56227
===> local/kyua/engine/runner_test:run_test_case__atf__config_variables
Result: passed
Duration: 0.067s

Metadata:
    allowed_architectures is empty
    allowed_platforms is empty
    description is empty
    has_cleanup = false
    required_configs is empty
    required_disk_space = 0
    required_files is empty
    required_memory = 0
    required_programs is empty
    required_user is empty
    timeout = 300

Standard error:
20150728-163659 D 56231 utils/env.cpp:111: Environment variable 'KYUA_TESTERSDIR' is not defined; using default '/usr/local/libexec'
20150728-163659 I 56231 engine/testers.cpp:136: Found tester for interface atf in /usr/local/libexec/kyua-atf-tester
20150728-163659 I 56231 engine/testers.cpp:136: Found tester for interface tap in /usr/local/libexec/kyua-tap-tester
20150728-163659 I 56231 engine/testers.cpp:136: Found tester for interface plain in /usr/local/libexec/kyua-plain-tester
20150728-163659 D 56231 utils/process/child.cpp:350: Spawned process 56232: stdout=work/stdout.txt, stderr=work/stderr.txt
20150728-163659 D 56231 utils/process/child.cpp:167: Executing /usr/local/libexec/kyua-atf-tester -t300 -vcontrol_dir=/tmp/kyua.atf-tester.27Vlfv -vhas.cleanup=false test /usr/tests/local/kyua/engine/test_case_atf_helpers create_cookie_in_control_dir work/result.txt
20150728-163659 D 56231 utils/process/child.cpp:145: Waiting for pid=56232
===> local/kyua/engine/runner_test:run_test_case__atf__current_directory
Result: passed
Duration: 0.204s

Metadata:
    allowed_architectures is empty
    allowed_platforms is empty
    description is empty
    has_cleanup = false
    required_configs is empty
    required_disk_space = 0
    required_files is empty
    required_memory = 0
    required_programs is empty
    required_user is empty
    timeout = 300

Standard error:
20150728-163659 D 56235 utils/env.cpp:111: Environment variable 'KYUA_TESTERSDIR' is not defined; using default '/usr/local/libexec'
20150728-163659 I 56235 engine/testers.cpp:136: Found tester for interface atf in /usr/local/libexec/kyua-atf-tester
20150728-163659 I 56235 engine/testers.cpp:136: Found tester for interface tap in /usr/local/libexec/kyua-tap-tester
20150728-163659 I 56235 engine/testers.cpp:136: Found tester for interface plain in /usr/local/libexec/kyua-plain-tester
20150728-163659 D 56235 utils/process/child.cpp:350: Spawned process 56236: stdout=work/stdout.txt, stderr=work/stderr.txt
20150728-163659 D 56235 utils/process/child.cpp:167: Executing /usr/local/libexec/kyua-atf-tester -t300 -vhas.cleanup=false test /tmp/kyua.atf-tester.y2GD8S/program pass work/result.txt
20150728-163659 D 56235 utils/process/child.cpp:145: Waiting for pid=56236
===> local/kyua/engine/runner_test:run_test_case__atf__has_cleanup__atf__false
Result: passed
Duration: 0.153s

Metadata:
    allowed_architectures is empty
    allowed_platforms is empty
    description is empty
    has_cleanup = false
    required_configs is empty
    required_disk_space = 0
    required_files is empty
    required_memory = 0
    required_programs is empty
    required_user is empty
    timeout = 300

Standard error:
20150728-163659 D 56239 utils/env.cpp:111: Environment variable 'KYUA_TESTERSDIR' is not defined; using default '/usr/local/libexec'
20150728-163659 I 56239 engine/testers.cpp:136: Found tester for interface atf in /usr/local/libexec/kyua-atf-tester
20150728-163659 I 56239 engine/testers.cpp:136: Found tester for interface tap in /usr/local/libexec/kyua-tap-tester
20150728-163659 I 56239 engine/testers.cpp:136: Found tester for interface plain in /usr/local/libexec/kyua-plain-tester
20150728-163659 D 56239 utils/process/child.cpp:350: Spawned process 56240: stdout=work/stdout.txt, stderr=work/stderr.txt
20150728-163659 D 56239 utils/process/child.cpp:167: Executing /usr/local/libexec/kyua-atf-tester -t300 -vcontrol_dir=/tmp/kyua.atf-tester.exf0h5 -vhas.cleanup=false test /usr/tests/local/kyua/engine/test_case_atf_helpers create_cookie_from_cleanup work/result.txt
20150728-163659 D 56239 utils/process/child.cpp:145: Waiting for pid=56240
===> local/kyua/engine/runner_test:run_test_case__atf__has_cleanup__atf__true
Result: passed
Duration: 0.085s

Metadata:
    allowed_architectures is empty
    allowed_platforms is empty
    description is empty
    has_cleanup = false
    required_configs is empty
    required_disk_space = 0
    required_files is empty
    required_memory = 0
    required_programs is empty
    required_user is empty
    timeout = 300

Standard error:
20150728-163659 D 56243 utils/env.cpp:111: Environment variable 'KYUA_TESTERSDIR' is not defined; using default '/usr/local/libexec'
20150728-163659 I 56243 engine/testers.cpp:136: Found tester for interface atf in /usr/local/libexec/kyua-atf-tester
20150728-163659 I 56243 engine/testers.cpp:136: Found tester for interface tap in /usr/local/libexec/kyua-tap-tester
20150728-163659 I 56243 engine/testers.cpp:136: Found tester for interface plain in /usr/local/libexec/kyua-plain-tester
20150728-163659 D 56243 utils/process/child.cpp:350: Spawned process 56244: stdout=work/stdout.txt, stderr=work/stderr.txt
20150728-163659 D 56243 utils/process/child.cpp:167: Executing /usr/local/libexec/kyua-atf-tester -t300 -vcontrol_dir=/tmp/kyua.atf-tester.qMJwG7 -vhas.cleanup=true test /usr/tests/local/kyua/engine/test_case_atf_helpers create_cookie_from_cleanup work/result.txt
20150728-163659 D 56243 utils/process/child.cpp:145: Waiting for pid=56244
===> local/kyua/engine/runner_test:run_test_case__atf__isolation
Result: passed
Duration: 0.090s

Metadata:
    allowed_architectures is empty
    allowed_platforms is empty
    description is empty
    has_cleanup = false
    required_configs is empty
    required_disk_space = 0
    required_files is empty
    required_memory = 0
    required_programs is empty
    required_user is empty
    timeout = 300

Standard error:
20150728-163659 D 56248 utils/env.cpp:152: Setting environment variable 'HOME' to 'fake-value'
20150728-163659 D 56248 utils/env.cpp:152: Setting environment variable 'LANG' to 'C'
20150728-163659 D 56248 utils/env.cpp:111: Environment variable 'KYUA_TESTERSDIR' is not defined; using default '/usr/local/libexec'
20150728-163659 I 56248 engine/testers.cpp:136: Found tester for interface atf in /usr/local/libexec/kyua-atf-tester
20150728-163659 I 56248 engine/testers.cpp:136: Found tester for interface tap in /usr/local/libexec/kyua-tap-tester
20150728-163659 I 56248 engine/testers.cpp:136: Found tester for interface plain in /usr/local/libexec/kyua-plain-tester
20150728-163659 D 56248 utils/process/child.cpp:350: Spawned process 56249: stdout=work/stdout.txt, stderr=work/stderr.txt
20150728-163659 D 56248 utils/process/child.cpp:167: Executing /usr/local/libexec/kyua-atf-tester -t300 -vhas.cleanup=false test /usr/tests/local/kyua/engine/test_case_atf_helpers validate_isolation work/result.txt
20150728-163659 D 56248 utils/process/child.cpp:145: Waiting for pid=56249
===> local/kyua/engine/runner_test:run_test_case__atf__kill_children
Result: passed
Duration: 0.083s

Metadata:
    allowed_architectures is empty
    allowed_platforms is empty
    description is empty
    has_cleanup = false
    required_configs is empty
    required_disk_space = 0
    required_files is empty
    required_memory = 0
    required_programs is empty
    required_user is empty
    timeout = 300

Standard error:
20150728-163659 D 56252 utils/env.cpp:111: Environment variable 'KYUA_TESTERSDIR' is not defined; using default '/usr/local/libexec'
20150728-163659 I 56252 engine/testers.cpp:136: Found tester for interface atf in /usr/local/libexec/kyua-atf-tester
20150728-163659 I 56252 engine/testers.cpp:136: Found tester for interface tap in /usr/local/libexec/kyua-tap-tester
20150728-163659 I 56252 engine/testers.cpp:136: Found tester for interface plain in /usr/local/libexec/kyua-plain-tester
20150728-163659 D 56252 utils/process/child.cpp:350: Spawned process 56253: stdout=work/stdout.txt, stderr=work/stderr.txt
20150728-163659 D 56252 utils/process/child.cpp:167: Executing /usr/local/libexec/kyua-atf-tester -t300 -vcontrol_dir=/tmp/kyua.atf-tester.l3BLTD -vhas.cleanup=false test /usr/tests/local/kyua/engine/test_case_atf_helpers spawn_blocking_child work/result.txt
20150728-163659 D 56252 utils/process/child.cpp:145: Waiting for pid=56253
===> local/kyua/engine/runner_test:run_test_case__atf__missing_results_file
Result: passed
Duration: 4.653s

Metadata:
    allowed_architectures is empty
    allowed_platforms is empty
    description is empty
    has_cleanup = false
    required_configs is empty
    required_disk_space = 0
    required_files is empty
    required_memory = 0
    required_programs is empty
    required_user is empty
    timeout = 300

Standard error:
20150728-163659 D 56257 utils/env.cpp:111: Environment variable 'KYUA_TESTERSDIR' is not defined; using default '/usr/local/libexec'
20150728-163659 I 56257 engine/testers.cpp:136: Found tester for interface atf in /usr/local/libexec/kyua-atf-tester
20150728-163659 I 56257 engine/testers.cpp:136: Found tester for interface tap in /usr/local/libexec/kyua-tap-tester
20150728-163659 I 56257 engine/testers.cpp:136: Found tester for interface plain in /usr/local/libexec/kyua-plain-tester
20150728-163659 D 56257 utils/process/child.cpp:350: Spawned process 56258: stdout=work/stdout.txt, stderr=work/stderr.txt
20150728-163659 D 56257 utils/process/child.cpp:167: Executing /usr/local/libexec/kyua-atf-tester -t300 -vhas.cleanup=false test /usr/tests/local/kyua/engine/test_case_atf_helpers crash work/result.txt
20150728-163659 D 56257 utils/process/child.cpp:145: Waiting for pid=56258
===> local/kyua/engine/runner_test:run_test_case__atf__missing_test_program
Result: passed
Duration: 0.254s

Metadata:
    allowed_architectures is empty
    allowed_platforms is empty
    description is empty
    has_cleanup = false
    required_configs is empty
    required_disk_space = 0
    required_files is empty
    required_memory = 0
    required_programs is empty
    required_user is empty
    timeout = 300
===> local/kyua/engine/runner_test:run_test_case__atf__output
Result: passed
Duration: 0.220s

Metadata:
    allowed_architectures is empty
    allowed_platforms is empty
    description is empty
    has_cleanup = false
    required_configs is empty
    required_disk_space = 0
    required_files is empty
    required_memory = 0
    required_programs is empty
    required_user is empty
    timeout = 300

Standard output:
helper stdout:Body message to stdout
helper stdout:Cleanup message to stdout
helper stderr:Body message to stderr
helper stderr:Cleanup message to stderr

Standard error:
20150728-163704 D 56264 utils/env.cpp:111: Environment variable 'KYUA_TESTERSDIR' is not defined; using default '/usr/local/libexec'
20150728-163704 I 56264 engine/testers.cpp:136: Found tester for interface atf in /usr/local/libexec/kyua-atf-tester
20150728-163704 I 56264 engine/testers.cpp:136: Found tester for interface tap in /usr/local/libexec/kyua-tap-tester
20150728-163704 I 56264 engine/testers.cpp:136: Found tester for interface plain in /usr/local/libexec/kyua-plain-tester
20150728-163704 D 56264 utils/process/child.cpp:350: Spawned process 56265: stdout=work/stdout.txt, stderr=work/stderr.txt
20150728-163704 D 56264 utils/process/child.cpp:167: Executing /usr/local/libexec/kyua-atf-tester -t300 -vhas.cleanup=true test /usr/tests/local/kyua/engine/test_case_atf_helpers output work/result.txt
20150728-163704 D 56264 utils/process/child.cpp:145: Waiting for pid=56265
===> local/kyua/engine/runner_test:run_test_case__atf__required_configs
Result: passed
Duration: 0.149s

Metadata:
    allowed_architectures is empty
    allowed_platforms is empty
    description is empty
    has_cleanup = false
    required_configs is empty
    required_disk_space = 0
    required_files is empty
    required_memory = 0
    required_programs is empty
    required_user is empty
    timeout = 300
===> local/kyua/engine/runner_test:run_test_case__atf__required_programs
Result: passed
Duration: 0.107s

Metadata:
    allowed_architectures is empty
    allowed_platforms is empty
    description is empty
    has_cleanup = false
    required_configs is empty
    required_disk_space = 0
    required_files is empty
    required_memory = 0
    required_programs is empty
    required_user is empty
    timeout = 300
===> local/kyua/engine/runner_test:run_test_case__atf__required_user__atf__root__atf__ok
Result: passed
Duration: 0.127s

Metadata:
    allowed_architectures is empty
    allowed_platforms is empty
    description is empty
    has_cleanup = false
    required_configs is empty
    required_disk_space = 0
    required_files is empty
    required_memory = 0
    required_programs is empty
    required_user = root
    timeout = 300

Standard error:
20150728-163705 D 56273 utils/passwd.cpp:110: Current user is: name=root, uid=0, gid=0
20150728-163705 D 56273 utils/passwd.cpp:110: Current user is: name=root, uid=0, gid=0
20150728-163705 D 56273 utils/env.cpp:111: Environment variable 'KYUA_TESTERSDIR' is not defined; using default '/usr/local/libexec'
20150728-163705 I 56273 engine/testers.cpp:136: Found tester for interface atf in /usr/local/libexec/kyua-atf-tester
20150728-163705 I 56273 engine/testers.cpp:136: Found tester for interface tap in /usr/local/libexec/kyua-tap-tester
20150728-163705 I 56273 engine/testers.cpp:136: Found tester for interface plain in /usr/local/libexec/kyua-plain-tester
20150728-163705 D 56273 utils/process/child.cpp:350: Spawned process 56274: stdout=work/stdout.txt, stderr=work/stderr.txt
20150728-163705 D 56273 utils/process/child.cpp:167: Executing /usr/local/libexec/kyua-atf-tester -t300 -vhas.cleanup=false test /usr/tests/local/kyua/engine/test_case_atf_helpers create_cookie_in_workdir work/result.txt
20150728-163705 D 56273 utils/process/child.cpp:145: Waiting for pid=56274
===> local/kyua/engine/runner_test:run_test_case__atf__required_user__atf__root__atf__skip
Result: passed
Duration: 0.073s

Metadata:
    allowed_architectures is empty
    allowed_platforms is empty
    description is empty
    has_cleanup = false
    required_configs is empty
    required_disk_space = 0
    required_files is empty
    required_memory = 0
    required_programs is empty
    required_user = unprivileged
    timeout = 300

Standard error:
20150728-163705 D 56277 utils/passwd.cpp:110: Current user is: name=tests, uid=977, gid=65534
20150728-163705 D 56277 utils/passwd.cpp:110: Current user is: name=tests, uid=977, gid=65534
===> local/kyua/engine/runner_test:run_test_case__atf__required_user__atf__unprivileged__atf__drop
Result: passed
Duration: 0.097s

Metadata:
    allowed_architectures is empty
    allowed_platforms is empty
    description is empty
    has_cleanup = false
    required_configs = unprivileged-user
    required_disk_space = 0
    required_files is empty
    required_memory = 0
    required_programs is empty
    required_user = root
    timeout = 300

Standard error:
20150728-163705 D 56279 utils/passwd.cpp:110: Current user is: name=root, uid=0, gid=0
20150728-163705 D 56279 utils/passwd.cpp:110: Current user is: name=root, uid=0, gid=0
20150728-163705 D 56279 utils/env.cpp:111: Environment variable 'KYUA_TESTERSDIR' is not defined; using default '/usr/local/libexec'
20150728-163705 I 56279 engine/testers.cpp:136: Found tester for interface atf in /usr/local/libexec/kyua-atf-tester
20150728-163705 I 56279 engine/testers.cpp:136: Found tester for interface tap in /usr/local/libexec/kyua-tap-tester
20150728-163705 I 56279 engine/testers.cpp:136: Found tester for interface plain in /usr/local/libexec/kyua-plain-tester
20150728-163705 D 56279 utils/process/child.cpp:350: Spawned process 56280: stdout=work/stdout.txt, stderr=work/stderr.txt
20150728-163705 D 56279 utils/process/child.cpp:167: Executing /usr/local/libexec/kyua-atf-tester -u977 -g65534 -t300 -vhas.cleanup=false -vunprivileged-user=tests test /usr/tests/local/kyua/engine/test_case_atf_helpers check_unprivileged work/result.txt
20150728-163705 D 56279 utils/process/child.cpp:145: Waiting for pid=56280
===> local/kyua/engine/runner_test:run_test_case__atf__required_user__atf__unprivileged__atf__ok
Result: passed
Duration: 0.103s

Metadata:
    allowed_architectures is empty
    allowed_platforms is empty
    description is empty
    has_cleanup = false
    required_configs is empty
    required_disk_space = 0
    required_files is empty
    required_memory = 0
    required_programs is empty
    required_user = unprivileged
    timeout = 300

Standard error:
20150728-163705 D 56283 utils/passwd.cpp:110: Current user is: name=tests, uid=977, gid=65534
20150728-163705 D 56283 utils/env.cpp:111: Environment variable 'KYUA_TESTERSDIR' is not defined; using default '/usr/local/libexec'
20150728-163705 I 56283 engine/testers.cpp:136: Found tester for interface atf in /usr/local/libexec/kyua-atf-tester
20150728-163705 I 56283 engine/testers.cpp:136: Found tester for interface tap in /usr/local/libexec/kyua-tap-tester
20150728-163705 I 56283 engine/testers.cpp:136: Found tester for interface plain in /usr/local/libexec/kyua-plain-tester
20150728-163705 D 56283 utils/process/child.cpp:350: Spawned process 56284: stdout=work/stdout.txt, stderr=work/stderr.txt
20150728-163705 D 56283 utils/process/child.cpp:167: Executing /usr/local/libexec/kyua-atf-tester -t300 -vhas.cleanup=false test /usr/tests/local/kyua/engine/test_case_atf_helpers create_cookie_in_workdir work/result.txt
20150728-163705 D 56283 utils/process/child.cpp:145: Waiting for pid=56284
===> local/kyua/engine/runner_test:run_test_case__atf__required_user__atf__unprivileged__atf__skip
Result: passed
Duration: 0.052s

Metadata:
    allowed_architectures is empty
    allowed_platforms is empty
    description is empty
    has_cleanup = false
    required_configs is empty
    required_disk_space = 0
    required_files is empty
    required_memory = 0
    required_programs is empty
    required_user = root
    timeout = 300

Standard error:
20150728-163705 D 56287 utils/passwd.cpp:110: Current user is: name=root, uid=0, gid=0
===> local/kyua/engine/runner_test:run_test_case__atf__stacktrace__atf__body
Result: passed
Duration: 0.878s

Metadata:
    allowed_architectures is empty
    allowed_platforms is empty
    description is empty
    has_cleanup = false
    required_configs is empty
    required_disk_space = 0
    required_files is empty
    required_memory = 0
    required_programs is empty
    required_user is empty
    timeout = 300

Standard output:
helper stderr:Process with PID 56291 dumped core; attempting to gather stack trace
helper stderr:(no debugging symbols found)...
helper stderr:warning: core file may not match specified executable file.
helper stderr:Core was generated by `test_case_atf_helpe'.
helper stderr:Program terminated with signal 6, Aborted.
helper stderr:(no debugging symbols found)...(no debugging symbols found)...(no debugging symbols found)...(no debugging symbols found)...(no debugging symbols found)...(no debugging symbols found)...(no debugging symbols found)...(no debugging symbols found)...(no debugging symbols found)...(no debugging symbols found)...(no debugging symbols found)...(no debugging symbols found)...#0  0x0000000801e0855a in thr_kill () from /lib/libc.so.7
helper stderr:[New Thread 802806400 (LWP 100309/<unknown>)]
helper stderr:GDB exited successfully
Looking for 'attempting to gather stack trace' in ''
Looking for 'attempting to gather stack trace' in 'Process with PID 56291 dumped core; attempting to gather stack trace
(no debugging symbols found)...
warning: core file may not match specified executable file.
Core was generated by `test_case_atf_helpe'.
Program terminated with signal 6, Aborted.
(no debugging symbols found)...(no debugging symbols found)...(no debugging symbols found)...(no debugging symbols found)...(no debugging symbols found)...(no debugging symbols found)...(no debugging symbols found)...(no debugging symbols found)...(no debugging symbols found)...(no debugging symbols found)...(no debugging symbols found)...(no debugging symbols found)...#0  0x0000000801e0855a in thr_kill () from /lib/libc.so.7
[New Thread 802806400 (LWP 100309/<unknown>)]
GDB exited successfully
'

Standard error:
20150728-163705 D 56289 utils/env.cpp:111: Environment variable 'KYUA_TESTERSDIR' is not defined; using default '/usr/local/libexec'
20150728-163705 I 56289 engine/testers.cpp:136: Found tester for interface atf in /usr/local/libexec/kyua-atf-tester
20150728-163705 I 56289 engine/testers.cpp:136: Found tester for interface tap in /usr/local/libexec/kyua-tap-tester
20150728-163705 I 56289 engine/testers.cpp:136: Found tester for interface plain in /usr/local/libexec/kyua-plain-tester
20150728-163705 D 56289 utils/process/child.cpp:350: Spawned process 56290: stdout=work/stdout.txt, stderr=work/stderr.txt
20150728-163705 D 56289 utils/process/child.cpp:167: Executing /usr/local/libexec/kyua-atf-tester -t300 -vhas.cleanup=false test /usr/tests/local/kyua/engine/test_case_atf_helpers crash work/result.txt
20150728-163705 D 56289 utils/process/child.cpp:145: Waiting for pid=56290
===> local/kyua/engine/runner_test:run_test_case__atf__stacktrace__atf__cleanup
Result: passed
Duration: 2.164s

Metadata:
    allowed_architectures is empty
    allowed_platforms is empty
    description is empty
    has_cleanup = false
    required_configs is empty
    required_disk_space = 0
    required_files is empty
    required_memory = 0
    required_programs is empty
    required_user is empty
    timeout = 300

Standard output:
helper stderr:Process with PID 56297 dumped core; attempting to gather stack trace
helper stderr:(no debugging symbols found)...
helper stderr:warning: core file may not match specified executable file.
helper stderr:Core was generated by `test_case_atf_helpe'.
helper stderr:Program terminated with signal 6, Aborted.
helper stderr:(no debugging symbols found)...(no debugging symbols found)...(no debugging symbols found)...(no debugging symbols found)...(no debugging symbols found)...(no debugging symbols found)...(no debugging symbols found)...(no debugging symbols found)...(no debugging symbols found)...(no debugging symbols found)...(no debugging symbols found)...(no debugging symbols found)...#0  0x0000000801e0855a in thr_kill () from /lib/libc.so.7
helper stderr:[New Thread 802806400 (LWP 100085/<unknown>)]
helper stderr:GDB exited successfully
Looking for 'attempting to gather stack trace' in ''
Looking for 'attempting to gather stack trace' in 'Process with PID 56297 dumped core; attempting to gather stack trace
(no debugging symbols found)...
warning: core file may not match specified executable file.
Core was generated by `test_case_atf_helpe'.
Program terminated with signal 6, Aborted.
(no debugging symbols found)...(no debugging symbols found)...(no debugging symbols found)...(no debugging symbols found)...(no debugging symbols found)...(no debugging symbols found)...(no debugging symbols found)...(no debugging symbols found)...(no debugging symbols found)...(no debugging symbols found)...(no debugging symbols found)...(no debugging symbols found)...#0  0x0000000801e0855a in thr_kill () from /lib/libc.so.7
[New Thread 802806400 (LWP 100085/<unknown>)]
GDB exited successfully
'

Standard error:
20150728-163706 D 56294 utils/env.cpp:111: Environment variable 'KYUA_TESTERSDIR' is not defined; using default '/usr/local/libexec'
20150728-163706 I 56294 engine/testers.cpp:136: Found tester for interface atf in /usr/local/libexec/kyua-atf-tester
20150728-163706 I 56294 engine/testers.cpp:136: Found tester for interface tap in /usr/local/libexec/kyua-tap-tester
20150728-163706 I 56294 engine/testers.cpp:136: Found tester for interface plain in /usr/local/libexec/kyua-plain-tester
20150728-163706 D 56294 utils/process/child.cpp:350: Spawned process 56295: stdout=work/stdout.txt, stderr=work/stderr.txt
20150728-163706 D 56294 utils/process/child.cpp:167: Executing /usr/local/libexec/kyua-atf-tester -t300 -vhas.cleanup=true test /usr/tests/local/kyua/engine/test_case_atf_helpers crash_cleanup work/result.txt
20150728-163706 D 56294 utils/process/child.cpp:145: Waiting for pid=56295
===> local/kyua/engine/runner_test:run_test_case__atf__subdirectory
Result: passed
Duration: 0.279s

Metadata:
    allowed_architectures is empty
    allowed_platforms is empty
    description is empty
    has_cleanup = false
    required_configs is empty
    required_disk_space = 0
    required_files is empty
    required_memory = 0
    required_programs is empty
    required_user is empty
    timeout = 300

Standard error:
20150728-163708 D 56300 utils/env.cpp:111: Environment variable 'KYUA_TESTERSDIR' is not defined; using default '/usr/local/libexec'
20150728-163708 I 56300 engine/testers.cpp:136: Found tester for interface atf in /usr/local/libexec/kyua-atf-tester
20150728-163708 I 56300 engine/testers.cpp:136: Found tester for interface tap in /usr/local/libexec/kyua-tap-tester
20150728-163708 I 56300 engine/testers.cpp:136: Found tester for interface plain in /usr/local/libexec/kyua-plain-tester
20150728-163708 D 56300 utils/process/child.cpp:350: Spawned process 56301: stdout=work/stdout.txt, stderr=work/stderr.txt
20150728-163708 D 56300 utils/process/child.cpp:167: Executing /usr/local/libexec/kyua-atf-tester -t300 -vhas.cleanup=false test /tmp/kyua.atf-tester.GxwW0f/dir1/dir2/program pass work/result.txt
20150728-163708 D 56300 utils/process/child.cpp:145: Waiting for pid=56301
===> local/kyua/engine/runner_test:run_test_case__atf__timeout_body
Result: passed
Duration: 1.159s

Metadata:
    allowed_architectures is empty
    allowed_platforms is empty
    description is empty
    has_cleanup = false
    required_configs is empty
    required_disk_space = 0
    required_files is empty
    required_memory = 0
    required_programs is empty
    required_user is empty
    timeout = 300

Standard error:
20150728-163708 D 56304 utils/env.cpp:111: Environment variable 'KYUA_TESTERSDIR' is not defined; using default '/usr/local/libexec'
20150728-163708 I 56304 engine/testers.cpp:136: Found tester for interface atf in /usr/local/libexec/kyua-atf-tester
20150728-163708 I 56304 engine/testers.cpp:136: Found tester for interface tap in /usr/local/libexec/kyua-tap-tester
20150728-163708 I 56304 engine/testers.cpp:136: Found tester for interface plain in /usr/local/libexec/kyua-plain-tester
20150728-163708 D 56304 utils/process/child.cpp:350: Spawned process 56305: stdout=work/stdout.txt, stderr=work/stderr.txt
20150728-163708 D 56304 utils/process/child.cpp:167: Executing /usr/local/libexec/kyua-atf-tester -t1 -vcontrol_dir=/tmp/kyua.atf-tester.2QgUXz -vhas.cleanup=false test /usr/tests/local/kyua/engine/test_case_atf_helpers timeout_body work/result.txt
20150728-163708 D 56304 utils/process/child.cpp:145: Waiting for pid=56305
===> local/kyua/engine/runner_test:run_test_case__atf__timeout_cleanup
Result: passed
Duration: 1.070s

Metadata:
    allowed_architectures is empty
    allowed_platforms is empty
    description is empty
    has_cleanup = false
    required_configs is empty
    required_disk_space = 0
    required_files is empty
    required_memory = 0
    required_programs is empty
    required_user is empty
    timeout = 300

Standard error:
20150728-163710 D 56308 utils/env.cpp:111: Environment variable 'KYUA_TESTERSDIR' is not defined; using default '/usr/local/libexec'
20150728-163710 I 56308 engine/testers.cpp:136: Found tester for interface atf in /usr/local/libexec/kyua-atf-tester
20150728-163710 I 56308 engine/testers.cpp:136: Found tester for interface tap in /usr/local/libexec/kyua-tap-tester
20150728-163710 I 56308 engine/testers.cpp:136: Found tester for interface plain in /usr/local/libexec/kyua-plain-tester
20150728-163710 D 56308 utils/process/child.cpp:350: Spawned process 56309: stdout=work/stdout.txt, stderr=work/stderr.txt
20150728-163710 D 56308 utils/process/child.cpp:167: Executing /usr/local/libexec/kyua-atf-tester -t1 -vcontrol_dir=/tmp/kyua.atf-tester.h21Z2o -vhas.cleanup=true test /usr/tests/local/kyua/engine/test_case_atf_helpers timeout_cleanup work/result.txt
20150728-163710 D 56308 utils/process/child.cpp:145: Waiting for pid=56309
===> local/kyua/engine/runner_test:run_test_case__plain__current_directory
Result: passed
Duration: 0.063s

Metadata:
    allowed_architectures is empty
    allowed_platforms is empty
    description is empty
    has_cleanup = false
    required_configs is empty
    required_disk_space = 0
    required_files is empty
    required_memory = 0
    required_programs is empty
    required_user is empty
    timeout = 300

Standard output:
helper stderr: 20150728-163711 D 56316 utils/env.cpp:92: Environment variable 'TEST_CASE' is 'pass'

Standard error:
20150728-163711 D 56313 utils/env.cpp:152: Setting environment variable 'TEST_CASE' to 'pass'
20150728-163711 D 56313 utils/env.cpp:111: Environment variable 'KYUA_TESTERSDIR' is not defined; using default '/usr/local/libexec'
20150728-163711 I 56313 engine/testers.cpp:136: Found tester for interface atf in /usr/local/libexec/kyua-atf-tester
20150728-163711 I 56313 engine/testers.cpp:136: Found tester for interface tap in /usr/local/libexec/kyua-tap-tester
20150728-163711 I 56313 engine/testers.cpp:136: Found tester for interface plain in /usr/local/libexec/kyua-plain-tester
20150728-163711 D 56313 utils/process/child.cpp:289: Spawned process 56314: stdout and stderr inherited
20150728-163711 D 56313 utils/process/child.cpp:167: Executing /usr/local/libexec/kyua-plain-tester list /tmp/kyua.atf-tester.aedf1o/program
20150728-163711 D 56313 utils/process/child.cpp:145: Waiting for pid=56314
20150728-163711 D 56313 utils/process/child.cpp:350: Spawned process 56315: stdout=./stdout.txt, stderr=./stderr.txt
20150728-163711 D 56313 utils/process/child.cpp:167: Executing /usr/local/libexec/kyua-plain-tester -t300 -vhas.cleanup=false test /tmp/kyua.atf-tester.aedf1o/program main ./result.txt
20150728-163711 D 56313 utils/process/child.cpp:145: Waiting for pid=56315
Result is: model::test_result{type='passed'}
===> local/kyua/engine/runner_test:run_test_case__plain__isolation
Result: passed
Duration: 0.053s

Metadata:
    allowed_architectures is empty
    allowed_platforms is empty
    description is empty
    has_cleanup = false
    required_configs is empty
    required_disk_space = 0
    required_files is empty
    required_memory = 0
    required_programs is empty
    required_user is empty
    timeout = 300

Standard output:
helper stderr: 20150728-163711 D 56321 utils/env.cpp:92: Environment variable 'TEST_CASE' is 'validate_isolation'
helper stderr: 20150728-163711 D 56321 utils/env.cpp:92: Environment variable 'HOME' is '/tmp/kyua.atf-tester.kbQ8Lw/kyua.plain-tester.vrMnPb'
helper stderr: 20150728-163711 D 56321 utils/env.cpp:89: Environment variable 'LANG' is not defined

Standard error:
20150728-163711 D 56318 utils/env.cpp:152: Setting environment variable 'TEST_CASE' to 'validate_isolation'
20150728-163711 D 56318 utils/env.cpp:152: Setting environment variable 'TEST_CASE' to 'validate_isolation'
20150728-163711 D 56318 utils/env.cpp:152: Setting environment variable 'HOME' to 'fake-value'
20150728-163711 D 56318 utils/env.cpp:152: Setting environment variable 'LANG' to 'C'
20150728-163711 D 56318 utils/env.cpp:111: Environment variable 'KYUA_TESTERSDIR' is not defined; using default '/usr/local/libexec'
20150728-163711 I 56318 engine/testers.cpp:136: Found tester for interface atf in /usr/local/libexec/kyua-atf-tester
20150728-163711 I 56318 engine/testers.cpp:136: Found tester for interface tap in /usr/local/libexec/kyua-tap-tester
20150728-163711 I 56318 engine/testers.cpp:136: Found tester for interface plain in /usr/local/libexec/kyua-plain-tester
20150728-163711 D 56318 utils/process/child.cpp:289: Spawned process 56319: stdout and stderr inherited
20150728-163711 D 56318 utils/process/child.cpp:167: Executing /usr/local/libexec/kyua-plain-tester list /usr/tests/local/kyua/engine/test_case_plain_helpers
20150728-163711 D 56318 utils/process/child.cpp:145: Waiting for pid=56319
20150728-163711 D 56318 utils/process/child.cpp:350: Spawned process 56320: stdout=./stdout.txt, stderr=./stderr.txt
20150728-163711 D 56318 utils/process/child.cpp:167: Executing /usr/local/libexec/kyua-plain-tester -t300 -vhas.cleanup=false test /usr/tests/local/kyua/engine/test_case_plain_helpers main ./result.txt
20150728-163711 D 56318 utils/process/child.cpp:145: Waiting for pid=56320
Result is: model::test_result{type='passed'}
===> local/kyua/engine/runner_test:run_test_case__plain__kill_children
Result: passed
Duration: 0.056s

Metadata:
    allowed_architectures is empty
    allowed_platforms is empty
    description is empty
    has_cleanup = false
    required_configs is empty
    required_disk_space = 0
    required_files is empty
    required_memory = 0
    required_programs is empty
    required_user is empty
    timeout = 300

Standard output:
helper stderr: 20150728-163711 D 56326 utils/env.cpp:92: Environment variable 'TEST_CASE' is 'spawn_blocking_child'
helper stderr: 20150728-163711 D 56326 utils/env.cpp:92: Environment variable 'CONTROL_DIR' is '/tmp/kyua.atf-tester.s9zWpq'

Standard error:
20150728-163711 D 56323 utils/env.cpp:152: Setting environment variable 'TEST_CASE' to 'spawn_blocking_child'
20150728-163711 D 56323 utils/env.cpp:152: Setting environment variable 'CONTROL_DIR' to '/tmp/kyua.atf-tester.s9zWpq'
20150728-163711 D 56323 utils/env.cpp:111: Environment variable 'KYUA_TESTERSDIR' is not defined; using default '/usr/local/libexec'
20150728-163711 I 56323 engine/testers.cpp:136: Found tester for interface atf in /usr/local/libexec/kyua-atf-tester
20150728-163711 I 56323 engine/testers.cpp:136: Found tester for interface tap in /usr/local/libexec/kyua-tap-tester
20150728-163711 I 56323 engine/testers.cpp:136: Found tester for interface plain in /usr/local/libexec/kyua-plain-tester
20150728-163711 D 56323 utils/process/child.cpp:289: Spawned process 56324: stdout and stderr inherited
20150728-163711 D 56323 utils/process/child.cpp:167: Executing /usr/local/libexec/kyua-plain-tester list /usr/tests/local/kyua/engine/test_case_plain_helpers
20150728-163711 D 56323 utils/process/child.cpp:145: Waiting for pid=56324
20150728-163711 D 56323 utils/process/child.cpp:350: Spawned process 56325: stdout=./stdout.txt, stderr=./stderr.txt
20150728-163711 D 56323 utils/process/child.cpp:167: Executing /usr/local/libexec/kyua-plain-tester -t300 -vhas.cleanup=false test /usr/tests/local/kyua/engine/test_case_plain_helpers main ./result.txt
20150728-163711 D 56323 utils/process/child.cpp:145: Waiting for pid=56325
Result is: model::test_result{type='passed'}
===> local/kyua/engine/runner_test:run_test_case__plain__missing_test_program
Result: passed
Duration: 0.036s

Metadata:
    allowed_architectures is empty
    allowed_platforms is empty
    description is empty
    has_cleanup = false
    required_configs is empty
    required_disk_space = 0
    required_files is empty
    required_memory = 0
    required_programs is empty
    required_user is empty
    timeout = 300

Standard error:
20150728-163711 D 56329 utils/env.cpp:152: Setting environment variable 'TEST_CASE' to 'pass'
20150728-163711 D 56329 utils/env.cpp:111: Environment variable 'KYUA_TESTERSDIR' is not defined; using default '/usr/local/libexec'
20150728-163711 I 56329 engine/testers.cpp:136: Found tester for interface atf in /usr/local/libexec/kyua-atf-tester
20150728-163711 I 56329 engine/testers.cpp:136: Found tester for interface tap in /usr/local/libexec/kyua-tap-tester
20150728-163711 I 56329 engine/testers.cpp:136: Found tester for interface plain in /usr/local/libexec/kyua-plain-tester
20150728-163711 D 56329 utils/process/child.cpp:289: Spawned process 56330: stdout and stderr inherited
20150728-163711 D 56329 utils/process/child.cpp:167: Executing /usr/local/libexec/kyua-plain-tester list /tmp/kyua.atf-tester.hufzTN/dir/test_case_helpers
20150728-163711 D 56329 utils/process/child.cpp:145: Waiting for pid=56330
Result is: model::test_result{type='broken', reason='Test program does not exist'}
===> local/kyua/engine/runner_test:run_test_case__plain__result_crash
Result: passed
Duration: 0.420s

Metadata:
    allowed_architectures is empty
    allowed_platforms is empty
    description is empty
    has_cleanup = false
    required_configs is empty
    required_disk_space = 0
    required_files is empty
    required_memory = 0
    required_programs is empty
    required_user is empty
    timeout = 300

Standard output:
helper stderr: 20150728-163711 D 56335 utils/env.cpp:92: Environment variable 'TEST_CASE' is 'crash'
helper stderr: Process with PID 56335 dumped core; attempting to gather stack trace
helper stderr: Cannot find any core file

Standard error:
20150728-163711 D 56332 utils/env.cpp:152: Setting environment variable 'TEST_CASE' to 'crash'
20150728-163711 D 56332 utils/env.cpp:111: Environment variable 'KYUA_TESTERSDIR' is not defined; using default '/usr/local/libexec'
20150728-163711 I 56332 engine/testers.cpp:136: Found tester for interface atf in /usr/local/libexec/kyua-atf-tester
20150728-163711 I 56332 engine/testers.cpp:136: Found tester for interface tap in /usr/local/libexec/kyua-tap-tester
20150728-163711 I 56332 engine/testers.cpp:136: Found tester for interface plain in /usr/local/libexec/kyua-plain-tester
20150728-163711 D 56332 utils/process/child.cpp:289: Spawned process 56333: stdout and stderr inherited
20150728-163711 D 56332 utils/process/child.cpp:167: Executing /usr/local/libexec/kyua-plain-tester list /usr/tests/local/kyua/engine/test_case_plain_helpers
20150728-163711 D 56332 utils/process/child.cpp:145: Waiting for pid=56333
20150728-163711 D 56332 utils/process/child.cpp:350: Spawned process 56334: stdout=./stdout.txt, stderr=./stderr.txt
20150728-163711 D 56332 utils/process/child.cpp:167: Executing /usr/local/libexec/kyua-plain-tester -t300 -vhas.cleanup=false test /usr/tests/local/kyua/engine/test_case_plain_helpers main ./result.txt
20150728-163711 D 56332 utils/process/child.cpp:145: Waiting for pid=56334
Result is: model::test_result{type='broken', reason='Received signal 6'}
===> local/kyua/engine/runner_test:run_test_case__plain__result_fail
Result: passed
Duration: 0.055s

Metadata:
    allowed_architectures is empty
    allowed_platforms is empty
    description is empty
    has_cleanup = false
    required_configs is empty
    required_disk_space = 0
    required_files is empty
    required_memory = 0
    required_programs is empty
    required_user is empty
    timeout = 300

Standard output:
helper stderr: 20150728-163711 D 56340 utils/env.cpp:92: Environment variable 'TEST_CASE' is 'fail'

Standard error:
20150728-163711 D 56337 utils/env.cpp:152: Setting environment variable 'TEST_CASE' to 'fail'
20150728-163711 D 56337 utils/env.cpp:111: Environment variable 'KYUA_TESTERSDIR' is not defined; using default '/usr/local/libexec'
20150728-163711 I 56337 engine/testers.cpp:136: Found tester for interface atf in /usr/local/libexec/kyua-atf-tester
20150728-163711 I 56337 engine/testers.cpp:136: Found tester for interface tap in /usr/local/libexec/kyua-tap-tester
20150728-163711 I 56337 engine/testers.cpp:136: Found tester for interface plain in /usr/local/libexec/kyua-plain-tester
20150728-163711 D 56337 utils/process/child.cpp:289: Spawned process 56338: stdout and stderr inherited
20150728-163711 D 56337 utils/process/child.cpp:167: Executing /usr/local/libexec/kyua-plain-tester list /usr/tests/local/kyua/engine/test_case_plain_helpers
20150728-163711 D 56337 utils/process/child.cpp:145: Waiting for pid=56338
20150728-163711 D 56337 utils/process/child.cpp:350: Spawned process 56339: stdout=./stdout.txt, stderr=./stderr.txt
20150728-163711 D 56337 utils/process/child.cpp:167: Executing /usr/local/libexec/kyua-plain-tester -t300 -vhas.cleanup=false test /usr/tests/local/kyua/engine/test_case_plain_helpers main ./result.txt
20150728-163711 D 56337 utils/process/child.cpp:145: Waiting for pid=56339
Result is: model::test_result{type='failed', reason='Returned non-success exit status 8'}
===> local/kyua/engine/runner_test:run_test_case__plain__result_pass
Result: passed
Duration: 0.053s

Metadata:
    allowed_architectures is empty
    allowed_platforms is empty
    description is empty
    has_cleanup = false
    required_configs is empty
    required_disk_space = 0
    required_files is empty
    required_memory = 0
    required_programs is empty
    required_user is empty
    timeout = 300

Standard output:
helper stderr: 20150728-163711 D 56345 utils/env.cpp:92: Environment variable 'TEST_CASE' is 'pass'

Standard error:
20150728-163711 D 56342 utils/env.cpp:152: Setting environment variable 'TEST_CASE' to 'pass'
20150728-163711 D 56342 utils/env.cpp:111: Environment variable 'KYUA_TESTERSDIR' is not defined; using default '/usr/local/libexec'
20150728-163711 I 56342 engine/testers.cpp:136: Found tester for interface atf in /usr/local/libexec/kyua-atf-tester
20150728-163711 I 56342 engine/testers.cpp:136: Found tester for interface tap in /usr/local/libexec/kyua-tap-tester
20150728-163711 I 56342 engine/testers.cpp:136: Found tester for interface plain in /usr/local/libexec/kyua-plain-tester
20150728-163711 D 56342 utils/process/child.cpp:289: Spawned process 56343: stdout and stderr inherited
20150728-163711 D 56342 utils/process/child.cpp:167: Executing /usr/local/libexec/kyua-plain-tester list /usr/tests/local/kyua/engine/test_case_plain_helpers
20150728-163711 D 56342 utils/process/child.cpp:145: Waiting for pid=56343
20150728-163711 D 56342 utils/process/child.cpp:350: Spawned process 56344: stdout=./stdout.txt, stderr=./stderr.txt
20150728-163711 D 56342 utils/process/child.cpp:167: Executing /usr/local/libexec/kyua-plain-tester -t300 -vhas.cleanup=false test /usr/tests/local/kyua/engine/test_case_plain_helpers main ./result.txt
20150728-163711 D 56342 utils/process/child.cpp:145: Waiting for pid=56344
Result is: model::test_result{type='passed'}
===> local/kyua/engine/runner_test:run_test_case__plain__stacktrace
Result: passed
Duration: 0.887s

Metadata:
    allowed_architectures is empty
    allowed_platforms is empty
    description is empty
    has_cleanup = false
    required_configs is empty
    required_disk_space = 0
    required_files is empty
    required_memory = 0
    required_programs is empty
    required_user is empty
    timeout = 300

Standard output:
helper stderr: 20150728-163711 D 56350 utils/env.cpp:92: Environment variable 'TEST_CASE' is 'crash'
helper stderr: Process with PID 56350 dumped core; attempting to gather stack trace
helper stderr: Cannot find any core file
Looking for 'attempting to gather stack trace' in '20150728-163711 D 56350 utils/env.cpp:92: Environment variable 'TEST_CASE' is 'crash''
Looking for 'attempting to gather stack trace' in 'Process with PID 56350 dumped core; attempting to gather stack trace'

Standard error:
20150728-163711 D 56347 utils/env.cpp:152: Setting environment variable 'TEST_CASE' to 'crash'
20150728-163711 D 56347 utils/env.cpp:152: Setting environment variable 'CONTROL_DIR' to '/tmp/kyua.atf-tester.TIYGm0'
20150728-163711 D 56347 utils/env.cpp:152: Setting environment variable 'TEST_CASE' to 'crash'
20150728-163711 D 56347 utils/env.cpp:111: Environment variable 'KYUA_TESTERSDIR' is not defined; using default '/usr/local/libexec'
20150728-163711 I 56347 engine/testers.cpp:136: Found tester for interface atf in /usr/local/libexec/kyua-atf-tester
20150728-163711 I 56347 engine/testers.cpp:136: Found tester for interface tap in /usr/local/libexec/kyua-tap-tester
20150728-163711 I 56347 engine/testers.cpp:136: Found tester for interface plain in /usr/local/libexec/kyua-plain-tester
20150728-163711 D 56347 utils/process/child.cpp:289: Spawned process 56348: stdout and stderr inherited
20150728-163711 D 56347 utils/process/child.cpp:167: Executing /usr/local/libexec/kyua-plain-tester list /usr/tests/local/kyua/engine/test_case_plain_helpers
20150728-163711 D 56347 utils/process/child.cpp:145: Waiting for pid=56348
20150728-163711 D 56347 utils/process/child.cpp:350: Spawned process 56349: stdout=./stdout.txt, stderr=./stderr.txt
20150728-163711 D 56347 utils/process/child.cpp:167: Executing /usr/local/libexec/kyua-plain-tester -t300 -vhas.cleanup=false test /usr/tests/local/kyua/engine/test_case_plain_helpers main ./result.txt
20150728-163711 D 56347 utils/process/child.cpp:145: Waiting for pid=56349
Result is: model::test_result{type='broken', reason='Received signal 6'}
===> local/kyua/engine/runner_test:run_test_case__plain__subdirectory
Result: passed
Duration: 0.065s

Metadata:
    allowed_architectures is empty
    allowed_platforms is empty
    description is empty
    has_cleanup = false
    required_configs is empty
    required_disk_space = 0
    required_files is empty
    required_memory = 0
    required_programs is empty
    required_user is empty
    timeout = 300

Standard output:
helper stderr: 20150728-163712 D 56355 utils/env.cpp:92: Environment variable 'TEST_CASE' is 'pass'

Standard error:
20150728-163712 D 56352 utils/env.cpp:152: Setting environment variable 'TEST_CASE' to 'pass'
20150728-163712 D 56352 utils/env.cpp:111: Environment variable 'KYUA_TESTERSDIR' is not defined; using default '/usr/local/libexec'
20150728-163712 I 56352 engine/testers.cpp:136: Found tester for interface atf in /usr/local/libexec/kyua-atf-tester
20150728-163712 I 56352 engine/testers.cpp:136: Found tester for interface tap in /usr/local/libexec/kyua-tap-tester
20150728-163712 I 56352 engine/testers.cpp:136: Found tester for interface plain in /usr/local/libexec/kyua-plain-tester
20150728-163712 D 56352 utils/process/child.cpp:289: Spawned process 56353: stdout and stderr inherited
20150728-163712 D 56352 utils/process/child.cpp:167: Executing /usr/local/libexec/kyua-plain-tester list /tmp/kyua.atf-tester.W5HehB/dir1/dir2/program
20150728-163712 D 56352 utils/process/child.cpp:145: Waiting for pid=56353
20150728-163712 D 56352 utils/process/child.cpp:350: Spawned process 56354: stdout=./stdout.txt, stderr=./stderr.txt
20150728-163712 D 56352 utils/process/child.cpp:167: Executing /usr/local/libexec/kyua-plain-tester -t300 -vhas.cleanup=false test /tmp/kyua.atf-tester.W5HehB/dir1/dir2/program main ./result.txt
20150728-163712 D 56352 utils/process/child.cpp:145: Waiting for pid=56354
Result is: model::test_result{type='passed'}
===> local/kyua/engine/runner_test:run_test_case__plain__timeout
Result: passed
Duration: 1.071s

Metadata:
    allowed_architectures is empty
    allowed_platforms is empty
    description is empty
    has_cleanup = false
    required_configs is empty
    required_disk_space = 0
    required_files is empty
    required_memory = 0
    required_programs is empty
    required_user is empty
    timeout = 300

Standard output:
helper stderr: 20150728-163712 D 56360 utils/env.cpp:92: Environment variable 'TEST_CASE' is 'timeout'
helper stderr: Subprocess timed out; sending KILL signal...

Standard error:
20150728-163712 D 56357 utils/env.cpp:152: Setting environment variable 'TEST_CASE' to 'timeout'
20150728-163712 D 56357 utils/env.cpp:152: Setting environment variable 'CONTROL_DIR' to '/tmp/kyua.atf-tester.7JRArl'
20150728-163712 D 56357 utils/env.cpp:111: Environment variable 'KYUA_TESTERSDIR' is not defined; using default '/usr/local/libexec'
20150728-163712 I 56357 engine/testers.cpp:136: Found tester for interface atf in /usr/local/libexec/kyua-atf-tester
20150728-163712 I 56357 engine/testers.cpp:136: Found tester for interface tap in /usr/local/libexec/kyua-tap-tester
20150728-163712 I 56357 engine/testers.cpp:136: Found tester for interface plain in /usr/local/libexec/kyua-plain-tester
20150728-163712 D 56357 utils/process/child.cpp:289: Spawned process 56358: stdout and stderr inherited
20150728-163712 D 56357 utils/process/child.cpp:167: Executing /usr/local/libexec/kyua-plain-tester list /usr/tests/local/kyua/engine/test_case_plain_helpers
20150728-163712 D 56357 utils/process/child.cpp:145: Waiting for pid=56358
20150728-163712 D 56357 utils/process/child.cpp:350: Spawned process 56359: stdout=./stdout.txt, stderr=./stderr.txt
20150728-163712 D 56357 utils/process/child.cpp:167: Executing /usr/local/libexec/kyua-plain-tester -t1 -vhas.cleanup=false test /usr/tests/local/kyua/engine/test_case_plain_helpers main ./result.txt
20150728-163712 D 56357 utils/process/child.cpp:145: Waiting for pid=56359
Result is: model::test_result{type='broken', reason='Test case timed out'}
===> local/kyua/engine/runner_test:run_test_case__tester_crashes
Result: passed
Duration: 0.421s

Metadata:
    allowed_architectures is empty
    allowed_platforms is empty
    description is empty
    has_cleanup = false
    required_configs is empty
    required_disk_space = 0
    required_files is empty
    required_memory = 0
    required_programs is empty
    required_user is empty
    timeout = 300

Standard output:
helper stdout:stdout stuff
helper stderr:stderr stuff

Standard error:
20150728-163713 D 56362 utils/env.cpp:152: Setting environment variable 'KYUA_TESTERSDIR' to '/tmp/kyua.atf-tester.0GbgNI'
20150728-163713 D 56362 utils/env.cpp:114: Environment variable 'KYUA_TESTERSDIR' is '/tmp/kyua.atf-tester.0GbgNI'
20150728-163713 I 56362 engine/testers.cpp:136: Found tester for interface atf in /tmp/kyua.atf-tester.0GbgNI/kyua-atf-tester
20150728-163713 D 56362 utils/process/child.cpp:350: Spawned process 56363: stdout=work/stdout.txt, stderr=work/stderr.txt
20150728-163713 D 56362 utils/process/child.cpp:167: Executing /tmp/kyua.atf-tester.0GbgNI/kyua-atf-tester -t300 -vhas.cleanup=false test /tmp/kyua.atf-tester.0GbgNI/program pass work/result.txt
20150728-163713 D 56362 utils/process/child.cpp:145: Waiting for pid=56363
20150728-163714 W 56362 utils/fs/auto_cleaners.cpp:174: Failed to auto-cleanup file 'work/result.txt': Removal of work/result.txt failed: No such file or directory
===> local/kyua/engine/testers_test:all_test_interfaces__none
Result: passed
Duration: 0.111s

Metadata:
    allowed_architectures is empty
    allowed_platforms is empty
    description is empty
    has_cleanup = false
    required_configs is empty
    required_disk_space = 0
    required_files is empty
    required_memory = 0
    required_programs is empty
    required_user is empty
    timeout = 300

Standard error:
20150728-163714 D 56367 utils/env.cpp:152: Setting environment variable 'KYUA_TESTERSDIR' to '/tmp/kyua.atf-tester.l0REXI/testers'
20150728-163714 D 56367 utils/env.cpp:114: Environment variable 'KYUA_TESTERSDIR' is '/tmp/kyua.atf-tester.l0REXI/testers'
===> local/kyua/engine/testers_test:all_test_interfaces__some
Result: passed
Duration: 0.088s

Metadata:
    allowed_architectures is empty
    allowed_platforms is empty
    description is empty
    has_cleanup = false
    required_configs is empty
    required_disk_space = 0
    required_files is empty
    required_memory = 0
    required_programs is empty
    required_user is empty
    timeout = 300

Standard error:
20150728-163714 D 56369 utils/env.cpp:152: Setting environment variable 'KYUA_TESTERSDIR' to '/tmp/kyua.atf-tester.zDHtEK/testers'
20150728-163714 D 56369 utils/env.cpp:114: Environment variable 'KYUA_TESTERSDIR' is '/tmp/kyua.atf-tester.zDHtEK/testers'
20150728-163714 I 56369 engine/testers.cpp:136: Found tester for interface foo in /tmp/kyua.atf-tester.zDHtEK/testers/kyua-foo-tester
20150728-163714 I 56369 engine/testers.cpp:136: Found tester for interface bar in /tmp/kyua.atf-tester.zDHtEK/testers/kyua-bar-tester
20150728-163714 I 56369 engine/testers.cpp:136: Found tester for interface baz in /tmp/kyua.atf-tester.zDHtEK/testers/kyua-baz-tester
===> local/kyua/engine/testers_test:parse_test_result__broken
Result: passed
Duration: 0.027s

Metadata:
    allowed_architectures is empty
    allowed_platforms is empty
    description is empty
    has_cleanup = false
    required_configs is empty
    required_disk_space = 0
    required_files is empty
    required_memory = 0
    required_programs is empty
    required_user is empty
    timeout = 300
===> local/kyua/engine/testers_test:parse_test_result__empty
Result: passed
Duration: 0.057s

Metadata:
    allowed_architectures is empty
    allowed_platforms is empty
    description is empty
    has_cleanup = false
    required_configs is empty
    required_disk_space = 0
    required_files is empty
    required_memory = 0
    required_programs is empty
    required_user is empty
    timeout = 300
===> local/kyua/engine/testers_test:parse_test_result__expected_failure
Result: passed
Duration: 0.064s

Metadata:
    allowed_architectures is empty
    allowed_platforms is empty
    description is empty
    has_cleanup = false
    required_configs is empty
    required_disk_space = 0
    required_files is empty
    required_memory = 0
    required_programs is empty
    required_user is empty
    timeout = 300
===> local/kyua/engine/testers_test:parse_test_result__failed
Result: passed
Duration: 0.034s

Metadata:
    allowed_architectures is empty
    allowed_platforms is empty
    description is empty
    has_cleanup = false
    required_configs is empty
    required_disk_space = 0
    required_files is empty
    required_memory = 0
    required_programs is empty
    required_user is empty
    timeout = 300
===> local/kyua/engine/testers_test:parse_test_result__passed
Result: passed
Duration: 0.067s

Metadata:
    allowed_architectures is empty
    allowed_platforms is empty
    description is empty
    has_cleanup = false
    required_configs is empty
    required_disk_space = 0
    required_files is empty
    required_memory = 0
    required_programs is empty
    required_user is empty
    timeout = 300
===> local/kyua/engine/testers_test:parse_test_result__skipped
Result: passed
Duration: 0.081s

Metadata:
    allowed_architectures is empty
    allowed_platforms is empty
    description is empty
    has_cleanup = false
    required_configs is empty
    required_disk_space = 0
    required_files is empty
    required_memory = 0
    required_programs is empty
    required_user is empty
    timeout = 300
===> local/kyua/engine/testers_test:parse_test_result__unknown_type
Result: passed
Duration: 0.054s

Metadata:
    allowed_architectures is empty
    allowed_platforms is empty
    description is empty
    has_cleanup = false
    required_configs is empty
    required_disk_space = 0
    required_files is empty
    required_memory = 0
    required_programs is empty
    required_user is empty
    timeout = 300
===> local/kyua/engine/testers_test:tester__list__already_unprivileged
Result: passed
Duration: 0.111s

Metadata:
    allowed_architectures is empty
    allowed_platforms is empty
    description is empty
    has_cleanup = false
    required_configs is empty
    required_disk_space = 0
    required_files is empty
    required_memory = 0
    required_programs is empty
    required_user = unprivileged
    timeout = 300

Standard error:
20150728-163715 D 56385 utils/env.cpp:152: Setting environment variable 'KYUA_TESTERSDIR' to '/tmp/kyua.atf-tester.rIkspe'
20150728-163715 D 56385 utils/passwd.cpp:110: Current user is: name=tests, uid=977, gid=65534
20150728-163715 W 56385 engine/testers.cpp:211: Ignoring value of unprivileged_user=fake; already running as unprivileged user tests
20150728-163715 D 56385 utils/env.cpp:114: Environment variable 'KYUA_TESTERSDIR' is '/tmp/kyua.atf-tester.rIkspe'
20150728-163715 I 56385 engine/testers.cpp:136: Found tester for interface mock in /tmp/kyua.atf-tester.rIkspe/kyua-mock-tester
20150728-163715 D 56385 utils/process/child.cpp:289: Spawned process 56386: stdout and stderr inherited
20150728-163715 D 56385 utils/process/child.cpp:167: Executing /tmp/kyua.atf-tester.rIkspe/kyua-mock-tester list /another/program/1
20150728-163715 D 56385 utils/process/child.cpp:145: Waiting for pid=56386
===> local/kyua/engine/testers_test:tester__list__defaults
Result: passed
Duration: 0.094s

Metadata:
    allowed_architectures is empty
    allowed_platforms is empty
    description is empty
    has_cleanup = false
    required_configs is empty
    required_disk_space = 0
    required_files is empty
    required_memory = 0
    required_programs is empty
    required_user is empty
    timeout = 300

Standard error:
20150728-163715 D 56388 utils/env.cpp:152: Setting environment variable 'KYUA_TESTERSDIR' to '/tmp/kyua.atf-tester.n8PSP7'
20150728-163715 D 56388 utils/env.cpp:114: Environment variable 'KYUA_TESTERSDIR' is '/tmp/kyua.atf-tester.n8PSP7'
20150728-163715 I 56388 engine/testers.cpp:136: Found tester for interface mock in /tmp/kyua.atf-tester.n8PSP7/kyua-mock-tester
20150728-163715 D 56388 utils/process/child.cpp:289: Spawned process 56389: stdout and stderr inherited
20150728-163715 D 56388 utils/process/child.cpp:167: Executing /tmp/kyua.atf-tester.n8PSP7/kyua-mock-tester list /foo/bar
20150728-163715 D 56388 utils/process/child.cpp:145: Waiting for pid=56389
===> local/kyua/engine/testers_test:tester__list__explicit_common_args_and_vars
Result: passed
Duration: 0.108s

Metadata:
    allowed_architectures is empty
    allowed_platforms is empty
    description is empty
    has_cleanup = false
    required_configs is empty
    required_disk_space = 0
    required_files is empty
    required_memory = 0
    required_programs is empty
    required_user is empty
    timeout = 300

Standard error:
20150728-163715 D 56391 utils/env.cpp:152: Setting environment variable 'KYUA_TESTERSDIR' to '/tmp/kyua.atf-tester.xqskjm'
20150728-163715 D 56391 utils/env.cpp:114: Environment variable 'KYUA_TESTERSDIR' is '/tmp/kyua.atf-tester.xqskjm'
20150728-163715 I 56391 engine/testers.cpp:136: Found tester for interface mock in /tmp/kyua.atf-tester.xqskjm/kyua-mock-tester
20150728-163715 D 56391 utils/process/child.cpp:289: Spawned process 56392: stdout and stderr inherited
20150728-163715 D 56391 utils/process/child.cpp:167: Executing /tmp/kyua.atf-tester.xqskjm/kyua-mock-tester -t15 -vvar1=value1 -vvariable-2=value with spaces list /another/program/1
20150728-163715 D 56391 utils/process/child.cpp:145: Waiting for pid=56392
===> local/kyua/engine/testers_test:tester__list__request_unprivileged
Result: passed
Duration: 0.096s

Metadata:
    allowed_architectures is empty
    allowed_platforms is empty
    description is empty
    has_cleanup = false
    required_configs is empty
    required_disk_space = 0
    required_files is empty
    required_memory = 0
    required_programs is empty
    required_user = root
    timeout = 300

Standard error:
20150728-163715 D 56394 utils/env.cpp:152: Setting environment variable 'KYUA_TESTERSDIR' to '/tmp/kyua.atf-tester.7vpUB9'
20150728-163715 D 56394 utils/passwd.cpp:110: Current user is: name=root, uid=0, gid=0
20150728-163715 D 56394 utils/env.cpp:114: Environment variable 'KYUA_TESTERSDIR' is '/tmp/kyua.atf-tester.7vpUB9'
20150728-163715 I 56394 engine/testers.cpp:136: Found tester for interface mock in /tmp/kyua.atf-tester.7vpUB9/kyua-mock-tester
20150728-163715 D 56394 utils/process/child.cpp:289: Spawned process 56395: stdout and stderr inherited
20150728-163715 D 56394 utils/process/child.cpp:167: Executing /tmp/kyua.atf-tester.7vpUB9/kyua-mock-tester -u123 -g456 list /another/program/1
20150728-163715 D 56394 utils/process/child.cpp:145: Waiting for pid=56395
===> local/kyua/engine/testers_test:tester__list__tester_crashes
Result: passed
Duration: 0.066s

Metadata:
    allowed_architectures is empty
    allowed_platforms is empty
    description is empty
    has_cleanup = false
    required_configs is empty
    required_disk_space = 0
    required_files is empty
    required_memory = 0
    required_programs is empty
    required_user is empty
    timeout = 300

Standard error:
20150728-163715 D 56397 utils/env.cpp:152: Setting environment variable 'KYUA_TESTERSDIR' to '/tmp/kyua.atf-tester.kDt3uF'
20150728-163715 D 56397 utils/env.cpp:114: Environment variable 'KYUA_TESTERSDIR' is '/tmp/kyua.atf-tester.kDt3uF'
20150728-163715 I 56397 engine/testers.cpp:136: Found tester for interface mock in /tmp/kyua.atf-tester.kDt3uF/kyua-mock-tester
20150728-163715 D 56397 utils/process/child.cpp:289: Spawned process 56398: stdout and stderr inherited
20150728-163715 D 56397 utils/process/child.cpp:167: Executing /tmp/kyua.atf-tester.kDt3uF/kyua-mock-tester list does-not-matter
20150728-163715 D 56397 utils/process/child.cpp:145: Waiting for pid=56398
===> local/kyua/engine/testers_test:tester__list__tester_fails
Result: passed
Duration: 0.067s

Metadata:
    allowed_architectures is empty
    allowed_platforms is empty
    description is empty
    has_cleanup = false
    required_configs is empty
    required_disk_space = 0
    required_files is empty
    required_memory = 0
    required_programs is empty
    required_user is empty
    timeout = 300

Standard error:
20150728-163715 D 56400 utils/env.cpp:152: Setting environment variable 'KYUA_TESTERSDIR' to '/tmp/kyua.atf-tester.JxQ8K4'
20150728-163715 D 56400 utils/env.cpp:114: Environment variable 'KYUA_TESTERSDIR' is '/tmp/kyua.atf-tester.JxQ8K4'
20150728-163715 I 56400 engine/testers.cpp:136: Found tester for interface mock in /tmp/kyua.atf-tester.JxQ8K4/kyua-mock-tester
20150728-163715 D 56400 utils/process/child.cpp:289: Spawned process 56401: stdout and stderr inherited
20150728-163715 D 56400 utils/process/child.cpp:167: Executing /tmp/kyua.atf-tester.JxQ8K4/kyua-mock-tester list does-not-matter
20150728-163715 D 56400 utils/process/child.cpp:145: Waiting for pid=56401
===> local/kyua/engine/testers_test:tester__list__unknown_interface
Result: passed
Duration: 0.179s

Metadata:
    allowed_architectures is empty
    allowed_platforms is empty
    description is empty
    has_cleanup = false
    required_configs is empty
    required_disk_space = 0
    required_files is empty
    required_memory = 0
    required_programs is empty
    required_user is empty
    timeout = 300

Standard error:
20150728-163715 D 56403 utils/env.cpp:152: Setting environment variable 'KYUA_TESTERSDIR' to '.'
20150728-163715 D 56403 utils/env.cpp:114: Environment variable 'KYUA_TESTERSDIR' is '.'
===> local/kyua/engine/testers_test:tester__test__already_unprivileged
Result: passed
Duration: 0.223s

Metadata:
    allowed_architectures is empty
    allowed_platforms is empty
    description is empty
    has_cleanup = false
    required_configs is empty
    required_disk_space = 0
    required_files is empty
    required_memory = 0
    required_programs is empty
    required_user = unprivileged
    timeout = 300

Standard error:
20150728-163715 D 56405 utils/env.cpp:152: Setting environment variable 'KYUA_TESTERSDIR' to '/tmp/kyua.atf-tester.LGwrMl'
20150728-163715 D 56405 utils/passwd.cpp:110: Current user is: name=tests, uid=977, gid=65534
20150728-163715 W 56405 engine/testers.cpp:211: Ignoring value of unprivileged_user=fake; already running as unprivileged user tests
20150728-163715 D 56405 utils/env.cpp:114: Environment variable 'KYUA_TESTERSDIR' is '/tmp/kyua.atf-tester.LGwrMl'
20150728-163715 I 56405 engine/testers.cpp:136: Found tester for interface mock in /tmp/kyua.atf-tester.LGwrMl/kyua-mock-tester
20150728-163715 D 56405 utils/process/child.cpp:350: Spawned process 56406: stdout=tester.out, stderr=tester.err
20150728-163715 D 56405 utils/process/child.cpp:167: Executing /tmp/kyua.atf-tester.LGwrMl/kyua-mock-tester test /foo/bar test-case /the/result/file
20150728-163715 D 56405 utils/process/child.cpp:145: Waiting for pid=56406
===> local/kyua/engine/testers_test:tester__test__defaults
Result: passed
Duration: 0.290s

Metadata:
    allowed_architectures is empty
    allowed_platforms is empty
    description is empty
    has_cleanup = false
    required_configs is empty
    required_disk_space = 0
    required_files is empty
    required_memory = 0
    required_programs is empty
    required_user is empty
    timeout = 300

Standard error:
20150728-163716 D 56408 utils/env.cpp:152: Setting environment variable 'KYUA_TESTERSDIR' to '/tmp/kyua.atf-tester.9FhYYD'
20150728-163716 D 56408 utils/env.cpp:114: Environment variable 'KYUA_TESTERSDIR' is '/tmp/kyua.atf-tester.9FhYYD'
20150728-163716 I 56408 engine/testers.cpp:136: Found tester for interface mock in /tmp/kyua.atf-tester.9FhYYD/kyua-mock-tester
20150728-163716 D 56408 utils/process/child.cpp:350: Spawned process 56409: stdout=tester.out, stderr=tester.err
20150728-163716 D 56408 utils/process/child.cpp:167: Executing /tmp/kyua.atf-tester.9FhYYD/kyua-mock-tester test /foo/bar test-case /the/result/file
20150728-163716 D 56408 utils/process/child.cpp:145: Waiting for pid=56409
===> local/kyua/engine/testers_test:tester__test__explicit_common_args_and_vars
Result: passed
Duration: 0.118s

Metadata:
    allowed_architectures is empty
    allowed_platforms is empty
    description is empty
    has_cleanup = false
    required_configs is empty
    required_disk_space = 0
    required_files is empty
    required_memory = 0
    required_programs is empty
    required_user is empty
    timeout = 300

Standard error:
20150728-163716 D 56411 utils/env.cpp:152: Setting environment variable 'KYUA_TESTERSDIR' to '/tmp/kyua.atf-tester.7pZN5x'
20150728-163716 D 56411 utils/env.cpp:114: Environment variable 'KYUA_TESTERSDIR' is '/tmp/kyua.atf-tester.7pZN5x'
20150728-163716 I 56411 engine/testers.cpp:136: Found tester for interface mock in /tmp/kyua.atf-tester.7pZN5x/kyua-mock-tester
20150728-163716 D 56411 utils/process/child.cpp:350: Spawned process 56412: stdout=tester.out, stderr=tester.err
20150728-163716 D 56411 utils/process/child.cpp:167: Executing /tmp/kyua.atf-tester.7pZN5x/kyua-mock-tester -t15 -vvar1=value1 -vvariable-2=value with spaces test /foo/bar test-case /the/result/file
20150728-163716 D 56411 utils/process/child.cpp:145: Waiting for pid=56412
===> local/kyua/engine/testers_test:tester__test__request_unprivileged
Result: passed
Duration: 0.159s

Metadata:
    allowed_architectures is empty
    allowed_platforms is empty
    description is empty
    has_cleanup = false
    required_configs is empty
    required_disk_space = 0
    required_files is empty
    required_memory = 0
    required_programs is empty
    required_user = root
    timeout = 300

Standard error:
20150728-163716 D 56414 utils/env.cpp:152: Setting environment variable 'KYUA_TESTERSDIR' to '/tmp/kyua.atf-tester.Y6riSD'
20150728-163716 D 56414 utils/passwd.cpp:110: Current user is: name=root, uid=0, gid=0
20150728-163716 D 56414 utils/env.cpp:114: Environment variable 'KYUA_TESTERSDIR' is '/tmp/kyua.atf-tester.Y6riSD'
20150728-163716 I 56414 engine/testers.cpp:136: Found tester for interface mock in /tmp/kyua.atf-tester.Y6riSD/kyua-mock-tester
20150728-163716 D 56414 utils/process/child.cpp:350: Spawned process 56415: stdout=tester.out, stderr=tester.err
20150728-163716 D 56414 utils/process/child.cpp:167: Executing /tmp/kyua.atf-tester.Y6riSD/kyua-mock-tester -u123 -g456 test /foo/bar test-case /the/result/file
20150728-163716 D 56414 utils/process/child.cpp:145: Waiting for pid=56415
===> local/kyua/engine/testers_test:tester__test__tester_crashes
Result: passed
Duration: 0.114s

Metadata:
    allowed_architectures is empty
    allowed_platforms is empty
    description is empty
    has_cleanup = false
    required_configs is empty
    required_disk_space = 0
    required_files is empty
    required_memory = 0
    required_programs is empty
    required_user is empty
    timeout = 300

Standard error:
20150728-163716 D 56417 utils/env.cpp:152: Setting environment variable 'KYUA_TESTERSDIR' to '/tmp/kyua.atf-tester.ggkKey'
20150728-163716 D 56417 utils/env.cpp:114: Environment variable 'KYUA_TESTERSDIR' is '/tmp/kyua.atf-tester.ggkKey'
20150728-163716 I 56417 engine/testers.cpp:136: Found tester for interface mock in /tmp/kyua.atf-tester.ggkKey/kyua-mock-tester
20150728-163716 D 56417 utils/process/child.cpp:350: Spawned process 56418: stdout=out, stderr=err
20150728-163716 D 56417 utils/process/child.cpp:167: Executing /tmp/kyua.atf-tester.ggkKey/kyua-mock-tester test foo bar baz
20150728-163716 D 56417 utils/process/child.cpp:145: Waiting for pid=56418
===> local/kyua/engine/testers_test:tester__test__tester_fails
Result: passed
Duration: 0.115s

Metadata:
    allowed_architectures is empty
    allowed_platforms is empty
    description is empty
    has_cleanup = false
    required_configs is empty
    required_disk_space = 0
    required_files is empty
    required_memory = 0
    required_programs is empty
    required_user is empty
    timeout = 300

Standard error:
20150728-163716 D 56420 utils/env.cpp:152: Setting environment variable 'KYUA_TESTERSDIR' to '/tmp/kyua.atf-tester.DT88mt'
20150728-163716 D 56420 utils/env.cpp:114: Environment variable 'KYUA_TESTERSDIR' is '/tmp/kyua.atf-tester.DT88mt'
20150728-163716 I 56420 engine/testers.cpp:136: Found tester for interface mock in /tmp/kyua.atf-tester.DT88mt/kyua-mock-tester
20150728-163716 D 56420 utils/process/child.cpp:350: Spawned process 56421: stdout=out, stderr=err
20150728-163716 D 56420 utils/process/child.cpp:167: Executing /tmp/kyua.atf-tester.DT88mt/kyua-mock-tester test foo bar baz
20150728-163716 D 56420 utils/process/child.cpp:145: Waiting for pid=56421
===> local/kyua/engine/testers_test:tester__test__unknown_interface
Result: passed
Duration: 0.105s

Metadata:
    allowed_architectures is empty
    allowed_platforms is empty
    description is empty
    has_cleanup = false
    required_configs is empty
    required_disk_space = 0
    required_files is empty
    required_memory = 0
    required_programs is empty
    required_user is empty
    timeout = 300

Standard error:
20150728-163716 D 56423 utils/env.cpp:152: Setting environment variable 'KYUA_TESTERSDIR' to '.'
20150728-163716 D 56423 utils/env.cpp:114: Environment variable 'KYUA_TESTERSDIR' is '.'
===> local/kyua/engine/testers_test:tester_path__cached
Result: passed
Duration: 0.100s

Metadata:
    allowed_architectures is empty
    allowed_platforms is empty
    description is empty
    has_cleanup = false
    required_configs is empty
    required_disk_space = 0
    required_files is empty
    required_memory = 0
    required_programs is empty
    required_user is empty
    timeout = 300

Standard error:
20150728-163716 D 56425 utils/env.cpp:152: Setting environment variable 'KYUA_TESTERSDIR' to '/tmp/kyua.atf-tester.mLvcJC/testers'
20150728-163716 D 56425 utils/env.cpp:114: Environment variable 'KYUA_TESTERSDIR' is '/tmp/kyua.atf-tester.mLvcJC/testers'
20150728-163716 I 56425 engine/testers.cpp:136: Found tester for interface mock in /tmp/kyua.atf-tester.mLvcJC/testers/kyua-mock-tester
===> local/kyua/engine/testers_test:tester_path__custom
Result: passed
Duration: 0.139s

Metadata:
    allowed_architectures is empty
    allowed_platforms is empty
    description is empty
    has_cleanup = false
    required_configs is empty
    required_disk_space = 0
    required_files is empty
    required_memory = 0
    required_programs is empty
    required_user is empty
    timeout = 300

Standard error:
20150728-163717 D 56427 utils/env.cpp:152: Setting environment variable 'KYUA_TESTERSDIR' to '/tmp/kyua.atf-tester.8SPci5/testers'
20150728-163717 D 56427 utils/env.cpp:114: Environment variable 'KYUA_TESTERSDIR' is '/tmp/kyua.atf-tester.8SPci5/testers'
20150728-163717 I 56427 engine/testers.cpp:136: Found tester for interface mock-1 in /tmp/kyua.atf-tester.8SPci5/testers/kyua-mock-1-tester
20150728-163717 I 56427 engine/testers.cpp:136: Found tester for interface mock-2 in /tmp/kyua.atf-tester.8SPci5/testers/kyua-mock-2-tester
===> local/kyua/engine/testers_test:tester_path__default
Result: passed
Duration: 0.189s

Metadata:
    allowed_architectures is empty
    allowed_platforms is empty
    description is empty
    has_cleanup = false
    required_configs is empty
    required_disk_space = 0
    required_files is empty
    required_memory = 0
    required_programs is empty
    required_user is empty
    timeout = 300

Standard error:
20150728-163717 D 56429 utils/env.cpp:111: Environment variable 'KYUA_TESTERSDIR' is not defined; using default '/usr/local/libexec'
20150728-163717 I 56429 engine/testers.cpp:136: Found tester for interface atf in /usr/local/libexec/kyua-atf-tester
20150728-163717 I 56429 engine/testers.cpp:136: Found tester for interface tap in /usr/local/libexec/kyua-tap-tester
20150728-163717 I 56429 engine/testers.cpp:136: Found tester for interface plain in /usr/local/libexec/kyua-plain-tester
===> local/kyua/engine/testers_test:tester_path__empty
Result: passed
Duration: 0.926s

Metadata:
    allowed_architectures is empty
    allowed_platforms is empty
    description is empty
    has_cleanup = false
    required_configs is empty
    required_disk_space = 0
    required_files is empty
    required_memory = 0
    required_programs is empty
    required_user is empty
    timeout = 300

Standard error:
20150728-163718 D 56431 utils/env.cpp:152: Setting environment variable 'KYUA_TESTERSDIR' to '/tmp/kyua.atf-tester.3sE2hm/testers'
20150728-163718 D 56431 utils/env.cpp:114: Environment variable 'KYUA_TESTERSDIR' is '/tmp/kyua.atf-tester.3sE2hm/testers'
===> local/kyua/engine/testers_test:tester_path__missing
Result: passed
Duration: 0.109s

Metadata:
    allowed_architectures is empty
    allowed_platforms is empty
    description is empty
    has_cleanup = false
    required_configs is empty
    required_disk_space = 0
    required_files is empty
    required_memory = 0
    required_programs is empty
    required_user is empty
    timeout = 300

Standard error:
20150728-163718 D 56433 utils/env.cpp:152: Setting environment variable 'KYUA_TESTERSDIR' to '/tmp/kyua.atf-tester.xe0LlJ'
20150728-163718 D 56433 utils/env.cpp:114: Environment variable 'KYUA_TESTERSDIR' is '/tmp/kyua.atf-tester.xe0LlJ'
===> local/kyua/examples/syntax_test:kyua_conf
Result: passed
Duration: 0.249s

Metadata:
    allowed_architectures is empty
    allowed_platforms is empty
    description is empty
    has_cleanup = false
    required_configs is empty
    required_disk_space = 0
    required_files = /usr/local/share/examples/kyua/kyua.conf
    required_memory = 0
    required_programs is empty
    required_user is empty
    timeout = 300
===> local/kyua/examples/syntax_test:kyuafile_top__no_matches
Result: passed
Duration: 0.089s

Metadata:
    allowed_architectures is empty
    allowed_platforms is empty
    description is empty
    has_cleanup = false
    required_configs is empty
    required_disk_space = 0
    required_files = /usr/local/share/examples/kyua/Kyuafile.top
    required_memory = 0
    required_programs is empty
    required_user is empty
    timeout = 300
===> local/kyua/examples/syntax_test:kyuafile_top__some_matches
Result: passed
Duration: 0.229s

Metadata:
    allowed_architectures is empty
    allowed_platforms is empty
    description is empty
    has_cleanup = false
    required_configs is empty
    required_disk_space = 0
    required_files = /usr/local/share/examples/kyua/Kyuafile.top
    required_memory = 0
    required_programs is empty
    required_user is empty
    timeout = 300
===> local/kyua/integration/cmd_about_test:all_topics__installed
Result: passed
Duration: 0.376s

Metadata:
    allowed_architectures is empty
    allowed_platforms is empty
    description is empty
    has_cleanup = false
    required_configs is empty
    required_disk_space = 0
    required_files = /usr/local/share/doc/kyua/AUTHORS /usr/local/share/doc/kyua/COPYING
    required_memory = 0
    required_programs is empty
    required_user is empty
    timeout = 300

Standard output:
Executing command [ kyua about ]
kyua (Kyua) 0.11
Copyright 2010, 2011, 2012, 2013, 2014 Google Inc.
* Julio Merino <jmmv@google.com>
Homepage: https://github.com/jmmv/kyua/
===> local/kyua/integration/cmd_about_test:all_topics__override
Result: passed
Duration: 0.502s

Metadata:
    allowed_architectures is empty
    allowed_platforms is empty
    description is empty
    has_cleanup = false
    required_configs is empty
    required_disk_space = 0
    required_files is empty
    required_memory = 0
    required_programs = kyua
    required_user is empty
    timeout = 300

Standard output:
Executing command [ kyua about ]
kyua (Kyua) 0.11
Copyright text
Author <author@example.net>
Homepage: https://github.com/jmmv/kyua/
===> local/kyua/integration/cmd_about_test:too_many_arguments
Result: passed
Duration: 0.272s

Metadata:
    allowed_architectures is empty
    allowed_platforms is empty
    description is empty
    has_cleanup = false
    required_configs is empty
    required_disk_space = 0
    required_files is empty
    required_memory = 0
    required_programs = kyua
    required_user is empty
    timeout = 300

Standard output:
Executing command [ kyua about abc def ]
===> local/kyua/integration/cmd_about_test:topic__authors__installed
Result: passed
Duration: 0.296s

Metadata:
    allowed_architectures is empty
    allowed_platforms is empty
    description is empty
    has_cleanup = false
    required_configs is empty
    required_disk_space = 0
    required_files = /usr/local/share/doc/kyua/AUTHORS
    required_memory = 0
    required_programs is empty
    required_user is empty
    timeout = 300

Standard output:
Executing command [ kyua about authors ]
===> local/kyua/integration/cmd_about_test:topic__authors__override
Result: passed
Duration: 0.281s

Metadata:
    allowed_architectures is empty
    allowed_platforms is empty
    description is empty
    has_cleanup = false
    required_configs is empty
    required_disk_space = 0
    required_files is empty
    required_memory = 0
    required_programs = kyua
    required_user is empty
    timeout = 300

Standard output:
Executing command [ kyua about authors ]
===> local/kyua/integration/cmd_about_test:topic__invalid
Result: passed
Duration: 0.400s

Metadata:
    allowed_architectures is empty
    allowed_platforms is empty
    description is empty
    has_cleanup = false
    required_configs is empty
    required_disk_space = 0
    required_files is empty
    required_memory = 0
    required_programs = kyua
    required_user is empty
    timeout = 300

Standard output:
Executing command [ kyua about foo ]
===> local/kyua/integration/cmd_about_test:topic__license__installed
Result: passed
Duration: 0.261s

Metadata:
    allowed_architectures is empty
    allowed_platforms is empty
    description is empty
    has_cleanup = false
    required_configs is empty
    required_disk_space = 0
    required_files = /usr/local/share/doc/kyua/COPYING
    required_memory = 0
    required_programs is empty
    required_user is empty
    timeout = 300

Standard output:
Executing command [ kyua about license ]
===> local/kyua/integration/cmd_about_test:topic__license__override
Result: passed
Duration: 0.178s

Metadata:
    allowed_architectures is empty
    allowed_platforms is empty
    description is empty
    has_cleanup = false
    required_configs is empty
    required_disk_space = 0
    required_files is empty
    required_memory = 0
    required_programs = kyua
    required_user is empty
    timeout = 300

Standard output:
Executing command [ kyua about license ]
===> local/kyua/integration/cmd_about_test:topic__version
Result: passed
Duration: 0.119s

Metadata:
    allowed_architectures is empty
    allowed_platforms is empty
    description is empty
    has_cleanup = false
    required_configs is empty
    required_disk_space = 0
    required_files is empty
    required_memory = 0
    required_programs = kyua
    required_user is empty
    timeout = 300

Standard output:
Executing command [ kyua about version ]
kyua (Kyua) 0.11
===> local/kyua/integration/cmd_config_test:all
Result: passed
Duration: 0.897s

Metadata:
    allowed_architectures is empty
    allowed_platforms is empty
    description is empty
    has_cleanup = false
    required_configs is empty
    required_disk_space = 0
    required_files is empty
    required_memory = 0
    required_programs = kyua
    required_user is empty
    timeout = 300

Standard output:
Executing command [ kyua config ]
===> local/kyua/integration/cmd_config_test:config_flag__default_home
Result: passed
Duration: 0.401s

Metadata:
    allowed_architectures is empty
    allowed_platforms is empty
    description is empty
    has_cleanup = false
    required_configs is empty
    required_disk_space = 0
    required_files is empty
    required_memory = 0
    required_programs = kyua
    required_user is empty
    timeout = 300

Standard output:
Executing command [ kyua config test_suites.foo.X-var ]
Executing command [ kyua config test_suites.foo.X-var ]

Standard error:
mkdir: .kyua: File exists
===> local/kyua/integration/cmd_config_test:config_flag__default_system
Result: passed
Duration: 0.574s

Metadata:
    allowed_architectures is empty
    allowed_platforms is empty
    description is empty
    has_cleanup = false
    required_configs is empty
    required_disk_space = 0
    required_files is empty
    required_memory = 0
    required_programs = kyua
    required_user is empty
    timeout = 300

Standard output:
Executing command [ kyua config test_suites.foo.X-var ]
Executing command [ kyua config test_suites.foo.X-var ]
===> local/kyua/integration/cmd_config_test:config_flag__explicit__bad_file
Result: passed
Duration: 0.361s

Metadata:
    allowed_architectures is empty
    allowed_platforms is empty
    description is empty
    has_cleanup = false
    required_configs is empty
    required_disk_space = 0
    required_files is empty
    required_memory = 0
    required_programs = kyua
    required_user is empty
    timeout = 300

Standard output:
Executing command [ kyua --config=custom config ]
===> local/kyua/integration/cmd_config_test:config_flag__explicit__disable
Result: passed
Duration: 0.587s

Metadata:
    allowed_architectures is empty
    allowed_platforms is empty
    description is empty
    has_cleanup = false
    required_configs is empty
    required_disk_space = 0
    required_files is empty
    required_memory = 0
    required_programs = kyua
    required_user is empty
    timeout = 300

Standard output:
Executing command [ kyua config test_suites.foo.X-var ]
Executing command [ kyua --config=none config test_suites.foo.X-var ]
===> local/kyua/integration/cmd_config_test:config_flag__explicit__missing_file
Result: passed
Duration: 0.200s

Metadata:
    allowed_architectures is empty
    allowed_platforms is empty
    description is empty
    has_cleanup = false
    required_configs is empty
    required_disk_space = 0
    required_files is empty
    required_memory = 0
    required_programs = kyua
    required_user is empty
    timeout = 300

Standard output:
Executing command [ kyua --config=foo config ]
===> local/kyua/integration/cmd_config_test:config_flag__explicit__ok
Result: passed
Duration: 0.301s

Metadata:
    allowed_architectures is empty
    allowed_platforms is empty
    description is empty
    has_cleanup = false
    required_configs is empty
    required_disk_space = 0
    required_files is empty
    required_memory = 0
    required_programs = kyua
    required_user is empty
    timeout = 300

Standard output:
Executing command [ kyua config test_suites.foo.X-var ]
Executing command [ kyua -c kyua.conf config test_suites.foo.X-var ]
Executing command [ kyua --config=kyua.conf config test_suites.foo.X-var ]
===> local/kyua/integration/cmd_config_test:defaults
Result: passed
Duration: 0.216s

Metadata:
    allowed_architectures is empty
    allowed_platforms is empty
    description is empty
    has_cleanup = false
    required_configs is empty
    required_disk_space = 0
    required_files is empty
    required_memory = 0
    required_programs = kyua
    required_user is empty
    timeout = 300

Standard output:
Executing command [ kyua config ]
===> local/kyua/integration/cmd_config_test:many__fail
Result: passed
Duration: 0.272s

Metadata:
    allowed_architectures is empty
    allowed_platforms is empty
    description is empty
    has_cleanup = false
    required_configs is empty
    required_disk_space = 0
    required_files is empty
    required_memory = 0
    required_programs = kyua
    required_user is empty
    timeout = 300

Standard output:
Executing command [ kyua config test_suites.first.X-one test_suites.first.X-two test_suites.first.X-three test_suites.first.X-fourth ]
===> local/kyua/integration/cmd_config_test:many__ok
Result: passed
Duration: 0.267s

Metadata:
    allowed_architectures is empty
    allowed_platforms is empty
    description is empty
    has_cleanup = false
    required_configs is empty
    required_disk_space = 0
    required_files is empty
    required_memory = 0
    required_programs = kyua
    required_user is empty
    timeout = 300

Standard output:
Executing command [ kyua config test_suites.first.X-two test_suites.first.X-one ]
===> local/kyua/integration/cmd_config_test:one__fail
Result: passed
Duration: 0.171s

Metadata:
    allowed_architectures is empty
    allowed_platforms is empty
    description is empty
    has_cleanup = false
    required_configs is empty
    required_disk_space = 0
    required_files is empty
    required_memory = 0
    required_programs = kyua
    required_user is empty
    timeout = 300

Standard output:
Executing command [ kyua config test_suites.first.X-two ]
===> local/kyua/integration/cmd_config_test:one__ok
Result: passed
Duration: 0.217s

Metadata:
    allowed_architectures is empty
    allowed_platforms is empty
    description is empty
    has_cleanup = false
    required_configs is empty
    required_disk_space = 0
    required_files is empty
    required_memory = 0
    required_programs = kyua
    required_user is empty
    timeout = 300

Standard output:
Executing command [ kyua config test_suites.first.X-two ]
===> local/kyua/integration/cmd_config_test:variable_flag__invalid
Result: passed
Duration: 0.273s

Metadata:
    allowed_architectures is empty
    allowed_platforms is empty
    description is empty
    has_cleanup = false
    required_configs is empty
    required_disk_space = 0
    required_files is empty
    required_memory = 0
    required_programs = kyua
    required_user is empty
    timeout = 300

Standard output:
Executing command [ kyua -v test_suites.a.b=c -v  config ]
Executing command [ kyua -v test_suites.a.b=c -v foo=bar config ]
===> local/kyua/integration/cmd_config_test:variable_flag__no_config
Result: passed
Duration: 0.330s

Metadata:
    allowed_architectures is empty
    allowed_platforms is empty
    description is empty
    has_cleanup = false
    required_configs is empty
    required_disk_space = 0
    required_files is empty
    required_memory = 0
    required_programs = kyua
    required_user is empty
    timeout = 300

Standard output:
Executing command [ kyua -v test_suites.suite1.X-the-variable=value1 -v test_suites.suite2.X-the-variable=value2 config ]
Executing command [ kyua --variable=test_suites.suite1.X-the-variable=value1 --variable=test_suites.suite2.X-the-variable=value2 config ]
===> local/kyua/integration/cmd_config_test:variable_flag__override_custom_config
Result: passed
Duration: 0.860s

Metadata:
    allowed_architectures is empty
    allowed_platforms is empty
    description is empty
    has_cleanup = false
    required_configs is empty
    required_disk_space = 0
    required_files is empty
    required_memory = 0
    required_programs = kyua
    required_user is empty
    timeout = 300

Standard output:
Executing command [ kyua -c config -v test_suites.suite2.X-the-variable=overriden config ]
Executing command [ kyua -c config --variable=test_suites.suite2.X-the-variable=overriden config ]
===> local/kyua/integration/cmd_config_test:variable_flag__override_default_config
Result: passed
Duration: 0.337s

Metadata:
    allowed_architectures is empty
    allowed_platforms is empty
    description is empty
    has_cleanup = false
    required_configs is empty
    required_disk_space = 0
    required_files is empty
    required_memory = 0
    required_programs = kyua
    required_user is empty
    timeout = 300

Standard output:
Executing command [ kyua -v test_suites.suite2.X-the-variable=overriden -v test_suites.suite3.X-the-variable=new config ]
Executing command [ kyua --variable=test_suites.suite2.X-the-variable=overriden --variable=test_suites.suite3.X-the-variable=new config ]
===> local/kyua/integration/cmd_db_exec_test:invalid_statement
Result: passed
Duration: 0.333s

Metadata:
    allowed_architectures is empty
    allowed_platforms is empty
    description is empty
    has_cleanup = false
    required_configs is empty
    required_disk_space = 0
    required_files is empty
    required_memory = 0
    required_programs = kyua
    required_user is empty
    timeout = 300

Standard output:
Executing command [ kyua test ]
Executing command [ kyua db-exec foo ]
===> local/kyua/integration/cmd_db_exec_test:many_args
Result: passed
Duration: 1.001s

Metadata:
    allowed_architectures is empty
    allowed_platforms is empty
    description is empty
    has_cleanup = false
    required_configs is empty
    required_disk_space = 0
    required_files is empty
    required_memory = 0
    required_programs = kyua
    required_user is empty
    timeout = 300

Standard output:
Executing command [ kyua test ]
Executing command [ kyua db-exec SELECT * FROM metadata ]
Executing command [ grep schema_version,.*timestamp metadata.csv ]
===> local/kyua/integration/cmd_db_exec_test:no_args
Result: passed
Duration: 0.204s

Metadata:
    allowed_architectures is empty
    allowed_platforms is empty
    description is empty
    has_cleanup = false
    required_configs is empty
    required_disk_space = 0
    required_files is empty
    required_memory = 0
    required_programs = kyua
    required_user is empty
    timeout = 300

Standard output:
Executing command [ kyua db-exec ]
===> local/kyua/integration/cmd_db_exec_test:no_create_store
Result: passed
Duration: 0.289s

Metadata:
    allowed_architectures is empty
    allowed_platforms is empty
    description is empty
    has_cleanup = false
    required_configs is empty
    required_disk_space = 0
    required_files is empty
    required_memory = 0
    required_programs = kyua
    required_user is empty
    timeout = 300

Standard output:
Executing command [ kyua db-exec --results-file=not-here SELECT * FROM metadata ]
===> local/kyua/integration/cmd_db_exec_test:no_headers_flag
Result: passed
Duration: 0.517s

Metadata:
    allowed_architectures is empty
    allowed_platforms is empty
    description is empty
    has_cleanup = false
    required_configs is empty
    required_disk_space = 0
    required_files is empty
    required_memory = 0
    required_programs = kyua
    required_user is empty
    timeout = 300

Standard output:
Executing command [ kyua test ]
Executing command [ kyua db-exec CREATE TABLE data (a INTEGER PRIMARY KEY, b INTEGER, c TEXT) ]
Executing command [ kyua db-exec INSERT INTO data VALUES (65, 43, NULL) ]
Executing command [ kyua db-exec INSERT INTO data VALUES (23, 42, 'foo') ]
Executing command [ kyua db-exec SELECT * FROM data ORDER BY a ]
Executing command [ kyua db-exec --no-headers SELECT * FROM data ORDER BY a ]
===> local/kyua/integration/cmd_db_exec_test:one_arg
Result: passed
Duration: 0.585s

Metadata:
    allowed_architectures is empty
    allowed_platforms is empty
    description is empty
    has_cleanup = false
    required_configs is empty
    required_disk_space = 0
    required_files is empty
    required_memory = 0
    required_programs = kyua
    required_user is empty
    timeout = 300

Standard output:
Executing command [ kyua test ]
Executing command [ kyua db-exec SELECT * FROM metadata ]
Executing command [ grep schema_version,.*timestamp metadata.csv ]
===> local/kyua/integration/cmd_db_exec_test:results_file__default_home
Result: passed
Duration: 0.331s

Metadata:
    allowed_architectures is empty
    allowed_platforms is empty
    description is empty
    has_cleanup = false
    required_configs is empty
    required_disk_space = 0
    required_files is empty
    required_memory = 0
    required_programs = kyua
    required_user is empty
    timeout = 300

Standard output:
Executing command [ kyua test ]
Executing command [ kyua db-exec SELECT * FROM metadata ]
Executing command [ grep schema_version,.*timestamp metadata.csv ]
===> local/kyua/integration/cmd_db_exec_test:results_file__explicit__fail
Result: passed
Duration: 0.166s

Metadata:
    allowed_architectures is empty
    allowed_platforms is empty
    description is empty
    has_cleanup = false
    required_configs is empty
    required_disk_space = 0
    required_files is empty
    required_memory = 0
    required_programs is empty
    required_user = unprivileged
    timeout = 300

Standard output:
Executing command [ kyua db-exec --results-file=foo.db SELECT * FROM metadata ]
===> local/kyua/integration/cmd_db_exec_test:results_file__explicit__ok
Result: passed
Duration: 1.347s

Metadata:
    allowed_architectures is empty
    allowed_platforms is empty
    description is empty
    has_cleanup = false
    required_configs is empty
    required_disk_space = 0
    required_files is empty
    required_memory = 0
    required_programs = kyua
    required_user is empty
    timeout = 300

Standard output:
Executing command [ kyua test ]
Executing command [ kyua --logfile=/dev/null db-exec -r custom.db SELECT * FROM metadata ]
Executing command [ grep schema_version,.*timestamp metadata.csv ]
===> local/kyua/integration/cmd_db_migrate_test:already_up_to_date
Result: passed
Duration: 1.282s

Metadata:
    allowed_architectures is empty
    allowed_platforms is empty
    description is empty
    has_cleanup = false
    required_configs is empty
    required_disk_space = 0
    required_files = /usr/local/share/kyua/store/schema_v3.sql
    required_memory = 0
    required_programs = sqlite3
    required_user is empty
    timeout = 300

Standard output:
Executing command [ kyua db-migrate ]
===> local/kyua/integration/cmd_db_migrate_test:need_upgrade
Result: passed
Duration: 0.242s

Metadata:
    allowed_architectures is empty
    allowed_platforms is empty
    description is empty
    has_cleanup = false
    required_configs is empty
    required_disk_space = 0
    required_files = /usr/local/tests/kyua/store/schema_v1.sql
    required_memory = 0
    required_programs = sqlite3
    required_user is empty
    timeout = 300

Standard output:
Executing command [ kyua report ]
===> local/kyua/integration/cmd_db_migrate_test:results_file__fail
Result: passed
Duration: 0.157s

Metadata:
    allowed_architectures is empty
    allowed_platforms is empty
    description is empty
    has_cleanup = false
    required_configs is empty
    required_disk_space = 0
    required_files is empty
    required_memory = 0
    required_programs = kyua
    required_user is empty
    timeout = 300

Standard output:
Executing command [ kyua db-migrate --results-file ./test.db ]
===> local/kyua/integration/cmd_db_migrate_test:results_file__ok
Result: passed
Duration: 0.117s

Metadata:
    allowed_architectures is empty
    allowed_platforms is empty
    description is empty
    has_cleanup = false
    required_configs is empty
    required_disk_space = 0
    required_files is empty
    required_memory = 0
    required_programs = kyua
    required_user is empty
    timeout = 300

Standard output:
Executing command [ kyua db-migrate --results-file ./test.db ]
===> local/kyua/integration/cmd_db_migrate_test:too_many_arguments
Result: passed
Duration: 0.142s

Metadata:
    allowed_architectures is empty
    allowed_platforms is empty
    description is empty
    has_cleanup = false
    required_configs is empty
    required_disk_space = 0
    required_files is empty
    required_memory = 0
    required_programs = kyua
    required_user is empty
    timeout = 300

Standard output:
Executing command [ kyua db-migrate abc def ]
===> local/kyua/integration/cmd_db_migrate_test:upgrade__from_v1
Result: passed
Duration: 4.989s

Metadata:
    allowed_architectures is empty
    allowed_platforms is empty
    description is empty
    has_cleanup = false
    required_configs is empty
    required_disk_space = 0
    required_files = /usr/local/share/kyua/store/migrate_v1_v2.sql /usr/local/share/kyua/store/migrate_v2_v3.sql /usr/local/tests/kyua/store/schema_v1.sql /usr/local/tests/kyua/store/testdata_v1.sql
    required_memory = 0
    required_programs = sqlite3
    required_user is empty
    timeout = 300

Standard output:
Executing command [ kyua db-migrate ]
===> local/kyua/integration/cmd_db_migrate_test:upgrade__from_v2
Result: passed
Duration: 3.040s

Metadata:
    allowed_architectures is empty
    allowed_platforms is empty
    description is empty
    has_cleanup = false
    required_configs is empty
    required_disk_space = 0
    required_files = /usr/local/share/kyua/store/migrate_v2_v3.sql /usr/local/tests/kyua/store/schema_v2.sql /usr/local/tests/kyua/store/testdata_v2.sql
    required_memory = 0
    required_programs = sqlite3
    required_user is empty
    timeout = 300

Standard output:
Executing command [ kyua db-migrate ]
===> local/kyua/integration/cmd_debug_test:args_are_relative
Result: passed
Duration: 0.504s

Metadata:
    allowed_architectures is empty
    allowed_platforms is empty
    description is empty
    has_cleanup = false
    required_configs is empty
    required_disk_space = 0
    required_files is empty
    required_memory = 0
    required_programs = kyua
    required_user is empty
    timeout = 300

Standard output:
Executing command [ kyua debug -k /tmp/kyua.atf-tester.RziwZ7/root/Kyuafile subdir/prog:fail ]
===> local/kyua/integration/cmd_debug_test:body_and_cleanup
Result: passed
Duration: 0.677s

Metadata:
    allowed_architectures is empty
    allowed_platforms is empty
    description is empty
    has_cleanup = false
    required_configs is empty
    required_disk_space = 0
    required_files is empty
    required_memory = 0
    required_programs = kyua
    required_user is empty
    timeout = 300

Standard output:
Executing command [ kyua debug --stdout=saved.out --stderr=saved.err single:with_cleanup ]
Executing command [ cat saved.out ]
Executing command [ cat saved.err ]
===> local/kyua/integration/cmd_debug_test:bogus_kyuafile
Result: passed
Duration: 0.177s

Metadata:
    allowed_architectures is empty
    allowed_platforms is empty
    description is empty
    has_cleanup = false
    required_configs is empty
    required_disk_space = 0
    required_files is empty
    required_memory = 0
    required_programs = kyua
    required_user is empty
    timeout = 300

Standard output:
Executing command [ kyua list ]
===> local/kyua/integration/cmd_debug_test:bogus_test_program
Result: passed
Duration: 1.289s

Metadata:
    allowed_architectures is empty
    allowed_platforms is empty
    description is empty
    has_cleanup = false
    required_configs is empty
    required_disk_space = 0
    required_files is empty
    required_memory = 0
    required_programs = kyua
    required_user is empty
    timeout = 300

Standard output:
Executing command [ kyua debug crash_on_list:a ]
Executing command [ kyua debug non_executable:a ]
Executing command [ kyua debug crash_on_list:__test_cases_list__ ]
Executing command [ kyua debug non_executable:__test_cases_list__ ]
===> local/kyua/integration/cmd_debug_test:build_root_flag
Result: passed
Duration: 0.255s

Metadata:
    allowed_architectures is empty
    allowed_platforms is empty
    description is empty
    has_cleanup = false
    required_configs is empty
    required_disk_space = 0
    required_files is empty
    required_memory = 0
    required_programs = kyua
    required_user is empty
    timeout = 300

Standard output:
Executing command [ kyua debug --build-root=build second:pass ]
===> local/kyua/integration/cmd_debug_test:config_behavior
Result: passed
Duration: 0.394s

Metadata:
    allowed_architectures is empty
    allowed_platforms is empty
    description is empty
    has_cleanup = false
    required_configs is empty
    required_disk_space = 0
    required_files is empty
    required_memory = 0
    required_programs = kyua
    required_user is empty
    timeout = 300

Standard output:
Executing command [ kyua -c my-config -v test_suites.suite2.X-the-variable=value2 debug config1:get_variable ]
Executing command [ kyua -c my-config -v test_suites.suite2.X-the-variable=value2 debug config2:get_variable ]
Executing command [ kyua -c my-config -v test_suites.suite2.X-the-variable=value2 debug config3:get_variable ]
===> local/kyua/integration/cmd_debug_test:kyuafile_flag__ok
Result: passed
Duration: 1.129s

Metadata:
    allowed_architectures is empty
    allowed_platforms is empty
    description is empty
    has_cleanup = false
    required_configs is empty
    required_disk_space = 0
    required_files is empty
    required_memory = 0
    required_programs = kyua
    required_user is empty
    timeout = 300

Standard output:
Executing command [ kyua test -k myfile sometest ]
Executing command [ kyua test --kyuafile=myfile sometest ]
===> local/kyua/integration/cmd_debug_test:many_args
Result: passed
Duration: 0.142s

Metadata:
    allowed_architectures is empty
    allowed_platforms is empty
    description is empty
    has_cleanup = false
    required_configs is empty
    required_disk_space = 0
    required_files is empty
    required_memory = 0
    required_programs = kyua
    required_user is empty
    timeout = 300

Standard output:
Executing command [ kyua debug first:pass second:pass ]
===> local/kyua/integration/cmd_debug_test:missing_kyuafile
Result: passed
Duration: 0.114s

Metadata:
    allowed_architectures is empty
    allowed_platforms is empty
    description is empty
    has_cleanup = false
    required_configs is empty
    required_disk_space = 0
    required_files is empty
    required_memory = 0
    required_programs = kyua
    required_user is empty
    timeout = 300

Standard output:
Executing command [ kyua debug foo:bar ]
===> local/kyua/integration/cmd_debug_test:no_args
Result: passed
Duration: 0.219s

Metadata:
    allowed_architectures is empty
    allowed_platforms is empty
    description is empty
    has_cleanup = false
    required_configs is empty
    required_disk_space = 0
    required_files is empty
    required_memory = 0
    required_programs = kyua
    required_user is empty
    timeout = 300

Standard output:
Executing command [ kyua debug ]
===> local/kyua/integration/cmd_debug_test:one_arg__bad_filter
Result: passed
Duration: 0.154s

Metadata:
    allowed_architectures is empty
    allowed_platforms is empty
    description is empty
    has_cleanup = false
    required_configs is empty
    required_disk_space = 0
    required_files is empty
    required_memory = 0
    required_programs = kyua
    required_user is empty
    timeout = 300

Standard output:
Executing command [ kyua debug foo: ]
===> local/kyua/integration/cmd_debug_test:one_arg__no_match
Result: passed
Duration: 0.334s

Metadata:
    allowed_architectures is empty
    allowed_platforms is empty
    description is empty
    has_cleanup = false
    required_configs is empty
    required_disk_space = 0
    required_files is empty
    required_memory = 0
    required_programs = kyua
    required_user is empty
    timeout = 300

Standard output:
Executing command [ kyua debug second:die ]
===> local/kyua/integration/cmd_debug_test:one_arg__no_test_case
Result: passed
Duration: 0.142s

Metadata:
    allowed_architectures is empty
    allowed_platforms is empty
    description is empty
    has_cleanup = false
    required_configs is empty
    required_disk_space = 0
    required_files is empty
    required_memory = 0
    required_programs = kyua
    required_user is empty
    timeout = 300

Standard output:
Executing command [ kyua debug foo ]
===> local/kyua/integration/cmd_debug_test:one_arg__ok_fail
Result: passed
Duration: 0.378s

Metadata:
    allowed_architectures is empty
    allowed_platforms is empty
    description is empty
    has_cleanup = false
    required_configs is empty
    required_disk_space = 0
    required_files is empty
    required_memory = 0
    required_programs = kyua
    required_user is empty
    timeout = 300

Standard output:
Executing command [ kyua debug first:fail ]
===> local/kyua/integration/cmd_debug_test:one_arg__ok_pass
Result: passed
Duration: 0.277s

Metadata:
    allowed_architectures is empty
    allowed_platforms is empty
    description is empty
    has_cleanup = false
    required_configs is empty
    required_disk_space = 0
    required_files is empty
    required_memory = 0
    required_programs = kyua
    required_user is empty
    timeout = 300

Standard output:
Executing command [ kyua debug second:pass ]
===> local/kyua/integration/cmd_debug_test:only_load_used_test_programs
Result: passed
Duration: 0.236s

Metadata:
    allowed_architectures is empty
    allowed_platforms is empty
    description is empty
    has_cleanup = false
    required_configs is empty
    required_disk_space = 0
    required_files is empty
    required_memory = 0
    required_programs = kyua
    required_user is empty
    timeout = 300

Standard output:
Executing command [ kyua debug first:pass ]
===> local/kyua/integration/cmd_debug_test:stdout_stderr_flags
Result: passed
Duration: 0.378s

Metadata:
    allowed_architectures is empty
    allowed_platforms is empty
    description is empty
    has_cleanup = false
    required_configs is empty
    required_disk_space = 0
    required_files is empty
    required_memory = 0
    required_programs = kyua
    required_user is empty
    timeout = 300

Standard output:
Executing command [ kyua debug --stdout=saved.out --stderr=saved.err second:pass ]
===> local/kyua/integration/cmd_help_test:global
Result: passed
Duration: 0.133s

Metadata:
    allowed_architectures is empty
    allowed_platforms is empty
    description is empty
    has_cleanup = false
    required_configs is empty
    required_disk_space = 0
    required_files is empty
    required_memory = 0
    required_programs = kyua
    required_user is empty
    timeout = 300

Standard output:
Executing command [ kyua help ]
kyua (Kyua) 0.11
Usage: kyua [general_options] command [command_options] [args]
  --loglevel=level        Level of the messages to log (default: info).
  about                   Shows detailed authors, license, and version information.
===> local/kyua/integration/cmd_help_test:ignore_bad_config
Result: passed
Duration: 0.310s

Metadata:
    allowed_architectures is empty
    allowed_platforms is empty
    description is empty
    has_cleanup = false
    required_configs is empty
    required_disk_space = 0
    required_files is empty
    required_memory = 0
    required_programs = kyua
    required_user is empty
    timeout = 300

Standard output:
Executing command [ kyua -c bad-config help ]
Usage: kyua [general_options] command [command_options] [args]
  --loglevel=level        Level of the messages to log (default: info).
===> local/kyua/integration/cmd_help_test:one_command
Result: passed
Duration: 0.211s

Metadata:
    allowed_architectures is empty
    allowed_platforms is empty
    description is empty
    has_cleanup = false
    required_configs is empty
    required_disk_space = 0
    required_files is empty
    required_memory = 0
    required_programs = kyua
    required_user is empty
    timeout = 300

Standard output:
Executing command [ kyua help test ]
kyua (Kyua) 0.11
Usage: kyua [general_options] test [command_options] [test-program ...]
Run tests.
  --loglevel=level              Level of the messages to log (default: info).
  -k file, --kyuafile=file      Path to the test suite definition (default: Kyuafile).
===> local/kyua/integration/cmd_help_test:too_many_arguments
Result: passed
Duration: 0.234s

Metadata:
    allowed_architectures is empty
    allowed_platforms is empty
    description is empty
    has_cleanup = false
    required_configs is empty
    required_disk_space = 0
    required_files is empty
    required_memory = 0
    required_programs = kyua
    required_user is empty
    timeout = 300

Standard output:
Executing command [ kyua help about cde ]
===> local/kyua/integration/cmd_help_test:unknown_command
Result: passed
Duration: 0.210s

Metadata:
    allowed_architectures is empty
    allowed_platforms is empty
    description is empty
    has_cleanup = false
    required_configs is empty
    required_disk_space = 0
    required_files is empty
    required_memory = 0
    required_programs = kyua
    required_user is empty
    timeout = 300

Standard output:
Executing command [ kyua help abc ]
===> local/kyua/integration/cmd_list_test:args_are_relative
Result: passed
Duration: 0.860s

Metadata:
    allowed_architectures is empty
    allowed_platforms is empty
    description is empty
    has_cleanup = false
    required_configs is empty
    required_disk_space = 0
    required_files is empty
    required_memory = 0
    required_programs = kyua
    required_user is empty
    timeout = 300

Standard output:
Executing command [ kyua list -v -k /tmp/kyua.atf-tester.5r5n0c/root/Kyuafile first subdir/fourth:fail ]
===> local/kyua/integration/cmd_list_test:bogus_kyuafile
Result: passed
Duration: 0.223s

Metadata:
    allowed_architectures is empty
    allowed_platforms is empty
    description is empty
    has_cleanup = false
    required_configs is empty
    required_disk_space = 0
    required_files is empty
    required_memory = 0
    required_programs = kyua
    required_user is empty
    timeout = 300

Standard output:
Executing command [ kyua list ]
===> local/kyua/integration/cmd_list_test:bogus_test_program
Result: passed
Duration: 0.330s

Metadata:
    allowed_architectures is empty
    allowed_platforms is empty
    description is empty
    has_cleanup = false
    required_configs is empty
    required_disk_space = 0
    required_files is empty
    required_memory = 0
    required_programs = kyua
    required_user is empty
    timeout = 300

Standard output:
Executing command [ kyua list ]
===> local/kyua/integration/cmd_list_test:build_root_flag
Result: passed
Duration: 0.624s

Metadata:
    allowed_architectures is empty
    allowed_platforms is empty
    description is empty
    has_cleanup = false
    required_configs is empty
    required_disk_space = 0
    required_files is empty
    required_memory = 0
    required_programs = kyua
    required_user is empty
    timeout = 300

Standard output:
Executing command [ kyua list --build-root=build subdir first:pass ]
===> local/kyua/integration/cmd_list_test:config_behavior
Result: passed
Duration: 0.432s

Metadata:
    allowed_architectures is empty
    allowed_platforms is empty
    description is empty
    has_cleanup = false
    required_configs is empty
    required_disk_space = 0
    required_files is empty
    required_memory = 0
    required_programs = kyua
    required_user is empty
    timeout = 300

Standard output:
Executing command [ kyua -c my-config list ]
===> local/kyua/integration/cmd_list_test:kyuafile_flag__no_args
Result: passed
Duration: 0.514s

Metadata:
    allowed_architectures is empty
    allowed_platforms is empty
    description is empty
    has_cleanup = false
    required_configs is empty
    required_disk_space = 0
    required_files is empty
    required_memory = 0
    required_programs = kyua
    required_user is empty
    timeout = 300

Standard output:
Executing command [ kyua list -k myfile ]
Executing command [ kyua list --kyuafile=myfile ]
===> local/kyua/integration/cmd_list_test:kyuafile_flag__some_args
Result: passed
Duration: 0.694s

Metadata:
    allowed_architectures is empty
    allowed_platforms is empty
    description is empty
    has_cleanup = false
    required_configs is empty
    required_disk_space = 0
    required_files is empty
    required_memory = 0
    required_programs = kyua
    required_user is empty
    timeout = 300

Standard output:
Executing command [ kyua list -v -k myfile sometest ]
Executing command [ kyua list -v --kyuafile=myfile sometest ]
===> local/kyua/integration/cmd_list_test:many_args__invalid
Result: passed
Duration: 0.398s

Metadata:
    allowed_architectures is empty
    allowed_platforms is empty
    description is empty
    has_cleanup = false
    required_configs is empty
    required_disk_space = 0
    required_files is empty
    required_memory = 0
    required_programs = kyua
    required_user is empty
    timeout = 300

Standard output:
Executing command [ kyua list this-is-ok :badbad ]
Executing command [ kyua list this-is-ok /foo ]
===> local/kyua/integration/cmd_list_test:many_args__no_match__all
Result: passed
Duration: 0.268s

Metadata:
    allowed_architectures is empty
    allowed_platforms is empty
    description is empty
    has_cleanup = false
    required_configs is empty
    required_disk_space = 0
    required_files is empty
    required_memory = 0
    required_programs = kyua
    required_user is empty
    timeout = 300

Standard output:
Executing command [ kyua list first1 ]
===> local/kyua/integration/cmd_list_test:many_args__no_match__some
Result: passed
Duration: 1.165s

Metadata:
    allowed_architectures is empty
    allowed_platforms is empty
    description is empty
    has_cleanup = false
    required_configs is empty
    required_disk_space = 0
    required_files is empty
    required_memory = 0
    required_programs = kyua
    required_user is empty
    timeout = 300

Standard output:
Executing command [ kyua list first fourth third fifth ]
===> local/kyua/integration/cmd_list_test:many_args__ok
Result: passed
Duration: 0.524s

Metadata:
    allowed_architectures is empty
    allowed_platforms is empty
    description is empty
    has_cleanup = false
    required_configs is empty
    required_disk_space = 0
    required_files is empty
    required_memory = 0
    required_programs = kyua
    required_user is empty
    timeout = 300

Standard output:
Executing command [ kyua list -v subdir first:pass ]
===> local/kyua/integration/cmd_list_test:missing_kyuafile__no_args
Result: passed
Duration: 0.265s

Metadata:
    allowed_architectures is empty
    allowed_platforms is empty
    description is empty
    has_cleanup = false
    required_configs is empty
    required_disk_space = 0
    required_files is empty
    required_memory = 0
    required_programs = kyua
    required_user is empty
    timeout = 300

Standard output:
Executing command [ kyua list ]
===> local/kyua/integration/cmd_list_test:missing_kyuafile__subdir
Result: passed
Duration: 0.555s

Metadata:
    allowed_architectures is empty
    allowed_platforms is empty
    description is empty
    has_cleanup = false
    required_configs is empty
    required_disk_space = 0
    required_files is empty
    required_memory = 0
    required_programs = kyua
    required_user is empty
    timeout = 300

Standard output:
Executing command [ kyua list subdir ]
===> local/kyua/integration/cmd_list_test:missing_kyuafile__test_program
Result: passed
Duration: 0.325s

Metadata:
    allowed_architectures is empty
    allowed_platforms is empty
    description is empty
    has_cleanup = false
    required_configs is empty
    required_disk_space = 0
    required_files is empty
    required_memory = 0
    required_programs = kyua
    required_user is empty
    timeout = 300

Standard output:
Executing command [ kyua list subdir/unused ]
===> local/kyua/integration/cmd_list_test:missing_test_program
Result: passed
Duration: 0.785s

Metadata:
    allowed_architectures is empty
    allowed_platforms is empty
    description is empty
    has_cleanup = false
    required_configs is empty
    required_disk_space = 0
    required_files is empty
    required_memory = 0
    required_programs = kyua
    required_user is empty
    timeout = 300

Standard output:
Executing command [ kyua list ]
===> local/kyua/integration/cmd_list_test:no_args
Result: passed
Duration: 1.568s

Metadata:
    allowed_architectures is empty
    allowed_platforms is empty
    description is empty
    has_cleanup = false
    required_configs is empty
    required_disk_space = 0
    required_files is empty
    required_memory = 0
    required_programs = kyua
    required_user is empty
    timeout = 300

Standard output:
Executing command [ kyua list ]
===> local/kyua/integration/cmd_list_test:no_test_case_match
Result: passed
Duration: 0.298s

Metadata:
    allowed_architectures is empty
    allowed_platforms is empty
    description is empty
    has_cleanup = false
    required_configs is empty
    required_disk_space = 0
    required_files is empty
    required_memory = 0
    required_programs = kyua
    required_user is empty
    timeout = 300

Standard output:
Executing command [ kyua list first:foobar ]
===> local/kyua/integration/cmd_list_test:no_test_program_match
Result: passed
Duration: 0.655s

Metadata:
    allowed_architectures is empty
    allowed_platforms is empty
    description is empty
    has_cleanup = false
    required_configs is empty
    required_disk_space = 0
    required_files is empty
    required_memory = 0
    required_programs = kyua
    required_user is empty
    timeout = 300

Standard output:
Executing command [ kyua list second ]
===> local/kyua/integration/cmd_list_test:one_arg__invalid
Result: passed
Duration: 0.133s

Metadata:
    allowed_architectures is empty
    allowed_platforms is empty
    description is empty
    has_cleanup = false
    required_configs is empty
    required_disk_space = 0
    required_files is empty
    required_memory = 0
    required_programs = kyua
    required_user is empty
    timeout = 300

Standard output:
Executing command [ kyua list foo: ]
Executing command [ kyua list /a/b ]
===> local/kyua/integration/cmd_list_test:one_arg__subdir
Result: passed
Duration: 0.245s

Metadata:
    allowed_architectures is empty
    allowed_platforms is empty
    description is empty
    has_cleanup = false
    required_configs is empty
    required_disk_space = 0
    required_files is empty
    required_memory = 0
    required_programs = kyua
    required_user is empty
    timeout = 300

Standard output:
Executing command [ kyua list subdir ]
===> local/kyua/integration/cmd_list_test:one_arg__test_case
Result: passed
Duration: 0.233s

Metadata:
    allowed_architectures is empty
    allowed_platforms is empty
    description is empty
    has_cleanup = false
    required_configs is empty
    required_disk_space = 0
    required_files is empty
    required_memory = 0
    required_programs = kyua
    required_user is empty
    timeout = 300

Standard output:
Executing command [ kyua list first:skip ]
===> local/kyua/integration/cmd_list_test:one_arg__test_program
Result: passed
Duration: 0.165s

Metadata:
    allowed_architectures is empty
    allowed_platforms is empty
    description is empty
    has_cleanup = false
    required_configs is empty
    required_disk_space = 0
    required_files is empty
    required_memory = 0
    required_programs = kyua
    required_user is empty
    timeout = 300

Standard output:
Executing command [ kyua list second ]
===> local/kyua/integration/cmd_list_test:only_load_used_test_programs
Result: passed
Duration: 0.174s

Metadata:
    allowed_architectures is empty
    allowed_platforms is empty
    description is empty
    has_cleanup = false
    required_configs is empty
    required_disk_space = 0
    required_files is empty
    required_memory = 0
    required_programs = kyua
    required_user is empty
    timeout = 300

Standard output:
Executing command [ kyua list first ]
===> local/kyua/integration/cmd_list_test:verbose_flag
Result: passed
Duration: 0.361s

Metadata:
    allowed_architectures is empty
    allowed_platforms is empty
    description is empty
    has_cleanup = false
    required_configs is empty
    required_disk_space = 0
    required_files is empty
    required_memory = 0
    required_programs = kyua
    required_user is empty
    timeout = 300

Standard output:
Executing command [ kyua list -v ]
Executing command [ kyua list --verbose ]
===> local/kyua/integration/cmd_report_html_test:default_behavior__no_store
Result: passed
Duration: 0.227s

Metadata:
    allowed_architectures is empty
    allowed_platforms is empty
    description is empty
    has_cleanup = false
    required_configs is empty
    required_disk_space = 0
    required_files is empty
    required_memory = 0
    required_programs = kyua
    required_user is empty
    timeout = 300

Standard output:
Executing command [ kyua report-html ]
===> local/kyua/integration/cmd_report_html_test:default_behavior__ok
Result: passed
Duration: 5.845s

Metadata:
    allowed_architectures is empty
    allowed_platforms is empty
    description is empty
    has_cleanup = false
    required_configs is empty
    required_disk_space = 0
    required_files is empty
    required_memory = 0
    required_programs = kyua
    required_user is empty
    timeout = 300

Standard output:
Executing command [ env MOCK=mock1 kyua test ]
Executing command [ kyua report-html ]
Executing command [ cat html/index.html ]
Checking for presence of 'This is the stdout of skip' in html/simple_all_pass_skip.html
Checking for presence of 'This is the stderr of skip' in html/simple_all_pass_skip.html
Checking for lack of 'This is the stdout of pass' in html/simple_all_pass_skip.html
Checking for lack of 'This is the stderr of pass' in html/simple_all_pass_skip.html
Checking for lack of 'This is the stdout of fail' in html/simple_all_pass_skip.html
Checking for lack of 'This is the stderr of fail' in html/simple_all_pass_skip.html
Checking for lack of 'Test case did not write anything to' in html/simple_all_pass_skip.html
Checking for presence of 'This is the stdout of fail' in html/simple_some_fail_fail.html
Checking for presence of 'This is the stderr of fail' in html/simple_some_fail_fail.html
Checking for lack of 'This is the stdout of pass' in html/simple_some_fail_fail.html
Checking for lack of 'This is the stderr of pass' in html/simple_some_fail_fail.html
Checking for lack of 'This is the stdout of skip' in html/simple_some_fail_fail.html
Checking for lack of 'This is the stderr of skip' in html/simple_some_fail_fail.html
Checking for lack of 'Test case did not write anything to' in html/simple_some_fail_fail.html
Checking for presence of 'description = Does nothing but has one metadata property' in html/metadata_one_property.html
Checking for lack of 'allowed_architectures = some-architecture' in html/metadata_one_property.html
Checking for presence of 'allowed_architectures = some-architecture' in html/metadata_many_properties.html
Checking for lack of 'description = Does nothing but has one metadata property' in html/metadata_many_properties.html
===> local/kyua/integration/cmd_report_html_test:force__no
Result: passed
Duration: 7.581s

Metadata:
    allowed_architectures is empty
    allowed_platforms is empty
    description is empty
    has_cleanup = false
    required_configs is empty
    required_disk_space = 0
    required_files is empty
    required_memory = 0
    required_programs = kyua
    required_user is empty
    timeout = 300

Standard output:
Executing command [ env MOCK=mock1 kyua test ]
Executing command [ kyua report-html ]
Executing command [ kyua report-html ]
===> local/kyua/integration/cmd_report_html_test:force__yes
Result: passed
Duration: 1.690s

Metadata:
    allowed_architectures is empty
    allowed_platforms is empty
    description is empty
    has_cleanup = false
    required_configs is empty
    required_disk_space = 0
    required_files is empty
    required_memory = 0
    required_programs = kyua
    required_user is empty
    timeout = 300

Standard output:
Executing command [ env MOCK=mock1 kyua test ]
Executing command [ kyua report-html ]
Executing command [ kyua report-html --force ]
===> local/kyua/integration/cmd_report_html_test:output__explicit
Result: passed
Duration: 4.018s

Metadata:
    allowed_architectures is empty
    allowed_platforms is empty
    description is empty
    has_cleanup = false
    required_configs is empty
    required_disk_space = 0
    required_files is empty
    required_memory = 0
    required_programs = kyua
    required_user is empty
    timeout = 300

Standard output:
Executing command [ env MOCK=mock1 kyua test ]
Executing command [ kyua report-html --output=output/foo ]
===> local/kyua/integration/cmd_report_html_test:results_file__explicit
Result: passed
Duration: 4.956s

Metadata:
    allowed_architectures is empty
    allowed_platforms is empty
    description is empty
    has_cleanup = false
    required_configs is empty
    required_disk_space = 0
    required_files is empty
    required_memory = 0
    required_programs = kyua
    required_user is empty
    timeout = 300

Standard output:
Executing command [ env MOCK=mock1 kyua test ]
Executing command [ env MOCK=mock2 kyua test ]
Executing command [ kyua report-html --results-file=/tmp/kyua.atf-tester.BEyoyt/.kyua/store/results.tmp_kyua.atf-tester.BEyoyt.20150728-163823-934544.db ]
  <li>MOCK: mock1</li>
Executing command [ kyua report-html --results-file=/tmp/kyua.atf-tester.BEyoyt/.kyua/store/results.tmp_kyua.atf-tester.BEyoyt.20150728-163825-388838.db ]
  <li>MOCK: mock2</li>
===> local/kyua/integration/cmd_report_html_test:results_file__not_found
Result: passed
Duration: 0.252s

Metadata:
    allowed_architectures is empty
    allowed_platforms is empty
    description is empty
    has_cleanup = false
    required_configs is empty
    required_disk_space = 0
    required_files is empty
    required_memory = 0
    required_programs = kyua
    required_user is empty
    timeout = 300

Standard output:
Executing command [ kyua report-html --results-file=foo ]
===> local/kyua/integration/cmd_report_html_test:results_filter__invalid
Result: passed
Duration: 0.106s

Metadata:
    allowed_architectures is empty
    allowed_platforms is empty
    description is empty
    has_cleanup = false
    required_configs is empty
    required_disk_space = 0
    required_files is empty
    required_memory = 0
    required_programs = kyua
    required_user is empty
    timeout = 300

Standard output:
Executing command [ kyua report-html --results-filter=passed,foo-bar ]
===> local/kyua/integration/cmd_report_html_test:results_filter__ok
Result: passed
Duration: 6.252s

Metadata:
    allowed_architectures is empty
    allowed_platforms is empty
    description is empty
    has_cleanup = false
    required_configs is empty
    required_disk_space = 0
    required_files is empty
    required_memory = 0
    required_programs = kyua
    required_user is empty
    timeout = 300

Standard output:
Executing command [ env MOCK=mock1 kyua test ]
Executing command [ kyua report-html --results-filter=passed ]
Executing command [ cat html/index.html ]
Checking for presence of 'This is the stdout of pass' in html/simple_all_pass_pass.html
Checking for presence of 'This is the stderr of pass' in html/simple_all_pass_pass.html
Checking for lack of 'This is the stdout of skip' in html/simple_all_pass_pass.html
Checking for lack of 'This is the stderr of skip' in html/simple_all_pass_pass.html
Checking for lack of 'This is the stdout of fail' in html/simple_all_pass_pass.html
Checking for lack of 'This is the stderr of fail' in html/simple_all_pass_pass.html
Checking for lack of 'Test case did not write anything to' in html/simple_all_pass_pass.html
Checking for presence of 'Test case did not write anything to stdout' in html/simple_some_fail_pass.html
Checking for presence of 'Test case did not write anything to stderr' in html/simple_some_fail_pass.html
Checking for lack of 'This is the stdout of pass' in html/simple_some_fail_pass.html
Checking for lack of 'This is the stderr of pass' in html/simple_some_fail_pass.html
Checking for lack of 'This is the stdout of skip' in html/simple_some_fail_pass.html
Checking for lack of 'This is the stderr of skip' in html/simple_some_fail_pass.html
Checking for lack of 'This is the stdout of fail' in html/simple_some_fail_pass.html
Checking for lack of 'This is the stderr of fail' in html/simple_some_fail_pass.html
===> local/kyua/integration/cmd_report_junit_test:default_behavior__no_store
Result: passed
Duration: 0.250s

Metadata:
    allowed_architectures is empty
    allowed_platforms is empty
    description is empty
    has_cleanup = false
    required_configs is empty
    required_disk_space = 0
    required_files is empty
    required_memory = 0
    required_programs = kyua
    required_user is empty
    timeout = 300

Standard output:
Executing command [ kyua report-junit ]
===> local/kyua/integration/cmd_report_junit_test:default_behavior__ok
Result: passed
Duration: 0.840s

Metadata:
    allowed_architectures is empty
    allowed_platforms is empty
    description is empty
    has_cleanup = false
    required_configs is empty
    required_disk_space = 0
    required_files is empty
    required_memory = 0
    required_programs = kyua
    required_user is empty
    timeout = 300

Standard output:
Executing command [ env MOCK=mock1
this should not be seen
mock1 new line kyua test ]
Executing command [ /bin/sh -c kyua report-junit | awk "
BEGIN { skip = 0; }

/<\/properties>/ {
    print \"</properties>\";
    skip = 0;
    next;
}

/<properties>/ {
    print \"<properties>\";
    print \"CONTENTS STRIPPED BY TEST\";
    skip = 1;
    next;
}

{ if (!skip) print; }" ]
===> local/kyua/integration/cmd_report_junit_test:output__explicit
Result: passed
Duration: 1.402s

Metadata:
    allowed_architectures is empty
    allowed_platforms is empty
    description is empty
    has_cleanup = false
    required_configs is empty
    required_disk_space = 0
    required_files is empty
    required_memory = 0
    required_programs = kyua
    required_user is empty
    timeout = 300

Standard output:
Executing command [ env MOCK=unused_mock kyua test ]
Executing command [ /bin/sh -c kyua report-junit --output=/dev/stdout | awk "
BEGIN { skip = 0; }

/<\/properties>/ {
    print \"</properties>\";
    skip = 0;
    next;
}

/<properties>/ {
    print \"<properties>\";
    print \"CONTENTS STRIPPED BY TEST\";
    skip = 1;
    next;
}

{ if (!skip) print; }" | sed -E \
    -e "s,( |\[|\")[0-9][0-9]*.[0-9][0-9][0-9](s]|s|\"),\1S.UUU\2,g" ]
Executing command [ kyua report-junit --output=/dev/stderr ]
Executing command [ /bin/sh -c cat stderr | awk "
BEGIN { skip = 0; }

/<\/properties>/ {
    print \"</properties>\";
    skip = 0;
    next;
}

/<properties>/ {
    print \"<properties>\";
    print \"CONTENTS STRIPPED BY TEST\";
    skip = 1;
    next;
}

{ if (!skip) print; }" | sed -E \
    -e "s,( |\[|\")[0-9][0-9]*.[0-9][0-9][0-9](s]|s|\"),\1S.UUU\2,g" ]
Executing command [ kyua report-junit --output=my-file ]
Executing command [ /bin/sh -c cat my-file | awk "
BEGIN { skip = 0; }

/<\/properties>/ {
    print \"</properties>\";
    skip = 0;
    next;
}

/<properties>/ {
    print \"<properties>\";
    print \"CONTENTS STRIPPED BY TEST\";
    skip = 1;
    next;
}

{ if (!skip) print; }" | sed -E \
    -e "s,( |\[|\")[0-9][0-9]*.[0-9][0-9][0-9](s]|s|\"),\1S.UUU\2,g" ]
===> local/kyua/integration/cmd_report_junit_test:results_file__explicit
Result: passed
Duration: 1.224s

Metadata:
    allowed_architectures is empty
    allowed_platforms is empty
    description is empty
    has_cleanup = false
    required_configs is empty
    required_disk_space = 0
    required_files is empty
    required_memory = 0
    required_programs = kyua
    required_user is empty
    timeout = 300

Standard output:
Executing command [ env MOCK=mock1 kyua test ]
Executing command [ env MOCK=mock2 kyua test ]
Executing command [ kyua report-junit --results-file=/tmp/kyua.atf-tester.jocuzL/.kyua/store/results.tmp_kyua.atf-tester.jocuzL.20150728-163838-185431.db ]
Executing command [ kyua report-junit --results-file=/tmp/kyua.atf-tester.jocuzL/.kyua/store/results.tmp_kyua.atf-tester.jocuzL.20150728-163838-778355.db ]
===> local/kyua/integration/cmd_report_junit_test:results_file__not_found
Result: passed
Duration: 0.377s

Metadata:
    allowed_architectures is empty
    allowed_platforms is empty
    description is empty
    has_cleanup = false
    required_configs is empty
    required_disk_space = 0
    required_files is empty
    required_memory = 0
    required_programs = kyua
    required_user is empty
    timeout = 300

Standard output:
Executing command [ kyua report-junit --results-file=foo ]
===> local/kyua/integration/cmd_report_test:default_behavior__no_store
Result: passed
Duration: 0.126s

Metadata:
    allowed_architectures is empty
    allowed_platforms is empty
    description is empty
    has_cleanup = false
    required_configs is empty
    required_disk_space = 0
    required_files is empty
    required_memory = 0
    required_programs = kyua
    required_user is empty
    timeout = 300

Standard output:
Executing command [ kyua report ]
===> local/kyua/integration/cmd_report_test:default_behavior__ok
Result: passed
Duration: 0.530s

Metadata:
    allowed_architectures is empty
    allowed_platforms is empty
    description is empty
    has_cleanup = false
    required_configs is empty
    required_disk_space = 0
    required_files is empty
    required_memory = 0
    required_programs = kyua
    required_user is empty
    timeout = 300

Standard output:
Executing command [ env MOCK=mock1 kyua test ]
Executing command [ kyua report ]
Executing command [ env MOCK=mock2 kyua test ]
Executing command [ kyua report ]
===> local/kyua/integration/cmd_report_test:filter__no_match
Result: passed
Duration: 0.326s

Metadata:
    allowed_architectures is empty
    allowed_platforms is empty
    description is empty
    has_cleanup = false
    required_configs is empty
    required_disk_space = 0
    required_files is empty
    required_memory = 0
    required_programs = kyua
    required_user is empty
    timeout = 300

Standard output:
Executing command [ env MOCK=mock1 kyua test ]
Executing command [ kyua report first simple_all_pass:skip simple_all_pass:second ]
===> local/kyua/integration/cmd_report_test:filter__ok
Result: passed
Duration: 0.335s

Metadata:
    allowed_architectures is empty
    allowed_platforms is empty
    description is empty
    has_cleanup = false
    required_configs is empty
    required_disk_space = 0
    required_files is empty
    required_memory = 0
    required_programs = kyua
    required_user is empty
    timeout = 300

Standard output:
Executing command [ env MOCK=mock1 kyua test ]
Executing command [ kyua report simple_all_pass:skip ]
===> local/kyua/integration/cmd_report_test:filter__ok_passed_excluded_by_default
Result: passed
Duration: 0.454s

Metadata:
    allowed_architectures is empty
    allowed_platforms is empty
    description is empty
    has_cleanup = false
    required_configs is empty
    required_disk_space = 0
    required_files is empty
    required_memory = 0
    required_programs = kyua
    required_user is empty
    timeout = 300

Standard output:
Executing command [ env MOCK=mock1 kyua test ]
Executing command [ kyua report simple_all_pass:pass ]
Executing command [ kyua report --results-filter= simple_all_pass:pass ]
===> local/kyua/integration/cmd_report_test:output__explicit
Result: passed
Duration: 0.381s

Metadata:
    allowed_architectures is empty
    allowed_platforms is empty
    description is empty
    has_cleanup = false
    required_configs is empty
    required_disk_space = 0
    required_files is empty
    required_memory = 0
    required_programs = kyua
    required_user is empty
    timeout = 300

Standard output:
Executing command [ env MOCK=unused_mock kyua test ]
Executing command [ /bin/sh -c kyua report --output=/dev/stdout | sed -E \
    -e "s,( |\[|\")[0-9][0-9]*.[0-9][0-9][0-9](s]|s|\"),\1S.UUU\2,g" ]
Executing command [ kyua report --output=/dev/stderr ]
Executing command [ /bin/sh -c cat stderr | sed -E \
    -e "s,( |\[|\")[0-9][0-9]*.[0-9][0-9][0-9](s]|s|\"),\1S.UUU\2,g" ]
Executing command [ kyua report --output=my-file ]
Executing command [ /bin/sh -c cat my-file | sed -E \
    -e "s,( |\[|\")[0-9][0-9]*.[0-9][0-9][0-9](s]|s|\"),\1S.UUU\2,g" ]
===> local/kyua/integration/cmd_report_test:results_file__explicit
Result: passed
Duration: 1.071s

Metadata:
    allowed_architectures is empty
    allowed_platforms is empty
    description is empty
    has_cleanup = false
    required_configs is empty
    required_disk_space = 0
    required_files is empty
    required_memory = 0
    required_programs = kyua
    required_user is empty
    timeout = 300

Standard output:
Executing command [ env MOCK=mock1 kyua test ]
Executing command [ env MOCK=mock2 kyua test ]
Executing command [ kyua report --results-file=/tmp/kyua.atf-tester.8W83RJ/.kyua/store/results.tmp_kyua.atf-tester.8W83RJ.20150728-163842-191665.db --verbose ]
Executing command [ kyua report --results-file=/tmp/kyua.atf-tester.8W83RJ/.kyua/store/results.tmp_kyua.atf-tester.8W83RJ.20150728-163842-406048.db --verbose ]
===> local/kyua/integration/cmd_report_test:results_file__not_found
Result: passed
Duration: 0.084s

Metadata:
    allowed_architectures is empty
    allowed_platforms is empty
    description is empty
    has_cleanup = false
    required_configs is empty
    required_disk_space = 0
    required_files is empty
    required_memory = 0
    required_programs = kyua
    required_user is empty
    timeout = 300

Standard output:
Executing command [ kyua report --results-file=foo ]
===> local/kyua/integration/cmd_report_test:results_filter__empty
Result: passed
Duration: 0.288s

Metadata:
    allowed_architectures is empty
    allowed_platforms is empty
    description is empty
    has_cleanup = false
    required_configs is empty
    required_disk_space = 0
    required_files is empty
    required_memory = 0
    required_programs = kyua
    required_user is empty
    timeout = 300

Standard output:
Executing command [ env MOCK=mock1 kyua test ]
Executing command [ kyua report --results-filter= ]
===> local/kyua/integration/cmd_report_test:results_filter__multiple_all_match
Result: passed
Duration: 0.274s

Metadata:
    allowed_architectures is empty
    allowed_platforms is empty
    description is empty
    has_cleanup = false
    required_configs is empty
    required_disk_space = 0
    required_files is empty
    required_memory = 0
    required_programs = kyua
    required_user is empty
    timeout = 300

Standard output:
Executing command [ env MOCK=mock1 kyua test ]
Executing command [ kyua report --results-filter=skipped,passed ]
===> local/kyua/integration/cmd_report_test:results_filter__multiple_some_match
Result: passed
Duration: 0.288s

Metadata:
    allowed_architectures is empty
    allowed_platforms is empty
    description is empty
    has_cleanup = false
    required_configs is empty
    required_disk_space = 0
    required_files is empty
    required_memory = 0
    required_programs = kyua
    required_user is empty
    timeout = 300

Standard output:
Executing command [ env MOCK=mock1 kyua test ]
Executing command [ kyua report --results-filter=skipped,xfail,broken,failed ]
===> local/kyua/integration/cmd_report_test:results_filter__one
Result: passed
Duration: 0.293s

Metadata:
    allowed_architectures is empty
    allowed_platforms is empty
    description is empty
    has_cleanup = false
    required_configs is empty
    required_disk_space = 0
    required_files is empty
    required_memory = 0
    required_programs = kyua
    required_user is empty
    timeout = 300

Standard output:
Executing command [ env MOCK=mock1 kyua test ]
Executing command [ kyua report --results-filter=passed ]
===> local/kyua/integration/cmd_report_test:verbose
Result: passed
Duration: 0.536s

Metadata:
    allowed_architectures is empty
    allowed_platforms is empty
    description is empty
    has_cleanup = false
    required_configs is empty
    required_disk_space = 0
    required_files is empty
    required_memory = 0
    required_programs = kyua
    required_user is empty
    timeout = 300

Standard output:
Executing command [ env MOCK=mock1
has multiple lines
and terminates here kyua test ]
Executing command [ /bin/sh -c kyua report --verbose | sed -E \
    -e "s,( |\[|\")[0-9][0-9]*.[0-9][0-9][0-9](s]|s|\"),\1S.UUU\2,g" | awk "
BEGIN { skip = 0; }

/===>/ {
    print;
    skip = 0;
    next;
}

/^Environment variables:/ {
    print;
    skip = 1;
    next;
}

/^    [^_]/ { print; next; }
{ if (!skip) print; }" ]
===> local/kyua/integration/cmd_test_test:args_are_relative
Result: passed
Duration: 0.945s

Metadata:
    allowed_architectures is empty
    allowed_platforms is empty
    description is empty
    has_cleanup = false
    required_configs is empty
    required_disk_space = 0
    required_files is empty
    required_memory = 0
    required_programs = kyua
    required_user is empty
    timeout = 300

Standard output:
Executing command [ kyua test -k /tmp/kyua.atf-tester.ZDsgHP/root/Kyuafile first subdir/fourth:fail ]
===> local/kyua/integration/cmd_test_test:bogus_config
Result: passed
Duration: 0.104s

Metadata:
    allowed_architectures is empty
    allowed_platforms is empty
    description is empty
    has_cleanup = false
    required_configs is empty
    required_disk_space = 0
    required_files is empty
    required_memory = 0
    required_programs = kyua
    required_user is empty
    timeout = 300

Standard output:
Executing command [ kyua test ]
===> local/kyua/integration/cmd_test_test:bogus_kyuafile
Result: passed
Duration: 0.098s

Metadata:
    allowed_architectures is empty
    allowed_platforms is empty
    description is empty
    has_cleanup = false
    required_configs is empty
    required_disk_space = 0
    required_files is empty
    required_memory = 0
    required_programs = kyua
    required_user is empty
    timeout = 300

Standard output:
Executing command [ kyua list ]
===> local/kyua/integration/cmd_test_test:bogus_test_program
Result: passed
Duration: 0.387s

Metadata:
    allowed_architectures is empty
    allowed_platforms is empty
    description is empty
    has_cleanup = false
    required_configs is empty
    required_disk_space = 0
    required_files is empty
    required_memory = 0
    required_programs = kyua
    required_user is empty
    timeout = 300

Standard output:
Executing command [ kyua test ]
===> local/kyua/integration/cmd_test_test:build_root_flag
Result: passed
Duration: 3.803s

Metadata:
    allowed_architectures is empty
    allowed_platforms is empty
    description is empty
    has_cleanup = false
    required_configs is empty
    required_disk_space = 0
    required_files is empty
    required_memory = 0
    required_programs = kyua
    required_user is empty
    timeout = 300

Standard output:
Executing command [ kyua test --build-root=build ]
===> local/kyua/integration/cmd_test_test:config_behavior
Result: passed
Duration: 1.256s

Metadata:
    allowed_architectures is empty
    allowed_platforms is empty
    description is empty
    has_cleanup = false
    required_configs is empty
    required_disk_space = 0
    required_files is empty
    required_memory = 0
    required_programs = kyua
    required_user is empty
    timeout = 300

Standard output:
Executing command [ kyua -c my-config -v test_suites.suite2.X-the-variable=value2 test ]
Executing command [ grep config1:get_variable.*failed stdout ]
Executing command [ grep config2:get_variable.*passed stdout ]
Executing command [ grep config3:get_variable.*skipped stdout ]
Executing command [ kyua -c my-config test config1 ]
===> local/kyua/integration/cmd_test_test:expect__all_pass
Result: passed
Duration: 3.023s

Metadata:
    allowed_architectures is empty
    allowed_platforms is empty
    description is empty
    has_cleanup = false
    required_configs is empty
    required_disk_space = 0
    required_files is empty
    required_memory = 0
    required_programs = kyua
    required_user is empty
    timeout = 300

Standard output:
Executing command [ kyua test ]
===> local/kyua/integration/cmd_test_test:expect__some_fail
Result: passed
Duration: 0.915s

Metadata:
    allowed_architectures is empty
    allowed_platforms is empty
    description is empty
    has_cleanup = false
    required_configs is empty
    required_disk_space = 0
    required_files is empty
    required_memory = 0
    required_programs = kyua
    required_user is empty
    timeout = 300

Standard output:
Executing command [ kyua test ]
===> local/kyua/integration/cmd_test_test:interrupt
Result: passed
Duration: 2.418s

Metadata:
    allowed_architectures is empty
    allowed_platforms is empty
    description is empty
    has_cleanup = false
    required_configs is empty
    required_disk_space = 0
    required_files is empty
    required_memory = 0
    required_programs = kyua
    required_user is empty
    timeout = 300

Standard output:
Kyua subprocess is PID 62301
Waiting for body to start
Body started
Sending INT signal to 62301
Waiting for process 62301 to exit
kyua stdout:interrupts:block_body  ->  broken: Premature exit; test case received signal 9  [1.951s]
kyua stderr:[-- Signal caught; please wait for cleanup --]
kyua stderr:kyua: E: Interrupted by signal 2.
Process 62301 exited
Executing command [ grep Signal caught stderr ]
Executing command [ grep kyua: E: Interrupted by signal stderr ]
===> local/kyua/integration/cmd_test_test:kyuafile_flag__no_args
Result: passed
Duration: 1.172s

Metadata:
    allowed_architectures is empty
    allowed_platforms is empty
    description is empty
    has_cleanup = false
    required_configs is empty
    required_disk_space = 0
    required_files is empty
    required_memory = 0
    required_programs = kyua
    required_user is empty
    timeout = 300

Standard output:
Executing command [ kyua test -k myfile ]
Executing command [ kyua test --kyuafile=myfile ]
===> local/kyua/integration/cmd_test_test:kyuafile_flag__some_args
Result: passed
Duration: 1.626s

Metadata:
    allowed_architectures is empty
    allowed_platforms is empty
    description is empty
    has_cleanup = false
    required_configs is empty
    required_disk_space = 0
    required_files is empty
    required_memory = 0
    required_programs = kyua
    required_user is empty
    timeout = 300

Standard output:
Executing command [ kyua test -k myfile sometest ]
Executing command [ kyua test --kyuafile=myfile sometest ]
===> local/kyua/integration/cmd_test_test:many_args__invalid
Result: passed
Duration: 0.322s

Metadata:
    allowed_architectures is empty
    allowed_platforms is empty
    description is empty
    has_cleanup = false
    required_configs is empty
    required_disk_space = 0
    required_files is empty
    required_memory = 0
    required_programs = kyua
    required_user is empty
    timeout = 300

Standard output:
Executing command [ kyua test this-is-ok :badbad ]
Executing command [ kyua test this-is-ok /foo ]
===> local/kyua/integration/cmd_test_test:many_args__no_match__all
Result: passed
Duration: 0.396s

Metadata:
    allowed_architectures is empty
    allowed_platforms is empty
    description is empty
    has_cleanup = false
    required_configs is empty
    required_disk_space = 0
    required_files is empty
    required_memory = 0
    required_programs = kyua
    required_user is empty
    timeout = 300

Standard output:
Executing command [ kyua test first1 ]
===> local/kyua/integration/cmd_test_test:many_args__no_match__some
Result: passed
Duration: 1.953s

Metadata:
    allowed_architectures is empty
    allowed_platforms is empty
    description is empty
    has_cleanup = false
    required_configs is empty
    required_disk_space = 0
    required_files is empty
    required_memory = 0
    required_programs = kyua
    required_user is empty
    timeout = 300

Standard output:
Executing command [ kyua test first fourth third fifth ]
===> local/kyua/integration/cmd_test_test:many_args__ok
Result: passed
Duration: 0.657s

Metadata:
    allowed_architectures is empty
    allowed_platforms is empty
    description is empty
    has_cleanup = false
    required_configs is empty
    required_disk_space = 0
    required_files is empty
    required_memory = 0
    required_programs = kyua
    required_user is empty
    timeout = 300

Standard output:
Executing command [ kyua test subdir first:pass ]
===> local/kyua/integration/cmd_test_test:many_test_programs__all_pass
Result: passed
Duration: 0.918s

Metadata:
    allowed_architectures is empty
    allowed_platforms is empty
    description is empty
    has_cleanup = false
    required_configs is empty
    required_disk_space = 0
    required_files is empty
    required_memory = 0
    required_programs = kyua
    required_user is empty
    timeout = 300

Standard output:
Executing command [ kyua test ]
===> local/kyua/integration/cmd_test_test:many_test_programs__some_fail
Result: passed
Duration: 0.842s

Metadata:
    allowed_architectures is empty
    allowed_platforms is empty
    description is empty
    has_cleanup = false
    required_configs is empty
    required_disk_space = 0
    required_files is empty
    required_memory = 0
    required_programs = kyua
    required_user is empty
    timeout = 300

Standard output:
Executing command [ kyua test ]
===> local/kyua/integration/cmd_test_test:missing_kyuafile__no_args
Result: passed
Duration: 0.198s

Metadata:
    allowed_architectures is empty
    allowed_platforms is empty
    description is empty
    has_cleanup = false
    required_configs is empty
    required_disk_space = 0
    required_files is empty
    required_memory = 0
    required_programs = kyua
    required_user is empty
    timeout = 300

Standard output:
Executing command [ kyua test ]
===> local/kyua/integration/cmd_test_test:missing_kyuafile__subdir
Result: passed
Duration: 0.183s

Metadata:
    allowed_architectures is empty
    allowed_platforms is empty
    description is empty
    has_cleanup = false
    required_configs is empty
    required_disk_space = 0
    required_files is empty
    required_memory = 0
    required_programs = kyua
    required_user is empty
    timeout = 300

Standard output:
Executing command [ kyua test subdir ]
===> local/kyua/integration/cmd_test_test:missing_kyuafile__test_program
Result: passed
Duration: 0.145s

Metadata:
    allowed_architectures is empty
    allowed_platforms is empty
    description is empty
    has_cleanup = false
    required_configs is empty
    required_disk_space = 0
    required_files is empty
    required_memory = 0
    required_programs = kyua
    required_user is empty
    timeout = 300

Standard output:
Executing command [ kyua test subdir/unused ]
===> local/kyua/integration/cmd_test_test:missing_test_program
Result: passed
Duration: 0.166s

Metadata:
    allowed_architectures is empty
    allowed_platforms is empty
    description is empty
    has_cleanup = false
    required_configs is empty
    required_disk_space = 0
    required_files is empty
    required_memory = 0
    required_programs = kyua
    required_user is empty
    timeout = 300

Standard output:
Executing command [ kyua list ]
===> local/kyua/integration/cmd_test_test:no_args
Result: passed
Duration: 1.575s

Metadata:
    allowed_architectures is empty
    allowed_platforms is empty
    description is empty
    has_cleanup = false
    required_configs is empty
    required_disk_space = 0
    required_files is empty
    required_memory = 0
    required_programs = kyua
    required_user is empty
    timeout = 300

Standard output:
Executing command [ kyua test ]
===> local/kyua/integration/cmd_test_test:no_test_case_match
Result: passed
Duration: 0.406s

Metadata:
    allowed_architectures is empty
    allowed_platforms is empty
    description is empty
    has_cleanup = false
    required_configs is empty
    required_disk_space = 0
    required_files is empty
    required_memory = 0
    required_programs = kyua
    required_user is empty
    timeout = 300

Standard output:
Executing command [ kyua test first:foobar ]
===> local/kyua/integration/cmd_test_test:no_test_program_match
Result: passed
Duration: 0.250s

Metadata:
    allowed_architectures is empty
    allowed_platforms is empty
    description is empty
    has_cleanup = false
    required_configs is empty
    required_disk_space = 0
    required_files is empty
    required_memory = 0
    required_programs = kyua
    required_user is empty
    timeout = 300

Standard output:
Executing command [ kyua test second ]
===> local/kyua/integration/cmd_test_test:one_arg__invalid
Result: passed
Duration: 0.251s

Metadata:
    allowed_architectures is empty
    allowed_platforms is empty
    description is empty
    has_cleanup = false
    required_configs is empty
    required_disk_space = 0
    required_files is empty
    required_memory = 0
    required_programs = kyua
    required_user is empty
    timeout = 300

Standard output:
Executing command [ kyua test foo: ]
Executing command [ kyua test /a/b ]
===> local/kyua/integration/cmd_test_test:one_arg__subdir
Result: passed
Duration: 0.830s

Metadata:
    allowed_architectures is empty
    allowed_platforms is empty
    description is empty
    has_cleanup = false
    required_configs is empty
    required_disk_space = 0
    required_files is empty
    required_memory = 0
    required_programs = kyua
    required_user is empty
    timeout = 300

Standard output:
Executing command [ kyua test subdir ]
===> local/kyua/integration/cmd_test_test:one_arg__test_case
Result: passed
Duration: 1.243s

Metadata:
    allowed_architectures is empty
    allowed_platforms is empty
    description is empty
    has_cleanup = false
    required_configs is empty
    required_disk_space = 0
    required_files is empty
    required_memory = 0
    required_programs = kyua
    required_user is empty
    timeout = 300

Standard output:
Executing command [ kyua test first:skip ]
===> local/kyua/integration/cmd_test_test:one_arg__test_program
Result: passed
Duration: 2.028s

Metadata:
    allowed_architectures is empty
    allowed_platforms is empty
    description is empty
    has_cleanup = false
    required_configs is empty
    required_disk_space = 0
    required_files is empty
    required_memory = 0
    required_programs = kyua
    required_user is empty
    timeout = 300

Standard output:
Executing command [ kyua test second ]
===> local/kyua/integration/cmd_test_test:one_test_program__all_pass
Result: passed
Duration: 2.052s

Metadata:
    allowed_architectures is empty
    allowed_platforms is empty
    description is empty
    has_cleanup = false
    required_configs is empty
    required_disk_space = 0
    required_files is empty
    required_memory = 0
    required_programs = kyua
    required_user is empty
    timeout = 300

Standard output:
Executing command [ kyua test ]
===> local/kyua/integration/cmd_test_test:one_test_program__some_fail
Result: passed
Duration: 0.774s

Metadata:
    allowed_architectures is empty
    allowed_platforms is empty
    description is empty
    has_cleanup = false
    required_configs is empty
    required_disk_space = 0
    required_files is empty
    required_memory = 0
    required_programs = kyua
    required_user is empty
    timeout = 300

Standard output:
Executing command [ kyua test ]
===> local/kyua/integration/cmd_test_test:only_load_used_test_programs
Result: passed
Duration: 0.383s

Metadata:
    allowed_architectures is empty
    allowed_platforms is empty
    description is empty
    has_cleanup = false
    required_configs is empty
    required_disk_space = 0
    required_files is empty
    required_memory = 0
    required_programs = kyua
    required_user is empty
    timeout = 300

Standard output:
Executing command [ kyua test first ]
===> local/kyua/integration/cmd_test_test:premature_exit
Result: passed
Duration: 0.374s

Metadata:
    allowed_architectures is empty
    allowed_platforms is empty
    description is empty
    has_cleanup = false
    required_configs is empty
    required_disk_space = 0
    required_files is empty
    required_memory = 0
    required_programs = kyua
    required_user is empty
    timeout = 300

Standard output:
Executing command [ kyua test ]
===> local/kyua/integration/cmd_test_test:results_file__fail
Result: passed
Duration: 0.106s

Metadata:
    allowed_architectures is empty
    allowed_platforms is empty
    description is empty
    has_cleanup = false
    required_configs is empty
    required_disk_space = 0
    required_files is empty
    required_memory = 0
    required_programs = kyua
    required_user is empty
    timeout = 300

Standard output:
Executing command [ kyua test --results-file= ]
===> local/kyua/integration/cmd_test_test:results_file__ok
Result: passed
Duration: 1.013s

Metadata:
    allowed_architectures is empty
    allowed_platforms is empty
    description is empty
    has_cleanup = false
    required_configs is empty
    required_disk_space = 0
    required_files is empty
    required_memory = 0
    required_programs = kyua
    required_user is empty
    timeout = 300

Standard output:
Executing command [ kyua test -r foo1.db ]
Executing command [ kyua test --results-file=foo2.db ]
===> local/kyua/integration/cmd_test_test:store_contents
Result: passed
Duration: 0.413s

Metadata:
    allowed_architectures is empty
    allowed_platforms is empty
    description is empty
    has_cleanup = false
    required_configs is empty
    required_disk_space = 0
    required_files is empty
    required_memory = 0
    required_programs = kyua
    required_user is empty
    timeout = 300

Standard output:
Executing command [ kyua test ]
Executing command [ kyua db-exec --no-headers SELECT         test_programs.relative_path, test_cases.name,         test_results.result_type, test_results.result_reason  FROM test_programs       JOIN test_cases       ON test_programs.test_program_id = test_cases.test_program_id       JOIN test_results       ON test_cases.test_case_id = test_results.test_case_id  ORDER BY test_programs.relative_path, test_cases.name ]
===> local/kyua/integration/global_test:logfile__default
Result: passed
Duration: 0.214s

Metadata:
    allowed_architectures is empty
    allowed_platforms is empty
    description is empty
    has_cleanup = false
    required_configs is empty
    required_disk_space = 0
    required_files is empty
    required_memory = 0
    required_programs = kyua
    required_user is empty
    timeout = 300

Standard output:
Executing command [ test ! -d .kyua/logs/ ]
Executing command [ kyua ]
Executing command [ test -d .kyua/logs/ ]
===> local/kyua/integration/global_test:logfile__override
Result: passed
Duration: 0.186s

Metadata:
    allowed_architectures is empty
    allowed_platforms is empty
    description is empty
    has_cleanup = false
    required_configs is empty
    required_disk_space = 0
    required_files is empty
    required_memory = 0
    required_programs = kyua
    required_user is empty
    timeout = 300

Standard output:
Executing command [ test ! -f test.log ]
Executing command [ kyua --logfile=test.log ]
Executing command [ test ! -d .kyua/logs/ ]
Executing command [ test -f test.log ]
20150728-163919 E 63519 cli/main.cpp:283: Usage error: No command provided.
===> local/kyua/integration/global_test:loglevel__default
Result: passed
Duration: 0.131s

Metadata:
    allowed_architectures is empty
    allowed_platforms is empty
    description is empty
    has_cleanup = false
    required_configs is empty
    required_disk_space = 0
    required_files is empty
    required_memory = 0
    required_programs = kyua
    required_user is empty
    timeout = 300

Standard output:
Executing command [ test ! -f test.log ]
Executing command [ kyua --logfile=test.log ]
Executing command [ test ! -d .kyua/logs/ ]
Executing command [ test -f test.log ]
20150728-163919 E 63544 cli/main.cpp:283: Usage error: No command provided.
===> local/kyua/integration/global_test:loglevel__higher
Result: passed
Duration: 0.202s

Metadata:
    allowed_architectures is empty
    allowed_platforms is empty
    description is empty
    has_cleanup = false
    required_configs is empty
    required_disk_space = 0
    required_files is empty
    required_memory = 0
    required_programs = kyua
    required_user is empty
    timeout = 300

Standard output:
Executing command [ test ! -f test.log ]
Executing command [ kyua --logfile=test.log --loglevel=debug ]
Executing command [ test ! -d .kyua/logs/ ]
Executing command [ test -f test.log ]
20150728-163919 E 63570 cli/main.cpp:283: Usage error: No command provided.
20150728-163919 D 63570 utils/cmdline/globals.cpp:63: Program name: kyua
20150728-163919 D 63570 utils/env.cpp:92: Environment variable 'HOME' is '/tmp/kyua.atf-tester.0foWZ0'
20150728-163919 D 63570 cli/main.cpp:183: Log file is test.log
20150728-163919 D 63570 utils/sanity.cpp:123: Installed crash handler for signal 6
20150728-163919 D 63570 utils/sanity.cpp:123: Installed crash handler for signal 10
20150728-163919 D 63570 utils/sanity.cpp:123: Installed crash handler for signal 11
===> local/kyua/integration/global_test:loglevel__lower
Result: passed
Duration: 0.207s

Metadata:
    allowed_architectures is empty
    allowed_platforms is empty
    description is empty
    has_cleanup = false
    required_configs is empty
    required_disk_space = 0
    required_files is empty
    required_memory = 0
    required_programs = kyua
    required_user is empty
    timeout = 300

Standard output:
Executing command [ test ! -f test.log ]
Executing command [ kyua --logfile=test.log --loglevel=warning ]
Executing command [ test ! -d .kyua/logs/ ]
Executing command [ test -f test.log ]
20150728-163919 E 63596 cli/main.cpp:283: Usage error: No command provided.
===> local/kyua/integration/global_test:no_args
Result: passed
Duration: 0.165s

Metadata:
    allowed_architectures is empty
    allowed_platforms is empty
    description is empty
    has_cleanup = false
    required_configs is empty
    required_disk_space = 0
    required_files is empty
    required_memory = 0
    required_programs = kyua
    required_user is empty
    timeout = 300

Standard output:
Executing command [ kyua ]
===> local/kyua/integration/global_test:unknown_command
Result: passed
Duration: 0.149s

Metadata:
    allowed_architectures is empty
    allowed_platforms is empty
    description is empty
    has_cleanup = false
    required_configs is empty
    required_disk_space = 0
    required_files is empty
    required_memory = 0
    required_programs = kyua
    required_user is empty
    timeout = 300

Standard output:
Executing command [ kyua i_am_not_known ]
===> local/kyua/integration/global_test:unknown_option
Result: passed
Duration: 0.233s

Metadata:
    allowed_architectures is empty
    allowed_platforms is empty
    description is empty
    has_cleanup = false
    required_configs is empty
    required_disk_space = 0
    required_files is empty
    required_memory = 0
    required_programs = kyua
    required_user is empty
    timeout = 300

Standard output:
Executing command [ kyua --this_is_unknown ]
===> local/kyua/model/context_test:ctor_and_getters
Result: passed
Duration: 0.141s

Metadata:
    allowed_architectures is empty
    allowed_platforms is empty
    description is empty
    has_cleanup = false
    required_configs is empty
    required_disk_space = 0
    required_files is empty
    required_memory = 0
    required_programs is empty
    required_user is empty
    timeout = 300
===> local/kyua/model/context_test:operators_eq_and_ne
Result: passed
Duration: 0.154s

Metadata:
    allowed_architectures is empty
    allowed_platforms is empty
    description is empty
    has_cleanup = false
    required_configs is empty
    required_disk_space = 0
    required_files is empty
    required_memory = 0
    required_programs is empty
    required_user is empty
    timeout = 300
===> local/kyua/model/context_test:output__empty_env
Result: passed
Duration: 0.126s

Metadata:
    allowed_architectures is empty
    allowed_platforms is empty
    description is empty
    has_cleanup = false
    required_configs is empty
    required_disk_space = 0
    required_files is empty
    required_memory = 0
    required_programs is empty
    required_user is empty
    timeout = 300
===> local/kyua/model/context_test:output__some_env
Result: passed
Duration: 0.228s

Metadata:
    allowed_architectures is empty
    allowed_platforms is empty
    description is empty
    has_cleanup = false
    required_configs is empty
    required_disk_space = 0
    required_files is empty
    required_memory = 0
    required_programs is empty
    required_user is empty
    timeout = 300
===> local/kyua/model/exceptions_test:error
Result: passed
Duration: 0.157s

Metadata:
    allowed_architectures is empty
    allowed_platforms is empty
    description is empty
    has_cleanup = false
    required_configs is empty
    required_disk_space = 0
    required_files is empty
    required_memory = 0
    required_programs is empty
    required_user is empty
    timeout = 300
===> local/kyua/model/exceptions_test:format_error
Result: passed
Duration: 0.074s

Metadata:
    allowed_architectures is empty
    allowed_platforms is empty
    description is empty
    has_cleanup = false
    required_configs is empty
    required_disk_space = 0
    required_files is empty
    required_memory = 0
    required_programs is empty
    required_user is empty
    timeout = 300
===> local/kyua/model/exceptions_test:not_found_error
Result: passed
Duration: 0.069s

Metadata:
    allowed_architectures is empty
    allowed_platforms is empty
    description is empty
    has_cleanup = false
    required_configs is empty
    required_disk_space = 0
    required_files is empty
    required_memory = 0
    required_programs is empty
    required_user is empty
    timeout = 300
===> local/kyua/model/metadata_test:add
Result: passed
Duration: 0.076s

Metadata:
    allowed_architectures is empty
    allowed_platforms is empty
    description is empty
    has_cleanup = false
    required_configs is empty
    required_disk_space = 0
    required_files is empty
    required_memory = 0
    required_programs is empty
    required_user is empty
    timeout = 300
===> local/kyua/model/metadata_test:copy
Result: passed
Duration: 0.129s

Metadata:
    allowed_architectures is empty
    allowed_platforms is empty
    description is empty
    has_cleanup = false
    required_configs is empty
    required_disk_space = 0
    required_files is empty
    required_memory = 0
    required_programs is empty
    required_user is empty
    timeout = 300
===> local/kyua/model/metadata_test:defaults
Result: passed
Duration: 0.150s

Metadata:
    allowed_architectures is empty
    allowed_platforms is empty
    description is empty
    has_cleanup = false
    required_configs is empty
    required_disk_space = 0
    required_files is empty
    required_memory = 0
    required_programs is empty
    required_user is empty
    timeout = 300
===> local/kyua/model/metadata_test:operators_eq_and_ne__copy
Result: passed
Duration: 0.056s

Metadata:
    allowed_architectures is empty
    allowed_platforms is empty
    description is empty
    has_cleanup = false
    required_configs is empty
    required_disk_space = 0
    required_files is empty
    required_memory = 0
    required_programs is empty
    required_user is empty
    timeout = 300
===> local/kyua/model/metadata_test:operators_eq_and_ne__different
Result: passed
Duration: 0.095s

Metadata:
    allowed_architectures is empty
    allowed_platforms is empty
    description is empty
    has_cleanup = false
    required_configs is empty
    required_disk_space = 0
    required_files is empty
    required_memory = 0
    required_programs is empty
    required_user is empty
    timeout = 300
===> local/kyua/model/metadata_test:operators_eq_and_ne__empty
Result: passed
Duration: 0.041s

Metadata:
    allowed_architectures is empty
    allowed_platforms is empty
    description is empty
    has_cleanup = false
    required_configs is empty
    required_disk_space = 0
    required_files is empty
    required_memory = 0
    required_programs is empty
    required_user is empty
    timeout = 300
===> local/kyua/model/metadata_test:operators_eq_and_ne__equal
Result: passed
Duration: 0.107s

Metadata:
    allowed_architectures is empty
    allowed_platforms is empty
    description is empty
    has_cleanup = false
    required_configs is empty
    required_disk_space = 0
    required_files is empty
    required_memory = 0
    required_programs is empty
    required_user is empty
    timeout = 300
===> local/kyua/model/metadata_test:output__defaults
Result: passed
Duration: 0.066s

Metadata:
    allowed_architectures is empty
    allowed_platforms is empty
    description is empty
    has_cleanup = false
    required_configs is empty
    required_disk_space = 0
    required_files is empty
    required_memory = 0
    required_programs is empty
    required_user is empty
    timeout = 300
===> local/kyua/model/metadata_test:output__some_values
Result: passed
Duration: 0.061s

Metadata:
    allowed_architectures is empty
    allowed_platforms is empty
    description is empty
    has_cleanup = false
    required_configs is empty
    required_disk_space = 0
    required_files is empty
    required_memory = 0
    required_programs is empty
    required_user is empty
    timeout = 300
===> local/kyua/model/metadata_test:override_all_with_set_string
Result: passed
Duration: 0.108s

Metadata:
    allowed_architectures is empty
    allowed_platforms is empty
    description is empty
    has_cleanup = false
    required_configs is empty
    required_disk_space = 0
    required_files is empty
    required_memory = 0
    required_programs is empty
    required_user is empty
    timeout = 300
===> local/kyua/model/metadata_test:override_all_with_setters
Result: passed
Duration: 0.731s

Metadata:
    allowed_architectures is empty
    allowed_platforms is empty
    description is empty
    has_cleanup = false
    required_configs is empty
    required_disk_space = 0
    required_files is empty
    required_memory = 0
    required_programs is empty
    required_user is empty
    timeout = 300
===> local/kyua/model/test_case_test:test_case__ctor_and_getters
Result: passed
Duration: 0.373s

Metadata:
    allowed_architectures is empty
    allowed_platforms is empty
    description is empty
    has_cleanup = false
    required_configs is empty
    required_disk_space = 0
    required_files is empty
    required_memory = 0
    required_programs is empty
    required_user is empty
    timeout = 300
===> local/kyua/model/test_case_test:test_case__fake_result
Result: passed
Duration: 0.117s

Metadata:
    allowed_architectures is empty
    allowed_platforms is empty
    description is empty
    has_cleanup = false
    required_configs is empty
    required_disk_space = 0
    required_files is empty
    required_memory = 0
    required_programs is empty
    required_user is empty
    timeout = 300
===> local/kyua/model/test_case_test:test_case__operators_eq_and_ne__copy
Result: passed
Duration: 0.104s

Metadata:
    allowed_architectures is empty
    allowed_platforms is empty
    description is empty
    has_cleanup = false
    required_configs is empty
    required_disk_space = 0
    required_files is empty
    required_memory = 0
    required_programs is empty
    required_user is empty
    timeout = 300
===> local/kyua/model/test_case_test:test_case__operators_eq_and_ne__not_copy
Result: passed
Duration: 0.120s

Metadata:
    allowed_architectures is empty
    allowed_platforms is empty
    description is empty
    has_cleanup = false
    required_configs is empty
    required_disk_space = 0
    required_files is empty
    required_memory = 0
    required_programs is empty
    required_user is empty
    timeout = 300
===> local/kyua/model/test_case_test:test_case__output
Result: passed
Duration: 0.057s

Metadata:
    allowed_architectures is empty
    allowed_platforms is empty
    description is empty
    has_cleanup = false
    required_configs is empty
    required_disk_space = 0
    required_files is empty
    required_memory = 0
    required_programs is empty
    required_user is empty
    timeout = 300
===> local/kyua/model/test_program_test:builder__defaults
Result: passed
Duration: 0.102s

Metadata:
    allowed_architectures is empty
    allowed_platforms is empty
    description is empty
    has_cleanup = false
    required_configs is empty
    required_disk_space = 0
    required_files is empty
    required_memory = 0
    required_programs is empty
    required_user is empty
    timeout = 300
===> local/kyua/model/test_program_test:builder__overrides
Result: passed
Duration: 0.113s

Metadata:
    allowed_architectures is empty
    allowed_platforms is empty
    description is empty
    has_cleanup = false
    required_configs is empty
    required_disk_space = 0
    required_files is empty
    required_memory = 0
    required_programs is empty
    required_user is empty
    timeout = 300
===> local/kyua/model/test_program_test:ctor_and_getters
Result: passed
Duration: 0.120s

Metadata:
    allowed_architectures is empty
    allowed_platforms is empty
    description is empty
    has_cleanup = false
    required_configs is empty
    required_disk_space = 0
    required_files is empty
    required_memory = 0
    required_programs is empty
    required_user is empty
    timeout = 300
===> local/kyua/model/test_program_test:find__missing
Result: passed
Duration: 0.099s

Metadata:
    allowed_architectures is empty
    allowed_platforms is empty
    description is empty
    has_cleanup = false
    required_configs is empty
    required_disk_space = 0
    required_files is empty
    required_memory = 0
    required_programs is empty
    required_user is empty
    timeout = 300
===> local/kyua/model/test_program_test:find__ok
Result: passed
Duration: 0.069s

Metadata:
    allowed_architectures is empty
    allowed_platforms is empty
    description is empty
    has_cleanup = false
    required_configs is empty
    required_disk_space = 0
    required_files is empty
    required_memory = 0
    required_programs is empty
    required_user is empty
    timeout = 300
===> local/kyua/model/test_program_test:operators_eq_and_ne__copy
Result: passed
Duration: 0.139s

Metadata:
    allowed_architectures is empty
    allowed_platforms is empty
    description is empty
    has_cleanup = false
    required_configs is empty
    required_disk_space = 0
    required_files is empty
    required_memory = 0
    required_programs is empty
    required_user is empty
    timeout = 300
===> local/kyua/model/test_program_test:operators_eq_and_ne__not_copy
Result: passed
Duration: 0.095s

Metadata:
    allowed_architectures is empty
    allowed_platforms is empty
    description is empty
    has_cleanup = false
    required_configs is empty
    required_disk_space = 0
    required_files is empty
    required_memory = 0
    required_programs is empty
    required_user is empty
    timeout = 300
===> local/kyua/model/test_program_test:output__no_test_cases
Result: passed
Duration: 0.234s

Metadata:
    allowed_architectures is empty
    allowed_platforms is empty
    description is empty
    has_cleanup = false
    required_configs is empty
    required_disk_space = 0
    required_files is empty
    required_memory = 0
    required_programs is empty
    required_user is empty
    timeout = 300
===> local/kyua/model/test_program_test:output__some_test_cases
Result: passed
Duration: 0.138s

Metadata:
    allowed_architectures is empty
    allowed_platforms is empty
    description is empty
    has_cleanup = false
    required_configs is empty
    required_disk_space = 0
    required_files is empty
    required_memory = 0
    required_programs is empty
    required_user is empty
    timeout = 300
===> local/kyua/model/test_result_test:broken__getters
Result: passed
Duration: 0.097s

Metadata:
    allowed_architectures is empty
    allowed_platforms is empty
    description is empty
    has_cleanup = false
    required_configs is empty
    required_disk_space = 0
    required_files is empty
    required_memory = 0
    required_programs is empty
    required_user is empty
    timeout = 300
===> local/kyua/model/test_result_test:broken__good
Result: passed
Duration: 0.037s

Metadata:
    allowed_architectures is empty
    allowed_platforms is empty
    description is empty
    has_cleanup = false
    required_configs is empty
    required_disk_space = 0
    required_files is empty
    required_memory = 0
    required_programs is empty
    required_user is empty
    timeout = 300
===> local/kyua/model/test_result_test:broken__output
Result: passed
Duration: 0.130s

Metadata:
    allowed_architectures is empty
    allowed_platforms is empty
    description is empty
    has_cleanup = false
    required_configs is empty
    required_disk_space = 0
    required_files is empty
    required_memory = 0
    required_programs is empty
    required_user is empty
    timeout = 300
===> local/kyua/model/test_result_test:expected_failure__getters
Result: passed
Duration: 0.067s

Metadata:
    allowed_architectures is empty
    allowed_platforms is empty
    description is empty
    has_cleanup = false
    required_configs is empty
    required_disk_space = 0
    required_files is empty
    required_memory = 0
    required_programs is empty
    required_user is empty
    timeout = 300
===> local/kyua/model/test_result_test:expected_failure__good
Result: passed
Duration: 0.062s

Metadata:
    allowed_architectures is empty
    allowed_platforms is empty
    description is empty
    has_cleanup = false
    required_configs is empty
    required_disk_space = 0
    required_files is empty
    required_memory = 0
    required_programs is empty
    required_user is empty
    timeout = 300
===> local/kyua/model/test_result_test:expected_failure__output
Result: passed
Duration: 0.035s

Metadata:
    allowed_architectures is empty
    allowed_platforms is empty
    description is empty
    has_cleanup = false
    required_configs is empty
    required_disk_space = 0
    required_files is empty
    required_memory = 0
    required_programs is empty
    required_user is empty
    timeout = 300
===> local/kyua/model/test_result_test:failed__getters
Result: passed
Duration: 0.061s

Metadata:
    allowed_architectures is empty
    allowed_platforms is empty
    description is empty
    has_cleanup = false
    required_configs is empty
    required_disk_space = 0
    required_files is empty
    required_memory = 0
    required_programs is empty
    required_user is empty
    timeout = 300
===> local/kyua/model/test_result_test:failed__good
Result: passed
Duration: 0.035s

Metadata:
    allowed_architectures is empty
    allowed_platforms is empty
    description is empty
    has_cleanup = false
    required_configs is empty
    required_disk_space = 0
    required_files is empty
    required_memory = 0
    required_programs is empty
    required_user is empty
    timeout = 300
===> local/kyua/model/test_result_test:failed__output
Result: passed
Duration: 0.076s

Metadata:
    allowed_architectures is empty
    allowed_platforms is empty
    description is empty
    has_cleanup = false
    required_configs is empty
    required_disk_space = 0
    required_files is empty
    required_memory = 0
    required_programs is empty
    required_user is empty
    timeout = 300
===> local/kyua/model/test_result_test:operator_eq
Result: passed
Duration: 0.065s

Metadata:
    allowed_architectures is empty
    allowed_platforms is empty
    description is empty
    has_cleanup = false
    required_configs is empty
    required_disk_space = 0
    required_files is empty
    required_memory = 0
    required_programs is empty
    required_user is empty
    timeout = 300
===> local/kyua/model/test_result_test:operator_ne
Result: passed
Duration: 0.196s

Metadata:
    allowed_architectures is empty
    allowed_platforms is empty
    description is empty
    has_cleanup = false
    required_configs is empty
    required_disk_space = 0
    required_files is empty
    required_memory = 0
    required_programs is empty
    required_user is empty
    timeout = 300
===> local/kyua/model/test_result_test:passed__getters
Result: passed
Duration: 0.074s

Metadata:
    allowed_architectures is empty
    allowed_platforms is empty
    description is empty
    has_cleanup = false
    required_configs is empty
    required_disk_space = 0
    required_files is empty
    required_memory = 0
    required_programs is empty
    required_user is empty
    timeout = 300
===> local/kyua/model/test_result_test:passed__good
Result: passed
Duration: 0.035s

Metadata:
    allowed_architectures is empty
    allowed_platforms is empty
    description is empty
    has_cleanup = false
    required_configs is empty
    required_disk_space = 0
    required_files is empty
    required_memory = 0
    required_programs is empty
    required_user is empty
    timeout = 300
===> local/kyua/model/test_result_test:passed__output
Result: passed
Duration: 0.089s

Metadata:
    allowed_architectures is empty
    allowed_platforms is empty
    description is empty
    has_cleanup = false
    required_configs is empty
    required_disk_space = 0
    required_files is empty
    required_memory = 0
    required_programs is empty
    required_user is empty
    timeout = 300
===> local/kyua/model/test_result_test:skipped__getters
Result: passed
Duration: 0.071s

Metadata:
    allowed_architectures is empty
    allowed_platforms is empty
    description is empty
    has_cleanup = false
    required_configs is empty
    required_disk_space = 0
    required_files is empty
    required_memory = 0
    required_programs is empty
    required_user is empty
    timeout = 300
===> local/kyua/model/test_result_test:skipped__good
Result: passed
Duration: 0.064s

Metadata:
    allowed_architectures is empty
    allowed_platforms is empty
    description is empty
    has_cleanup = false
    required_configs is empty
    required_disk_space = 0
    required_files is empty
    required_memory = 0
    required_programs is empty
    required_user is empty
    timeout = 300
===> local/kyua/model/test_result_test:skipped__output
Result: passed
Duration: 0.060s

Metadata:
    allowed_architectures is empty
    allowed_platforms is empty
    description is empty
    has_cleanup = false
    required_configs is empty
    required_disk_space = 0
    required_files is empty
    required_memory = 0
    required_programs is empty
    required_user is empty
    timeout = 300
===> local/kyua/store/dbtypes_test:bool__get_invalid_type
Result: passed
Duration: 0.094s

Metadata:
    allowed_architectures is empty
    allowed_platforms is empty
    description is empty
    has_cleanup = false
    required_configs is empty
    required_disk_space = 0
    required_files is empty
    required_memory = 0
    required_programs is empty
    required_user is empty
    timeout = 300

Standard error:
20150728-163926 D 63773 utils/sqlite/database.cpp:275: Creating statement: INSERT INTO test VALUES (:v)
20150728-163926 D 63773 utils/sqlite/statement.cpp:192: Step statement; no more rows
20150728-163926 D 63773 utils/sqlite/database.cpp:275: Creating statement: SELECT * FROM test
20150728-163926 D 63773 utils/sqlite/statement.cpp:195: Step statement; row available for processing
20150728-163926 D 63773 utils/sqlite/statement.cpp:192: Step statement; no more rows
===> local/kyua/store/dbtypes_test:bool__get_invalid_value
Result: passed
Duration: 0.048s

Metadata:
    allowed_architectures is empty
    allowed_platforms is empty
    description is empty
    has_cleanup = false
    required_configs is empty
    required_disk_space = 0
    required_files is empty
    required_memory = 0
    required_programs is empty
    required_user is empty
    timeout = 300

Standard error:
20150728-163926 D 63775 utils/sqlite/database.cpp:275: Creating statement: INSERT INTO test VALUES (:v)
20150728-163926 D 63775 utils/sqlite/statement.cpp:192: Step statement; no more rows
20150728-163926 D 63775 utils/sqlite/database.cpp:275: Creating statement: SELECT * FROM test
20150728-163926 D 63775 utils/sqlite/statement.cpp:195: Step statement; row available for processing
20150728-163926 D 63775 utils/sqlite/statement.cpp:192: Step statement; no more rows
===> local/kyua/store/dbtypes_test:bool__ok
Result: passed
Duration: 0.103s

Metadata:
    allowed_architectures is empty
    allowed_platforms is empty
    description is empty
    has_cleanup = false
    required_configs is empty
    required_disk_space = 0
    required_files is empty
    required_memory = 0
    required_programs is empty
    required_user is empty
    timeout = 300

Standard error:
20150728-163926 D 63777 utils/sqlite/database.cpp:275: Creating statement: INSERT INTO test VALUES (:v)
20150728-163926 D 63777 utils/sqlite/statement.cpp:192: Step statement; no more rows
20150728-163926 D 63777 utils/sqlite/database.cpp:275: Creating statement: SELECT * FROM test
20150728-163926 D 63777 utils/sqlite/statement.cpp:195: Step statement; row available for processing
20150728-163926 D 63777 utils/sqlite/statement.cpp:192: Step statement; no more rows
20150728-163926 D 63777 utils/sqlite/database.cpp:275: Creating statement: INSERT INTO test VALUES (:v)
20150728-163926 D 63777 utils/sqlite/statement.cpp:192: Step statement; no more rows
20150728-163926 D 63777 utils/sqlite/database.cpp:275: Creating statement: SELECT * FROM test
20150728-163926 D 63777 utils/sqlite/statement.cpp:195: Step statement; row available for processing
20150728-163926 D 63777 utils/sqlite/statement.cpp:192: Step statement; no more rows
===> local/kyua/store/dbtypes_test:delta__get_invalid_type
Result: passed
Duration: 0.055s

Metadata:
    allowed_architectures is empty
    allowed_platforms is empty
    description is empty
    has_cleanup = false
    required_configs is empty
    required_disk_space = 0
    required_files is empty
    required_memory = 0
    required_programs is empty
    required_user is empty
    timeout = 300

Standard error:
20150728-163926 D 63779 utils/sqlite/database.cpp:275: Creating statement: INSERT INTO test VALUES (:v)
20150728-163926 D 63779 utils/sqlite/statement.cpp:192: Step statement; no more rows
20150728-163926 D 63779 utils/sqlite/database.cpp:275: Creating statement: SELECT * FROM test
20150728-163926 D 63779 utils/sqlite/statement.cpp:195: Step statement; row available for processing
20150728-163926 D 63779 utils/sqlite/statement.cpp:192: Step statement; no more rows
===> local/kyua/store/dbtypes_test:delta__ok
Result: passed
Duration: 0.095s

Metadata:
    allowed_architectures is empty
    allowed_platforms is empty
    description is empty
    has_cleanup = false
    required_configs is empty
    required_disk_space = 0
    required_files is empty
    required_memory = 0
    required_programs is empty
    required_user is empty
    timeout = 300

Standard error:
20150728-163927 D 63781 utils/sqlite/database.cpp:275: Creating statement: INSERT INTO test VALUES (:v)
20150728-163927 D 63781 utils/sqlite/statement.cpp:192: Step statement; no more rows
20150728-163927 D 63781 utils/sqlite/database.cpp:275: Creating statement: SELECT * FROM test
20150728-163927 D 63781 utils/sqlite/statement.cpp:195: Step statement; row available for processing
20150728-163927 D 63781 utils/sqlite/statement.cpp:192: Step statement; no more rows
===> local/kyua/store/dbtypes_test:optional_string__get_invalid_type
Result: passed
Duration: 0.079s

Metadata:
    allowed_architectures is empty
    allowed_platforms is empty
    description is empty
    has_cleanup = false
    required_configs is empty
    required_disk_space = 0
    required_files is empty
    required_memory = 0
    required_programs is empty
    required_user is empty
    timeout = 300

Standard error:
20150728-163927 D 63783 utils/sqlite/database.cpp:275: Creating statement: INSERT INTO test VALUES (:v)
20150728-163927 D 63783 utils/sqlite/statement.cpp:192: Step statement; no more rows
20150728-163927 D 63783 utils/sqlite/database.cpp:275: Creating statement: SELECT * FROM test
20150728-163927 D 63783 utils/sqlite/statement.cpp:195: Step statement; row available for processing
20150728-163927 D 63783 utils/sqlite/statement.cpp:192: Step statement; no more rows
===> local/kyua/store/dbtypes_test:optional_string__ok
Result: passed
Duration: 0.039s

Metadata:
    allowed_architectures is empty
    allowed_platforms is empty
    description is empty
    has_cleanup = false
    required_configs is empty
    required_disk_space = 0
    required_files is empty
    required_memory = 0
    required_programs is empty
    required_user is empty
    timeout = 300

Standard error:
20150728-163927 D 63785 utils/sqlite/database.cpp:275: Creating statement: INSERT INTO test VALUES (:v)
20150728-163927 D 63785 utils/sqlite/statement.cpp:192: Step statement; no more rows
20150728-163927 D 63785 utils/sqlite/database.cpp:275: Creating statement: SELECT * FROM test
20150728-163927 D 63785 utils/sqlite/statement.cpp:195: Step statement; row available for processing
20150728-163927 D 63785 utils/sqlite/statement.cpp:192: Step statement; no more rows
20150728-163927 D 63785 utils/sqlite/database.cpp:275: Creating statement: INSERT INTO test VALUES (:v)
20150728-163927 D 63785 utils/sqlite/statement.cpp:192: Step statement; no more rows
20150728-163927 D 63785 utils/sqlite/database.cpp:275: Creating statement: SELECT * FROM test
20150728-163927 D 63785 utils/sqlite/statement.cpp:195: Step statement; row available for processing
20150728-163927 D 63785 utils/sqlite/statement.cpp:192: Step statement; no more rows
===> local/kyua/store/dbtypes_test:test_result_type__get_invalid_type
Result: passed
Duration: 0.062s

Metadata:
    allowed_architectures is empty
    allowed_platforms is empty
    description is empty
    has_cleanup = false
    required_configs is empty
    required_disk_space = 0
    required_files is empty
    required_memory = 0
    required_programs is empty
    required_user is empty
    timeout = 300

Standard error:
20150728-163927 D 63787 utils/sqlite/database.cpp:275: Creating statement: INSERT INTO test VALUES (:v)
20150728-163927 D 63787 utils/sqlite/statement.cpp:192: Step statement; no more rows
20150728-163927 D 63787 utils/sqlite/database.cpp:275: Creating statement: SELECT * FROM test
20150728-163927 D 63787 utils/sqlite/statement.cpp:195: Step statement; row available for processing
20150728-163927 D 63787 utils/sqlite/statement.cpp:192: Step statement; no more rows
===> local/kyua/store/dbtypes_test:test_result_type__get_invalid_value
Result: passed
Duration: 0.036s

Metadata:
    allowed_architectures is empty
    allowed_platforms is empty
    description is empty
    has_cleanup = false
    required_configs is empty
    required_disk_space = 0
    required_files is empty
    required_memory = 0
    required_programs is empty
    required_user is empty
    timeout = 300

Standard error:
20150728-163927 D 63789 utils/sqlite/database.cpp:275: Creating statement: INSERT INTO test VALUES (:v)
20150728-163927 D 63789 utils/sqlite/statement.cpp:192: Step statement; no more rows
20150728-163927 D 63789 utils/sqlite/database.cpp:275: Creating statement: SELECT * FROM test
20150728-163927 D 63789 utils/sqlite/statement.cpp:195: Step statement; row available for processing
20150728-163927 D 63789 utils/sqlite/statement.cpp:192: Step statement; no more rows
===> local/kyua/store/dbtypes_test:test_result_type__ok
Result: passed
Duration: 0.034s

Metadata:
    allowed_architectures is empty
    allowed_platforms is empty
    description is empty
    has_cleanup = false
    required_configs is empty
    required_disk_space = 0
    required_files is empty
    required_memory = 0
    required_programs is empty
    required_user is empty
    timeout = 300

Standard error:
20150728-163927 D 63791 utils/sqlite/database.cpp:275: Creating statement: INSERT INTO test VALUES (:v)
20150728-163927 D 63791 utils/sqlite/statement.cpp:192: Step statement; no more rows
20150728-163927 D 63791 utils/sqlite/database.cpp:275: Creating statement: SELECT * FROM test
20150728-163927 D 63791 utils/sqlite/statement.cpp:195: Step statement; row available for processing
20150728-163927 D 63791 utils/sqlite/statement.cpp:192: Step statement; no more rows
===> local/kyua/store/dbtypes_test:timestamp__get_invalid_type
Result: passed
Duration: 0.035s

Metadata:
    allowed_architectures is empty
    allowed_platforms is empty
    description is empty
    has_cleanup = false
    required_configs is empty
    required_disk_space = 0
    required_files is empty
    required_memory = 0
    required_programs is empty
    required_user is empty
    timeout = 300

Standard error:
20150728-163927 D 63793 utils/sqlite/database.cpp:275: Creating statement: INSERT INTO test VALUES (:v)
20150728-163927 D 63793 utils/sqlite/statement.cpp:192: Step statement; no more rows
20150728-163927 D 63793 utils/sqlite/database.cpp:275: Creating statement: SELECT * FROM test
20150728-163927 D 63793 utils/sqlite/statement.cpp:195: Step statement; row available for processing
20150728-163927 D 63793 utils/sqlite/statement.cpp:192: Step statement; no more rows
===> local/kyua/store/dbtypes_test:timestamp__get_invalid_value
Result: passed
Duration: 0.034s

Metadata:
    allowed_architectures is empty
    allowed_platforms is empty
    description is empty
    has_cleanup = false
    required_configs is empty
    required_disk_space = 0
    required_files is empty
    required_memory = 0
    required_programs is empty
    required_user is empty
    timeout = 300

Standard error:
20150728-163927 D 63795 utils/sqlite/database.cpp:275: Creating statement: INSERT INTO test VALUES (:v)
20150728-163927 D 63795 utils/sqlite/statement.cpp:192: Step statement; no more rows
20150728-163927 D 63795 utils/sqlite/database.cpp:275: Creating statement: SELECT * FROM test
20150728-163927 D 63795 utils/sqlite/statement.cpp:195: Step statement; row available for processing
20150728-163927 D 63795 utils/sqlite/statement.cpp:192: Step statement; no more rows
===> local/kyua/store/dbtypes_test:timestamp__ok
Result: passed
Duration: 0.038s

Metadata:
    allowed_architectures is empty
    allowed_platforms is empty
    description is empty
    has_cleanup = false
    required_configs is empty
    required_disk_space = 0
    required_files is empty
    required_memory = 0
    required_programs is empty
    required_user is empty
    timeout = 300

Standard error:
20150728-163927 D 63797 utils/sqlite/database.cpp:275: Creating statement: INSERT INTO test VALUES (:v)
20150728-163927 D 63797 utils/sqlite/statement.cpp:192: Step statement; no more rows
20150728-163927 D 63797 utils/sqlite/database.cpp:275: Creating statement: SELECT * FROM test
20150728-163927 D 63797 utils/sqlite/statement.cpp:195: Step statement; row available for processing
20150728-163927 D 63797 utils/sqlite/statement.cpp:192: Step statement; no more rows
20150728-163927 D 63797 utils/sqlite/database.cpp:275: Creating statement: INSERT INTO test VALUES (:v)
20150728-163927 D 63797 utils/sqlite/statement.cpp:192: Step statement; no more rows
20150728-163927 D 63797 utils/sqlite/database.cpp:275: Creating statement: SELECT * FROM test
20150728-163927 D 63797 utils/sqlite/statement.cpp:195: Step statement; row available for processing
20150728-163927 D 63797 utils/sqlite/statement.cpp:192: Step statement; no more rows
20150728-163927 D 63797 utils/sqlite/database.cpp:275: Creating statement: INSERT INTO test VALUES (:v)
20150728-163927 D 63797 utils/sqlite/statement.cpp:192: Step statement; no more rows
20150728-163927 D 63797 utils/sqlite/database.cpp:275: Creating statement: SELECT * FROM test
20150728-163927 D 63797 utils/sqlite/statement.cpp:195: Step statement; row available for processing
20150728-163927 D 63797 utils/sqlite/statement.cpp:192: Step statement; no more rows
20150728-163927 D 63797 utils/sqlite/database.cpp:275: Creating statement: INSERT INTO test VALUES (:v)
20150728-163927 D 63797 utils/sqlite/statement.cpp:192: Step statement; no more rows
20150728-163927 D 63797 utils/sqlite/database.cpp:275: Creating statement: SELECT * FROM test
20150728-163927 D 63797 utils/sqlite/statement.cpp:195: Step statement; row available for processing
20150728-163927 D 63797 utils/sqlite/statement.cpp:192: Step statement; no more rows
===> local/kyua/store/exceptions_test:error
Result: passed
Duration: 0.451s

Metadata:
    allowed_architectures is empty
    allowed_platforms is empty
    description is empty
    has_cleanup = false
    required_configs is empty
    required_disk_space = 0
    required_files is empty
    required_memory = 0
    required_programs is empty
    required_user is empty
    timeout = 300
===> local/kyua/store/exceptions_test:integrity_error
Result: passed
Duration: 0.409s

Metadata:
    allowed_architectures is empty
    allowed_platforms is empty
    description is empty
    has_cleanup = false
    required_configs is empty
    required_disk_space = 0
    required_files is empty
    required_memory = 0
    required_programs is empty
    required_user is empty
    timeout = 300
===> local/kyua/store/exceptions_test:old_schema_error
Result: passed
Duration: 0.079s

Metadata:
    allowed_architectures is empty
    allowed_platforms is empty
    description is empty
    has_cleanup = false
    required_configs is empty
    required_disk_space = 0
    required_files is empty
    required_memory = 0
    required_programs is empty
    required_user is empty
    timeout = 300
===> local/kyua/store/layout_test:find_results__directory
Result: passed
Duration: 0.207s

Metadata:
    allowed_architectures is empty
    allowed_platforms is empty
    description is empty
    has_cleanup = false
    required_configs is empty
    required_disk_space = 0
    required_files is empty
    required_memory = 0
    required_programs is empty
    required_user is empty
    timeout = 300

Standard error:
20150728-163928 D 63809 utils/env.cpp:92: Environment variable 'HOME' is '/tmp/kyua.atf-tester.YPeGPp'
20150728-163928 I 63809 store/layout.cpp:158: Searching for a results file with id dir1/foo
20150728-163928 D 63809 utils/env.cpp:92: Environment variable 'HOME' is '/tmp/kyua.atf-tester.YPeGPp'
20150728-163928 I 63809 store/layout.cpp:158: Searching for a results file with id dir1/bar
20150728-163928 D 63809 utils/env.cpp:92: Environment variable 'HOME' is '/tmp/kyua.atf-tester.YPeGPp'
20150728-163928 I 63809 store/layout.cpp:158: Searching for a results file with id dir1/foo
20150728-163928 D 63809 utils/env.cpp:92: Environment variable 'HOME' is '/tmp/kyua.atf-tester.YPeGPp'
20150728-163928 I 63809 store/layout.cpp:158: Searching for a results file with id dir1/foo
20150728-163928 D 63809 utils/env.cpp:92: Environment variable 'HOME' is '/tmp/kyua.atf-tester.YPeGPp'
===> local/kyua/store/layout_test:find_results__file
Result: passed
Duration: 0.125s

Metadata:
    allowed_architectures is empty
    allowed_platforms is empty
    description is empty
    has_cleanup = false
    required_configs is empty
    required_disk_space = 0
    required_files is empty
    required_memory = 0
    required_programs is empty
    required_user is empty
    timeout = 300

Standard error:
20150728-163928 D 63811 utils/env.cpp:92: Environment variable 'HOME' is '/tmp/kyua.atf-tester.niTidf'
20150728-163928 I 63811 store/layout.cpp:158: Searching for a results file with id a-file.db
===> local/kyua/store/layout_test:find_results__id
Result: passed
Duration: 0.096s

Metadata:
    allowed_architectures is empty
    allowed_platforms is empty
    description is empty
    has_cleanup = false
    required_configs is empty
    required_disk_space = 0
    required_files is empty
    required_memory = 0
    required_programs is empty
    required_user is empty
    timeout = 300

Standard error:
20150728-163928 D 63813 utils/env.cpp:92: Environment variable 'HOME' is '/tmp/kyua.atf-tester.FNXSJu'
20150728-163928 I 63813 store/layout.cpp:158: Searching for a results file with id tmp_kyua.atf-tester.FNXSJu_dir1_foo
20150728-163928 D 63813 utils/env.cpp:92: Environment variable 'HOME' is '/tmp/kyua.atf-tester.FNXSJu'
20150728-163928 D 63813 utils/env.cpp:92: Environment variable 'HOME' is '/tmp/kyua.atf-tester.FNXSJu'
20150728-163928 I 63813 store/layout.cpp:158: Searching for a results file with id tmp_kyua.atf-tester.FNXSJu_dir1_bar
20150728-163928 D 63813 utils/env.cpp:92: Environment variable 'HOME' is '/tmp/kyua.atf-tester.FNXSJu'
20150728-163928 D 63813 utils/env.cpp:92: Environment variable 'HOME' is '/tmp/kyua.atf-tester.FNXSJu'
20150728-163928 I 63813 store/layout.cpp:158: Searching for a results file with id tmp_kyua.atf-tester.FNXSJu_dir1_foo
20150728-163928 D 63813 utils/env.cpp:92: Environment variable 'HOME' is '/tmp/kyua.atf-tester.FNXSJu'
20150728-163928 D 63813 utils/env.cpp:92: Environment variable 'HOME' is '/tmp/kyua.atf-tester.FNXSJu'
20150728-163928 I 63813 store/layout.cpp:158: Searching for a results file with id tmp_kyua.atf-tester.FNXSJu_dir1_foo
20150728-163928 D 63813 utils/env.cpp:92: Environment variable 'HOME' is '/tmp/kyua.atf-tester.FNXSJu'
20150728-163928 D 63813 utils/env.cpp:92: Environment variable 'HOME' is '/tmp/kyua.atf-tester.FNXSJu'
===> local/kyua/store/layout_test:find_results__id_with_timestamp
Result: passed
Duration: 0.086s

Metadata:
    allowed_architectures is empty
    allowed_platforms is empty
    description is empty
    has_cleanup = false
    required_configs is empty
    required_disk_space = 0
    required_files is empty
    required_memory = 0
    required_programs is empty
    required_user is empty
    timeout = 300

Standard error:
20150728-163928 D 63815 utils/env.cpp:92: Environment variable 'HOME' is '/tmp/kyua.atf-tester.UMokXF'
20150728-163928 I 63815 store/layout.cpp:158: Searching for a results file with id tmp_kyua.atf-tester.UMokXF_dir1_foo.20140613-194515-000000
20150728-163928 D 63815 utils/env.cpp:92: Environment variable 'HOME' is '/tmp/kyua.atf-tester.UMokXF'
20150728-163928 I 63815 store/layout.cpp:158: Searching for a results file with id tmp_kyua.atf-tester.UMokXF_dir1_foo.20140614-194515-123456
20150728-163928 D 63815 utils/env.cpp:92: Environment variable 'HOME' is '/tmp/kyua.atf-tester.UMokXF'
20150728-163928 I 63815 store/layout.cpp:158: Searching for a results file with id tmp_kyua.atf-tester.UMokXF_dir1_bar.20140615-111111-000000
20150728-163928 D 63815 utils/env.cpp:92: Environment variable 'HOME' is '/tmp/kyua.atf-tester.UMokXF'
===> local/kyua/store/layout_test:find_results__latest
Result: passed
Duration: 0.118s

Metadata:
    allowed_architectures is empty
    allowed_platforms is empty
    description is empty
    has_cleanup = false
    required_configs is empty
    required_disk_space = 0
    required_files is empty
    required_memory = 0
    required_programs is empty
    required_user is empty
    timeout = 300

Standard error:
20150728-163929 D 63817 utils/env.cpp:92: Environment variable 'HOME' is '/tmp/kyua.atf-tester.k8pqzN'
20150728-163929 I 63817 store/layout.cpp:158: Searching for a results file with id LATEST
20150728-163929 D 63817 utils/env.cpp:92: Environment variable 'HOME' is '/tmp/kyua.atf-tester.k8pqzN'
20150728-163929 I 63817 store/layout.cpp:158: Searching for a results file with id LATEST
20150728-163929 D 63817 utils/env.cpp:92: Environment variable 'HOME' is '/tmp/kyua.atf-tester.k8pqzN'
20150728-163929 I 63817 store/layout.cpp:158: Searching for a results file with id LATEST
20150728-163929 D 63817 utils/env.cpp:92: Environment variable 'HOME' is '/tmp/kyua.atf-tester.k8pqzN'
===> local/kyua/store/layout_test:find_results__not_found
Result: passed
Duration: 0.088s

Metadata:
    allowed_architectures is empty
    allowed_platforms is empty
    description is empty
    has_cleanup = false
    required_configs is empty
    required_disk_space = 0
    required_files is empty
    required_memory = 0
    required_programs is empty
    required_user is empty
    timeout = 300

Standard output:
Current candidate: results.foo.20140613-194515-012345.db
Current candidate: results.foo_bar.20140613-194515-012345
Current candidate: foo_bar.20140613-194515-012345.db
Current candidate: results.foo_bar.2010613-194515-012345.db
Current candidate: results.foo_bar.20140613-19515-012345.db
Current candidate: results.foo_bar.20140613-194515-01245.db

Standard error:
20150728-163929 I 63819 store/layout.cpp:158: Searching for a results file with id foo_bar
20150728-163929 D 63819 utils/env.cpp:92: Environment variable 'HOME' is '/tmp/kyua.atf-tester.lBTt6W'
20150728-163929 D 63819 utils/env.cpp:92: Environment variable 'HOME' is '/tmp/kyua.atf-tester.lBTt6W'
20150728-163929 W 63819 store/layout.cpp:78: Failed to open store dir /tmp/kyua.atf-tester.lBTt6W/.kyua/store: No such file or directory
20150728-163929 D 63819 utils/env.cpp:92: Environment variable 'HOME' is '/tmp/kyua.atf-tester.lBTt6W'
20150728-163929 I 63819 store/layout.cpp:158: Searching for a results file with id foo_bar
20150728-163929 D 63819 utils/env.cpp:92: Environment variable 'HOME' is '/tmp/kyua.atf-tester.lBTt6W'
20150728-163929 D 63819 utils/env.cpp:92: Environment variable 'HOME' is '/tmp/kyua.atf-tester.lBTt6W'
20150728-163929 I 63819 store/layout.cpp:158: Searching for a results file with id foo_bar
20150728-163929 D 63819 utils/env.cpp:92: Environment variable 'HOME' is '/tmp/kyua.atf-tester.lBTt6W'
20150728-163929 D 63819 utils/env.cpp:92: Environment variable 'HOME' is '/tmp/kyua.atf-tester.lBTt6W'
20150728-163929 I 63819 store/layout.cpp:158: Searching for a results file with id foo_bar
20150728-163929 D 63819 utils/env.cpp:92: Environment variable 'HOME' is '/tmp/kyua.atf-tester.lBTt6W'
20150728-163929 D 63819 utils/env.cpp:92: Environment variable 'HOME' is '/tmp/kyua.atf-tester.lBTt6W'
20150728-163929 I 63819 store/layout.cpp:158: Searching for a results file with id foo_bar
20150728-163929 D 63819 utils/env.cpp:92: Environment variable 'HOME' is '/tmp/kyua.atf-tester.lBTt6W'
20150728-163929 D 63819 utils/env.cpp:92: Environment variable 'HOME' is '/tmp/kyua.atf-tester.lBTt6W'
20150728-163929 I 63819 store/layout.cpp:158: Searching for a results file with id foo_bar
20150728-163929 D 63819 utils/env.cpp:92: Environment variable 'HOME' is '/tmp/kyua.atf-tester.lBTt6W'
20150728-163929 D 63819 utils/env.cpp:92: Environment variable 'HOME' is '/tmp/kyua.atf-tester.lBTt6W'
20150728-163929 I 63819 store/layout.cpp:158: Searching for a results file with id foo_bar
20150728-163929 D 63819 utils/env.cpp:92: Environment variable 'HOME' is '/tmp/kyua.atf-tester.lBTt6W'
20150728-163929 D 63819 utils/env.cpp:92: Environment variable 'HOME' is '/tmp/kyua.atf-tester.lBTt6W'
20150728-163929 I 63819 store/layout.cpp:158: Searching for a results file with id foo_bar
20150728-163929 D 63819 utils/env.cpp:92: Environment variable 'HOME' is '/tmp/kyua.atf-tester.lBTt6W'
20150728-163929 D 63819 utils/env.cpp:92: Environment variable 'HOME' is '/tmp/kyua.atf-tester.lBTt6W'
20150728-163929 I 63819 store/layout.cpp:158: Searching for a results file with id foo_bar
20150728-163929 D 63819 utils/env.cpp:92: Environment variable 'HOME' is '/tmp/kyua.atf-tester.lBTt6W'
20150728-163929 D 63819 utils/env.cpp:92: Environment variable 'HOME' is '/tmp/kyua.atf-tester.lBTt6W'
===> local/kyua/store/layout_test:new_db__explicit
Result: passed
Duration: 0.079s

Metadata:
    allowed_architectures is empty
    allowed_platforms is empty
    description is empty
    has_cleanup = false
    required_configs is empty
    required_disk_space = 0
    required_files is empty
    required_memory = 0
    required_programs is empty
    required_user is empty
    timeout = 300
===> local/kyua/store/layout_test:new_db__new
Result: passed
Duration: 0.081s

Metadata:
    allowed_architectures is empty
    allowed_platforms is empty
    description is empty
    has_cleanup = false
    required_configs is empty
    required_disk_space = 0
    required_files is empty
    required_memory = 0
    required_programs is empty
    required_user is empty
    timeout = 300

Standard error:
20140613-194515 D 63823 utils/env.cpp:92: Environment variable 'HOME' is '/tmp/kyua.atf-tester.8gNkWV'
20140613-194515 D 63823 utils/env.cpp:92: Environment variable 'HOME' is '/tmp/kyua.atf-tester.8gNkWV'
===> local/kyua/store/layout_test:new_db_for_migration
Result: passed
Duration: 0.091s

Metadata:
    allowed_architectures is empty
    allowed_platforms is empty
    description is empty
    has_cleanup = false
    required_configs is empty
    required_disk_space = 0
    required_files is empty
    required_memory = 0
    required_programs is empty
    required_user is empty
    timeout = 300

Standard error:
20150728-163929 D 63825 utils/env.cpp:92: Environment variable 'HOME' is '/tmp/kyua.atf-tester.NClp4D'
20150728-163929 D 63825 utils/env.cpp:92: Environment variable 'HOME' is '/tmp/kyua.atf-tester.NClp4D'
===> local/kyua/store/layout_test:query_store_dir__home_absolute
Result: passed
Duration: 0.055s

Metadata:
    allowed_architectures is empty
    allowed_platforms is empty
    description is empty
    has_cleanup = false
    required_configs is empty
    required_disk_space = 0
    required_files is empty
    required_memory = 0
    required_programs is empty
    required_user is empty
    timeout = 300

Standard error:
20150728-163929 D 63827 utils/env.cpp:152: Setting environment variable 'HOME' to '/tmp/kyua.atf-tester.8RecOl/homedir'
20150728-163929 D 63827 utils/env.cpp:92: Environment variable 'HOME' is '/tmp/kyua.atf-tester.8RecOl/homedir'
===> local/kyua/store/layout_test:query_store_dir__home_relative
Result: passed
Duration: 0.053s

Metadata:
    allowed_architectures is empty
    allowed_platforms is empty
    description is empty
    has_cleanup = false
    required_configs is empty
    required_disk_space = 0
    required_files is empty
    required_memory = 0
    required_programs is empty
    required_user is empty
    timeout = 300

Standard error:
20150728-163929 D 63829 utils/env.cpp:152: Setting environment variable 'HOME' to 'homedir'
20150728-163929 D 63829 utils/env.cpp:92: Environment variable 'HOME' is 'homedir'
===> local/kyua/store/layout_test:query_store_dir__no_home
Result: passed
Duration: 0.112s

Metadata:
    allowed_architectures is empty
    allowed_platforms is empty
    description is empty
    has_cleanup = false
    required_configs is empty
    required_disk_space = 0
    required_files is empty
    required_memory = 0
    required_programs is empty
    required_user is empty
    timeout = 300

Standard error:
20150728-163929 D 63831 utils/env.cpp:182: Unsetting environment variable 'HOME'
20150728-163929 D 63831 utils/env.cpp:89: Environment variable 'HOME' is not defined
20150728-163929 W 63831 store/layout.cpp:252: HOME not defined; creating store database in current directory
===> local/kyua/store/layout_test:test_suite_for_path__absolute
Result: passed
Duration: 0.054s

Metadata:
    allowed_architectures is empty
    allowed_platforms is empty
    description is empty
    has_cleanup = false
    required_configs is empty
    required_disk_space = 0
    required_files is empty
    required_memory = 0
    required_programs is empty
    required_user is empty
    timeout = 300
===> local/kyua/store/layout_test:test_suite_for_path__relative
Result: passed
Duration: 0.041s

Metadata:
    allowed_architectures is empty
    allowed_platforms is empty
    description is empty
    has_cleanup = false
    required_configs is empty
    required_disk_space = 0
    required_files is empty
    required_memory = 0
    required_programs is empty
    required_user is empty
    timeout = 300
===> local/kyua/store/metadata_test:fetch_latest__empty_metadata
Result: passed
Duration: 0.224s

Metadata:
    allowed_architectures is empty
    allowed_platforms is empty
    description is empty
    has_cleanup = false
    required_configs is empty
    required_disk_space = 0
    required_files = /usr/local/share/kyua/store/schema_v3.sql
    required_memory = 0
    required_programs is empty
    required_user is empty
    timeout = 300
===> local/kyua/store/metadata_test:fetch_latest__invalid_timestamp
Result: passed
Duration: 0.063s

Metadata:
    allowed_architectures is empty
    allowed_platforms is empty
    description is empty
    has_cleanup = false
    required_configs is empty
    required_disk_space = 0
    required_files = /usr/local/share/kyua/store/schema_v3.sql
    required_memory = 0
    required_programs is empty
    required_user is empty
    timeout = 300
===> local/kyua/store/metadata_test:fetch_latest__no_schema_version
Result: passed
Duration: 0.097s

Metadata:
    allowed_architectures is empty
    allowed_platforms is empty
    description is empty
    has_cleanup = false
    required_configs is empty
    required_disk_space = 0
    required_files is empty
    required_memory = 0
    required_programs is empty
    required_user is empty
    timeout = 300
===> local/kyua/store/metadata_test:fetch_latest__no_timestamp
Result: passed
Duration: 0.076s

Metadata:
    allowed_architectures is empty
    allowed_platforms is empty
    description is empty
    has_cleanup = false
    required_configs is empty
    required_disk_space = 0
    required_files is empty
    required_memory = 0
    required_programs is empty
    required_user is empty
    timeout = 300
===> local/kyua/store/metadata_test:fetch_latest__ok
Result: passed
Duration: 0.082s

Metadata:
    allowed_architectures is empty
    allowed_platforms is empty
    description is empty
    has_cleanup = false
    required_configs is empty
    required_disk_space = 0
    required_files = /usr/local/share/kyua/store/schema_v3.sql
    required_memory = 0
    required_programs is empty
    required_user is empty
    timeout = 300
===> local/kyua/store/migrate_test:detail__backup_database__fail_create
Result: passed
Duration: 0.233s

Metadata:
    allowed_architectures is empty
    allowed_platforms is empty
    description is empty
    has_cleanup = false
    required_configs is empty
    required_disk_space = 0
    required_files is empty
    required_memory = 0
    required_programs is empty
    required_user = unprivileged
    timeout = 300

Standard error:
20150728-163930 I 63851 store/migrate.cpp:247: Backing up database dir/test.db to dir/test.db.v13.backup
===> local/kyua/store/migrate_test:detail__backup_database__fail_open
Result: passed
Duration: 0.087s

Metadata:
    allowed_architectures is empty
    allowed_platforms is empty
    description is empty
    has_cleanup = false
    required_configs is empty
    required_disk_space = 0
    required_files is empty
    required_memory = 0
    required_programs is empty
    required_user is empty
    timeout = 300

Standard error:
20150728-163930 I 63853 store/migrate.cpp:247: Backing up database foo.db to foo.db.v5.backup
===> local/kyua/store/migrate_test:detail__backup_database__ok
Result: passed
Duration: 0.080s

Metadata:
    allowed_architectures is empty
    allowed_platforms is empty
    description is empty
    has_cleanup = false
    required_configs is empty
    required_disk_space = 0
    required_files is empty
    required_memory = 0
    required_programs is empty
    required_user is empty
    timeout = 300

Standard error:
20150728-163930 I 63855 store/migrate.cpp:247: Backing up database test.db to test.db.v13.backup
===> local/kyua/store/migrate_test:detail__backup_database__ok_overwrite
Result: passed
Duration: 0.066s

Metadata:
    allowed_architectures is empty
    allowed_platforms is empty
    description is empty
    has_cleanup = false
    required_configs is empty
    required_disk_space = 0
    required_files is empty
    required_memory = 0
    required_programs is empty
    required_user is empty
    timeout = 300

Standard error:
20150728-163930 I 63857 store/migrate.cpp:247: Backing up database test.db to test.db.v1.backup
===> local/kyua/store/migrate_test:detail__migration_file__builtin
Result: passed
Duration: 0.102s

Metadata:
    allowed_architectures is empty
    allowed_platforms is empty
    description is empty
    has_cleanup = false
    required_configs is empty
    required_disk_space = 0
    required_files is empty
    required_memory = 0
    required_programs is empty
    required_user is empty
    timeout = 300

Standard error:
20150728-163930 D 63859 utils/env.cpp:182: Unsetting environment variable 'KYUA_STOREDIR'
20150728-163930 D 63859 utils/env.cpp:111: Environment variable 'KYUA_STOREDIR' is not defined; using default '/usr/local/share/kyua/store'
===> local/kyua/store/migrate_test:detail__migration_file__overriden
Result: passed
Duration: 0.112s

Metadata:
    allowed_architectures is empty
    allowed_platforms is empty
    description is empty
    has_cleanup = false
    required_configs is empty
    required_disk_space = 0
    required_files is empty
    required_memory = 0
    required_programs is empty
    required_user is empty
    timeout = 300

Standard error:
20150728-163931 D 63861 utils/env.cpp:152: Setting environment variable 'KYUA_STOREDIR' to '/tmp/test'
20150728-163931 D 63861 utils/env.cpp:114: Environment variable 'KYUA_STOREDIR' is '/tmp/test'
===> local/kyua/store/read_backend_test:detail__open_and_setup__missing_file
Result: passed
Duration: 0.221s

Metadata:
    allowed_architectures is empty
    allowed_platforms is empty
    description is empty
    has_cleanup = false
    required_configs is empty
    required_disk_space = 0
    required_files is empty
    required_memory = 0
    required_programs is empty
    required_user is empty
    timeout = 300
===> local/kyua/store/read_backend_test:detail__open_and_setup__ok
Result: passed
Duration: 0.219s

Metadata:
    allowed_architectures is empty
    allowed_platforms is empty
    description is empty
    has_cleanup = false
    required_configs is empty
    required_disk_space = 0
    required_files is empty
    required_memory = 0
    required_programs is empty
    required_user is empty
    timeout = 300
===> local/kyua/store/read_backend_test:read_backend__close
Result: passed
Duration: 0.226s

Metadata:
    allowed_architectures is empty
    allowed_platforms is empty
    description is empty
    has_cleanup = false
    required_configs is empty
    required_disk_space = 0
    required_files = /usr/local/share/kyua/store/schema_v3.sql
    required_memory = 0
    required_programs is empty
    required_user is empty
    timeout = 300
===> local/kyua/store/read_backend_test:read_backend__open_ro__integrity_error
Result: passed
Duration: 0.126s

Metadata:
    allowed_architectures is empty
    allowed_platforms is empty
    description is empty
    has_cleanup = false
    required_configs is empty
    required_disk_space = 0
    required_files = /usr/local/share/kyua/store/schema_v3.sql
    required_memory = 0
    required_programs is empty
    required_user is empty
    timeout = 300
===> local/kyua/store/read_backend_test:read_backend__open_ro__missing_file
Result: passed
Duration: 0.164s

Metadata:
    allowed_architectures is empty
    allowed_platforms is empty
    description is empty
    has_cleanup = false
    required_configs is empty
    required_disk_space = 0
    required_files is empty
    required_memory = 0
    required_programs is empty
    required_user is empty
    timeout = 300
===> local/kyua/store/read_backend_test:read_backend__open_ro__ok
Result: passed
Duration: 0.178s

Metadata:
    allowed_architectures is empty
    allowed_platforms is empty
    description is empty
    has_cleanup = false
    required_configs is empty
    required_disk_space = 0
    required_files = /usr/local/share/kyua/store/schema_v3.sql
    required_memory = 0
    required_programs is empty
    required_user is empty
    timeout = 300
===> local/kyua/store/read_transaction_test:get_context__invalid_cwd
Result: passed
Duration: 0.928s

Metadata:
    allowed_architectures is empty
    allowed_platforms is empty
    description is empty
    has_cleanup = false
    required_configs is empty
    required_disk_space = 0
    required_files = /usr/local/share/kyua/store/schema_v3.sql
    required_memory = 0
    required_programs is empty
    required_user is empty
    timeout = 300
===> local/kyua/store/read_transaction_test:get_context__invalid_env_vars
Result: passed
Duration: 0.244s

Metadata:
    allowed_architectures is empty
    allowed_platforms is empty
    description is empty
    has_cleanup = false
    required_configs is empty
    required_disk_space = 0
    required_files = /usr/local/share/kyua/store/schema_v3.sql
    required_memory = 0
    required_programs is empty
    required_user is empty
    timeout = 300
===> local/kyua/store/read_transaction_test:get_context__missing
Result: passed
Duration: 0.122s

Metadata:
    allowed_architectures is empty
    allowed_platforms is empty
    description is empty
    has_cleanup = false
    required_configs is empty
    required_disk_space = 0
    required_files = /usr/local/share/kyua/store/schema_v3.sql
    required_memory = 0
    required_programs is empty
    required_user is empty
    timeout = 300
===> local/kyua/store/read_transaction_test:get_results__many
Result: passed
Duration: 0.263s

Metadata:
    allowed_architectures is empty
    allowed_platforms is empty
    description is empty
    has_cleanup = false
    required_configs is empty
    required_disk_space = 0
    required_files = /usr/local/share/kyua/store/schema_v3.sql
    required_memory = 0
    required_programs is empty
    required_user is empty
    timeout = 300
===> local/kyua/store/read_transaction_test:get_results__none
Result: passed
Duration: 0.071s

Metadata:
    allowed_architectures is empty
    allowed_platforms is empty
    description is empty
    has_cleanup = false
    required_configs is empty
    required_disk_space = 0
    required_files = /usr/local/share/kyua/store/schema_v3.sql
    required_memory = 0
    required_programs is empty
    required_user is empty
    timeout = 300
===> local/kyua/store/schema_inttest:current_schema_1
Result: passed
Duration: 0.157s

Metadata:
    allowed_architectures is empty
    allowed_platforms is empty
    description is empty
    has_cleanup = false
    required_configs is empty
    required_disk_space = 0
    required_files = /usr/local/share/kyua/store/schema_v3.sql /usr/local/tests/kyua/store/testdata_v3_1.sql
    required_memory = 0
    required_programs is empty
    required_user is empty
    timeout = 300
===> local/kyua/store/schema_inttest:current_schema_2
Result: passed
Duration: 0.163s

Metadata:
    allowed_architectures is empty
    allowed_platforms is empty
    description is empty
    has_cleanup = false
    required_configs is empty
    required_disk_space = 0
    required_files = /usr/local/share/kyua/store/schema_v3.sql /usr/local/tests/kyua/store/testdata_v3_2.sql
    required_memory = 0
    required_programs is empty
    required_user is empty
    timeout = 300
===> local/kyua/store/schema_inttest:current_schema_3
Result: passed
Duration: 0.182s

Metadata:
    allowed_architectures is empty
    allowed_platforms is empty
    description is empty
    has_cleanup = false
    required_configs is empty
    required_disk_space = 0
    required_files = /usr/local/share/kyua/store/schema_v3.sql /usr/local/tests/kyua/store/testdata_v3_3.sql
    required_memory = 0
    required_programs is empty
    required_user is empty
    timeout = 300
===> local/kyua/store/schema_inttest:current_schema_4
Result: passed
Duration: 0.204s

Metadata:
    allowed_architectures is empty
    allowed_platforms is empty
    description is empty
    has_cleanup = false
    required_configs is empty
    required_disk_space = 0
    required_files = /usr/local/share/kyua/store/schema_v3.sql /usr/local/tests/kyua/store/testdata_v3_4.sql
    required_memory = 0
    required_programs is empty
    required_user is empty
    timeout = 300
===> local/kyua/store/schema_inttest:migrate_schema__from_v1
Result: passed
Duration: 3.895s

Metadata:
    allowed_architectures is empty
    allowed_platforms is empty
    description is empty
    has_cleanup = false
    required_configs is empty
    required_disk_space = 0
    required_files = /usr/local/share/kyua/store/migrate_v1_v2.sql /usr/local/share/kyua/store/migrate_v2_v3.sql /usr/local/tests/kyua/store/schema_v1.sql /usr/local/tests/kyua/store/testdata_v1.sql
    required_memory = 0
    required_programs is empty
    required_user is empty
    timeout = 300
===> local/kyua/store/schema_inttest:migrate_schema__from_v2
Result: passed
Duration: 0.429s

Metadata:
    allowed_architectures is empty
    allowed_platforms is empty
    description is empty
    has_cleanup = false
    required_configs is empty
    required_disk_space = 0
    required_files = /usr/local/share/kyua/store/migrate_v2_v3.sql /usr/local/tests/kyua/store/schema_v2.sql /usr/local/tests/kyua/store/testdata_v2.sql
    required_memory = 0
    required_programs is empty
    required_user is empty
    timeout = 300
===> local/kyua/store/transaction_test:get_put_context__ok
Result: passed
Duration: 0.157s

Metadata:
    allowed_architectures is empty
    allowed_platforms is empty
    description is empty
    has_cleanup = false
    required_configs is empty
    required_disk_space = 0
    required_files = /usr/local/share/kyua/store/schema_v3.sql
    required_memory = 0
    required_programs is empty
    required_user is empty
    timeout = 300
===> local/kyua/store/transaction_test:get_put_test_case__ok
Result: passed
Duration: 0.057s

Metadata:
    allowed_architectures is empty
    allowed_platforms is empty
    description is empty
    has_cleanup = false
    required_configs is empty
    required_disk_space = 0
    required_files = /usr/local/share/kyua/store/schema_v3.sql
    required_memory = 0
    required_programs is empty
    required_user is empty
    timeout = 300
===> local/kyua/store/write_backend_test:detail__initialize__missing_schema
Result: passed
Duration: 0.257s

Metadata:
    allowed_architectures is empty
    allowed_platforms is empty
    description is empty
    has_cleanup = false
    required_configs is empty
    required_disk_space = 0
    required_files is empty
    required_memory = 0
    required_programs is empty
    required_user is empty
    timeout = 300
===> local/kyua/store/write_backend_test:detail__initialize__ok
Result: passed
Duration: 0.051s

Metadata:
    allowed_architectures is empty
    allowed_platforms is empty
    description is empty
    has_cleanup = false
    required_configs is empty
    required_disk_space = 0
    required_files = /usr/local/share/kyua/store/schema_v3.sql
    required_memory = 0
    required_programs is empty
    required_user is empty
    timeout = 300
===> local/kyua/store/write_backend_test:detail__initialize__sqlite_error
Result: passed
Duration: 0.036s

Metadata:
    allowed_architectures is empty
    allowed_platforms is empty
    description is empty
    has_cleanup = false
    required_configs is empty
    required_disk_space = 0
    required_files is empty
    required_memory = 0
    required_programs is empty
    required_user is empty
    timeout = 300
===> local/kyua/store/write_backend_test:detail__schema_file__builtin
Result: passed
Duration: 0.029s

Metadata:
    allowed_architectures is empty
    allowed_platforms is empty
    description is empty
    has_cleanup = false
    required_configs is empty
    required_disk_space = 0
    required_files is empty
    required_memory = 0
    required_programs is empty
    required_user is empty
    timeout = 300
===> local/kyua/store/write_backend_test:detail__schema_file__overriden
Result: passed
Duration: 0.049s

Metadata:
    allowed_architectures is empty
    allowed_platforms is empty
    description is empty
    has_cleanup = false
    required_configs is empty
    required_disk_space = 0
    required_files is empty
    required_memory = 0
    required_programs is empty
    required_user is empty
    timeout = 300
===> local/kyua/store/write_backend_test:write_backend__close
Result: passed
Duration: 0.101s

Metadata:
    allowed_architectures is empty
    allowed_platforms is empty
    description is empty
    has_cleanup = false
    required_configs is empty
    required_disk_space = 0
    required_files = /usr/local/share/kyua/store/schema_v3.sql
    required_memory = 0
    required_programs is empty
    required_user is empty
    timeout = 300
===> local/kyua/store/write_backend_test:write_backend__open_rw__create_missing
Result: passed
Duration: 0.082s

Metadata:
    allowed_architectures is empty
    allowed_platforms is empty
    description is empty
    has_cleanup = false
    required_configs is empty
    required_disk_space = 0
    required_files = /usr/local/share/kyua/store/schema_v3.sql
    required_memory = 0
    required_programs is empty
    required_user is empty
    timeout = 300
===> local/kyua/store/write_backend_test:write_backend__open_rw__integrity_error
Result: passed
Duration: 0.063s

Metadata:
    allowed_architectures is empty
    allowed_platforms is empty
    description is empty
    has_cleanup = false
    required_configs is empty
    required_disk_space = 0
    required_files = /usr/local/share/kyua/store/schema_v3.sql
    required_memory = 0
    required_programs is empty
    required_user is empty
    timeout = 300
===> local/kyua/store/write_backend_test:write_backend__open_rw__ok
Result: passed
Duration: 0.042s

Metadata:
    allowed_architectures is empty
    allowed_platforms is empty
    description is empty
    has_cleanup = false
    required_configs is empty
    required_disk_space = 0
    required_files = /usr/local/share/kyua/store/schema_v3.sql
    required_memory = 0
    required_programs is empty
    required_user is empty
    timeout = 300
===> local/kyua/store/write_transaction_test:commit__fail
Result: passed
Duration: 0.085s

Metadata:
    allowed_architectures is empty
    allowed_platforms is empty
    description is empty
    has_cleanup = false
    required_configs is empty
    required_disk_space = 0
    required_files = /usr/local/share/kyua/store/schema_v3.sql
    required_memory = 0
    required_programs is empty
    required_user is empty
    timeout = 300
===> local/kyua/store/write_transaction_test:commit__ok
Result: passed
Duration: 0.056s

Metadata:
    allowed_architectures is empty
    allowed_platforms is empty
    description is empty
    has_cleanup = false
    required_configs is empty
    required_disk_space = 0
    required_files = /usr/local/share/kyua/store/schema_v3.sql
    required_memory = 0
    required_programs is empty
    required_user is empty
    timeout = 300
===> local/kyua/store/write_transaction_test:put_result__fail
Result: passed
Duration: 0.051s

Metadata:
    allowed_architectures is empty
    allowed_platforms is empty
    description is empty
    has_cleanup = false
    required_configs is empty
    required_disk_space = 0
    required_files = /usr/local/share/kyua/store/schema_v3.sql
    required_memory = 0
    required_programs is empty
    required_user is empty
    timeout = 300
===> local/kyua/store/write_transaction_test:put_result__ok__broken
Result: passed
Duration: 0.049s

Metadata:
    allowed_architectures is empty
    allowed_platforms is empty
    description is empty
    has_cleanup = false
    required_configs is empty
    required_disk_space = 0
    required_files = /usr/local/share/kyua/store/schema_v3.sql
    required_memory = 0
    required_programs is empty
    required_user is empty
    timeout = 300
===> local/kyua/store/write_transaction_test:put_result__ok__expected_failure
Result: passed
Duration: 0.047s

Metadata:
    allowed_architectures is empty
    allowed_platforms is empty
    description is empty
    has_cleanup = false
    required_configs is empty
    required_disk_space = 0
    required_files = /usr/local/share/kyua/store/schema_v3.sql
    required_memory = 0
    required_programs is empty
    required_user is empty
    timeout = 300
===> local/kyua/store/write_transaction_test:put_result__ok__failed
Result: passed
Duration: 0.062s

Metadata:
    allowed_architectures is empty
    allowed_platforms is empty
    description is empty
    has_cleanup = false
    required_configs is empty
    required_disk_space = 0
    required_files = /usr/local/share/kyua/store/schema_v3.sql
    required_memory = 0
    required_programs is empty
    required_user is empty
    timeout = 300
===> local/kyua/store/write_transaction_test:put_result__ok__passed
Result: passed
Duration: 0.085s

Metadata:
    allowed_architectures is empty
    allowed_platforms is empty
    description is empty
    has_cleanup = false
    required_configs is empty
    required_disk_space = 0
    required_files = /usr/local/share/kyua/store/schema_v3.sql
    required_memory = 0
    required_programs is empty
    required_user is empty
    timeout = 300
===> local/kyua/store/write_transaction_test:put_result__ok__skipped
Result: passed
Duration: 0.059s

Metadata:
    allowed_architectures is empty
    allowed_platforms is empty
    description is empty
    has_cleanup = false
    required_configs is empty
    required_disk_space = 0
    required_files = /usr/local/share/kyua/store/schema_v3.sql
    required_memory = 0
    required_programs is empty
    required_user is empty
    timeout = 300
===> local/kyua/store/write_transaction_test:put_test_case__fail
Result: passed
Duration: 0.059s

Metadata:
    allowed_architectures is empty
    allowed_platforms is empty
    description is empty
    has_cleanup = false
    required_configs is empty
    required_disk_space = 0
    required_files = /usr/local/share/kyua/store/schema_v3.sql
    required_memory = 0
    required_programs is empty
    required_user is empty
    timeout = 300
===> local/kyua/store/write_transaction_test:put_test_case_file__empty
Result: passed
Duration: 0.043s

Metadata:
    allowed_architectures is empty
    allowed_platforms is empty
    description is empty
    has_cleanup = false
    required_configs is empty
    required_disk_space = 0
    required_files = /usr/local/share/kyua/store/schema_v3.sql
    required_memory = 0
    required_programs is empty
    required_user is empty
    timeout = 300
===> local/kyua/store/write_transaction_test:put_test_case_file__fail
Result: passed
Duration: 0.060s

Metadata:
    allowed_architectures is empty
    allowed_platforms is empty
    description is empty
    has_cleanup = false
    required_configs is empty
    required_disk_space = 0
    required_files = /usr/local/share/kyua/store/schema_v3.sql
    required_memory = 0
    required_programs is empty
    required_user is empty
    timeout = 300
===> local/kyua/store/write_transaction_test:put_test_case_file__some
Result: passed
Duration: 0.069s

Metadata:
    allowed_architectures is empty
    allowed_platforms is empty
    description is empty
    has_cleanup = false
    required_configs is empty
    required_disk_space = 0
    required_files = /usr/local/share/kyua/store/schema_v3.sql
    required_memory = 0
    required_programs is empty
    required_user is empty
    timeout = 300
===> local/kyua/store/write_transaction_test:put_test_program__ok
Result: passed
Duration: 0.068s

Metadata:
    allowed_architectures is empty
    allowed_platforms is empty
    description is empty
    has_cleanup = false
    required_configs is empty
    required_disk_space = 0
    required_files = /usr/local/share/kyua/store/schema_v3.sql
    required_memory = 0
    required_programs is empty
    required_user is empty
    timeout = 300
===> local/kyua/store/write_transaction_test:rollback__ok
Result: passed
Duration: 0.195s

Metadata:
    allowed_architectures is empty
    allowed_platforms is empty
    description is empty
    has_cleanup = false
    required_configs is empty
    required_disk_space = 0
    required_files = /usr/local/share/kyua/store/schema_v3.sql
    required_memory = 0
    required_programs is empty
    required_user is empty
    timeout = 300
===> local/kyua/testers/atf_inttest:list__config
Result: passed
Duration: 0.133s

Metadata:
    allowed_architectures is empty
    allowed_platforms is empty
    description is empty
    has_cleanup = false
    required_configs is empty
    required_disk_space = 0
    required_files is empty
    required_memory = 0
    required_programs = /usr/local/libexec/kyua-atf-tester /usr/tests/local/kyua/testers/atf_helpers
    required_user is empty
    timeout = 300

Standard output:
subprocess stdout: test_case{name='fail'}
subprocess stdout: test_case{name='pass'}
subprocess stdout: test_case{name='signal'}
subprocess stdout: test_case{name='sleep'}
subprocess stdout: test_case{name='cleanup_check_work_directory', has_cleanup='true'}
subprocess stdout: test_case{name='cleanup_fail', has_cleanup='true'}
subprocess stdout: test_case{name='cleanup_signal', has_cleanup='true'}
subprocess stdout: test_case{name='cleanup_sleep', has_cleanup='true'}
subprocess stdout: test_case{name='body_and_cleanup_fail', has_cleanup='true'}
subprocess stdout: test_case{name='print_config', has_cleanup='true'}
===> local/kyua/testers/atf_inttest:list__ok
Result: passed
Duration: 0.052s

Metadata:
    allowed_architectures is empty
    allowed_platforms is empty
    description is empty
    has_cleanup = false
    required_configs is empty
    required_disk_space = 0
    required_files is empty
    required_memory = 0
    required_programs = /usr/local/libexec/kyua-atf-tester /usr/tests/local/kyua/testers/atf_helpers
    required_user is empty
    timeout = 300

Standard output:
subprocess stdout: test_case{name='fail'}
subprocess stdout: test_case{name='pass'}
subprocess stdout: test_case{name='signal'}
subprocess stdout: test_case{name='sleep'}
subprocess stdout: test_case{name='cleanup_check_work_directory', has_cleanup='true'}
subprocess stdout: test_case{name='cleanup_fail', has_cleanup='true'}
subprocess stdout: test_case{name='cleanup_signal', has_cleanup='true'}
subprocess stdout: test_case{name='cleanup_sleep', has_cleanup='true'}
subprocess stdout: test_case{name='body_and_cleanup_fail', has_cleanup='true'}
subprocess stdout: test_case{name='print_config', has_cleanup='true'}
===> local/kyua/testers/atf_inttest:test__cleanup__crash
Result: passed
Duration: 2.321s

Metadata:
    allowed_architectures is empty
    allowed_platforms is empty
    description is empty
    has_cleanup = false
    required_configs is empty
    required_disk_space = 0
    required_files is empty
    required_memory = 0
    required_programs = /usr/local/libexec/kyua-atf-tester /usr/tests/local/kyua/testers/atf_helpers
    required_user is empty
    timeout = 300

Standard output:
subprocess stderr: About to die due to SIGABRT!
subprocess stderr: Process with PID 64510 dumped core; attempting to gather stack trace
subprocess stderr: (no debugging symbols found)...Core was generated by `atf_helpers'.
subprocess stderr: Program terminated with signal 6, Aborted.
subprocess stderr: (no debugging symbols found)...(no debugging symbols found)...(no debugging symbols found)...#0  0x0000000800b7555a in thr_kill () from /lib/libc.so.7
subprocess stderr: GDB exited successfully
Looking for 'About to die due to SIGABRT!' in 'About to die due to SIGABRT!'
Looking for 'attempting to gather stack trace' in 'About to die due to SIGABRT!'
Looking for 'attempting to gather stack trace' in 'Process with PID 64510 dumped core; attempting to gather stack trace'
===> local/kyua/testers/atf_inttest:test__cleanup__fail
Result: passed
Duration: 0.208s

Metadata:
    allowed_architectures is empty
    allowed_platforms is empty
    description is empty
    has_cleanup = false
    required_configs is empty
    required_disk_space = 0
    required_files is empty
    required_memory = 0
    required_programs = /usr/local/libexec/kyua-atf-tester /usr/tests/local/kyua/testers/atf_helpers
    required_user is empty
    timeout = 300
===> local/kyua/testers/atf_inttest:test__cleanup__ok
Result: passed
Duration: 0.079s

Metadata:
    allowed_architectures is empty
    allowed_platforms is empty
    description is empty
    has_cleanup = false
    required_configs is empty
    required_disk_space = 0
    required_files is empty
    required_memory = 0
    required_programs = /usr/local/libexec/kyua-atf-tester /usr/tests/local/kyua/testers/atf_helpers
    required_user is empty
    timeout = 300

Standard output:
subprocess stdout: Body stdout
subprocess stdout: Cleanup stdout
subprocess stdout: Cleanup properly ran in the same directory as the body
subprocess stderr: Body stderr
subprocess stderr: Cleanup stderr
===> local/kyua/testers/atf_inttest:test__cleanup__timeout
Result: passed
Duration: 1.274s

Metadata:
    allowed_architectures is empty
    allowed_platforms is empty
    description is empty
    has_cleanup = false
    required_configs is empty
    required_disk_space = 0
    required_files is empty
    required_memory = 0
    required_programs = /usr/local/libexec/kyua-atf-tester /usr/tests/local/kyua/testers/atf_helpers
    required_user is empty
    timeout = 300

Standard output:
subprocess stderr: Subprocess timed out; sending KILL signal...
===> local/kyua/testers/atf_inttest:test__config__builtin
Result: passed
Duration: 0.058s

Metadata:
    allowed_architectures is empty
    allowed_platforms is empty
    description is empty
    has_cleanup = false
    required_configs is empty
    required_disk_space = 0
    required_files is empty
    required_memory = 0
    required_programs = /usr/local/libexec/kyua-atf-tester /usr/tests/local/kyua/testers/atf_helpers
    required_user is empty
    timeout = 300
===> local/kyua/testers/atf_inttest:test__config__custom
Result: passed
Duration: 0.085s

Metadata:
    allowed_architectures is empty
    allowed_platforms is empty
    description is empty
    has_cleanup = false
    required_configs is empty
    required_disk_space = 0
    required_files is empty
    required_memory = 0
    required_programs = /usr/local/libexec/kyua-atf-tester /usr/tests/local/kyua/testers/atf_helpers
    required_user is empty
    timeout = 300

Standard output:
subprocess stdout: body my-var1 value1
subprocess stdout: body v2 a b c foo
subprocess stdout: cleanup my-var1 value1
subprocess stdout: cleanup v2 a b c foo
===> local/kyua/testers/atf_inttest:test__crash
Result: passed
Duration: 0.701s

Metadata:
    allowed_architectures is empty
    allowed_platforms is empty
    description is empty
    has_cleanup = false
    required_configs is empty
    required_disk_space = 0
    required_files is empty
    required_memory = 0
    required_programs = /usr/local/libexec/kyua-atf-tester /usr/tests/local/kyua/testers/atf_helpers
    required_user is empty
    timeout = 300

Standard output:
subprocess stderr: About to die due to SIGABRT!
subprocess stderr: Process with PID 64540 dumped core; attempting to gather stack trace
subprocess stderr: (no debugging symbols found)...Core was generated by `atf_helpers'.
subprocess stderr: Program terminated with signal 6, Aborted.
subprocess stderr: (no debugging symbols found)...(no debugging symbols found)...(no debugging symbols found)...#0  0x0000000800b7555a in thr_kill () from /lib/libc.so.7
subprocess stderr: GDB exited successfully
Looking for 'About to die due to SIGABRT!' in 'About to die due to SIGABRT!'
Looking for 'attempting to gather stack trace' in 'About to die due to SIGABRT!'
Looking for 'attempting to gather stack trace' in 'Process with PID 64540 dumped core; attempting to gather stack trace'
===> local/kyua/testers/atf_inttest:test__fail
Result: passed
Duration: 0.091s

Metadata:
    allowed_architectures is empty
    allowed_platforms is empty
    description is empty
    has_cleanup = false
    required_configs is empty
    required_disk_space = 0
    required_files is empty
    required_memory = 0
    required_programs = /usr/local/libexec/kyua-atf-tester /usr/tests/local/kyua/testers/atf_helpers
    required_user is empty
    timeout = 300

Standard output:
subprocess stdout: First line to stdout
subprocess stderr: First line to stderr
===> local/kyua/testers/atf_inttest:test__invalid_test_case_name
Result: passed
Duration: 0.066s

Metadata:
    allowed_architectures is empty
    allowed_platforms is empty
    description is empty
    has_cleanup = false
    required_configs is empty
    required_disk_space = 0
    required_files is empty
    required_memory = 0
    required_programs = /usr/local/libexec/kyua-atf-tester
    required_user is empty
    timeout = 300

Standard output:
subprocess stderr: atf_helpers: ERROR: Unknown test case `foo'
subprocess stderr: atf_helpers: See atf-test-program(1) for usage details.
===> local/kyua/testers/atf_inttest:test__missing_test_program
Result: passed
Duration: 0.048s

Metadata:
    allowed_architectures is empty
    allowed_platforms is empty
    description is empty
    has_cleanup = false
    required_configs is empty
    required_disk_space = 0
    required_files is empty
    required_memory = 0
    required_programs = /usr/local/libexec/kyua-atf-tester
    required_user is empty
    timeout = 300

Standard output:
subprocess stderr: kyua-atf-tester: execvp failed: No such file or directory
===> local/kyua/testers/atf_inttest:test__pass
Result: passed
Duration: 0.065s

Metadata:
    allowed_architectures is empty
    allowed_platforms is empty
    description is empty
    has_cleanup = false
    required_configs is empty
    required_disk_space = 0
    required_files is empty
    required_memory = 0
    required_programs = /usr/local/libexec/kyua-atf-tester /usr/tests/local/kyua/testers/atf_helpers
    required_user is empty
    timeout = 300

Standard output:
subprocess stdout: First line to stdout
subprocess stdout: Second line to stdout
subprocess stderr: First line to stderr
subprocess stderr: Second line to stderr
===> local/kyua/testers/atf_inttest:test__result_priority
Result: passed
Duration: 0.163s

Metadata:
    allowed_architectures is empty
    allowed_platforms is empty
    description is empty
    has_cleanup = false
    required_configs is empty
    required_disk_space = 0
    required_files is empty
    required_memory = 0
    required_programs = /usr/local/libexec/kyua-atf-tester /usr/tests/local/kyua/testers/atf_helpers
    required_user is empty
    timeout = 300

Standard output:
subprocess stdout: Killing cleanup
===> local/kyua/testers/atf_inttest:test__timeout
Result: passed
Duration: 1.179s

Metadata:
    allowed_architectures is empty
    allowed_platforms is empty
    description is empty
    has_cleanup = false
    required_configs is empty
    required_disk_space = 0
    required_files is empty
    required_memory = 0
    required_programs = /usr/local/libexec/kyua-atf-tester /usr/tests/local/kyua/testers/atf_helpers
    required_user is empty
    timeout = 300

Standard output:
subprocess stderr: Subprocess timed out; sending KILL signal...
===> local/kyua/testers/atf_inttest:top__missing_command
Result: passed
Duration: 0.110s

Metadata:
    allowed_architectures is empty
    allowed_platforms is empty
    description is empty
    has_cleanup = false
    required_configs is empty
    required_disk_space = 0
    required_files is empty
    required_memory = 0
    required_programs = /usr/local/libexec/kyua-atf-tester
    required_user is empty
    timeout = 300

Standard output:
subprocess stderr: kyua-atf-tester: Must provide a command
===> local/kyua/testers/atf_inttest:top__unknown_command
Result: passed
Duration: 0.101s

Metadata:
    allowed_architectures is empty
    allowed_platforms is empty
    description is empty
    has_cleanup = false
    required_configs is empty
    required_disk_space = 0
    required_files is empty
    required_memory = 0
    required_programs = /usr/local/libexec/kyua-atf-tester
    required_user is empty
    timeout = 300

Standard output:
subprocess stderr: kyua-atf-tester: Unknown command 'foo'
===> local/kyua/testers/atf_list_test:parse__error__bad_fd
Result: passed
Duration: 0.063s

Metadata:
    allowed_architectures is empty
    allowed_platforms is empty
    description is empty
    has_cleanup = false
    required_configs is empty
    required_disk_space = 0
    required_files is empty
    required_memory = 0
    required_programs is empty
    required_user is empty
    timeout = 300

Standard output:
Looking for 'fdopen\(10\) failed' in 'fdopen(10) failed: Bad file descriptor'
===> local/kyua/testers/atf_list_test:parse__error__bad_header
Result: passed
Duration: 0.065s

Metadata:
    allowed_architectures is empty
    allowed_platforms is empty
    description is empty
    has_cleanup = false
    required_configs is empty
    required_disk_space = 0
    required_files is empty
    required_memory = 0
    required_programs is empty
    required_user is empty
    timeout = 300

Standard output:
Looking for 'fgets failed to read test cases list header' in 'fgets failed to read test cases list header: unexpected EOF'
Looking for 'Invalid test cases list header '.*X-atf-tp.*1234.*'' in 'Invalid test cases list header 'Content-Type: application/X-atf-tp; version="1234"''
Looking for 'fgets failed to read test cases list header' in 'fgets failed to read test cases list header: unexpected EOF'
Looking for 'Incomplete test cases list header' in 'Incomplete test cases list header'
===> local/kyua/testers/atf_list_test:parse__error__bad_order
Result: passed
Duration: 0.039s

Metadata:
    allowed_architectures is empty
    allowed_platforms is empty
    description is empty
    has_cleanup = false
    required_configs is empty
    required_disk_space = 0
    required_files is empty
    required_memory = 0
    required_programs is empty
    required_user is empty
    timeout = 300

Standard output:
Looking for 'Expected ident property, got descr' in 'Expected ident property, got descr'
===> local/kyua/testers/atf_list_test:parse__error__bad_property
Result: passed
Duration: 0.028s

Metadata:
    allowed_architectures is empty
    allowed_platforms is empty
    description is empty
    has_cleanup = false
    required_configs is empty
    required_disk_space = 0
    required_files is empty
    required_memory = 0
    required_programs is empty
    required_user is empty
    timeout = 300

Standard output:
Looking for 'Invalid property 'oh noes; 2'' in 'Invalid property 'oh noes; 2''
===> local/kyua/testers/atf_list_test:parse__error__empty
Result: passed
Duration: 0.062s

Metadata:
    allowed_architectures is empty
    allowed_platforms is empty
    description is empty
    has_cleanup = false
    required_configs is empty
    required_disk_space = 0
    required_files is empty
    required_memory = 0
    required_programs is empty
    required_user is empty
    timeout = 300

Standard output:
Looking for 'Empty test cases list: unexpected EOF' in 'Empty test cases list: unexpected EOF'
===> local/kyua/testers/atf_list_test:parse__ok__one
Result: passed
Duration: 0.100s

Metadata:
    allowed_architectures is empty
    allowed_platforms is empty
    description is empty
    has_cleanup = false
    required_configs is empty
    required_disk_space = 0
    required_files is empty
    required_memory = 0
    required_programs is empty
    required_user is empty
    timeout = 300
===> local/kyua/testers/atf_list_test:parse__ok__several
Result: passed
Duration: 0.028s

Metadata:
    allowed_architectures is empty
    allowed_platforms is empty
    description is empty
    has_cleanup = false
    required_configs is empty
    required_disk_space = 0
    required_files is empty
    required_memory = 0
    required_programs is empty
    required_user is empty
    timeout = 300
===> local/kyua/testers/atf_result_test:cleanup_rewrite__exit_failure
Result: passed
Duration: 0.031s

Metadata:
    allowed_architectures is empty
    allowed_platforms is empty
    description is empty
    has_cleanup = false
    required_configs is empty
    required_disk_space = 0
    required_files is empty
    required_memory = 0
    required_programs is empty
    required_user is empty
    timeout = 300

Standard output:
OUTPUT: broken: Test case cleanup exited with code 1
===> local/kyua/testers/atf_result_test:cleanup_rewrite__ok
Result: passed
Duration: 0.070s

Metadata:
    allowed_architectures is empty
    allowed_platforms is empty
    description is empty
    has_cleanup = false
    required_configs is empty
    required_disk_space = 0
    required_files is empty
    required_memory = 0
    required_programs is empty
    required_user is empty
    timeout = 300

Standard output:
OUTPUT: skipped: Preexistent file
===> local/kyua/testers/atf_result_test:cleanup_rewrite__signaled
Result: passed
Duration: 0.059s

Metadata:
    allowed_architectures is empty
    allowed_platforms is empty
    description is empty
    has_cleanup = false
    required_configs is empty
    required_disk_space = 0
    required_files is empty
    required_memory = 0
    required_programs is empty
    required_user is empty
    timeout = 300

Standard output:
OUTPUT: broken: Test case cleanup received signal 1
===> local/kyua/testers/atf_result_test:cleanup_rewrite__timed_out
Result: passed
Duration: 0.027s

Metadata:
    allowed_architectures is empty
    allowed_platforms is empty
    description is empty
    has_cleanup = false
    required_configs is empty
    required_disk_space = 0
    required_files is empty
    required_memory = 0
    required_programs is empty
    required_user is empty
    timeout = 300

Standard output:
OUTPUT: broken: Test case cleanup timed out
===> local/kyua/testers/atf_result_test:rewrite__empty
Result: passed
Duration: 0.060s

Metadata:
    allowed_architectures is empty
    allowed_platforms is empty
    description is empty
    has_cleanup = false
    required_configs is empty
    required_disk_space = 0
    required_files is empty
    required_memory = 0
    required_programs is empty
    required_user is empty
    timeout = 300

Standard output:
OUTPUT: broken: Empty result file in.txt; test case exited with code 1
===> local/kyua/testers/atf_result_test:rewrite__expected_death__exit_failure
Result: passed
Duration: 0.079s

Metadata:
    allowed_architectures is empty
    allowed_platforms is empty
    description is empty
    has_cleanup = false
    required_configs is empty
    required_disk_space = 0
    required_files is empty
    required_memory = 0
    required_programs is empty
    required_user is empty
    timeout = 300

Standard output:
OUTPUT: expected_failure: Some text
===> local/kyua/testers/atf_result_test:rewrite__expected_death__exit_success
Result: passed
Duration: 0.030s

Metadata:
    allowed_architectures is empty
    allowed_platforms is empty
    description is empty
    has_cleanup = false
    required_configs is empty
    required_disk_space = 0
    required_files is empty
    required_memory = 0
    required_programs is empty
    required_user is empty
    timeout = 300

Standard output:
OUTPUT: failed: Test case expected to die but exited successfully
===> local/kyua/testers/atf_result_test:rewrite__expected_death__no_reason
Result: passed
Duration: 0.028s

Metadata:
    allowed_architectures is empty
    allowed_platforms is empty
    description is empty
    has_cleanup = false
    required_configs is empty
    required_disk_space = 0
    required_files is empty
    required_memory = 0
    required_programs is empty
    required_user is empty
    timeout = 300

Standard output:
OUTPUT: broken: Test case should have reported a failure reason but didn't; test case exited with code 1
===> local/kyua/testers/atf_result_test:rewrite__expected_death__signaled
Result: passed
Duration: 0.047s

Metadata:
    allowed_architectures is empty
    allowed_platforms is empty
    description is empty
    has_cleanup = false
    required_configs is empty
    required_disk_space = 0
    required_files is empty
    required_memory = 0
    required_programs is empty
    required_user is empty
    timeout = 300

Standard output:
OUTPUT: expected_failure: Foo bar
===> local/kyua/testers/atf_result_test:rewrite__expected_death__unexpected_arg
Result: passed
Duration: 0.045s

Metadata:
    allowed_architectures is empty
    allowed_platforms is empty
    description is empty
    has_cleanup = false
    required_configs is empty
    required_disk_space = 0
    required_files is empty
    required_memory = 0
    required_programs is empty
    required_user is empty
    timeout = 300

Standard output:
OUTPUT: broken: Unknown test case result status expected_death(23); test case exited with code 1
===> local/kyua/testers/atf_result_test:rewrite__expected_exit__arg_match
Result: passed
Duration: 0.028s

Metadata:
    allowed_architectures is empty
    allowed_platforms is empty
    description is empty
    has_cleanup = false
    required_configs is empty
    required_disk_space = 0
    required_files is empty
    required_memory = 0
    required_programs is empty
    required_user is empty
    timeout = 300

Standard output:
OUTPUT: expected_failure: Some text
===> local/kyua/testers/atf_result_test:rewrite__expected_exit__arg_not_match
Result: passed
Duration: 0.097s

Metadata:
    allowed_architectures is empty
    allowed_platforms is empty
    description is empty
    has_cleanup = false
    required_configs is empty
    required_disk_space = 0
    required_files is empty
    required_memory = 0
    required_programs is empty
    required_user is empty
    timeout = 300

Standard output:
OUTPUT: failed: Test case expected to exit with code 18 but got code 15
===> local/kyua/testers/atf_result_test:rewrite__expected_exit__bad_arg
Result: passed
Duration: 0.031s

Metadata:
    allowed_architectures is empty
    allowed_platforms is empty
    description is empty
    has_cleanup = false
    required_configs is empty
    required_disk_space = 0
    required_files is empty
    required_memory = 0
    required_programs is empty
    required_user is empty
    timeout = 300

Standard output:
OUTPUT: broken: Invalid status argument (abc): not a number; test case exited with code 25
===> local/kyua/testers/atf_result_test:rewrite__expected_exit__exit_failure
Result: passed
Duration: 0.029s

Metadata:
    allowed_architectures is empty
    allowed_platforms is empty
    description is empty
    has_cleanup = false
    required_configs is empty
    required_disk_space = 0
    required_files is empty
    required_memory = 0
    required_programs is empty
    required_user is empty
    timeout = 300

Standard output:
OUTPUT: expected_failure: Some other text
===> local/kyua/testers/atf_result_test:rewrite__expected_exit__exit_success
Result: passed
Duration: 0.029s

Metadata:
    allowed_architectures is empty
    allowed_platforms is empty
    description is empty
    has_cleanup = false
    required_configs is empty
    required_disk_space = 0
    required_files is empty
    required_memory = 0
    required_programs is empty
    required_user is empty
    timeout = 300

Standard output:
OUTPUT: expected_failure: Some text
===> local/kyua/testers/atf_result_test:rewrite__expected_exit__no_reason
Result: passed
Duration: 0.100s

Metadata:
    allowed_architectures is empty
    allowed_platforms is empty
    description is empty
    has_cleanup = false
    required_configs is empty
    required_disk_space = 0
    required_files is empty
    required_memory = 0
    required_programs is empty
    required_user is empty
    timeout = 300

Standard output:
OUTPUT: broken: Test case should have reported a failure reason but didn't; test case exited with code 1
===> local/kyua/testers/atf_result_test:rewrite__expected_exit__signaled
Result: passed
Duration: 0.042s

Metadata:
    allowed_architectures is empty
    allowed_platforms is empty
    description is empty
    has_cleanup = false
    required_configs is empty
    required_disk_space = 0
    required_files is empty
    required_memory = 0
    required_programs is empty
    required_user is empty
    timeout = 300

Standard output:
OUTPUT: failed: Test case expected to exit normally but received signal 1
===> local/kyua/testers/atf_result_test:rewrite__expected_failure__failed
Result: passed
Duration: 0.045s

Metadata:
    allowed_architectures is empty
    allowed_platforms is empty
    description is empty
    has_cleanup = false
    required_configs is empty
    required_disk_space = 0
    required_files is empty
    required_memory = 0
    required_programs is empty
    required_user is empty
    timeout = 300

Standard output:
OUTPUT: failed: Test case expected a failure but exited with error code 1
===> local/kyua/testers/atf_result_test:rewrite__expected_failure__no_reason
Result: passed
Duration: 0.078s

Metadata:
    allowed_architectures is empty
    allowed_platforms is empty
    description is empty
    has_cleanup = false
    required_configs is empty
    required_disk_space = 0
    required_files is empty
    required_memory = 0
    required_programs is empty
    required_user is empty
    timeout = 300

Standard output:
OUTPUT: broken: Test case should have reported a failure reason but didn't; test case exited with code 1
===> local/kyua/testers/atf_result_test:rewrite__expected_failure__ok
Result: passed
Duration: 0.047s

Metadata:
    allowed_architectures is empty
    allowed_platforms is empty
    description is empty
    has_cleanup = false
    required_configs is empty
    required_disk_space = 0
    required_files is empty
    required_memory = 0
    required_programs is empty
    required_user is empty
    timeout = 300

Standard output:
OUTPUT: expected_failure: Some text
===> local/kyua/testers/atf_result_test:rewrite__expected_failure__signaled
Result: passed
Duration: 0.089s

Metadata:
    allowed_architectures is empty
    allowed_platforms is empty
    description is empty
    has_cleanup = false
    required_configs is empty
    required_disk_space = 0
    required_files is empty
    required_memory = 0
    required_programs is empty
    required_user is empty
    timeout = 300

Standard output:
OUTPUT: failed: Test case expected a failure but received signal 1
===> local/kyua/testers/atf_result_test:rewrite__expected_failure__unexpected_arg
Result: passed
Duration: 0.083s

Metadata:
    allowed_architectures is empty
    allowed_platforms is empty
    description is empty
    has_cleanup = false
    required_configs is empty
    required_disk_space = 0
    required_files is empty
    required_memory = 0
    required_programs is empty
    required_user is empty
    timeout = 300

Standard output:
OUTPUT: broken: Unknown test case result status expected_failure(23); test case exited with code 1
===> local/kyua/testers/atf_result_test:rewrite__expected_signal__arg_match
Result: passed
Duration: 0.117s

Metadata:
    allowed_architectures is empty
    allowed_platforms is empty
    description is empty
    has_cleanup = false
    required_configs is empty
    required_disk_space = 0
    required_files is empty
    required_memory = 0
    required_programs is empty
    required_user is empty
    timeout = 300

Standard output:
OUTPUT: expected_failure: Some text
===> local/kyua/testers/atf_result_test:rewrite__expected_signal__arg_not_match
Result: passed
Duration: 0.098s

Metadata:
    allowed_architectures is empty
    allowed_platforms is empty
    description is empty
    has_cleanup = false
    required_configs is empty
    required_disk_space = 0
    required_files is empty
    required_memory = 0
    required_programs is empty
    required_user is empty
    timeout = 300

Standard output:
OUTPUT: failed: Test case expected to receive signal 18 but got 15
===> local/kyua/testers/atf_result_test:rewrite__expected_signal__bad_arg
Result: passed
Duration: 0.041s

Metadata:
    allowed_architectures is empty
    allowed_platforms is empty
    description is empty
    has_cleanup = false
    required_configs is empty
    required_disk_space = 0
    required_files is empty
    required_memory = 0
    required_programs is empty
    required_user is empty
    timeout = 300

Standard output:
OUTPUT: broken: Invalid status argument (abc): not a number; test case received signal 15
===> local/kyua/testers/atf_result_test:rewrite__expected_signal__exited
Result: passed
Duration: 0.144s

Metadata:
    allowed_architectures is empty
    allowed_platforms is empty
    description is empty
    has_cleanup = false
    required_configs is empty
    required_disk_space = 0
    required_files is empty
    required_memory = 0
    required_programs is empty
    required_user is empty
    timeout = 300

Standard output:
OUTPUT: failed: Test case expected to receive a signal but exited with code 12
===> local/kyua/testers/atf_result_test:rewrite__expected_signal__no_reason
Result: passed
Duration: 0.056s

Metadata:
    allowed_architectures is empty
    allowed_platforms is empty
    description is empty
    has_cleanup = false
    required_configs is empty
    required_disk_space = 0
    required_files is empty
    required_memory = 0
    required_programs is empty
    required_user is empty
    timeout = 300

Standard output:
OUTPUT: broken: Test case should have reported a failure reason but didn't; test case received signal 15
===> local/kyua/testers/atf_result_test:rewrite__expected_signal__ok
Result: passed
Duration: 0.057s

Metadata:
    allowed_architectures is empty
    allowed_platforms is empty
    description is empty
    has_cleanup = false
    required_configs is empty
    required_disk_space = 0
    required_files is empty
    required_memory = 0
    required_programs is empty
    required_user is empty
    timeout = 300

Standard output:
OUTPUT: expected_failure: Some text
===> local/kyua/testers/atf_result_test:rewrite__expected_timeout__exited
Result: passed
Duration: 0.104s

Metadata:
    allowed_architectures is empty
    allowed_platforms is empty
    description is empty
    has_cleanup = false
    required_configs is empty
    required_disk_space = 0
    required_files is empty
    required_memory = 0
    required_programs is empty
    required_user is empty
    timeout = 300

Standard output:
OUTPUT: failed: Test case expected to time out but exited with code 12
===> local/kyua/testers/atf_result_test:rewrite__expected_timeout__no_reason
Result: passed
Duration: 0.271s

Metadata:
    allowed_architectures is empty
    allowed_platforms is empty
    description is empty
    has_cleanup = false
    required_configs is empty
    required_disk_space = 0
    required_files is empty
    required_memory = 0
    required_programs is empty
    required_user is empty
    timeout = 300

Standard output:
OUTPUT: broken: Test case should have reported a failure reason but didn't; test case exited with code 1
===> local/kyua/testers/atf_result_test:rewrite__expected_timeout__ok
Result: passed
Duration: 0.085s

Metadata:
    allowed_architectures is empty
    allowed_platforms is empty
    description is empty
    has_cleanup = false
    required_configs is empty
    required_disk_space = 0
    required_files is empty
    required_memory = 0
    required_programs is empty
    required_user is empty
    timeout = 300

Standard output:
OUTPUT: expected_failure: Some text
===> local/kyua/testers/atf_result_test:rewrite__expected_timeout__signaled
Result: passed
Duration: 0.051s

Metadata:
    allowed_architectures is empty
    allowed_platforms is empty
    description is empty
    has_cleanup = false
    required_configs is empty
    required_disk_space = 0
    required_files is empty
    required_memory = 0
    required_programs is empty
    required_user is empty
    timeout = 300

Standard output:
OUTPUT: failed: Test case expected to time out but received signal 15
===> local/kyua/testers/atf_result_test:rewrite__expected_timeout__unexpected_arg
Result: passed
Duration: 0.038s

Metadata:
    allowed_architectures is empty
    allowed_platforms is empty
    description is empty
    has_cleanup = false
    required_configs is empty
    required_disk_space = 0
    required_files is empty
    required_memory = 0
    required_programs is empty
    required_user is empty
    timeout = 300

Standard output:
OUTPUT: broken: Unknown test case result status expected_timeout(23); test case exited with code 1
===> local/kyua/testers/atf_result_test:rewrite__failed__exit_success
Result: passed
Duration: 0.040s

Metadata:
    allowed_architectures is empty
    allowed_platforms is empty
    description is empty
    has_cleanup = false
    required_configs is empty
    required_disk_space = 0
    required_files is empty
    required_memory = 0
    required_programs is empty
    required_user is empty
    timeout = 300

Standard output:
OUTPUT: broken: Test case reported a failed result but exited with a successful exit code
===> local/kyua/testers/atf_result_test:rewrite__failed__no_reason
Result: passed
Duration: 0.113s

Metadata:
    allowed_architectures is empty
    allowed_platforms is empty
    description is empty
    has_cleanup = false
    required_configs is empty
    required_disk_space = 0
    required_files is empty
    required_memory = 0
    required_programs is empty
    required_user is empty
    timeout = 300

Standard output:
OUTPUT: broken: Test case should have reported a failure reason but didn't; test case exited with code 1
===> local/kyua/testers/atf_result_test:rewrite__failed__ok
Result: passed
Duration: 0.073s

Metadata:
    allowed_architectures is empty
    allowed_platforms is empty
    description is empty
    has_cleanup = false
    required_configs is empty
    required_disk_space = 0
    required_files is empty
    required_memory = 0
    required_programs is empty
    required_user is empty
    timeout = 300

Standard output:
OUTPUT: failed: Some text
===> local/kyua/testers/atf_result_test:rewrite__failed__signaled
Result: passed
Duration: 0.076s

Metadata:
    allowed_architectures is empty
    allowed_platforms is empty
    description is empty
    has_cleanup = false
    required_configs is empty
    required_disk_space = 0
    required_files is empty
    required_memory = 0
    required_programs is empty
    required_user is empty
    timeout = 300

Standard output:
OUTPUT: broken: Test case reported a failed result but received signal 1
===> local/kyua/testers/atf_result_test:rewrite__failed__unexpected_arg
Result: passed
Duration: 0.127s

Metadata:
    allowed_architectures is empty
    allowed_platforms is empty
    description is empty
    has_cleanup = false
    required_configs is empty
    required_disk_space = 0
    required_files is empty
    required_memory = 0
    required_programs is empty
    required_user is empty
    timeout = 300

Standard output:
OUTPUT: broken: Unknown test case result status failed(23); test case exited with code 1
===> local/kyua/testers/atf_result_test:rewrite__missing_file
Result: passed
Duration: 0.034s

Metadata:
    allowed_architectures is empty
    allowed_platforms is empty
    description is empty
    has_cleanup = false
    required_configs is empty
    required_disk_space = 0
    required_files is empty
    required_memory = 0
    required_programs is empty
    required_user is empty
    timeout = 300

Standard output:
OUTPUT: broken: Premature exit; test case exited with code 0
===> local/kyua/testers/atf_result_test:rewrite__passed__exit_failure
Result: passed
Duration: 0.041s

Metadata:
    allowed_architectures is empty
    allowed_platforms is empty
    description is empty
    has_cleanup = false
    required_configs is empty
    required_disk_space = 0
    required_files is empty
    required_memory = 0
    required_programs is empty
    required_user is empty
    timeout = 300

Standard output:
OUTPUT: broken: Test case reported a passed result but returned a non-zero exit code 1
===> local/kyua/testers/atf_result_test:rewrite__passed__ok
Result: passed
Duration: 0.041s

Metadata:
    allowed_architectures is empty
    allowed_platforms is empty
    description is empty
    has_cleanup = false
    required_configs is empty
    required_disk_space = 0
    required_files is empty
    required_memory = 0
    required_programs is empty
    required_user is empty
    timeout = 300

Standard output:
OUTPUT: passed
===> local/kyua/testers/atf_result_test:rewrite__passed__signaled
Result: passed
Duration: 0.088s

Metadata:
    allowed_architectures is empty
    allowed_platforms is empty
    description is empty
    has_cleanup = false
    required_configs is empty
    required_disk_space = 0
    required_files is empty
    required_memory = 0
    required_programs is empty
    required_user is empty
    timeout = 300

Standard output:
OUTPUT: broken: Test case reported a passed result but received signal 1
===> local/kyua/testers/atf_result_test:rewrite__passed__unexpected_arg
Result: passed
Duration: 0.078s

Metadata:
    allowed_architectures is empty
    allowed_platforms is empty
    description is empty
    has_cleanup = false
    required_configs is empty
    required_disk_space = 0
    required_files is empty
    required_memory = 0
    required_programs is empty
    required_user is empty
    timeout = 300

Standard output:
OUTPUT: broken: Unknown test case result status passed(0); test case exited with code 0
===> local/kyua/testers/atf_result_test:rewrite__passed__unexpected_reason
Result: passed
Duration: 0.118s

Metadata:
    allowed_architectures is empty
    allowed_platforms is empty
    description is empty
    has_cleanup = false
    required_configs is empty
    required_disk_space = 0
    required_files is empty
    required_memory = 0
    required_programs is empty
    required_user is empty
    timeout = 300

Standard output:
OUTPUT: broken: Found unexpected reason in passed test result; test case exited with code 0
===> local/kyua/testers/atf_result_test:rewrite__skipped__exit_failure
Result: passed
Duration: 0.038s

Metadata:
    allowed_architectures is empty
    allowed_platforms is empty
    description is empty
    has_cleanup = false
    required_configs is empty
    required_disk_space = 0
    required_files is empty
    required_memory = 0
    required_programs is empty
    required_user is empty
    timeout = 300

Standard output:
OUTPUT: broken: Test case reported a skipped result but returned a non-zero exit code 1
===> local/kyua/testers/atf_result_test:rewrite__skipped__no_reason
Result: passed
Duration: 0.168s

Metadata:
    allowed_architectures is empty
    allowed_platforms is empty
    description is empty
    has_cleanup = false
    required_configs is empty
    required_disk_space = 0
    required_files is empty
    required_memory = 0
    required_programs is empty
    required_user is empty
    timeout = 300

Standard output:
OUTPUT: broken: Test case should have reported a failure reason but didn't; test case exited with code 0
===> local/kyua/testers/atf_result_test:rewrite__skipped__ok
Result: passed
Duration: 0.063s

Metadata:
    allowed_architectures is empty
    allowed_platforms is empty
    description is empty
    has_cleanup = false
    required_configs is empty
    required_disk_space = 0
    required_files is empty
    required_memory = 0
    required_programs is empty
    required_user is empty
    timeout = 300

Standard output:
OUTPUT: skipped: Does not apply
===> local/kyua/testers/atf_result_test:rewrite__skipped__signaled
Result: passed
Duration: 1.012s

Metadata:
    allowed_architectures is empty
    allowed_platforms is empty
    description is empty
    has_cleanup = false
    required_configs is empty
    required_disk_space = 0
    required_files is empty
    required_memory = 0
    required_programs is empty
    required_user is empty
    timeout = 300

Standard output:
OUTPUT: broken: Test case reported a skipped result but received signal 1
===> local/kyua/testers/atf_result_test:rewrite__skipped__unexpected_arg
Result: passed
Duration: 0.145s

Metadata:
    allowed_architectures is empty
    allowed_platforms is empty
    description is empty
    has_cleanup = false
    required_configs is empty
    required_disk_space = 0
    required_files is empty
    required_memory = 0
    required_programs is empty
    required_user is empty
    timeout = 300

Standard output:
OUTPUT: broken: Unknown test case result status skipped(1); test case exited with code 0
===> local/kyua/testers/atf_result_test:rewrite__status_multiline
Result: passed
Duration: 0.084s

Metadata:
    allowed_architectures is empty
    allowed_platforms is empty
    description is empty
    has_cleanup = false
    required_configs is empty
    required_disk_space = 0
    required_files is empty
    required_memory = 0
    required_programs is empty
    required_user is empty
    timeout = 300

Standard output:
OUTPUT: failed: First line<<NEWLINE>>Second line<<NEWLINE>>Third line
===> local/kyua/testers/atf_result_test:rewrite__status_multiline_2
Result: passed
Duration: 0.056s

Metadata:
    allowed_architectures is empty
    allowed_platforms is empty
    description is empty
    has_cleanup = false
    required_configs is empty
    required_disk_space = 0
    required_files is empty
    required_memory = 0
    required_programs is empty
    required_user is empty
    timeout = 300

Standard output:
OUTPUT: failed: First line<<NEWLINE>>Second line<<NEWLINE>>Third line
===> local/kyua/testers/atf_result_test:rewrite__status_without_newline
Result: passed
Duration: 0.040s

Metadata:
    allowed_architectures is empty
    allowed_platforms is empty
    description is empty
    has_cleanup = false
    required_configs is empty
    required_disk_space = 0
    required_files is empty
    required_memory = 0
    required_programs is empty
    required_user is empty
    timeout = 300

Standard output:
OUTPUT: broken: Missing newline in result file; test case received signal 1
===> local/kyua/testers/atf_result_test:rewrite__timed_out
Result: passed
Duration: 0.086s

Metadata:
    allowed_architectures is empty
    allowed_platforms is empty
    description is empty
    has_cleanup = false
    required_configs is empty
    required_disk_space = 0
    required_files is empty
    required_memory = 0
    required_programs is empty
    required_user is empty
    timeout = 300

Standard output:
OUTPUT: broken: Test case body timed out
===> local/kyua/testers/atf_result_test:rewrite__too_long_with_newlines
Result: passed
Duration: 0.098s

Metadata:
    allowed_architectures is empty
    allowed_platforms is empty
    description is empty
    has_cleanup = false
    required_configs is empty
    required_disk_space = 0
    required_files is empty
    required_memory = 0
    required_programs is empty
    required_user is empty
    timeout = 300

Standard output:
OUTPUT:   failed: line<<NEWLINE>>line<<NEWLINE>>line<<NEWLINE>>line<<NEWLINE>>line<<NEWLINE>>line<<NEWLINE>>line<<NEWLINE>>line<<NEWLINE>>line<<NEWLINE>>line<<NEWLINE>>line<<NEWLINE>>line<<NEWLINE>>line<<NEWLINE>>line<<NEWLINE>>line<<NEWLINE>>line<<NEWLINE>>line<<NEWLINE>>line<<NEWLINE>>line<<NEWLINE>>line<<NEWLINE>>line<<NEWLINE>>line<<NEWLINE>>line<<NEWLINE>>line<<NEWLINE>>line<<NEWLINE>>line<<NEWLINE>>line<<NEWLINE>>line<<NEWLINE>>line<<NEWLINE>>line<<NEWLINE>>line<<NEWLINE>>line<<NEWLINE>>line<<NEWLINE>>line<<NEWLINE>>line<<NEWLINE>>line<<NEWLINE>>line<<NEWLINE>>line<<NEWLINE>>line<<NEWLINE>>line<<NEWLINE>>line<<NEWLINE>>line<<NEWLINE>>line<<NEWLINE>>line<<NEWLINE>>line<<NEWLINE>>line<<NEWLINE>>line<<NEWLINE>>line<<NEWLINE>>line<<NEWLINE>>line<<NEWLINE>>line<<NEWLINE>>line<<NEWLINE>>line<<NEWLINE>>line<<NEWLINE>>line<<NEWLINE>>line<<NEWLINE>>line<<NEWLINE>>line<<NEWLINE>>line<<NEWLINE>>line<<NEWLINE>>line<<NEWLINE>>line<<NEWLINE>>line<<NEWLINE>>line<<NEWLINE>>line<<NEWLINE>>line<<NEWLINE>>line<<NEWLINE>>line<<NEWLINE>>lin
EXPECTED: failed: line<<NEWLINE>>line<<NEWLINE>>line<<NEWLINE>>line<<NEWLINE>>line<<NEWLINE>>line<<NEWLINE>>line<<NEWLINE>>line<<NEWLINE>>line<<NEWLINE>>line<<NEWLINE>>line<<NEWLINE>>line<<NEWLINE>>line<<NEWLINE>>line<<NEWLINE>>line<<NEWLINE>>line<<NEWLINE>>line<<NEWLINE>>line<<NEWLINE>>line<<NEWLINE>>line<<NEWLINE>>line<<NEWLINE>>line<<NEWLINE>>line<<NEWLINE>>line<<NEWLINE>>line<<NEWLINE>>line<<NEWLINE>>line<<NEWLINE>>line<<NEWLINE>>line<<NEWLINE>>line<<NEWLINE>>line<<NEWLINE>>line<<NEWLINE>>line<<NEWLINE>>line<<NEWLINE>>line<<NEWLINE>>line<<NEWLINE>>line<<NEWLINE>>line<<NEWLINE>>line<<NEWLINE>>line<<NEWLINE>>line<<NEWLINE>>line<<NEWLINE>>line<<NEWLINE>>line<<NEWLINE>>line<<NEWLINE>>line<<NEWLINE>>line<<NEWLINE>>line<<NEWLINE>>line<<NEWLINE>>line<<NEWLINE>>line<<NEWLINE>>line<<NEWLINE>>line<<NEWLINE>>line<<NEWLINE>>line<<NEWLINE>>line<<NEWLINE>>line<<NEWLINE>>line<<NEWLINE>>line<<NEWLINE>>line<<NEWLINE>>line<<NEWLINE>>line<<NEWLINE>>line<<NEWLINE>>line<<NEWLINE>>line<<NEWLINE>>line<<NEWLINE>>line<<NEWLINE>>line<<NEWLINE>>lin
===> local/kyua/testers/atf_result_test:rewrite__unknown_status
Result: passed
Duration: 0.069s

Metadata:
    allowed_architectures is empty
    allowed_platforms is empty
    description is empty
    has_cleanup = false
    required_configs is empty
    required_disk_space = 0
    required_files is empty
    required_memory = 0
    required_programs is empty
    required_user is empty
    timeout = 300

Standard output:
OUTPUT: broken: Unknown test case result status foo; test case exited with code 123
===> local/kyua/testers/cli_test:list__config_variables
Result: passed
Duration: 0.151s

Metadata:
    allowed_architectures is empty
    allowed_platforms is empty
    description is empty
    has_cleanup = false
    required_configs is empty
    required_disk_space = 0
    required_files is empty
    required_memory = 0
    required_programs is empty
    required_user is empty
    timeout = 300

Standard output:
subprocess stdout: test_program: the-program
subprocess stdout: variable: foo=bar
subprocess stdout: variable: a=c
subprocess stdout: timeout_seconds: 60
subprocess stdout: unprivileged_user: self
subprocess stdout: unprivileged_group: self
===> local/kyua/testers/cli_test:list__custom_run_params
Result: passed
Duration: 0.101s

Metadata:
    allowed_architectures is empty
    allowed_platforms is empty
    description is empty
    has_cleanup = false
    required_configs is empty
    required_disk_space = 0
    required_files is empty
    required_memory = 0
    required_programs is empty
    required_user is empty
    timeout = 300

Standard output:
subprocess stdout: test_program: the-program
subprocess stdout: timeout_seconds: 123
subprocess stdout: unprivileged_user: 45
subprocess stdout: unprivileged_group: 987
===> local/kyua/testers/cli_test:list__error
Result: passed
Duration: 0.051s

Metadata:
    allowed_architectures is empty
    allowed_platforms is empty
    description is empty
    has_cleanup = false
    required_configs is empty
    required_disk_space = 0
    required_files is empty
    required_memory = 0
    required_programs is empty
    required_user is empty
    timeout = 300

Standard output:
subprocess stderr: cli_test: Not enough memory
===> local/kyua/testers/cli_test:list__missing_arguments
Result: passed
Duration: 0.042s

Metadata:
    allowed_architectures is empty
    allowed_platforms is empty
    description is empty
    has_cleanup = false
    required_configs is empty
    required_disk_space = 0
    required_files is empty
    required_memory = 0
    required_programs is empty
    required_user is empty
    timeout = 300

Standard output:
subprocess stderr: cli_test: No test program provided
===> local/kyua/testers/cli_test:list__ok
Result: passed
Duration: 0.069s

Metadata:
    allowed_architectures is empty
    allowed_platforms is empty
    description is empty
    has_cleanup = false
    required_configs is empty
    required_disk_space = 0
    required_files is empty
    required_memory = 0
    required_programs is empty
    required_user is empty
    timeout = 300

Standard output:
subprocess stdout: test_program: the-program
subprocess stdout: timeout_seconds: 60
subprocess stdout: unprivileged_user: self
subprocess stdout: unprivileged_group: self
===> local/kyua/testers/cli_test:list__too_many_arguments
Result: passed
Duration: 0.050s

Metadata:
    allowed_architectures is empty
    allowed_platforms is empty
    description is empty
    has_cleanup = false
    required_configs is empty
    required_disk_space = 0
    required_files is empty
    required_memory = 0
    required_programs is empty
    required_user is empty
    timeout = 300

Standard output:
subprocess stderr: cli_test: Only one test program allowed
===> local/kyua/testers/cli_test:main__gflag__not_a_number
Result: passed
Duration: 0.084s

Metadata:
    allowed_architectures is empty
    allowed_platforms is empty
    description is empty
    has_cleanup = false
    required_configs is empty
    required_disk_space = 0
    required_files is empty
    required_memory = 0
    required_programs is empty
    required_user is empty
    timeout = 300

Standard output:
subprocess stderr: cli_test: Invalid GID 'foo' (not a number)
===> local/kyua/testers/cli_test:main__gflag__out_of_range
Result: passed
Duration: 0.047s

Metadata:
    allowed_architectures is empty
    allowed_platforms is empty
    description is empty
    has_cleanup = false
    required_configs is empty
    required_disk_space = 0
    required_files is empty
    required_memory = 0
    required_programs is empty
    required_user is empty
    timeout = 300

Standard output:
subprocess stderr: cli_test: Invalid GID '99999999999999999999' (out of range)
===> local/kyua/testers/cli_test:main__missing_command
Result: passed
Duration: 0.039s

Metadata:
    allowed_architectures is empty
    allowed_platforms is empty
    description is empty
    has_cleanup = false
    required_configs is empty
    required_disk_space = 0
    required_files is empty
    required_memory = 0
    required_programs is empty
    required_user is empty
    timeout = 300

Standard output:
subprocess stderr: cli_test: Must provide a command
===> local/kyua/testers/cli_test:main__missing_option_argument
Result: passed
Duration: 0.115s

Metadata:
    allowed_architectures is empty
    allowed_platforms is empty
    description is empty
    has_cleanup = false
    required_configs is empty
    required_disk_space = 0
    required_files is empty
    required_memory = 0
    required_programs is empty
    required_user is empty
    timeout = 300

Standard output:
subprocess stderr: cli_test: -t requires an argument
===> local/kyua/testers/cli_test:main__tflag__not_a_number
Result: passed
Duration: 0.038s

Metadata:
    allowed_architectures is empty
    allowed_platforms is empty
    description is empty
    has_cleanup = false
    required_configs is empty
    required_disk_space = 0
    required_files is empty
    required_memory = 0
    required_programs is empty
    required_user is empty
    timeout = 300

Standard output:
subprocess stderr: cli_test: Invalid timeout value 'foo' (not a number)
===> local/kyua/testers/cli_test:main__tflag__out_of_range
Result: passed
Duration: 0.064s

Metadata:
    allowed_architectures is empty
    allowed_platforms is empty
    description is empty
    has_cleanup = false
    required_configs is empty
    required_disk_space = 0
    required_files is empty
    required_memory = 0
    required_programs is empty
    required_user is empty
    timeout = 300

Standard output:
subprocess stderr: cli_test: Invalid timeout value '99999999999999999999' (out of range)
===> local/kyua/testers/cli_test:main__uflag__not_a_number
Result: passed
Duration: 0.044s

Metadata:
    allowed_architectures is empty
    allowed_platforms is empty
    description is empty
    has_cleanup = false
    required_configs is empty
    required_disk_space = 0
    required_files is empty
    required_memory = 0
    required_programs is empty
    required_user is empty
    timeout = 300

Standard output:
subprocess stderr: cli_test: Invalid UID 'foo' (not a number)
===> local/kyua/testers/cli_test:main__uflag__out_of_range
Result: passed
Duration: 0.071s

Metadata:
    allowed_architectures is empty
    allowed_platforms is empty
    description is empty
    has_cleanup = false
    required_configs is empty
    required_disk_space = 0
    required_files is empty
    required_memory = 0
    required_programs is empty
    required_user is empty
    timeout = 300

Standard output:
subprocess stderr: cli_test: Invalid UID '99999999999999999999' (out of range)
===> local/kyua/testers/cli_test:main__unknown_command
Result: passed
Duration: 0.076s

Metadata:
    allowed_architectures is empty
    allowed_platforms is empty
    description is empty
    has_cleanup = false
    required_configs is empty
    required_disk_space = 0
    required_files is empty
    required_memory = 0
    required_programs is empty
    required_user is empty
    timeout = 300

Standard output:
subprocess stderr: cli_test: Unknown command 'foobar'
===> local/kyua/testers/cli_test:main__unknown_option
Result: passed
Duration: 0.088s

Metadata:
    allowed_architectures is empty
    allowed_platforms is empty
    description is empty
    has_cleanup = false
    required_configs is empty
    required_disk_space = 0
    required_files is empty
    required_memory = 0
    required_programs is empty
    required_user is empty
    timeout = 300

Standard output:
subprocess stderr: cli_test: Unknown option -Z
===> local/kyua/testers/cli_test:main__vflag__invalid
Result: passed
Duration: 0.147s

Metadata:
    allowed_architectures is empty
    allowed_platforms is empty
    description is empty
    has_cleanup = false
    required_configs is empty
    required_disk_space = 0
    required_files is empty
    required_memory = 0
    required_programs is empty
    required_user is empty
    timeout = 300

Standard output:
subprocess stderr: cli_test: Invalid argument to -v: Invalid variable 'malformed'; must be of the form var=value
===> local/kyua/testers/cli_test:test__config_variables
Result: passed
Duration: 0.854s

Metadata:
    allowed_architectures is empty
    allowed_platforms is empty
    description is empty
    has_cleanup = false
    required_configs is empty
    required_disk_space = 0
    required_files is empty
    required_memory = 0
    required_programs is empty
    required_user is empty
    timeout = 300

Standard output:
subprocess stdout: test_program: the-program
subprocess stdout: test_case: the-test-case
subprocess stdout: result_file: pass
subprocess stdout: variable: foo=bar
subprocess stdout: variable: a=c
subprocess stdout: timeout_seconds: 60
subprocess stdout: unprivileged_user: self
subprocess stdout: unprivileged_group: self
===> local/kyua/testers/cli_test:test__custom_run_params
Result: passed
Duration: 0.074s

Metadata:
    allowed_architectures is empty
    allowed_platforms is empty
    description is empty
    has_cleanup = false
    required_configs is empty
    required_disk_space = 0
    required_files is empty
    required_memory = 0
    required_programs is empty
    required_user is empty
    timeout = 300

Standard output:
subprocess stdout: test_program: the-program
subprocess stdout: test_case: the-test-case
subprocess stdout: result_file: pass
subprocess stdout: timeout_seconds: 123
subprocess stdout: unprivileged_user: 45
subprocess stdout: unprivileged_group: 987
===> local/kyua/testers/cli_test:test__error
Result: passed
Duration: 0.101s

Metadata:
    allowed_architectures is empty
    allowed_platforms is empty
    description is empty
    has_cleanup = false
    required_configs is empty
    required_disk_space = 0
    required_files is empty
    required_memory = 0
    required_programs is empty
    required_user is empty
    timeout = 300

Standard output:
subprocess stderr: cli_test: Not enough memory
===> local/kyua/testers/cli_test:test__invalid_arguments
Result: passed
Duration: 0.147s

Metadata:
    allowed_architectures is empty
    allowed_platforms is empty
    description is empty
    has_cleanup = false
    required_configs is empty
    required_disk_space = 0
    required_files is empty
    required_memory = 0
    required_programs is empty
    required_user is empty
    timeout = 300

Standard output:
Checking with 0 arguments
Checking with 0 arguments
subprocess stderr: cli_test: Must provide a test program, a test case name and a result file
Checking with 1 arguments
Checking with 0 arguments
subprocess stderr: cli_test: Must provide a test program, a test case name and a result file
Checking with 1 arguments
subprocess stderr: cli_test: Must provide a test program, a test case name and a result file
Checking with 2 arguments
Checking with 0 arguments
subprocess stderr: cli_test: Must provide a test program, a test case name and a result file
Checking with 1 arguments
subprocess stderr: cli_test: Must provide a test program, a test case name and a result file
Checking with 2 arguments
subprocess stderr: cli_test: Must provide a test program, a test case name and a result file
Checking with 4 arguments
Checking with 0 arguments
subprocess stderr: cli_test: Must provide a test program, a test case name and a result file
Checking with 1 arguments
subprocess stderr: cli_test: Must provide a test program, a test case name and a result file
Checking with 2 arguments
subprocess stderr: cli_test: Must provide a test program, a test case name and a result file
Checking with 4 arguments
subprocess stderr: cli_test: Must provide a test program, a test case name and a result file
===> local/kyua/testers/cli_test:test__ok__fail
Result: passed
Duration: 0.117s

Metadata:
    allowed_architectures is empty
    allowed_platforms is empty
    description is empty
    has_cleanup = false
    required_configs is empty
    required_disk_space = 0
    required_files is empty
    required_memory = 0
    required_programs is empty
    required_user is empty
    timeout = 300

Standard output:
subprocess stdout: test_program: the-program
subprocess stdout: test_case: the-test-case
subprocess stdout: result_file: fail
subprocess stdout: timeout_seconds: 60
subprocess stdout: unprivileged_user: self
subprocess stdout: unprivileged_group: self
===> local/kyua/testers/cli_test:test__ok__pass
Result: passed
Duration: 0.086s

Metadata:
    allowed_architectures is empty
    allowed_platforms is empty
    description is empty
    has_cleanup = false
    required_configs is empty
    required_disk_space = 0
    required_files is empty
    required_memory = 0
    required_programs is empty
    required_user is empty
    timeout = 300

Standard output:
subprocess stdout: test_program: the-program
subprocess stdout: test_case: the-test-case
subprocess stdout: result_file: pass
subprocess stdout: timeout_seconds: 60
subprocess stdout: unprivileged_user: self
subprocess stdout: unprivileged_group: self
===> local/kyua/testers/env_test:check_configuration__fail
Result: passed
Duration: 0.102s

Metadata:
    allowed_architectures is empty
    allowed_platforms is empty
    description is empty
    has_cleanup = false
    required_configs is empty
    required_disk_space = 0
    required_files is empty
    required_memory = 0
    required_programs is empty
    required_user is empty
    timeout = 300

Standard output:
Looking for 'Invalid variable 'no-equal'' in 'Invalid variable 'no-equal'; must be of the form var=value'
Looking for 'Invalid variable ''' in 'Invalid variable ''; must be of the form var=value'
Looking for 'Invalid variable '=foo'' in 'Invalid variable '=foo'; must be of the form var=value'
===> local/kyua/testers/env_test:check_configuration__ok__empty
Result: passed
Duration: 0.069s

Metadata:
    allowed_architectures is empty
    allowed_platforms is empty
    description is empty
    has_cleanup = false
    required_configs is empty
    required_disk_space = 0
    required_files is empty
    required_memory = 0
    required_programs is empty
    required_user is empty
    timeout = 300
===> local/kyua/testers/env_test:check_configuration__ok__some
Result: passed
Duration: 0.056s

Metadata:
    allowed_architectures is empty
    allowed_platforms is empty
    description is empty
    has_cleanup = false
    required_configs is empty
    required_disk_space = 0
    required_files is empty
    required_memory = 0
    required_programs is empty
    required_user is empty
    timeout = 300
===> local/kyua/testers/env_test:set
Result: passed
Duration: 0.055s

Metadata:
    allowed_architectures is empty
    allowed_platforms is empty
    description is empty
    has_cleanup = false
    required_configs is empty
    required_disk_space = 0
    required_files is empty
    required_memory = 0
    required_programs is empty
    required_user is empty
    timeout = 300
===> local/kyua/testers/env_test:set_configuration__empty
Result: passed
Duration: 0.086s

Metadata:
    allowed_architectures is empty
    allowed_platforms is empty
    description is empty
    has_cleanup = false
    required_configs is empty
    required_disk_space = 0
    required_files is empty
    required_memory = 0
    required_programs is empty
    required_user is empty
    timeout = 300
===> local/kyua/testers/env_test:set_configuration__some
Result: passed
Duration: 0.070s

Metadata:
    allowed_architectures is empty
    allowed_platforms is empty
    description is empty
    has_cleanup = false
    required_configs is empty
    required_disk_space = 0
    required_files is empty
    required_memory = 0
    required_programs is empty
    required_user is empty
    timeout = 300
===> local/kyua/testers/env_test:unset
Result: passed
Duration: 0.040s

Metadata:
    allowed_architectures is empty
    allowed_platforms is empty
    description is empty
    has_cleanup = false
    required_configs is empty
    required_disk_space = 0
    required_files is empty
    required_memory = 0
    required_programs is empty
    required_user is empty
    timeout = 300
===> local/kyua/testers/error_test:err
Result: passed
Duration: 0.046s

Metadata:
    allowed_architectures is empty
    allowed_platforms is empty
    description is empty
    has_cleanup = false
    required_configs is empty
    required_disk_space = 0
    required_files is empty
    required_memory = 0
    required_programs is empty
    required_user is empty
    timeout = 300

Standard output:
subprocess stderr: error_test: The 1st message: A usage error
===> local/kyua/testers/error_test:error_data__free
Result: passed
Duration: 0.056s

Metadata:
    allowed_architectures is empty
    allowed_platforms is empty
    description is empty
    has_cleanup = false
    required_configs is empty
    required_disk_space = 0
    required_files is empty
    required_memory = 0
    required_programs is empty
    required_user is empty
    timeout = 300
===> local/kyua/testers/error_test:error_data__none
Result: passed
Duration: 0.060s

Metadata:
    allowed_architectures is empty
    allowed_platforms is empty
    description is empty
    has_cleanup = false
    required_configs is empty
    required_disk_space = 0
    required_files is empty
    required_memory = 0
    required_programs is empty
    required_user is empty
    timeout = 300
===> local/kyua/testers/error_test:error_data__some
Result: passed
Duration: 0.053s

Metadata:
    allowed_architectures is empty
    allowed_platforms is empty
    description is empty
    has_cleanup = false
    required_configs is empty
    required_disk_space = 0
    required_files is empty
    required_memory = 0
    required_programs is empty
    required_user is empty
    timeout = 300
===> local/kyua/testers/error_test:error_format__custom__error
Result: passed
Duration: 0.065s

Metadata:
    allowed_architectures is empty
    allowed_platforms is empty
    description is empty
    has_cleanup = false
    required_configs is empty
    required_disk_space = 0
    required_files is empty
    required_memory = 0
    required_programs is empty
    required_user is empty
    timeout = 300
===> local/kyua/testers/error_test:error_format__custom__ok
Result: passed
Duration: 0.139s

Metadata:
    allowed_architectures is empty
    allowed_platforms is empty
    description is empty
    has_cleanup = false
    required_configs is empty
    required_disk_space = 0
    required_files is empty
    required_memory = 0
    required_programs is empty
    required_user is empty
    timeout = 300
===> local/kyua/testers/error_test:error_format__default
Result: passed
Duration: 0.036s

Metadata:
    allowed_architectures is empty
    allowed_platforms is empty
    description is empty
    has_cleanup = false
    required_configs is empty
    required_disk_space = 0
    required_files is empty
    required_memory = 0
    required_programs is empty
    required_user is empty
    timeout = 300
===> local/kyua/testers/error_test:error_is_set__no
Result: passed
Duration: 0.162s

Metadata:
    allowed_architectures is empty
    allowed_platforms is empty
    description is empty
    has_cleanup = false
    required_configs is empty
    required_disk_space = 0
    required_files is empty
    required_memory = 0
    required_programs is empty
    required_user is empty
    timeout = 300
===> local/kyua/testers/error_test:error_is_set__yes
Result: passed
Duration: 0.056s

Metadata:
    allowed_architectures is empty
    allowed_platforms is empty
    description is empty
    has_cleanup = false
    required_configs is empty
    required_disk_space = 0
    required_files is empty
    required_memory = 0
    required_programs is empty
    required_user is empty
    timeout = 300
===> local/kyua/testers/error_test:error_is_type__match
Result: passed
Duration: 0.024s

Metadata:
    allowed_architectures is empty
    allowed_platforms is empty
    description is empty
    has_cleanup = false
    required_configs is empty
    required_disk_space = 0
    required_files is empty
    required_memory = 0
    required_programs is empty
    required_user is empty
    timeout = 300
===> local/kyua/testers/error_test:error_is_type__not_match
Result: passed
Duration: 0.097s

Metadata:
    allowed_architectures is empty
    allowed_platforms is empty
    description is empty
    has_cleanup = false
    required_configs is empty
    required_disk_space = 0
    required_files is empty
    required_memory = 0
    required_programs is empty
    required_user is empty
    timeout = 300
===> local/kyua/testers/error_test:error_new__oom
Result: passed
Duration: 0.048s

Metadata:
    allowed_architectures is empty
    allowed_platforms is empty
    description is empty
    has_cleanup = false
    required_configs is empty
    required_disk_space = 0
    required_files is empty
    required_memory = 0
    required_programs is empty
    required_user is empty
    timeout = 300
===> local/kyua/testers/error_test:error_subsume__none
Result: passed
Duration: 0.171s

Metadata:
    allowed_architectures is empty
    allowed_platforms is empty
    description is empty
    has_cleanup = false
    required_configs is empty
    required_disk_space = 0
    required_files is empty
    required_memory = 0
    required_programs is empty
    required_user is empty
    timeout = 300
===> local/kyua/testers/error_test:error_subsume__primary
Result: passed
Duration: 0.188s

Metadata:
    allowed_architectures is empty
    allowed_platforms is empty
    description is empty
    has_cleanup = false
    required_configs is empty
    required_disk_space = 0
    required_files is empty
    required_memory = 0
    required_programs is empty
    required_user is empty
    timeout = 300
===> local/kyua/testers/error_test:error_subsume__secondary
Result: passed
Duration: 0.147s

Metadata:
    allowed_architectures is empty
    allowed_platforms is empty
    description is empty
    has_cleanup = false
    required_configs is empty
    required_disk_space = 0
    required_files is empty
    required_memory = 0
    required_programs is empty
    required_user is empty
    timeout = 300
===> local/kyua/testers/error_test:fprintf
Result: passed
Duration: 0.413s

Metadata:
    allowed_architectures is empty
    allowed_platforms is empty
    description is empty
    has_cleanup = false
    required_configs is empty
    required_disk_space = 0
    required_files is empty
    required_memory = 0
    required_programs is empty
    required_user is empty
    timeout = 300

Standard output:
Looking for 'The 1st message: A usage error$' in 'The 1st message: A usage error'
===> local/kyua/testers/error_test:generic_error_format__args
Result: passed
Duration: 0.140s

Metadata:
    allowed_architectures is empty
    allowed_platforms is empty
    description is empty
    has_cleanup = false
    required_configs is empty
    required_disk_space = 0
    required_files is empty
    required_memory = 0
    required_programs is empty
    required_user is empty
    timeout = 300
===> local/kyua/testers/error_test:generic_error_format__plain
Result: passed
Duration: 0.183s

Metadata:
    allowed_architectures is empty
    allowed_platforms is empty
    description is empty
    has_cleanup = false
    required_configs is empty
    required_disk_space = 0
    required_files is empty
    required_memory = 0
    required_programs is empty
    required_user is empty
    timeout = 300
===> local/kyua/testers/error_test:generic_error_type
Result: passed
Duration: 0.287s

Metadata:
    allowed_architectures is empty
    allowed_platforms is empty
    description is empty
    has_cleanup = false
    required_configs is empty
    required_disk_space = 0
    required_files is empty
    required_memory = 0
    required_programs is empty
    required_user is empty
    timeout = 300
===> local/kyua/testers/error_test:libc_error_errno
Result: passed
Duration: 0.263s

Metadata:
    allowed_architectures is empty
    allowed_platforms is empty
    description is empty
    has_cleanup = false
    required_configs is empty
    required_disk_space = 0
    required_files is empty
    required_memory = 0
    required_programs is empty
    required_user is empty
    timeout = 300
===> local/kyua/testers/error_test:libc_error_format__args
Result: passed
Duration: 0.153s

Metadata:
    allowed_architectures is empty
    allowed_platforms is empty
    description is empty
    has_cleanup = false
    required_configs is empty
    required_disk_space = 0
    required_files is empty
    required_memory = 0
    required_programs is empty
    required_user is empty
    timeout = 300
===> local/kyua/testers/error_test:libc_error_format__plain
Result: passed
Duration: 0.079s

Metadata:
    allowed_architectures is empty
    allowed_platforms is empty
    description is empty
    has_cleanup = false
    required_configs is empty
    required_disk_space = 0
    required_files is empty
    required_memory = 0
    required_programs is empty
    required_user is empty
    timeout = 300
===> local/kyua/testers/error_test:libc_error_type
Result: passed
Duration: 0.752s

Metadata:
    allowed_architectures is empty
    allowed_platforms is empty
    description is empty
    has_cleanup = false
    required_configs is empty
    required_disk_space = 0
    required_files is empty
    required_memory = 0
    required_programs is empty
    required_user is empty
    timeout = 300
===> local/kyua/testers/error_test:oom_error_data
Result: passed
Duration: 0.128s

Metadata:
    allowed_architectures is empty
    allowed_platforms is empty
    description is empty
    has_cleanup = false
    required_configs is empty
    required_disk_space = 0
    required_files is empty
    required_memory = 0
    required_programs is empty
    required_user is empty
    timeout = 300
===> local/kyua/testers/error_test:oom_error_format
Result: passed
Duration: 0.082s

Metadata:
    allowed_architectures is empty
    allowed_platforms is empty
    description is empty
    has_cleanup = false
    required_configs is empty
    required_disk_space = 0
    required_files is empty
    required_memory = 0
    required_programs is empty
    required_user is empty
    timeout = 300
===> local/kyua/testers/error_test:oom_error_reuse
Result: passed
Duration: 0.068s

Metadata:
    allowed_architectures is empty
    allowed_platforms is empty
    description is empty
    has_cleanup = false
    required_configs is empty
    required_disk_space = 0
    required_files is empty
    required_memory = 0
    required_programs is empty
    required_user is empty
    timeout = 300
===> local/kyua/testers/error_test:oom_error_type
Result: passed
Duration: 0.103s

Metadata:
    allowed_architectures is empty
    allowed_platforms is empty
    description is empty
    has_cleanup = false
    required_configs is empty
    required_disk_space = 0
    required_files is empty
    required_memory = 0
    required_programs is empty
    required_user is empty
    timeout = 300
===> local/kyua/testers/error_test:usage_error_format__args
Result: passed
Duration: 0.060s

Metadata:
    allowed_architectures is empty
    allowed_platforms is empty
    description is empty
    has_cleanup = false
    required_configs is empty
    required_disk_space = 0
    required_files is empty
    required_memory = 0
    required_programs is empty
    required_user is empty
    timeout = 300
===> local/kyua/testers/error_test:usage_error_format__plain
Result: passed
Duration: 0.032s

Metadata:
    allowed_architectures is empty
    allowed_platforms is empty
    description is empty
    has_cleanup = false
    required_configs is empty
    required_disk_space = 0
    required_files is empty
    required_memory = 0
    required_programs is empty
    required_user is empty
    timeout = 300
===> local/kyua/testers/error_test:usage_error_type
Result: passed
Duration: 0.050s

Metadata:
    allowed_architectures is empty
    allowed_platforms is empty
    description is empty
    has_cleanup = false
    required_configs is empty
    required_disk_space = 0
    required_files is empty
    required_memory = 0
    required_programs is empty
    required_user is empty
    timeout = 300
===> local/kyua/testers/error_test:warn
Result: passed
Duration: 0.048s

Metadata:
    allowed_architectures is empty
    allowed_platforms is empty
    description is empty
    has_cleanup = false
    required_configs is empty
    required_disk_space = 0
    required_files is empty
    required_memory = 0
    required_programs is empty
    required_user is empty
    timeout = 300

Standard output:
subprocess stderr: error_test: The 1st message: A usage error
===> local/kyua/testers/fs_test:cleanup__file
Result: passed
Duration: 0.037s

Metadata:
    allowed_architectures is empty
    allowed_platforms is empty
    description is empty
    has_cleanup = false
    required_configs is empty
    required_disk_space = 0
    required_files is empty
    required_memory = 0
    required_programs is empty
    required_user is empty
    timeout = 300
===> local/kyua/testers/fs_test:cleanup__mount_point__busy
Result: passed
Duration: 4.189s

Metadata:
    allowed_architectures is empty
    allowed_platforms is empty
    description is empty
    has_cleanup = false
    required_configs is empty
    required_disk_space = 0
    required_files is empty
    required_memory = 0
    required_programs is empty
    required_user = root
    timeout = 300

Standard error:
Waiting for child to finish preparations
Child done; cleaning up
fs_test: /tmp/kyua.atf-tester.nGeQAk/root/dir1 busy; unmount retries left 3: unmount(/tmp/kyua.atf-tester.nGeQAk/root/dir1) failed: Device busy
fs_test: /tmp/kyua.atf-tester.nGeQAk/root/dir1 busy; unmount retries left 2: unmount(/tmp/kyua.atf-tester.nGeQAk/root/dir1) failed: Device busy
fs_test: /tmp/kyua.atf-tester.nGeQAk/root/dir1 busy; unmount retries left 1: unmount(/tmp/kyua.atf-tester.nGeQAk/root/dir1) failed: Device busy
fs_test: Cannot unmount root/dir1: unmount(/tmp/kyua.atf-tester.nGeQAk/root/dir1) failed: Device busy
fs_test: rmdir(root) failed: Directory not empty
fs_test: Cleanup of 'root' failed
Killing child
===> local/kyua/testers/fs_test:cleanup__mount_point__links
Result: passed
Duration: 0.236s

Metadata:
    allowed_architectures is empty
    allowed_platforms is empty
    description is empty
    has_cleanup = false
    required_configs is empty
    required_disk_space = 0
    required_files is empty
    required_memory = 0
    required_programs is empty
    required_user = root
    timeout = 300
===> local/kyua/testers/fs_test:cleanup__mount_point__nested
Result: passed
Duration: 0.363s

Metadata:
    allowed_architectures is empty
    allowed_platforms is empty
    description is empty
    has_cleanup = false
    required_configs is empty
    required_disk_space = 0
    required_files is empty
    required_memory = 0
    required_programs is empty
    required_user = root
    timeout = 300
===> local/kyua/testers/fs_test:cleanup__mount_point__overlayed
Result: passed
Duration: 0.129s

Metadata:
    allowed_architectures is empty
    allowed_platforms is empty
    description is empty
    has_cleanup = false
    required_configs is empty
    required_disk_space = 0
    required_files is empty
    required_memory = 0
    required_programs is empty
    required_user = root
    timeout = 300
===> local/kyua/testers/fs_test:cleanup__mount_point__simple
Result: passed
Duration: 0.093s

Metadata:
    allowed_architectures is empty
    allowed_platforms is empty
    description is empty
    has_cleanup = false
    required_configs is empty
    required_disk_space = 0
    required_files is empty
    required_memory = 0
    required_programs is empty
    required_user = root
    timeout = 300
===> local/kyua/testers/fs_test:cleanup__subdir__empty
Result: passed
Duration: 0.141s

Metadata:
    allowed_architectures is empty
    allowed_platforms is empty
    description is empty
    has_cleanup = false
    required_configs is empty
    required_disk_space = 0
    required_files is empty
    required_memory = 0
    required_programs is empty
    required_user is empty
    timeout = 300
===> local/kyua/testers/fs_test:cleanup__subdir__files_and_directories
Result: passed
Duration: 0.252s

Metadata:
    allowed_architectures is empty
    allowed_platforms is empty
    description is empty
    has_cleanup = false
    required_configs is empty
    required_disk_space = 0
    required_files is empty
    required_memory = 0
    required_programs is empty
    required_user is empty
    timeout = 300
===> local/kyua/testers/fs_test:cleanup__subdir__links
Result: passed
Duration: 0.289s

Metadata:
    allowed_architectures is empty
    allowed_platforms is empty
    description is empty
    has_cleanup = false
    required_configs is empty
    required_disk_space = 0
    required_files is empty
    required_memory = 0
    required_programs is empty
    required_user is empty
    timeout = 300
===> local/kyua/testers/fs_test:cleanup__subdir__unprotect_regular
Result: passed
Duration: 0.250s

Metadata:
    allowed_architectures is empty
    allowed_platforms is empty
    description is empty
    has_cleanup = false
    required_configs is empty
    required_disk_space = 0
    required_files is empty
    required_memory = 0
    required_programs is empty
    required_user is empty
    timeout = 300
===> local/kyua/testers/fs_test:cleanup__subdir__unprotect_symlink
Result: passed
Duration: 0.324s

Metadata:
    allowed_architectures is empty
    allowed_platforms is empty
    description is empty
    has_cleanup = false
    required_configs is empty
    required_disk_space = 0
    required_files is empty
    required_memory = 0
    required_programs = /bin/ls
    required_user = unprivileged
    timeout = 300
===> local/kyua/testers/fs_test:concat__one
Result: passed
Duration: 0.145s

Metadata:
    allowed_architectures is empty
    allowed_platforms is empty
    description is empty
    has_cleanup = false
    required_configs is empty
    required_disk_space = 0
    required_files is empty
    required_memory = 0
    required_programs is empty
    required_user is empty
    timeout = 300
===> local/kyua/testers/fs_test:concat__several
Result: passed
Duration: 0.038s

Metadata:
    allowed_architectures is empty
    allowed_platforms is empty
    description is empty
    has_cleanup = false
    required_configs is empty
    required_disk_space = 0
    required_files is empty
    required_memory = 0
    required_programs is empty
    required_user is empty
    timeout = 300
===> local/kyua/testers/fs_test:concat__two
Result: passed
Duration: 0.033s

Metadata:
    allowed_architectures is empty
    allowed_platforms is empty
    description is empty
    has_cleanup = false
    required_configs is empty
    required_disk_space = 0
    required_files is empty
    required_memory = 0
    required_programs is empty
    required_user is empty
    timeout = 300
===> local/kyua/testers/fs_test:current_path__enoent
Result: passed
Duration: 0.035s

Metadata:
    allowed_architectures is empty
    allowed_platforms is empty
    description is empty
    has_cleanup = false
    required_configs is empty
    required_disk_space = 0
    required_files is empty
    required_memory = 0
    required_programs is empty
    required_user is empty
    timeout = 300
===> local/kyua/testers/fs_test:current_path__ok
Result: passed
Duration: 0.032s

Metadata:
    allowed_architectures is empty
    allowed_platforms is empty
    description is empty
    has_cleanup = false
    required_configs is empty
    required_disk_space = 0
    required_files is empty
    required_memory = 0
    required_programs is empty
    required_user is empty
    timeout = 300
===> local/kyua/testers/fs_test:make_absolute__absolute
Result: passed
Duration: 0.027s

Metadata:
    allowed_architectures is empty
    allowed_platforms is empty
    description is empty
    has_cleanup = false
    required_configs is empty
    required_disk_space = 0
    required_files is empty
    required_memory = 0
    required_programs is empty
    required_user is empty
    timeout = 300
===> local/kyua/testers/fs_test:make_absolute__relative
Result: passed
Duration: 0.057s

Metadata:
    allowed_architectures is empty
    allowed_platforms is empty
    description is empty
    has_cleanup = false
    required_configs is empty
    required_disk_space = 0
    required_files is empty
    required_memory = 0
    required_programs is empty
    required_user is empty
    timeout = 300
===> local/kyua/testers/fs_test:sanitize__fail
Result: passed
Duration: 0.049s

Metadata:
    allowed_architectures is empty
    allowed_platforms is empty
    description is empty
    has_cleanup = false
    required_configs is empty
    required_disk_space = 0
    required_files is empty
    required_memory = 0
    required_programs is empty
    required_user is empty
    timeout = 300
===> local/kyua/testers/fs_test:sanitize__ok
Result: passed
Duration: 0.059s

Metadata:
    allowed_architectures is empty
    allowed_platforms is empty
    description is empty
    has_cleanup = false
    required_configs is empty
    required_disk_space = 0
    required_files is empty
    required_memory = 0
    required_programs is empty
    required_user is empty
    timeout = 300
===> local/kyua/testers/fs_test:unmount__fail
Result: passed
Duration: 0.035s

Metadata:
    allowed_architectures is empty
    allowed_platforms is empty
    description is empty
    has_cleanup = false
    required_configs is empty
    required_disk_space = 0
    required_files is empty
    required_memory = 0
    required_programs is empty
    required_user = root
    timeout = 300
===> local/kyua/testers/fs_test:unmount__ok
Result: passed
Duration: 0.047s

Metadata:
    allowed_architectures is empty
    allowed_platforms is empty
    description is empty
    has_cleanup = false
    required_configs is empty
    required_disk_space = 0
    required_files is empty
    required_memory = 0
    required_programs is empty
    required_user = root
    timeout = 300
===> local/kyua/testers/plain_inttest:list__ok
Result: passed
Duration: 0.067s

Metadata:
    allowed_architectures is empty
    allowed_platforms is empty
    description is empty
    has_cleanup = false
    required_configs is empty
    required_disk_space = 0
    required_files is empty
    required_memory = 0
    required_programs = /usr/local/libexec/kyua-plain-tester
    required_user is empty
    timeout = 300

Standard output:
subprocess stdout: test_case{name='main'}
===> local/kyua/testers/plain_inttest:test__config
Result: passed
Duration: 0.520s

Metadata:
    allowed_architectures is empty
    allowed_platforms is empty
    description is empty
    has_cleanup = false
    required_configs is empty
    required_disk_space = 0
    required_files is empty
    required_memory = 0
    required_programs = /usr/local/libexec/kyua-plain-tester /usr/tests/local/kyua/testers/plain_helpers
    required_user is empty
    timeout = 300

Standard output:
subprocess stdout: TEST_ENV_foo=a b c
subprocess stdout: TEST_ENV_a=b
===> local/kyua/testers/plain_inttest:test__crash
Result: passed
Duration: 0.498s

Metadata:
    allowed_architectures is empty
    allowed_platforms is empty
    description is empty
    has_cleanup = false
    required_configs is empty
    required_disk_space = 0
    required_files is empty
    required_memory = 0
    required_programs = /usr/local/libexec/kyua-plain-tester /usr/tests/local/kyua/testers/plain_helpers
    required_user is empty
    timeout = 300

Standard output:
subprocess stderr: About to die due to SIGABRT!
subprocess stderr: Process with PID 64590 dumped core; attempting to gather stack trace
subprocess stderr: Cannot find any core file
Looking for 'About to die due to SIGABRT!' in 'About to die due to SIGABRT!'
Looking for 'attempting to gather stack trace' in 'About to die due to SIGABRT!'
Looking for 'attempting to gather stack trace' in 'Process with PID 64590 dumped core; attempting to gather stack trace'
===> local/kyua/testers/plain_inttest:test__fail
Result: passed
Duration: 0.105s

Metadata:
    allowed_architectures is empty
    allowed_platforms is empty
    description is empty
    has_cleanup = false
    required_configs is empty
    required_disk_space = 0
    required_files is empty
    required_memory = 0
    required_programs = /usr/local/libexec/kyua-plain-tester /usr/tests/local/kyua/testers/plain_helpers
    required_user is empty
    timeout = 300

Standard output:
subprocess stdout: First line to stdout
subprocess stderr: First line to stderr
===> local/kyua/testers/plain_inttest:test__invalid_test_case_name
Result: passed
Duration: 0.050s

Metadata:
    allowed_architectures is empty
    allowed_platforms is empty
    description is empty
    has_cleanup = false
    required_configs is empty
    required_disk_space = 0
    required_files is empty
    required_memory = 0
    required_programs = /usr/local/libexec/kyua-plain-tester
    required_user is empty
    timeout = 300

Standard output:
subprocess stderr: kyua-plain-tester: Unknown test case 'foo'
===> local/kyua/testers/plain_inttest:test__missing_test_program
Result: passed
Duration: 0.060s

Metadata:
    allowed_architectures is empty
    allowed_platforms is empty
    description is empty
    has_cleanup = false
    required_configs is empty
    required_disk_space = 0
    required_files is empty
    required_memory = 0
    required_programs = /usr/local/libexec/kyua-plain-tester
    required_user is empty
    timeout = 300

Standard output:
subprocess stderr: kyua-plain-tester: execvp failed: No such file or directory
===> local/kyua/testers/plain_inttest:test__pass
Result: passed
Duration: 0.081s

Metadata:
    allowed_architectures is empty
    allowed_platforms is empty
    description is empty
    has_cleanup = false
    required_configs is empty
    required_disk_space = 0
    required_files is empty
    required_memory = 0
    required_programs = /usr/local/libexec/kyua-plain-tester /usr/tests/local/kyua/testers/plain_helpers
    required_user is empty
    timeout = 300

Standard output:
subprocess stdout: First line to stdout
subprocess stdout: Second line to stdout
subprocess stderr: First line to stderr
subprocess stderr: Second line to stderr
===> local/kyua/testers/plain_inttest:test__timeout
Result: passed
Duration: 1.112s

Metadata:
    allowed_architectures is empty
    allowed_platforms is empty
    description is empty
    has_cleanup = false
    required_configs is empty
    required_disk_space = 0
    required_files is empty
    required_memory = 0
    required_programs = /usr/local/libexec/kyua-plain-tester /usr/tests/local/kyua/testers/plain_helpers
    required_user is empty
    timeout = 300

Standard output:
subprocess stderr: Subprocess timed out; sending KILL signal...
===> local/kyua/testers/plain_inttest:top__missing_command
Result: passed
Duration: 0.032s

Metadata:
    allowed_architectures is empty
    allowed_platforms is empty
    description is empty
    has_cleanup = false
    required_configs is empty
    required_disk_space = 0
    required_files is empty
    required_memory = 0
    required_programs = /usr/local/libexec/kyua-plain-tester
    required_user is empty
    timeout = 300

Standard output:
subprocess stderr: kyua-plain-tester: Must provide a command
===> local/kyua/testers/plain_inttest:top__unknown_command
Result: passed
Duration: 0.049s

Metadata:
    allowed_architectures is empty
    allowed_platforms is empty
    description is empty
    has_cleanup = false
    required_configs is empty
    required_disk_space = 0
    required_files is empty
    required_memory = 0
    required_programs = /usr/local/libexec/kyua-plain-tester
    required_user is empty
    timeout = 300

Standard output:
subprocess stderr: kyua-plain-tester: Unknown command 'foo'
===> local/kyua/testers/result_test:write__open_error
Result: passed
Duration: 0.047s

Metadata:
    allowed_architectures is empty
    allowed_platforms is empty
    description is empty
    has_cleanup = false
    required_configs is empty
    required_disk_space = 0
    required_files is empty
    required_memory = 0
    required_programs is empty
    required_user = unprivileged
    timeout = 300

Standard output:
Looking for 'Cannot create result file 'readonly/test.txt'' in 'Cannot create result file 'readonly/test.txt': Permission denied'
===> local/kyua/testers/result_test:write__passed
Result: passed
Duration: 0.096s

Metadata:
    allowed_architectures is empty
    allowed_platforms is empty
    description is empty
    has_cleanup = false
    required_configs is empty
    required_disk_space = 0
    required_files is empty
    required_memory = 0
    required_programs is empty
    required_user is empty
    timeout = 300
===> local/kyua/testers/result_test:write_with_reason__broken
Result: passed
Duration: 0.186s

Metadata:
    allowed_architectures is empty
    allowed_platforms is empty
    description is empty
    has_cleanup = false
    required_configs is empty
    required_disk_space = 0
    required_files is empty
    required_memory = 0
    required_programs is empty
    required_user is empty
    timeout = 300
===> local/kyua/testers/result_test:write_with_reason__expected_failure
Result: passed
Duration: 0.048s

Metadata:
    allowed_architectures is empty
    allowed_platforms is empty
    description is empty
    has_cleanup = false
    required_configs is empty
    required_disk_space = 0
    required_files is empty
    required_memory = 0
    required_programs is empty
    required_user is empty
    timeout = 300
===> local/kyua/testers/result_test:write_with_reason__failed
Result: passed
Duration: 0.179s

Metadata:
    allowed_architectures is empty
    allowed_platforms is empty
    description is empty
    has_cleanup = false
    required_configs is empty
    required_disk_space = 0
    required_files is empty
    required_memory = 0
    required_programs is empty
    required_user is empty
    timeout = 300
===> local/kyua/testers/result_test:write_with_reason__open_error
Result: passed
Duration: 0.093s

Metadata:
    allowed_architectures is empty
    allowed_platforms is empty
    description is empty
    has_cleanup = false
    required_configs is empty
    required_disk_space = 0
    required_files is empty
    required_memory = 0
    required_programs is empty
    required_user = unprivileged
    timeout = 300

Standard output:
Looking for 'Cannot create result file 'readonly/test.txt'' in 'Cannot create result file 'readonly/test.txt': Permission denied'
===> local/kyua/testers/result_test:write_with_reason__skipped
Result: passed
Duration: 0.074s

Metadata:
    allowed_architectures is empty
    allowed_platforms is empty
    description is empty
    has_cleanup = false
    required_configs is empty
    required_disk_space = 0
    required_files is empty
    required_memory = 0
    required_programs is empty
    required_user is empty
    timeout = 300
===> local/kyua/testers/run_test:fork_exec_wait__eacces
Result: passed
Duration: 0.074s

Metadata:
    allowed_architectures is empty
    allowed_platforms is empty
    description is empty
    has_cleanup = false
    required_configs is empty
    required_disk_space = 0
    required_files is empty
    required_memory = 0
    required_programs is empty
    required_user = unprivileged
    timeout = 300
===> local/kyua/testers/run_test:fork_exec_wait__enoent
Result: passed
Duration: 0.073s

Metadata:
    allowed_architectures is empty
    allowed_platforms is empty
    description is empty
    has_cleanup = false
    required_configs is empty
    required_disk_space = 0
    required_files is empty
    required_memory = 0
    required_programs is empty
    required_user is empty
    timeout = 300
===> local/kyua/testers/run_test:fork_exec_wait__ok
Result: passed
Duration: 0.064s

Metadata:
    allowed_architectures is empty
    allowed_platforms is empty
    description is empty
    has_cleanup = false
    required_configs is empty
    required_disk_space = 0
    required_files is empty
    required_memory = 0
    required_programs is empty
    required_user is empty
    timeout = 300
===> local/kyua/testers/run_test:fork_wait__core_size
Result: passed
Duration: 0.496s

Metadata:
    allowed_architectures is empty
    allowed_platforms is empty
    description is empty
    has_cleanup = false
    required_configs is empty
    required_disk_space = 0
    required_files is empty
    required_memory = 0
    required_programs is empty
    required_user is empty
    timeout = 300
===> local/kyua/testers/run_test:fork_wait__env
Result: passed
Duration: 0.049s

Metadata:
    allowed_architectures is empty
    allowed_platforms is empty
    description is empty
    has_cleanup = false
    required_configs is empty
    required_disk_space = 0
    required_files is empty
    required_memory = 0
    required_programs is empty
    required_user is empty
    timeout = 300
===> local/kyua/testers/run_test:fork_wait__no_terminal
Result: passed
Duration: 0.035s

Metadata:
    allowed_architectures is empty
    allowed_platforms is empty
    description is empty
    has_cleanup = false
    required_configs is empty
    required_disk_space = 0
    required_files is empty
    required_memory = 0
    required_programs is empty
    required_user is empty
    timeout = 300

Standard output:
success

Standard error:
sh: can't access tty; job control turned off
===> local/kyua/testers/run_test:fork_wait__process_group
Result: passed
Duration: 0.050s

Metadata:
    allowed_architectures is empty
    allowed_platforms is empty
    description is empty
    has_cleanup = false
    required_configs is empty
    required_disk_space = 0
    required_files is empty
    required_memory = 0
    required_programs is empty
    required_user is empty
    timeout = 300
===> local/kyua/testers/run_test:fork_wait__session
Result: passed
Duration: 0.033s

Metadata:
    allowed_architectures is empty
    allowed_platforms is empty
    description is empty
    has_cleanup = false
    required_configs is empty
    required_disk_space = 0
    required_files is empty
    required_memory = 0
    required_programs is empty
    required_user is empty
    timeout = 300
===> local/kyua/testers/run_test:fork_wait__signals
Result: passed
Duration: 0.034s

Metadata:
    allowed_architectures is empty
    allowed_platforms is empty
    description is empty
    has_cleanup = false
    required_configs is empty
    required_disk_space = 0
    required_files is empty
    required_memory = 0
    required_programs is empty
    required_user is empty
    timeout = 300

Standard output:
Ignoring signal 1
Ignoring signal 2
Ignoring signal 3
Ignoring signal 4
Ignoring signal 5
Ignoring signal 6
Ignoring signal 7
Ignoring signal 8
Ignoring signal 10
Ignoring signal 11
Ignoring signal 12
Ignoring signal 13
Ignoring signal 14
Ignoring signal 15
Ignoring signal 16
Ignoring signal 18
Ignoring signal 19
Ignoring signal 21
Ignoring signal 22
Ignoring signal 23
Ignoring signal 24
Ignoring signal 25
Ignoring signal 26
Ignoring signal 27
Ignoring signal 28
Ignoring signal 29
Ignoring signal 30
Ignoring signal 31
Ignoring signal 32
Ignoring signal 33
Ignoring signal 34
Ignoring signal 35
Ignoring signal 36
Ignoring signal 37
Ignoring signal 38
Ignoring signal 39
Ignoring signal 40
Ignoring signal 41
Ignoring signal 42
Ignoring signal 43
Ignoring signal 44
Ignoring signal 45
Ignoring signal 46
Ignoring signal 47
Ignoring signal 48
Ignoring signal 49
Ignoring signal 50
Ignoring signal 51
Ignoring signal 52
Ignoring signal 53
Ignoring signal 54
Ignoring signal 55
Ignoring signal 56
Ignoring signal 57
Ignoring signal 58
Ignoring signal 59
Ignoring signal 60
Ignoring signal 61
Ignoring signal 62
Ignoring signal 63
Ignoring signal 64
Ignoring signal 65
Ignoring signal 66
Ignoring signal 67
Ignoring signal 68
Ignoring signal 69
Ignoring signal 70
Ignoring signal 71
Ignoring signal 72
Ignoring signal 73
Ignoring signal 74
Ignoring signal 75
Ignoring signal 76
Ignoring signal 77
Ignoring signal 78
Ignoring signal 79
Ignoring signal 80
Ignoring signal 81
Ignoring signal 82
Ignoring signal 83
Ignoring signal 84
Ignoring signal 85
Ignoring signal 86
Ignoring signal 87
Ignoring signal 88
Ignoring signal 89
Ignoring signal 90
Ignoring signal 91
Ignoring signal 92
Ignoring signal 93
Ignoring signal 94
Ignoring signal 95
Ignoring signal 96
Ignoring signal 97
Ignoring signal 98
Ignoring signal 99
Ignoring signal 100
Ignoring signal 101
Ignoring signal 102
Ignoring signal 103
Ignoring signal 104
Ignoring signal 105
Ignoring signal 106
Ignoring signal 107
Ignoring signal 108
Ignoring signal 109
Ignoring signal 110
Ignoring signal 111
Ignoring signal 112
Ignoring signal 113
Ignoring signal 114
Ignoring signal 115
Ignoring signal 116
Ignoring signal 117
Ignoring signal 118
Ignoring signal 119
Ignoring signal 120
Ignoring signal 121
Ignoring signal 122
Ignoring signal 123
Ignoring signal 124
Ignoring signal 125
Ignoring signal 126
Ignoring signal 127
Ignoring signal 128
Signal 1 has its default handler set
Signal 2 has its default handler set
Signal 3 has its default handler set
Signal 4 has its default handler set
Signal 5 has its default handler set
Signal 6 has its default handler set
Signal 7 has its default handler set
Signal 8 has its default handler set
Signal 10 has its default handler set
Signal 11 has its default handler set
Signal 12 has its default handler set
Signal 13 has its default handler set
Signal 14 has its default handler set
Signal 15 has its default handler set
Signal 16 has its default handler set
Signal 18 has its default handler set
Signal 19 has its default handler set
Signal 20 has its default handler set
Signal 21 has its default handler set
Signal 22 has its default handler set
Signal 23 has its default handler set
Signal 24 has its default handler set
Signal 25 has its default handler set
Signal 26 has its default handler set
Signal 27 has its default handler set
Signal 28 has its default handler set
Signal 29 has its default handler set
Signal 30 has its default handler set
Signal 31 has its default handler set
Signal 32 has its default handler set
Signal 33 has its default handler set
Signal 34 has its default handler set
Signal 35 has its default handler set
Signal 36 has its default handler set
Signal 37 has its default handler set
Signal 38 has its default handler set
Signal 39 has its default handler set
Signal 40 has its default handler set
Signal 41 has its default handler set
Signal 42 has its default handler set
Signal 43 has its default handler set
Signal 44 has its default handler set
Signal 45 has its default handler set
Signal 46 has its default handler set
Signal 47 has its default handler set
Signal 48 has its default handler set
Signal 49 has its default handler set
Signal 50 has its default handler set
Signal 51 has its default handler set
Signal 52 has its default handler set
Signal 53 has its default handler set
Signal 54 has its default handler set
Signal 55 has its default handler set
Signal 56 has its default handler set
Signal 57 has its default handler set
Signal 58 has its default handler set
Signal 59 has its default handler set
Signal 60 has its default handler set
Signal 61 has its default handler set
Signal 62 has its default handler set
Signal 63 has its default handler set
Signal 64 has its default handler set
Signal 65 has its default handler set
Signal 66 has its default handler set
Signal 67 has its default handler set
Signal 68 has its default handler set
Signal 69 has its default handler set
Signal 70 has its default handler set
Signal 71 has its default handler set
Signal 72 has its default handler set
Signal 73 has its default handler set
Signal 74 has its default handler set
Signal 75 has its default handler set
Signal 76 has its default handler set
Signal 77 has its default handler set
Signal 78 has its default handler set
Signal 79 has its default handler set
Signal 80 has its default handler set
Signal 81 has its default handler set
Signal 82 has its default handler set
Signal 83 has its default handler set
Signal 84 has its default handler set
Signal 85 has its default handler set
Signal 86 has its default handler set
Signal 87 has its default handler set
Signal 88 has its default handler set
Signal 89 has its default handler set
Signal 90 has its default handler set
Signal 91 has its default handler set
Signal 92 has its default handler set
Signal 93 has its default handler set
Signal 94 has its default handler set
Signal 95 has its default handler set
Signal 96 has its default handler set
Signal 97 has its default handler set
Signal 98 has its default handler set
Signal 99 has its default handler set
Signal 100 has its default handler set
Signal 101 has its default handler set
Signal 102 has its default handler set
Signal 103 has its default handler set
Signal 104 has its default handler set
Signal 105 has its default handler set
Signal 106 has its default handler set
Signal 107 has its default handler set
Signal 108 has its default handler set
Signal 109 has its default handler set
Signal 110 has its default handler set
Signal 111 has its default handler set
Signal 112 has its default handler set
Signal 113 has its default handler set
Signal 114 has its default handler set
Signal 115 has its default handler set
Signal 116 has its default handler set
Signal 117 has its default handler set
Signal 118 has its default handler set
Signal 119 has its default handler set
Signal 120 has its default handler set
Signal 121 has its default handler set
Signal 122 has its default handler set
Signal 123 has its default handler set
Signal 124 has its default handler set
Signal 125 has its default handler set
Signal 126 has its default handler set
Signal 127 has its default handler set
Signal 128 has its default handler set
Ignoring signal 1
Ignoring signal 2
Ignoring signal 3
Ignoring signal 4
Ignoring signal 5
Ignoring signal 6
Ignoring signal 7
Ignoring signal 8
Ignoring signal 10
Ignoring signal 11
Ignoring signal 12
Ignoring signal 13
Ignoring signal 14
Ignoring signal 15
Ignoring signal 16
Ignoring signal 18
Ignoring signal 19
Ignoring signal 21
Ignoring signal 22
Ignoring signal 23
Ignoring signal 24
Ignoring signal 25
Ignoring signal 26
Ignoring signal 27
Ignoring signal 28
Ignoring signal 29
Ignoring signal 30
Ignoring signal 31
Ignoring signal 32
Ignoring signal 33
Ignoring signal 34
Ignoring signal 35
Ignoring signal 36
Ignoring signal 37
Ignoring signal 38
Ignoring signal 39
Ignoring signal 40
Ignoring signal 41
Ignoring signal 42
Ignoring signal 43
Ignoring signal 44
Ignoring signal 45
Ignoring signal 46
Ignoring signal 47
Ignoring signal 48
Ignoring signal 49
Ignoring signal 50
Ignoring signal 51
Ignoring signal 52
Ignoring signal 53
Ignoring signal 54
Ignoring signal 55
Ignoring signal 56
Ignoring signal 57
Ignoring signal 58
Ignoring signal 59
Ignoring signal 60
Ignoring signal 61
Ignoring signal 62
Ignoring signal 63
Ignoring signal 64
Ignoring signal 65
Ignoring signal 66
Ignoring signal 67
Ignoring signal 68
Ignoring signal 69
Ignoring signal 70
Ignoring signal 71
Ignoring signal 72
Ignoring signal 73
Ignoring signal 74
Ignoring signal 75
Ignoring signal 76
Ignoring signal 77
Ignoring signal 78
Ignoring signal 79
Ignoring signal 80
Ignoring signal 81
Ignoring signal 82
Ignoring signal 83
Ignoring signal 84
Ignoring signal 85
Ignoring signal 86
Ignoring signal 87
Ignoring signal 88
Ignoring signal 89
Ignoring signal 90
Ignoring signal 91
Ignoring signal 92
Ignoring signal 93
Ignoring signal 94
Ignoring signal 95
Ignoring signal 96
Ignoring signal 97
Ignoring signal 98
Ignoring signal 99
Ignoring signal 100
Ignoring signal 101
Ignoring signal 102
Ignoring signal 103
Ignoring signal 104
Ignoring signal 105
Ignoring signal 106
Ignoring signal 107
Ignoring signal 108
Ignoring signal 109
Ignoring signal 110
Ignoring signal 111
Ignoring signal 112
Ignoring signal 113
Ignoring signal 114
Ignoring signal 115
Ignoring signal 116
Ignoring signal 117
Ignoring signal 118
Ignoring signal 119
Ignoring signal 120
Ignoring signal 121
Ignoring signal 122
Ignoring signal 123
Ignoring signal 124
Ignoring signal 125
Ignoring signal 126
Ignoring signal 127
Ignoring signal 128
===> local/kyua/testers/run_test:fork_wait__timeout
Result: passed
Duration: 1.160s

Metadata:
    allowed_architectures is empty
    allowed_platforms is empty
    description is empty
    has_cleanup = false
    required_configs is empty
    required_disk_space = 0
    required_files is empty
    required_memory = 0
    required_programs is empty
    required_user is empty
    timeout = 300

Standard error:
Subprocess timed out; sending KILL signal...
===> local/kyua/testers/run_test:fork_wait__umask
Result: passed
Duration: 0.054s

Metadata:
    allowed_architectures is empty
    allowed_platforms is empty
    description is empty
    has_cleanup = false
    required_configs is empty
    required_disk_space = 0
    required_files is empty
    required_memory = 0
    required_programs is empty
    required_user is empty
    timeout = 300
===> local/kyua/testers/run_test:fork_wait__unprivileged_both
Result: passed
Duration: 0.084s

Metadata:
    allowed_architectures is empty
    allowed_platforms is empty
    description is empty
    has_cleanup = false
    required_configs = unprivileged-user
    required_disk_space = 0
    required_files is empty
    required_memory = 0
    required_programs is empty
    required_user = root
    timeout = 300
===> local/kyua/testers/run_test:fork_wait__unprivileged_group
Result: passed
Duration: 0.058s

Metadata:
    allowed_architectures is empty
    allowed_platforms is empty
    description is empty
    has_cleanup = false
    required_configs = unprivileged-user
    required_disk_space = 0
    required_files is empty
    required_memory = 0
    required_programs is empty
    required_user = root
    timeout = 300
===> local/kyua/testers/run_test:fork_wait__unprivileged_user
Result: passed
Duration: 0.049s

Metadata:
    allowed_architectures is empty
    allowed_platforms is empty
    description is empty
    has_cleanup = false
    required_configs = unprivileged-user
    required_disk_space = 0
    required_files is empty
    required_memory = 0
    required_programs is empty
    required_user = root
    timeout = 300
===> local/kyua/testers/run_test:fork_wait__work_directory
Result: passed
Duration: 0.074s

Metadata:
    allowed_architectures is empty
    allowed_platforms is empty
    description is empty
    has_cleanup = false
    required_configs is empty
    required_disk_space = 0
    required_files is empty
    required_memory = 0
    required_programs is empty
    required_user is empty
    timeout = 300
===> local/kyua/testers/run_test:run_params_init__defaults
Result: passed
Duration: 0.060s

Metadata:
    allowed_architectures is empty
    allowed_platforms is empty
    description is empty
    has_cleanup = false
    required_configs is empty
    required_disk_space = 0
    required_files is empty
    required_memory = 0
    required_programs is empty
    required_user is empty
    timeout = 300
===> local/kyua/testers/run_test:work_directory__builtin_tmpdir
Result: passed
Duration: 0.122s

Metadata:
    allowed_architectures is empty
    allowed_platforms is empty
    description is empty
    has_cleanup = false
    required_configs is empty
    required_disk_space = 0
    required_files is empty
    required_memory = 0
    required_programs is empty
    required_user is empty
    timeout = 300
===> local/kyua/testers/run_test:work_directory__env_tmpdir
Result: passed
Duration: 0.144s

Metadata:
    allowed_architectures is empty
    allowed_platforms is empty
    description is empty
    has_cleanup = false
    required_configs is empty
    required_disk_space = 0
    required_files is empty
    required_memory = 0
    required_programs is empty
    required_user is empty
    timeout = 300
===> local/kyua/testers/run_test:work_directory__mkdtemp_error
Result: passed
Duration: 0.052s

Metadata:
    allowed_architectures is empty
    allowed_platforms is empty
    description is empty
    has_cleanup = false
    required_configs is empty
    required_disk_space = 0
    required_files is empty
    required_memory = 0
    required_programs is empty
    required_user = unprivileged
    timeout = 300
===> local/kyua/testers/run_test:work_directory__permissions
Result: passed
Duration: 0.080s

Metadata:
    allowed_architectures is empty
    allowed_platforms is empty
    description is empty
    has_cleanup = false
    required_configs = unprivileged-user
    required_disk_space = 0
    required_files is empty
    required_memory = 0
    required_programs is empty
    required_user = root
    timeout = 300

Standard output:
0 0 977 65534
===> local/kyua/testers/run_test:work_directory__permissions_error
Result: passed
Duration: 0.091s

Metadata:
    allowed_architectures is empty
    allowed_platforms is empty
    description is empty
    has_cleanup = false
    required_configs is empty
    required_disk_space = 0
    required_files is empty
    required_memory = 0
    required_programs is empty
    required_user = unprivileged
    timeout = 300
===> local/kyua/testers/run_test:work_directory__sanitized
Result: passed
Duration: 0.171s

Metadata:
    allowed_architectures is empty
    allowed_platforms is empty
    description is empty
    has_cleanup = false
    required_configs is empty
    required_disk_space = 0
    required_files is empty
    required_memory = 0
    required_programs is empty
    required_user is empty
    timeout = 300
===> local/kyua/testers/run_test:work_directory__sighup
Result: passed
Duration: 0.063s

Metadata:
    allowed_architectures is empty
    allowed_platforms is empty
    description is empty
    has_cleanup = false
    required_configs is empty
    required_disk_space = 0
    required_files is empty
    required_memory = 0
    required_programs is empty
    required_user is empty
    timeout = 300

Standard error:
Signal caught; cleaning up...
===> local/kyua/testers/run_test:work_directory__sigint
Result: passed
Duration: 0.087s

Metadata:
    allowed_architectures is empty
    allowed_platforms is empty
    description is empty
    has_cleanup = false
    required_configs is empty
    required_disk_space = 0
    required_files is empty
    required_memory = 0
    required_programs is empty
    required_user is empty
    timeout = 300

Standard error:
Signal caught; cleaning up...
===> local/kyua/testers/run_test:work_directory__sigterm
Result: passed
Duration: 0.166s

Metadata:
    allowed_architectures is empty
    allowed_platforms is empty
    description is empty
    has_cleanup = false
    required_configs is empty
    required_disk_space = 0
    required_files is empty
    required_memory = 0
    required_programs is empty
    required_user is empty
    timeout = 300

Standard error:
Signal caught; cleaning up...
===> local/kyua/testers/stacktrace_test:dump__cannot_find_core
Result: passed
Duration: 0.078s

Metadata:
    allowed_architectures is empty
    allowed_platforms is empty
    description is empty
    has_cleanup = false
    required_configs is empty
    required_disk_space = 0
    required_files is empty
    required_memory = 0
    required_programs is empty
    required_user is empty
    timeout = 300

Standard output:
dump output: Process with PID 1 dumped core; attempting to gather stack trace
dump output: Cannot find any core file
Looking for 'Cannot find any core file' in 'Process with PID 1 dumped core; attempting to gather stack trace'
Looking for 'Cannot find any core file' in 'Cannot find any core file'
===> local/kyua/testers/stacktrace_test:dump__cannot_find_gdb
Result: passed
Duration: 1.245s

Metadata:
    allowed_architectures is empty
    allowed_platforms is empty
    description is empty
    has_cleanup = false
    required_configs is empty
    required_disk_space = 0
    required_files is empty
    required_memory = 0
    required_programs is empty
    required_user is empty
    timeout = 300

Standard output:
dump output: Process with PID 64264 dumped core; attempting to gather stack trace
dump output: Failed to gather stacktrace: execvp failed: No such file or directory
Looking for 'execvp failed' in 'Process with PID 64264 dumped core; attempting to gather stack trace'
Looking for 'execvp failed' in 'Failed to gather stacktrace: execvp failed: No such file or directory'
===> local/kyua/testers/stacktrace_test:dump__gdb_fail
Result: passed
Duration: 0.573s

Metadata:
    allowed_architectures is empty
    allowed_platforms is empty
    description is empty
    has_cleanup = false
    required_configs is empty
    required_disk_space = 0
    required_files is empty
    required_memory = 0
    required_programs is empty
    required_user is empty
    timeout = 300

Standard output:
dump output: Process with PID 64268 dumped core; attempting to gather stack trace
dump output: foo
dump output: bar
dump output: GDB failed with code 56; see output above for details
Looking for 'foo' in 'Process with PID 64268 dumped core; attempting to gather stack trace'
Looking for 'foo' in 'foo'
Looking for 'bar' in 'Process with PID 64268 dumped core; attempting to gather stack trace'
Looking for 'bar' in 'foo'
Looking for 'bar' in 'bar'
Looking for 'GDB failed with code 56; see output above for details' in 'Process with PID 64268 dumped core; attempting to gather stack trace'
Looking for 'GDB failed with code 56; see output above for details' in 'foo'
Looking for 'GDB failed with code 56; see output above for details' in 'bar'
Looking for 'GDB failed with code 56; see output above for details' in 'GDB failed with code 56; see output above for details'
===> local/kyua/testers/stacktrace_test:dump__gdb_times_out
Result: passed
Duration: 3.686s

Metadata:
    allowed_architectures is empty
    allowed_platforms is empty
    description is empty
    has_cleanup = false
    required_configs is empty
    required_disk_space = 0
    required_files is empty
    required_memory = 0
    required_programs is empty
    required_user is empty
    timeout = 300

Standard output:
dump output: Process with PID 64272 dumped core; attempting to gather stack trace
dump output: foo
dump output: bar
dump output: GDB failed; timed out
Looking for 'foo' in 'Process with PID 64272 dumped core; attempting to gather stack trace'
Looking for 'foo' in 'foo'
Looking for 'bar' in 'Process with PID 64272 dumped core; attempting to gather stack trace'
Looking for 'bar' in 'foo'
Looking for 'bar' in 'bar'
Looking for 'GDB failed; timed out' in 'Process with PID 64272 dumped core; attempting to gather stack trace'
Looking for 'GDB failed; timed out' in 'foo'
Looking for 'GDB failed; timed out' in 'bar'
Looking for 'GDB failed; timed out' in 'GDB failed; timed out'

Standard error:
Subprocess timed out; sending KILL signal...
===> local/kyua/testers/stacktrace_test:dump__integration
Result: passed
Duration: 0.528s

Metadata:
    allowed_architectures is empty
    allowed_platforms is empty
    description is empty
    has_cleanup = false
    required_configs is empty
    required_disk_space = 0
    required_files is empty
    required_memory = 0
    required_programs = /usr/bin/gdb
    required_user is empty
    timeout = 300

Standard output:
dump output: Process with PID 64277 dumped core; attempting to gather stack trace
dump output: (no debugging symbols found)...Core was generated by `short'.
dump output: Program terminated with signal 6, Aborted.
dump output: (no debugging symbols found)...(no debugging symbols found)...#0  0x000000080095e55a in thr_kill () from /lib/libc.so.7
dump output: GDB exited successfully
Looking for '#0' in 'Process with PID 64277 dumped core; attempting to gather stack trace'
Looking for '#0' in '(no debugging symbols found)...Core was generated by `short'.'
Looking for '#0' in 'Program terminated with signal 6, Aborted.'
Looking for '#0' in '(no debugging symbols found)...(no debugging symbols found)...#0  0x000000080095e55a in thr_kill () from /lib/libc.so.7'
===> local/kyua/testers/stacktrace_test:dump__ok
Result: passed
Duration: 0.427s

Metadata:
    allowed_architectures is empty
    allowed_platforms is empty
    description is empty
    has_cleanup = false
    required_configs is empty
    required_disk_space = 0
    required_files is empty
    required_memory = 0
    required_programs is empty
    required_user is empty
    timeout = 300

Standard output:
dump output: Process with PID 64281 dumped core; attempting to gather stack trace
dump output: frame 1
dump output: frame 2
dump output: some warning
dump output: GDB exited successfully
Looking for 'dumped core; attempting to gather' in 'Process with PID 64281 dumped core; attempting to gather stack trace'
Looking for 'frame 1' in 'Process with PID 64281 dumped core; attempting to gather stack trace'
Looking for 'frame 1' in 'frame 1'
Looking for 'frame 2' in 'Process with PID 64281 dumped core; attempting to gather stack trace'
Looking for 'frame 2' in 'frame 1'
Looking for 'frame 2' in 'frame 2'
Looking for 'some warning' in 'Process with PID 64281 dumped core; attempting to gather stack trace'
Looking for 'some warning' in 'frame 1'
Looking for 'some warning' in 'frame 2'
Looking for 'some warning' in 'some warning'
Looking for 'GDB exited successfully' in 'Process with PID 64281 dumped core; attempting to gather stack trace'
Looking for 'GDB exited successfully' in 'frame 1'
Looking for 'GDB exited successfully' in 'frame 2'
Looking for 'GDB exited successfully' in 'some warning'
Looking for 'GDB exited successfully' in 'GDB exited successfully'
===> local/kyua/testers/stacktrace_test:find_core__found__long
Result: passed
Duration: 0.403s

Metadata:
    allowed_architectures is empty
    allowed_platforms is empty
    description is empty
    has_cleanup = false
    required_configs is empty
    required_disk_space = 0
    required_files is empty
    required_memory = 0
    required_programs is empty
    required_user is empty
    timeout = 300
===> local/kyua/testers/stacktrace_test:find_core__found__short
Result: passed
Duration: 0.342s

Metadata:
    allowed_architectures is empty
    allowed_platforms is empty
    description is empty
    has_cleanup = false
    required_configs is empty
    required_disk_space = 0
    required_files is empty
    required_memory = 0
    required_programs is empty
    required_user is empty
    timeout = 300
===> local/kyua/testers/stacktrace_test:find_core__not_found
Result: passed
Duration: 0.043s

Metadata:
    allowed_architectures is empty
    allowed_platforms is empty
    description is empty
    has_cleanup = false
    required_configs is empty
    required_disk_space = 0
    required_files is empty
    required_memory = 0
    required_programs is empty
    required_user is empty
    timeout = 300
===> local/kyua/testers/tap_inttest:list__ok
Result: passed
Duration: 0.035s

Metadata:
    allowed_architectures is empty
    allowed_platforms is empty
    description is empty
    has_cleanup = false
    required_configs is empty
    required_disk_space = 0
    required_files is empty
    required_memory = 0
    required_programs = /usr/local/libexec/kyua-tap-tester
    required_user is empty
    timeout = 300

Standard output:
subprocess stdout: test_case{name='main'}
===> local/kyua/testers/tap_inttest:test__bail_out
Result: passed
Duration: 0.059s

Metadata:
    allowed_architectures is empty
    allowed_platforms is empty
    description is empty
    has_cleanup = false
    required_configs is empty
    required_disk_space = 0
    required_files is empty
    required_memory = 0
    required_programs = /usr/local/libexec/kyua-tap-tester /usr/tests/local/kyua/testers/tap_helpers
    required_user is empty
    timeout = 300

Standard output:
subprocess stdout: 1..3
subprocess stdout: ok
subprocess stdout: Bail out!
===> local/kyua/testers/tap_inttest:test__bogus_plan
Result: passed
Duration: 0.111s

Metadata:
    allowed_architectures is empty
    allowed_platforms is empty
    description is empty
    has_cleanup = false
    required_configs is empty
    required_disk_space = 0
    required_files is empty
    required_memory = 0
    required_programs = /usr/local/libexec/kyua-tap-tester /usr/tests/local/kyua/testers/tap_helpers
    required_user is empty
    timeout = 300

Standard output:
subprocess stdout: 1..3
subprocess stdout: ok
===> local/kyua/testers/tap_inttest:test__bogus_skip_plan
Result: passed
Duration: 0.057s

Metadata:
    allowed_architectures is empty
    allowed_platforms is empty
    description is empty
    has_cleanup = false
    required_configs is empty
    required_disk_space = 0
    required_files is empty
    required_memory = 0
    required_programs = /usr/local/libexec/kyua-tap-tester /usr/tests/local/kyua/testers/tap_helpers
    required_user is empty
    timeout = 300

Standard output:
subprocess stdout: before
subprocess stdout: 1..3 # SKIP Pretends to skip but doesn't
===> local/kyua/testers/tap_inttest:test__config
Result: passed
Duration: 0.050s

Metadata:
    allowed_architectures is empty
    allowed_platforms is empty
    description is empty
    has_cleanup = false
    required_configs is empty
    required_disk_space = 0
    required_files is empty
    required_memory = 0
    required_programs = /usr/local/libexec/kyua-tap-tester /usr/tests/local/kyua/testers/tap_helpers
    required_user is empty
    timeout = 300

Standard output:
subprocess stdout: 1..1
subprocess stdout: TEST_ENV_foo=a b c
subprocess stdout: TEST_ENV_a=b
subprocess stdout: ok - 1
===> local/kyua/testers/tap_inttest:test__crash
Result: passed
Duration: 0.369s

Metadata:
    allowed_architectures is empty
    allowed_platforms is empty
    description is empty
    has_cleanup = false
    required_configs is empty
    required_disk_space = 0
    required_files is empty
    required_memory = 0
    required_programs = /usr/local/libexec/kyua-tap-tester /usr/tests/local/kyua/testers/tap_helpers
    required_user is empty
    timeout = 300

Standard output:
subprocess stderr: About to die due to SIGABRT!
subprocess stderr: Process with PID 64640 dumped core; attempting to gather stack trace
subprocess stderr: Cannot find any core file
Looking for 'About to die due to SIGABRT!' in 'About to die due to SIGABRT!'
Looking for 'attempting to gather stack trace' in 'About to die due to SIGABRT!'
Looking for 'attempting to gather stack trace' in 'Process with PID 64640 dumped core; attempting to gather stack trace'
===> local/kyua/testers/tap_inttest:test__fail
Result: passed
Duration: 0.040s

Metadata:
    allowed_architectures is empty
    allowed_platforms is empty
    description is empty
    has_cleanup = false
    required_configs is empty
    required_disk_space = 0
    required_files is empty
    required_memory = 0
    required_programs = /usr/local/libexec/kyua-tap-tester /usr/tests/local/kyua/testers/tap_helpers
    required_user is empty
    timeout = 300

Standard output:
subprocess stdout: garbage line
subprocess stdout: not ok - 1 This test failed
subprocess stdout: ok - 2 This test passed
subprocess stdout: not ok - 3 This test failed
subprocess stdout: not ok - 4 This test failed
subprocess stdout: ok - 5 This test passed
subprocess stdout: garbage line
subprocess stdout: 1..5
subprocess stderr: should be completely ignored
===> local/kyua/testers/tap_inttest:test__invalid_test_case_name
Result: passed
Duration: 0.030s

Metadata:
    allowed_architectures is empty
    allowed_platforms is empty
    description is empty
    has_cleanup = false
    required_configs is empty
    required_disk_space = 0
    required_files is empty
    required_memory = 0
    required_programs = /usr/local/libexec/kyua-tap-tester
    required_user is empty
    timeout = 300

Standard output:
subprocess stderr: kyua-tap-tester: Unknown test case 'foo'
===> local/kyua/testers/tap_inttest:test__missing_test_program
Result: passed
Duration: 0.046s

Metadata:
    allowed_architectures is empty
    allowed_platforms is empty
    description is empty
    has_cleanup = false
    required_configs is empty
    required_disk_space = 0
    required_files is empty
    required_memory = 0
    required_programs = /usr/local/libexec/kyua-tap-tester
    required_user is empty
    timeout = 300

Standard output:
subprocess stderr: kyua-tap-tester: execvp failed: No such file or directory
===> local/kyua/testers/tap_inttest:test__pass
Result: passed
Duration: 0.038s

Metadata:
    allowed_architectures is empty
    allowed_platforms is empty
    description is empty
    has_cleanup = false
    required_configs is empty
    required_disk_space = 0
    required_files is empty
    required_memory = 0
    required_programs = /usr/local/libexec/kyua-tap-tester /usr/tests/local/kyua/testers/tap_helpers
    required_user is empty
    timeout = 300

Standard output:
subprocess stdout: 1..3
subprocess stdout: ok - 1
subprocess stdout: ok - 2 This test also passed
subprocess stdout: garbage line
subprocess stdout: not ok - 3 This test passed # TODO Not yet done
subprocess stderr: garbage line
===> local/kyua/testers/tap_inttest:test__pass_but_return_failure
Result: passed
Duration: 0.053s

Metadata:
    allowed_architectures is empty
    allowed_platforms is empty
    description is empty
    has_cleanup = false
    required_configs is empty
    required_disk_space = 0
    required_files is empty
    required_memory = 0
    required_programs = /usr/local/libexec/kyua-tap-tester /usr/tests/local/kyua/testers/tap_helpers
    required_user is empty
    timeout = 300

Standard output:
subprocess stdout: 1..2
subprocess stdout: ok - 1
subprocess stdout: ok - 2 This test also passed
===> local/kyua/testers/tap_inttest:test__skip_plan
Result: passed
Duration: 0.039s

Metadata:
    allowed_architectures is empty
    allowed_platforms is empty
    description is empty
    has_cleanup = false
    required_configs is empty
    required_disk_space = 0
    required_files is empty
    required_memory = 0
    required_programs = /usr/local/libexec/kyua-tap-tester /usr/tests/local/kyua/testers/tap_helpers
    required_user is empty
    timeout = 300

Standard output:
subprocess stdout: 1..0 # skip    Other results are irrelevant
subprocess stdout: ok - 1
subprocess stdout: ok - 2 This test also passed
subprocess stdout: garbage line
subprocess stdout: not ok - 3 This test passed # TODO Not yet done
subprocess stderr: garbage line
===> local/kyua/testers/tap_inttest:test__timeout
Result: passed
Duration: 1.049s

Metadata:
    allowed_architectures is empty
    allowed_platforms is empty
    description is empty
    has_cleanup = false
    required_configs is empty
    required_disk_space = 0
    required_files is empty
    required_memory = 0
    required_programs = /usr/local/libexec/kyua-tap-tester /usr/tests/local/kyua/testers/tap_helpers
    required_user is empty
    timeout = 300

Standard output:
subprocess stderr: Subprocess timed out; sending KILL signal...
===> local/kyua/testers/tap_inttest:top__missing_command
Result: passed
Duration: 0.029s

Metadata:
    allowed_architectures is empty
    allowed_platforms is empty
    description is empty
    has_cleanup = false
    required_configs is empty
    required_disk_space = 0
    required_files is empty
    required_memory = 0
    required_programs = /usr/local/libexec/kyua-tap-tester
    required_user is empty
    timeout = 300

Standard output:
subprocess stderr: kyua-tap-tester: Must provide a command
===> local/kyua/testers/tap_inttest:top__unknown_command
Result: passed
Duration: 0.029s

Metadata:
    allowed_architectures is empty
    allowed_platforms is empty
    description is empty
    has_cleanup = false
    required_configs is empty
    required_disk_space = 0
    required_files is empty
    required_memory = 0
    required_programs = /usr/local/libexec/kyua-tap-tester
    required_user is empty
    timeout = 300

Standard output:
subprocess stderr: kyua-tap-tester: Unknown command 'foo'
===> local/kyua/testers/tap_parser_test:parse__bail_out
Result: passed
Duration: 0.066s

Metadata:
    allowed_architectures is empty
    allowed_platforms is empty
    description is empty
    has_cleanup = false
    required_configs is empty
    required_disk_space = 0
    required_files is empty
    required_memory = 0
    required_programs is empty
    required_user is empty
    timeout = 300
===> local/kyua/testers/tap_parser_test:parse__fail__double_plan
Result: passed
Duration: 0.066s

Metadata:
    allowed_architectures is empty
    allowed_platforms is empty
    description is empty
    has_cleanup = false
    required_configs is empty
    required_disk_space = 0
    required_files is empty
    required_memory = 0
    required_programs is empty
    required_user is empty
    timeout = 300

Standard output:
Looking for 'Output includes two test plans' in 'Output includes two test plans'
===> local/kyua/testers/tap_parser_test:parse__fail__inconsistent_plan
Result: passed
Duration: 0.059s

Metadata:
    allowed_architectures is empty
    allowed_platforms is empty
    description is empty
    has_cleanup = false
    required_configs is empty
    required_disk_space = 0
    required_files is empty
    required_memory = 0
    required_programs is empty
    required_user is empty
    timeout = 300

Standard output:
Looking for 'plan differs from actual executed tests' in 'Reported plan differs from actual executed tests'
===> local/kyua/testers/tap_parser_test:parse__fail__inconsistent_plan_at_the_end
Result: passed
Duration: 0.045s

Metadata:
    allowed_architectures is empty
    allowed_platforms is empty
    description is empty
    has_cleanup = false
    required_configs is empty
    required_disk_space = 0
    required_files is empty
    required_memory = 0
    required_programs is empty
    required_user is empty
    timeout = 300

Standard output:
Looking for 'plan differs from actual executed tests' in 'Reported plan differs from actual executed tests'
===> local/kyua/testers/tap_parser_test:parse__ok__fail
Result: passed
Duration: 0.028s

Metadata:
    allowed_architectures is empty
    allowed_platforms is empty
    description is empty
    has_cleanup = false
    required_configs is empty
    required_disk_space = 0
    required_files is empty
    required_memory = 0
    required_programs is empty
    required_user is empty
    timeout = 300
===> local/kyua/testers/tap_parser_test:parse__ok__pass
Result: passed
Duration: 0.093s

Metadata:
    allowed_architectures is empty
    allowed_platforms is empty
    description is empty
    has_cleanup = false
    required_configs is empty
    required_disk_space = 0
    required_files is empty
    required_memory = 0
    required_programs is empty
    required_user is empty
    timeout = 300
===> local/kyua/testers/tap_parser_test:parse__ok__plan_at_the_end
Result: passed
Duration: 0.028s

Metadata:
    allowed_architectures is empty
    allowed_platforms is empty
    description is empty
    has_cleanup = false
    required_configs is empty
    required_disk_space = 0
    required_files is empty
    required_memory = 0
    required_programs is empty
    required_user is empty
    timeout = 300
===> local/kyua/testers/tap_parser_test:parse__ok__skip
Result: passed
Duration: 0.045s

Metadata:
    allowed_architectures is empty
    allowed_platforms is empty
    description is empty
    has_cleanup = false
    required_configs is empty
    required_disk_space = 0
    required_files is empty
    required_memory = 0
    required_programs is empty
    required_user is empty
    timeout = 300
===> local/kyua/testers/tap_parser_test:parse__ok__stray_oks
Result: passed
Duration: 0.167s

Metadata:
    allowed_architectures is empty
    allowed_platforms is empty
    description is empty
    has_cleanup = false
    required_configs is empty
    required_disk_space = 0
    required_files is empty
    required_memory = 0
    required_programs is empty
    required_user is empty
    timeout = 300
===> local/kyua/testers/tap_parser_test:try_parse_plan__insane
Result: passed
Duration: 0.278s

Metadata:
    allowed_architectures is empty
    allowed_platforms is empty
    description is empty
    has_cleanup = false
    required_configs is empty
    required_disk_space = 0
    required_files is empty
    required_memory = 0
    required_programs is empty
    required_user is empty
    timeout = 300

Standard output:
Looking for 'too long' in 'Plan line too long'
===> local/kyua/testers/tap_parser_test:try_parse_plan__invalid__skip
Result: passed
Duration: 0.071s

Metadata:
    allowed_architectures is empty
    allowed_platforms is empty
    description is empty
    has_cleanup = false
    required_configs is empty
    required_disk_space = 0
    required_files is empty
    required_memory = 0
    required_programs is empty
    required_user is empty
    timeout = 300

Standard output:
Looking for 'Skipped test plan has invalid range' in 'Skipped test plan has invalid range'
===> local/kyua/testers/tap_parser_test:try_parse_plan__ok
Result: passed
Duration: 0.023s

Metadata:
    allowed_architectures is empty
    allowed_platforms is empty
    description is empty
    has_cleanup = false
    required_configs is empty
    required_disk_space = 0
    required_files is empty
    required_memory = 0
    required_programs is empty
    required_user is empty
    timeout = 300
===> local/kyua/testers/tap_parser_test:try_parse_plan__ok__skip_with_reason
Result: passed
Duration: 0.024s

Metadata:
    allowed_architectures is empty
    allowed_platforms is empty
    description is empty
    has_cleanup = false
    required_configs is empty
    required_disk_space = 0
    required_files is empty
    required_memory = 0
    required_programs is empty
    required_user is empty
    timeout = 300
===> local/kyua/testers/tap_parser_test:try_parse_plan__ok__skip_without_reason
Result: passed
Duration: 0.024s

Metadata:
    allowed_architectures is empty
    allowed_platforms is empty
    description is empty
    has_cleanup = false
    required_configs is empty
    required_disk_space = 0
    required_files is empty
    required_memory = 0
    required_programs is empty
    required_user is empty
    timeout = 300
===> local/kyua/testers/tap_parser_test:try_parse_plan__reversed
Result: passed
Duration: 0.025s

Metadata:
    allowed_architectures is empty
    allowed_platforms is empty
    description is empty
    has_cleanup = false
    required_configs is empty
    required_disk_space = 0
    required_files is empty
    required_memory = 0
    required_programs is empty
    required_user is empty
    timeout = 300

Standard output:
Looking for 'is reversed' in 'Test plan is reversed'
===> local/kyua/testers/text_test:fgets_error__libc_error
Result: passed
Duration: 0.052s

Metadata:
    allowed_architectures is empty
    allowed_platforms is empty
    description is empty
    has_cleanup = false
    required_configs is empty
    required_disk_space = 0
    required_files is empty
    required_memory = 0
    required_programs is empty
    required_user is empty
    timeout = 300

Standard output:
Looking for '^Foo bar: .*' in 'Foo bar: Bad file descriptor'
===> local/kyua/testers/text_test:fgets_error__unexpected_eof
Result: passed
Duration: 0.029s

Metadata:
    allowed_architectures is empty
    allowed_platforms is empty
    description is empty
    has_cleanup = false
    required_configs is empty
    required_disk_space = 0
    required_files is empty
    required_memory = 0
    required_programs is empty
    required_user is empty
    timeout = 300
===> local/kyua/testers/text_test:fgets_no_newline__ok
Result: passed
Duration: 0.027s

Metadata:
    allowed_architectures is empty
    allowed_platforms is empty
    description is empty
    has_cleanup = false
    required_configs is empty
    required_disk_space = 0
    required_files is empty
    required_memory = 0
    required_programs is empty
    required_user is empty
    timeout = 300
===> local/kyua/testers/text_test:fgets_no_newline__overflow
Result: passed
Duration: 0.294s

Metadata:
    allowed_architectures is empty
    allowed_platforms is empty
    description is empty
    has_cleanup = false
    required_configs is empty
    required_disk_space = 0
    required_files is empty
    required_memory = 0
    required_programs is empty
    required_user is empty
    timeout = 300
===> local/kyua/testers/text_test:find_first_of__found
Result: passed
Duration: 0.540s

Metadata:
    allowed_architectures is empty
    allowed_platforms is empty
    description is empty
    has_cleanup = false
    required_configs is empty
    required_disk_space = 0
    required_files is empty
    required_memory = 0
    required_programs is empty
    required_user is empty
    timeout = 300
===> local/kyua/testers/text_test:find_first_of__not_found
Result: passed
Duration: 0.184s

Metadata:
    allowed_architectures is empty
    allowed_platforms is empty
    description is empty
    has_cleanup = false
    required_configs is empty
    required_disk_space = 0
    required_files is empty
    required_memory = 0
    required_programs is empty
    required_user is empty
    timeout = 300
===> local/kyua/testers/text_test:printf__empty
Result: passed
Duration: 0.024s

Metadata:
    allowed_architectures is empty
    allowed_platforms is empty
    description is empty
    has_cleanup = false
    required_configs is empty
    required_disk_space = 0
    required_files is empty
    required_memory = 0
    required_programs is empty
    required_user is empty
    timeout = 300
===> local/kyua/testers/text_test:printf__some
Result: passed
Duration: 0.023s

Metadata:
    allowed_architectures is empty
    allowed_platforms is empty
    description is empty
    has_cleanup = false
    required_configs is empty
    required_disk_space = 0
    required_files is empty
    required_memory = 0
    required_programs is empty
    required_user is empty
    timeout = 300
===> local/kyua/testers/text_test:vprintf__empty
Result: passed
Duration: 0.023s

Metadata:
    allowed_architectures is empty
    allowed_platforms is empty
    description is empty
    has_cleanup = false
    required_configs is empty
    required_disk_space = 0
    required_files is empty
    required_memory = 0
    required_programs is empty
    required_user is empty
    timeout = 300
===> local/kyua/testers/text_test:vprintf__some
Result: passed
Duration: 0.061s

Metadata:
    allowed_architectures is empty
    allowed_platforms is empty
    description is empty
    has_cleanup = false
    required_configs is empty
    required_disk_space = 0
    required_files is empty
    required_memory = 0
    required_programs is empty
    required_user is empty
    timeout = 300
===> local/kyua/utils/auto_array_test:access
Result: passed
Duration: 0.112s

Metadata:
    allowed_architectures is empty
    allowed_platforms is empty
    description = Tests the auto_array smart pointer class' access operator
    has_cleanup = false
    required_configs is empty
    required_disk_space = 0
    required_files is empty
    required_memory = 0
    required_programs is empty
    required_user is empty
    timeout = 300

Standard output:
Allocated 'test_array' object 0x8028175e0
Releasing 'test_array' object 0x8028175e0
===> local/kyua/utils/auto_array_test:assign
Result: passed
Duration: 0.055s

Metadata:
    allowed_architectures is empty
    allowed_platforms is empty
    description = Tests the auto_array smart pointer class' assignment operator
    has_cleanup = false
    required_configs is empty
    required_disk_space = 0
    required_files is empty
    required_memory = 0
    required_programs is empty
    required_user is empty
    timeout = 300

Standard output:
Allocated 'test_array' object 0x8028175e0
Releasing 'test_array' object 0x8028175e0
===> local/kyua/utils/auto_array_test:assign_ref
Result: passed
Duration: 0.049s

Metadata:
    allowed_architectures is empty
    allowed_platforms is empty
    description = Tests the auto_array smart pointer class' assignment operator through the auxiliary ref object
    has_cleanup = false
    required_configs is empty
    required_disk_space = 0
    required_files is empty
    required_memory = 0
    required_programs is empty
    required_user is empty
    timeout = 300

Standard output:
Allocated 'test_array' object 0x8028175e0
Releasing 'test_array' object 0x8028175e0
===> local/kyua/utils/auto_array_test:copy
Result: passed
Duration: 0.030s

Metadata:
    allowed_architectures is empty
    allowed_platforms is empty
    description = Tests the auto_array smart pointer class' copy constructor
    has_cleanup = false
    required_configs is empty
    required_disk_space = 0
    required_files is empty
    required_memory = 0
    required_programs is empty
    required_user is empty
    timeout = 300

Standard output:
Allocated 'test_array' object 0x8028175e0
Releasing 'test_array' object 0x8028175e0
===> local/kyua/utils/auto_array_test:copy_ref
Result: passed
Duration: 0.030s

Metadata:
    allowed_architectures is empty
    allowed_platforms is empty
    description = Tests the auto_array smart pointer class' copy constructor through the auxiliary ref object
    has_cleanup = false
    required_configs is empty
    required_disk_space = 0
    required_files is empty
    required_memory = 0
    required_programs is empty
    required_user is empty
    timeout = 300

Standard output:
Allocated 'test_array' object 0x8028175e0
Releasing 'test_array' object 0x8028175e0
===> local/kyua/utils/auto_array_test:get
Result: passed
Duration: 0.045s

Metadata:
    allowed_architectures is empty
    allowed_platforms is empty
    description = Tests the auto_array smart pointer class' get method
    has_cleanup = false
    required_configs is empty
    required_disk_space = 0
    required_files is empty
    required_memory = 0
    required_programs is empty
    required_user is empty
    timeout = 300

Standard output:
Allocated 'test_array' object 0x8028175e0
Releasing 'test_array' object 0x8028175e0
===> local/kyua/utils/auto_array_test:release
Result: passed
Duration: 0.091s

Metadata:
    allowed_architectures is empty
    allowed_platforms is empty
    description = Tests the auto_array smart pointer class' release method
    has_cleanup = false
    required_configs is empty
    required_disk_space = 0
    required_files is empty
    required_memory = 0
    required_programs is empty
    required_user is empty
    timeout = 300

Standard output:
Allocated 'test_array' object 0x8028175e0
Releasing 'test_array' object 0x8028175e0
===> local/kyua/utils/auto_array_test:reset
Result: passed
Duration: 0.036s

Metadata:
    allowed_architectures is empty
    allowed_platforms is empty
    description = Tests the auto_array smart pointer class' reset method
    has_cleanup = false
    required_configs is empty
    required_disk_space = 0
    required_files is empty
    required_memory = 0
    required_programs is empty
    required_user is empty
    timeout = 300

Standard output:
Allocated 'test_array' object 0x8028175e0
Allocated 'test_array' object 0x802817610
Releasing 'test_array' object 0x8028175e0
Releasing 'test_array' object 0x802817610
===> local/kyua/utils/auto_array_test:scope
Result: passed
Duration: 0.035s

Metadata:
    allowed_architectures is empty
    allowed_platforms is empty
    description = Tests the automatic scope handling in the auto_array smart pointer class
    has_cleanup = false
    required_configs is empty
    required_disk_space = 0
    required_files is empty
    required_memory = 0
    required_programs is empty
    required_user is empty
    timeout = 300

Standard output:
Allocated 'test_array' object 0x8028175e0
Releasing 'test_array' object 0x8028175e0
===> local/kyua/utils/cmdline/base_command_test:base_command__getters
Result: passed
Duration: 0.037s

Metadata:
    allowed_architectures is empty
    allowed_platforms is empty
    description is empty
    has_cleanup = false
    required_configs is empty
    required_disk_space = 0
    required_files is empty
    required_memory = 0
    required_programs is empty
    required_user is empty
    timeout = 300
===> local/kyua/utils/cmdline/base_command_test:base_command__main__ok
Result: passed
Duration: 0.037s

Metadata:
    allowed_architectures is empty
    allowed_platforms is empty
    description is empty
    has_cleanup = false
    required_configs is empty
    required_disk_space = 0
    required_files is empty
    required_memory = 0
    required_programs is empty
    required_user is empty
    timeout = 300
===> local/kyua/utils/cmdline/base_command_test:base_command__main__parse_cmdline_fail
Result: passed
Duration: 0.046s

Metadata:
    allowed_architectures is empty
    allowed_platforms is empty
    description is empty
    has_cleanup = false
    required_configs is empty
    required_disk_space = 0
    required_files is empty
    required_memory = 0
    required_programs is empty
    required_user is empty
    timeout = 300
===> local/kyua/utils/cmdline/base_command_test:base_command_no_data__getters
Result: passed
Duration: 0.036s

Metadata:
    allowed_architectures is empty
    allowed_platforms is empty
    description is empty
    has_cleanup = false
    required_configs is empty
    required_disk_space = 0
    required_files is empty
    required_memory = 0
    required_programs is empty
    required_user is empty
    timeout = 300
===> local/kyua/utils/cmdline/base_command_test:base_command_no_data__main__ok
Result: passed
Duration: 0.035s

Metadata:
    allowed_architectures is empty
    allowed_platforms is empty
    description is empty
    has_cleanup = false
    required_configs is empty
    required_disk_space = 0
    required_files is empty
    required_memory = 0
    required_programs is empty
    required_user is empty
    timeout = 300
===> local/kyua/utils/cmdline/base_command_test:base_command_no_data__main__parse_cmdline_fail
Result: passed
Duration: 0.031s

Metadata:
    allowed_architectures is empty
    allowed_platforms is empty
    description is empty
    has_cleanup = false
    required_configs is empty
    required_disk_space = 0
    required_files is empty
    required_memory = 0
    required_programs is empty
    required_user is empty
    timeout = 300
===> local/kyua/utils/cmdline/base_command_test:command_proto__parse_cmdline__args_invalid
Result: passed
Duration: 0.051s

Metadata:
    allowed_architectures is empty
    allowed_platforms is empty
    description is empty
    has_cleanup = false
    required_configs is empty
    required_disk_space = 0
    required_files is empty
    required_memory = 0
    required_programs is empty
    required_user is empty
    timeout = 300
===> local/kyua/utils/cmdline/base_command_test:command_proto__parse_cmdline__ok
Result: passed
Duration: 0.031s

Metadata:
    allowed_architectures is empty
    allowed_platforms is empty
    description is empty
    has_cleanup = false
    required_configs is empty
    required_disk_space = 0
    required_files is empty
    required_memory = 0
    required_programs is empty
    required_user is empty
    timeout = 300
===> local/kyua/utils/cmdline/base_command_test:command_proto__parse_cmdline__parse_fail
Result: passed
Duration: 0.027s

Metadata:
    allowed_architectures is empty
    allowed_platforms is empty
    description is empty
    has_cleanup = false
    required_configs is empty
    required_disk_space = 0
    required_files is empty
    required_memory = 0
    required_programs is empty
    required_user is empty
    timeout = 300
===> local/kyua/utils/cmdline/commands_map_test:empty
Result: passed
Duration: 0.065s

Metadata:
    allowed_architectures is empty
    allowed_platforms is empty
    description is empty
    has_cleanup = false
    required_configs is empty
    required_disk_space = 0
    required_files is empty
    required_memory = 0
    required_programs is empty
    required_user is empty
    timeout = 300
===> local/kyua/utils/cmdline/commands_map_test:find__match
Result: passed
Duration: 0.027s

Metadata:
    allowed_architectures is empty
    allowed_platforms is empty
    description is empty
    has_cleanup = false
    required_configs is empty
    required_disk_space = 0
    required_files is empty
    required_memory = 0
    required_programs is empty
    required_user is empty
    timeout = 300
===> local/kyua/utils/cmdline/commands_map_test:find__nomatch
Result: passed
Duration: 0.036s

Metadata:
    allowed_architectures is empty
    allowed_platforms is empty
    description is empty
    has_cleanup = false
    required_configs is empty
    required_disk_space = 0
    required_files is empty
    required_memory = 0
    required_programs is empty
    required_user is empty
    timeout = 300
===> local/kyua/utils/cmdline/commands_map_test:some
Result: passed
Duration: 0.034s

Metadata:
    allowed_architectures is empty
    allowed_platforms is empty
    description is empty
    has_cleanup = false
    required_configs is empty
    required_disk_space = 0
    required_files is empty
    required_memory = 0
    required_programs is empty
    required_user is empty
    timeout = 300
===> local/kyua/utils/cmdline/exceptions_test:error
Result: passed
Duration: 0.038s

Metadata:
    allowed_architectures is empty
    allowed_platforms is empty
    description is empty
    has_cleanup = false
    required_configs is empty
    required_disk_space = 0
    required_files is empty
    required_memory = 0
    required_programs is empty
    required_user is empty
    timeout = 300
===> local/kyua/utils/cmdline/exceptions_test:missing_option_argument_error
Result: passed
Duration: 0.047s

Metadata:
    allowed_architectures is empty
    allowed_platforms is empty
    description is empty
    has_cleanup = false
    required_configs is empty
    required_disk_space = 0
    required_files is empty
    required_memory = 0
    required_programs is empty
    required_user is empty
    timeout = 300
===> local/kyua/utils/cmdline/exceptions_test:option_argument_value_error
Result: passed
Duration: 0.037s

Metadata:
    allowed_architectures is empty
    allowed_platforms is empty
    description is empty
    has_cleanup = false
    required_configs is empty
    required_disk_space = 0
    required_files is empty
    required_memory = 0
    required_programs is empty
    required_user is empty
    timeout = 300
===> local/kyua/utils/cmdline/exceptions_test:unknown_option_error
Result: passed
Duration: 0.026s

Metadata:
    allowed_architectures is empty
    allowed_platforms is empty
    description is empty
    has_cleanup = false
    required_configs is empty
    required_disk_space = 0
    required_files is empty
    required_memory = 0
    required_programs is empty
    required_user is empty
    timeout = 300
===> local/kyua/utils/cmdline/globals_test:progname__absolute
Result: passed
Duration: 0.063s

Metadata:
    allowed_architectures is empty
    allowed_platforms is empty
    description is empty
    has_cleanup = false
    required_configs is empty
    required_disk_space = 0
    required_files is empty
    required_memory = 0
    required_programs is empty
    required_user is empty
    timeout = 300

Standard error:
20150728-164047 D 64978 utils/cmdline/globals.cpp:63: Program name: foobar
===> local/kyua/utils/cmdline/globals_test:progname__override_for_testing
Result: passed
Duration: 0.028s

Metadata:
    allowed_architectures is empty
    allowed_platforms is empty
    description is empty
    has_cleanup = false
    required_configs is empty
    required_disk_space = 0
    required_files is empty
    required_memory = 0
    required_programs is empty
    required_user is empty
    timeout = 300

Standard error:
20150728-164047 D 64980 utils/cmdline/globals.cpp:63: Program name: program
20150728-164047 D 64980 utils/cmdline/globals.cpp:63: Program name: foo
===> local/kyua/utils/cmdline/globals_test:progname__plain
Result: passed
Duration: 0.039s

Metadata:
    allowed_architectures is empty
    allowed_platforms is empty
    description is empty
    has_cleanup = false
    required_configs is empty
    required_disk_space = 0
    required_files is empty
    required_memory = 0
    required_programs is empty
    required_user is empty
    timeout = 300

Standard error:
20150728-164047 D 64982 utils/cmdline/globals.cpp:63: Program name: program
===> local/kyua/utils/cmdline/globals_test:progname__relative
Result: passed
Duration: 0.029s

Metadata:
    allowed_architectures is empty
    allowed_platforms is empty
    description is empty
    has_cleanup = false
    required_configs is empty
    required_disk_space = 0
    required_files is empty
    required_memory = 0
    required_programs is empty
    required_user is empty
    timeout = 300

Standard error:
20150728-164047 D 64984 utils/cmdline/globals.cpp:63: Program name: barbaz
===> local/kyua/utils/cmdline/options_test:base_option__long_name__no_arg
Result: passed
Duration: 0.575s

Metadata:
    allowed_architectures is empty
    allowed_platforms is empty
    description is empty
    has_cleanup = false
    required_configs is empty
    required_disk_space = 0
    required_files is empty
    required_memory = 0
    required_programs is empty
    required_user is empty
    timeout = 300
===> local/kyua/utils/cmdline/options_test:base_option__long_name__with_arg__no_default
Result: passed
Duration: 0.073s

Metadata:
    allowed_architectures is empty
    allowed_platforms is empty
    description is empty
    has_cleanup = false
    required_configs is empty
    required_disk_space = 0
    required_files is empty
    required_memory = 0
    required_programs is empty
    required_user is empty
    timeout = 300
===> local/kyua/utils/cmdline/options_test:base_option__long_name__with_arg__with_default
Result: passed
Duration: 0.166s

Metadata:
    allowed_architectures is empty
    allowed_platforms is empty
    description is empty
    has_cleanup = false
    required_configs is empty
    required_disk_space = 0
    required_files is empty
    required_memory = 0
    required_programs is empty
    required_user is empty
    timeout = 300
===> local/kyua/utils/cmdline/options_test:base_option__short_name__no_arg
Result: passed
Duration: 0.103s

Metadata:
    allowed_architectures is empty
    allowed_platforms is empty
    description is empty
    has_cleanup = false
    required_configs is empty
    required_disk_space = 0
    required_files is empty
    required_memory = 0
    required_programs is empty
    required_user is empty
    timeout = 300
===> local/kyua/utils/cmdline/options_test:base_option__short_name__with_arg__no_default
Result: passed
Duration: 0.068s

Metadata:
    allowed_architectures is empty
    allowed_platforms is empty
    description is empty
    has_cleanup = false
    required_configs is empty
    required_disk_space = 0
    required_files is empty
    required_memory = 0
    required_programs is empty
    required_user is empty
    timeout = 300
===> local/kyua/utils/cmdline/options_test:base_option__short_name__with_arg__with_default
Result: passed
Duration: 0.082s

Metadata:
    allowed_architectures is empty
    allowed_platforms is empty
    description is empty
    has_cleanup = false
    required_configs is empty
    required_disk_space = 0
    required_files is empty
    required_memory = 0
    required_programs is empty
    required_user is empty
    timeout = 300
===> local/kyua/utils/cmdline/options_test:bool_option__long_name
Result: passed
Duration: 0.032s

Metadata:
    allowed_architectures is empty
    allowed_platforms is empty
    description is empty
    has_cleanup = false
    required_configs is empty
    required_disk_space = 0
    required_files is empty
    required_memory = 0
    required_programs is empty
    required_user is empty
    timeout = 300
===> local/kyua/utils/cmdline/options_test:bool_option__short_name
Result: passed
Duration: 0.041s

Metadata:
    allowed_architectures is empty
    allowed_platforms is empty
    description is empty
    has_cleanup = false
    required_configs is empty
    required_disk_space = 0
    required_files is empty
    required_memory = 0
    required_programs is empty
    required_user is empty
    timeout = 300
===> local/kyua/utils/cmdline/options_test:int_option__long_name
Result: passed
Duration: 0.067s

Metadata:
    allowed_architectures is empty
    allowed_platforms is empty
    description is empty
    has_cleanup = false
    required_configs is empty
    required_disk_space = 0
    required_files is empty
    required_memory = 0
    required_programs is empty
    required_user is empty
    timeout = 300
===> local/kyua/utils/cmdline/options_test:int_option__short_name
Result: passed
Duration: 0.034s

Metadata:
    allowed_architectures is empty
    allowed_platforms is empty
    description is empty
    has_cleanup = false
    required_configs is empty
    required_disk_space = 0
    required_files is empty
    required_memory = 0
    required_programs is empty
    required_user is empty
    timeout = 300
===> local/kyua/utils/cmdline/options_test:int_option__type
Result: passed
Duration: 0.043s

Metadata:
    allowed_architectures is empty
    allowed_platforms is empty
    description is empty
    has_cleanup = false
    required_configs is empty
    required_disk_space = 0
    required_files is empty
    required_memory = 0
    required_programs is empty
    required_user is empty
    timeout = 300
===> local/kyua/utils/cmdline/options_test:list_option__long_name
Result: passed
Duration: 0.056s

Metadata:
    allowed_architectures is empty
    allowed_platforms is empty
    description is empty
    has_cleanup = false
    required_configs is empty
    required_disk_space = 0
    required_files is empty
    required_memory = 0
    required_programs is empty
    required_user is empty
    timeout = 300
===> local/kyua/utils/cmdline/options_test:list_option__short_name
Result: passed
Duration: 0.033s

Metadata:
    allowed_architectures is empty
    allowed_platforms is empty
    description is empty
    has_cleanup = false
    required_configs is empty
    required_disk_space = 0
    required_files is empty
    required_memory = 0
    required_programs is empty
    required_user is empty
    timeout = 300
===> local/kyua/utils/cmdline/options_test:list_option__type
Result: passed
Duration: 0.065s

Metadata:
    allowed_architectures is empty
    allowed_platforms is empty
    description is empty
    has_cleanup = false
    required_configs is empty
    required_disk_space = 0
    required_files is empty
    required_memory = 0
    required_programs is empty
    required_user is empty
    timeout = 300
===> local/kyua/utils/cmdline/options_test:path_option__long_name
Result: passed
Duration: 0.060s

Metadata:
    allowed_architectures is empty
    allowed_platforms is empty
    description is empty
    has_cleanup = false
    required_configs is empty
    required_disk_space = 0
    required_files is empty
    required_memory = 0
    required_programs is empty
    required_user is empty
    timeout = 300
===> local/kyua/utils/cmdline/options_test:path_option__short_name
Result: passed
Duration: 0.082s

Metadata:
    allowed_architectures is empty
    allowed_platforms is empty
    description is empty
    has_cleanup = false
    required_configs is empty
    required_disk_space = 0
    required_files is empty
    required_memory = 0
    required_programs is empty
    required_user is empty
    timeout = 300
===> local/kyua/utils/cmdline/options_test:path_option__type
Result: passed
Duration: 0.050s

Metadata:
    allowed_architectures is empty
    allowed_platforms is empty
    description is empty
    has_cleanup = false
    required_configs is empty
    required_disk_space = 0
    required_files is empty
    required_memory = 0
    required_programs is empty
    required_user is empty
    timeout = 300
===> local/kyua/utils/cmdline/options_test:property_option__long_name
Result: passed
Duration: 0.049s

Metadata:
    allowed_architectures is empty
    allowed_platforms is empty
    description is empty
    has_cleanup = false
    required_configs is empty
    required_disk_space = 0
    required_files is empty
    required_memory = 0
    required_programs is empty
    required_user is empty
    timeout = 300
===> local/kyua/utils/cmdline/options_test:property_option__short_name
Result: passed
Duration: 0.051s

Metadata:
    allowed_architectures is empty
    allowed_platforms is empty
    description is empty
    has_cleanup = false
    required_configs is empty
    required_disk_space = 0
    required_files is empty
    required_memory = 0
    required_programs is empty
    required_user is empty
    timeout = 300
===> local/kyua/utils/cmdline/options_test:property_option__type
Result: passed
Duration: 0.060s

Metadata:
    allowed_architectures is empty
    allowed_platforms is empty
    description is empty
    has_cleanup = false
    required_configs is empty
    required_disk_space = 0
    required_files is empty
    required_memory = 0
    required_programs is empty
    required_user is empty
    timeout = 300
===> local/kyua/utils/cmdline/options_test:string_option__long_name
Result: passed
Duration: 0.035s

Metadata:
    allowed_architectures is empty
    allowed_platforms is empty
    description is empty
    has_cleanup = false
    required_configs is empty
    required_disk_space = 0
    required_files is empty
    required_memory = 0
    required_programs is empty
    required_user is empty
    timeout = 300
===> local/kyua/utils/cmdline/options_test:string_option__short_name
Result: passed
Duration: 0.044s

Metadata:
    allowed_architectures is empty
    allowed_platforms is empty
    description is empty
    has_cleanup = false
    required_configs is empty
    required_disk_space = 0
    required_files is empty
    required_memory = 0
    required_programs is empty
    required_user is empty
    timeout = 300
===> local/kyua/utils/cmdline/options_test:string_option__type
Result: passed
Duration: 0.045s

Metadata:
    allowed_architectures is empty
    allowed_platforms is empty
    description is empty
    has_cleanup = false
    required_configs is empty
    required_disk_space = 0
    required_files is empty
    required_memory = 0
    required_programs is empty
    required_user is empty
    timeout = 300
===> local/kyua/utils/cmdline/parser_test:missing_option_argument_error__long
Result: passed
Duration: 0.153s

Metadata:
    allowed_architectures is empty
    allowed_platforms is empty
    description is empty
    has_cleanup = false
    required_configs is empty
    required_disk_space = 0
    required_files is empty
    required_memory = 0
    required_programs is empty
    required_user is empty
    timeout = 300
===> local/kyua/utils/cmdline/parser_test:missing_option_argument_error__short
Result: passed
Duration: 0.163s

Metadata:
    allowed_architectures is empty
    allowed_platforms is empty
    description is empty
    has_cleanup = false
    required_configs is empty
    required_disk_space = 0
    required_files is empty
    required_memory = 0
    required_programs is empty
    required_user is empty
    timeout = 300
===> local/kyua/utils/cmdline/parser_test:missing_option_argument_error__shortblock
Result: passed
Duration: 0.207s

Metadata:
    allowed_architectures is empty
    allowed_platforms is empty
    description is empty
    has_cleanup = false
    required_configs is empty
    required_disk_space = 0
    required_files is empty
    required_memory = 0
    required_programs is empty
    required_user is empty
    timeout = 300
===> local/kyua/utils/cmdline/parser_test:option_types
Result: passed
Duration: 0.092s

Metadata:
    allowed_architectures is empty
    allowed_platforms is empty
    description is empty
    has_cleanup = false
    required_configs is empty
    required_disk_space = 0
    required_files is empty
    required_memory = 0
    required_programs is empty
    required_user is empty
    timeout = 300
===> local/kyua/utils/cmdline/parser_test:option_validation_error
Result: passed
Duration: 0.060s

Metadata:
    allowed_architectures is empty
    allowed_platforms is empty
    description is empty
    has_cleanup = false
    required_configs is empty
    required_disk_space = 0
    required_files is empty
    required_memory = 0
    required_programs is empty
    required_user is empty
    timeout = 300
===> local/kyua/utils/cmdline/parser_test:progname__no_options
Result: passed
Duration: 0.085s

Metadata:
    allowed_architectures is empty
    allowed_platforms is empty
    description is empty
    has_cleanup = false
    required_configs is empty
    required_disk_space = 0
    required_files is empty
    required_memory = 0
    required_programs is empty
    required_user is empty
    timeout = 300
===> local/kyua/utils/cmdline/parser_test:progname__some_options
Result: passed
Duration: 0.074s

Metadata:
    allowed_architectures is empty
    allowed_platforms is empty
    description is empty
    has_cleanup = false
    required_configs is empty
    required_disk_space = 0
    required_files is empty
    required_memory = 0
    required_programs is empty
    required_user is empty
    timeout = 300
===> local/kyua/utils/cmdline/parser_test:silent_errors
Result: passed
Duration: 0.149s

Metadata:
    allowed_architectures is empty
    allowed_platforms is empty
    description is empty
    has_cleanup = false
    required_configs is empty
    required_disk_space = 0
    required_files is empty
    required_memory = 0
    required_programs is empty
    required_user is empty
    timeout = 300
===> local/kyua/utils/cmdline/parser_test:some_args__no_options
Result: passed
Duration: 0.082s

Metadata:
    allowed_architectures is empty
    allowed_platforms is empty
    description is empty
    has_cleanup = false
    required_configs is empty
    required_disk_space = 0
    required_files is empty
    required_memory = 0
    required_programs is empty
    required_user is empty
    timeout = 300
===> local/kyua/utils/cmdline/parser_test:some_args__some_options
Result: passed
Duration: 0.341s

Metadata:
    allowed_architectures is empty
    allowed_platforms is empty
    description is empty
    has_cleanup = false
    required_configs is empty
    required_disk_space = 0
    required_files is empty
    required_memory = 0
    required_programs is empty
    required_user is empty
    timeout = 300
===> local/kyua/utils/cmdline/parser_test:some_options__all_known
Result: passed
Duration: 0.078s

Metadata:
    allowed_architectures is empty
    allowed_platforms is empty
    description is empty
    has_cleanup = false
    required_configs is empty
    required_disk_space = 0
    required_files is empty
    required_memory = 0
    required_programs is empty
    required_user is empty
    timeout = 300
===> local/kyua/utils/cmdline/parser_test:some_options__multi
Result: passed
Duration: 0.118s

Metadata:
    allowed_architectures is empty
    allowed_platforms is empty
    description is empty
    has_cleanup = false
    required_configs is empty
    required_disk_space = 0
    required_files is empty
    required_memory = 0
    required_programs is empty
    required_user is empty
    timeout = 300
===> local/kyua/utils/cmdline/parser_test:subcommands
Result: passed
Duration: 0.056s

Metadata:
    allowed_architectures is empty
    allowed_platforms is empty
    description is empty
    has_cleanup = false
    required_configs is empty
    required_disk_space = 0
    required_files is empty
    required_memory = 0
    required_programs is empty
    required_user is empty
    timeout = 300
===> local/kyua/utils/cmdline/parser_test:unknown_option_error__long
Result: passed
Duration: 0.202s

Metadata:
    allowed_architectures is empty
    allowed_platforms is empty
    description is empty
    has_cleanup = false
    required_configs is empty
    required_disk_space = 0
    required_files is empty
    required_memory = 0
    required_programs is empty
    required_user is empty
    timeout = 300
===> local/kyua/utils/cmdline/parser_test:unknown_option_error__short
Result: passed
Duration: 0.284s

Metadata:
    allowed_architectures is empty
    allowed_platforms is empty
    description is empty
    has_cleanup = false
    required_configs is empty
    required_disk_space = 0
    required_files is empty
    required_memory = 0
    required_programs is empty
    required_user is empty
    timeout = 300
===> local/kyua/utils/cmdline/parser_test:unknown_option_error__shortblock
Result: passed
Duration: 0.079s

Metadata:
    allowed_architectures is empty
    allowed_platforms is empty
    description is empty
    has_cleanup = false
    required_configs is empty
    required_disk_space = 0
    required_files is empty
    required_memory = 0
    required_programs is empty
    required_user is empty
    timeout = 300
===> local/kyua/utils/cmdline/parser_test:unknown_plus_option_error
Result: passed
Duration: 0.035s

Metadata:
    allowed_architectures is empty
    allowed_platforms is empty
    description is empty
    has_cleanup = false
    required_configs is empty
    required_disk_space = 0
    required_files is empty
    required_memory = 0
    required_programs is empty
    required_user is empty
    timeout = 300
===> local/kyua/utils/cmdline/ui_test:print_error
Result: passed
Duration: 0.116s

Metadata:
    allowed_architectures is empty
    allowed_platforms is empty
    description is empty
    has_cleanup = false
    required_configs is empty
    required_disk_space = 0
    required_files is empty
    required_memory = 0
    required_programs is empty
    required_user is empty
    timeout = 300

Standard error:
20150728-164052 D 65072 utils/cmdline/globals.cpp:63: Program name: error-program
20150728-164052 E 65072 utils/cmdline/ui.cpp:248: The error.
error-program: E: The error.
===> local/kyua/utils/cmdline/ui_test:print_info
Result: passed
Duration: 0.045s

Metadata:
    allowed_architectures is empty
    allowed_platforms is empty
    description is empty
    has_cleanup = false
    required_configs is empty
    required_disk_space = 0
    required_files is empty
    required_memory = 0
    required_programs is empty
    required_user is empty
    timeout = 300

Standard error:
20150728-164052 D 65074 utils/cmdline/globals.cpp:63: Program name: info-program
20150728-164052 I 65074 utils/cmdline/ui.cpp:261: The info.
info-program: I: The info.
===> local/kyua/utils/cmdline/ui_test:print_warning
Result: passed
Duration: 0.047s

Metadata:
    allowed_architectures is empty
    allowed_platforms is empty
    description is empty
    has_cleanup = false
    required_configs is empty
    required_disk_space = 0
    required_files is empty
    required_memory = 0
    required_programs is empty
    required_user is empty
    timeout = 300

Standard error:
20150728-164052 D 65076 utils/cmdline/globals.cpp:63: Program name: warning-program
20150728-164052 W 65076 utils/cmdline/ui.cpp:274: The warning.
warning-program: W: The warning.
===> local/kyua/utils/cmdline/ui_test:ui__err
Result: passed
Duration: 0.053s

Metadata:
    allowed_architectures is empty
    allowed_platforms is empty
    description is empty
    has_cleanup = false
    required_configs is empty
    required_disk_space = 0
    required_files is empty
    required_memory = 0
    required_programs is empty
    required_user is empty
    timeout = 300

Standard error:
This is a short message
===> local/kyua/utils/cmdline/ui_test:ui__err__tolerates_newline
Result: passed
Duration: 0.058s

Metadata:
    allowed_architectures is empty
    allowed_platforms is empty
    description is empty
    has_cleanup = false
    required_configs is empty
    required_disk_space = 0
    required_files is empty
    required_memory = 0
    required_programs is empty
    required_user is empty
    timeout = 300

Standard error:
This is a short message

===> local/kyua/utils/cmdline/ui_test:ui__out
Result: passed
Duration: 0.037s

Metadata:
    allowed_architectures is empty
    allowed_platforms is empty
    description is empty
    has_cleanup = false
    required_configs is empty
    required_disk_space = 0
    required_files is empty
    required_memory = 0
    required_programs is empty
    required_user is empty
    timeout = 300

Standard output:
This is a short message
===> local/kyua/utils/cmdline/ui_test:ui__out__tolerates_newline
Result: passed
Duration: 0.073s

Metadata:
    allowed_architectures is empty
    allowed_platforms is empty
    description is empty
    has_cleanup = false
    required_configs is empty
    required_disk_space = 0
    required_files is empty
    required_memory = 0
    required_programs is empty
    required_user is empty
    timeout = 300

Standard output:
This is a short message

===> local/kyua/utils/cmdline/ui_test:ui__out_table__empty
Result: passed
Duration: 0.758s

Metadata:
    allowed_architectures is empty
    allowed_platforms is empty
    description is empty
    has_cleanup = false
    required_configs is empty
    required_disk_space = 0
    required_files is empty
    required_memory = 0
    required_programs is empty
    required_user is empty
    timeout = 300
===> local/kyua/utils/cmdline/ui_test:ui__out_table__not_empty
Result: passed
Duration: 0.104s

Metadata:
    allowed_architectures is empty
    allowed_platforms is empty
    description is empty
    has_cleanup = false
    required_configs is empty
    required_disk_space = 0
    required_files is empty
    required_memory = 0
    required_programs is empty
    required_user is empty
    timeout = 300

Standard output:
    First                   | Second     | Third
    Fourth with some text   | Fifth with | Sixth foo
                            | some more  | 
                            | text       | 
===> local/kyua/utils/cmdline/ui_test:ui__out_tag_wrap__no_refill
Result: passed
Duration: 0.040s

Metadata:
    allowed_architectures is empty
    allowed_platforms is empty
    description is empty
    has_cleanup = false
    required_configs is empty
    required_disk_space = 0
    required_files is empty
    required_memory = 0
    required_programs is empty
    required_user is empty
    timeout = 300

Standard output:
Some long tag: This is a short message
===> local/kyua/utils/cmdline/ui_test:ui__out_tag_wrap__refill__no_repeat
Result: passed
Duration: 0.083s

Metadata:
    allowed_architectures is empty
    allowed_platforms is empty
    description is empty
    has_cleanup = false
    required_configs is empty
    required_disk_space = 0
    required_files is empty
    required_memory = 0
    required_programs is empty
    required_user is empty
    timeout = 300

Standard output:
Some long tag: This is a short
               message
===> local/kyua/utils/cmdline/ui_test:ui__out_tag_wrap__refill__repeat
Result: passed
Duration: 0.040s

Metadata:
    allowed_architectures is empty
    allowed_platforms is empty
    description is empty
    has_cleanup = false
    required_configs is empty
    required_disk_space = 0
    required_files is empty
    required_memory = 0
    required_programs is empty
    required_user is empty
    timeout = 300

Standard output:
Some long tag: This is a short
Some long tag: message
===> local/kyua/utils/cmdline/ui_test:ui__out_tag_wrap__tag_too_long
Result: passed
Duration: 0.048s

Metadata:
    allowed_architectures is empty
    allowed_platforms is empty
    description is empty
    has_cleanup = false
    required_configs is empty
    required_disk_space = 0
    required_files is empty
    required_memory = 0
    required_programs is empty
    required_user is empty
    timeout = 300

Standard output:
Some long tag: This is a short message
===> local/kyua/utils/cmdline/ui_test:ui__out_wrap__no_refill
Result: passed
Duration: 0.032s

Metadata:
    allowed_architectures is empty
    allowed_platforms is empty
    description is empty
    has_cleanup = false
    required_configs is empty
    required_disk_space = 0
    required_files is empty
    required_memory = 0
    required_programs is empty
    required_user is empty
    timeout = 300

Standard output:
This is a short message
===> local/kyua/utils/cmdline/ui_test:ui__out_wrap__refill
Result: passed
Duration: 0.033s

Metadata:
    allowed_architectures is empty
    allowed_platforms is empty
    description is empty
    has_cleanup = false
    required_configs is empty
    required_disk_space = 0
    required_files is empty
    required_memory = 0
    required_programs is empty
    required_user is empty
    timeout = 300

Standard output:
This is a short
message
===> local/kyua/utils/cmdline/ui_test:ui__screen_width__cached
Result: passed
Duration: 0.061s

Metadata:
    allowed_architectures is empty
    allowed_platforms is empty
    description is empty
    has_cleanup = false
    required_configs is empty
    required_disk_space = 0
    required_files is empty
    required_memory = 0
    required_programs is empty
    required_user is empty
    timeout = 300

Standard error:
20150728-164053 D 65102 utils/env.cpp:152: Setting environment variable 'COLUMNS' to '100'
20150728-164053 D 65102 utils/env.cpp:92: Environment variable 'COLUMNS' is '100'
20150728-164053 D 65102 utils/env.cpp:152: Setting environment variable 'COLUMNS' to '80'
20150728-164053 D 65102 utils/env.cpp:182: Unsetting environment variable 'COLUMNS'
===> local/kyua/utils/cmdline/ui_test:ui__screen_width__columns_empty__no_tty
Result: passed
Duration: 0.038s

Metadata:
    allowed_architectures is empty
    allowed_platforms is empty
    description is empty
    has_cleanup = false
    required_configs is empty
    required_disk_space = 0
    required_files is empty
    required_memory = 0
    required_programs is empty
    required_user is empty
    timeout = 300

Standard error:
20150728-164053 D 65104 utils/env.cpp:152: Setting environment variable 'COLUMNS' to ''
20150728-164053 D 65104 utils/env.cpp:92: Environment variable 'COLUMNS' is ''
===> local/kyua/utils/cmdline/ui_test:ui__screen_width__columns_empty__tty
Result: skipped: Cannot open tty for test: Device not configured
Duration: 0.035s

Metadata:
    allowed_architectures is empty
    allowed_platforms is empty
    description is empty
    has_cleanup = false
    required_configs is empty
    required_disk_space = 0
    required_files is empty
    required_memory = 0
    required_programs is empty
    required_user is empty
    timeout = 300

Standard error:
20150728-164053 D 65106 utils/env.cpp:152: Setting environment variable 'COLUMNS' to ''
===> local/kyua/utils/cmdline/ui_test:ui__screen_width__columns_invalid__no_tty
Result: passed
Duration: 0.052s

Metadata:
    allowed_architectures is empty
    allowed_platforms is empty
    description is empty
    has_cleanup = false
    required_configs is empty
    required_disk_space = 0
    required_files is empty
    required_memory = 0
    required_programs is empty
    required_user is empty
    timeout = 300

Standard error:
20150728-164054 D 65108 utils/env.cpp:152: Setting environment variable 'COLUMNS' to 'foo bar'
20150728-164054 D 65108 utils/env.cpp:92: Environment variable 'COLUMNS' is 'foo bar'
20150728-164054 D 65108 utils/cmdline/ui.cpp:144: Ignoring invalid value in COLUMNS variable: Invalid value
===> local/kyua/utils/cmdline/ui_test:ui__screen_width__columns_invalid__tty
Result: skipped: Cannot open tty for test: Device not configured
Duration: 0.038s

Metadata:
    allowed_architectures is empty
    allowed_platforms is empty
    description is empty
    has_cleanup = false
    required_configs is empty
    required_disk_space = 0
    required_files is empty
    required_memory = 0
    required_programs is empty
    required_user is empty
    timeout = 300

Standard error:
20150728-164054 D 65110 utils/env.cpp:152: Setting environment variable 'COLUMNS' to 'foo bar'
===> local/kyua/utils/cmdline/ui_test:ui__screen_width__columns_set__no_tty
Result: passed
Duration: 0.036s

Metadata:
    allowed_architectures is empty
    allowed_platforms is empty
    description is empty
    has_cleanup = false
    required_configs is empty
    required_disk_space = 0
    required_files is empty
    required_memory = 0
    required_programs is empty
    required_user is empty
    timeout = 300

Standard error:
20150728-164054 D 65112 utils/env.cpp:152: Setting environment variable 'COLUMNS' to '4321'
20150728-164054 D 65112 utils/env.cpp:92: Environment variable 'COLUMNS' is '4321'
===> local/kyua/utils/cmdline/ui_test:ui__screen_width__columns_set__tty
Result: skipped: Cannot open tty for test: Device not configured
Duration: 0.052s

Metadata:
    allowed_architectures is empty
    allowed_platforms is empty
    description is empty
    has_cleanup = false
    required_configs is empty
    required_disk_space = 0
    required_files is empty
    required_memory = 0
    required_programs is empty
    required_user is empty
    timeout = 300

Standard error:
20150728-164054 D 65114 utils/env.cpp:152: Setting environment variable 'COLUMNS' to '4321'
===> local/kyua/utils/cmdline/ui_test:ui__screen_width__tty_is_file
Result: passed
Duration: 0.054s

Metadata:
    allowed_architectures is empty
    allowed_platforms is empty
    description is empty
    has_cleanup = false
    required_configs is empty
    required_disk_space = 0
    required_files is empty
    required_memory = 0
    required_programs is empty
    required_user is empty
    timeout = 300

Standard error:
20150728-164054 D 65116 utils/env.cpp:182: Unsetting environment variable 'COLUMNS'
20150728-164054 D 65116 utils/env.cpp:89: Environment variable 'COLUMNS' is not defined
===> local/kyua/utils/config/exceptions_test:error
Result: passed
Duration: 0.077s

Metadata:
    allowed_architectures is empty
    allowed_platforms is empty
    description is empty
    has_cleanup = false
    required_configs is empty
    required_disk_space = 0
    required_files is empty
    required_memory = 0
    required_programs is empty
    required_user is empty
    timeout = 300
===> local/kyua/utils/config/exceptions_test:invalid_key_error
Result: passed
Duration: 0.083s

Metadata:
    allowed_architectures is empty
    allowed_platforms is empty
    description is empty
    has_cleanup = false
    required_configs is empty
    required_disk_space = 0
    required_files is empty
    required_memory = 0
    required_programs is empty
    required_user is empty
    timeout = 300
===> local/kyua/utils/config/exceptions_test:syntax_error
Result: passed
Duration: 0.073s

Metadata:
    allowed_architectures is empty
    allowed_platforms is empty
    description is empty
    has_cleanup = false
    required_configs is empty
    required_disk_space = 0
    required_files is empty
    required_memory = 0
    required_programs is empty
    required_user is empty
    timeout = 300
===> local/kyua/utils/config/exceptions_test:unknown_key_error__custom_message
Result: passed
Duration: 0.057s

Metadata:
    allowed_architectures is empty
    allowed_platforms is empty
    description is empty
    has_cleanup = false
    required_configs is empty
    required_disk_space = 0
    required_files is empty
    required_memory = 0
    required_programs is empty
    required_user is empty
    timeout = 300
===> local/kyua/utils/config/exceptions_test:unknown_key_error__default_message
Result: passed
Duration: 0.081s

Metadata:
    allowed_architectures is empty
    allowed_platforms is empty
    description is empty
    has_cleanup = false
    required_configs is empty
    required_disk_space = 0
    required_files is empty
    required_memory = 0
    required_programs is empty
    required_user is empty
    timeout = 300
===> local/kyua/utils/config/exceptions_test:value_error
Result: passed
Duration: 0.091s

Metadata:
    allowed_architectures is empty
    allowed_platforms is empty
    description is empty
    has_cleanup = false
    required_configs is empty
    required_disk_space = 0
    required_files is empty
    required_memory = 0
    required_programs is empty
    required_user is empty
    timeout = 300
===> local/kyua/utils/config/keys_test:flatten_key__many
Result: passed
Duration: 0.137s

Metadata:
    allowed_architectures is empty
    allowed_platforms is empty
    description is empty
    has_cleanup = false
    required_configs is empty
    required_disk_space = 0
    required_files is empty
    required_memory = 0
    required_programs is empty
    required_user is empty
    timeout = 300
===> local/kyua/utils/config/keys_test:flatten_key__one
Result: passed
Duration: 0.058s

Metadata:
    allowed_architectures is empty
    allowed_platforms is empty
    description is empty
    has_cleanup = false
    required_configs is empty
    required_disk_space = 0
    required_files is empty
    required_memory = 0
    required_programs is empty
    required_user is empty
    timeout = 300
===> local/kyua/utils/config/keys_test:parse_key__empty_component
Result: passed
Duration: 0.035s

Metadata:
    allowed_architectures is empty
    allowed_platforms is empty
    description is empty
    has_cleanup = false
    required_configs is empty
    required_disk_space = 0
    required_files is empty
    required_memory = 0
    required_programs is empty
    required_user is empty
    timeout = 300
===> local/kyua/utils/config/keys_test:parse_key__empty_key
Result: passed
Duration: 0.040s

Metadata:
    allowed_architectures is empty
    allowed_platforms is empty
    description is empty
    has_cleanup = false
    required_configs is empty
    required_disk_space = 0
    required_files is empty
    required_memory = 0
    required_programs is empty
    required_user is empty
    timeout = 300
===> local/kyua/utils/config/keys_test:parse_key__many
Result: passed
Duration: 0.048s

Metadata:
    allowed_architectures is empty
    allowed_platforms is empty
    description is empty
    has_cleanup = false
    required_configs is empty
    required_disk_space = 0
    required_files is empty
    required_memory = 0
    required_programs is empty
    required_user is empty
    timeout = 300
===> local/kyua/utils/config/keys_test:parse_key__one
Result: passed
Duration: 0.033s

Metadata:
    allowed_architectures is empty
    allowed_platforms is empty
    description is empty
    has_cleanup = false
    required_configs is empty
    required_disk_space = 0
    required_files is empty
    required_memory = 0
    required_programs is empty
    required_user is empty
    timeout = 300
===> local/kyua/utils/config/lua_module_test:custom_node
Result: passed
Duration: 0.041s

Metadata:
    allowed_architectures is empty
    allowed_platforms is empty
    description is empty
    has_cleanup = false
    required_configs is empty
    required_disk_space = 0
    required_files is empty
    required_memory = 0
    required_programs is empty
    required_user is empty
    timeout = 300
===> local/kyua/utils/config/lua_module_test:dynamic_subtree__invalid_types
Result: passed
Duration: 0.042s

Metadata:
    allowed_architectures is empty
    allowed_platforms is empty
    description is empty
    has_cleanup = false
    required_configs is empty
    required_disk_space = 0
    required_files is empty
    required_memory = 0
    required_programs is empty
    required_user is empty
    timeout = 300
===> local/kyua/utils/config/lua_module_test:dynamic_subtree__strings
Result: passed
Duration: 0.034s

Metadata:
    allowed_architectures is empty
    allowed_platforms is empty
    description is empty
    has_cleanup = false
    required_configs is empty
    required_disk_space = 0
    required_files is empty
    required_memory = 0
    required_programs is empty
    required_user is empty
    timeout = 300
===> local/kyua/utils/config/lua_module_test:invalid_key
Result: passed
Duration: 0.101s

Metadata:
    allowed_architectures is empty
    allowed_platforms is empty
    description is empty
    has_cleanup = false
    required_configs is empty
    required_disk_space = 0
    required_files is empty
    required_memory = 0
    required_programs is empty
    required_user is empty
    timeout = 300
===> local/kyua/utils/config/lua_module_test:locals
Result: passed
Duration: 0.075s

Metadata:
    allowed_architectures is empty
    allowed_platforms is empty
    description is empty
    has_cleanup = false
    required_configs is empty
    required_disk_space = 0
    required_files is empty
    required_memory = 0
    required_programs is empty
    required_user is empty
    timeout = 300
===> local/kyua/utils/config/lua_module_test:subtree__already_set_on_entry
Result: passed
Duration: 0.034s

Metadata:
    allowed_architectures is empty
    allowed_platforms is empty
    description is empty
    has_cleanup = false
    required_configs is empty
    required_disk_space = 0
    required_files is empty
    required_memory = 0
    required_programs is empty
    required_user is empty
    timeout = 300
===> local/kyua/utils/config/lua_module_test:subtree__override_inner
Result: passed
Duration: 0.035s

Metadata:
    allowed_architectures is empty
    allowed_platforms is empty
    description is empty
    has_cleanup = false
    required_configs is empty
    required_disk_space = 0
    required_files is empty
    required_memory = 0
    required_programs is empty
    required_user is empty
    timeout = 300
===> local/kyua/utils/config/lua_module_test:subtree__reset
Result: passed
Duration: 0.033s

Metadata:
    allowed_architectures is empty
    allowed_platforms is empty
    description is empty
    has_cleanup = false
    required_configs is empty
    required_disk_space = 0
    required_files is empty
    required_memory = 0
    required_programs is empty
    required_user is empty
    timeout = 300
===> local/kyua/utils/config/lua_module_test:subtree__reuse
Result: passed
Duration: 0.034s

Metadata:
    allowed_architectures is empty
    allowed_platforms is empty
    description is empty
    has_cleanup = false
    required_configs is empty
    required_disk_space = 0
    required_files is empty
    required_memory = 0
    required_programs is empty
    required_user is empty
    timeout = 300
===> local/kyua/utils/config/lua_module_test:subtree__valid_types
Result: passed
Duration: 0.051s

Metadata:
    allowed_architectures is empty
    allowed_platforms is empty
    description is empty
    has_cleanup = false
    required_configs is empty
    required_disk_space = 0
    required_files is empty
    required_memory = 0
    required_programs is empty
    required_user is empty
    timeout = 300
===> local/kyua/utils/config/lua_module_test:top__already_set_on_entry
Result: passed
Duration: 0.057s

Metadata:
    allowed_architectures is empty
    allowed_platforms is empty
    description is empty
    has_cleanup = false
    required_configs is empty
    required_disk_space = 0
    required_files is empty
    required_memory = 0
    required_programs is empty
    required_user is empty
    timeout = 300
===> local/kyua/utils/config/lua_module_test:top__reset
Result: passed
Duration: 0.036s

Metadata:
    allowed_architectures is empty
    allowed_platforms is empty
    description is empty
    has_cleanup = false
    required_configs is empty
    required_disk_space = 0
    required_files is empty
    required_memory = 0
    required_programs is empty
    required_user is empty
    timeout = 300
===> local/kyua/utils/config/lua_module_test:top__reuse
Result: passed
Duration: 0.035s

Metadata:
    allowed_architectures is empty
    allowed_platforms is empty
    description is empty
    has_cleanup = false
    required_configs is empty
    required_disk_space = 0
    required_files is empty
    required_memory = 0
    required_programs is empty
    required_user is empty
    timeout = 300
===> local/kyua/utils/config/lua_module_test:top__valid_types
Result: passed
Duration: 0.034s

Metadata:
    allowed_architectures is empty
    allowed_platforms is empty
    description is empty
    has_cleanup = false
    required_configs is empty
    required_disk_space = 0
    required_files is empty
    required_memory = 0
    required_programs is empty
    required_user is empty
    timeout = 300
===> local/kyua/utils/config/lua_module_test:unknown_key
Result: passed
Duration: 0.052s

Metadata:
    allowed_architectures is empty
    allowed_platforms is empty
    description is empty
    has_cleanup = false
    required_configs is empty
    required_disk_space = 0
    required_files is empty
    required_memory = 0
    required_programs is empty
    required_user is empty
    timeout = 300
===> local/kyua/utils/config/lua_module_test:value_error
Result: passed
Duration: 0.073s

Metadata:
    allowed_architectures is empty
    allowed_platforms is empty
    description is empty
    has_cleanup = false
    required_configs is empty
    required_disk_space = 0
    required_files is empty
    required_memory = 0
    required_programs is empty
    required_user is empty
    timeout = 300
===> local/kyua/utils/config/nodes_test:base_set_node__validate_set
Result: passed
Duration: 0.041s

Metadata:
    allowed_architectures is empty
    allowed_platforms is empty
    description is empty
    has_cleanup = false
    required_configs is empty
    required_disk_space = 0
    required_files is empty
    required_memory = 0
    required_programs is empty
    required_user is empty
    timeout = 300
===> local/kyua/utils/config/nodes_test:base_set_node__validate_set_string
Result: passed
Duration: 0.181s

Metadata:
    allowed_architectures is empty
    allowed_platforms is empty
    description is empty
    has_cleanup = false
    required_configs is empty
    required_disk_space = 0
    required_files is empty
    required_memory = 0
    required_programs is empty
    required_user is empty
    timeout = 300
===> local/kyua/utils/config/nodes_test:bool_node__deep_copy
Result: passed
Duration: 0.063s

Metadata:
    allowed_architectures is empty
    allowed_platforms is empty
    description is empty
    has_cleanup = false
    required_configs is empty
    required_disk_space = 0
    required_files is empty
    required_memory = 0
    required_programs is empty
    required_user is empty
    timeout = 300
===> local/kyua/utils/config/nodes_test:bool_node__is_set_and_set
Result: passed
Duration: 0.034s

Metadata:
    allowed_architectures is empty
    allowed_platforms is empty
    description is empty
    has_cleanup = false
    required_configs is empty
    required_disk_space = 0
    required_files is empty
    required_memory = 0
    required_programs is empty
    required_user is empty
    timeout = 300
===> local/kyua/utils/config/nodes_test:bool_node__push_lua
Result: passed
Duration: 0.036s

Metadata:
    allowed_architectures is empty
    allowed_platforms is empty
    description is empty
    has_cleanup = false
    required_configs is empty
    required_disk_space = 0
    required_files is empty
    required_memory = 0
    required_programs is empty
    required_user is empty
    timeout = 300
===> local/kyua/utils/config/nodes_test:bool_node__set_lua__invalid_value
Result: passed
Duration: 0.036s

Metadata:
    allowed_architectures is empty
    allowed_platforms is empty
    description is empty
    has_cleanup = false
    required_configs is empty
    required_disk_space = 0
    required_files is empty
    required_memory = 0
    required_programs is empty
    required_user is empty
    timeout = 300
===> local/kyua/utils/config/nodes_test:bool_node__set_lua__ok
Result: passed
Duration: 0.035s

Metadata:
    allowed_architectures is empty
    allowed_platforms is empty
    description is empty
    has_cleanup = false
    required_configs is empty
    required_disk_space = 0
    required_files is empty
    required_memory = 0
    required_programs is empty
    required_user is empty
    timeout = 300
===> local/kyua/utils/config/nodes_test:bool_node__set_string__invalid_value
Result: passed
Duration: 0.094s

Metadata:
    allowed_architectures is empty
    allowed_platforms is empty
    description is empty
    has_cleanup = false
    required_configs is empty
    required_disk_space = 0
    required_files is empty
    required_memory = 0
    required_programs is empty
    required_user is empty
    timeout = 300
===> local/kyua/utils/config/nodes_test:bool_node__set_string__ok
Result: passed
Duration: 0.035s

Metadata:
    allowed_architectures is empty
    allowed_platforms is empty
    description is empty
    has_cleanup = false
    required_configs is empty
    required_disk_space = 0
    required_files is empty
    required_memory = 0
    required_programs is empty
    required_user is empty
    timeout = 300
===> local/kyua/utils/config/nodes_test:bool_node__to_string
Result: passed
Duration: 0.034s

Metadata:
    allowed_architectures is empty
    allowed_platforms is empty
    description is empty
    has_cleanup = false
    required_configs is empty
    required_disk_space = 0
    required_files is empty
    required_memory = 0
    required_programs is empty
    required_user is empty
    timeout = 300
===> local/kyua/utils/config/nodes_test:bool_node__value_and_set
Result: passed
Duration: 0.069s

Metadata:
    allowed_architectures is empty
    allowed_platforms is empty
    description is empty
    has_cleanup = false
    required_configs is empty
    required_disk_space = 0
    required_files is empty
    required_memory = 0
    required_programs is empty
    required_user is empty
    timeout = 300
===> local/kyua/utils/config/nodes_test:int_node__deep_copy
Result: passed
Duration: 0.056s

Metadata:
    allowed_architectures is empty
    allowed_platforms is empty
    description is empty
    has_cleanup = false
    required_configs is empty
    required_disk_space = 0
    required_files is empty
    required_memory = 0
    required_programs is empty
    required_user is empty
    timeout = 300
===> local/kyua/utils/config/nodes_test:int_node__is_set_and_set
Result: passed
Duration: 0.034s

Metadata:
    allowed_architectures is empty
    allowed_platforms is empty
    description is empty
    has_cleanup = false
    required_configs is empty
    required_disk_space = 0
    required_files is empty
    required_memory = 0
    required_programs is empty
    required_user is empty
    timeout = 300
===> local/kyua/utils/config/nodes_test:int_node__push_lua
Result: passed
Duration: 0.035s

Metadata:
    allowed_architectures is empty
    allowed_platforms is empty
    description is empty
    has_cleanup = false
    required_configs is empty
    required_disk_space = 0
    required_files is empty
    required_memory = 0
    required_programs is empty
    required_user is empty
    timeout = 300
===> local/kyua/utils/config/nodes_test:int_node__set_lua__invalid_value
Result: passed
Duration: 0.066s

Metadata:
    allowed_architectures is empty
    allowed_platforms is empty
    description is empty
    has_cleanup = false
    required_configs is empty
    required_disk_space = 0
    required_files is empty
    required_memory = 0
    required_programs is empty
    required_user is empty
    timeout = 300
===> local/kyua/utils/config/nodes_test:int_node__set_lua__ok
Result: passed
Duration: 0.034s

Metadata:
    allowed_architectures is empty
    allowed_platforms is empty
    description is empty
    has_cleanup = false
    required_configs is empty
    required_disk_space = 0
    required_files is empty
    required_memory = 0
    required_programs is empty
    required_user is empty
    timeout = 300
===> local/kyua/utils/config/nodes_test:int_node__set_string__invalid_value
Result: passed
Duration: 0.073s

Metadata:
    allowed_architectures is empty
    allowed_platforms is empty
    description is empty
    has_cleanup = false
    required_configs is empty
    required_disk_space = 0
    required_files is empty
    required_memory = 0
    required_programs is empty
    required_user is empty
    timeout = 300
===> local/kyua/utils/config/nodes_test:int_node__set_string__ok
Result: passed
Duration: 0.067s

Metadata:
    allowed_architectures is empty
    allowed_platforms is empty
    description is empty
    has_cleanup = false
    required_configs is empty
    required_disk_space = 0
    required_files is empty
    required_memory = 0
    required_programs is empty
    required_user is empty
    timeout = 300
===> local/kyua/utils/config/nodes_test:int_node__to_string
Result: passed
Duration: 0.035s

Metadata:
    allowed_architectures is empty
    allowed_platforms is empty
    description is empty
    has_cleanup = false
    required_configs is empty
    required_disk_space = 0
    required_files is empty
    required_memory = 0
    required_programs is empty
    required_user is empty
    timeout = 300
===> local/kyua/utils/config/nodes_test:int_node__value_and_set
Result: passed
Duration: 0.032s

Metadata:
    allowed_architectures is empty
    allowed_platforms is empty
    description is empty
    has_cleanup = false
    required_configs is empty
    required_disk_space = 0
    required_files is empty
    required_memory = 0
    required_programs is empty
    required_user is empty
    timeout = 300
===> local/kyua/utils/config/nodes_test:string_node__deep_copy
Result: passed
Duration: 0.036s

Metadata:
    allowed_architectures is empty
    allowed_platforms is empty
    description is empty
    has_cleanup = false
    required_configs is empty
    required_disk_space = 0
    required_files is empty
    required_memory = 0
    required_programs is empty
    required_user is empty
    timeout = 300
===> local/kyua/utils/config/nodes_test:string_node__is_set_and_set
Result: passed
Duration: 0.034s

Metadata:
    allowed_architectures is empty
    allowed_platforms is empty
    description is empty
    has_cleanup = false
    required_configs is empty
    required_disk_space = 0
    required_files is empty
    required_memory = 0
    required_programs is empty
    required_user is empty
    timeout = 300
===> local/kyua/utils/config/nodes_test:string_node__push_lua
Result: passed
Duration: 0.032s

Metadata:
    allowed_architectures is empty
    allowed_platforms is empty
    description is empty
    has_cleanup = false
    required_configs is empty
    required_disk_space = 0
    required_files is empty
    required_memory = 0
    required_programs is empty
    required_user is empty
    timeout = 300
===> local/kyua/utils/config/nodes_test:string_node__set_lua__invalid_value
Result: passed
Duration: 0.069s

Metadata:
    allowed_architectures is empty
    allowed_platforms is empty
    description is empty
    has_cleanup = false
    required_configs is empty
    required_disk_space = 0
    required_files is empty
    required_memory = 0
    required_programs is empty
    required_user is empty
    timeout = 300
===> local/kyua/utils/config/nodes_test:string_node__set_lua__ok
Result: passed
Duration: 0.035s

Metadata:
    allowed_architectures is empty
    allowed_platforms is empty
    description is empty
    has_cleanup = false
    required_configs is empty
    required_disk_space = 0
    required_files is empty
    required_memory = 0
    required_programs is empty
    required_user is empty
    timeout = 300
===> local/kyua/utils/config/nodes_test:string_node__set_string
Result: passed
Duration: 0.034s

Metadata:
    allowed_architectures is empty
    allowed_platforms is empty
    description is empty
    has_cleanup = false
    required_configs is empty
    required_disk_space = 0
    required_files is empty
    required_memory = 0
    required_programs is empty
    required_user is empty
    timeout = 300
===> local/kyua/utils/config/nodes_test:string_node__to_string
Result: passed
Duration: 0.035s

Metadata:
    allowed_architectures is empty
    allowed_platforms is empty
    description is empty
    has_cleanup = false
    required_configs is empty
    required_disk_space = 0
    required_files is empty
    required_memory = 0
    required_programs is empty
    required_user is empty
    timeout = 300
===> local/kyua/utils/config/nodes_test:string_node__value_and_set
Result: passed
Duration: 0.105s

Metadata:
    allowed_architectures is empty
    allowed_platforms is empty
    description is empty
    has_cleanup = false
    required_configs is empty
    required_disk_space = 0
    required_files is empty
    required_memory = 0
    required_programs is empty
    required_user is empty
    timeout = 300
===> local/kyua/utils/config/nodes_test:strings_set_node__deep_copy
Result: passed
Duration: 0.117s

Metadata:
    allowed_architectures is empty
    allowed_platforms is empty
    description is empty
    has_cleanup = false
    required_configs is empty
    required_disk_space = 0
    required_files is empty
    required_memory = 0
    required_programs is empty
    required_user is empty
    timeout = 300
===> local/kyua/utils/config/nodes_test:strings_set_node__is_set_and_set
Result: passed
Duration: 0.720s

Metadata:
    allowed_architectures is empty
    allowed_platforms is empty
    description is empty
    has_cleanup = false
    required_configs is empty
    required_disk_space = 0
    required_files is empty
    required_memory = 0
    required_programs is empty
    required_user is empty
    timeout = 300
===> local/kyua/utils/config/nodes_test:strings_set_node__set_string
Result: passed
Duration: 0.258s

Metadata:
    allowed_architectures is empty
    allowed_platforms is empty
    description is empty
    has_cleanup = false
    required_configs is empty
    required_disk_space = 0
    required_files is empty
    required_memory = 0
    required_programs is empty
    required_user is empty
    timeout = 300
===> local/kyua/utils/config/nodes_test:strings_set_node__to_string
Result: passed
Duration: 0.257s

Metadata:
    allowed_architectures is empty
    allowed_platforms is empty
    description is empty
    has_cleanup = false
    required_configs is empty
    required_disk_space = 0
    required_files is empty
    required_memory = 0
    required_programs is empty
    required_user is empty
    timeout = 300
===> local/kyua/utils/config/nodes_test:strings_set_node__value_and_set
Result: passed
Duration: 0.211s

Metadata:
    allowed_architectures is empty
    allowed_platforms is empty
    description is empty
    has_cleanup = false
    required_configs is empty
    required_disk_space = 0
    required_files is empty
    required_memory = 0
    required_programs is empty
    required_user is empty
    timeout = 300
===> local/kyua/utils/config/nodes_test:typed_leaf_node__validate_set
Result: passed
Duration: 0.095s

Metadata:
    allowed_architectures is empty
    allowed_platforms is empty
    description is empty
    has_cleanup = false
    required_configs is empty
    required_disk_space = 0
    required_files is empty
    required_memory = 0
    required_programs is empty
    required_user is empty
    timeout = 300
===> local/kyua/utils/config/nodes_test:typed_leaf_node__validate_set_string
Result: passed
Duration: 0.053s

Metadata:
    allowed_architectures is empty
    allowed_platforms is empty
    description is empty
    has_cleanup = false
    required_configs is empty
    required_disk_space = 0
    required_files is empty
    required_memory = 0
    required_programs is empty
    required_user is empty
    timeout = 300
===> local/kyua/utils/config/parser_test:invalid_syntax
Result: passed
Duration: 0.434s

Metadata:
    allowed_architectures is empty
    allowed_platforms is empty
    description is empty
    has_cleanup = false
    required_configs is empty
    required_disk_space = 0
    required_files is empty
    required_memory = 0
    required_programs is empty
    required_user is empty
    timeout = 300
===> local/kyua/utils/config/parser_test:no_keys__ok
Result: passed
Duration: 0.083s

Metadata:
    allowed_architectures is empty
    allowed_platforms is empty
    description is empty
    has_cleanup = false
    required_configs is empty
    required_disk_space = 0
    required_files is empty
    required_memory = 0
    required_programs is empty
    required_user is empty
    timeout = 300
===> local/kyua/utils/config/parser_test:no_keys__unknown_key
Result: passed
Duration: 0.089s

Metadata:
    allowed_architectures is empty
    allowed_platforms is empty
    description is empty
    has_cleanup = false
    required_configs is empty
    required_disk_space = 0
    required_files is empty
    required_memory = 0
    required_programs is empty
    required_user is empty
    timeout = 300
===> local/kyua/utils/config/parser_test:some_keys__ok
Result: passed
Duration: 0.101s

Metadata:
    allowed_architectures is empty
    allowed_platforms is empty
    description is empty
    has_cleanup = false
    required_configs is empty
    required_disk_space = 0
    required_files is empty
    required_memory = 0
    required_programs is empty
    required_user is empty
    timeout = 300
===> local/kyua/utils/config/parser_test:some_keys__unknown_key
Result: passed
Duration: 0.129s

Metadata:
    allowed_architectures is empty
    allowed_platforms is empty
    description is empty
    has_cleanup = false
    required_configs is empty
    required_disk_space = 0
    required_files is empty
    required_memory = 0
    required_programs is empty
    required_user is empty
    timeout = 300
===> local/kyua/utils/config/parser_test:syntax_called_more_than_once
Result: passed
Duration: 0.040s

Metadata:
    allowed_architectures is empty
    allowed_platforms is empty
    description is empty
    has_cleanup = false
    required_configs is empty
    required_disk_space = 0
    required_files is empty
    required_memory = 0
    required_programs is empty
    required_user is empty
    timeout = 300
===> local/kyua/utils/config/parser_test:syntax_deprecated_format
Result: passed
Duration: 0.071s

Metadata:
    allowed_architectures is empty
    allowed_platforms is empty
    description is empty
    has_cleanup = false
    required_configs is empty
    required_disk_space = 0
    required_files is empty
    required_memory = 0
    required_programs is empty
    required_user is empty
    timeout = 300
===> local/kyua/utils/config/parser_test:syntax_not_called
Result: passed
Duration: 0.060s

Metadata:
    allowed_architectures is empty
    allowed_platforms is empty
    description is empty
    has_cleanup = false
    required_configs is empty
    required_disk_space = 0
    required_files is empty
    required_memory = 0
    required_programs is empty
    required_user is empty
    timeout = 300
===> local/kyua/utils/config/tree_test:all_properties__all_set
Result: passed
Duration: 0.141s

Metadata:
    allowed_architectures is empty
    allowed_platforms is empty
    description is empty
    has_cleanup = false
    required_configs is empty
    required_disk_space = 0
    required_files is empty
    required_memory = 0
    required_programs is empty
    required_user is empty
    timeout = 300
===> local/kyua/utils/config/tree_test:all_properties__none
Result: passed
Duration: 0.060s

Metadata:
    allowed_architectures is empty
    allowed_platforms is empty
    description is empty
    has_cleanup = false
    required_configs is empty
    required_disk_space = 0
    required_files is empty
    required_memory = 0
    required_programs is empty
    required_user is empty
    timeout = 300
===> local/kyua/utils/config/tree_test:all_properties__some_unset
Result: passed
Duration: 0.095s

Metadata:
    allowed_architectures is empty
    allowed_platforms is empty
    description is empty
    has_cleanup = false
    required_configs is empty
    required_disk_space = 0
    required_files is empty
    required_memory = 0
    required_programs is empty
    required_user is empty
    timeout = 300
===> local/kyua/utils/config/tree_test:all_properties__subtree__inner
Result: passed
Duration: 0.133s

Metadata:
    allowed_architectures is empty
    allowed_platforms is empty
    description is empty
    has_cleanup = false
    required_configs is empty
    required_disk_space = 0
    required_files is empty
    required_memory = 0
    required_programs is empty
    required_user is empty
    timeout = 300
===> local/kyua/utils/config/tree_test:all_properties__subtree__invalid_key
Result: passed
Duration: 0.154s

Metadata:
    allowed_architectures is empty
    allowed_platforms is empty
    description is empty
    has_cleanup = false
    required_configs is empty
    required_disk_space = 0
    required_files is empty
    required_memory = 0
    required_programs is empty
    required_user is empty
    timeout = 300
===> local/kyua/utils/config/tree_test:all_properties__subtree__leaf
Result: passed
Duration: 0.109s

Metadata:
    allowed_architectures is empty
    allowed_platforms is empty
    description is empty
    has_cleanup = false
    required_configs is empty
    required_disk_space = 0
    required_files is empty
    required_memory = 0
    required_programs is empty
    required_user is empty
    timeout = 300
===> local/kyua/utils/config/tree_test:all_properties__subtree__strip_key
Result: passed
Duration: 0.367s

Metadata:
    allowed_architectures is empty
    allowed_platforms is empty
    description is empty
    has_cleanup = false
    required_configs is empty
    required_disk_space = 0
    required_files is empty
    required_memory = 0
    required_programs is empty
    required_user is empty
    timeout = 300
===> local/kyua/utils/config/tree_test:all_properties__subtree__unknown_key
Result: passed
Duration: 0.205s

Metadata:
    allowed_architectures is empty
    allowed_platforms is empty
    description is empty
    has_cleanup = false
    required_configs is empty
    required_disk_space = 0
    required_files is empty
    required_memory = 0
    required_programs is empty
    required_user is empty
    timeout = 300
===> local/kyua/utils/config/tree_test:custom_leaf__no_default_ctor
Result: passed
Duration: 0.079s

Metadata:
    allowed_architectures is empty
    allowed_platforms is empty
    description is empty
    has_cleanup = false
    required_configs is empty
    required_disk_space = 0
    required_files is empty
    required_memory = 0
    required_programs is empty
    required_user is empty
    timeout = 300
===> local/kyua/utils/config/tree_test:deep_copy__empty
Result: passed
Duration: 0.221s

Metadata:
    allowed_architectures is empty
    allowed_platforms is empty
    description is empty
    has_cleanup = false
    required_configs is empty
    required_disk_space = 0
    required_files is empty
    required_memory = 0
    required_programs is empty
    required_user is empty
    timeout = 300
===> local/kyua/utils/config/tree_test:deep_copy__some
Result: passed
Duration: 0.298s

Metadata:
    allowed_architectures is empty
    allowed_platforms is empty
    description is empty
    has_cleanup = false
    required_configs is empty
    required_disk_space = 0
    required_files is empty
    required_memory = 0
    required_programs is empty
    required_user is empty
    timeout = 300
===> local/kyua/utils/config/tree_test:define_set_lookup__multiple_levels
Result: passed
Duration: 0.133s

Metadata:
    allowed_architectures is empty
    allowed_platforms is empty
    description is empty
    has_cleanup = false
    required_configs is empty
    required_disk_space = 0
    required_files is empty
    required_memory = 0
    required_programs is empty
    required_user is empty
    timeout = 300
===> local/kyua/utils/config/tree_test:define_set_lookup__one_level
Result: passed
Duration: 0.113s

Metadata:
    allowed_architectures is empty
    allowed_platforms is empty
    description is empty
    has_cleanup = false
    required_configs is empty
    required_disk_space = 0
    required_files is empty
    required_memory = 0
    required_programs is empty
    required_user is empty
    timeout = 300
===> local/kyua/utils/config/tree_test:is_set__invalid_key
Result: passed
Duration: 0.158s

Metadata:
    allowed_architectures is empty
    allowed_platforms is empty
    description is empty
    has_cleanup = false
    required_configs is empty
    required_disk_space = 0
    required_files is empty
    required_memory = 0
    required_programs is empty
    required_user is empty
    timeout = 300
===> local/kyua/utils/config/tree_test:is_set__multiple_levels
Result: passed
Duration: 0.774s

Metadata:
    allowed_architectures is empty
    allowed_platforms is empty
    description is empty
    has_cleanup = false
    required_configs is empty
    required_disk_space = 0
    required_files is empty
    required_memory = 0
    required_programs is empty
    required_user is empty
    timeout = 300
===> local/kyua/utils/config/tree_test:is_set__one_level
Result: passed
Duration: 1.011s

Metadata:
    allowed_architectures is empty
    allowed_platforms is empty
    description is empty
    has_cleanup = false
    required_configs is empty
    required_disk_space = 0
    required_files is empty
    required_memory = 0
    required_programs is empty
    required_user is empty
    timeout = 300
===> local/kyua/utils/config/tree_test:lookup__invalid_key
Result: passed
Duration: 0.402s

Metadata:
    allowed_architectures is empty
    allowed_platforms is empty
    description is empty
    has_cleanup = false
    required_configs is empty
    required_disk_space = 0
    required_files is empty
    required_memory = 0
    required_programs is empty
    required_user is empty
    timeout = 300
===> local/kyua/utils/config/tree_test:lookup__unknown_key
Result: passed
Duration: 0.148s

Metadata:
    allowed_architectures is empty
    allowed_platforms is empty
    description is empty
    has_cleanup = false
    required_configs is empty
    required_disk_space = 0
    required_files is empty
    required_memory = 0
    required_programs is empty
    required_user is empty
    timeout = 300
===> local/kyua/utils/config/tree_test:lookup_rw
Result: passed
Duration: 0.039s

Metadata:
    allowed_architectures is empty
    allowed_platforms is empty
    description is empty
    has_cleanup = false
    required_configs is empty
    required_disk_space = 0
    required_files is empty
    required_memory = 0
    required_programs is empty
    required_user is empty
    timeout = 300
===> local/kyua/utils/config/tree_test:lookup_string__invalid_key
Result: passed
Duration: 0.032s

Metadata:
    allowed_architectures is empty
    allowed_platforms is empty
    description is empty
    has_cleanup = false
    required_configs is empty
    required_disk_space = 0
    required_files is empty
    required_memory = 0
    required_programs is empty
    required_user is empty
    timeout = 300
===> local/kyua/utils/config/tree_test:lookup_string__ok
Result: passed
Duration: 0.108s

Metadata:
    allowed_architectures is empty
    allowed_platforms is empty
    description is empty
    has_cleanup = false
    required_configs is empty
    required_disk_space = 0
    required_files is empty
    required_memory = 0
    required_programs is empty
    required_user is empty
    timeout = 300
===> local/kyua/utils/config/tree_test:lookup_string__unknown_key
Result: passed
Duration: 0.041s

Metadata:
    allowed_architectures is empty
    allowed_platforms is empty
    description is empty
    has_cleanup = false
    required_configs is empty
    required_disk_space = 0
    required_files is empty
    required_memory = 0
    required_programs is empty
    required_user is empty
    timeout = 300
===> local/kyua/utils/config/tree_test:operators_eq_and_ne__deep_copy
Result: passed
Duration: 0.056s

Metadata:
    allowed_architectures is empty
    allowed_platforms is empty
    description is empty
    has_cleanup = false
    required_configs is empty
    required_disk_space = 0
    required_files is empty
    required_memory = 0
    required_programs is empty
    required_user is empty
    timeout = 300
===> local/kyua/utils/config/tree_test:operators_eq_and_ne__empty
Result: passed
Duration: 0.050s

Metadata:
    allowed_architectures is empty
    allowed_platforms is empty
    description is empty
    has_cleanup = false
    required_configs is empty
    required_disk_space = 0
    required_files is empty
    required_memory = 0
    required_programs is empty
    required_user is empty
    timeout = 300
===> local/kyua/utils/config/tree_test:operators_eq_and_ne__shallow_copy
Result: passed
Duration: 0.082s

Metadata:
    allowed_architectures is empty
    allowed_platforms is empty
    description is empty
    has_cleanup = false
    required_configs is empty
    required_disk_space = 0
    required_files is empty
    required_memory = 0
    required_programs is empty
    required_user is empty
    timeout = 300
===> local/kyua/utils/config/tree_test:operators_eq_and_ne__some_contents
Result: passed
Duration: 0.112s

Metadata:
    allowed_architectures is empty
    allowed_platforms is empty
    description is empty
    has_cleanup = false
    required_configs is empty
    required_disk_space = 0
    required_files is empty
    required_memory = 0
    required_programs is empty
    required_user is empty
    timeout = 300
===> local/kyua/utils/config/tree_test:push_lua__ok
Result: passed
Duration: 0.080s

Metadata:
    allowed_architectures is empty
    allowed_platforms is empty
    description is empty
    has_cleanup = false
    required_configs is empty
    required_disk_space = 0
    required_files is empty
    required_memory = 0
    required_programs is empty
    required_user is empty
    timeout = 300
===> local/kyua/utils/config/tree_test:set__invalid_key
Result: passed
Duration: 0.059s

Metadata:
    allowed_architectures is empty
    allowed_platforms is empty
    description is empty
    has_cleanup = false
    required_configs is empty
    required_disk_space = 0
    required_files is empty
    required_memory = 0
    required_programs is empty
    required_user is empty
    timeout = 300
===> local/kyua/utils/config/tree_test:set__unknown_key
Result: passed
Duration: 0.084s

Metadata:
    allowed_architectures is empty
    allowed_platforms is empty
    description is empty
    has_cleanup = false
    required_configs is empty
    required_disk_space = 0
    required_files is empty
    required_memory = 0
    required_programs is empty
    required_user is empty
    timeout = 300
===> local/kyua/utils/config/tree_test:set__value_error
Result: passed
Duration: 0.058s

Metadata:
    allowed_architectures is empty
    allowed_platforms is empty
    description is empty
    has_cleanup = false
    required_configs is empty
    required_disk_space = 0
    required_files is empty
    required_memory = 0
    required_programs is empty
    required_user is empty
    timeout = 300
===> local/kyua/utils/config/tree_test:set_lua__ok
Result: passed
Duration: 0.057s

Metadata:
    allowed_architectures is empty
    allowed_platforms is empty
    description is empty
    has_cleanup = false
    required_configs is empty
    required_disk_space = 0
    required_files is empty
    required_memory = 0
    required_programs is empty
    required_user is empty
    timeout = 300
===> local/kyua/utils/config/tree_test:set_string__invalid_key
Result: passed
Duration: 0.047s

Metadata:
    allowed_architectures is empty
    allowed_platforms is empty
    description is empty
    has_cleanup = false
    required_configs is empty
    required_disk_space = 0
    required_files is empty
    required_memory = 0
    required_programs is empty
    required_user is empty
    timeout = 300
===> local/kyua/utils/config/tree_test:set_string__ok
Result: passed
Duration: 0.098s

Metadata:
    allowed_architectures is empty
    allowed_platforms is empty
    description is empty
    has_cleanup = false
    required_configs is empty
    required_disk_space = 0
    required_files is empty
    required_memory = 0
    required_programs is empty
    required_user is empty
    timeout = 300
===> local/kyua/utils/config/tree_test:set_string__unknown_key
Result: passed
Duration: 0.041s

Metadata:
    allowed_architectures is empty
    allowed_platforms is empty
    description is empty
    has_cleanup = false
    required_configs is empty
    required_disk_space = 0
    required_files is empty
    required_memory = 0
    required_programs is empty
    required_user is empty
    timeout = 300
===> local/kyua/utils/config/tree_test:set_string__value_error
Result: passed
Duration: 0.181s

Metadata:
    allowed_architectures is empty
    allowed_platforms is empty
    description is empty
    has_cleanup = false
    required_configs is empty
    required_disk_space = 0
    required_files is empty
    required_memory = 0
    required_programs is empty
    required_user is empty
    timeout = 300
===> local/kyua/utils/datetime_test:delta__addition
Result: passed
Duration: 0.184s

Metadata:
    allowed_architectures is empty
    allowed_platforms is empty
    description is empty
    has_cleanup = false
    required_configs is empty
    required_disk_space = 0
    required_files is empty
    required_memory = 0
    required_programs is empty
    required_user is empty
    timeout = 300
===> local/kyua/utils/datetime_test:delta__addition_and_set
Result: passed
Duration: 0.145s

Metadata:
    allowed_architectures is empty
    allowed_platforms is empty
    description is empty
    has_cleanup = false
    required_configs is empty
    required_disk_space = 0
    required_files is empty
    required_memory = 0
    required_programs is empty
    required_user is empty
    timeout = 300
===> local/kyua/utils/datetime_test:delta__defaults
Result: passed
Duration: 0.034s

Metadata:
    allowed_architectures is empty
    allowed_platforms is empty
    description is empty
    has_cleanup = false
    required_configs is empty
    required_disk_space = 0
    required_files is empty
    required_memory = 0
    required_programs is empty
    required_user is empty
    timeout = 300
===> local/kyua/utils/datetime_test:delta__differs
Result: passed
Duration: 0.033s

Metadata:
    allowed_architectures is empty
    allowed_platforms is empty
    description is empty
    has_cleanup = false
    required_configs is empty
    required_disk_space = 0
    required_files is empty
    required_memory = 0
    required_programs is empty
    required_user is empty
    timeout = 300
===> local/kyua/utils/datetime_test:delta__equals
Result: passed
Duration: 0.060s

Metadata:
    allowed_architectures is empty
    allowed_platforms is empty
    description is empty
    has_cleanup = false
    required_configs is empty
    required_disk_space = 0
    required_files is empty
    required_memory = 0
    required_programs is empty
    required_user is empty
    timeout = 300
===> local/kyua/utils/datetime_test:delta__from_microseconds
Result: passed
Duration: 0.748s

Metadata:
    allowed_architectures is empty
    allowed_platforms is empty
    description is empty
    has_cleanup = false
    required_configs is empty
    required_disk_space = 0
    required_files is empty
    required_memory = 0
    required_programs is empty
    required_user is empty
    timeout = 300
===> local/kyua/utils/datetime_test:delta__output
Result: passed
Duration: 0.056s

Metadata:
    allowed_architectures is empty
    allowed_platforms is empty
    description is empty
    has_cleanup = false
    required_configs is empty
    required_disk_space = 0
    required_files is empty
    required_memory = 0
    required_programs is empty
    required_user is empty
    timeout = 300
===> local/kyua/utils/datetime_test:delta__overrides
Result: passed
Duration: 0.067s

Metadata:
    allowed_architectures is empty
    allowed_platforms is empty
    description is empty
    has_cleanup = false
    required_configs is empty
    required_disk_space = 0
    required_files is empty
    required_memory = 0
    required_programs is empty
    required_user is empty
    timeout = 300
===> local/kyua/utils/datetime_test:delta__to_microseconds
Result: passed
Duration: 0.077s

Metadata:
    allowed_architectures is empty
    allowed_platforms is empty
    description is empty
    has_cleanup = false
    required_configs is empty
    required_disk_space = 0
    required_files is empty
    required_memory = 0
    required_programs is empty
    required_user is empty
    timeout = 300
===> local/kyua/utils/datetime_test:timestamp__copy
Result: passed
Duration: 0.055s

Metadata:
    allowed_architectures is empty
    allowed_platforms is empty
    description is empty
    has_cleanup = false
    required_configs is empty
    required_disk_space = 0
    required_files is empty
    required_memory = 0
    required_programs is empty
    required_user is empty
    timeout = 300
===> local/kyua/utils/datetime_test:timestamp__differs
Result: passed
Duration: 0.034s

Metadata:
    allowed_architectures is empty
    allowed_platforms is empty
    description is empty
    has_cleanup = false
    required_configs is empty
    required_disk_space = 0
    required_files is empty
    required_memory = 0
    required_programs is empty
    required_user is empty
    timeout = 300
===> local/kyua/utils/datetime_test:timestamp__equals
Result: passed
Duration: 0.073s

Metadata:
    allowed_architectures is empty
    allowed_platforms is empty
    description is empty
    has_cleanup = false
    required_configs is empty
    required_disk_space = 0
    required_files is empty
    required_memory = 0
    required_programs is empty
    required_user is empty
    timeout = 300
===> local/kyua/utils/datetime_test:timestamp__from_microseconds
Result: passed
Duration: 0.037s

Metadata:
    allowed_architectures is empty
    allowed_platforms is empty
    description is empty
    has_cleanup = false
    required_configs is empty
    required_disk_space = 0
    required_files is empty
    required_memory = 0
    required_programs is empty
    required_user is empty
    timeout = 300
===> local/kyua/utils/datetime_test:timestamp__leap_second
Result: passed
Duration: 0.056s

Metadata:
    allowed_architectures is empty
    allowed_platforms is empty
    description is empty
    has_cleanup = false
    required_configs is empty
    required_disk_space = 0
    required_files is empty
    required_memory = 0
    required_programs is empty
    required_user is empty
    timeout = 300
===> local/kyua/utils/datetime_test:timestamp__now__granularity
Result: passed
Duration: 0.033s

Metadata:
    allowed_architectures is empty
    allowed_platforms is empty
    description is empty
    has_cleanup = false
    required_configs is empty
    required_disk_space = 0
    required_files is empty
    required_memory = 0
    required_programs is empty
    required_user is empty
    timeout = 300
===> local/kyua/utils/datetime_test:timestamp__now__mock
Result: passed
Duration: 0.034s

Metadata:
    allowed_architectures is empty
    allowed_platforms is empty
    description is empty
    has_cleanup = false
    required_configs is empty
    required_disk_space = 0
    required_files is empty
    required_memory = 0
    required_programs is empty
    required_user is empty
    timeout = 300
===> local/kyua/utils/datetime_test:timestamp__now__real
Result: passed
Duration: 0.050s

Metadata:
    allowed_architectures is empty
    allowed_platforms is empty
    description is empty
    has_cleanup = false
    required_configs is empty
    required_disk_space = 0
    required_files is empty
    required_memory = 0
    required_programs is empty
    required_user is empty
    timeout = 300
===> local/kyua/utils/datetime_test:timestamp__output
Result: passed
Duration: 0.055s

Metadata:
    allowed_architectures is empty
    allowed_platforms is empty
    description is empty
    has_cleanup = false
    required_configs is empty
    required_disk_space = 0
    required_files is empty
    required_memory = 0
    required_programs is empty
    required_user is empty
    timeout = 300
===> local/kyua/utils/datetime_test:timestamp__strftime
Result: passed
Duration: 0.069s

Metadata:
    allowed_architectures is empty
    allowed_platforms is empty
    description is empty
    has_cleanup = false
    required_configs is empty
    required_disk_space = 0
    required_files is empty
    required_memory = 0
    required_programs is empty
    required_user is empty
    timeout = 300
===> local/kyua/utils/datetime_test:timestamp__subtraction
Result: passed
Duration: 0.044s

Metadata:
    allowed_architectures is empty
    allowed_platforms is empty
    description is empty
    has_cleanup = false
    required_configs is empty
    required_disk_space = 0
    required_files is empty
    required_memory = 0
    required_programs is empty
    required_user is empty
    timeout = 300
===> local/kyua/utils/datetime_test:timestamp__to_microseconds
Result: passed
Duration: 0.127s

Metadata:
    allowed_architectures is empty
    allowed_platforms is empty
    description is empty
    has_cleanup = false
    required_configs is empty
    required_disk_space = 0
    required_files is empty
    required_memory = 0
    required_programs is empty
    required_user is empty
    timeout = 300
===> local/kyua/utils/datetime_test:timestamp__to_seconds
Result: passed
Duration: 0.057s

Metadata:
    allowed_architectures is empty
    allowed_platforms is empty
    description is empty
    has_cleanup = false
    required_configs is empty
    required_disk_space = 0
    required_files is empty
    required_memory = 0
    required_programs is empty
    required_user is empty
    timeout = 300
===> local/kyua/utils/env_test:get_home__invalid
Result: passed
Duration: 0.071s

Metadata:
    allowed_architectures is empty
    allowed_platforms is empty
    description is empty
    has_cleanup = false
    required_configs is empty
    required_disk_space = 0
    required_files is empty
    required_memory = 0
    required_programs is empty
    required_user is empty
    timeout = 300

Standard error:
20150728-164029 D 64775 utils/env.cpp:152: Setting environment variable 'HOME' to ''
20150728-164029 D 64775 utils/env.cpp:92: Environment variable 'HOME' is ''
20150728-164029 W 64775 utils/env.cpp:133: Invalid value '' in HOME environment variable: Invalid path '': Cannot be empty
===> local/kyua/utils/env_test:get_home__missing
Result: passed
Duration: 0.035s

Metadata:
    allowed_architectures is empty
    allowed_platforms is empty
    description is empty
    has_cleanup = false
    required_configs is empty
    required_disk_space = 0
    required_files is empty
    required_memory = 0
    required_programs is empty
    required_user is empty
    timeout = 300

Standard error:
20150728-164029 D 64777 utils/env.cpp:182: Unsetting environment variable 'HOME'
20150728-164029 D 64777 utils/env.cpp:89: Environment variable 'HOME' is not defined
===> local/kyua/utils/env_test:get_home__ok
Result: passed
Duration: 0.035s

Metadata:
    allowed_architectures is empty
    allowed_platforms is empty
    description is empty
    has_cleanup = false
    required_configs is empty
    required_disk_space = 0
    required_files is empty
    required_memory = 0
    required_programs is empty
    required_user is empty
    timeout = 300

Standard error:
20150728-164029 D 64779 utils/env.cpp:152: Setting environment variable 'HOME' to '/foo/bar'
20150728-164029 D 64779 utils/env.cpp:92: Environment variable 'HOME' is '/foo/bar'
===> local/kyua/utils/env_test:getallenv
Result: passed
Duration: 0.037s

Metadata:
    allowed_architectures is empty
    allowed_platforms is empty
    description is empty
    has_cleanup = false
    required_configs is empty
    required_disk_space = 0
    required_files is empty
    required_memory = 0
    required_programs is empty
    required_user is empty
    timeout = 300

Standard error:
20150728-164029 D 64781 utils/env.cpp:182: Unsetting environment variable 'test-missing'
20150728-164029 D 64781 utils/env.cpp:152: Setting environment variable 'test-empty' to ''
20150728-164029 D 64781 utils/env.cpp:152: Setting environment variable 'test-text' to 'some-value'
20150728-164029 D 64781 utils/env.cpp:92: Environment variable 'PATH' is '/sbin:/bin:/usr/sbin:/usr/bin:/usr/local/sbin:/usr/local/bin:/root/bin'
20150728-164029 D 64781 utils/env.cpp:92: Environment variable 'PATH' is '/sbin:/bin:/usr/sbin:/usr/bin:/usr/local/sbin:/usr/local/bin:/root/bin'
===> local/kyua/utils/env_test:getenv
Result: passed
Duration: 0.036s

Metadata:
    allowed_architectures is empty
    allowed_platforms is empty
    description is empty
    has_cleanup = false
    required_configs is empty
    required_disk_space = 0
    required_files is empty
    required_memory = 0
    required_programs is empty
    required_user is empty
    timeout = 300

Standard error:
20150728-164029 D 64783 utils/env.cpp:92: Environment variable 'PATH' is '/sbin:/bin:/usr/sbin:/usr/bin:/usr/local/sbin:/usr/local/bin:/root/bin'
20150728-164029 D 64783 utils/env.cpp:89: Environment variable '__UNDEFINED_VARIABLE__' is not defined
===> local/kyua/utils/env_test:getenv_with_default
Result: passed
Duration: 0.075s

Metadata:
    allowed_architectures is empty
    allowed_platforms is empty
    description is empty
    has_cleanup = false
    required_configs is empty
    required_disk_space = 0
    required_files is empty
    required_memory = 0
    required_programs is empty
    required_user is empty
    timeout = 300

Standard error:
20150728-164029 D 64785 utils/env.cpp:114: Environment variable 'PATH' is '/sbin:/bin:/usr/sbin:/usr/bin:/usr/local/sbin:/usr/local/bin:/root/bin'
20150728-164029 D 64785 utils/env.cpp:111: Environment variable '__UNDEFINED_VARIABLE__' is not defined; using default 'foo'
===> local/kyua/utils/env_test:setenv
Result: passed
Duration: 0.037s

Metadata:
    allowed_architectures is empty
    allowed_platforms is empty
    description is empty
    has_cleanup = false
    required_configs is empty
    required_disk_space = 0
    required_files is empty
    required_memory = 0
    required_programs is empty
    required_user is empty
    timeout = 300

Standard error:
20150728-164029 D 64787 utils/env.cpp:92: Environment variable 'PATH' is '/sbin:/bin:/usr/sbin:/usr/bin:/usr/local/sbin:/usr/local/bin:/root/bin'
20150728-164029 D 64787 utils/env.cpp:92: Environment variable 'PATH' is '/sbin:/bin:/usr/sbin:/usr/bin:/usr/local/sbin:/usr/local/bin:/root/bin'
20150728-164029 D 64787 utils/env.cpp:152: Setting environment variable 'PATH' to 'foo-bar'
20150728-164029 D 64787 utils/env.cpp:92: Environment variable 'PATH' is 'foo-bar'
20150728-164029 D 64787 utils/env.cpp:92: Environment variable 'PATH' is 'foo-bar'
20150728-164029 D 64787 utils/env.cpp:89: Environment variable '__UNDEFINED_VARIABLE__' is not defined
20150728-164029 D 64787 utils/env.cpp:152: Setting environment variable '__UNDEFINED_VARIABLE__' to 'foo2-bar2'
20150728-164029 D 64787 utils/env.cpp:92: Environment variable '__UNDEFINED_VARIABLE__' is 'foo2-bar2'
===> local/kyua/utils/env_test:unsetenv
Result: passed
Duration: 0.111s

Metadata:
    allowed_architectures is empty
    allowed_platforms is empty
    description is empty
    has_cleanup = false
    required_configs is empty
    required_disk_space = 0
    required_files is empty
    required_memory = 0
    required_programs is empty
    required_user is empty
    timeout = 300

Standard error:
20150728-164029 D 64789 utils/env.cpp:92: Environment variable 'PATH' is '/sbin:/bin:/usr/sbin:/usr/bin:/usr/local/sbin:/usr/local/bin:/root/bin'
20150728-164029 D 64789 utils/env.cpp:182: Unsetting environment variable 'PATH'
20150728-164029 D 64789 utils/env.cpp:89: Environment variable 'PATH' is not defined
===> local/kyua/utils/format/containers_test:std_map__empty
Result: passed
Duration: 0.215s

Metadata:
    allowed_architectures is empty
    allowed_platforms is empty
    description is empty
    has_cleanup = false
    required_configs is empty
    required_disk_space = 0
    required_files is empty
    required_memory = 0
    required_programs is empty
    required_user is empty
    timeout = 300
===> local/kyua/utils/format/containers_test:std_map__some
Result: passed
Duration: 0.135s

Metadata:
    allowed_architectures is empty
    allowed_platforms is empty
    description is empty
    has_cleanup = false
    required_configs is empty
    required_disk_space = 0
    required_files is empty
    required_memory = 0
    required_programs is empty
    required_user is empty
    timeout = 300
===> local/kyua/utils/format/containers_test:std_set__empty
Result: passed
Duration: 0.280s

Metadata:
    allowed_architectures is empty
    allowed_platforms is empty
    description is empty
    has_cleanup = false
    required_configs is empty
    required_disk_space = 0
    required_files is empty
    required_memory = 0
    required_programs is empty
    required_user is empty
    timeout = 300
===> local/kyua/utils/format/containers_test:std_set__some
Result: passed
Duration: 0.407s

Metadata:
    allowed_architectures is empty
    allowed_platforms is empty
    description is empty
    has_cleanup = false
    required_configs is empty
    required_disk_space = 0
    required_files is empty
    required_memory = 0
    required_programs is empty
    required_user is empty
    timeout = 300
===> local/kyua/utils/format/containers_test:std_shared_ptr__not_null
Result: passed
Duration: 0.251s

Metadata:
    allowed_architectures is empty
    allowed_platforms is empty
    description is empty
    has_cleanup = false
    required_configs is empty
    required_disk_space = 0
    required_files is empty
    required_memory = 0
    required_programs is empty
    required_user is empty
    timeout = 300
===> local/kyua/utils/format/containers_test:std_shared_ptr__null
Result: passed
Duration: 0.656s

Metadata:
    allowed_architectures is empty
    allowed_platforms is empty
    description is empty
    has_cleanup = false
    required_configs is empty
    required_disk_space = 0
    required_files is empty
    required_memory = 0
    required_programs is empty
    required_user is empty
    timeout = 300
===> local/kyua/utils/format/containers_test:std_vector__empty
Result: passed
Duration: 0.744s

Metadata:
    allowed_architectures is empty
    allowed_platforms is empty
    description is empty
    has_cleanup = false
    required_configs is empty
    required_disk_space = 0
    required_files is empty
    required_memory = 0
    required_programs is empty
    required_user is empty
    timeout = 300
===> local/kyua/utils/format/containers_test:std_vector__some
Result: passed
Duration: 0.424s

Metadata:
    allowed_architectures is empty
    allowed_platforms is empty
    description is empty
    has_cleanup = false
    required_configs is empty
    required_disk_space = 0
    required_files is empty
    required_memory = 0
    required_programs is empty
    required_user is empty
    timeout = 300
===> local/kyua/utils/format/exceptions_test:bad_format_error
Result: passed
Duration: 0.550s

Metadata:
    allowed_architectures is empty
    allowed_platforms is empty
    description is empty
    has_cleanup = false
    required_configs is empty
    required_disk_space = 0
    required_files is empty
    required_memory = 0
    required_programs is empty
    required_user is empty
    timeout = 300
===> local/kyua/utils/format/exceptions_test:error
Result: passed
Duration: 0.338s

Metadata:
    allowed_architectures is empty
    allowed_platforms is empty
    description is empty
    has_cleanup = false
    required_configs is empty
    required_disk_space = 0
    required_files is empty
    required_memory = 0
    required_programs is empty
    required_user is empty
    timeout = 300
===> local/kyua/utils/format/exceptions_test:extra_args_error
Result: passed
Duration: 0.414s

Metadata:
    allowed_architectures is empty
    allowed_platforms is empty
    description is empty
    has_cleanup = false
    required_configs is empty
    required_disk_space = 0
    required_files is empty
    required_memory = 0
    required_programs is empty
    required_user is empty
    timeout = 300
===> local/kyua/utils/format/formatter_test:escape
Result: passed
Duration: 0.485s

Metadata:
    allowed_architectures is empty
    allowed_platforms is empty
    description is empty
    has_cleanup = false
    required_configs is empty
    required_disk_space = 0
    required_files is empty
    required_memory = 0
    required_programs is empty
    required_user is empty
    timeout = 300
===> local/kyua/utils/format/formatter_test:extra_args_error
Result: passed
Duration: 0.236s

Metadata:
    allowed_architectures is empty
    allowed_platforms is empty
    description is empty
    has_cleanup = false
    required_configs is empty
    required_disk_space = 0
    required_files is empty
    required_memory = 0
    required_programs is empty
    required_user is empty
    timeout = 300
===> local/kyua/utils/format/formatter_test:format__bool
Result: passed
Duration: 0.146s

Metadata:
    allowed_architectures is empty
    allowed_platforms is empty
    description is empty
    has_cleanup = false
    required_configs is empty
    required_disk_space = 0
    required_files is empty
    required_memory = 0
    required_programs is empty
    required_user is empty
    timeout = 300
===> local/kyua/utils/format/formatter_test:format__char
Result: passed
Duration: 0.373s

Metadata:
    allowed_architectures is empty
    allowed_platforms is empty
    description is empty
    has_cleanup = false
    required_configs is empty
    required_disk_space = 0
    required_files is empty
    required_memory = 0
    required_programs is empty
    required_user is empty
    timeout = 300
===> local/kyua/utils/format/formatter_test:format__class
Result: passed
Duration: 0.142s

Metadata:
    allowed_architectures is empty
    allowed_platforms is empty
    description is empty
    has_cleanup = false
    required_configs is empty
    required_disk_space = 0
    required_files is empty
    required_memory = 0
    required_programs is empty
    required_user is empty
    timeout = 300
===> local/kyua/utils/format/formatter_test:format__error
Result: passed
Duration: 0.098s

Metadata:
    allowed_architectures is empty
    allowed_platforms is empty
    description is empty
    has_cleanup = false
    required_configs is empty
    required_disk_space = 0
    required_files is empty
    required_memory = 0
    required_programs is empty
    required_user is empty
    timeout = 300
===> local/kyua/utils/format/formatter_test:format__float
Result: passed
Duration: 0.129s

Metadata:
    allowed_architectures is empty
    allowed_platforms is empty
    description is empty
    has_cleanup = false
    required_configs is empty
    required_disk_space = 0
    required_files is empty
    required_memory = 0
    required_programs is empty
    required_user is empty
    timeout = 300
===> local/kyua/utils/format/formatter_test:format__int
Result: passed
Duration: 0.924s

Metadata:
    allowed_architectures is empty
    allowed_platforms is empty
    description is empty
    has_cleanup = false
    required_configs is empty
    required_disk_space = 0
    required_files is empty
    required_memory = 0
    required_programs is empty
    required_user is empty
    timeout = 300
===> local/kyua/utils/format/formatter_test:format__pointer
Result: passed
Duration: 0.322s

Metadata:
    allowed_architectures is empty
    allowed_platforms is empty
    description is empty
    has_cleanup = false
    required_configs is empty
    required_disk_space = 0
    required_files is empty
    required_memory = 0
    required_programs is empty
    required_user is empty
    timeout = 300
===> local/kyua/utils/format/formatter_test:many_fields
Result: passed
Duration: 0.165s

Metadata:
    allowed_architectures is empty
    allowed_platforms is empty
    description is empty
    has_cleanup = false
    required_configs is empty
    required_disk_space = 0
    required_files is empty
    required_memory = 0
    required_programs is empty
    required_user is empty
    timeout = 300
===> local/kyua/utils/format/formatter_test:no_fields
Result: passed
Duration: 0.111s

Metadata:
    allowed_architectures is empty
    allowed_platforms is empty
    description is empty
    has_cleanup = false
    required_configs is empty
    required_disk_space = 0
    required_files is empty
    required_memory = 0
    required_programs is empty
    required_user is empty
    timeout = 300
===> local/kyua/utils/format/formatter_test:one_field
Result: passed
Duration: 0.094s

Metadata:
    allowed_architectures is empty
    allowed_platforms is empty
    description is empty
    has_cleanup = false
    required_configs is empty
    required_disk_space = 0
    required_files is empty
    required_memory = 0
    required_programs is empty
    required_user is empty
    timeout = 300
===> local/kyua/utils/fs/auto_cleaners_test:auto_directory__automatic
Result: passed
Duration: 0.088s

Metadata:
    allowed_architectures is empty
    allowed_platforms is empty
    description is empty
    has_cleanup = false
    required_configs is empty
    required_disk_space = 0
    required_files is empty
    required_memory = 0
    required_programs is empty
    required_user is empty
    timeout = 300
===> local/kyua/utils/fs/auto_cleaners_test:auto_directory__explicit
Result: passed
Duration: 0.179s

Metadata:
    allowed_architectures is empty
    allowed_platforms is empty
    description is empty
    has_cleanup = false
    required_configs is empty
    required_disk_space = 0
    required_files is empty
    required_memory = 0
    required_programs is empty
    required_user is empty
    timeout = 300
===> local/kyua/utils/fs/auto_cleaners_test:auto_directory__mkdtemp
Result: passed
Duration: 0.173s

Metadata:
    allowed_architectures is empty
    allowed_platforms is empty
    description is empty
    has_cleanup = false
    required_configs is empty
    required_disk_space = 0
    required_files is empty
    required_memory = 0
    required_programs is empty
    required_user is empty
    timeout = 300

Standard error:
20150728-164114 D 65400 utils/env.cpp:152: Setting environment variable 'TMPDIR' to '/tmp/kyua.atf-tester.swlwiq/tmp'
20150728-164114 D 65400 utils/env.cpp:114: Environment variable 'TMPDIR' is '/tmp/kyua.atf-tester.swlwiq/tmp'
===> local/kyua/utils/fs/auto_cleaners_test:auto_file__automatic
Result: passed
Duration: 0.145s

Metadata:
    allowed_architectures is empty
    allowed_platforms is empty
    description is empty
    has_cleanup = false
    required_configs is empty
    required_disk_space = 0
    required_files is empty
    required_memory = 0
    required_programs is empty
    required_user is empty
    timeout = 300
===> local/kyua/utils/fs/auto_cleaners_test:auto_file__explicit
Result: passed
Duration: 0.203s

Metadata:
    allowed_architectures is empty
    allowed_platforms is empty
    description is empty
    has_cleanup = false
    required_configs is empty
    required_disk_space = 0
    required_files is empty
    required_memory = 0
    required_programs is empty
    required_user is empty
    timeout = 300
===> local/kyua/utils/fs/auto_cleaners_test:auto_file__mkstemp
Result: passed
Duration: 0.148s

Metadata:
    allowed_architectures is empty
    allowed_platforms is empty
    description is empty
    has_cleanup = false
    required_configs is empty
    required_disk_space = 0
    required_files is empty
    required_memory = 0
    required_programs is empty
    required_user is empty
    timeout = 300

Standard error:
20150728-164115 D 65406 utils/env.cpp:152: Setting environment variable 'TMPDIR' to '/tmp/kyua.atf-tester.W4EdmH/tmp'
20150728-164115 D 65406 utils/env.cpp:114: Environment variable 'TMPDIR' is '/tmp/kyua.atf-tester.W4EdmH/tmp'
===> local/kyua/utils/fs/exceptions_test:error
Result: passed
Duration: 0.211s

Metadata:
    allowed_architectures is empty
    allowed_platforms is empty
    description is empty
    has_cleanup = false
    required_configs is empty
    required_disk_space = 0
    required_files is empty
    required_memory = 0
    required_programs is empty
    required_user is empty
    timeout = 300
===> local/kyua/utils/fs/exceptions_test:invalid_path_error
Result: passed
Duration: 0.138s

Metadata:
    allowed_architectures is empty
    allowed_platforms is empty
    description is empty
    has_cleanup = false
    required_configs is empty
    required_disk_space = 0
    required_files is empty
    required_memory = 0
    required_programs is empty
    required_user is empty
    timeout = 300
===> local/kyua/utils/fs/exceptions_test:join_error
Result: passed
Duration: 0.220s

Metadata:
    allowed_architectures is empty
    allowed_platforms is empty
    description is empty
    has_cleanup = false
    required_configs is empty
    required_disk_space = 0
    required_files is empty
    required_memory = 0
    required_programs is empty
    required_user is empty
    timeout = 300
===> local/kyua/utils/fs/exceptions_test:system_error
Result: passed
Duration: 0.325s

Metadata:
    allowed_architectures is empty
    allowed_platforms is empty
    description is empty
    has_cleanup = false
    required_configs is empty
    required_disk_space = 0
    required_files is empty
    required_memory = 0
    required_programs is empty
    required_user is empty
    timeout = 300
===> local/kyua/utils/fs/exceptions_test:unsupported_operation_error
Result: passed
Duration: 0.224s

Metadata:
    allowed_architectures is empty
    allowed_platforms is empty
    description is empty
    has_cleanup = false
    required_configs is empty
    required_disk_space = 0
    required_files is empty
    required_memory = 0
    required_programs is empty
    required_user is empty
    timeout = 300
===> local/kyua/utils/fs/lua_module_test:basename__fail
Result: passed
Duration: 0.209s

Metadata:
    allowed_architectures is empty
    allowed_platforms is empty
    description is empty
    has_cleanup = false
    required_configs is empty
    required_disk_space = 0
    required_files is empty
    required_memory = 0
    required_programs is empty
    required_user is empty
    timeout = 300
===> local/kyua/utils/fs/lua_module_test:basename__ok
Result: passed
Duration: 0.089s

Metadata:
    allowed_architectures is empty
    allowed_platforms is empty
    description is empty
    has_cleanup = false
    required_configs is empty
    required_disk_space = 0
    required_files is empty
    required_memory = 0
    required_programs is empty
    required_user is empty
    timeout = 300
===> local/kyua/utils/fs/lua_module_test:dirname__fail
Result: passed
Duration: 0.110s

Metadata:
    allowed_architectures is empty
    allowed_platforms is empty
    description is empty
    has_cleanup = false
    required_configs is empty
    required_disk_space = 0
    required_files is empty
    required_memory = 0
    required_programs is empty
    required_user is empty
    timeout = 300
===> local/kyua/utils/fs/lua_module_test:dirname__ok
Result: passed
Duration: 0.052s

Metadata:
    allowed_architectures is empty
    allowed_platforms is empty
    description is empty
    has_cleanup = false
    required_configs is empty
    required_disk_space = 0
    required_files is empty
    required_memory = 0
    required_programs is empty
    required_user is empty
    timeout = 300
===> local/kyua/utils/fs/lua_module_test:exists__fail
Result: passed
Duration: 0.108s

Metadata:
    allowed_architectures is empty
    allowed_platforms is empty
    description is empty
    has_cleanup = false
    required_configs is empty
    required_disk_space = 0
    required_files is empty
    required_memory = 0
    required_programs is empty
    required_user is empty
    timeout = 300
===> local/kyua/utils/fs/lua_module_test:exists__ok
Result: passed
Duration: 0.107s

Metadata:
    allowed_architectures is empty
    allowed_platforms is empty
    description is empty
    has_cleanup = false
    required_configs is empty
    required_disk_space = 0
    required_files is empty
    required_memory = 0
    required_programs is empty
    required_user is empty
    timeout = 300
===> local/kyua/utils/fs/lua_module_test:files__fail_arg
Result: passed
Duration: 0.061s

Metadata:
    allowed_architectures is empty
    allowed_platforms is empty
    description is empty
    has_cleanup = false
    required_configs is empty
    required_disk_space = 0
    required_files is empty
    required_memory = 0
    required_programs is empty
    required_user is empty
    timeout = 300
===> local/kyua/utils/fs/lua_module_test:files__fail_opendir
Result: passed
Duration: 0.129s

Metadata:
    allowed_architectures is empty
    allowed_platforms is empty
    description is empty
    has_cleanup = false
    required_configs is empty
    required_disk_space = 0
    required_files is empty
    required_memory = 0
    required_programs is empty
    required_user is empty
    timeout = 300
===> local/kyua/utils/fs/lua_module_test:files__none
Result: passed
Duration: 0.055s

Metadata:
    allowed_architectures is empty
    allowed_platforms is empty
    description is empty
    has_cleanup = false
    required_configs is empty
    required_disk_space = 0
    required_files is empty
    required_memory = 0
    required_programs is empty
    required_user is empty
    timeout = 300
===> local/kyua/utils/fs/lua_module_test:files__some
Result: passed
Duration: 0.363s

Metadata:
    allowed_architectures is empty
    allowed_platforms is empty
    description is empty
    has_cleanup = false
    required_configs is empty
    required_disk_space = 0
    required_files is empty
    required_memory = 0
    required_programs is empty
    required_user is empty
    timeout = 300
===> local/kyua/utils/fs/lua_module_test:is_absolute__fail
Result: passed
Duration: 0.364s

Metadata:
    allowed_architectures is empty
    allowed_platforms is empty
    description is empty
    has_cleanup = false
    required_configs is empty
    required_disk_space = 0
    required_files is empty
    required_memory = 0
    required_programs is empty
    required_user is empty
    timeout = 300
===> local/kyua/utils/fs/lua_module_test:is_absolute__ok
Result: passed
Duration: 0.258s

Metadata:
    allowed_architectures is empty
    allowed_platforms is empty
    description is empty
    has_cleanup = false
    required_configs is empty
    required_disk_space = 0
    required_files is empty
    required_memory = 0
    required_programs is empty
    required_user is empty
    timeout = 300
===> local/kyua/utils/fs/lua_module_test:join__fail
Result: passed
Duration: 0.413s

Metadata:
    allowed_architectures is empty
    allowed_platforms is empty
    description is empty
    has_cleanup = false
    required_configs is empty
    required_disk_space = 0
    required_files is empty
    required_memory = 0
    required_programs is empty
    required_user is empty
    timeout = 300
===> local/kyua/utils/fs/lua_module_test:join__ok
Result: passed
Duration: 0.288s

Metadata:
    allowed_architectures is empty
    allowed_platforms is empty
    description is empty
    has_cleanup = false
    required_configs is empty
    required_disk_space = 0
    required_files is empty
    required_memory = 0
    required_programs is empty
    required_user is empty
    timeout = 300
===> local/kyua/utils/fs/lua_module_test:open_fs
Result: passed
Duration: 0.222s

Metadata:
    allowed_architectures is empty
    allowed_platforms is empty
    description is empty
    has_cleanup = false
    required_configs is empty
    required_disk_space = 0
    required_files is empty
    required_memory = 0
    required_programs is empty
    required_user is empty
    timeout = 300
===> local/kyua/utils/fs/operations_test:copy__fail_create
Result: passed
Duration: 0.198s

Metadata:
    allowed_architectures is empty
    allowed_platforms is empty
    description is empty
    has_cleanup = false
    required_configs is empty
    required_disk_space = 0
    required_files is empty
    required_memory = 0
    required_programs is empty
    required_user = unprivileged
    timeout = 300
===> local/kyua/utils/fs/operations_test:copy__fail_open
Result: passed
Duration: 0.031s

Metadata:
    allowed_architectures is empty
    allowed_platforms is empty
    description is empty
    has_cleanup = false
    required_configs is empty
    required_disk_space = 0
    required_files is empty
    required_memory = 0
    required_programs is empty
    required_user is empty
    timeout = 300
===> local/kyua/utils/fs/operations_test:copy__ok
Result: passed
Duration: 0.052s

Metadata:
    allowed_architectures is empty
    allowed_platforms is empty
    description is empty
    has_cleanup = false
    required_configs is empty
    required_disk_space = 0
    required_files is empty
    required_memory = 0
    required_programs is empty
    required_user is empty
    timeout = 300
===> local/kyua/utils/fs/operations_test:current_path__enoent
Result: passed
Duration: 0.069s

Metadata:
    allowed_architectures is empty
    allowed_platforms is empty
    description is empty
    has_cleanup = false
    required_configs is empty
    required_disk_space = 0
    required_files is empty
    required_memory = 0
    required_programs is empty
    required_user is empty
    timeout = 300
===> local/kyua/utils/fs/operations_test:current_path__ok
Result: passed
Duration: 0.090s

Metadata:
    allowed_architectures is empty
    allowed_platforms is empty
    description is empty
    has_cleanup = false
    required_configs is empty
    required_disk_space = 0
    required_files is empty
    required_memory = 0
    required_programs is empty
    required_user is empty
    timeout = 300
===> local/kyua/utils/fs/operations_test:exists
Result: passed
Duration: 0.065s

Metadata:
    allowed_architectures is empty
    allowed_platforms is empty
    description is empty
    has_cleanup = false
    required_configs is empty
    required_disk_space = 0
    required_files is empty
    required_memory = 0
    required_programs is empty
    required_user is empty
    timeout = 300
===> local/kyua/utils/fs/operations_test:find_in_path__always_absolute
Result: passed
Duration: 0.050s

Metadata:
    allowed_architectures is empty
    allowed_platforms is empty
    description is empty
    has_cleanup = false
    required_configs is empty
    required_disk_space = 0
    required_files is empty
    required_memory = 0
    required_programs is empty
    required_user is empty
    timeout = 300

Standard error:
20150728-164120 D 65466 utils/env.cpp:152: Setting environment variable 'PATH' to 'my-bin'
20150728-164120 D 65466 utils/env.cpp:92: Environment variable 'PATH' is 'my-bin'
20150728-164120 D 65466 utils/env.cpp:92: Environment variable 'PATH' is 'my-bin'
===> local/kyua/utils/fs/operations_test:find_in_path__current_directory
Result: passed
Duration: 0.111s

Metadata:
    allowed_architectures is empty
    allowed_platforms is empty
    description is empty
    has_cleanup = false
    required_configs is empty
    required_disk_space = 0
    required_files is empty
    required_memory = 0
    required_programs is empty
    required_user is empty
    timeout = 300

Standard error:
20150728-164120 D 65468 utils/env.cpp:152: Setting environment variable 'PATH' to 'bin:'
20150728-164120 D 65468 utils/env.cpp:92: Environment variable 'PATH' is 'bin:'
20150728-164120 D 65468 utils/env.cpp:92: Environment variable 'PATH' is 'bin:'
===> local/kyua/utils/fs/operations_test:find_in_path__empty_path
Result: passed
Duration: 0.051s

Metadata:
    allowed_architectures is empty
    allowed_platforms is empty
    description is empty
    has_cleanup = false
    required_configs is empty
    required_disk_space = 0
    required_files is empty
    required_memory = 0
    required_programs is empty
    required_user is empty
    timeout = 300

Standard error:
20150728-164120 D 65470 utils/env.cpp:152: Setting environment variable 'PATH' to ''
20150728-164120 D 65470 utils/env.cpp:92: Environment variable 'PATH' is ''
20150728-164120 D 65470 utils/env.cpp:92: Environment variable 'PATH' is ''
===> local/kyua/utils/fs/operations_test:find_in_path__many_components
Result: passed
Duration: 0.097s

Metadata:
    allowed_architectures is empty
    allowed_platforms is empty
    description is empty
    has_cleanup = false
    required_configs is empty
    required_disk_space = 0
    required_files is empty
    required_memory = 0
    required_programs is empty
    required_user is empty
    timeout = 300

Standard error:
20150728-164120 D 65472 utils/env.cpp:152: Setting environment variable 'PATH' to '/tmp/kyua.atf-tester.DVvf3i/dir1:/tmp/kyua.atf-tester.DVvf3i/dir2'
20150728-164120 D 65472 utils/env.cpp:92: Environment variable 'PATH' is '/tmp/kyua.atf-tester.DVvf3i/dir1:/tmp/kyua.atf-tester.DVvf3i/dir2'
20150728-164120 D 65472 utils/env.cpp:92: Environment variable 'PATH' is '/tmp/kyua.atf-tester.DVvf3i/dir1:/tmp/kyua.atf-tester.DVvf3i/dir2'
20150728-164120 D 65472 utils/env.cpp:92: Environment variable 'PATH' is '/tmp/kyua.atf-tester.DVvf3i/dir1:/tmp/kyua.atf-tester.DVvf3i/dir2'
===> local/kyua/utils/fs/operations_test:find_in_path__no_path
Result: passed
Duration: 0.094s

Metadata:
    allowed_architectures is empty
    allowed_platforms is empty
    description is empty
    has_cleanup = false
    required_configs is empty
    required_disk_space = 0
    required_files is empty
    required_memory = 0
    required_programs is empty
    required_user is empty
    timeout = 300

Standard error:
20150728-164120 D 65474 utils/env.cpp:182: Unsetting environment variable 'PATH'
20150728-164120 D 65474 utils/env.cpp:89: Environment variable 'PATH' is not defined
20150728-164120 D 65474 utils/env.cpp:89: Environment variable 'PATH' is not defined
===> local/kyua/utils/fs/operations_test:find_in_path__one_component
Result: passed
Duration: 0.068s

Metadata:
    allowed_architectures is empty
    allowed_platforms is empty
    description is empty
    has_cleanup = false
    required_configs is empty
    required_disk_space = 0
    required_files is empty
    required_memory = 0
    required_programs is empty
    required_user is empty
    timeout = 300

Standard error:
20150728-164120 D 65476 utils/env.cpp:152: Setting environment variable 'PATH' to '/tmp/kyua.atf-tester.GB2mFX/bin'
20150728-164120 D 65476 utils/env.cpp:92: Environment variable 'PATH' is '/tmp/kyua.atf-tester.GB2mFX/bin'
20150728-164120 D 65476 utils/env.cpp:92: Environment variable 'PATH' is '/tmp/kyua.atf-tester.GB2mFX/bin'
===> local/kyua/utils/fs/operations_test:free_disk_space__fail
Result: passed
Duration: 0.038s

Metadata:
    allowed_architectures is empty
    allowed_platforms is empty
    description is empty
    has_cleanup = false
    required_configs is empty
    required_disk_space = 0
    required_files is empty
    required_memory = 0
    required_programs is empty
    required_user is empty
    timeout = 300
===> local/kyua/utils/fs/operations_test:free_disk_space__ok__real
Result: passed
Duration: 0.098s

Metadata:
    allowed_architectures is empty
    allowed_platforms is empty
    description is empty
    has_cleanup = false
    required_configs is empty
    required_disk_space = 0
    required_files is empty
    required_memory = 0
    required_programs is empty
    required_user = root
    timeout = 300
===> local/kyua/utils/fs/operations_test:free_disk_space__ok__smoke
Result: passed
Duration: 0.035s

Metadata:
    allowed_architectures is empty
    allowed_platforms is empty
    description is empty
    has_cleanup = false
    required_configs is empty
    required_disk_space = 0
    required_files is empty
    required_memory = 0
    required_programs is empty
    required_user is empty
    timeout = 300
===> local/kyua/utils/fs/operations_test:is_directory__fail
Result: passed
Duration: 0.062s

Metadata:
    allowed_architectures is empty
    allowed_platforms is empty
    description is empty
    has_cleanup = false
    required_configs is empty
    required_disk_space = 0
    required_files is empty
    required_memory = 0
    required_programs is empty
    required_user = unprivileged
    timeout = 300
===> local/kyua/utils/fs/operations_test:is_directory__ok
Result: passed
Duration: 0.103s

Metadata:
    allowed_architectures is empty
    allowed_platforms is empty
    description is empty
    has_cleanup = false
    required_configs is empty
    required_disk_space = 0
    required_files is empty
    required_memory = 0
    required_programs is empty
    required_user is empty
    timeout = 300
===> local/kyua/utils/fs/operations_test:mkdir__enoent
Result: passed
Duration: 0.034s

Metadata:
    allowed_architectures is empty
    allowed_platforms is empty
    description is empty
    has_cleanup = false
    required_configs is empty
    required_disk_space = 0
    required_files is empty
    required_memory = 0
    required_programs is empty
    required_user is empty
    timeout = 300
===> local/kyua/utils/fs/operations_test:mkdir__ok
Result: passed
Duration: 0.209s

Metadata:
    allowed_architectures is empty
    allowed_platforms is empty
    description is empty
    has_cleanup = false
    required_configs is empty
    required_disk_space = 0
    required_files is empty
    required_memory = 0
    required_programs is empty
    required_user is empty
    timeout = 300
===> local/kyua/utils/fs/operations_test:mkdir_p__already_exists
Result: passed
Duration: 0.149s

Metadata:
    allowed_architectures is empty
    allowed_platforms is empty
    description is empty
    has_cleanup = false
    required_configs is empty
    required_disk_space = 0
    required_files is empty
    required_memory = 0
    required_programs is empty
    required_user is empty
    timeout = 300
===> local/kyua/utils/fs/operations_test:mkdir_p__eacces
Result: passed
Duration: 0.082s

Metadata:
    allowed_architectures is empty
    allowed_platforms is empty
    description is empty
    has_cleanup = false
    required_configs is empty
    required_disk_space = 0
    required_files is empty
    required_memory = 0
    required_programs is empty
    required_user = unprivileged
    timeout = 300
===> local/kyua/utils/fs/operations_test:mkdir_p__many_components
Result: passed
Duration: 0.120s

Metadata:
    allowed_architectures is empty
    allowed_platforms is empty
    description is empty
    has_cleanup = false
    required_configs is empty
    required_disk_space = 0
    required_files is empty
    required_memory = 0
    required_programs is empty
    required_user is empty
    timeout = 300
===> local/kyua/utils/fs/operations_test:mkdir_p__one_component
Result: passed
Duration: 0.056s

Metadata:
    allowed_architectures is empty
    allowed_platforms is empty
    description is empty
    has_cleanup = false
    required_configs is empty
    required_disk_space = 0
    required_files is empty
    required_memory = 0
    required_programs is empty
    required_user is empty
    timeout = 300
===> local/kyua/utils/fs/operations_test:mkdtemp
Result: passed
Duration: 0.132s

Metadata:
    allowed_architectures is empty
    allowed_platforms is empty
    description is empty
    has_cleanup = false
    required_configs is empty
    required_disk_space = 0
    required_files is empty
    required_memory = 0
    required_programs is empty
    required_user is empty
    timeout = 300

Standard error:
20150728-164121 D 65501 utils/env.cpp:152: Setting environment variable 'TMPDIR' to '/tmp/kyua.atf-tester.jnltPQ/tmp'
20150728-164121 D 65501 utils/env.cpp:114: Environment variable 'TMPDIR' is '/tmp/kyua.atf-tester.jnltPQ/tmp'
===> local/kyua/utils/fs/operations_test:mkstemp
Result: passed
Duration: 0.084s

Metadata:
    allowed_architectures is empty
    allowed_platforms is empty
    description is empty
    has_cleanup = false
    required_configs is empty
    required_disk_space = 0
    required_files is empty
    required_memory = 0
    required_programs is empty
    required_user is empty
    timeout = 300

Standard error:
20150728-164121 D 65503 utils/env.cpp:152: Setting environment variable 'TMPDIR' to '/tmp/kyua.atf-tester.VE2Lf3/tmp'
20150728-164121 D 65503 utils/env.cpp:114: Environment variable 'TMPDIR' is '/tmp/kyua.atf-tester.VE2Lf3/tmp'
===> local/kyua/utils/fs/operations_test:mount_tmpfs__fail
Result: passed
Duration: 0.039s

Metadata:
    allowed_architectures is empty
    allowed_platforms is empty
    description is empty
    has_cleanup = false
    required_configs is empty
    required_disk_space = 0
    required_files is empty
    required_memory = 0
    required_programs is empty
    required_user = root
    timeout = 300

Standard error:
mount: /tmp/kyua.atf-tester.Si8ia2/non-existent: No such file or directory
===> local/kyua/utils/fs/operations_test:mount_tmpfs__ok__default_size
Result: passed
Duration: 0.065s

Metadata:
    allowed_architectures is empty
    allowed_platforms is empty
    description is empty
    has_cleanup = false
    required_configs is empty
    required_disk_space = 0
    required_files is empty
    required_memory = 0
    required_programs is empty
    required_user = root
    timeout = 300
===> local/kyua/utils/fs/operations_test:mount_tmpfs__ok__explicit_size
Result: passed
Duration: 0.068s

Metadata:
    allowed_architectures is empty
    allowed_platforms is empty
    description is empty
    has_cleanup = false
    required_configs is empty
    required_disk_space = 0
    required_files is empty
    required_memory = 0
    required_programs is empty
    required_user = root
    timeout = 300
===> local/kyua/utils/fs/operations_test:rm_r__empty
Result: passed
Duration: 0.076s

Metadata:
    allowed_architectures is empty
    allowed_platforms is empty
    description is empty
    has_cleanup = false
    required_configs is empty
    required_disk_space = 0
    required_files is empty
    required_memory = 0
    required_programs is empty
    required_user is empty
    timeout = 300

Standard error:
20150728-164122 D 65514 utils/fs/operations.cpp:668: Removing empty directory root
===> local/kyua/utils/fs/operations_test:rm_r__files_and_directories
Result: passed
Duration: 0.180s

Metadata:
    allowed_architectures is empty
    allowed_platforms is empty
    description is empty
    has_cleanup = false
    required_configs is empty
    required_disk_space = 0
    required_files is empty
    required_memory = 0
    required_programs is empty
    required_user is empty
    timeout = 300

Standard error:
20150728-164122 D 65516 utils/fs/operations.cpp:658: Removing file root/.hidden_file
20150728-164122 D 65516 utils/fs/operations.cpp:655: Descending into root/.hidden_dir
20150728-164122 D 65516 utils/fs/operations.cpp:658: Removing file root/.hidden_dir/a
20150728-164122 D 65516 utils/fs/operations.cpp:668: Removing empty directory root/.hidden_dir
20150728-164122 D 65516 utils/fs/operations.cpp:658: Removing file root/file
20150728-164122 D 65516 utils/fs/operations.cpp:658: Removing file root/with spaces
20150728-164122 D 65516 utils/fs/operations.cpp:655: Descending into root/dir1
20150728-164122 D 65516 utils/fs/operations.cpp:655: Descending into root/dir1/dir2
20150728-164122 D 65516 utils/fs/operations.cpp:658: Removing file root/dir1/dir2/file
20150728-164122 D 65516 utils/fs/operations.cpp:668: Removing empty directory root/dir1/dir2
20150728-164122 D 65516 utils/fs/operations.cpp:655: Descending into root/dir1/dir3
20150728-164122 D 65516 utils/fs/operations.cpp:668: Removing empty directory root/dir1/dir3
20150728-164122 D 65516 utils/fs/operations.cpp:668: Removing empty directory root/dir1
20150728-164122 D 65516 utils/fs/operations.cpp:668: Removing empty directory root
===> local/kyua/utils/fs/operations_test:rmdir__fail
Result: passed
Duration: 0.076s

Metadata:
    allowed_architectures is empty
    allowed_platforms is empty
    description is empty
    has_cleanup = false
    required_configs is empty
    required_disk_space = 0
    required_files is empty
    required_memory = 0
    required_programs is empty
    required_user is empty
    timeout = 300
===> local/kyua/utils/fs/operations_test:rmdir__ok
Result: passed
Duration: 0.066s

Metadata:
    allowed_architectures is empty
    allowed_platforms is empty
    description is empty
    has_cleanup = false
    required_configs is empty
    required_disk_space = 0
    required_files is empty
    required_memory = 0
    required_programs is empty
    required_user is empty
    timeout = 300
===> local/kyua/utils/fs/operations_test:unlink__fail
Result: passed
Duration: 0.047s

Metadata:
    allowed_architectures is empty
    allowed_platforms is empty
    description is empty
    has_cleanup = false
    required_configs is empty
    required_disk_space = 0
    required_files is empty
    required_memory = 0
    required_programs is empty
    required_user is empty
    timeout = 300
===> local/kyua/utils/fs/operations_test:unlink__ok
Result: passed
Duration: 0.058s

Metadata:
    allowed_architectures is empty
    allowed_platforms is empty
    description is empty
    has_cleanup = false
    required_configs is empty
    required_disk_space = 0
    required_files is empty
    required_memory = 0
    required_programs is empty
    required_user is empty
    timeout = 300
===> local/kyua/utils/fs/operations_test:unmount__fail
Result: passed
Duration: 0.035s

Metadata:
    allowed_architectures is empty
    allowed_platforms is empty
    description is empty
    has_cleanup = false
    required_configs is empty
    required_disk_space = 0
    required_files is empty
    required_memory = 0
    required_programs is empty
    required_user = root
    timeout = 300
===> local/kyua/utils/fs/operations_test:unmount__ok
Result: passed
Duration: 0.118s

Metadata:
    allowed_architectures is empty
    allowed_platforms is empty
    description is empty
    has_cleanup = false
    required_configs is empty
    required_disk_space = 0
    required_files is empty
    required_memory = 0
    required_programs is empty
    required_user = root
    timeout = 300
===> local/kyua/utils/fs/path_test:branch_path
Result: passed
Duration: 0.637s

Metadata:
    allowed_architectures is empty
    allowed_platforms is empty
    description is empty
    has_cleanup = false
    required_configs is empty
    required_disk_space = 0
    required_files is empty
    required_memory = 0
    required_programs is empty
    required_user is empty
    timeout = 300
===> local/kyua/utils/fs/path_test:compare_different
Result: passed
Duration: 0.196s

Metadata:
    allowed_architectures is empty
    allowed_platforms is empty
    description is empty
    has_cleanup = false
    required_configs is empty
    required_disk_space = 0
    required_files is empty
    required_memory = 0
    required_programs is empty
    required_user is empty
    timeout = 300
===> local/kyua/utils/fs/path_test:compare_equal
Result: passed
Duration: 0.093s

Metadata:
    allowed_architectures is empty
    allowed_platforms is empty
    description is empty
    has_cleanup = false
    required_configs is empty
    required_disk_space = 0
    required_files is empty
    required_memory = 0
    required_programs is empty
    required_user is empty
    timeout = 300
===> local/kyua/utils/fs/path_test:compare_less_than
Result: passed
Duration: 0.033s

Metadata:
    allowed_architectures is empty
    allowed_platforms is empty
    description is empty
    has_cleanup = false
    required_configs is empty
    required_disk_space = 0
    required_files is empty
    required_memory = 0
    required_programs is empty
    required_user is empty
    timeout = 300
===> local/kyua/utils/fs/path_test:concat__to_path
Result: passed
Duration: 0.165s

Metadata:
    allowed_architectures is empty
    allowed_platforms is empty
    description is empty
    has_cleanup = false
    required_configs is empty
    required_disk_space = 0
    required_files is empty
    required_memory = 0
    required_programs is empty
    required_user is empty
    timeout = 300
===> local/kyua/utils/fs/path_test:concat__to_string
Result: passed
Duration: 0.101s

Metadata:
    allowed_architectures is empty
    allowed_platforms is empty
    description is empty
    has_cleanup = false
    required_configs is empty
    required_disk_space = 0
    required_files is empty
    required_memory = 0
    required_programs is empty
    required_user is empty
    timeout = 300
===> local/kyua/utils/fs/path_test:is_absolute
Result: passed
Duration: 0.097s

Metadata:
    allowed_architectures is empty
    allowed_platforms is empty
    description is empty
    has_cleanup = false
    required_configs is empty
    required_disk_space = 0
    required_files is empty
    required_memory = 0
    required_programs is empty
    required_user is empty
    timeout = 300
===> local/kyua/utils/fs/path_test:is_parent_of
Result: passed
Duration: 0.082s

Metadata:
    allowed_architectures is empty
    allowed_platforms is empty
    description is empty
    has_cleanup = false
    required_configs is empty
    required_disk_space = 0
    required_files is empty
    required_memory = 0
    required_programs is empty
    required_user is empty
    timeout = 300
===> local/kyua/utils/fs/path_test:leaf_name
Result: passed
Duration: 0.069s

Metadata:
    allowed_architectures is empty
    allowed_platforms is empty
    description is empty
    has_cleanup = false
    required_configs is empty
    required_disk_space = 0
    required_files is empty
    required_memory = 0
    required_programs is empty
    required_user is empty
    timeout = 300
===> local/kyua/utils/fs/path_test:ncomponents
Result: passed
Duration: 0.063s

Metadata:
    allowed_architectures is empty
    allowed_platforms is empty
    description is empty
    has_cleanup = false
    required_configs is empty
    required_disk_space = 0
    required_files is empty
    required_memory = 0
    required_programs is empty
    required_user is empty
    timeout = 300
===> local/kyua/utils/fs/path_test:normalize__invalid
Result: passed
Duration: 0.043s

Metadata:
    allowed_architectures is empty
    allowed_platforms is empty
    description is empty
    has_cleanup = false
    required_configs is empty
    required_disk_space = 0
    required_files is empty
    required_memory = 0
    required_programs is empty
    required_user is empty
    timeout = 300
===> local/kyua/utils/fs/path_test:normalize__ok
Result: passed
Duration: 0.081s

Metadata:
    allowed_architectures is empty
    allowed_platforms is empty
    description is empty
    has_cleanup = false
    required_configs is empty
    required_disk_space = 0
    required_files is empty
    required_memory = 0
    required_programs is empty
    required_user is empty
    timeout = 300
===> local/kyua/utils/fs/path_test:to_absolute
Result: passed
Duration: 0.046s

Metadata:
    allowed_architectures is empty
    allowed_platforms is empty
    description is empty
    has_cleanup = false
    required_configs is empty
    required_disk_space = 0
    required_files is empty
    required_memory = 0
    required_programs is empty
    required_user is empty
    timeout = 300
===> local/kyua/utils/fs/path_test:use_as_key
Result: passed
Duration: 0.035s

Metadata:
    allowed_architectures is empty
    allowed_platforms is empty
    description is empty
    has_cleanup = false
    required_configs is empty
    required_disk_space = 0
    required_files is empty
    required_memory = 0
    required_programs is empty
    required_user is empty
    timeout = 300
===> local/kyua/utils/logging/macros_test:ld
Result: passed
Duration: 0.096s

Metadata:
    allowed_architectures is empty
    allowed_platforms is empty
    description is empty
    has_cleanup = false
    required_configs is empty
    required_disk_space = 0
    required_files is empty
    required_memory = 0
    required_programs is empty
    required_user is empty
    timeout = 300
===> local/kyua/utils/logging/macros_test:le
Result: passed
Duration: 0.129s

Metadata:
    allowed_architectures is empty
    allowed_platforms is empty
    description is empty
    has_cleanup = false
    required_configs is empty
    required_disk_space = 0
    required_files is empty
    required_memory = 0
    required_programs is empty
    required_user is empty
    timeout = 300
===> local/kyua/utils/logging/macros_test:li
Result: passed
Duration: 0.140s

Metadata:
    allowed_architectures is empty
    allowed_platforms is empty
    description is empty
    has_cleanup = false
    required_configs is empty
    required_disk_space = 0
    required_files is empty
    required_memory = 0
    required_programs is empty
    required_user is empty
    timeout = 300
===> local/kyua/utils/logging/macros_test:lw
Result: passed
Duration: 0.087s

Metadata:
    allowed_architectures is empty
    allowed_platforms is empty
    description is empty
    has_cleanup = false
    required_configs is empty
    required_disk_space = 0
    required_files is empty
    required_memory = 0
    required_programs is empty
    required_user is empty
    timeout = 300
===> local/kyua/utils/logging/operations_test:generate_log_name__after_log
Result: passed
Duration: 0.097s

Metadata:
    allowed_architectures is empty
    allowed_platforms is empty
    description is empty
    has_cleanup = false
    required_configs is empty
    required_disk_space = 0
    required_files is empty
    required_memory = 0
    required_programs is empty
    required_user is empty
    timeout = 300

Standard error:
20110221-181500 I 65573 file:123: A message
20110221-181501 I 65573 file:123: A message
20110221-181503 I 65573 file:123: A message
===> local/kyua/utils/logging/operations_test:generate_log_name__before_log
Result: passed
Duration: 0.046s

Metadata:
    allowed_architectures is empty
    allowed_platforms is empty
    description is empty
    has_cleanup = false
    required_configs is empty
    required_disk_space = 0
    required_files is empty
    required_memory = 0
    required_programs is empty
    required_user is empty
    timeout = 300

Standard error:
20110221-181001 I 65575 file:123: A message
===> local/kyua/utils/logging/operations_test:log
Result: passed
Duration: 0.039s

Metadata:
    allowed_architectures is empty
    allowed_platforms is empty
    description is empty
    has_cleanup = false
    required_configs is empty
    required_disk_space = 0
    required_files is empty
    required_memory = 0
    required_programs is empty
    required_user is empty
    timeout = 300
===> local/kyua/utils/logging/operations_test:set_persistency__fail
Result: passed
Duration: 0.085s

Metadata:
    allowed_architectures is empty
    allowed_platforms is empty
    description is empty
    has_cleanup = false
    required_configs is empty
    required_disk_space = 0
    required_files is empty
    required_memory = 0
    required_programs is empty
    required_user = unprivileged
    timeout = 300
===> local/kyua/utils/logging/operations_test:set_persistency__no_backlog
Result: passed
Duration: 0.041s

Metadata:
    allowed_architectures is empty
    allowed_platforms is empty
    description is empty
    has_cleanup = false
    required_configs is empty
    required_disk_space = 0
    required_files is empty
    required_memory = 0
    required_programs is empty
    required_user is empty
    timeout = 300
===> local/kyua/utils/logging/operations_test:set_persistency__some_backlog__debug
Result: passed
Duration: 0.040s

Metadata:
    allowed_architectures is empty
    allowed_platforms is empty
    description is empty
    has_cleanup = false
    required_configs is empty
    required_disk_space = 0
    required_files is empty
    required_memory = 0
    required_programs is empty
    required_user is empty
    timeout = 300
===> local/kyua/utils/logging/operations_test:set_persistency__some_backlog__error
Result: passed
Duration: 0.038s

Metadata:
    allowed_architectures is empty
    allowed_platforms is empty
    description is empty
    has_cleanup = false
    required_configs is empty
    required_disk_space = 0
    required_files is empty
    required_memory = 0
    required_programs is empty
    required_user is empty
    timeout = 300
===> local/kyua/utils/logging/operations_test:set_persistency__some_backlog__info
Result: passed
Duration: 0.038s

Metadata:
    allowed_architectures is empty
    allowed_platforms is empty
    description is empty
    has_cleanup = false
    required_configs is empty
    required_disk_space = 0
    required_files is empty
    required_memory = 0
    required_programs is empty
    required_user is empty
    timeout = 300
===> local/kyua/utils/logging/operations_test:set_persistency__some_backlog__warning
Result: passed
Duration: 0.067s

Metadata:
    allowed_architectures is empty
    allowed_platforms is empty
    description is empty
    has_cleanup = false
    required_configs is empty
    required_disk_space = 0
    required_files is empty
    required_memory = 0
    required_programs is empty
    required_user is empty
    timeout = 300
===> local/kyua/utils/memory_test:physical_memory
Result: passed
Duration: 0.107s

Metadata:
    allowed_architectures is empty
    allowed_platforms is empty
    description is empty
    has_cleanup = false
    required_configs is empty
    required_disk_space = 0
    required_files is empty
    required_memory = 0
    required_programs is empty
    required_user is empty
    timeout = 300

Standard error:
20150728-164030 I 64793 utils/memory.cpp:160: Physical memory as returned by query type 'sysctlbyname': 1991647232
===> local/kyua/utils/optional_test:assign
Result: passed
Duration: 0.068s

Metadata:
    allowed_architectures is empty
    allowed_platforms is empty
    description is empty
    has_cleanup = false
    required_configs is empty
    required_disk_space = 0
    required_files is empty
    required_memory = 0
    required_programs is empty
    required_user is empty
    timeout = 300
===> local/kyua/utils/optional_test:ctors__complex_type
Result: passed
Duration: 0.031s

Metadata:
    allowed_architectures is empty
    allowed_platforms is empty
    description is empty
    has_cleanup = false
    required_configs is empty
    required_disk_space = 0
    required_files is empty
    required_memory = 0
    required_programs is empty
    required_user is empty
    timeout = 300
===> local/kyua/utils/optional_test:ctors__native_type
Result: passed
Duration: 0.030s

Metadata:
    allowed_architectures is empty
    allowed_platforms is empty
    description is empty
    has_cleanup = false
    required_configs is empty
    required_disk_space = 0
    required_files is empty
    required_memory = 0
    required_programs is empty
    required_user is empty
    timeout = 300
===> local/kyua/utils/optional_test:get_default
Result: passed
Duration: 0.030s

Metadata:
    allowed_architectures is empty
    allowed_platforms is empty
    description is empty
    has_cleanup = false
    required_configs is empty
    required_disk_space = 0
    required_files is empty
    required_memory = 0
    required_programs is empty
    required_user is empty
    timeout = 300
===> local/kyua/utils/optional_test:make_optional
Result: passed
Duration: 0.028s

Metadata:
    allowed_architectures is empty
    allowed_platforms is empty
    description is empty
    has_cleanup = false
    required_configs is empty
    required_disk_space = 0
    required_files is empty
    required_memory = 0
    required_programs is empty
    required_user is empty
    timeout = 300
===> local/kyua/utils/optional_test:memory
Result: passed
Duration: 0.042s

Metadata:
    allowed_architectures is empty
    allowed_platforms is empty
    description is empty
    has_cleanup = false
    required_configs is empty
    required_disk_space = 0
    required_files is empty
    required_memory = 0
    required_programs is empty
    required_user is empty
    timeout = 300

Standard output:
test_alloc::operator new called
test_alloc::operator new called
test_alloc::operator new called
test_alloc::operator delete called
test_alloc::operator delete called
test_alloc::operator delete called
===> local/kyua/utils/optional_test:operators_eq_and_ne
Result: passed
Duration: 0.031s

Metadata:
    allowed_architectures is empty
    allowed_platforms is empty
    description is empty
    has_cleanup = false
    required_configs is empty
    required_disk_space = 0
    required_files is empty
    required_memory = 0
    required_programs is empty
    required_user is empty
    timeout = 300
===> local/kyua/utils/optional_test:output
Result: passed
Duration: 0.030s

Metadata:
    allowed_architectures is empty
    allowed_platforms is empty
    description is empty
    has_cleanup = false
    required_configs is empty
    required_disk_space = 0
    required_files is empty
    required_memory = 0
    required_programs is empty
    required_user is empty
    timeout = 300
===> local/kyua/utils/optional_test:return
Result: passed
Duration: 0.028s

Metadata:
    allowed_architectures is empty
    allowed_platforms is empty
    description is empty
    has_cleanup = false
    required_configs is empty
    required_disk_space = 0
    required_files is empty
    required_memory = 0
    required_programs is empty
    required_user is empty
    timeout = 300
===> local/kyua/utils/passwd_test:current_user
Result: passed
Duration: 0.141s

Metadata:
    allowed_architectures is empty
    allowed_platforms is empty
    description is empty
    has_cleanup = false
    required_configs is empty
    required_disk_space = 0
    required_files is empty
    required_memory = 0
    required_programs is empty
    required_user is empty
    timeout = 300

Standard error:
20150728-164030 D 64817 utils/passwd.cpp:110: Current user is: name=root, uid=0, gid=0
===> local/kyua/utils/passwd_test:current_user__fake
Result: passed
Duration: 0.110s

Metadata:
    allowed_architectures is empty
    allowed_platforms is empty
    description is empty
    has_cleanup = false
    required_configs is empty
    required_disk_space = 0
    required_files is empty
    required_memory = 0
    required_programs is empty
    required_user is empty
    timeout = 300

Standard error:
20150728-164030 D 64819 utils/passwd.cpp:106: Current user is fake: name=someone-else, uid=1, gid=0
===> local/kyua/utils/passwd_test:find_user_by_name__fail
Result: passed
Duration: 0.062s

Metadata:
    allowed_architectures is empty
    allowed_platforms is empty
    description is empty
    has_cleanup = false
    required_configs is empty
    required_disk_space = 0
    required_files is empty
    required_memory = 0
    required_programs is empty
    required_user is empty
    timeout = 300
===> local/kyua/utils/passwd_test:find_user_by_name__fake
Result: passed
Duration: 0.072s

Metadata:
    allowed_architectures is empty
    allowed_platforms is empty
    description is empty
    has_cleanup = false
    required_configs is empty
    required_disk_space = 0
    required_files is empty
    required_memory = 0
    required_programs is empty
    required_user is empty
    timeout = 300
===> local/kyua/utils/passwd_test:find_user_by_name__ok
Result: passed
Duration: 0.146s

Metadata:
    allowed_architectures is empty
    allowed_platforms is empty
    description is empty
    has_cleanup = false
    required_configs is empty
    required_disk_space = 0
    required_files is empty
    required_memory = 0
    required_programs is empty
    required_user is empty
    timeout = 300
===> local/kyua/utils/passwd_test:find_user_by_uid__fake
Result: passed
Duration: 0.041s

Metadata:
    allowed_architectures is empty
    allowed_platforms is empty
    description is empty
    has_cleanup = false
    required_configs is empty
    required_disk_space = 0
    required_files is empty
    required_memory = 0
    required_programs is empty
    required_user is empty
    timeout = 300
===> local/kyua/utils/passwd_test:find_user_by_uid__ok
Result: passed
Duration: 0.063s

Metadata:
    allowed_architectures is empty
    allowed_platforms is empty
    description is empty
    has_cleanup = false
    required_configs is empty
    required_disk_space = 0
    required_files is empty
    required_memory = 0
    required_programs is empty
    required_user is empty
    timeout = 300
===> local/kyua/utils/passwd_test:user__is_root__false
Result: passed
Duration: 0.304s

Metadata:
    allowed_architectures is empty
    allowed_platforms is empty
    description is empty
    has_cleanup = false
    required_configs is empty
    required_disk_space = 0
    required_files is empty
    required_memory = 0
    required_programs is empty
    required_user is empty
    timeout = 300
===> local/kyua/utils/passwd_test:user__is_root__true
Result: passed
Duration: 0.404s

Metadata:
    allowed_architectures is empty
    allowed_platforms is empty
    description is empty
    has_cleanup = false
    required_configs is empty
    required_disk_space = 0
    required_files is empty
    required_memory = 0
    required_programs is empty
    required_user is empty
    timeout = 300
===> local/kyua/utils/passwd_test:user__public_fields
Result: passed
Duration: 0.181s

Metadata:
    allowed_architectures is empty
    allowed_platforms is empty
    description is empty
    has_cleanup = false
    required_configs is empty
    required_disk_space = 0
    required_files is empty
    required_memory = 0
    required_programs is empty
    required_user is empty
    timeout = 300
===> local/kyua/utils/process/child_test:child__fork_capture__fork_cannot_exit
Result: passed
Duration: 1.602s

Metadata:
    allowed_architectures is empty
    allowed_platforms is empty
    description is empty
    has_cleanup = false
    required_configs is empty
    required_disk_space = 0
    required_files is empty
    required_memory = 0
    required_programs is empty
    required_user is empty
    timeout = 300

Standard error:
20150728-164125 D 65593 utils/process/child.cpp:289: Spawned process 65594: stdout and stderr inherited
20150728-164125 D 65593 utils/process/child.cpp:145: Waiting for pid=65594
===> local/kyua/utils/process/child_test:child__fork_capture__fork_cannot_unwind
Result: passed
Duration: 2.858s

Metadata:
    allowed_architectures is empty
    allowed_platforms is empty
    description is empty
    has_cleanup = false
    required_configs is empty
    required_disk_space = 0
    required_files is empty
    required_memory = 0
    required_programs is empty
    required_user is empty
    timeout = 300

Standard error:
20150728-164127 D 65596 utils/process/child.cpp:289: Spawned process 65597: stdout and stderr inherited
20150728-164127 D 65596 utils/process/child.cpp:145: Waiting for pid=65597
===> local/kyua/utils/process/child_test:child__fork_capture__fork_fail
Result: passed
Duration: 0.081s

Metadata:
    allowed_architectures is empty
    allowed_platforms is empty
    description is empty
    has_cleanup = false
    required_configs is empty
    required_disk_space = 0
    required_files is empty
    required_memory = 0
    required_programs is empty
    required_user is empty
    timeout = 300

Standard output:
Looking for 'fork.*failed' in 'fork(2) failed: Bad message'
===> local/kyua/utils/process/child_test:child__fork_capture__ok_function
Result: passed
Duration: 0.096s

Metadata:
    allowed_architectures is empty
    allowed_platforms is empty
    description is empty
    has_cleanup = false
    required_configs is empty
    required_disk_space = 0
    required_files is empty
    required_memory = 0
    required_programs is empty
    required_user is empty
    timeout = 300

Standard output:
This unflushed message should not propagate to the child

Standard error:
This unflushed message should not propagate to the child20150728-164130 D 65601 utils/process/child.cpp:289: Spawned process 65602: stdout and stderr inherited

20150728-164130 D 65601 utils/process/child.cpp:145: Waiting for pid=65602
===> local/kyua/utils/process/child_test:child__fork_capture__ok_functor
Result: passed
Duration: 0.117s

Metadata:
    allowed_architectures is empty
    allowed_platforms is empty
    description is empty
    has_cleanup = false
    required_configs is empty
    required_disk_space = 0
    required_files is empty
    required_memory = 0
    required_programs is empty
    required_user is empty
    timeout = 300

Standard output:
This unflushed message should not propagate to the child

Standard error:
This unflushed message should not propagate to the child20150728-164130 D 65604 utils/process/child.cpp:289: Spawned process 65605: stdout and stderr inherited

20150728-164130 D 65604 utils/process/child.cpp:145: Waiting for pid=65605
===> local/kyua/utils/process/child_test:child__fork_capture__pipe_fail
Result: passed
Duration: 0.040s

Metadata:
    allowed_architectures is empty
    allowed_platforms is empty
    description is empty
    has_cleanup = false
    required_configs is empty
    required_disk_space = 0
    required_files is empty
    required_memory = 0
    required_programs is empty
    required_user is empty
    timeout = 300

Standard output:
Looking for 'pipe.*failed' in 'pipe(2) failed: Too many open files in system'
===> local/kyua/utils/process/child_test:child__fork_files__create_stderr_fail
Result: passed
Duration: 0.937s

Metadata:
    allowed_architectures is empty
    allowed_platforms is empty
    description is empty
    has_cleanup = false
    required_configs is empty
    required_disk_space = 0
    required_files is empty
    required_memory = 0
    required_programs is empty
    required_user is empty
    timeout = 300

Standard error:
20150728-164130 D 65609 utils/process/child.cpp:350: Spawned process 65610: stdout=created, stderr=raise-error
20150728-164130 D 65609 utils/process/child.cpp:145: Waiting for pid=65610
Failed to set up subprocess: Failed to create raise-error because open(2) failed: No such file or directory
===> local/kyua/utils/process/child_test:child__fork_files__create_stdout_fail
Result: passed
Duration: 0.739s

Metadata:
    allowed_architectures is empty
    allowed_platforms is empty
    description is empty
    has_cleanup = false
    required_configs is empty
    required_disk_space = 0
    required_files is empty
    required_memory = 0
    required_programs is empty
    required_user is empty
    timeout = 300

Standard error:
Failed to set up subprocess: Failed to create raise-error because open(2) failed: No such file or directory
20150728-164131 D 65612 utils/process/child.cpp:350: Spawned process 65613: stdout=raise-error, stderr=created
20150728-164131 D 65612 utils/process/child.cpp:145: Waiting for pid=65613
===> local/kyua/utils/process/child_test:child__fork_files__fork_cannot_exit
Result: passed
Duration: 1.454s

Metadata:
    allowed_architectures is empty
    allowed_platforms is empty
    description is empty
    has_cleanup = false
    required_configs is empty
    required_disk_space = 0
    required_files is empty
    required_memory = 0
    required_programs is empty
    required_user is empty
    timeout = 300

Standard error:
20150728-164132 D 65615 utils/process/child.cpp:350: Spawned process 65616: stdout=out, stderr=err
20150728-164132 D 65615 utils/process/child.cpp:145: Waiting for pid=65616
===> local/kyua/utils/process/child_test:child__fork_files__fork_cannot_unwind
Result: passed
Duration: 0.684s

Metadata:
    allowed_architectures is empty
    allowed_platforms is empty
    description is empty
    has_cleanup = false
    required_configs is empty
    required_disk_space = 0
    required_files is empty
    required_memory = 0
    required_programs is empty
    required_user is empty
    timeout = 300

Standard error:
20150728-164133 D 65618 utils/process/child.cpp:350: Spawned process 65619: stdout=out, stderr=err
20150728-164133 D 65618 utils/process/child.cpp:145: Waiting for pid=65619
===> local/kyua/utils/process/child_test:child__fork_files__fork_fail
Result: passed
Duration: 0.036s

Metadata:
    allowed_architectures is empty
    allowed_platforms is empty
    description is empty
    has_cleanup = false
    required_configs is empty
    required_disk_space = 0
    required_files is empty
    required_memory = 0
    required_programs is empty
    required_user is empty
    timeout = 300

Standard output:
Looking for 'fork.*failed' in 'fork(2) failed: Unknown error: 1234'
===> local/kyua/utils/process/child_test:child__fork_files__inherit_stderr
Result: passed
Duration: 0.049s

Metadata:
    allowed_architectures is empty
    allowed_platforms is empty
    description is empty
    has_cleanup = false
    required_configs is empty
    required_disk_space = 0
    required_files is empty
    required_memory = 0
    required_programs is empty
    required_user is empty
    timeout = 300

Standard output:
Looking for 'stdout: Z' in 'To stdout: Z'
Looking for 'stderr: Z' in 'To stderr: Z'
===> local/kyua/utils/process/child_test:child__fork_files__inherit_stdout
Result: passed
Duration: 0.042s

Metadata:
    allowed_architectures is empty
    allowed_platforms is empty
    description is empty
    has_cleanup = false
    required_configs is empty
    required_disk_space = 0
    required_files is empty
    required_memory = 0
    required_programs is empty
    required_user is empty
    timeout = 300

Standard output:
Looking for 'stdout: Z' in 'To stdout: Z'
Looking for 'stderr: Z' in 'To stderr: Z'
===> local/kyua/utils/process/child_test:child__fork_files__ok_function
Result: passed
Duration: 0.046s

Metadata:
    allowed_architectures is empty
    allowed_platforms is empty
    description is empty
    has_cleanup = false
    required_configs is empty
    required_disk_space = 0
    required_files is empty
    required_memory = 0
    required_programs is empty
    required_user is empty
    timeout = 300

Standard output:
Looking for '^To stdout: Z$' in 'To stdout: Z'
Looking for '^To stdout: Z$' in 'To stderr: Z'
Looking for '^To stderr: Z$' in 'To stderr: Z'
Looking for '^To stderr: Z$' in 'To stdout: Z'

Standard error:
20150728-164134 D 65631 utils/process/child.cpp:350: Spawned process 65632: stdout=file1.txt, stderr=file2.txt
20150728-164134 D 65631 utils/process/child.cpp:145: Waiting for pid=65632
===> local/kyua/utils/process/child_test:child__fork_files__ok_functor
Result: passed
Duration: 0.056s

Metadata:
    allowed_architectures is empty
    allowed_platforms is empty
    description is empty
    has_cleanup = false
    required_configs is empty
    required_disk_space = 0
    required_files is empty
    required_memory = 0
    required_programs is empty
    required_user is empty
    timeout = 300

Standard output:
Looking for '^Initial stdout$' in 'Initial stdout'
Looking for '^Initial stdout$' in 'Initial stderr'
Looking for '^Initial stdout$' in 'To stderr: a functor'
Looking for '^To stdout: a functor$' in 'Initial stdout'
Looking for '^To stdout: a functor$' in 'To stdout: a functor'
Looking for '^To stdout: a functor$' in 'Initial stderr'
Looking for '^To stdout: a functor$' in 'To stderr: a functor'
Looking for '^Initial stderr$' in 'Initial stderr'
Looking for '^Initial stderr$' in 'Initial stdout'
Looking for '^Initial stderr$' in 'To stdout: a functor'
Looking for '^To stderr: a functor$' in 'Initial stderr'
Looking for '^To stderr: a functor$' in 'To stderr: a functor'
Looking for '^To stderr: a functor$' in 'Initial stdout'
Looking for '^To stderr: a functor$' in 'To stdout: a functor'

Standard error:
20150728-164134 D 65634 utils/process/child.cpp:350: Spawned process 65635: stdout=fileA.txt, stderr=fileB.txt
20150728-164134 D 65634 utils/process/child.cpp:145: Waiting for pid=65635
===> local/kyua/utils/process/child_test:child__pid
Result: passed
Duration: 0.052s

Metadata:
    allowed_architectures is empty
    allowed_platforms is empty
    description is empty
    has_cleanup = false
    required_configs is empty
    required_disk_space = 0
    required_files is empty
    required_memory = 0
    required_programs is empty
    required_user is empty
    timeout = 300

Standard error:
20150728-164134 D 65637 utils/process/child.cpp:289: Spawned process 65638: stdout and stderr inherited
20150728-164134 D 65637 utils/process/child.cpp:145: Waiting for pid=65638
===> local/kyua/utils/process/child_test:child__spawn__absolute_path
Result: passed
Duration: 0.056s

Metadata:
    allowed_architectures is empty
    allowed_platforms is empty
    description is empty
    has_cleanup = false
    required_configs is empty
    required_disk_space = 0
    required_files is empty
    required_memory = 0
    required_programs is empty
    required_user is empty
    timeout = 300

Standard error:
20150728-164134 D 65640 utils/process/child.cpp:350: Spawned process 65641: stdout=out, stderr=err
20150728-164134 D 65640 utils/process/child.cpp:167: Executing /usr/tests/local/kyua/utils/process/helpers return-code 12
20150728-164134 D 65640 utils/process/child.cpp:145: Waiting for pid=65641
===> local/kyua/utils/process/child_test:child__spawn__basename_only
Result: passed
Duration: 0.081s

Metadata:
    allowed_architectures is empty
    allowed_platforms is empty
    description is empty
    has_cleanup = false
    required_configs is empty
    required_disk_space = 0
    required_files is empty
    required_memory = 0
    required_programs is empty
    required_user is empty
    timeout = 300

Standard error:
20150728-164134 D 65643 utils/process/child.cpp:350: Spawned process 65644: stdout=out, stderr=err
20150728-164134 D 65643 utils/process/child.cpp:167: Executing helpers return-code 14
20150728-164134 D 65643 utils/process/child.cpp:145: Waiting for pid=65644
===> local/kyua/utils/process/child_test:child__spawn__missing_program
Result: passed
Duration: 0.875s

Metadata:
    allowed_architectures is empty
    allowed_platforms is empty
    description is empty
    has_cleanup = false
    required_configs is empty
    required_disk_space = 0
    required_files is empty
    required_memory = 0
    required_programs is empty
    required_user is empty
    timeout = 300

Standard error:
20150728-164134 D 65646 utils/process/child.cpp:289: Spawned process 65647: stdout and stderr inherited
20150728-164134 D 65646 utils/process/child.cpp:167: Executing a/b/c
20150728-164135 D 65646 utils/process/child.cpp:145: Waiting for pid=65647
===> local/kyua/utils/process/child_test:child__spawn__no_args
Result: passed
Duration: 0.115s

Metadata:
    allowed_architectures is empty
    allowed_platforms is empty
    description is empty
    has_cleanup = false
    required_configs is empty
    required_disk_space = 0
    required_files is empty
    required_memory = 0
    required_programs is empty
    required_user is empty
    timeout = 300

Standard error:
20150728-164135 D 65649 utils/process/child.cpp:289: Spawned process 65650: stdout and stderr inherited
20150728-164135 D 65649 utils/process/child.cpp:167: Executing /usr/tests/local/kyua/utils/process/helpers
20150728-164135 D 65649 utils/process/child.cpp:145: Waiting for pid=65650
===> local/kyua/utils/process/child_test:child__spawn__no_path
Result: passed
Duration: 1.285s

Metadata:
    allowed_architectures is empty
    allowed_platforms is empty
    description is empty
    has_cleanup = false
    required_configs is empty
    required_disk_space = 0
    required_files is empty
    required_memory = 0
    required_programs is empty
    required_user is empty
    timeout = 300
===> local/kyua/utils/process/child_test:child__spawn__relative_path
Result: passed
Duration: 0.066s

Metadata:
    allowed_architectures is empty
    allowed_platforms is empty
    description is empty
    has_cleanup = false
    required_configs is empty
    required_disk_space = 0
    required_files is empty
    required_memory = 0
    required_programs is empty
    required_user is empty
    timeout = 300

Standard error:
20150728-164136 D 65655 utils/process/child.cpp:350: Spawned process 65656: stdout=out, stderr=err
20150728-164136 D 65655 utils/process/child.cpp:167: Executing root/helpers return-code 13
20150728-164136 D 65655 utils/process/child.cpp:145: Waiting for pid=65656
===> local/kyua/utils/process/child_test:child__spawn__some_args
Result: passed
Duration: 0.112s

Metadata:
    allowed_architectures is empty
    allowed_platforms is empty
    description is empty
    has_cleanup = false
    required_configs is empty
    required_disk_space = 0
    required_files is empty
    required_memory = 0
    required_programs is empty
    required_user is empty
    timeout = 300

Standard error:
20150728-164137 D 65658 utils/process/child.cpp:289: Spawned process 65659: stdout and stderr inherited
20150728-164137 D 65658 utils/process/child.cpp:167: Executing /usr/tests/local/kyua/utils/process/helpers print-args foo    bar baz 
20150728-164137 D 65658 utils/process/child.cpp:145: Waiting for pid=65659
===> local/kyua/utils/process/exceptions_test:error
Result: passed
Duration: 0.055s

Metadata:
    allowed_architectures is empty
    allowed_platforms is empty
    description is empty
    has_cleanup = false
    required_configs is empty
    required_disk_space = 0
    required_files is empty
    required_memory = 0
    required_programs is empty
    required_user is empty
    timeout = 300
===> local/kyua/utils/process/exceptions_test:system_error
Result: passed
Duration: 0.032s

Metadata:
    allowed_architectures is empty
    allowed_platforms is empty
    description is empty
    has_cleanup = false
    required_configs is empty
    required_disk_space = 0
    required_files is empty
    required_memory = 0
    required_programs is empty
    required_user is empty
    timeout = 300
===> local/kyua/utils/process/fdstream_test:ifdstream
Result: passed
Duration: 0.043s

Metadata:
    allowed_architectures is empty
    allowed_platforms is empty
    description = Tests the ifdstream class
    has_cleanup = false
    required_configs is empty
    required_disk_space = 0
    required_files is empty
    required_memory = 0
    required_programs is empty
    required_user is empty
    timeout = 300
===> local/kyua/utils/process/status_test:fake_exited
Result: passed
Duration: 0.036s

Metadata:
    allowed_architectures is empty
    allowed_platforms is empty
    description is empty
    has_cleanup = false
    required_configs is empty
    required_disk_space = 0
    required_files is empty
    required_memory = 0
    required_programs is empty
    required_user is empty
    timeout = 300
===> local/kyua/utils/process/status_test:fake_signaled
Result: passed
Duration: 0.032s

Metadata:
    allowed_architectures is empty
    allowed_platforms is empty
    description is empty
    has_cleanup = false
    required_configs is empty
    required_disk_space = 0
    required_files is empty
    required_memory = 0
    required_programs is empty
    required_user is empty
    timeout = 300
===> local/kyua/utils/process/status_test:integration__coredump
Result: passed
Duration: 2.591s

Metadata:
    allowed_architectures is empty
    allowed_platforms is empty
    description is empty
    has_cleanup = false
    required_configs is empty
    required_disk_space = 0
    required_files is empty
    required_memory = 0
    required_programs is empty
    required_user is empty
    timeout = 300
===> local/kyua/utils/process/status_test:integration__exited
Result: passed
Duration: 0.106s

Metadata:
    allowed_architectures is empty
    allowed_platforms is empty
    description is empty
    has_cleanup = false
    required_configs is empty
    required_disk_space = 0
    required_files is empty
    required_memory = 0
    required_programs is empty
    required_user is empty
    timeout = 300
===> local/kyua/utils/process/status_test:integration__signaled
Result: passed
Duration: 0.046s

Metadata:
    allowed_architectures is empty
    allowed_platforms is empty
    description is empty
    has_cleanup = false
    required_configs is empty
    required_disk_space = 0
    required_files is empty
    required_memory = 0
    required_programs is empty
    required_user is empty
    timeout = 300
===> local/kyua/utils/process/systembuf_test:long_read
Result: passed
Duration: 0.383s

Metadata:
    allowed_architectures is empty
    allowed_platforms is empty
    description = Tests that a long read (one that does not fit in the internal buffer) works when using systembuf
    has_cleanup = false
    required_configs is empty
    required_disk_space = 0
    required_files is empty
    required_memory = 0
    required_programs is empty
    required_user is empty
    timeout = 300
===> local/kyua/utils/process/systembuf_test:long_write
Result: passed
Duration: 0.222s

Metadata:
    allowed_architectures is empty
    allowed_platforms is empty
    description = Tests that a long write (one that does not fit in the internal buffer) works when using systembuf
    has_cleanup = false
    required_configs is empty
    required_disk_space = 0
    required_files is empty
    required_memory = 0
    required_programs is empty
    required_user is empty
    timeout = 300
===> local/kyua/utils/process/systembuf_test:short_read
Result: passed
Duration: 0.114s

Metadata:
    allowed_architectures is empty
    allowed_platforms is empty
    description = Tests that a short read (one that fits in the internal buffer) works when using systembuf
    has_cleanup = false
    required_configs is empty
    required_disk_space = 0
    required_files is empty
    required_memory = 0
    required_programs is empty
    required_user is empty
    timeout = 300
===> local/kyua/utils/process/systembuf_test:short_write
Result: passed
Duration: 0.078s

Metadata:
    allowed_architectures is empty
    allowed_platforms is empty
    description = Tests that a short write (one that fits in the internal buffer) works when using systembuf
    has_cleanup = false
    required_configs is empty
    required_disk_space = 0
    required_files is empty
    required_memory = 0
    required_programs is empty
    required_user is empty
    timeout = 300
===> local/kyua/utils/releaser_test:scope
Result: passed
Duration: 0.159s

Metadata:
    allowed_architectures is empty
    allowed_platforms is empty
    description is empty
    has_cleanup = false
    required_configs is empty
    required_disk_space = 0
    required_files is empty
    required_memory = 0
    required_programs is empty
    required_user is empty
    timeout = 300
===> local/kyua/utils/sanity_test:install_crash_handlers__sigabrt
Result: passed
Duration: 6.536s

Metadata:
    allowed_architectures is empty
    allowed_platforms is empty
    description is empty
    has_cleanup = false
    required_configs is empty
    required_disk_space = 0
    required_files is empty
    required_memory = 0
    required_programs is empty
    required_user is empty
    timeout = 300

Standard output:
Helper stderr: 20150728-164032 D 64844 utils/sanity.cpp:123: Installed crash handler for signal 6
Helper stderr: 20150728-164032 D 64844 utils/sanity.cpp:123: Installed crash handler for signal 10
Helper stderr: 20150728-164032 D 64844 utils/sanity.cpp:123: Installed crash handler for signal 11
Helper stderr: *** Fatal signal 6 received
Helper stderr: *** Log file is test-log.txt
Helper stderr: *** Please report this problem to kyua-discuss@googlegroups.com detailing what you were doing before the crash happened; if possible, include the log file mentioned above
Looking for 'Fatal signal 6' in '20150728-164032 D 64844 utils/sanity.cpp:123: Installed crash handler for signal 6'
Looking for 'Fatal signal 6' in '20150728-164032 D 64844 utils/sanity.cpp:123: Installed crash handler for signal 10'
Looking for 'Fatal signal 6' in '20150728-164032 D 64844 utils/sanity.cpp:123: Installed crash handler for signal 11'
Looking for 'Fatal signal 6' in '*** Fatal signal 6 received'
Looking for 'Log file is test-log.txt' in '20150728-164032 D 64844 utils/sanity.cpp:123: Installed crash handler for signal 6'
Looking for 'Log file is test-log.txt' in '20150728-164032 D 64844 utils/sanity.cpp:123: Installed crash handler for signal 10'
Looking for 'Log file is test-log.txt' in '20150728-164032 D 64844 utils/sanity.cpp:123: Installed crash handler for signal 11'
Looking for 'Log file is test-log.txt' in '*** Fatal signal 6 received'
Looking for 'Log file is test-log.txt' in '*** Log file is test-log.txt'

Standard error:
20150728-164032 D 64843 utils/process/child.cpp:350: Spawned process 64844: stdout=stdout.txt, stderr=stderr.txt
20150728-164032 D 64843 utils/process/child.cpp:145: Waiting for pid=64844
===> local/kyua/utils/sanity_test:install_crash_handlers__sigbus
Result: passed
Duration: 1.941s

Metadata:
    allowed_architectures is empty
    allowed_platforms is empty
    description is empty
    has_cleanup = false
    required_configs is empty
    required_disk_space = 0
    required_files is empty
    required_memory = 0
    required_programs is empty
    required_user is empty
    timeout = 300

Standard output:
Helper stderr: 20150728-164038 D 64847 utils/sanity.cpp:123: Installed crash handler for signal 6
Helper stderr: 20150728-164038 D 64847 utils/sanity.cpp:123: Installed crash handler for signal 10
Helper stderr: 20150728-164038 D 64847 utils/sanity.cpp:123: Installed crash handler for signal 11
Helper stderr: *** Fatal signal 10 received
Helper stderr: *** Log file is test-log.txt
Helper stderr: *** Please report this problem to kyua-discuss@googlegroups.com detailing what you were doing before the crash happened; if possible, include the log file mentioned above
Looking for 'Fatal signal 10' in '20150728-164038 D 64847 utils/sanity.cpp:123: Installed crash handler for signal 6'
Looking for 'Fatal signal 10' in '20150728-164038 D 64847 utils/sanity.cpp:123: Installed crash handler for signal 10'
Looking for 'Fatal signal 10' in '20150728-164038 D 64847 utils/sanity.cpp:123: Installed crash handler for signal 11'
Looking for 'Fatal signal 10' in '*** Fatal signal 10 received'
Looking for 'Log file is test-log.txt' in '20150728-164038 D 64847 utils/sanity.cpp:123: Installed crash handler for signal 6'
Looking for 'Log file is test-log.txt' in '20150728-164038 D 64847 utils/sanity.cpp:123: Installed crash handler for signal 10'
Looking for 'Log file is test-log.txt' in '20150728-164038 D 64847 utils/sanity.cpp:123: Installed crash handler for signal 11'
Looking for 'Log file is test-log.txt' in '*** Fatal signal 10 received'
Looking for 'Log file is test-log.txt' in '*** Log file is test-log.txt'

Standard error:
20150728-164038 D 64846 utils/process/child.cpp:350: Spawned process 64847: stdout=stdout.txt, stderr=stderr.txt
20150728-164038 D 64846 utils/process/child.cpp:145: Waiting for pid=64847
===> local/kyua/utils/sanity_test:install_crash_handlers__sigsegv
Result: passed
Duration: 3.104s

Metadata:
    allowed_architectures is empty
    allowed_platforms is empty
    description is empty
    has_cleanup = false
    required_configs is empty
    required_disk_space = 0
    required_files is empty
    required_memory = 0
    required_programs is empty
    required_user is empty
    timeout = 300

Standard output:
Helper stderr: 20150728-164040 D 64850 utils/sanity.cpp:123: Installed crash handler for signal 6
Helper stderr: 20150728-164040 D 64850 utils/sanity.cpp:123: Installed crash handler for signal 10
Helper stderr: 20150728-164040 D 64850 utils/sanity.cpp:123: Installed crash handler for signal 11
Helper stderr: *** Fatal signal 11 received
Helper stderr: *** Log file is test-log.txt
Helper stderr: *** Please report this problem to kyua-discuss@googlegroups.com detailing what you were doing before the crash happened; if possible, include the log file mentioned above
Looking for 'Fatal signal 11' in '20150728-164040 D 64850 utils/sanity.cpp:123: Installed crash handler for signal 6'
Looking for 'Fatal signal 11' in '20150728-164040 D 64850 utils/sanity.cpp:123: Installed crash handler for signal 10'
Looking for 'Fatal signal 11' in '20150728-164040 D 64850 utils/sanity.cpp:123: Installed crash handler for signal 11'
Looking for 'Fatal signal 11' in '*** Fatal signal 11 received'
Looking for 'Log file is test-log.txt' in '20150728-164040 D 64850 utils/sanity.cpp:123: Installed crash handler for signal 6'
Looking for 'Log file is test-log.txt' in '20150728-164040 D 64850 utils/sanity.cpp:123: Installed crash handler for signal 10'
Looking for 'Log file is test-log.txt' in '20150728-164040 D 64850 utils/sanity.cpp:123: Installed crash handler for signal 11'
Looking for 'Log file is test-log.txt' in '*** Fatal signal 11 received'
Looking for 'Log file is test-log.txt' in '*** Log file is test-log.txt'

Standard error:
20150728-164040 D 64849 utils/process/child.cpp:350: Spawned process 64850: stdout=stdout.txt, stderr=stderr.txt
20150728-164040 D 64849 utils/process/child.cpp:145: Waiting for pid=64850
===> local/kyua/utils/sanity_test:inv__holds
Result: passed
Duration: 0.090s

Metadata:
    allowed_architectures is empty
    allowed_platforms is empty
    description is empty
    has_cleanup = false
    required_configs is empty
    required_disk_space = 0
    required_files is empty
    required_memory = 0
    required_programs is empty
    required_user is empty
    timeout = 300

Standard output:
Helper stdout: Before test
Helper stdout: After test
Looking for 'Before test' in 'Before test'
Looking for 'After test' in 'Before test'
Looking for 'After test' in 'After test'

Standard error:
20150728-164043 D 64852 utils/process/child.cpp:350: Spawned process 64853: stdout=stdout.txt, stderr=stderr.txt
20150728-164043 D 64852 utils/process/child.cpp:145: Waiting for pid=64853
===> local/kyua/utils/sanity_test:inv__triggers_custom_message
Result: passed
Duration: 0.200s

Metadata:
    allowed_architectures is empty
    allowed_platforms is empty
    description is empty
    has_cleanup = false
    required_configs is empty
    required_disk_space = 0
    required_files is empty
    required_memory = 0
    required_programs is empty
    required_user is empty
    timeout = 300

Standard output:
Helper stdout: Before test
Helper stdout: After test
Built with NDEBUG; skipping verification
Looking for 'Before test' in 'Before test'
Looking for 'After test' in 'Before test'
Looking for 'After test' in 'After test'

Standard error:
20150728-164044 D 64855 utils/process/child.cpp:350: Spawned process 64856: stdout=stdout.txt, stderr=stderr.txt
20150728-164044 D 64855 utils/process/child.cpp:145: Waiting for pid=64856
===> local/kyua/utils/sanity_test:inv__triggers_default_message
Result: passed
Duration: 0.036s

Metadata:
    allowed_architectures is empty
    allowed_platforms is empty
    description is empty
    has_cleanup = false
    required_configs is empty
    required_disk_space = 0
    required_files is empty
    required_memory = 0
    required_programs is empty
    required_user is empty
    timeout = 300

Standard output:
Helper stdout: Before test
Helper stdout: After test
Built with NDEBUG; skipping verification
Looking for 'Before test' in 'Before test'
Looking for 'After test' in 'Before test'
Looking for 'After test' in 'After test'

Standard error:
20150728-164044 D 64858 utils/process/child.cpp:350: Spawned process 64859: stdout=stdout.txt, stderr=stderr.txt
20150728-164044 D 64858 utils/process/child.cpp:145: Waiting for pid=64859
===> local/kyua/utils/sanity_test:post__holds
Result: passed
Duration: 0.064s

Metadata:
    allowed_architectures is empty
    allowed_platforms is empty
    description is empty
    has_cleanup = false
    required_configs is empty
    required_disk_space = 0
    required_files is empty
    required_memory = 0
    required_programs is empty
    required_user is empty
    timeout = 300

Standard output:
Helper stdout: Before test
Helper stdout: After test
Looking for 'Before test' in 'Before test'
Looking for 'After test' in 'Before test'
Looking for 'After test' in 'After test'

Standard error:
20150728-164044 D 64861 utils/process/child.cpp:350: Spawned process 64862: stdout=stdout.txt, stderr=stderr.txt
20150728-164044 D 64861 utils/process/child.cpp:145: Waiting for pid=64862
===> local/kyua/utils/sanity_test:post__triggers_custom_message
Result: passed
Duration: 0.035s

Metadata:
    allowed_architectures is empty
    allowed_platforms is empty
    description is empty
    has_cleanup = false
    required_configs is empty
    required_disk_space = 0
    required_files is empty
    required_memory = 0
    required_programs is empty
    required_user is empty
    timeout = 300

Standard output:
Helper stdout: Before test
Helper stdout: After test
Built with NDEBUG; skipping verification
Looking for 'Before test' in 'Before test'
Looking for 'After test' in 'Before test'
Looking for 'After test' in 'After test'

Standard error:
20150728-164044 D 64864 utils/process/child.cpp:350: Spawned process 64865: stdout=stdout.txt, stderr=stderr.txt
20150728-164044 D 64864 utils/process/child.cpp:145: Waiting for pid=64865
===> local/kyua/utils/sanity_test:post__triggers_default_message
Result: passed
Duration: 0.041s

Metadata:
    allowed_architectures is empty
    allowed_platforms is empty
    description is empty
    has_cleanup = false
    required_configs is empty
    required_disk_space = 0
    required_files is empty
    required_memory = 0
    required_programs is empty
    required_user is empty
    timeout = 300

Standard output:
Helper stdout: Before test
Helper stdout: After test
Built with NDEBUG; skipping verification
Looking for 'Before test' in 'Before test'
Looking for 'After test' in 'Before test'
Looking for 'After test' in 'After test'

Standard error:
20150728-164044 D 64867 utils/process/child.cpp:350: Spawned process 64868: stdout=stdout.txt, stderr=stderr.txt
20150728-164044 D 64867 utils/process/child.cpp:145: Waiting for pid=64868
===> local/kyua/utils/sanity_test:pre__holds
Result: passed
Duration: 0.059s

Metadata:
    allowed_architectures is empty
    allowed_platforms is empty
    description is empty
    has_cleanup = false
    required_configs is empty
    required_disk_space = 0
    required_files is empty
    required_memory = 0
    required_programs is empty
    required_user is empty
    timeout = 300

Standard output:
Helper stdout: Before test
Helper stdout: After test
Looking for 'Before test' in 'Before test'
Looking for 'After test' in 'Before test'
Looking for 'After test' in 'After test'

Standard error:
20150728-164044 D 64870 utils/process/child.cpp:350: Spawned process 64871: stdout=stdout.txt, stderr=stderr.txt
20150728-164044 D 64870 utils/process/child.cpp:145: Waiting for pid=64871
===> local/kyua/utils/sanity_test:pre__triggers_custom_message
Result: passed
Duration: 0.053s

Metadata:
    allowed_architectures is empty
    allowed_platforms is empty
    description is empty
    has_cleanup = false
    required_configs is empty
    required_disk_space = 0
    required_files is empty
    required_memory = 0
    required_programs is empty
    required_user is empty
    timeout = 300

Standard output:
Helper stdout: Before test
Helper stdout: After test
Built with NDEBUG; skipping verification
Looking for 'Before test' in 'Before test'
Looking for 'After test' in 'Before test'
Looking for 'After test' in 'After test'

Standard error:
20150728-164044 D 64873 utils/process/child.cpp:350: Spawned process 64874: stdout=stdout.txt, stderr=stderr.txt
20150728-164044 D 64873 utils/process/child.cpp:145: Waiting for pid=64874
===> local/kyua/utils/sanity_test:pre__triggers_default_message
Result: passed
Duration: 0.047s

Metadata:
    allowed_architectures is empty
    allowed_platforms is empty
    description is empty
    has_cleanup = false
    required_configs is empty
    required_disk_space = 0
    required_files is empty
    required_memory = 0
    required_programs is empty
    required_user is empty
    timeout = 300

Standard output:
Helper stdout: Before test
Helper stdout: After test
Built with NDEBUG; skipping verification
Looking for 'Before test' in 'Before test'
Looking for 'After test' in 'Before test'
Looking for 'After test' in 'After test'

Standard error:
20150728-164044 D 64876 utils/process/child.cpp:350: Spawned process 64877: stdout=stdout.txt, stderr=stderr.txt
20150728-164044 D 64876 utils/process/child.cpp:145: Waiting for pid=64877
===> local/kyua/utils/sanity_test:unreachable__custom_message
Result: passed
Duration: 0.645s

Metadata:
    allowed_architectures is empty
    allowed_platforms is empty
    description is empty
    has_cleanup = false
    required_configs is empty
    required_disk_space = 0
    required_files is empty
    required_memory = 0
    required_programs is empty
    required_user is empty
    timeout = 300

Standard output:
Helper stdout: Before test
Helper stderr: *** utils/sanity_test.cpp:229: Unreachable point reached: Custom message
Looking for 'Before test' in 'Before test'
Looking for 'After test' in 'Before test'
Looking for 'utils/sanity_test.cpp:[0-9]+: Unreachable point reached: Custom' in '*** utils/sanity_test.cpp:229: Unreachable point reached: Custom message'

Standard error:
20150728-164044 D 64879 utils/process/child.cpp:350: Spawned process 64880: stdout=stdout.txt, stderr=stderr.txt
20150728-164044 D 64879 utils/process/child.cpp:145: Waiting for pid=64880
===> local/kyua/utils/sanity_test:unreachable__default_message
Result: passed
Duration: 0.662s

Metadata:
    allowed_architectures is empty
    allowed_platforms is empty
    description is empty
    has_cleanup = false
    required_configs is empty
    required_disk_space = 0
    required_files is empty
    required_memory = 0
    required_programs is empty
    required_user is empty
    timeout = 300

Standard output:
Helper stdout: Before test
Helper stderr: *** utils/sanity_test.cpp:231: Unreachable point reached
Looking for 'Before test' in 'Before test'
Looking for 'After test' in 'Before test'
Looking for 'utils/sanity_test.cpp:[0-9]+: Unreachable point reached' in '*** utils/sanity_test.cpp:231: Unreachable point reached'

Standard error:
20150728-164045 D 64882 utils/process/child.cpp:350: Spawned process 64883: stdout=stdout.txt, stderr=stderr.txt
20150728-164045 D 64882 utils/process/child.cpp:145: Waiting for pid=64883
===> local/kyua/utils/signals/exceptions_test:error
Result: passed
Duration: 0.081s

Metadata:
    allowed_architectures is empty
    allowed_platforms is empty
    description is empty
    has_cleanup = false
    required_configs is empty
    required_disk_space = 0
    required_files is empty
    required_memory = 0
    required_programs is empty
    required_user is empty
    timeout = 300
===> local/kyua/utils/signals/exceptions_test:interrupted_error
Result: passed
Duration: 0.058s

Metadata:
    allowed_architectures is empty
    allowed_platforms is empty
    description is empty
    has_cleanup = false
    required_configs is empty
    required_disk_space = 0
    required_files is empty
    required_memory = 0
    required_programs is empty
    required_user is empty
    timeout = 300
===> local/kyua/utils/signals/exceptions_test:system_error
Result: passed
Duration: 0.031s

Metadata:
    allowed_architectures is empty
    allowed_platforms is empty
    description is empty
    has_cleanup = false
    required_configs is empty
    required_disk_space = 0
    required_files is empty
    required_memory = 0
    required_programs is empty
    required_user is empty
    timeout = 300
===> local/kyua/utils/signals/interrupts_test:interrupts_handler__kill_children
Result: passed
Duration: 0.043s

Metadata:
    allowed_architectures is empty
    allowed_platforms is empty
    description is empty
    has_cleanup = false
    required_configs is empty
    required_disk_space = 0
    required_files is empty
    required_memory = 0
    required_programs is empty
    required_user is empty
    timeout = 300

Standard error:
20150728-164141 D 65708 utils/process/child.cpp:289: Spawned process 65709: stdout and stderr inherited
20150728-164141 D 65708 utils/process/child.cpp:289: Spawned process 65710: stdout and stderr inherited
[-- Signal caught; please wait for cleanup --]
20150728-164141 D 65708 utils/process/child.cpp:145: Waiting for pid=65709
20150728-164141 D 65708 utils/process/child.cpp:145: Waiting for pid=65710
===> local/kyua/utils/signals/interrupts_test:interrupts_handler__sighup
Result: passed
Duration: 0.071s

Metadata:
    allowed_architectures is empty
    allowed_platforms is empty
    description is empty
    has_cleanup = false
    required_configs is empty
    required_disk_space = 0
    required_files is empty
    required_memory = 0
    required_programs is empty
    required_user is empty
    timeout = 300

Standard error:
[-- Signal caught; please wait for cleanup --]
===> local/kyua/utils/signals/interrupts_test:interrupts_handler__sigint
Result: passed
Duration: 0.034s

Metadata:
    allowed_architectures is empty
    allowed_platforms is empty
    description is empty
    has_cleanup = false
    required_configs is empty
    required_disk_space = 0
    required_files is empty
    required_memory = 0
    required_programs is empty
    required_user is empty
    timeout = 300

Standard error:
[-- Signal caught; please wait for cleanup --]
===> local/kyua/utils/signals/interrupts_test:interrupts_handler__sigterm
Result: passed
Duration: 0.072s

Metadata:
    allowed_architectures is empty
    allowed_platforms is empty
    description is empty
    has_cleanup = false
    required_configs is empty
    required_disk_space = 0
    required_files is empty
    required_memory = 0
    required_programs is empty
    required_user is empty
    timeout = 300

Standard error:
[-- Signal caught; please wait for cleanup --]
===> local/kyua/utils/signals/interrupts_test:interrupts_inhibiter__sighup
Result: passed
Duration: 0.124s

Metadata:
    allowed_architectures is empty
    allowed_platforms is empty
    description is empty
    has_cleanup = false
    required_configs is empty
    required_disk_space = 0
    required_files is empty
    required_memory = 0
    required_programs is empty
    required_user is empty
    timeout = 300
===> local/kyua/utils/signals/interrupts_test:interrupts_inhibiter__sigint
Result: passed
Duration: 0.176s

Metadata:
    allowed_architectures is empty
    allowed_platforms is empty
    description is empty
    has_cleanup = false
    required_configs is empty
    required_disk_space = 0
    required_files is empty
    required_memory = 0
    required_programs is empty
    required_user is empty
    timeout = 300
===> local/kyua/utils/signals/interrupts_test:interrupts_inhibiter__sigterm
Result: passed
Duration: 0.032s

Metadata:
    allowed_architectures is empty
    allowed_platforms is empty
    description is empty
    has_cleanup = false
    required_configs is empty
    required_disk_space = 0
    required_files is empty
    required_memory = 0
    required_programs is empty
    required_user is empty
    timeout = 300
===> local/kyua/utils/signals/misc_test:reset__invalid
Result: passed
Duration: 0.037s

Metadata:
    allowed_architectures is empty
    allowed_platforms is empty
    description is empty
    has_cleanup = false
    required_configs is empty
    required_disk_space = 0
    required_files is empty
    required_memory = 0
    required_programs is empty
    required_user is empty
    timeout = 300
===> local/kyua/utils/signals/misc_test:reset__ok
Result: passed
Duration: 0.061s

Metadata:
    allowed_architectures is empty
    allowed_platforms is empty
    description is empty
    has_cleanup = false
    required_configs is empty
    required_disk_space = 0
    required_files is empty
    required_memory = 0
    required_programs is empty
    required_user is empty
    timeout = 300

Standard error:
20150728-164142 D 65728 utils/process/child.cpp:350: Spawned process 65729: stdout=stdout.txt, stderr=stderr.txt
20150728-164142 D 65728 utils/process/child.cpp:145: Waiting for pid=65729
===> local/kyua/utils/signals/programmer_test:nested
Result: passed
Duration: 0.038s

Metadata:
    allowed_architectures is empty
    allowed_platforms is empty
    description is empty
    has_cleanup = false
    required_configs is empty
    required_disk_space = 0
    required_files is empty
    required_memory = 0
    required_programs is empty
    required_user is empty
    timeout = 300
===> local/kyua/utils/signals/programmer_test:program_unprogram
Result: passed
Duration: 0.100s

Metadata:
    allowed_architectures is empty
    allowed_platforms is empty
    description is empty
    has_cleanup = false
    required_configs is empty
    required_disk_space = 0
    required_files is empty
    required_memory = 0
    required_programs is empty
    required_user is empty
    timeout = 300
===> local/kyua/utils/signals/programmer_test:scope
Result: passed
Duration: 0.106s

Metadata:
    allowed_architectures is empty
    allowed_platforms is empty
    description is empty
    has_cleanup = false
    required_configs is empty
    required_disk_space = 0
    required_files is empty
    required_memory = 0
    required_programs is empty
    required_user is empty
    timeout = 300

Standard error:
20150728-164142 W 65737 utils/signals/programmer.cpp:106: Destroying still-programmed signals::programmer object
===> local/kyua/utils/sqlite/c_gate_test:c_database
Result: passed
Duration: 0.146s

Metadata:
    allowed_architectures is empty
    allowed_platforms is empty
    description is empty
    has_cleanup = false
    required_configs is empty
    required_disk_space = 0
    required_files is empty
    required_memory = 0
    required_programs is empty
    required_user is empty
    timeout = 300

Standard output:
Creating 'test' table in the database
Verifying that the 'test' table is in the database
===> local/kyua/utils/sqlite/c_gate_test:connect
Result: passed
Duration: 0.097s

Metadata:
    allowed_architectures is empty
    allowed_platforms is empty
    description is empty
    has_cleanup = false
    required_configs is empty
    required_disk_space = 0
    required_files is empty
    required_memory = 0
    required_programs is empty
    required_user is empty
    timeout = 300

Standard output:
Creating 'test' table in the database
Verifying that the 'test' table is in the database
===> local/kyua/utils/sqlite/database_test:begin_transaction
Result: passed
Duration: 0.092s

Metadata:
    allowed_architectures is empty
    allowed_platforms is empty
    description is empty
    has_cleanup = false
    required_configs is empty
    required_disk_space = 0
    required_files is empty
    required_memory = 0
    required_programs is empty
    required_user is empty
    timeout = 300
===> local/kyua/utils/sqlite/database_test:close
Result: passed
Duration: 0.931s

Metadata:
    allowed_architectures is empty
    allowed_platforms is empty
    description is empty
    has_cleanup = false
    required_configs is empty
    required_disk_space = 0
    required_files is empty
    required_memory = 0
    required_programs is empty
    required_user is empty
    timeout = 300
===> local/kyua/utils/sqlite/database_test:copy
Result: passed
Duration: 0.080s

Metadata:
    allowed_architectures is empty
    allowed_platforms is empty
    description is empty
    has_cleanup = false
    required_configs is empty
    required_disk_space = 0
    required_files is empty
    required_memory = 0
    required_programs is empty
    required_user is empty
    timeout = 300

Standard output:
Creating 'test' table in the database
Verifying that the 'test' table is in the database
Verifying that the 'test' table is in the database
===> local/kyua/utils/sqlite/database_test:create_statement__fail
Result: passed
Duration: 0.042s

Metadata:
    allowed_architectures is empty
    allowed_platforms is empty
    description is empty
    has_cleanup = false
    required_configs is empty
    required_disk_space = 0
    required_files is empty
    required_memory = 0
    required_programs is empty
    required_user is empty
    timeout = 300

Standard error:
20150728-164143 D 65753 utils/sqlite/database.cpp:275: Creating statement: SELECT * FROM missing
===> local/kyua/utils/sqlite/database_test:create_statement__ok
Result: passed
Duration: 0.043s

Metadata:
    allowed_architectures is empty
    allowed_platforms is empty
    description is empty
    has_cleanup = false
    required_configs is empty
    required_disk_space = 0
    required_files is empty
    required_memory = 0
    required_programs is empty
    required_user is empty
    timeout = 300

Standard error:
20150728-164143 D 65755 utils/sqlite/database.cpp:275: Creating statement: SELECT 3
===> local/kyua/utils/sqlite/database_test:exec__fail
Result: passed
Duration: 0.204s

Metadata:
    allowed_architectures is empty
    allowed_platforms is empty
    description is empty
    has_cleanup = false
    required_configs is empty
    required_disk_space = 0
    required_files is empty
    required_memory = 0
    required_programs is empty
    required_user is empty
    timeout = 300
===> local/kyua/utils/sqlite/database_test:exec__ok
Result: passed
Duration: 0.064s

Metadata:
    allowed_architectures is empty
    allowed_platforms is empty
    description is empty
    has_cleanup = false
    required_configs is empty
    required_disk_space = 0
    required_files is empty
    required_memory = 0
    required_programs is empty
    required_user is empty
    timeout = 300

Standard output:
Verifying that the 'test' table is in the database
===> local/kyua/utils/sqlite/database_test:in_memory
Result: passed
Duration: 0.070s

Metadata:
    allowed_architectures is empty
    allowed_platforms is empty
    description is empty
    has_cleanup = false
    required_configs is empty
    required_disk_space = 0
    required_files is empty
    required_memory = 0
    required_programs is empty
    required_user is empty
    timeout = 300

Standard output:
Creating 'test' table in the database
Verifying that the 'test' table is in the database
===> local/kyua/utils/sqlite/database_test:last_insert_rowid
Result: passed
Duration: 0.036s

Metadata:
    allowed_architectures is empty
    allowed_platforms is empty
    description is empty
    has_cleanup = false
    required_configs is empty
    required_disk_space = 0
    required_files is empty
    required_memory = 0
    required_programs is empty
    required_user is empty
    timeout = 300
===> local/kyua/utils/sqlite/database_test:open__create__fail
Result: passed
Duration: 0.041s

Metadata:
    allowed_architectures is empty
    allowed_platforms is empty
    description is empty
    has_cleanup = false
    required_configs is empty
    required_disk_space = 0
    required_files is empty
    required_memory = 0
    required_programs is empty
    required_user = unprivileged
    timeout = 300
===> local/kyua/utils/sqlite/database_test:open__create__ok
Result: passed
Duration: 0.145s

Metadata:
    allowed_architectures is empty
    allowed_platforms is empty
    description is empty
    has_cleanup = false
    required_configs is empty
    required_disk_space = 0
    required_files is empty
    required_memory = 0
    required_programs is empty
    required_user is empty
    timeout = 300

Standard output:
Creating 'test' table in the database
Verifying that the 'test' table is in the database
===> local/kyua/utils/sqlite/database_test:open__readonly__fail
Result: passed
Duration: 0.035s

Metadata:
    allowed_architectures is empty
    allowed_platforms is empty
    description is empty
    has_cleanup = false
    required_configs is empty
    required_disk_space = 0
    required_files is empty
    required_memory = 0
    required_programs is empty
    required_user is empty
    timeout = 300
===> local/kyua/utils/sqlite/database_test:open__readonly__ok
Result: passed
Duration: 0.208s

Metadata:
    allowed_architectures is empty
    allowed_platforms is empty
    description is empty
    has_cleanup = false
    required_configs is empty
    required_disk_space = 0
    required_files is empty
    required_memory = 0
    required_programs is empty
    required_user is empty
    timeout = 300

Standard output:
Creating 'test' table in the database
Verifying that the 'test' table is in the database
===> local/kyua/utils/sqlite/database_test:temporary
Result: passed
Duration: 0.084s

Metadata:
    allowed_architectures is empty
    allowed_platforms is empty
    description is empty
    has_cleanup = false
    required_configs is empty
    required_disk_space = 0
    required_files is empty
    required_memory = 0
    required_programs is empty
    required_user is empty
    timeout = 300

Standard output:
Creating 'test' table in the database
Verifying that the 'test' table is in the database
===> local/kyua/utils/sqlite/exceptions_test:api_error__explicit
Result: passed
Duration: 0.065s

Metadata:
    allowed_architectures is empty
    allowed_platforms is empty
    description is empty
    has_cleanup = false
    required_configs is empty
    required_disk_space = 0
    required_files is empty
    required_memory = 0
    required_programs is empty
    required_user is empty
    timeout = 300
===> local/kyua/utils/sqlite/exceptions_test:api_error__from_database
Result: passed
Duration: 0.033s

Metadata:
    allowed_architectures is empty
    allowed_platforms is empty
    description is empty
    has_cleanup = false
    required_configs is empty
    required_disk_space = 0
    required_files is empty
    required_memory = 0
    required_programs is empty
    required_user is empty
    timeout = 300
===> local/kyua/utils/sqlite/exceptions_test:error
Result: passed
Duration: 0.036s

Metadata:
    allowed_architectures is empty
    allowed_platforms is empty
    description is empty
    has_cleanup = false
    required_configs is empty
    required_disk_space = 0
    required_files is empty
    required_memory = 0
    required_programs is empty
    required_user is empty
    timeout = 300
===> local/kyua/utils/sqlite/exceptions_test:invalid_column_error
Result: passed
Duration: 0.225s

Metadata:
    allowed_architectures is empty
    allowed_platforms is empty
    description is empty
    has_cleanup = false
    required_configs is empty
    required_disk_space = 0
    required_files is empty
    required_memory = 0
    required_programs is empty
    required_user is empty
    timeout = 300
===> local/kyua/utils/sqlite/statement_test:bind__blob
Result: passed
Duration: 0.062s

Metadata:
    allowed_architectures is empty
    allowed_platforms is empty
    description is empty
    has_cleanup = false
    required_configs is empty
    required_disk_space = 0
    required_files is empty
    required_memory = 0
    required_programs is empty
    required_user is empty
    timeout = 300

Standard error:
20150728-164145 D 65787 utils/sqlite/database.cpp:275: Creating statement: SELECT 3, ?
20150728-164145 D 65787 utils/sqlite/statement.cpp:195: Step statement; row available for processing
20150728-164145 D 65787 utils/sqlite/statement.cpp:192: Step statement; no more rows
===> local/kyua/utils/sqlite/statement_test:bind__by_name
Result: passed
Duration: 0.033s

Metadata:
    allowed_architectures is empty
    allowed_platforms is empty
    description is empty
    has_cleanup = false
    required_configs is empty
    required_disk_space = 0
    required_files is empty
    required_memory = 0
    required_programs is empty
    required_user is empty
    timeout = 300

Standard error:
20150728-164145 D 65789 utils/sqlite/database.cpp:275: Creating statement: SELECT 3, :foo
20150728-164145 D 65789 utils/sqlite/statement.cpp:195: Step statement; row available for processing
20150728-164145 D 65789 utils/sqlite/statement.cpp:192: Step statement; no more rows
===> local/kyua/utils/sqlite/statement_test:bind__double
Result: passed
Duration: 0.065s

Metadata:
    allowed_architectures is empty
    allowed_platforms is empty
    description is empty
    has_cleanup = false
    required_configs is empty
    required_disk_space = 0
    required_files is empty
    required_memory = 0
    required_programs is empty
    required_user is empty
    timeout = 300

Standard error:
20150728-164145 D 65791 utils/sqlite/database.cpp:275: Creating statement: SELECT 3, ?
20150728-164145 D 65791 utils/sqlite/statement.cpp:195: Step statement; row available for processing
20150728-164145 D 65791 utils/sqlite/statement.cpp:192: Step statement; no more rows
===> local/kyua/utils/sqlite/statement_test:bind__int
Result: passed
Duration: 0.041s

Metadata:
    allowed_architectures is empty
    allowed_platforms is empty
    description is empty
    has_cleanup = false
    required_configs is empty
    required_disk_space = 0
    required_files is empty
    required_memory = 0
    required_programs is empty
    required_user is empty
    timeout = 300

Standard error:
20150728-164145 D 65793 utils/sqlite/database.cpp:275: Creating statement: SELECT 3, ?
20150728-164145 D 65793 utils/sqlite/statement.cpp:195: Step statement; row available for processing
20150728-164145 D 65793 utils/sqlite/statement.cpp:192: Step statement; no more rows
===> local/kyua/utils/sqlite/statement_test:bind__int64
Result: passed
Duration: 0.042s

Metadata:
    allowed_architectures is empty
    allowed_platforms is empty
    description is empty
    has_cleanup = false
    required_configs is empty
    required_disk_space = 0
    required_files is empty
    required_memory = 0
    required_programs is empty
    required_user is empty
    timeout = 300

Standard error:
20150728-164145 D 65795 utils/sqlite/database.cpp:275: Creating statement: SELECT 3, ?
20150728-164145 D 65795 utils/sqlite/statement.cpp:195: Step statement; row available for processing
20150728-164145 D 65795 utils/sqlite/statement.cpp:192: Step statement; no more rows
===> local/kyua/utils/sqlite/statement_test:bind__null
Result: passed
Duration: 0.087s

Metadata:
    allowed_architectures is empty
    allowed_platforms is empty
    description is empty
    has_cleanup = false
    required_configs is empty
    required_disk_space = 0
    required_files is empty
    required_memory = 0
    required_programs is empty
    required_user is empty
    timeout = 300

Standard error:
20150728-164145 D 65797 utils/sqlite/database.cpp:275: Creating statement: SELECT 3, ?
20150728-164145 D 65797 utils/sqlite/statement.cpp:195: Step statement; row available for processing
20150728-164145 D 65797 utils/sqlite/statement.cpp:192: Step statement; no more rows
===> local/kyua/utils/sqlite/statement_test:bind__text
Result: passed
Duration: 0.038s

Metadata:
    allowed_architectures is empty
    allowed_platforms is empty
    description is empty
    has_cleanup = false
    required_configs is empty
    required_disk_space = 0
    required_files is empty
    required_memory = 0
    required_programs is empty
    required_user is empty
    timeout = 300

Standard error:
20150728-164145 D 65799 utils/sqlite/database.cpp:275: Creating statement: SELECT 3, ?
20150728-164145 D 65799 utils/sqlite/statement.cpp:195: Step statement; row available for processing
20150728-164145 D 65799 utils/sqlite/statement.cpp:192: Step statement; no more rows
===> local/kyua/utils/sqlite/statement_test:bind__text__transient
Result: passed
Duration: 0.060s

Metadata:
    allowed_architectures is empty
    allowed_platforms is empty
    description is empty
    has_cleanup = false
    required_configs is empty
    required_disk_space = 0
    required_files is empty
    required_memory = 0
    required_programs is empty
    required_user is empty
    timeout = 300

Standard error:
20150728-164145 D 65801 utils/sqlite/database.cpp:275: Creating statement: SELECT 3, :foo
20150728-164145 D 65801 utils/sqlite/statement.cpp:195: Step statement; row available for processing
20150728-164145 D 65801 utils/sqlite/statement.cpp:192: Step statement; no more rows
===> local/kyua/utils/sqlite/statement_test:bind_parameter_count
Result: passed
Duration: 0.037s

Metadata:
    allowed_architectures is empty
    allowed_platforms is empty
    description is empty
    has_cleanup = false
    required_configs is empty
    required_disk_space = 0
    required_files is empty
    required_memory = 0
    required_programs is empty
    required_user is empty
    timeout = 300

Standard error:
20150728-164145 D 65803 utils/sqlite/database.cpp:275: Creating statement: SELECT 3, ?, ?
===> local/kyua/utils/sqlite/statement_test:bind_parameter_index
Result: passed
Duration: 0.083s

Metadata:
    allowed_architectures is empty
    allowed_platforms is empty
    description is empty
    has_cleanup = false
    required_configs is empty
    required_disk_space = 0
    required_files is empty
    required_memory = 0
    required_programs is empty
    required_user is empty
    timeout = 300

Standard error:
20150728-164145 D 65805 utils/sqlite/database.cpp:275: Creating statement: SELECT 3, :foo, ?, :bar
===> local/kyua/utils/sqlite/statement_test:bind_parameter_name
Result: passed
Duration: 0.062s

Metadata:
    allowed_architectures is empty
    allowed_platforms is empty
    description is empty
    has_cleanup = false
    required_configs is empty
    required_disk_space = 0
    required_files is empty
    required_memory = 0
    required_programs is empty
    required_user is empty
    timeout = 300

Standard error:
20150728-164145 D 65807 utils/sqlite/database.cpp:275: Creating statement: SELECT 3, :foo, ?, :bar
===> local/kyua/utils/sqlite/statement_test:clear_bindings
Result: passed
Duration: 0.063s

Metadata:
    allowed_architectures is empty
    allowed_platforms is empty
    description is empty
    has_cleanup = false
    required_configs is empty
    required_disk_space = 0
    required_files is empty
    required_memory = 0
    required_programs is empty
    required_user is empty
    timeout = 300

Standard error:
20150728-164145 D 65809 utils/sqlite/database.cpp:275: Creating statement: SELECT 3, ?
20150728-164145 D 65809 utils/sqlite/statement.cpp:195: Step statement; row available for processing
20150728-164145 D 65809 utils/sqlite/statement.cpp:195: Step statement; row available for processing
20150728-164145 D 65809 utils/sqlite/statement.cpp:192: Step statement; no more rows
===> local/kyua/utils/sqlite/statement_test:column_blob
Result: passed
Duration: 0.101s

Metadata:
    allowed_architectures is empty
    allowed_platforms is empty
    description is empty
    has_cleanup = false
    required_configs is empty
    required_disk_space = 0
    required_files is empty
    required_memory = 0
    required_programs is empty
    required_user is empty
    timeout = 300

Standard error:
20150728-164146 D 65811 utils/sqlite/database.cpp:275: Creating statement: SELECT * FROM foo
20150728-164146 D 65811 utils/sqlite/statement.cpp:195: Step statement; row available for processing
20150728-164146 D 65811 utils/sqlite/statement.cpp:192: Step statement; no more rows
===> local/kyua/utils/sqlite/statement_test:column_bytes__blob
Result: passed
Duration: 0.052s

Metadata:
    allowed_architectures is empty
    allowed_platforms is empty
    description is empty
    has_cleanup = false
    required_configs is empty
    required_disk_space = 0
    required_files is empty
    required_memory = 0
    required_programs is empty
    required_user is empty
    timeout = 300

Standard error:
20150728-164146 D 65813 utils/sqlite/database.cpp:275: Creating statement: SELECT * FROM foo
20150728-164146 D 65813 utils/sqlite/statement.cpp:195: Step statement; row available for processing
20150728-164146 D 65813 utils/sqlite/statement.cpp:192: Step statement; no more rows
===> local/kyua/utils/sqlite/statement_test:column_bytes__text
Result: passed
Duration: 0.212s

Metadata:
    allowed_architectures is empty
    allowed_platforms is empty
    description is empty
    has_cleanup = false
    required_configs is empty
    required_disk_space = 0
    required_files is empty
    required_memory = 0
    required_programs is empty
    required_user is empty
    timeout = 300

Standard error:
20150728-164146 D 65815 utils/sqlite/database.cpp:275: Creating statement: SELECT * FROM foo
20150728-164146 D 65815 utils/sqlite/statement.cpp:195: Step statement; row available for processing
20150728-164146 D 65815 utils/sqlite/statement.cpp:192: Step statement; no more rows
===> local/kyua/utils/sqlite/statement_test:column_count
Result: passed
Duration: 0.080s

Metadata:
    allowed_architectures is empty
    allowed_platforms is empty
    description is empty
    has_cleanup = false
    required_configs is empty
    required_disk_space = 0
    required_files is empty
    required_memory = 0
    required_programs is empty
    required_user is empty
    timeout = 300

Standard error:
20150728-164146 D 65817 utils/sqlite/database.cpp:275: Creating statement: SELECT * FROM foo
20150728-164146 D 65817 utils/sqlite/statement.cpp:195: Step statement; row available for processing
20150728-164146 D 65817 utils/sqlite/statement.cpp:192: Step statement; no more rows
===> local/kyua/utils/sqlite/statement_test:column_double
Result: passed
Duration: 0.048s

Metadata:
    allowed_architectures is empty
    allowed_platforms is empty
    description is empty
    has_cleanup = false
    required_configs is empty
    required_disk_space = 0
    required_files is empty
    required_memory = 0
    required_programs is empty
    required_user is empty
    timeout = 300

Standard error:
20150728-164146 D 65819 utils/sqlite/database.cpp:275: Creating statement: SELECT * FROM foo
20150728-164146 D 65819 utils/sqlite/statement.cpp:195: Step statement; row available for processing
20150728-164146 D 65819 utils/sqlite/statement.cpp:192: Step statement; no more rows
===> local/kyua/utils/sqlite/statement_test:column_id__missing
Result: passed
Duration: 0.215s

Metadata:
    allowed_architectures is empty
    allowed_platforms is empty
    description is empty
    has_cleanup = false
    required_configs is empty
    required_disk_space = 0
    required_files is empty
    required_memory = 0
    required_programs is empty
    required_user is empty
    timeout = 300

Standard error:
20150728-164146 D 65821 utils/sqlite/database.cpp:275: Creating statement: SELECT * FROM foo
20150728-164146 D 65821 utils/sqlite/statement.cpp:195: Step statement; row available for processing
20150728-164146 D 65821 utils/sqlite/statement.cpp:192: Step statement; no more rows
===> local/kyua/utils/sqlite/statement_test:column_id__ok
Result: passed
Duration: 0.084s

Metadata:
    allowed_architectures is empty
    allowed_platforms is empty
    description is empty
    has_cleanup = false
    required_configs is empty
    required_disk_space = 0
    required_files is empty
    required_memory = 0
    required_programs is empty
    required_user is empty
    timeout = 300

Standard error:
20150728-164146 D 65823 utils/sqlite/database.cpp:275: Creating statement: SELECT * FROM foo
20150728-164146 D 65823 utils/sqlite/statement.cpp:195: Step statement; row available for processing
20150728-164146 D 65823 utils/sqlite/statement.cpp:192: Step statement; no more rows
===> local/kyua/utils/sqlite/statement_test:column_int64
Result: passed
Duration: 0.096s

Metadata:
    allowed_architectures is empty
    allowed_platforms is empty
    description is empty
    has_cleanup = false
    required_configs is empty
    required_disk_space = 0
    required_files is empty
    required_memory = 0
    required_programs is empty
    required_user is empty
    timeout = 300

Standard error:
20150728-164146 D 65825 utils/sqlite/database.cpp:275: Creating statement: SELECT * FROM foo
20150728-164146 D 65825 utils/sqlite/statement.cpp:195: Step statement; row available for processing
20150728-164146 D 65825 utils/sqlite/statement.cpp:192: Step statement; no more rows
===> local/kyua/utils/sqlite/statement_test:column_int__ok
Result: passed
Duration: 0.059s

Metadata:
    allowed_architectures is empty
    allowed_platforms is empty
    description is empty
    has_cleanup = false
    required_configs is empty
    required_disk_space = 0
    required_files is empty
    required_memory = 0
    required_programs is empty
    required_user is empty
    timeout = 300

Standard error:
20150728-164146 D 65827 utils/sqlite/database.cpp:275: Creating statement: SELECT * FROM foo
20150728-164146 D 65827 utils/sqlite/statement.cpp:195: Step statement; row available for processing
20150728-164146 D 65827 utils/sqlite/statement.cpp:192: Step statement; no more rows
===> local/kyua/utils/sqlite/statement_test:column_int__overflow
Result: passed
Duration: 0.068s

Metadata:
    allowed_architectures is empty
    allowed_platforms is empty
    description is empty
    has_cleanup = false
    required_configs is empty
    required_disk_space = 0
    required_files is empty
    required_memory = 0
    required_programs is empty
    required_user is empty
    timeout = 300

Standard error:
20150728-164146 D 65829 utils/sqlite/database.cpp:275: Creating statement: SELECT * FROM foo
20150728-164146 D 65829 utils/sqlite/statement.cpp:195: Step statement; row available for processing
20150728-164146 D 65829 utils/sqlite/statement.cpp:192: Step statement; no more rows
===> local/kyua/utils/sqlite/statement_test:column_name__fail
Result: passed
Duration: 0.038s

Metadata:
    allowed_architectures is empty
    allowed_platforms is empty
    description is empty
    has_cleanup = false
    required_configs is empty
    required_disk_space = 0
    required_files is empty
    required_memory = 0
    required_programs is empty
    required_user is empty
    timeout = 300

Standard error:
20150728-164147 D 65831 utils/sqlite/database.cpp:275: Creating statement: SELECT * FROM foo
20150728-164147 D 65831 utils/sqlite/statement.cpp:195: Step statement; row available for processing
20150728-164147 D 65831 utils/sqlite/statement.cpp:192: Step statement; no more rows
===> local/kyua/utils/sqlite/statement_test:column_name__ok
Result: passed
Duration: 0.037s

Metadata:
    allowed_architectures is empty
    allowed_platforms is empty
    description is empty
    has_cleanup = false
    required_configs is empty
    required_disk_space = 0
    required_files is empty
    required_memory = 0
    required_programs is empty
    required_user is empty
    timeout = 300

Standard error:
20150728-164147 D 65833 utils/sqlite/database.cpp:275: Creating statement: SELECT * FROM foo
20150728-164147 D 65833 utils/sqlite/statement.cpp:195: Step statement; row available for processing
20150728-164147 D 65833 utils/sqlite/statement.cpp:192: Step statement; no more rows
===> local/kyua/utils/sqlite/statement_test:column_text
Result: passed
Duration: 0.037s

Metadata:
    allowed_architectures is empty
    allowed_platforms is empty
    description is empty
    has_cleanup = false
    required_configs is empty
    required_disk_space = 0
    required_files is empty
    required_memory = 0
    required_programs is empty
    required_user is empty
    timeout = 300

Standard error:
20150728-164147 D 65835 utils/sqlite/database.cpp:275: Creating statement: SELECT * FROM foo
20150728-164147 D 65835 utils/sqlite/statement.cpp:195: Step statement; row available for processing
20150728-164147 D 65835 utils/sqlite/statement.cpp:192: Step statement; no more rows
===> local/kyua/utils/sqlite/statement_test:column_type__ok
Result: passed
Duration: 0.056s

Metadata:
    allowed_architectures is empty
    allowed_platforms is empty
    description is empty
    has_cleanup = false
    required_configs is empty
    required_disk_space = 0
    required_files is empty
    required_memory = 0
    required_programs is empty
    required_user is empty
    timeout = 300

Standard error:
20150728-164147 D 65837 utils/sqlite/database.cpp:275: Creating statement: SELECT * FROM foo
20150728-164147 D 65837 utils/sqlite/statement.cpp:195: Step statement; row available for processing
20150728-164147 D 65837 utils/sqlite/statement.cpp:195: Step statement; row available for processing
20150728-164147 D 65837 utils/sqlite/statement.cpp:192: Step statement; no more rows
===> local/kyua/utils/sqlite/statement_test:column_type__out_of_range
Result: passed
Duration: 0.070s

Metadata:
    allowed_architectures is empty
    allowed_platforms is empty
    description is empty
    has_cleanup = false
    required_configs is empty
    required_disk_space = 0
    required_files is empty
    required_memory = 0
    required_programs is empty
    required_user is empty
    timeout = 300

Standard error:
20150728-164147 D 65839 utils/sqlite/database.cpp:275: Creating statement: SELECT * FROM foo
20150728-164147 D 65839 utils/sqlite/statement.cpp:195: Step statement; row available for processing
20150728-164147 D 65839 utils/sqlite/statement.cpp:192: Step statement; no more rows
===> local/kyua/utils/sqlite/statement_test:reset
Result: passed
Duration: 0.046s

Metadata:
    allowed_architectures is empty
    allowed_platforms is empty
    description is empty
    has_cleanup = false
    required_configs is empty
    required_disk_space = 0
    required_files is empty
    required_memory = 0
    required_programs is empty
    required_user is empty
    timeout = 300

Standard error:
20150728-164147 D 65841 utils/sqlite/database.cpp:275: Creating statement: SELECT * FROM foo
20150728-164147 D 65841 utils/sqlite/statement.cpp:195: Step statement; row available for processing
20150728-164147 D 65841 utils/sqlite/statement.cpp:192: Step statement; no more rows
20150728-164147 D 65841 utils/sqlite/statement.cpp:195: Step statement; row available for processing
20150728-164147 D 65841 utils/sqlite/statement.cpp:192: Step statement; no more rows
===> local/kyua/utils/sqlite/statement_test:safe_column_blob__fail
Result: passed
Duration: 0.047s

Metadata:
    allowed_architectures is empty
    allowed_platforms is empty
    description is empty
    has_cleanup = false
    required_configs is empty
    required_disk_space = 0
    required_files is empty
    required_memory = 0
    required_programs is empty
    required_user is empty
    timeout = 300

Standard error:
20150728-164147 D 65843 utils/sqlite/database.cpp:275: Creating statement: SELECT * FROM foo
20150728-164147 D 65843 utils/sqlite/statement.cpp:195: Step statement; row available for processing
20150728-164147 D 65843 utils/sqlite/statement.cpp:192: Step statement; no more rows
===> local/kyua/utils/sqlite/statement_test:safe_column_blob__ok
Result: passed
Duration: 0.111s

Metadata:
    allowed_architectures is empty
    allowed_platforms is empty
    description is empty
    has_cleanup = false
    required_configs is empty
    required_disk_space = 0
    required_files is empty
    required_memory = 0
    required_programs is empty
    required_user is empty
    timeout = 300

Standard error:
20150728-164147 D 65845 utils/sqlite/database.cpp:275: Creating statement: SELECT * FROM foo
20150728-164147 D 65845 utils/sqlite/statement.cpp:195: Step statement; row available for processing
20150728-164147 D 65845 utils/sqlite/statement.cpp:192: Step statement; no more rows
===> local/kyua/utils/sqlite/statement_test:safe_column_bytes__fail
Result: passed
Duration: 0.041s

Metadata:
    allowed_architectures is empty
    allowed_platforms is empty
    description is empty
    has_cleanup = false
    required_configs is empty
    required_disk_space = 0
    required_files is empty
    required_memory = 0
    required_programs is empty
    required_user is empty
    timeout = 300

Standard error:
20150728-164147 D 65847 utils/sqlite/database.cpp:275: Creating statement: SELECT * FROM foo
20150728-164147 D 65847 utils/sqlite/statement.cpp:195: Step statement; row available for processing
20150728-164147 D 65847 utils/sqlite/statement.cpp:192: Step statement; no more rows
===> local/kyua/utils/sqlite/statement_test:safe_column_bytes__ok__blob
Result: passed
Duration: 0.056s

Metadata:
    allowed_architectures is empty
    allowed_platforms is empty
    description is empty
    has_cleanup = false
    required_configs is empty
    required_disk_space = 0
    required_files is empty
    required_memory = 0
    required_programs is empty
    required_user is empty
    timeout = 300

Standard error:
20150728-164147 D 65849 utils/sqlite/database.cpp:275: Creating statement: SELECT * FROM foo
20150728-164147 D 65849 utils/sqlite/statement.cpp:195: Step statement; row available for processing
20150728-164147 D 65849 utils/sqlite/statement.cpp:192: Step statement; no more rows
===> local/kyua/utils/sqlite/statement_test:safe_column_bytes__ok__text
Result: passed
Duration: 0.089s

Metadata:
    allowed_architectures is empty
    allowed_platforms is empty
    description is empty
    has_cleanup = false
    required_configs is empty
    required_disk_space = 0
    required_files is empty
    required_memory = 0
    required_programs is empty
    required_user is empty
    timeout = 300

Standard error:
20150728-164147 D 65851 utils/sqlite/database.cpp:275: Creating statement: SELECT * FROM foo
20150728-164147 D 65851 utils/sqlite/statement.cpp:195: Step statement; row available for processing
20150728-164147 D 65851 utils/sqlite/statement.cpp:192: Step statement; no more rows
===> local/kyua/utils/sqlite/statement_test:safe_column_double__fail
Result: passed
Duration: 0.113s

Metadata:
    allowed_architectures is empty
    allowed_platforms is empty
    description is empty
    has_cleanup = false
    required_configs is empty
    required_disk_space = 0
    required_files is empty
    required_memory = 0
    required_programs is empty
    required_user is empty
    timeout = 300

Standard error:
20150728-164147 D 65853 utils/sqlite/database.cpp:275: Creating statement: SELECT * FROM foo
20150728-164147 D 65853 utils/sqlite/statement.cpp:195: Step statement; row available for processing
20150728-164147 D 65853 utils/sqlite/statement.cpp:192: Step statement; no more rows
===> local/kyua/utils/sqlite/statement_test:safe_column_double__ok
Result: passed
Duration: 0.535s

Metadata:
    allowed_architectures is empty
    allowed_platforms is empty
    description is empty
    has_cleanup = false
    required_configs is empty
    required_disk_space = 0
    required_files is empty
    required_memory = 0
    required_programs is empty
    required_user is empty
    timeout = 300

Standard error:
20150728-164147 D 65855 utils/sqlite/database.cpp:275: Creating statement: SELECT * FROM foo
20150728-164147 D 65855 utils/sqlite/statement.cpp:195: Step statement; row available for processing
20150728-164147 D 65855 utils/sqlite/statement.cpp:192: Step statement; no more rows
===> local/kyua/utils/sqlite/statement_test:safe_column_int64__fail
Result: passed
Duration: 0.204s

Metadata:
    allowed_architectures is empty
    allowed_platforms is empty
    description is empty
    has_cleanup = false
    required_configs is empty
    required_disk_space = 0
    required_files is empty
    required_memory = 0
    required_programs is empty
    required_user is empty
    timeout = 300

Standard error:
20150728-164148 D 65857 utils/sqlite/database.cpp:275: Creating statement: SELECT * FROM foo
20150728-164148 D 65857 utils/sqlite/statement.cpp:195: Step statement; row available for processing
20150728-164148 D 65857 utils/sqlite/statement.cpp:192: Step statement; no more rows
===> local/kyua/utils/sqlite/statement_test:safe_column_int64__ok
Result: passed
Duration: 0.071s

Metadata:
    allowed_architectures is empty
    allowed_platforms is empty
    description is empty
    has_cleanup = false
    required_configs is empty
    required_disk_space = 0
    required_files is empty
    required_memory = 0
    required_programs is empty
    required_user is empty
    timeout = 300

Standard error:
20150728-164148 D 65859 utils/sqlite/database.cpp:275: Creating statement: SELECT * FROM foo
20150728-164148 D 65859 utils/sqlite/statement.cpp:195: Step statement; row available for processing
20150728-164148 D 65859 utils/sqlite/statement.cpp:192: Step statement; no more rows
===> local/kyua/utils/sqlite/statement_test:safe_column_int__fail
Result: passed
Duration: 0.083s

Metadata:
    allowed_architectures is empty
    allowed_platforms is empty
    description is empty
    has_cleanup = false
    required_configs is empty
    required_disk_space = 0
    required_files is empty
    required_memory = 0
    required_programs is empty
    required_user is empty
    timeout = 300

Standard error:
20150728-164148 D 65861 utils/sqlite/database.cpp:275: Creating statement: SELECT * FROM foo
20150728-164148 D 65861 utils/sqlite/statement.cpp:195: Step statement; row available for processing
20150728-164148 D 65861 utils/sqlite/statement.cpp:192: Step statement; no more rows
===> local/kyua/utils/sqlite/statement_test:safe_column_int__ok
Result: passed
Duration: 0.050s

Metadata:
    allowed_architectures is empty
    allowed_platforms is empty
    description is empty
    has_cleanup = false
    required_configs is empty
    required_disk_space = 0
    required_files is empty
    required_memory = 0
    required_programs is empty
    required_user is empty
    timeout = 300

Standard error:
20150728-164148 D 65863 utils/sqlite/database.cpp:275: Creating statement: SELECT * FROM foo
20150728-164148 D 65863 utils/sqlite/statement.cpp:195: Step statement; row available for processing
20150728-164148 D 65863 utils/sqlite/statement.cpp:192: Step statement; no more rows
===> local/kyua/utils/sqlite/statement_test:safe_column_text__fail
Result: passed
Duration: 0.148s

Metadata:
    allowed_architectures is empty
    allowed_platforms is empty
    description is empty
    has_cleanup = false
    required_configs is empty
    required_disk_space = 0
    required_files is empty
    required_memory = 0
    required_programs is empty
    required_user is empty
    timeout = 300

Standard error:
20150728-164148 D 65865 utils/sqlite/database.cpp:275: Creating statement: SELECT * FROM foo
20150728-164148 D 65865 utils/sqlite/statement.cpp:195: Step statement; row available for processing
20150728-164148 D 65865 utils/sqlite/statement.cpp:192: Step statement; no more rows
===> local/kyua/utils/sqlite/statement_test:safe_column_text__ok
Result: passed
Duration: 0.120s

Metadata:
    allowed_architectures is empty
    allowed_platforms is empty
    description is empty
    has_cleanup = false
    required_configs is empty
    required_disk_space = 0
    required_files is empty
    required_memory = 0
    required_programs is empty
    required_user is empty
    timeout = 300

Standard error:
20150728-164148 D 65867 utils/sqlite/database.cpp:275: Creating statement: SELECT * FROM foo
20150728-164148 D 65867 utils/sqlite/statement.cpp:195: Step statement; row available for processing
20150728-164148 D 65867 utils/sqlite/statement.cpp:192: Step statement; no more rows
===> local/kyua/utils/sqlite/statement_test:step__fail
Result: passed
Duration: 0.037s

Metadata:
    allowed_architectures is empty
    allowed_platforms is empty
    description is empty
    has_cleanup = false
    required_configs is empty
    required_disk_space = 0
    required_files is empty
    required_memory = 0
    required_programs is empty
    required_user is empty
    timeout = 300

Standard error:
20150728-164149 D 65869 utils/sqlite/database.cpp:275: Creating statement: CREATE TABLE foo (a INTEGER PRIMARY KEY)
20150728-164149 D 65869 utils/sqlite/statement.cpp:192: Step statement; no more rows
===> local/kyua/utils/sqlite/statement_test:step__many
Result: passed
Duration: 0.039s

Metadata:
    allowed_architectures is empty
    allowed_platforms is empty
    description is empty
    has_cleanup = false
    required_configs is empty
    required_disk_space = 0
    required_files is empty
    required_memory = 0
    required_programs is empty
    required_user is empty
    timeout = 300

Standard output:
Creating 'test' table in the database

Standard error:
20150728-164149 D 65871 utils/sqlite/database.cpp:275: Creating statement: SELECT prime FROM test ORDER BY prime
20150728-164149 D 65871 utils/sqlite/statement.cpp:195: Step statement; row available for processing
20150728-164149 D 65871 utils/sqlite/statement.cpp:195: Step statement; row available for processing
20150728-164149 D 65871 utils/sqlite/statement.cpp:195: Step statement; row available for processing
20150728-164149 D 65871 utils/sqlite/statement.cpp:195: Step statement; row available for processing
20150728-164149 D 65871 utils/sqlite/statement.cpp:195: Step statement; row available for processing
20150728-164149 D 65871 utils/sqlite/statement.cpp:192: Step statement; no more rows
===> local/kyua/utils/sqlite/statement_test:step__ok
Result: passed
Duration: 0.039s

Metadata:
    allowed_architectures is empty
    allowed_platforms is empty
    description is empty
    has_cleanup = false
    required_configs is empty
    required_disk_space = 0
    required_files is empty
    required_memory = 0
    required_programs is empty
    required_user is empty
    timeout = 300

Standard error:
20150728-164149 D 65873 utils/sqlite/database.cpp:275: Creating statement: CREATE TABLE foo (a INTEGER PRIMARY KEY)
20150728-164149 D 65873 utils/sqlite/statement.cpp:192: Step statement; no more rows
===> local/kyua/utils/sqlite/statement_test:step_without_results__fail
Result: passed
Duration: 0.038s

Metadata:
    allowed_architectures is empty
    allowed_platforms is empty
    description is empty
    has_cleanup = false
    required_configs is empty
    required_disk_space = 0
    required_files is empty
    required_memory = 0
    required_programs is empty
    required_user is empty
    timeout = 300

Standard error:
20150728-164149 D 65875 utils/sqlite/database.cpp:275: Creating statement: INSERT INTO foo VALUES (3)
===> local/kyua/utils/sqlite/statement_test:step_without_results__ok
Result: passed
Duration: 0.036s

Metadata:
    allowed_architectures is empty
    allowed_platforms is empty
    description is empty
    has_cleanup = false
    required_configs is empty
    required_disk_space = 0
    required_files is empty
    required_memory = 0
    required_programs is empty
    required_user is empty
    timeout = 300

Standard error:
20150728-164149 D 65877 utils/sqlite/database.cpp:275: Creating statement: CREATE TABLE foo (a INTEGER PRIMARY KEY)
20150728-164149 D 65877 utils/sqlite/statement.cpp:192: Step statement; no more rows
===> local/kyua/utils/sqlite/transaction_test:automatic_rollback
Result: passed
Duration: 0.076s

Metadata:
    allowed_architectures is empty
    allowed_platforms is empty
    description is empty
    has_cleanup = false
    required_configs is empty
    required_disk_space = 0
    required_files is empty
    required_memory = 0
    required_programs is empty
    required_user is empty
    timeout = 300

Standard error:
20150728-164149 D 65881 utils/sqlite/database.cpp:275: Creating statement: SELECT * FROM t WHERE col == 3
20150728-164149 D 65881 utils/sqlite/statement.cpp:195: Step statement; row available for processing
20150728-164149 D 65881 utils/sqlite/statement.cpp:192: Step statement; no more rows
20150728-164149 D 65881 utils/sqlite/database.cpp:275: Creating statement: SELECT * FROM t WHERE col == 5
20150728-164149 D 65881 utils/sqlite/statement.cpp:192: Step statement; no more rows
===> local/kyua/utils/sqlite/transaction_test:explicit_commit
Result: passed
Duration: 0.037s

Metadata:
    allowed_architectures is empty
    allowed_platforms is empty
    description is empty
    has_cleanup = false
    required_configs is empty
    required_disk_space = 0
    required_files is empty
    required_memory = 0
    required_programs is empty
    required_user is empty
    timeout = 300

Standard error:
20150728-164149 D 65883 utils/sqlite/database.cpp:275: Creating statement: SELECT * FROM t WHERE col == 3
20150728-164149 D 65883 utils/sqlite/statement.cpp:195: Step statement; row available for processing
20150728-164149 D 65883 utils/sqlite/statement.cpp:192: Step statement; no more rows
20150728-164149 D 65883 utils/sqlite/database.cpp:275: Creating statement: SELECT * FROM t WHERE col == 5
20150728-164149 D 65883 utils/sqlite/statement.cpp:195: Step statement; row available for processing
20150728-164149 D 65883 utils/sqlite/statement.cpp:192: Step statement; no more rows
===> local/kyua/utils/sqlite/transaction_test:explicit_rollback
Result: passed
Duration: 0.037s

Metadata:
    allowed_architectures is empty
    allowed_platforms is empty
    description is empty
    has_cleanup = false
    required_configs is empty
    required_disk_space = 0
    required_files is empty
    required_memory = 0
    required_programs is empty
    required_user is empty
    timeout = 300

Standard error:
20150728-164149 D 65885 utils/sqlite/database.cpp:275: Creating statement: SELECT * FROM t WHERE col == 3
20150728-164149 D 65885 utils/sqlite/statement.cpp:195: Step statement; row available for processing
20150728-164149 D 65885 utils/sqlite/statement.cpp:192: Step statement; no more rows
20150728-164149 D 65885 utils/sqlite/database.cpp:275: Creating statement: SELECT * FROM t WHERE col == 5
20150728-164149 D 65885 utils/sqlite/statement.cpp:192: Step statement; no more rows
===> local/kyua/utils/sqlite/transaction_test:nested_fail
Result: passed
Duration: 0.051s

Metadata:
    allowed_architectures is empty
    allowed_platforms is empty
    description is empty
    has_cleanup = false
    required_configs is empty
    required_disk_space = 0
    required_files is empty
    required_memory = 0
    required_programs is empty
    required_user is empty
    timeout = 300
===> local/kyua/utils/stream_test:open_ostream__other
Result: passed
Duration: 0.052s

Metadata:
    allowed_architectures is empty
    allowed_platforms is empty
    description is empty
    has_cleanup = false
    required_configs is empty
    required_disk_space = 0
    required_files is empty
    required_memory = 0
    required_programs is empty
    required_user is empty
    timeout = 300
===> local/kyua/utils/stream_test:open_ostream__stderr
Result: passed
Duration: 0.040s

Metadata:
    allowed_architectures is empty
    allowed_platforms is empty
    description is empty
    has_cleanup = false
    required_configs is empty
    required_disk_space = 0
    required_files is empty
    required_memory = 0
    required_programs is empty
    required_user is empty
    timeout = 300

Standard output:
subprocess stderr: Message to stderr
===> local/kyua/utils/stream_test:open_ostream__stdout
Result: passed
Duration: 0.052s

Metadata:
    allowed_architectures is empty
    allowed_platforms is empty
    description is empty
    has_cleanup = false
    required_configs is empty
    required_disk_space = 0
    required_files is empty
    required_memory = 0
    required_programs is empty
    required_user is empty
    timeout = 300

Standard output:
subprocess stdout: Message to stdout
===> local/kyua/utils/stream_test:read_stream__empty
Result: passed
Duration: 0.029s

Metadata:
    allowed_architectures is empty
    allowed_platforms is empty
    description is empty
    has_cleanup = false
    required_configs is empty
    required_disk_space = 0
    required_files is empty
    required_memory = 0
    required_programs is empty
    required_user is empty
    timeout = 300
===> local/kyua/utils/stream_test:read_stream__some
Result: passed
Duration: 0.082s

Metadata:
    allowed_architectures is empty
    allowed_platforms is empty
    description is empty
    has_cleanup = false
    required_configs is empty
    required_disk_space = 0
    required_files is empty
    required_memory = 0
    required_programs is empty
    required_user is empty
    timeout = 300
===> local/kyua/utils/stream_test:stream_length__empty
Result: passed
Duration: 0.033s

Metadata:
    allowed_architectures is empty
    allowed_platforms is empty
    description is empty
    has_cleanup = false
    required_configs is empty
    required_disk_space = 0
    required_files is empty
    required_memory = 0
    required_programs is empty
    required_user is empty
    timeout = 300
===> local/kyua/utils/stream_test:stream_length__some
Result: passed
Duration: 0.069s

Metadata:
    allowed_architectures is empty
    allowed_platforms is empty
    description is empty
    has_cleanup = false
    required_configs is empty
    required_disk_space = 0
    required_files is empty
    required_memory = 0
    required_programs is empty
    required_user is empty
    timeout = 300
===> local/kyua/utils/text/exceptions_test:error
Result: passed
Duration: 0.135s

Metadata:
    allowed_architectures is empty
    allowed_platforms is empty
    description is empty
    has_cleanup = false
    required_configs is empty
    required_disk_space = 0
    required_files is empty
    required_memory = 0
    required_programs is empty
    required_user is empty
    timeout = 300
===> local/kyua/utils/text/exceptions_test:syntax_error
Result: passed
Duration: 0.135s

Metadata:
    allowed_architectures is empty
    allowed_platforms is empty
    description is empty
    has_cleanup = false
    required_configs is empty
    required_disk_space = 0
    required_files is empty
    required_memory = 0
    required_programs is empty
    required_user is empty
    timeout = 300
===> local/kyua/utils/text/exceptions_test:value_error
Result: passed
Duration: 0.044s

Metadata:
    allowed_architectures is empty
    allowed_platforms is empty
    description is empty
    has_cleanup = false
    required_configs is empty
    required_disk_space = 0
    required_files is empty
    required_memory = 0
    required_programs is empty
    required_user is empty
    timeout = 300
===> local/kyua/utils/text/operations_test:escape_xml__empty
Result: passed
Duration: 0.141s

Metadata:
    allowed_architectures is empty
    allowed_platforms is empty
    description is empty
    has_cleanup = false
    required_configs is empty
    required_disk_space = 0
    required_files is empty
    required_memory = 0
    required_programs is empty
    required_user is empty
    timeout = 300
===> local/kyua/utils/text/operations_test:escape_xml__no_escaping
Result: passed
Duration: 0.034s

Metadata:
    allowed_architectures is empty
    allowed_platforms is empty
    description is empty
    has_cleanup = false
    required_configs is empty
    required_disk_space = 0
    required_files is empty
    required_memory = 0
    required_programs is empty
    required_user is empty
    timeout = 300
===> local/kyua/utils/text/operations_test:escape_xml__some_escaping
Result: passed
Duration: 0.147s

Metadata:
    allowed_architectures is empty
    allowed_platforms is empty
    description is empty
    has_cleanup = false
    required_configs is empty
    required_disk_space = 0
    required_files is empty
    required_memory = 0
    required_programs is empty
    required_user is empty
    timeout = 300
===> local/kyua/utils/text/operations_test:join__empty
Result: passed
Duration: 0.305s

Metadata:
    allowed_architectures is empty
    allowed_platforms is empty
    description is empty
    has_cleanup = false
    required_configs is empty
    required_disk_space = 0
    required_files is empty
    required_memory = 0
    required_programs is empty
    required_user is empty
    timeout = 300
===> local/kyua/utils/text/operations_test:join__one
Result: passed
Duration: 0.128s

Metadata:
    allowed_architectures is empty
    allowed_platforms is empty
    description is empty
    has_cleanup = false
    required_configs is empty
    required_disk_space = 0
    required_files is empty
    required_memory = 0
    required_programs is empty
    required_user is empty
    timeout = 300
===> local/kyua/utils/text/operations_test:join__several
Result: passed
Duration: 0.045s

Metadata:
    allowed_architectures is empty
    allowed_platforms is empty
    description is empty
    has_cleanup = false
    required_configs is empty
    required_disk_space = 0
    required_files is empty
    required_memory = 0
    required_programs is empty
    required_user is empty
    timeout = 300
===> local/kyua/utils/text/operations_test:join__unordered
Result: passed
Duration: 0.065s

Metadata:
    allowed_architectures is empty
    allowed_platforms is empty
    description is empty
    has_cleanup = false
    required_configs is empty
    required_disk_space = 0
    required_files is empty
    required_memory = 0
    required_programs is empty
    required_user is empty
    timeout = 300
===> local/kyua/utils/text/operations_test:quote__empty
Result: passed
Duration: 0.034s

Metadata:
    allowed_architectures is empty
    allowed_platforms is empty
    description is empty
    has_cleanup = false
    required_configs is empty
    required_disk_space = 0
    required_files is empty
    required_memory = 0
    required_programs is empty
    required_user is empty
    timeout = 300
===> local/kyua/utils/text/operations_test:quote__no_escaping
Result: passed
Duration: 0.033s

Metadata:
    allowed_architectures is empty
    allowed_platforms is empty
    description is empty
    has_cleanup = false
    required_configs is empty
    required_disk_space = 0
    required_files is empty
    required_memory = 0
    required_programs is empty
    required_user is empty
    timeout = 300
===> local/kyua/utils/text/operations_test:quote__some_escaping
Result: passed
Duration: 0.035s

Metadata:
    allowed_architectures is empty
    allowed_platforms is empty
    description is empty
    has_cleanup = false
    required_configs is empty
    required_disk_space = 0
    required_files is empty
    required_memory = 0
    required_programs is empty
    required_user is empty
    timeout = 300
===> local/kyua/utils/text/operations_test:refill__break_many
Result: passed
Duration: 0.073s

Metadata:
    allowed_architectures is empty
    allowed_platforms is empty
    description is empty
    has_cleanup = false
    required_configs is empty
    required_disk_space = 0
    required_files is empty
    required_memory = 0
    required_programs is empty
    required_user is empty
    timeout = 300

Standard output:
Breaking at width 15
===> local/kyua/utils/text/operations_test:refill__break_one
Result: passed
Duration: 0.067s

Metadata:
    allowed_architectures is empty
    allowed_platforms is empty
    description is empty
    has_cleanup = false
    required_configs is empty
    required_disk_space = 0
    required_files is empty
    required_memory = 0
    required_programs is empty
    required_user is empty
    timeout = 300

Standard output:
Breaking at width 14
Breaking at width 15
Breaking at width 16
Breaking at width 17
Breaking at width 18
Breaking at width 19
===> local/kyua/utils/text/operations_test:refill__break_one__not_first_word
Result: passed
Duration: 0.047s

Metadata:
    allowed_architectures is empty
    allowed_platforms is empty
    description is empty
    has_cleanup = false
    required_configs is empty
    required_disk_space = 0
    required_files is empty
    required_memory = 0
    required_programs is empty
    required_user is empty
    timeout = 300

Standard output:
Breaking at width 6
Breaking at width 7
Breaking at width 8
Breaking at width 9
Breaking at width 10
Breaking at width 11
Breaking at width 12
Breaking at width 13
Breaking at width 14
Breaking at width 15
Breaking at width 16
Breaking at width 17
Breaking at width 18
Breaking at width 19
Breaking at width 20
Breaking at width 21
Breaking at width 22
Breaking at width 23
Breaking at width 24
Breaking at width 25
Breaking at width 26
Breaking at width 27
Breaking at width 28
===> local/kyua/utils/text/operations_test:refill__cannot_break
Result: passed
Duration: 0.069s

Metadata:
    allowed_architectures is empty
    allowed_platforms is empty
    description is empty
    has_cleanup = false
    required_configs is empty
    required_disk_space = 0
    required_files is empty
    required_memory = 0
    required_programs is empty
    required_user is empty
    timeout = 300

Standard output:
Breaking at width 5
Breaking at width 10
===> local/kyua/utils/text/operations_test:refill__empty
Result: passed
Duration: 0.034s

Metadata:
    allowed_architectures is empty
    allowed_platforms is empty
    description is empty
    has_cleanup = false
    required_configs is empty
    required_disk_space = 0
    required_files is empty
    required_memory = 0
    required_programs is empty
    required_user is empty
    timeout = 300
===> local/kyua/utils/text/operations_test:refill__no_changes
Result: passed
Duration: 0.033s

Metadata:
    allowed_architectures is empty
    allowed_platforms is empty
    description is empty
    has_cleanup = false
    required_configs is empty
    required_disk_space = 0
    required_files is empty
    required_memory = 0
    required_programs is empty
    required_user is empty
    timeout = 300
===> local/kyua/utils/text/operations_test:refill__preserve_whitespace
Result: passed
Duration: 0.035s

Metadata:
    allowed_architectures is empty
    allowed_platforms is empty
    description is empty
    has_cleanup = false
    required_configs is empty
    required_disk_space = 0
    required_files is empty
    required_memory = 0
    required_programs is empty
    required_user is empty
    timeout = 300

Standard output:
Breaking at width 80
Breaking at width 5
===> local/kyua/utils/text/operations_test:replace_all__empty
Result: passed
Duration: 0.182s

Metadata:
    allowed_architectures is empty
    allowed_platforms is empty
    description is empty
    has_cleanup = false
    required_configs is empty
    required_disk_space = 0
    required_files is empty
    required_memory = 0
    required_programs is empty
    required_user is empty
    timeout = 300
===> local/kyua/utils/text/operations_test:replace_all__none
Result: passed
Duration: 0.046s

Metadata:
    allowed_architectures is empty
    allowed_platforms is empty
    description is empty
    has_cleanup = false
    required_configs is empty
    required_disk_space = 0
    required_files is empty
    required_memory = 0
    required_programs is empty
    required_user is empty
    timeout = 300
===> local/kyua/utils/text/operations_test:replace_all__one
Result: passed
Duration: 0.092s

Metadata:
    allowed_architectures is empty
    allowed_platforms is empty
    description is empty
    has_cleanup = false
    required_configs is empty
    required_disk_space = 0
    required_files is empty
    required_memory = 0
    required_programs is empty
    required_user is empty
    timeout = 300
===> local/kyua/utils/text/operations_test:replace_all__several
Result: passed
Duration: 0.075s

Metadata:
    allowed_architectures is empty
    allowed_platforms is empty
    description is empty
    has_cleanup = false
    required_configs is empty
    required_disk_space = 0
    required_files is empty
    required_memory = 0
    required_programs is empty
    required_user is empty
    timeout = 300
===> local/kyua/utils/text/operations_test:split__empty
Result: passed
Duration: 0.036s

Metadata:
    allowed_architectures is empty
    allowed_platforms is empty
    description is empty
    has_cleanup = false
    required_configs is empty
    required_disk_space = 0
    required_files is empty
    required_memory = 0
    required_programs is empty
    required_user is empty
    timeout = 300
===> local/kyua/utils/text/operations_test:split__one
Result: passed
Duration: 0.053s

Metadata:
    allowed_architectures is empty
    allowed_platforms is empty
    description is empty
    has_cleanup = false
    required_configs is empty
    required_disk_space = 0
    required_files is empty
    required_memory = 0
    required_programs is empty
    required_user is empty
    timeout = 300
===> local/kyua/utils/text/operations_test:split__several__delimiters
Result: passed
Duration: 0.034s

Metadata:
    allowed_architectures is empty
    allowed_platforms is empty
    description is empty
    has_cleanup = false
    required_configs is empty
    required_disk_space = 0
    required_files is empty
    required_memory = 0
    required_programs is empty
    required_user is empty
    timeout = 300
===> local/kyua/utils/text/operations_test:split__several__simple
Result: passed
Duration: 0.087s

Metadata:
    allowed_architectures is empty
    allowed_platforms is empty
    description is empty
    has_cleanup = false
    required_configs is empty
    required_disk_space = 0
    required_files is empty
    required_memory = 0
    required_programs is empty
    required_user is empty
    timeout = 300
===> local/kyua/utils/text/operations_test:to_type__empty
Result: passed
Duration: 0.079s

Metadata:
    allowed_architectures is empty
    allowed_platforms is empty
    description is empty
    has_cleanup = false
    required_configs is empty
    required_disk_space = 0
    required_files is empty
    required_memory = 0
    required_programs is empty
    required_user is empty
    timeout = 300
===> local/kyua/utils/text/operations_test:to_type__invalid__bool
Result: passed
Duration: 0.034s

Metadata:
    allowed_architectures is empty
    allowed_platforms is empty
    description is empty
    has_cleanup = false
    required_configs is empty
    required_disk_space = 0
    required_files is empty
    required_memory = 0
    required_programs is empty
    required_user is empty
    timeout = 300
===> local/kyua/utils/text/operations_test:to_type__invalid__numerical
Result: passed
Duration: 0.039s

Metadata:
    allowed_architectures is empty
    allowed_platforms is empty
    description is empty
    has_cleanup = false
    required_configs is empty
    required_disk_space = 0
    required_files is empty
    required_memory = 0
    required_programs is empty
    required_user is empty
    timeout = 300
===> local/kyua/utils/text/operations_test:to_type__ok__bool
Result: passed
Duration: 0.032s

Metadata:
    allowed_architectures is empty
    allowed_platforms is empty
    description is empty
    has_cleanup = false
    required_configs is empty
    required_disk_space = 0
    required_files is empty
    required_memory = 0
    required_programs is empty
    required_user is empty
    timeout = 300
===> local/kyua/utils/text/operations_test:to_type__ok__numerical
Result: passed
Duration: 0.032s

Metadata:
    allowed_architectures is empty
    allowed_platforms is empty
    description is empty
    has_cleanup = false
    required_configs is empty
    required_disk_space = 0
    required_files is empty
    required_memory = 0
    required_programs is empty
    required_user is empty
    timeout = 300
===> local/kyua/utils/text/operations_test:to_type__ok__string
Result: passed
Duration: 0.033s

Metadata:
    allowed_architectures is empty
    allowed_platforms is empty
    description is empty
    has_cleanup = false
    required_configs is empty
    required_disk_space = 0
    required_files is empty
    required_memory = 0
    required_programs is empty
    required_user is empty
    timeout = 300
===> local/kyua/utils/text/table_test:table__column_width
Result: passed
Duration: 0.059s

Metadata:
    allowed_architectures is empty
    allowed_platforms is empty
    description is empty
    has_cleanup = false
    required_configs is empty
    required_disk_space = 0
    required_files is empty
    required_memory = 0
    required_programs is empty
    required_user is empty
    timeout = 300
===> local/kyua/utils/text/table_test:table__column_widths
Result: passed
Duration: 0.031s

Metadata:
    allowed_architectures is empty
    allowed_platforms is empty
    description is empty
    has_cleanup = false
    required_configs is empty
    required_disk_space = 0
    required_files is empty
    required_memory = 0
    required_programs is empty
    required_user is empty
    timeout = 300
===> local/kyua/utils/text/table_test:table__empty
Result: passed
Duration: 0.077s

Metadata:
    allowed_architectures is empty
    allowed_platforms is empty
    description is empty
    has_cleanup = false
    required_configs is empty
    required_disk_space = 0
    required_files is empty
    required_memory = 0
    required_programs is empty
    required_user is empty
    timeout = 300
===> local/kyua/utils/text/table_test:table__iterate
Result: passed
Duration: 0.077s

Metadata:
    allowed_architectures is empty
    allowed_platforms is empty
    description is empty
    has_cleanup = false
    required_configs is empty
    required_disk_space = 0
    required_files is empty
    required_memory = 0
    required_programs is empty
    required_user is empty
    timeout = 300
===> local/kyua/utils/text/table_test:table__ncolumns
Result: passed
Duration: 0.034s

Metadata:
    allowed_architectures is empty
    allowed_platforms is empty
    description is empty
    has_cleanup = false
    required_configs is empty
    required_disk_space = 0
    required_files is empty
    required_memory = 0
    required_programs is empty
    required_user is empty
    timeout = 300
===> local/kyua/utils/text/table_test:table_formatter__defaults
Result: passed
Duration: 0.032s

Metadata:
    allowed_architectures is empty
    allowed_platforms is empty
    description is empty
    has_cleanup = false
    required_configs is empty
    required_disk_space = 0
    required_files is empty
    required_memory = 0
    required_programs is empty
    required_user is empty
    timeout = 300
===> local/kyua/utils/text/table_test:table_formatter__empty
Result: passed
Duration: 0.033s

Metadata:
    allowed_architectures is empty
    allowed_platforms is empty
    description is empty
    has_cleanup = false
    required_configs is empty
    required_disk_space = 0
    required_files is empty
    required_memory = 0
    required_programs is empty
    required_user is empty
    timeout = 300
===> local/kyua/utils/text/table_test:table_formatter__many_columns__explicit_width
Result: passed
Duration: 0.124s

Metadata:
    allowed_architectures is empty
    allowed_platforms is empty
    description is empty
    has_cleanup = false
    required_configs is empty
    required_disk_space = 0
    required_files is empty
    required_memory = 0
    required_programs is empty
    required_user is empty
    timeout = 300
===> local/kyua/utils/text/table_test:table_formatter__many_columns__max_width
Result: passed
Duration: 0.056s

Metadata:
    allowed_architectures is empty
    allowed_platforms is empty
    description is empty
    has_cleanup = false
    required_configs is empty
    required_disk_space = 0
    required_files is empty
    required_memory = 0
    required_programs is empty
    required_user is empty
    timeout = 300
===> local/kyua/utils/text/table_test:table_formatter__many_columns__no_max_width
Result: passed
Duration: 0.034s

Metadata:
    allowed_architectures is empty
    allowed_platforms is empty
    description is empty
    has_cleanup = false
    required_configs is empty
    required_disk_space = 0
    required_files is empty
    required_memory = 0
    required_programs is empty
    required_user is empty
    timeout = 300
===> local/kyua/utils/text/table_test:table_formatter__one_column__explicit_width
Result: passed
Duration: 0.033s

Metadata:
    allowed_architectures is empty
    allowed_platforms is empty
    description is empty
    has_cleanup = false
    required_configs is empty
    required_disk_space = 0
    required_files is empty
    required_memory = 0
    required_programs is empty
    required_user is empty
    timeout = 300
===> local/kyua/utils/text/table_test:table_formatter__one_column__max_width
Result: passed
Duration: 0.032s

Metadata:
    allowed_architectures is empty
    allowed_platforms is empty
    description is empty
    has_cleanup = false
    required_configs is empty
    required_disk_space = 0
    required_files is empty
    required_memory = 0
    required_programs is empty
    required_user is empty
    timeout = 300
===> local/kyua/utils/text/table_test:table_formatter__one_column__no_max_width
Result: passed
Duration: 0.133s

Metadata:
    allowed_architectures is empty
    allowed_platforms is empty
    description is empty
    has_cleanup = false
    required_configs is empty
    required_disk_space = 0
    required_files is empty
    required_memory = 0
    required_programs is empty
    required_user is empty
    timeout = 300
===> local/kyua/utils/text/table_test:table_formatter__use_case__cli_help
Result: passed
Duration: 0.857s

Metadata:
    allowed_architectures is empty
    allowed_platforms is empty
    description is empty
    has_cleanup = false
    required_configs is empty
    required_disk_space = 0
    required_files is empty
    required_memory = 0
    required_programs is empty
    required_user is empty
    timeout = 300
===> local/kyua/utils/text/templates_test:instantiate__empty_input
Result: passed
Duration: 0.038s

Metadata:
    allowed_architectures is empty
    allowed_platforms is empty
    description is empty
    has_cleanup = false
    required_configs is empty
    required_disk_space = 0
    required_files is empty
    required_memory = 0
    required_programs is empty
    required_user is empty
    timeout = 300
===> local/kyua/utils/text/templates_test:instantiate__empty_statement
Result: passed
Duration: 0.092s

Metadata:
    allowed_architectures is empty
    allowed_platforms is empty
    description is empty
    has_cleanup = false
    required_configs is empty
    required_disk_space = 0
    required_files is empty
    required_memory = 0
    required_programs is empty
    required_user is empty
    timeout = 300
===> local/kyua/utils/text/templates_test:instantiate__files__input_error
Result: passed
Duration: 0.033s

Metadata:
    allowed_architectures is empty
    allowed_platforms is empty
    description is empty
    has_cleanup = false
    required_configs is empty
    required_disk_space = 0
    required_files is empty
    required_memory = 0
    required_programs is empty
    required_user is empty
    timeout = 300
===> local/kyua/utils/text/templates_test:instantiate__files__ok
Result: passed
Duration: 0.039s

Metadata:
    allowed_architectures is empty
    allowed_platforms is empty
    description is empty
    has_cleanup = false
    required_configs is empty
    required_disk_space = 0
    required_files is empty
    required_memory = 0
    required_programs is empty
    required_user is empty
    timeout = 300
===> local/kyua/utils/text/templates_test:instantiate__files__output_error
Result: passed
Duration: 0.042s

Metadata:
    allowed_architectures is empty
    allowed_platforms is empty
    description is empty
    has_cleanup = false
    required_configs is empty
    required_disk_space = 0
    required_files is empty
    required_memory = 0
    required_programs is empty
    required_user = unprivileged
    timeout = 300
===> local/kyua/utils/text/templates_test:instantiate__if__multiple_levels__not_taken
Result: passed
Duration: 0.034s

Metadata:
    allowed_architectures is empty
    allowed_platforms is empty
    description is empty
    has_cleanup = false
    required_configs is empty
    required_disk_space = 0
    required_files is empty
    required_memory = 0
    required_programs is empty
    required_user is empty
    timeout = 300
===> local/kyua/utils/text/templates_test:instantiate__if__multiple_levels__taken
Result: passed
Duration: 0.107s

Metadata:
    allowed_architectures is empty
    allowed_platforms is empty
    description is empty
    has_cleanup = false
    required_configs is empty
    required_disk_space = 0
    required_files is empty
    required_memory = 0
    required_programs is empty
    required_user is empty
    timeout = 300
===> local/kyua/utils/text/templates_test:instantiate__if__one_level__not_taken
Result: passed
Duration: 0.033s

Metadata:
    allowed_architectures is empty
    allowed_platforms is empty
    description is empty
    has_cleanup = false
    required_configs is empty
    required_disk_space = 0
    required_files is empty
    required_memory = 0
    required_programs is empty
    required_user is empty
    timeout = 300
===> local/kyua/utils/text/templates_test:instantiate__if__one_level__taken
Result: passed
Duration: 0.033s

Metadata:
    allowed_architectures is empty
    allowed_platforms is empty
    description is empty
    has_cleanup = false
    required_configs is empty
    required_disk_space = 0
    required_files is empty
    required_memory = 0
    required_programs is empty
    required_user is empty
    timeout = 300
===> local/kyua/utils/text/templates_test:instantiate__invalid_narguments
Result: passed
Duration: 0.033s

Metadata:
    allowed_architectures is empty
    allowed_platforms is empty
    description is empty
    has_cleanup = false
    required_configs is empty
    required_disk_space = 0
    required_files is empty
    required_memory = 0
    required_programs is empty
    required_user is empty
    timeout = 300
===> local/kyua/utils/text/templates_test:instantiate__loop__multiple_iterations
Result: passed
Duration: 0.068s

Metadata:
    allowed_architectures is empty
    allowed_platforms is empty
    description is empty
    has_cleanup = false
    required_configs is empty
    required_disk_space = 0
    required_files is empty
    required_memory = 0
    required_programs is empty
    required_user is empty
    timeout = 300
===> local/kyua/utils/text/templates_test:instantiate__loop__nested__multiple_iterations
Result: passed
Duration: 0.035s

Metadata:
    allowed_architectures is empty
    allowed_platforms is empty
    description is empty
    has_cleanup = false
    required_configs is empty
    required_disk_space = 0
    required_files is empty
    required_memory = 0
    required_programs is empty
    required_user is empty
    timeout = 300
===> local/kyua/utils/text/templates_test:instantiate__loop__nested__no_iterations
Result: passed
Duration: 0.033s

Metadata:
    allowed_architectures is empty
    allowed_platforms is empty
    description is empty
    has_cleanup = false
    required_configs is empty
    required_disk_space = 0
    required_files is empty
    required_memory = 0
    required_programs is empty
    required_user is empty
    timeout = 300
===> local/kyua/utils/text/templates_test:instantiate__loop__no_iterations
Result: passed
Duration: 0.030s

Metadata:
    allowed_architectures is empty
    allowed_platforms is empty
    description is empty
    has_cleanup = false
    required_configs is empty
    required_disk_space = 0
    required_files is empty
    required_memory = 0
    required_programs is empty
    required_user is empty
    timeout = 300
===> local/kyua/utils/text/templates_test:instantiate__loop__scoping
Result: passed
Duration: 0.041s

Metadata:
    allowed_architectures is empty
    allowed_platforms is empty
    description is empty
    has_cleanup = false
    required_configs is empty
    required_disk_space = 0
    required_files is empty
    required_memory = 0
    required_programs is empty
    required_user is empty
    timeout = 300
===> local/kyua/utils/text/templates_test:instantiate__loop__sequential
Result: passed
Duration: 0.035s

Metadata:
    allowed_architectures is empty
    allowed_platforms is empty
    description is empty
    has_cleanup = false
    required_configs is empty
    required_disk_space = 0
    required_files is empty
    required_memory = 0
    required_programs is empty
    required_user is empty
    timeout = 300
===> local/kyua/utils/text/templates_test:instantiate__mismatched_delimiters
Result: passed
Duration: 0.043s

Metadata:
    allowed_architectures is empty
    allowed_platforms is empty
    description is empty
    has_cleanup = false
    required_configs is empty
    required_disk_space = 0
    required_files is empty
    required_memory = 0
    required_programs is empty
    required_user is empty
    timeout = 300
===> local/kyua/utils/text/templates_test:instantiate__unknown_statement
Result: passed
Duration: 0.055s

Metadata:
    allowed_architectures is empty
    allowed_platforms is empty
    description is empty
    has_cleanup = false
    required_configs is empty
    required_disk_space = 0
    required_files is empty
    required_memory = 0
    required_programs is empty
    required_user is empty
    timeout = 300
===> local/kyua/utils/text/templates_test:instantiate__value__ok
Result: passed
Duration: 0.047s

Metadata:
    allowed_architectures is empty
    allowed_platforms is empty
    description is empty
    has_cleanup = false
    required_configs is empty
    required_disk_space = 0
    required_files is empty
    required_memory = 0
    required_programs is empty
    required_user is empty
    timeout = 300
===> local/kyua/utils/text/templates_test:instantiate__value__unknown_variable
Result: passed
Duration: 0.035s

Metadata:
    allowed_architectures is empty
    allowed_platforms is empty
    description is empty
    has_cleanup = false
    required_configs is empty
    required_disk_space = 0
    required_files is empty
    required_memory = 0
    required_programs is empty
    required_user is empty
    timeout = 300
===> local/kyua/utils/text/templates_test:instantiate__vector_length__ok
Result: passed
Duration: 0.033s

Metadata:
    allowed_architectures is empty
    allowed_platforms is empty
    description is empty
    has_cleanup = false
    required_configs is empty
    required_disk_space = 0
    required_files is empty
    required_memory = 0
    required_programs is empty
    required_user is empty
    timeout = 300
===> local/kyua/utils/text/templates_test:instantiate__vector_length__unknown_vector
Result: passed
Duration: 0.034s

Metadata:
    allowed_architectures is empty
    allowed_platforms is empty
    description is empty
    has_cleanup = false
    required_configs is empty
    required_disk_space = 0
    required_files is empty
    required_memory = 0
    required_programs is empty
    required_user is empty
    timeout = 300
===> local/kyua/utils/text/templates_test:instantiate__vector_value__ok
Result: passed
Duration: 0.049s

Metadata:
    allowed_architectures is empty
    allowed_platforms is empty
    description is empty
    has_cleanup = false
    required_configs is empty
    required_disk_space = 0
    required_files is empty
    required_memory = 0
    required_programs is empty
    required_user is empty
    timeout = 300
===> local/kyua/utils/text/templates_test:instantiate__vector_value__out_of_range__empty
Result: passed
Duration: 0.034s

Metadata:
    allowed_architectures is empty
    allowed_platforms is empty
    description is empty
    has_cleanup = false
    required_configs is empty
    required_disk_space = 0
    required_files is empty
    required_memory = 0
    required_programs is empty
    required_user is empty
    timeout = 300
===> local/kyua/utils/text/templates_test:instantiate__vector_value__out_of_range__not_empty
Result: passed
Duration: 0.061s

Metadata:
    allowed_architectures is empty
    allowed_platforms is empty
    description is empty
    has_cleanup = false
    required_configs is empty
    required_disk_space = 0
    required_files is empty
    required_memory = 0
    required_programs is empty
    required_user is empty
    timeout = 300
===> local/kyua/utils/text/templates_test:instantiate__vector_value__unknown_vector
Result: passed
Duration: 0.068s

Metadata:
    allowed_architectures is empty
    allowed_platforms is empty
    description is empty
    has_cleanup = false
    required_configs is empty
    required_disk_space = 0
    required_files is empty
    required_memory = 0
    required_programs is empty
    required_user is empty
    timeout = 300
===> local/kyua/utils/text/templates_test:templates_def__add_to_vector
Result: passed
Duration: 0.194s

Metadata:
    allowed_architectures is empty
    allowed_platforms is empty
    description is empty
    has_cleanup = false
    required_configs is empty
    required_disk_space = 0
    required_files is empty
    required_memory = 0
    required_programs is empty
    required_user is empty
    timeout = 300
===> local/kyua/utils/text/templates_test:templates_def__add_variable__first
Result: passed
Duration: 0.068s

Metadata:
    allowed_architectures is empty
    allowed_platforms is empty
    description is empty
    has_cleanup = false
    required_configs is empty
    required_disk_space = 0
    required_files is empty
    required_memory = 0
    required_programs is empty
    required_user is empty
    timeout = 300
===> local/kyua/utils/text/templates_test:templates_def__add_variable__replace
Result: passed
Duration: 0.162s

Metadata:
    allowed_architectures is empty
    allowed_platforms is empty
    description is empty
    has_cleanup = false
    required_configs is empty
    required_disk_space = 0
    required_files is empty
    required_memory = 0
    required_programs is empty
    required_user is empty
    timeout = 300
===> local/kyua/utils/text/templates_test:templates_def__add_vector__first
Result: passed
Duration: 0.164s

Metadata:
    allowed_architectures is empty
    allowed_platforms is empty
    description is empty
    has_cleanup = false
    required_configs is empty
    required_disk_space = 0
    required_files is empty
    required_memory = 0
    required_programs is empty
    required_user is empty
    timeout = 300
===> local/kyua/utils/text/templates_test:templates_def__add_vector__replace
Result: passed
Duration: 0.062s

Metadata:
    allowed_architectures is empty
    allowed_platforms is empty
    description is empty
    has_cleanup = false
    required_configs is empty
    required_disk_space = 0
    required_files is empty
    required_memory = 0
    required_programs is empty
    required_user is empty
    timeout = 300
===> local/kyua/utils/text/templates_test:templates_def__evaluate__defined
Result: passed
Duration: 0.081s

Metadata:
    allowed_architectures is empty
    allowed_platforms is empty
    description is empty
    has_cleanup = false
    required_configs is empty
    required_disk_space = 0
    required_files is empty
    required_memory = 0
    required_programs is empty
    required_user is empty
    timeout = 300
===> local/kyua/utils/text/templates_test:templates_def__evaluate__length__ok
Result: passed
Duration: 0.027s

Metadata:
    allowed_architectures is empty
    allowed_platforms is empty
    description is empty
    has_cleanup = false
    required_configs is empty
    required_disk_space = 0
    required_files is empty
    required_memory = 0
    required_programs is empty
    required_user is empty
    timeout = 300
===> local/kyua/utils/text/templates_test:templates_def__evaluate__length__unknown_vector
Result: passed
Duration: 0.105s

Metadata:
    allowed_architectures is empty
    allowed_platforms is empty
    description is empty
    has_cleanup = false
    required_configs is empty
    required_disk_space = 0
    required_files is empty
    required_memory = 0
    required_programs is empty
    required_user is empty
    timeout = 300
===> local/kyua/utils/text/templates_test:templates_def__evaluate__parenthesis_error
Result: passed
Duration: 0.064s

Metadata:
    allowed_architectures is empty
    allowed_platforms is empty
    description is empty
    has_cleanup = false
    required_configs is empty
    required_disk_space = 0
    required_files is empty
    required_memory = 0
    required_programs is empty
    required_user is empty
    timeout = 300
===> local/kyua/utils/text/templates_test:templates_def__evaluate__variable__ok
Result: passed
Duration: 0.041s

Metadata:
    allowed_architectures is empty
    allowed_platforms is empty
    description is empty
    has_cleanup = false
    required_configs is empty
    required_disk_space = 0
    required_files is empty
    required_memory = 0
    required_programs is empty
    required_user is empty
    timeout = 300
===> local/kyua/utils/text/templates_test:templates_def__evaluate__variable__unknown
Result: passed
Duration: 0.060s

Metadata:
    allowed_architectures is empty
    allowed_platforms is empty
    description is empty
    has_cleanup = false
    required_configs is empty
    required_disk_space = 0
    required_files is empty
    required_memory = 0
    required_programs is empty
    required_user is empty
    timeout = 300
===> local/kyua/utils/text/templates_test:templates_def__evaluate__vector__ok
Result: passed
Duration: 0.080s

Metadata:
    allowed_architectures is empty
    allowed_platforms is empty
    description is empty
    has_cleanup = false
    required_configs is empty
    required_disk_space = 0
    required_files is empty
    required_memory = 0
    required_programs is empty
    required_user is empty
    timeout = 300
===> local/kyua/utils/text/templates_test:templates_def__evaluate__vector__out_of_range
Result: passed
Duration: 0.034s

Metadata:
    allowed_architectures is empty
    allowed_platforms is empty
    description is empty
    has_cleanup = false
    required_configs is empty
    required_disk_space = 0
    required_files is empty
    required_memory = 0
    required_programs is empty
    required_user is empty
    timeout = 300
===> local/kyua/utils/text/templates_test:templates_def__evaluate__vector__unknown_index
Result: passed
Duration: 0.263s

Metadata:
    allowed_architectures is empty
    allowed_platforms is empty
    description is empty
    has_cleanup = false
    required_configs is empty
    required_disk_space = 0
    required_files is empty
    required_memory = 0
    required_programs is empty
    required_user is empty
    timeout = 300
===> local/kyua/utils/text/templates_test:templates_def__evaluate__vector__unknown_vector
Result: passed
Duration: 0.105s

Metadata:
    allowed_architectures is empty
    allowed_platforms is empty
    description is empty
    has_cleanup = false
    required_configs is empty
    required_disk_space = 0
    required_files is empty
    required_memory = 0
    required_programs is empty
    required_user is empty
    timeout = 300
===> local/kyua/utils/text/templates_test:templates_def__exists__variable
Result: passed
Duration: 0.068s

Metadata:
    allowed_architectures is empty
    allowed_platforms is empty
    description is empty
    has_cleanup = false
    required_configs is empty
    required_disk_space = 0
    required_files is empty
    required_memory = 0
    required_programs is empty
    required_user is empty
    timeout = 300
===> local/kyua/utils/text/templates_test:templates_def__exists__vector
Result: passed
Duration: 0.185s

Metadata:
    allowed_architectures is empty
    allowed_platforms is empty
    description is empty
    has_cleanup = false
    required_configs is empty
    required_disk_space = 0
    required_files is empty
    required_memory = 0
    required_programs is empty
    required_user is empty
    timeout = 300
===> local/kyua/utils/text/templates_test:templates_def__get_variable__ok
Result: passed
Duration: 0.115s

Metadata:
    allowed_architectures is empty
    allowed_platforms is empty
    description is empty
    has_cleanup = false
    required_configs is empty
    required_disk_space = 0
    required_files is empty
    required_memory = 0
    required_programs is empty
    required_user is empty
    timeout = 300
===> local/kyua/utils/text/templates_test:templates_def__get_variable__unknown
Result: passed
Duration: 0.055s

Metadata:
    allowed_architectures is empty
    allowed_platforms is empty
    description is empty
    has_cleanup = false
    required_configs is empty
    required_disk_space = 0
    required_files is empty
    required_memory = 0
    required_programs is empty
    required_user is empty
    timeout = 300
===> local/kyua/utils/text/templates_test:templates_def__get_vector__ok
Result: passed
Duration: 0.145s

Metadata:
    allowed_architectures is empty
    allowed_platforms is empty
    description is empty
    has_cleanup = false
    required_configs is empty
    required_disk_space = 0
    required_files is empty
    required_memory = 0
    required_programs is empty
    required_user is empty
    timeout = 300
===> local/kyua/utils/text/templates_test:templates_def__get_vector__unknown
Result: passed
Duration: 0.050s

Metadata:
    allowed_architectures is empty
    allowed_platforms is empty
    description is empty
    has_cleanup = false
    required_configs is empty
    required_disk_space = 0
    required_files is empty
    required_memory = 0
    required_programs is empty
    required_user is empty
    timeout = 300
===> local/kyua/utils/text/templates_test:templates_def__remove_variable
Result: passed
Duration: 0.078s

Metadata:
    allowed_architectures is empty
    allowed_platforms is empty
    description is empty
    has_cleanup = false
    required_configs is empty
    required_disk_space = 0
    required_files is empty
    required_memory = 0
    required_programs is empty
    required_user is empty
    timeout = 300
===> local/kyua/utils/units_test:bytes__format__b
Result: passed
Duration: 0.076s

Metadata:
    allowed_architectures is empty
    allowed_platforms is empty
    description is empty
    has_cleanup = false
    required_configs is empty
    required_disk_space = 0
    required_files is empty
    required_memory = 0
    required_programs is empty
    required_user is empty
    timeout = 300
===> local/kyua/utils/units_test:bytes__format__gb
Result: passed
Duration: 0.042s

Metadata:
    allowed_architectures is empty
    allowed_platforms is empty
    description is empty
    has_cleanup = false
    required_configs is empty
    required_disk_space = 0
    required_files is empty
    required_memory = 0
    required_programs is empty
    required_user is empty
    timeout = 300
===> local/kyua/utils/units_test:bytes__format__kb
Result: passed
Duration: 0.027s

Metadata:
    allowed_architectures is empty
    allowed_platforms is empty
    description is empty
    has_cleanup = false
    required_configs is empty
    required_disk_space = 0
    required_files is empty
    required_memory = 0
    required_programs is empty
    required_user is empty
    timeout = 300
===> local/kyua/utils/units_test:bytes__format__mb
Result: passed
Duration: 0.027s

Metadata:
    allowed_architectures is empty
    allowed_platforms is empty
    description is empty
    has_cleanup = false
    required_configs is empty
    required_disk_space = 0
    required_files is empty
    required_memory = 0
    required_programs is empty
    required_user is empty
    timeout = 300
===> local/kyua/utils/units_test:bytes__format__tb
Result: passed
Duration: 0.038s

Metadata:
    allowed_architectures is empty
    allowed_platforms is empty
    description is empty
    has_cleanup = false
    required_configs is empty
    required_disk_space = 0
    required_files is empty
    required_memory = 0
    required_programs is empty
    required_user is empty
    timeout = 300
===> local/kyua/utils/units_test:bytes__istream__error
Result: passed
Duration: 0.027s

Metadata:
    allowed_architectures is empty
    allowed_platforms is empty
    description is empty
    has_cleanup = false
    required_configs is empty
    required_disk_space = 0
    required_files is empty
    required_memory = 0
    required_programs is empty
    required_user is empty
    timeout = 300
===> local/kyua/utils/units_test:bytes__istream__many_words
Result: passed
Duration: 0.044s

Metadata:
    allowed_architectures is empty
    allowed_platforms is empty
    description is empty
    has_cleanup = false
    required_configs is empty
    required_disk_space = 0
    required_files is empty
    required_memory = 0
    required_programs is empty
    required_user is empty
    timeout = 300
===> local/kyua/utils/units_test:bytes__istream__one_word
Result: passed
Duration: 0.042s

Metadata:
    allowed_architectures is empty
    allowed_platforms is empty
    description is empty
    has_cleanup = false
    required_configs is empty
    required_disk_space = 0
    required_files is empty
    required_memory = 0
    required_programs is empty
    required_user is empty
    timeout = 300
===> local/kyua/utils/units_test:bytes__ostream
Result: passed
Duration: 0.034s

Metadata:
    allowed_architectures is empty
    allowed_platforms is empty
    description is empty
    has_cleanup = false
    required_configs is empty
    required_disk_space = 0
    required_files is empty
    required_memory = 0
    required_programs is empty
    required_user is empty
    timeout = 300
===> local/kyua/utils/units_test:bytes__parse__b
Result: passed
Duration: 0.026s

Metadata:
    allowed_architectures is empty
    allowed_platforms is empty
    description is empty
    has_cleanup = false
    required_configs is empty
    required_disk_space = 0
    required_files is empty
    required_memory = 0
    required_programs is empty
    required_user is empty
    timeout = 300
===> local/kyua/utils/units_test:bytes__parse__error
Result: passed
Duration: 0.028s

Metadata:
    allowed_architectures is empty
    allowed_platforms is empty
    description is empty
    has_cleanup = false
    required_configs is empty
    required_disk_space = 0
    required_files is empty
    required_memory = 0
    required_programs is empty
    required_user is empty
    timeout = 300
===> local/kyua/utils/units_test:bytes__parse__gb
Result: passed
Duration: 0.026s

Metadata:
    allowed_architectures is empty
    allowed_platforms is empty
    description is empty
    has_cleanup = false
    required_configs is empty
    required_disk_space = 0
    required_files is empty
    required_memory = 0
    required_programs is empty
    required_user is empty
    timeout = 300
===> local/kyua/utils/units_test:bytes__parse__kb
Result: passed
Duration: 0.034s

Metadata:
    allowed_architectures is empty
    allowed_platforms is empty
    description is empty
    has_cleanup = false
    required_configs is empty
    required_disk_space = 0
    required_files is empty
    required_memory = 0
    required_programs is empty
    required_user is empty
    timeout = 300
===> local/kyua/utils/units_test:bytes__parse__mb
Result: passed
Duration: 0.027s

Metadata:
    allowed_architectures is empty
    allowed_platforms is empty
    description is empty
    has_cleanup = false
    required_configs is empty
    required_disk_space = 0
    required_files is empty
    required_memory = 0
    required_programs is empty
    required_user is empty
    timeout = 300
===> local/kyua/utils/units_test:bytes__parse__tb
Result: passed
Duration: 0.036s

Metadata:
    allowed_architectures is empty
    allowed_platforms is empty
    description is empty
    has_cleanup = false
    required_configs is empty
    required_disk_space = 0
    required_files is empty
    required_memory = 0
    required_programs is empty
    required_user is empty
    timeout = 300
===> local/lutok/c_gate_test:c_state
Result: passed
Duration: 0.163s

Metadata:
    allowed_architectures is empty
    allowed_platforms is empty
    description is empty
    has_cleanup = false
    required_configs is empty
    required_disk_space = 0
    required_files is empty
    required_memory = 0
    required_programs is empty
    required_user is empty
    timeout = 300
===> local/lutok/c_gate_test:connect
Result: passed
Duration: 0.137s

Metadata:
    allowed_architectures is empty
    allowed_platforms is empty
    description is empty
    has_cleanup = false
    required_configs is empty
    required_disk_space = 0
    required_files is empty
    required_memory = 0
    required_programs is empty
    required_user is empty
    timeout = 300
===> local/lutok/debug_test:get_info
Result: passed
Duration: 0.145s

Metadata:
    allowed_architectures is empty
    allowed_platforms is empty
    description is empty
    has_cleanup = false
    required_configs is empty
    required_disk_space = 0
    required_files is empty
    required_memory = 0
    required_programs is empty
    required_user is empty
    timeout = 300
===> local/lutok/debug_test:get_stack
Result: passed
Duration: 0.058s

Metadata:
    allowed_architectures is empty
    allowed_platforms is empty
    description is empty
    has_cleanup = false
    required_configs is empty
    required_disk_space = 0
    required_files is empty
    required_memory = 0
    required_programs is empty
    required_user is empty
    timeout = 300
===> local/lutok/examples_test:bindings
Result: passed
Duration: 2.347s

Metadata:
    allowed_architectures is empty
    allowed_platforms is empty
    description is empty
    has_cleanup = false
    required_configs is empty
    required_disk_space = 0
    required_files = /usr/local/share/examples/lutok/bindings.cpp
    required_memory = 0
    required_programs = make pkg-config
    required_user is empty
    timeout = 300

Standard output:
c++ -I/usr/local/include/lua52 -I/usr/local/include -O2 -pipe -L/usr/local/lib -o bindings bindings.cpp -llua-5.2 -lm -llutok
Executing command [ ./bindings 5 ]
Executing command [ ./bindings foo ]
Executing command [ ./bindings -5 ]
===> local/lutok/examples_test:hello
Result: passed
Duration: 0.753s

Metadata:
    allowed_architectures is empty
    allowed_platforms is empty
    description is empty
    has_cleanup = false
    required_configs is empty
    required_disk_space = 0
    required_files = /usr/local/share/examples/lutok/hello.cpp
    required_memory = 0
    required_programs = make pkg-config
    required_user is empty
    timeout = 300

Standard output:
c++ -I/usr/local/include/lua52 -I/usr/local/include -O2 -pipe -L/usr/local/lib -o hello hello.cpp -llua-5.2 -lm -llutok
Executing command [ ./hello ]
===> local/lutok/examples_test:interpreter
Result: passed
Duration: 1.480s

Metadata:
    allowed_architectures is empty
    allowed_platforms is empty
    description is empty
    has_cleanup = false
    required_configs is empty
    required_disk_space = 0
    required_files = /usr/local/share/examples/lutok/interpreter.cpp
    required_memory = 0
    required_programs = make pkg-config
    required_user is empty
    timeout = 300

Standard output:
c++ -I/usr/local/include/lua52 -I/usr/local/include -O2 -pipe -L/usr/local/lib -o interpreter interpreter.cpp -llua-5.2 -lm -llutok
Executing command [ /bin/sh -c ./interpreter <script.lua ]
===> local/lutok/examples_test:raii
Result: passed
Duration: 1.485s

Metadata:
    allowed_architectures is empty
    allowed_platforms is empty
    description is empty
    has_cleanup = false
    required_configs is empty
    required_disk_space = 0
    required_files = /usr/local/share/examples/lutok/raii.cpp
    required_memory = 0
    required_programs = make pkg-config
    required_user is empty
    timeout = 300

Standard output:
c++ -I/usr/local/include/lua52 -I/usr/local/include -O2 -pipe -L/usr/local/lib -o raii raii.cpp -llua-5.2 -lm -llutok
Executing command [ ./raii ]
===> local/lutok/exceptions_test:api_error__explicit
Result: passed
Duration: 0.115s

Metadata:
    allowed_architectures is empty
    allowed_platforms is empty
    description is empty
    has_cleanup = false
    required_configs is empty
    required_disk_space = 0
    required_files is empty
    required_memory = 0
    required_programs is empty
    required_user is empty
    timeout = 300
===> local/lutok/exceptions_test:api_error__from_stack
Result: passed
Duration: 0.182s

Metadata:
    allowed_architectures is empty
    allowed_platforms is empty
    description is empty
    has_cleanup = false
    required_configs is empty
    required_disk_space = 0
    required_files is empty
    required_memory = 0
    required_programs is empty
    required_user is empty
    timeout = 300
===> local/lutok/exceptions_test:error
Result: passed
Duration: 0.193s

Metadata:
    allowed_architectures is empty
    allowed_platforms is empty
    description is empty
    has_cleanup = false
    required_configs is empty
    required_disk_space = 0
    required_files is empty
    required_memory = 0
    required_programs is empty
    required_user is empty
    timeout = 300
===> local/lutok/exceptions_test:file_not_found_error
Result: passed
Duration: 0.302s

Metadata:
    allowed_architectures is empty
    allowed_platforms is empty
    description is empty
    has_cleanup = false
    required_configs is empty
    required_disk_space = 0
    required_files is empty
    required_memory = 0
    required_programs is empty
    required_user is empty
    timeout = 300
===> local/lutok/operations_test:create_module__empty
Result: passed
Duration: 0.211s

Metadata:
    allowed_architectures is empty
    allowed_platforms is empty
    description is empty
    has_cleanup = false
    required_configs is empty
    required_disk_space = 0
    required_files is empty
    required_memory = 0
    required_programs is empty
    required_user is empty
    timeout = 300
===> local/lutok/operations_test:create_module__many
Result: passed
Duration: 0.301s

Metadata:
    allowed_architectures is empty
    allowed_platforms is empty
    description is empty
    has_cleanup = false
    required_configs is empty
    required_disk_space = 0
    required_files is empty
    required_memory = 0
    required_programs is empty
    required_user is empty
    timeout = 300
===> local/lutok/operations_test:create_module__one
Result: passed
Duration: 0.925s

Metadata:
    allowed_architectures is empty
    allowed_platforms is empty
    description is empty
    has_cleanup = false
    required_configs is empty
    required_disk_space = 0
    required_files is empty
    required_memory = 0
    required_programs is empty
    required_user is empty
    timeout = 300
===> local/lutok/operations_test:do_file__any_results
Result: passed
Duration: 0.247s

Metadata:
    allowed_architectures is empty
    allowed_platforms is empty
    description is empty
    has_cleanup = false
    required_configs is empty
    required_disk_space = 0
    required_files is empty
    required_memory = 0
    required_programs is empty
    required_user is empty
    timeout = 300
===> local/lutok/operations_test:do_file__error
Result: passed
Duration: 0.367s

Metadata:
    allowed_architectures is empty
    allowed_platforms is empty
    description is empty
    has_cleanup = false
    required_configs is empty
    required_disk_space = 0
    required_files is empty
    required_memory = 0
    required_programs is empty
    required_user is empty
    timeout = 300
===> local/lutok/operations_test:do_file__error_with_errfunc
Result: passed
Duration: 0.249s

Metadata:
    allowed_architectures is empty
    allowed_platforms is empty
    description is empty
    has_cleanup = false
    required_configs is empty
    required_disk_space = 0
    required_files is empty
    required_memory = 0
    required_programs is empty
    required_user is empty
    timeout = 300
===> local/lutok/operations_test:do_file__many_results
Result: passed
Duration: 0.250s

Metadata:
    allowed_architectures is empty
    allowed_platforms is empty
    description is empty
    has_cleanup = false
    required_configs is empty
    required_disk_space = 0
    required_files is empty
    required_memory = 0
    required_programs is empty
    required_user is empty
    timeout = 300
===> local/lutok/operations_test:do_file__no_results
Result: passed
Duration: 0.308s

Metadata:
    allowed_architectures is empty
    allowed_platforms is empty
    description is empty
    has_cleanup = false
    required_configs is empty
    required_disk_space = 0
    required_files is empty
    required_memory = 0
    required_programs is empty
    required_user is empty
    timeout = 300
===> local/lutok/operations_test:do_file__not_found
Result: passed
Duration: 0.294s

Metadata:
    allowed_architectures is empty
    allowed_platforms is empty
    description is empty
    has_cleanup = false
    required_configs is empty
    required_disk_space = 0
    required_files is empty
    required_memory = 0
    required_programs is empty
    required_user is empty
    timeout = 300
===> local/lutok/operations_test:do_file__some_args
Result: passed
Duration: 0.310s

Metadata:
    allowed_architectures is empty
    allowed_platforms is empty
    description is empty
    has_cleanup = false
    required_configs is empty
    required_disk_space = 0
    required_files is empty
    required_memory = 0
    required_programs is empty
    required_user is empty
    timeout = 300
===> local/lutok/operations_test:do_string__any_results
Result: passed
Duration: 0.579s

Metadata:
    allowed_architectures is empty
    allowed_platforms is empty
    description is empty
    has_cleanup = false
    required_configs is empty
    required_disk_space = 0
    required_files is empty
    required_memory = 0
    required_programs is empty
    required_user is empty
    timeout = 300
===> local/lutok/operations_test:do_string__error
Result: passed
Duration: 0.383s

Metadata:
    allowed_architectures is empty
    allowed_platforms is empty
    description is empty
    has_cleanup = false
    required_configs is empty
    required_disk_space = 0
    required_files is empty
    required_memory = 0
    required_programs is empty
    required_user is empty
    timeout = 300
===> local/lutok/operations_test:do_string__error_with_errfunc
Result: passed
Duration: 0.657s

Metadata:
    allowed_architectures is empty
    allowed_platforms is empty
    description is empty
    has_cleanup = false
    required_configs is empty
    required_disk_space = 0
    required_files is empty
    required_memory = 0
    required_programs is empty
    required_user is empty
    timeout = 300
===> local/lutok/operations_test:do_string__many_results
Result: passed
Duration: 0.204s

Metadata:
    allowed_architectures is empty
    allowed_platforms is empty
    description is empty
    has_cleanup = false
    required_configs is empty
    required_disk_space = 0
    required_files is empty
    required_memory = 0
    required_programs is empty
    required_user is empty
    timeout = 300
===> local/lutok/operations_test:do_string__no_results
Result: passed
Duration: 0.134s

Metadata:
    allowed_architectures is empty
    allowed_platforms is empty
    description is empty
    has_cleanup = false
    required_configs is empty
    required_disk_space = 0
    required_files is empty
    required_memory = 0
    required_programs is empty
    required_user is empty
    timeout = 300
===> local/lutok/operations_test:do_string__some_args
Result: passed
Duration: 0.074s

Metadata:
    allowed_architectures is empty
    allowed_platforms is empty
    description is empty
    has_cleanup = false
    required_configs is empty
    required_disk_space = 0
    required_files is empty
    required_memory = 0
    required_programs is empty
    required_user is empty
    timeout = 300
===> local/lutok/operations_test:eval__error
Result: passed
Duration: 0.624s

Metadata:
    allowed_architectures is empty
    allowed_platforms is empty
    description is empty
    has_cleanup = false
    required_configs is empty
    required_disk_space = 0
    required_files is empty
    required_memory = 0
    required_programs is empty
    required_user is empty
    timeout = 300
===> local/lutok/operations_test:eval__many_results
Result: passed
Duration: 0.122s

Metadata:
    allowed_architectures is empty
    allowed_platforms is empty
    description is empty
    has_cleanup = false
    required_configs is empty
    required_disk_space = 0
    required_files is empty
    required_memory = 0
    required_programs is empty
    required_user is empty
    timeout = 300
===> local/lutok/operations_test:eval__one_result
Result: passed
Duration: 0.152s

Metadata:
    allowed_architectures is empty
    allowed_platforms is empty
    description is empty
    has_cleanup = false
    required_configs is empty
    required_disk_space = 0
    required_files is empty
    required_memory = 0
    required_programs is empty
    required_user is empty
    timeout = 300
===> local/lutok/stack_cleaner_test:empty
Result: passed
Duration: 0.088s

Metadata:
    allowed_architectures is empty
    allowed_platforms is empty
    description is empty
    has_cleanup = false
    required_configs is empty
    required_disk_space = 0
    required_files is empty
    required_memory = 0
    required_programs is empty
    required_user is empty
    timeout = 300
===> local/lutok/stack_cleaner_test:forget
Result: passed
Duration: 0.094s

Metadata:
    allowed_architectures is empty
    allowed_platforms is empty
    description is empty
    has_cleanup = false
    required_configs is empty
    required_disk_space = 0
    required_files is empty
    required_memory = 0
    required_programs is empty
    required_user is empty
    timeout = 300
===> local/lutok/stack_cleaner_test:nested
Result: passed
Duration: 0.128s

Metadata:
    allowed_architectures is empty
    allowed_platforms is empty
    description is empty
    has_cleanup = false
    required_configs is empty
    required_disk_space = 0
    required_files is empty
    required_memory = 0
    required_programs is empty
    required_user is empty
    timeout = 300
===> local/lutok/stack_cleaner_test:some
Result: passed
Duration: 0.080s

Metadata:
    allowed_architectures is empty
    allowed_platforms is empty
    description is empty
    has_cleanup = false
    required_configs is empty
    required_disk_space = 0
    required_files is empty
    required_memory = 0
    required_programs is empty
    required_user is empty
    timeout = 300
===> local/lutok/state_test:close
Result: passed
Duration: 0.083s

Metadata:
    allowed_architectures is empty
    allowed_platforms is empty
    description is empty
    has_cleanup = false
    required_configs is empty
    required_disk_space = 0
    required_files is empty
    required_memory = 0
    required_programs is empty
    required_user is empty
    timeout = 300
===> local/lutok/state_test:get_global__ok
Result: passed
Duration: 0.093s

Metadata:
    allowed_architectures is empty
    allowed_platforms is empty
    description is empty
    has_cleanup = false
    required_configs is empty
    required_disk_space = 0
    required_files is empty
    required_memory = 0
    required_programs is empty
    required_user is empty
    timeout = 300
===> local/lutok/state_test:get_global__undefined
Result: passed
Duration: 0.074s

Metadata:
    allowed_architectures is empty
    allowed_platforms is empty
    description is empty
    has_cleanup = false
    required_configs is empty
    required_disk_space = 0
    required_files is empty
    required_memory = 0
    required_programs is empty
    required_user is empty
    timeout = 300
===> local/lutok/state_test:get_global_table
Result: passed
Duration: 0.099s

Metadata:
    allowed_architectures is empty
    allowed_platforms is empty
    description is empty
    has_cleanup = false
    required_configs is empty
    required_disk_space = 0
    required_files is empty
    required_memory = 0
    required_programs is empty
    required_user is empty
    timeout = 300
===> local/lutok/state_test:get_metafield__ok
Result: passed
Duration: 0.099s

Metadata:
    allowed_architectures is empty
    allowed_platforms is empty
    description is empty
    has_cleanup = false
    required_configs is empty
    required_disk_space = 0
    required_files is empty
    required_memory = 0
    required_programs is empty
    required_user is empty
    timeout = 300
===> local/lutok/state_test:get_metafield__undefined
Result: passed
Duration: 0.078s

Metadata:
    allowed_architectures is empty
    allowed_platforms is empty
    description is empty
    has_cleanup = false
    required_configs is empty
    required_disk_space = 0
    required_files is empty
    required_memory = 0
    required_programs is empty
    required_user is empty
    timeout = 300
===> local/lutok/state_test:get_metatable__ok
Result: passed
Duration: 0.077s

Metadata:
    allowed_architectures is empty
    allowed_platforms is empty
    description is empty
    has_cleanup = false
    required_configs is empty
    required_disk_space = 0
    required_files is empty
    required_memory = 0
    required_programs is empty
    required_user is empty
    timeout = 300
===> local/lutok/state_test:get_metatable__undefined
Result: passed
Duration: 0.077s

Metadata:
    allowed_architectures is empty
    allowed_platforms is empty
    description is empty
    has_cleanup = false
    required_configs is empty
    required_disk_space = 0
    required_files is empty
    required_memory = 0
    required_programs is empty
    required_user is empty
    timeout = 300
===> local/lutok/state_test:get_table__nil
Result: passed
Duration: 0.148s

Metadata:
    allowed_architectures is empty
    allowed_platforms is empty
    description is empty
    has_cleanup = false
    required_configs is empty
    required_disk_space = 0
    required_files is empty
    required_memory = 0
    required_programs is empty
    required_user is empty
    timeout = 300
===> local/lutok/state_test:get_table__ok
Result: passed
Duration: 0.091s

Metadata:
    allowed_architectures is empty
    allowed_platforms is empty
    description is empty
    has_cleanup = false
    required_configs is empty
    required_disk_space = 0
    required_files is empty
    required_memory = 0
    required_programs is empty
    required_user is empty
    timeout = 300
===> local/lutok/state_test:get_table__unknown_index
Result: passed
Duration: 0.132s

Metadata:
    allowed_architectures is empty
    allowed_platforms is empty
    description is empty
    has_cleanup = false
    required_configs is empty
    required_disk_space = 0
    required_files is empty
    required_memory = 0
    required_programs is empty
    required_user is empty
    timeout = 300
===> local/lutok/state_test:get_top
Result: passed
Duration: 0.039s

Metadata:
    allowed_architectures is empty
    allowed_platforms is empty
    description is empty
    has_cleanup = false
    required_configs is empty
    required_disk_space = 0
    required_files is empty
    required_memory = 0
    required_programs is empty
    required_user is empty
    timeout = 300
===> local/lutok/state_test:insert
Result: passed
Duration: 0.106s

Metadata:
    allowed_architectures is empty
    allowed_platforms is empty
    description is empty
    has_cleanup = false
    required_configs is empty
    required_disk_space = 0
    required_files is empty
    required_memory = 0
    required_programs is empty
    required_user is empty
    timeout = 300
===> local/lutok/state_test:is_boolean__empty
Result: passed
Duration: 0.098s

Metadata:
    allowed_architectures is empty
    allowed_platforms is empty
    description is empty
    has_cleanup = false
    required_configs is empty
    required_disk_space = 0
    required_files is empty
    required_memory = 0
    required_programs is empty
    required_user is empty
    timeout = 300
===> local/lutok/state_test:is_boolean__ok
Result: passed
Duration: 0.094s

Metadata:
    allowed_architectures is empty
    allowed_platforms is empty
    description is empty
    has_cleanup = false
    required_configs is empty
    required_disk_space = 0
    required_files is empty
    required_memory = 0
    required_programs is empty
    required_user is empty
    timeout = 300
===> local/lutok/state_test:is_function__empty
Result: passed
Duration: 0.089s

Metadata:
    allowed_architectures is empty
    allowed_platforms is empty
    description is empty
    has_cleanup = false
    required_configs is empty
    required_disk_space = 0
    required_files is empty
    required_memory = 0
    required_programs is empty
    required_user is empty
    timeout = 300
===> local/lutok/state_test:is_function__ok
Result: passed
Duration: 0.066s

Metadata:
    allowed_architectures is empty
    allowed_platforms is empty
    description is empty
    has_cleanup = false
    required_configs is empty
    required_disk_space = 0
    required_files is empty
    required_memory = 0
    required_programs is empty
    required_user is empty
    timeout = 300
===> local/lutok/state_test:is_nil__empty
Result: passed
Duration: 0.250s

Metadata:
    allowed_architectures is empty
    allowed_platforms is empty
    description is empty
    has_cleanup = false
    required_configs is empty
    required_disk_space = 0
    required_files is empty
    required_memory = 0
    required_programs is empty
    required_user is empty
    timeout = 300
===> local/lutok/state_test:is_nil__ok
Result: passed
Duration: 0.127s

Metadata:
    allowed_architectures is empty
    allowed_platforms is empty
    description is empty
    has_cleanup = false
    required_configs is empty
    required_disk_space = 0
    required_files is empty
    required_memory = 0
    required_programs is empty
    required_user is empty
    timeout = 300
===> local/lutok/state_test:is_number__empty
Result: passed
Duration: 0.218s

Metadata:
    allowed_architectures is empty
    allowed_platforms is empty
    description is empty
    has_cleanup = false
    required_configs is empty
    required_disk_space = 0
    required_files is empty
    required_memory = 0
    required_programs is empty
    required_user is empty
    timeout = 300
===> local/lutok/state_test:is_number__ok
Result: passed
Duration: 0.060s

Metadata:
    allowed_architectures is empty
    allowed_platforms is empty
    description is empty
    has_cleanup = false
    required_configs is empty
    required_disk_space = 0
    required_files is empty
    required_memory = 0
    required_programs is empty
    required_user is empty
    timeout = 300
===> local/lutok/state_test:is_string__empty
Result: passed
Duration: 0.073s

Metadata:
    allowed_architectures is empty
    allowed_platforms is empty
    description is empty
    has_cleanup = false
    required_configs is empty
    required_disk_space = 0
    required_files is empty
    required_memory = 0
    required_programs is empty
    required_user is empty
    timeout = 300
===> local/lutok/state_test:is_string__ok
Result: passed
Duration: 0.074s

Metadata:
    allowed_architectures is empty
    allowed_platforms is empty
    description is empty
    has_cleanup = false
    required_configs is empty
    required_disk_space = 0
    required_files is empty
    required_memory = 0
    required_programs is empty
    required_user is empty
    timeout = 300
===> local/lutok/state_test:is_table__empty
Result: passed
Duration: 0.057s

Metadata:
    allowed_architectures is empty
    allowed_platforms is empty
    description is empty
    has_cleanup = false
    required_configs is empty
    required_disk_space = 0
    required_files is empty
    required_memory = 0
    required_programs is empty
    required_user is empty
    timeout = 300
===> local/lutok/state_test:is_table__ok
Result: passed
Duration: 0.071s

Metadata:
    allowed_architectures is empty
    allowed_platforms is empty
    description is empty
    has_cleanup = false
    required_configs is empty
    required_disk_space = 0
    required_files is empty
    required_memory = 0
    required_programs is empty
    required_user is empty
    timeout = 300
===> local/lutok/state_test:is_userdata__empty
Result: passed
Duration: 0.039s

Metadata:
    allowed_architectures is empty
    allowed_platforms is empty
    description is empty
    has_cleanup = false
    required_configs is empty
    required_disk_space = 0
    required_files is empty
    required_memory = 0
    required_programs is empty
    required_user is empty
    timeout = 300
===> local/lutok/state_test:is_userdata__ok
Result: passed
Duration: 0.135s

Metadata:
    allowed_architectures is empty
    allowed_platforms is empty
    description is empty
    has_cleanup = false
    required_configs is empty
    required_disk_space = 0
    required_files is empty
    required_memory = 0
    required_programs is empty
    required_user is empty
    timeout = 300
===> local/lutok/state_test:load_file__api_error
Result: passed
Duration: 0.111s

Metadata:
    allowed_architectures is empty
    allowed_platforms is empty
    description is empty
    has_cleanup = false
    required_configs is empty
    required_disk_space = 0
    required_files is empty
    required_memory = 0
    required_programs is empty
    required_user is empty
    timeout = 300
===> local/lutok/state_test:load_file__file_not_found_error
Result: passed
Duration: 0.092s

Metadata:
    allowed_architectures is empty
    allowed_platforms is empty
    description is empty
    has_cleanup = false
    required_configs is empty
    required_disk_space = 0
    required_files is empty
    required_memory = 0
    required_programs is empty
    required_user is empty
    timeout = 300
===> local/lutok/state_test:load_file__ok
Result: passed
Duration: 0.131s

Metadata:
    allowed_architectures is empty
    allowed_platforms is empty
    description is empty
    has_cleanup = false
    required_configs is empty
    required_disk_space = 0
    required_files is empty
    required_memory = 0
    required_programs is empty
    required_user is empty
    timeout = 300
===> local/lutok/state_test:load_string__fail
Result: passed
Duration: 0.069s

Metadata:
    allowed_architectures is empty
    allowed_platforms is empty
    description is empty
    has_cleanup = false
    required_configs is empty
    required_disk_space = 0
    required_files is empty
    required_memory = 0
    required_programs is empty
    required_user is empty
    timeout = 300
===> local/lutok/state_test:load_string__ok
Result: passed
Duration: 0.039s

Metadata:
    allowed_architectures is empty
    allowed_platforms is empty
    description is empty
    has_cleanup = false
    required_configs is empty
    required_disk_space = 0
    required_files is empty
    required_memory = 0
    required_programs is empty
    required_user is empty
    timeout = 300
===> local/lutok/state_test:new_table
Result: passed
Duration: 0.089s

Metadata:
    allowed_architectures is empty
    allowed_platforms is empty
    description is empty
    has_cleanup = false
    required_configs is empty
    required_disk_space = 0
    required_files is empty
    required_memory = 0
    required_programs is empty
    required_user is empty
    timeout = 300
===> local/lutok/state_test:new_userdata
Result: passed
Duration: 0.053s

Metadata:
    allowed_architectures is empty
    allowed_platforms is empty
    description is empty
    has_cleanup = false
    required_configs is empty
    required_disk_space = 0
    required_files is empty
    required_memory = 0
    required_programs is empty
    required_user is empty
    timeout = 300
===> local/lutok/state_test:next__empty
Result: passed
Duration: 0.108s

Metadata:
    allowed_architectures is empty
    allowed_platforms is empty
    description is empty
    has_cleanup = false
    required_configs is empty
    required_disk_space = 0
    required_files is empty
    required_memory = 0
    required_programs is empty
    required_user is empty
    timeout = 300
===> local/lutok/state_test:next__many
Result: passed
Duration: 0.077s

Metadata:
    allowed_architectures is empty
    allowed_platforms is empty
    description is empty
    has_cleanup = false
    required_configs is empty
    required_disk_space = 0
    required_files is empty
    required_memory = 0
    required_programs is empty
    required_user is empty
    timeout = 300
===> local/lutok/state_test:open_all
Result: passed
Duration: 0.070s

Metadata:
    allowed_architectures is empty
    allowed_platforms is empty
    description is empty
    has_cleanup = false
    required_configs is empty
    required_disk_space = 0
    required_files is empty
    required_memory = 0
    required_programs is empty
    required_user is empty
    timeout = 300

Standard output:
Checking loaded modules
Symbol assert not found
Symbol string.byte not found
Symbol table.concat not found
Symbol assert found
Symbol debug.getinfo found
Symbol package.path found
Symbol string.byte found
Symbol table.concat found
===> local/lutok/state_test:open_base
Result: passed
Duration: 0.074s

Metadata:
    allowed_architectures is empty
    allowed_platforms is empty
    description is empty
    has_cleanup = false
    required_configs is empty
    required_disk_space = 0
    required_files is empty
    required_memory = 0
    required_programs is empty
    required_user is empty
    timeout = 300

Standard output:
Checking loaded modules
Symbol assert not found
Symbol string.byte not found
Symbol table.concat not found
Checking loaded modules (base expected)
Symbol assert found
Symbol string.byte not found
Symbol table.concat not found
===> local/lutok/state_test:open_string
Result: passed
Duration: 0.836s

Metadata:
    allowed_architectures is empty
    allowed_platforms is empty
    description is empty
    has_cleanup = false
    required_configs is empty
    required_disk_space = 0
    required_files is empty
    required_memory = 0
    required_programs is empty
    required_user is empty
    timeout = 300

Standard output:
Checking loaded modules
Symbol assert not found
Symbol string.byte not found
Symbol table.concat not found
Checking loaded modules (string expected)
Symbol assert not found
Symbol string.byte found
Symbol table.concat not found
===> local/lutok/state_test:open_table
Result: passed
Duration: 0.154s

Metadata:
    allowed_architectures is empty
    allowed_platforms is empty
    description is empty
    has_cleanup = false
    required_configs is empty
    required_disk_space = 0
    required_files is empty
    required_memory = 0
    required_programs is empty
    required_user is empty
    timeout = 300

Standard output:
Checking loaded modules
Symbol assert not found
Symbol string.byte not found
Symbol table.concat not found
Checking loaded modules (table expected)
Symbol assert not found
Symbol string.byte not found
Symbol table.concat found
===> local/lutok/state_test:pcall__fail
Result: passed
Duration: 0.086s

Metadata:
    allowed_architectures is empty
    allowed_platforms is empty
    description is empty
    has_cleanup = false
    required_configs is empty
    required_disk_space = 0
    required_files is empty
    required_memory = 0
    required_programs is empty
    required_user is empty
    timeout = 300
===> local/lutok/state_test:pcall__ok
Result: passed
Duration: 0.060s

Metadata:
    allowed_architectures is empty
    allowed_platforms is empty
    description is empty
    has_cleanup = false
    required_configs is empty
    required_disk_space = 0
    required_files is empty
    required_memory = 0
    required_programs is empty
    required_user is empty
    timeout = 300
===> local/lutok/state_test:pop__many
Result: passed
Duration: 0.123s

Metadata:
    allowed_architectures is empty
    allowed_platforms is empty
    description is empty
    has_cleanup = false
    required_configs is empty
    required_disk_space = 0
    required_files is empty
    required_memory = 0
    required_programs is empty
    required_user is empty
    timeout = 300
===> local/lutok/state_test:pop__one
Result: passed
Duration: 0.129s

Metadata:
    allowed_architectures is empty
    allowed_platforms is empty
    description is empty
    has_cleanup = false
    required_configs is empty
    required_disk_space = 0
    required_files is empty
    required_memory = 0
    required_programs is empty
    required_user is empty
    timeout = 300
===> local/lutok/state_test:push_boolean
Result: passed
Duration: 0.125s

Metadata:
    allowed_architectures is empty
    allowed_platforms is empty
    description is empty
    has_cleanup = false
    required_configs is empty
    required_disk_space = 0
    required_files is empty
    required_memory = 0
    required_programs is empty
    required_user is empty
    timeout = 300
===> local/lutok/state_test:push_cxx_closure
Result: passed
Duration: 0.066s

Metadata:
    allowed_architectures is empty
    allowed_platforms is empty
    description is empty
    has_cleanup = false
    required_configs is empty
    required_disk_space = 0
    required_files is empty
    required_memory = 0
    required_programs is empty
    required_user is empty
    timeout = 300
===> local/lutok/state_test:push_cxx_function__fail_anything
Result: passed
Duration: 0.121s

Metadata:
    allowed_architectures is empty
    allowed_platforms is empty
    description is empty
    has_cleanup = false
    required_configs is empty
    required_disk_space = 0
    required_files is empty
    required_memory = 0
    required_programs is empty
    required_user is empty
    timeout = 300
===> local/lutok/state_test:push_cxx_function__fail_exception
Result: passed
Duration: 0.073s

Metadata:
    allowed_architectures is empty
    allowed_platforms is empty
    description is empty
    has_cleanup = false
    required_configs is empty
    required_disk_space = 0
    required_files is empty
    required_memory = 0
    required_programs is empty
    required_user is empty
    timeout = 300
===> local/lutok/state_test:push_cxx_function__fail_overflow
Result: passed
Duration: 0.045s

Metadata:
    allowed_architectures is empty
    allowed_platforms is empty
    description is empty
    has_cleanup = false
    required_configs is empty
    required_disk_space = 0
    required_files is empty
    required_memory = 0
    required_programs is empty
    required_user is empty
    timeout = 300
===> local/lutok/state_test:push_cxx_function__ok
Result: passed
Duration: 0.137s

Metadata:
    allowed_architectures is empty
    allowed_platforms is empty
    description is empty
    has_cleanup = false
    required_configs is empty
    required_disk_space = 0
    required_files is empty
    required_memory = 0
    required_programs is empty
    required_user is empty
    timeout = 300
===> local/lutok/state_test:push_integer
Result: passed
Duration: 0.128s

Metadata:
    allowed_architectures is empty
    allowed_platforms is empty
    description is empty
    has_cleanup = false
    required_configs is empty
    required_disk_space = 0
    required_files is empty
    required_memory = 0
    required_programs is empty
    required_user is empty
    timeout = 300
===> local/lutok/state_test:push_nil
Result: passed
Duration: 0.100s

Metadata:
    allowed_architectures is empty
    allowed_platforms is empty
    description is empty
    has_cleanup = false
    required_configs is empty
    required_disk_space = 0
    required_files is empty
    required_memory = 0
    required_programs is empty
    required_user is empty
    timeout = 300
===> local/lutok/state_test:push_string
Result: passed
Duration: 0.070s

Metadata:
    allowed_architectures is empty
    allowed_platforms is empty
    description is empty
    has_cleanup = false
    required_configs is empty
    required_disk_space = 0
    required_files is empty
    required_memory = 0
    required_programs is empty
    required_user is empty
    timeout = 300
===> local/lutok/state_test:push_value
Result: passed
Duration: 0.059s

Metadata:
    allowed_architectures is empty
    allowed_platforms is empty
    description is empty
    has_cleanup = false
    required_configs is empty
    required_disk_space = 0
    required_files is empty
    required_memory = 0
    required_programs is empty
    required_user is empty
    timeout = 300
===> local/lutok/state_test:raw_get
Result: passed
Duration: 0.094s

Metadata:
    allowed_architectures is empty
    allowed_platforms is empty
    description is empty
    has_cleanup = false
    required_configs is empty
    required_disk_space = 0
    required_files is empty
    required_memory = 0
    required_programs is empty
    required_user is empty
    timeout = 300
===> local/lutok/state_test:raw_set
Result: passed
Duration: 0.074s

Metadata:
    allowed_architectures is empty
    allowed_platforms is empty
    description is empty
    has_cleanup = false
    required_configs is empty
    required_disk_space = 0
    required_files is empty
    required_memory = 0
    required_programs is empty
    required_user is empty
    timeout = 300
===> local/lutok/state_test:registry_index
Result: passed
Duration: 0.072s

Metadata:
    allowed_architectures is empty
    allowed_platforms is empty
    description is empty
    has_cleanup = false
    required_configs is empty
    required_disk_space = 0
    required_files is empty
    required_memory = 0
    required_programs is empty
    required_user is empty
    timeout = 300
===> local/lutok/state_test:set_global
Result: passed
Duration: 0.069s

Metadata:
    allowed_architectures is empty
    allowed_platforms is empty
    description is empty
    has_cleanup = false
    required_configs is empty
    required_disk_space = 0
    required_files is empty
    required_memory = 0
    required_programs is empty
    required_user is empty
    timeout = 300
===> local/lutok/state_test:set_metatable
Result: passed
Duration: 0.097s

Metadata:
    allowed_architectures is empty
    allowed_platforms is empty
    description is empty
    has_cleanup = false
    required_configs is empty
    required_disk_space = 0
    required_files is empty
    required_memory = 0
    required_programs is empty
    required_user is empty
    timeout = 300
===> local/lutok/state_test:set_table__nil
Result: passed
Duration: 0.038s

Metadata:
    allowed_architectures is empty
    allowed_platforms is empty
    description is empty
    has_cleanup = false
    required_configs is empty
    required_disk_space = 0
    required_files is empty
    required_memory = 0
    required_programs is empty
    required_user is empty
    timeout = 300
===> local/lutok/state_test:set_table__ok
Result: passed
Duration: 0.137s

Metadata:
    allowed_architectures is empty
    allowed_platforms is empty
    description is empty
    has_cleanup = false
    required_configs is empty
    required_disk_space = 0
    required_files is empty
    required_memory = 0
    required_programs is empty
    required_user is empty
    timeout = 300
===> local/lutok/state_test:to_boolean
Result: passed
Duration: 0.124s

Metadata:
    allowed_architectures is empty
    allowed_platforms is empty
    description is empty
    has_cleanup = false
    required_configs is empty
    required_disk_space = 0
    required_files is empty
    required_memory = 0
    required_programs is empty
    required_user is empty
    timeout = 300
===> local/lutok/state_test:to_integer
Result: passed
Duration: 0.060s

Metadata:
    allowed_architectures is empty
    allowed_platforms is empty
    description is empty
    has_cleanup = false
    required_configs is empty
    required_disk_space = 0
    required_files is empty
    required_memory = 0
    required_programs is empty
    required_user is empty
    timeout = 300
===> local/lutok/state_test:to_string
Result: passed
Duration: 0.118s

Metadata:
    allowed_architectures is empty
    allowed_platforms is empty
    description is empty
    has_cleanup = false
    required_configs is empty
    required_disk_space = 0
    required_files is empty
    required_memory = 0
    required_programs is empty
    required_user is empty
    timeout = 300
===> local/lutok/state_test:to_userdata
Result: passed
Duration: 0.190s

Metadata:
    allowed_architectures is empty
    allowed_platforms is empty
    description is empty
    has_cleanup = false
    required_configs is empty
    required_disk_space = 0
    required_files is empty
    required_memory = 0
    required_programs is empty
    required_user is empty
    timeout = 300
===> local/lutok/state_test:upvalue_index
Result: passed
Duration: 0.340s

Metadata:
    allowed_architectures is empty
    allowed_platforms is empty
    description is empty
    has_cleanup = false
    required_configs is empty
    required_disk_space = 0
    required_files is empty
    required_memory = 0
    required_programs is empty
    required_user is empty
    timeout = 300
===> sbin/devd/client_test:seqpacket
Result: passed
Duration: 0.148s

Metadata:
    allowed_architectures is empty
    allowed_platforms is empty
    description is empty
    has_cleanup = false
    required_configs is empty
    required_disk_space = 0
    required_files is empty
    required_memory = 0
    required_programs = devd
    required_user = root
    timeout = 15

Standard output:
!system=DEVFS subsystem=CDEV type=CREATE cdev=md0
!system=GEOM subsystem=DEV type=CREATE cdev=md0
!system=DEVFS subsystem=CDEV type=DESTROY cdev=md0
===> sbin/devd/client_test:stream
Result: passed
Duration: 0.060s

Metadata:
    allowed_architectures is empty
    allowed_platforms is empty
    description is empty
    has_cleanup = false
    required_configs is empty
    required_disk_space = 0
    required_files is empty
    required_memory = 0
    required_programs = devd
    required_user = root
    timeout = 15

Standard output:
!system=DEVFS subsystem=CDEV type=CREATE cdev=md0
!system=GEOM subsystem=DEV type=CREATE cdev=md0
!system=DEVFS subsystem=CDEV type=DESTROY cdev=md0
!system=GEOM subsystem=DEV type=DESTROY cdev=md0
===> sbin/dhclient/option-domain-search_test:main
Result: passed
Duration: 0.095s

Metadata:
    allowed_architectures is empty
    allowed_platforms is empty
    description is empty
    has_cleanup = false
    required_configs is empty
    required_disk_space = 0
    required_files is empty
    required_memory = 0
    required_programs is empty
    required_user is empty
    timeout = 300

Standard error:
Truncated DHCP Domain Search option.
Truncated label in DHCP Domain Search option.
Truncated DHCP Domain Search option.
Truncated label in DHCP Domain Search option.
Invalid forward pointer in DHCP Domain Search option compression.
Invalid forward pointer in DHCP Domain Search option compression.
Truncated pointer in DHCP Domain Search option.
===> sbin/growfs/legacy_test:main
Result: passed
Duration: 12.189s

Metadata:
    allowed_architectures is empty
    allowed_platforms is empty
    description is empty
    has_cleanup = false
    required_configs is empty
    required_disk_space = 0
    required_files is empty
    required_memory = 0
    required_programs = /usr/local/bin/perl
    required_user is empty
    timeout = 300

Standard output:
1..19
ok 1 - Created md0 with size 40m
ok 2 - Sized md0a to 10m
ok 3 - Initialised the filesystem on md0a as UFS1
ok 4 - fsck says md0a is clean, 10 lines of output
ok 5 - Sized md0a to 20m
ok 6 - Extended the filesystem on md0a
ok 7 - fsck says md0a is clean, 10 lines of output
ok 8 - Sized md0a to 30m
ok 9 - Extended the filesystem on md0a
ok 10 - fsck says md0a is clean, 10 lines of output
ok 11 - Sized md0a to 10m
ok 12 - Initialised the filesystem on md0a as UFS2
ok 13 - fsck says md0a is clean, 10 lines of output
ok 14 - Sized md0a to 20m
ok 15 - Extended the filesystem on md0a
ok 16 - fsck says md0a is clean, 10 lines of output
ok 17 - Sized md0a to 30m
ok 18 - Extended the filesystem on md0a
ok 19 - fsck says md0a is clean, 10 lines of output

Standard error:
# Filling the extent with zeros
# Filling the extent with garbage
# Filling the extent with zeros
# Filling the extent with garbage
===> sbin/ifconfig/nonexistent_test:nonexistent
Result: passed
Duration: 0.096s

Metadata:
    allowed_architectures is empty
    allowed_platforms is empty
    description = Check ifconfig(8) with a nonexistent interface (PR bin/43141)
    has_cleanup = false
    required_configs is empty
    required_disk_space = 0
    required_files is empty
    required_memory = 0
    required_programs is empty
    required_user is empty
    timeout = 300

Standard output:
Executing command [ ifconfig nonexistent0 1.2.3.4/24 ]
===> sbin/mdconfig/mdconfig_test:attach_malloc
Result: passed
Duration: 0.401s

Metadata:
    allowed_architectures is empty
    allowed_platforms is empty
    description = Tests mdconfig with -t malloc
    has_cleanup = true
    required_configs is empty
    required_disk_space = 0
    required_files is empty
    required_memory = 0
    required_programs is empty
    required_user = root
    timeout = 300

Standard output:
Executing command [ /bin/sh -c mdconfig -a -t malloc -s 1g ]
Executing command [ /bin/sh -c echo md0 ]
Executing command [ /bin/sh -c diskinfo /dev/md0 | expand ]
Executing command [ /bin/sh -c mdconfig -lv | awk '$1 == "md0" { print $1, $2, $3 }' ]
===> sbin/mdconfig/mdconfig_test:attach_swap
Result: passed
Duration: 0.356s

Metadata:
    allowed_architectures is empty
    allowed_platforms is empty
    description = Tests mdconfig with -t swap
    has_cleanup = true
    required_configs is empty
    required_disk_space = 0
    required_files is empty
    required_memory = 0
    required_programs is empty
    required_user = root
    timeout = 300

Standard output:
Executing command [ /bin/sh -c mdconfig -a -t swap -s 1g ]
Executing command [ /bin/sh -c echo md0 ]
Executing command [ /bin/sh -c diskinfo /dev/md0 | expand ]
Executing command [ /bin/sh -c mdconfig -lv | awk '$1 == "md0" { print $1, $2, $3 }' ]
===> sbin/mdconfig/mdconfig_test:attach_vnode_explicit_type
Result: passed
Duration: 0.238s

Metadata:
    allowed_architectures is empty
    allowed_platforms is empty
    description = Tests out implied -a / -f with -t vnode
    has_cleanup = true
    required_configs is empty
    required_disk_space = 0
    required_files is empty
    required_memory = 0
    required_programs is empty
    required_user = root
    timeout = 300

Standard output:
Executing command [ /bin/sh -c truncate -s 1024m xxx ]
Executing command [ /bin/sh -c mdconfig -af xxx -t vnode ]
Executing command [ /bin/sh -c echo md0 ]
Executing command [ /bin/sh -c diskinfo /dev/md0 | expand ]
Executing command [ /bin/sh -c mdconfig -lv | awk '$1 == "md0" { print $1, $2, $3 }' ]
===> sbin/mdconfig/mdconfig_test:attach_vnode_larger_than_file
Result: passed
Duration: 0.245s

Metadata:
    allowed_architectures is empty
    allowed_platforms is empty
    description = Tests mdconfig -s with size greater than the file size
    has_cleanup = true
    required_configs is empty
    required_disk_space = 0
    required_files is empty
    required_memory = 0
    required_programs is empty
    required_user = root
    timeout = 300

Standard output:
Executing command [ /bin/sh -c truncate -s 1024m xxx ]
Executing command [ /bin/sh -c mdconfig -af xxx -s 128g ]
Executing command [ /bin/sh -c echo md0 ]
Executing command [ /bin/sh -c diskinfo /dev/md0 | expand ]
Executing command [ /bin/sh -c mdconfig -lv | awk '$1 == "md0" { print $1, $2, $3 }' ]
===> sbin/mdconfig/mdconfig_test:attach_vnode_non_explicit_type
Result: passed
Duration: 0.797s

Metadata:
    allowed_architectures is empty
    allowed_platforms is empty
    description = Tests out -a / -f without -t
    has_cleanup = true
    required_configs is empty
    required_disk_space = 0
    required_files is empty
    required_memory = 0
    required_programs is empty
    required_user = root
    timeout = 300

Standard output:
Executing command [ /bin/sh -c truncate -s 1024m xxx ]
Executing command [ /bin/sh -c mdconfig -af xxx ]
Executing command [ /bin/sh -c echo md0 ]
Executing command [ /bin/sh -c diskinfo /dev/md0 | expand ]
Executing command [ /bin/sh -c mdconfig -lv | awk '$1 == "md0" { print $1, $2, $3 }' ]
===> sbin/mdconfig/mdconfig_test:attach_vnode_sector_size
Result: passed
Duration: 0.258s

Metadata:
    allowed_architectures is empty
    allowed_platforms is empty
    description = Tests mdconfig -s with size greater than the file size
    has_cleanup = true
    required_configs is empty
    required_disk_space = 0
    required_files is empty
    required_memory = 0
    required_programs is empty
    required_user = root
    timeout = 300

Standard output:
Executing command [ /bin/sh -c truncate -s 1024m xxx ]
Executing command [ /bin/sh -c mdconfig -af xxx -S 2048 ]
Executing command [ /bin/sh -c echo md0 ]
Executing command [ /bin/sh -c diskinfo /dev/md0 | expand ]
Executing command [ /bin/sh -c mdconfig -lv | awk '$1 == "md0" { print $1, $2, $3 }' ]
===> sbin/mdconfig/mdconfig_test:attach_vnode_smaller_than_file
Result: passed
Duration: 0.253s

Metadata:
    allowed_architectures is empty
    allowed_platforms is empty
    description = Tests mdconfig -s with size less than the file size
    has_cleanup = true
    required_configs is empty
    required_disk_space = 0
    required_files is empty
    required_memory = 0
    required_programs is empty
    required_user = root
    timeout = 300

Standard output:
Executing command [ /bin/sh -c truncate -s 1024m xxx ]
Executing command [ /bin/sh -c mdconfig -af xxx -s 128m ]
Executing command [ /bin/sh -c echo md0 ]
Executing command [ /bin/sh -c diskinfo /dev/md0 | expand ]
Executing command [ /bin/sh -c mdconfig -lv | awk '$1 == "md0" { print $1, $2, $3 }' ]
===> sbin/mdconfig/mdconfig_test:attach_with_specific_unit_number
Result: passed
Duration: 0.213s

Metadata:
    allowed_architectures is empty
    allowed_platforms is empty
    description = Tests mdconfig with a unit specified by -u
    has_cleanup = true
    required_configs is empty
    required_disk_space = 0
    required_files is empty
    required_memory = 0
    required_programs is empty
    required_user = root
    timeout = 300

Standard output:
Executing command [ /bin/sh -c mdconfig -a -t malloc -s 10m -u 99 ]
Executing command [ /bin/sh -c diskinfo /dev/md99 | expand ]
Executing command [ /bin/sh -c mdconfig -lv | awk '$1 == "md99" { print $1, $2, $3 }' ]
===> share/examples/tests/atf/cp_test:force
Result: passed
Duration: 0.236s

Metadata:
    allowed_architectures is empty
    allowed_platforms is empty
    description = Tests that the -f flag causes cp to forcibly override the destination file
    has_cleanup = false
    required_configs is empty
    required_disk_space = 0
    required_files is empty
    required_memory = 0
    required_programs is empty
    required_user is empty
    timeout = 300

Standard output:
Executing command [ cp -f file1 file2 ]
===> share/examples/tests/atf/cp_test:simple
Result: passed
Duration: 0.340s

Metadata:
    allowed_architectures is empty
    allowed_platforms is empty
    description is empty
    has_cleanup = false
    required_configs is empty
    required_disk_space = 0
    required_files is empty
    required_memory = 0
    required_programs is empty
    required_user is empty
    timeout = 300

Standard output:
Executing command [ cp file1 file2 ]
===> share/examples/tests/atf/printf_test:fprintf__simple_string
Result: passed
Duration: 0.393s

Metadata:
    allowed_architectures is empty
    allowed_platforms is empty
    description is empty
    has_cleanup = false
    required_configs is empty
    required_disk_space = 0
    required_files is empty
    required_memory = 0
    required_programs is empty
    required_user is empty
    timeout = 300
===> share/examples/tests/atf/printf_test:snprintf__overflow
Result: passed
Duration: 0.036s

Metadata:
    allowed_architectures is empty
    allowed_platforms is empty
    description = This test case validates the proper truncation of the output string from snprintf when it does not fit the provided buffer.
    has_cleanup = false
    required_configs is empty
    required_disk_space = 0
    required_files is empty
    required_memory = 0
    required_programs is empty
    required_user is empty
    timeout = 300
===> share/examples/tests/atf/printf_test:snprintf__two_formatters
Result: passed
Duration: 0.039s

Metadata:
    allowed_architectures is empty
    allowed_platforms is empty
    description is empty
    has_cleanup = false
    required_configs is empty
    required_disk_space = 0
    required_files is empty
    required_memory = 0
    required_programs is empty
    required_user is empty
    timeout = 300
===> share/examples/tests/plain/cp_test:main
Result: passed
Duration: 0.055s

Metadata:
    allowed_architectures is empty
    allowed_platforms is empty
    description is empty
    has_cleanup = false
    required_configs is empty
    required_disk_space = 0
    required_files is empty
    required_memory = 0
    required_programs = /bin/cp
    required_user is empty
    timeout = 300
===> share/examples/tests/plain/printf_test:main
Result: passed
Duration: 0.060s

Metadata:
    allowed_architectures is empty
    allowed_platforms is empty
    description is empty
    has_cleanup = false
    required_configs is empty
    required_disk_space = 0
    required_files is empty
    required_memory = 0
    required_programs is empty
    required_user is empty
    timeout = 300
===> sys/aio/aio_kqueue_test:main
Result: passed
Duration: 0.064s

Metadata:
    allowed_architectures is empty
    allowed_platforms is empty
    description is empty
    has_cleanup = false
    required_configs is empty
    required_disk_space = 0
    required_files is empty
    required_memory = 0
    required_programs is empty
    required_user is empty
    timeout = 300
===> sys/aio/aio_test:aio_fifo_test
Result: skipped: module aio could not be resolved: No such file or directory
Duration: 0.072s

Metadata:
    allowed_architectures is empty
    allowed_platforms is empty
    description is empty
    has_cleanup = false
    required_configs is empty
    required_disk_space = 0
    required_files is empty
    required_memory = 0
    required_programs is empty
    required_user is empty
    timeout = 300
===> sys/aio/aio_test:aio_file_test
Result: skipped: module aio could not be resolved: No such file or directory
Duration: 0.038s

Metadata:
    allowed_architectures is empty
    allowed_platforms is empty
    description is empty
    has_cleanup = false
    required_configs is empty
    required_disk_space = 0
    required_files is empty
    required_memory = 0
    required_programs is empty
    required_user is empty
    timeout = 300
===> sys/aio/aio_test:aio_md_test
Result: skipped: module aio could not be resolved: No such file or directory
Duration: 0.038s

Metadata:
    allowed_architectures is empty
    allowed_platforms is empty
    description is empty
    has_cleanup = false
    required_configs is empty
    required_disk_space = 0
    required_files is empty
    required_memory = 0
    required_programs is empty
    required_user = root
    timeout = 300
===> sys/aio/aio_test:aio_pipe_test
Result: skipped: module aio could not be resolved: No such file or directory
Duration: 0.039s

Metadata:
    allowed_architectures is empty
    allowed_platforms is empty
    description is empty
    has_cleanup = false
    required_configs is empty
    required_disk_space = 0
    required_files is empty
    required_memory = 0
    required_programs is empty
    required_user is empty
    timeout = 300
===> sys/aio/aio_test:aio_pty_test
Result: skipped: module aio could not be resolved: No such file or directory
Duration: 0.037s

Metadata:
    allowed_architectures is empty
    allowed_platforms is empty
    description is empty
    has_cleanup = false
    required_configs is empty
    required_disk_space = 0
    required_files is empty
    required_memory = 0
    required_programs is empty
    required_user is empty
    timeout = 300
===> sys/aio/aio_test:aio_unix_socketpair_test
Result: skipped: module aio could not be resolved: No such file or directory
Duration: 0.049s

Metadata:
    allowed_architectures is empty
    allowed_platforms is empty
    description is empty
    has_cleanup = false
    required_configs is empty
    required_disk_space = 0
    required_files is empty
    required_memory = 0
    required_programs is empty
    required_user is empty
    timeout = 300
===> sys/aio/lio_kqueue_test:main
Result: passed
Duration: 0.030s

Metadata:
    allowed_architectures is empty
    allowed_platforms is empty
    description is empty
    has_cleanup = false
    required_configs is empty
    required_disk_space = 0
    required_files is empty
    required_memory = 0
    required_programs is empty
    required_user is empty
    timeout = 300
===> sys/fifo/fifo_create:main
Result: passed
Duration: 4.299s

Metadata:
    allowed_architectures is empty
    allowed_platforms is empty
    description is empty
    has_cleanup = false
    required_configs is empty
    required_disk_space = 0
    required_files is empty
    required_memory = 0
    required_programs is empty
    required_user = root
    timeout = 300
===> sys/fifo/fifo_io:main
Result: passed
Duration: 11.161s

Metadata:
    allowed_architectures is empty
    allowed_platforms is empty
    description is empty
    has_cleanup = false
    required_configs is empty
    required_disk_space = 0
    required_files is empty
    required_memory = 0
    required_programs is empty
    required_user is empty
    timeout = 300
===> sys/fifo/fifo_misc:main
Result: passed
Duration: 0.075s

Metadata:
    allowed_architectures is empty
    allowed_platforms is empty
    description is empty
    has_cleanup = false
    required_configs is empty
    required_disk_space = 0
    required_files is empty
    required_memory = 0
    required_programs is empty
    required_user is empty
    timeout = 300
===> sys/fifo/fifo_open:main
Result: passed
Duration: 14.432s

Metadata:
    allowed_architectures is empty
    allowed_platforms is empty
    description is empty
    has_cleanup = false
    required_configs is empty
    required_disk_space = 0
    required_files is empty
    required_memory = 0
    required_programs is empty
    required_user = root
    timeout = 300
===> sys/file/closefrom_test:main
Result: passed
Duration: 0.031s

Metadata:
    allowed_architectures is empty
    allowed_platforms is empty
    description is empty
    has_cleanup = false
    required_configs is empty
    required_disk_space = 0
    required_files is empty
    required_memory = 0
    required_programs is empty
    required_user is empty
    timeout = 300

Standard output:
1..15
ok 1 - open
ok 2 - highest_fd
ok 3 - closefrom
ok 4 - open 16
ok 5 - closefrom
ok 6 - close 2
ok 7 - close(6)
ok 8 - close(8)
ok 9 - closefrom
ok 10 - mmap
ok 11 - closefrom(0)
ok 12 - closefrom(-1)
ok 13 - dup2
ok 14 - closefrom
ok 15 - closefrom
===> sys/file/dup_test:main
Result: passed
Duration: 0.043s

Metadata:
    allowed_architectures is empty
    allowed_platforms is empty
    description is empty
    has_cleanup = false
    required_configs is empty
    required_disk_space = 0
    required_files is empty
    required_memory = 0
    required_programs is empty
    required_user is empty
    timeout = 300

Standard output:
1..32
ok 1 - dup(2) works
ok 2 - dup2(2) works
ok 3 - dup2(2) returned a correct fd
ok 4 - dup2(2) cleared close-on-exec
ok 5 - dup2(2) to itself works
ok 6 - dup2(2) to itself returned a correct fd
ok 7 - dup2(2) didn't clear close-on-exec
ok 8 - fcntl(F_DUPFD) works
ok 9 - fcntl(F_DUPFD) cleared close-on-exec
ok 10 - dup2(2) didn't bypass NOFILE limit
ok 11 - fcntl(F_DUP2FD) works
ok 12 - fcntl(F_DUP2FD) returned a correct fd
ok 13 - fcntl(F_DUP2FD) cleared close-on-exec
ok 14 - fcntl(F_DUP2FD) to itself works
ok 15 - fcntl(F_DUP2FD) to itself returned a correct fd
ok 16 - fcntl(F_DUP2FD) didn't clear close-on-exec
ok 17 - fcntl(F_DUP2FD) didn't bypass NOFILE limit
ok 18 - fcntl(F_DUPFD_CLOEXEC) works
ok 19 - fcntl(F_DUPFD_CLOEXEC) set close-on-exec
ok 20 - fcntl(F_DUP2FD_CLOEXEC) works
ok 21 - fcntl(F_DUP2FD_CLOEXEC) returned a correct fd
ok 22 - fcntl(F_DUP2FD_CLOEXEC) set close-on-exec
ok 23 - fcntl(F_DUP2FD_CLOEXEC) didn't bypass NOFILE limit
ok 24 - dup3(O_CLOEXEC) works
ok 25 - dup3(O_CLOEXEC) returned a correct fd
ok 26 - dup3(O_CLOEXEC) set close-on-exec
ok 27 - dup3(0) works
ok 28 - dup3(0) returned a correct fd
ok 29 - dup3(0) cleared close-on-exec
ok 30 - dup3(fd1, fd1, O_CLOEXEC) failed
ok 31 - dup3(fd1, fd1, 0) failed
ok 32 - dup3(O_CLOEXEC) didn't bypass NOFILE limit
===> sys/file/fcntlflags_test:main
Result: passed
Duration: 0.023s

Metadata:
    allowed_architectures is empty
    allowed_platforms is empty
    description is empty
    has_cleanup = false
    required_configs is empty
    required_disk_space = 0
    required_files is empty
    required_memory = 0
    required_programs is empty
    required_user is empty
    timeout = 300

Standard output:
1..24
ok 1 - open("/dev/null", O_RDONLY) succeeded
ok 2 - fcntl(F_GETFL) gave correct result
ok 3 - fcntl(F_SETFL) same flags succeeded
ok 4 - fcntl(F_GETFL) gave same result
ok 5 - fcntl(F_SETFL) O_NONBLOCK succeeded
ok 6 - fcntl(F_GETFL) gave expected result
ok 7 - open("/dev/null", O_WRONLY) succeeded
ok 8 - fcntl(F_GETFL) gave correct result
ok 9 - fcntl(F_SETFL) same flags succeeded
ok 10 - fcntl(F_GETFL) gave same result
ok 11 - fcntl(F_SETFL) O_NONBLOCK succeeded
ok 12 - fcntl(F_GETFL) gave expected result
ok 13 - open("/dev/null", O_RDWR) succeeded
ok 14 - fcntl(F_GETFL) gave correct result
ok 15 - fcntl(F_SETFL) same flags succeeded
ok 16 - fcntl(F_GETFL) gave same result
ok 17 - fcntl(F_SETFL) O_NONBLOCK succeeded
ok 18 - fcntl(F_GETFL) gave expected result
ok 19 - open("/bin/sh", O_EXEC) succeeded
ok 20 - fcntl(F_GETFL) gave correct result
ok 21 - fcntl(F_SETFL) same flags succeeded
ok 22 - fcntl(F_GETFL) gave same result
ok 23 - fcntl(F_SETFL) O_NONBLOCK succeeded
ok 24 - fcntl(F_GETFL) gave expected result
===> sys/file/flock_test:main
Result: passed
Duration: 6.712s

Metadata:
    allowed_architectures is empty
    allowed_platforms is empty
    description is empty
    has_cleanup = false
    required_configs is empty
    required_disk_space = 0
    required_files is empty
    required_memory = 0
    required_programs is empty
    required_user is empty
    timeout = 300

Standard output:
1..16
ok 1
ok 2
ok 3
ok 4
ok 5
ok 6
ok 7
ok 8
ok 9
ok 10
ok 11 # TODO: racy testcase
ok 12
ok 13
ok 14
ok 15
ok 16
===> sys/file/ftruncate_test:main
Result: passed
Duration: 0.091s

Metadata:
    allowed_architectures is empty
    allowed_platforms is empty
    description is empty
    has_cleanup = false
    required_configs is empty
    required_disk_space = 0
    required_files is empty
    required_memory = 0
    required_programs is empty
    required_user is empty
    timeout = 300
===> sys/file/newfileops_on_fork_test:main
Result: passed
Duration: 1.112s

Metadata:
    allowed_architectures is empty
    allowed_platforms is empty
    description is empty
    has_cleanup = false
    required_configs is empty
    required_disk_space = 0
    required_files is empty
    required_memory = 0
    required_programs is empty
    required_user is empty
    timeout = 300
===> sys/kern/execve/execve_test:bad_interp_len
Result: passed
Duration: 0.172s

Metadata:
    allowed_architectures is empty
    allowed_platforms is empty
    description = Bad interpreter length
    has_cleanup = false
    required_configs is empty
    required_disk_space = 0
    required_files is empty
    required_memory = 0
    required_programs is empty
    required_user is empty
    timeout = 300

Standard output:
Executing command [ /bin/sh -c cd /usr/tests/sys/kern/execve && ./execve_helper bad_interp_len ]
===> sys/kern/execve/execve_test:empty
Result: passed
Duration: 0.958s

Metadata:
    allowed_architectures is empty
    allowed_platforms is empty
    description = Empty file
    has_cleanup = false
    required_configs is empty
    required_disk_space = 0
    required_files is empty
    required_memory = 0
    required_programs is empty
    required_user is empty
    timeout = 300

Standard output:
Executing command [ /bin/sh -c cd /usr/tests/sys/kern/execve && ./execve_helper empty ]
===> sys/kern/execve/execve_test:good_aout
Result: passed
Duration: 0.304s

Metadata:
    allowed_architectures is empty
    allowed_platforms is empty
    description = Good a.out
    has_cleanup = false
    required_configs is empty
    required_disk_space = 0
    required_files is empty
    required_memory = 0
    required_programs is empty
    required_user is empty
    timeout = 300

Standard output:
Executing command [ /bin/sh -c cd /usr/tests/sys/kern/execve && ./execve_helper ./good_aout ]
===> sys/kern/execve/execve_test:good_script
Result: passed
Duration: 0.269s

Metadata:
    allowed_architectures is empty
    allowed_platforms is empty
    description = Good script
    has_cleanup = false
    required_configs is empty
    required_disk_space = 0
    required_files is empty
    required_memory = 0
    required_programs is empty
    required_user is empty
    timeout = 300

Standard output:
Executing command [ /bin/sh -c cd /usr/tests/sys/kern/execve && ./execve_helper good_script ]
===> sys/kern/execve/execve_test:non_exist
Result: passed
Duration: 0.229s

Metadata:
    allowed_architectures is empty
    allowed_platforms is empty
    description = Non-existent file
    has_cleanup = false
    required_configs is empty
    required_disk_space = 0
    required_files is empty
    required_memory = 0
    required_programs is empty
    required_user is empty
    timeout = 300

Standard output:
Executing command [ /bin/sh -c cd /usr/tests/sys/kern/execve && ./execve_helper non_exist ]
===> sys/kern/execve/execve_test:non_exist_shell
Result: passed
Duration: 0.145s

Metadata:
    allowed_architectures is empty
    allowed_platforms is empty
    description = Non-existent shell
    has_cleanup = false
    required_configs is empty
    required_disk_space = 0
    required_files is empty
    required_memory = 0
    required_programs is empty
    required_user is empty
    timeout = 300

Standard output:
Executing command [ /bin/sh -c cd /usr/tests/sys/kern/execve && ./execve_helper non_exist_shell ]
===> sys/kern/execve/execve_test:script_arg
Result: passed
Duration: 0.124s

Metadata:
    allowed_architectures is empty
    allowed_platforms is empty
    description = -x in the shebang
    has_cleanup = false
    required_configs is empty
    required_disk_space = 0
    required_files is empty
    required_memory = 0
    required_programs is empty
    required_user is empty
    timeout = 300

Standard output:
Executing command [ /bin/sh -c cd /usr/tests/sys/kern/execve && ./execve_helper script_arg ]
===> sys/kern/execve/execve_test:script_arg_nospace
Result: passed
Duration: 0.079s

Metadata:
    allowed_architectures is empty
    allowed_platforms is empty
    description = -x in the shebang; no space between #! and /bin/sh
    has_cleanup = false
    required_configs is empty
    required_disk_space = 0
    required_files is empty
    required_memory = 0
    required_programs is empty
    required_user is empty
    timeout = 300

Standard output:
Executing command [ /bin/sh -c cd /usr/tests/sys/kern/execve && ./execve_helper script_arg_nospace ]
===> sys/kern/execve/execve_test:sparse_aout
Result: passed
Duration: 0.103s

Metadata:
    allowed_architectures is empty
    allowed_platforms is empty
    description = Sparse file
    has_cleanup = false
    required_configs is empty
    required_disk_space = 0
    required_files is empty
    required_memory = 0
    required_programs is empty
    required_user is empty
    timeout = 300

Standard output:
Executing command [ /bin/sh -c cd /usr/tests/sys/kern/execve && ./execve_helper sparse_aout ]
===> sys/kern/execve/execve_test:trunc_aout
Result: passed
Duration: 0.094s

Metadata:
    allowed_architectures is empty
    allowed_platforms is empty
    description = Truncated file
    has_cleanup = false
    required_configs is empty
    required_disk_space = 0
    required_files is empty
    required_memory = 0
    required_programs is empty
    required_user is empty
    timeout = 300

Standard output:
Executing command [ /bin/sh -c cd /usr/tests/sys/kern/execve && ./execve_helper trunc_aout ]
===> sys/kern/kern_descrip_test:dup2__ebadf_when_2nd_arg_out_of_range
Result: passed
Duration: 0.131s

Metadata:
    allowed_architectures is empty
    allowed_platforms is empty
    description = Regression test for r234131
    has_cleanup = false
    required_configs is empty
    required_disk_space = 0
    required_files is empty
    required_memory = 0
    required_programs is empty
    required_user is empty
    timeout = 300
===> sys/kern/kern_descrip_test:dup2__simple
Result: passed
Duration: 0.108s

Metadata:
    allowed_architectures is empty
    allowed_platforms is empty
    description is empty
    has_cleanup = false
    required_configs is empty
    required_disk_space = 0
    required_files is empty
    required_memory = 0
    required_programs is empty
    required_user is empty
    timeout = 300
===> sys/kern/kern_descrip_test:kern_maxfiles__increase
Result: skipped: Required configuration property 'allow_sysctl_side_effects' not defined
Duration: 0.000s

Metadata:
    allowed_architectures is empty
    allowed_platforms is empty
    description = Check kern.maxfiles expansion
    has_cleanup = true
    required_configs = allow_sysctl_side_effects
    required_disk_space = 0
    required_files is empty
    required_memory = 0
    required_programs is empty
    required_user = root
    timeout = 300
===> sys/kern/ptrace_test:ptrace__parent_sees_exit_after_child_debugger
Result: passed
Duration: 0.875s

Metadata:
    allowed_architectures is empty
    allowed_platforms is empty
    description is empty
    has_cleanup = false
    required_configs is empty
    required_disk_space = 0
    required_files is empty
    required_memory = 0
    required_programs is empty
    required_user is empty
    timeout = 300
===> sys/kern/ptrace_test:ptrace__parent_sees_exit_after_unrelated_debugger
Result: passed
Duration: 0.365s

Metadata:
    allowed_architectures is empty
    allowed_platforms is empty
    description is empty
    has_cleanup = false
    required_configs is empty
    required_disk_space = 0
    required_files is empty
    required_memory = 0
    required_programs is empty
    required_user is empty
    timeout = 300
===> sys/kern/ptrace_test:ptrace__parent_wait_after_attach
Result: passed
Duration: 0.071s

Metadata:
    allowed_architectures is empty
    allowed_platforms is empty
    description is empty
    has_cleanup = false
    required_configs is empty
    required_disk_space = 0
    required_files is empty
    required_memory = 0
    required_programs is empty
    required_user is empty
    timeout = 300
===> sys/kern/ptrace_test:ptrace__parent_wait_after_trace_me
Result: passed
Duration: 0.026s

Metadata:
    allowed_architectures is empty
    allowed_platforms is empty
    description is empty
    has_cleanup = false
    required_configs is empty
    required_disk_space = 0
    required_files is empty
    required_memory = 0
    required_programs is empty
    required_user is empty
    timeout = 300
===> sys/kern/unix_seqpacket_test:accept
Result: passed
Duration: 0.113s

Metadata:
    allowed_architectures is empty
    allowed_platforms is empty
    description is empty
    has_cleanup = false
    required_configs is empty
    required_disk_space = 0
    required_files is empty
    required_memory = 0
    required_programs is empty
    required_user is empty
    timeout = 15
===> sys/kern/unix_seqpacket_test:bind
Result: passed
Duration: 0.182s

Metadata:
    allowed_architectures is empty
    allowed_platforms is empty
    description is empty
    has_cleanup = false
    required_configs is empty
    required_disk_space = 0
    required_files is empty
    required_memory = 0
    required_programs is empty
    required_user is empty
    timeout = 15
===> sys/kern/unix_seqpacket_test:connect
Result: passed
Duration: 0.212s

Metadata:
    allowed_architectures is empty
    allowed_platforms is empty
    description is empty
    has_cleanup = false
    required_configs is empty
    required_disk_space = 0
    required_files is empty
    required_memory = 0
    required_programs is empty
    required_user is empty
    timeout = 15
===> sys/kern/unix_seqpacket_test:create_socket
Result: passed
Duration: 0.124s

Metadata:
    allowed_architectures is empty
    allowed_platforms is empty
    description is empty
    has_cleanup = false
    required_configs is empty
    required_disk_space = 0
    required_files is empty
    required_memory = 0
    required_programs is empty
    required_user is empty
    timeout = 15
===> sys/kern/unix_seqpacket_test:create_socketpair
Result: passed
Duration: 0.192s

Metadata:
    allowed_architectures is empty
    allowed_platforms is empty
    description is empty
    has_cleanup = false
    required_configs is empty
    required_disk_space = 0
    required_files is empty
    required_memory = 0
    required_programs is empty
    required_user is empty
    timeout = 15
===> sys/kern/unix_seqpacket_test:eagain_128k_128k
Result: passed
Duration: 0.206s

Metadata:
    allowed_architectures is empty
    allowed_platforms is empty
    description is empty
    has_cleanup = false
    required_configs is empty
    required_disk_space = 0
    required_files is empty
    required_memory = 0
    required_programs is empty
    required_user is empty
    timeout = 15
===> sys/kern/unix_seqpacket_test:eagain_128k_8k
Result: passed
Duration: 0.231s

Metadata:
    allowed_architectures is empty
    allowed_platforms is empty
    description is empty
    has_cleanup = false
    required_configs is empty
    required_disk_space = 0
    required_files is empty
    required_memory = 0
    required_programs is empty
    required_user is empty
    timeout = 15
===> sys/kern/unix_seqpacket_test:eagain_8k_128k
Result: passed
Duration: 0.333s

Metadata:
    allowed_architectures is empty
    allowed_platforms is empty
    description is empty
    has_cleanup = false
    required_configs is empty
    required_disk_space = 0
    required_files is empty
    required_memory = 0
    required_programs is empty
    required_user is empty
    timeout = 15
===> sys/kern/unix_seqpacket_test:eagain_8k_8k
Result: passed
Duration: 0.239s

Metadata:
    allowed_architectures is empty
    allowed_platforms is empty
    description is empty
    has_cleanup = false
    required_configs is empty
    required_disk_space = 0
    required_files is empty
    required_memory = 0
    required_programs is empty
    required_user is empty
    timeout = 15
===> sys/kern/unix_seqpacket_test:emsgsize
Result: passed
Duration: 0.306s

Metadata:
    allowed_architectures is empty
    allowed_platforms is empty
    description is empty
    has_cleanup = false
    required_configs is empty
    required_disk_space = 0
    required_files is empty
    required_memory = 0
    required_programs is empty
    required_user is empty
    timeout = 15
===> sys/kern/unix_seqpacket_test:emsgsize_nonblocking
Result: passed
Duration: 0.139s

Metadata:
    allowed_architectures is empty
    allowed_platforms is empty
    description is empty
    has_cleanup = false
    required_configs is empty
    required_disk_space = 0
    required_files is empty
    required_memory = 0
    required_programs is empty
    required_user is empty
    timeout = 15
===> sys/kern/unix_seqpacket_test:fcntl_nonblock
Result: passed
Duration: 0.194s

Metadata:
    allowed_architectures is empty
    allowed_platforms is empty
    description is empty
    has_cleanup = false
    required_configs is empty
    required_disk_space = 0
    required_files is empty
    required_memory = 0
    required_programs is empty
    required_user is empty
    timeout = 15
===> sys/kern/unix_seqpacket_test:listen_bound
Result: passed
Duration: 0.326s

Metadata:
    allowed_architectures is empty
    allowed_platforms is empty
    description is empty
    has_cleanup = false
    required_configs is empty
    required_disk_space = 0
    required_files is empty
    required_memory = 0
    required_programs is empty
    required_user is empty
    timeout = 15
===> sys/kern/unix_seqpacket_test:listen_unbound
Result: passed
Duration: 0.211s

Metadata:
    allowed_architectures is empty
    allowed_platforms is empty
    description is empty
    has_cleanup = false
    required_configs is empty
    required_disk_space = 0
    required_files is empty
    required_memory = 0
    required_programs is empty
    required_user is empty
    timeout = 15
===> sys/kern/unix_seqpacket_test:pipe_128k_128k
Result: passed
Duration: 0.249s

Metadata:
    allowed_architectures is empty
    allowed_platforms is empty
    description is empty
    has_cleanup = false
    required_configs is empty
    required_disk_space = 0
    required_files is empty
    required_memory = 0
    required_programs is empty
    required_user is empty
    timeout = 15
===> sys/kern/unix_seqpacket_test:pipe_128k_8k
Result: passed
Duration: 0.184s

Metadata:
    allowed_architectures is empty
    allowed_platforms is empty
    description is empty
    has_cleanup = false
    required_configs is empty
    required_disk_space = 0
    required_files is empty
    required_memory = 0
    required_programs is empty
    required_user is empty
    timeout = 15
===> sys/kern/unix_seqpacket_test:pipe_8k_128k
Result: passed
Duration: 0.267s

Metadata:
    allowed_architectures is empty
    allowed_platforms is empty
    description is empty
    has_cleanup = false
    required_configs is empty
    required_disk_space = 0
    required_files is empty
    required_memory = 0
    required_programs is empty
    required_user is empty
    timeout = 15
===> sys/kern/unix_seqpacket_test:pipe_8k_8k
Result: passed
Duration: 1.070s

Metadata:
    allowed_architectures is empty
    allowed_platforms is empty
    description is empty
    has_cleanup = false
    required_configs is empty
    required_disk_space = 0
    required_files is empty
    required_memory = 0
    required_programs is empty
    required_user is empty
    timeout = 15
===> sys/kern/unix_seqpacket_test:pipe_simulator_128k_128k
Result: passed
Duration: 0.262s

Metadata:
    allowed_architectures is empty
    allowed_platforms is empty
    description is empty
    has_cleanup = false
    required_configs is empty
    required_disk_space = 0
    required_files is empty
    required_memory = 0
    required_programs is empty
    required_user is empty
    timeout = 15
===> sys/kern/unix_seqpacket_test:pipe_simulator_128k_8k
Result: passed
Duration: 0.199s

Metadata:
    allowed_architectures is empty
    allowed_platforms is empty
    description is empty
    has_cleanup = false
    required_configs is empty
    required_disk_space = 0
    required_files is empty
    required_memory = 0
    required_programs is empty
    required_user is empty
    timeout = 15
===> sys/kern/unix_seqpacket_test:pipe_simulator_8k_128k
Result: passed
Duration: 0.114s

Metadata:
    allowed_architectures is empty
    allowed_platforms is empty
    description is empty
    has_cleanup = false
    required_configs is empty
    required_disk_space = 0
    required_files is empty
    required_memory = 0
    required_programs is empty
    required_user is empty
    timeout = 15
===> sys/kern/unix_seqpacket_test:pipe_simulator_8k_8k
Result: passed
Duration: 0.245s

Metadata:
    allowed_architectures is empty
    allowed_platforms is empty
    description is empty
    has_cleanup = false
    required_configs is empty
    required_disk_space = 0
    required_files is empty
    required_memory = 0
    required_programs is empty
    required_user is empty
    timeout = 15
===> sys/kern/unix_seqpacket_test:rcvbuf_oversized
Result: passed
Duration: 0.136s

Metadata:
    allowed_architectures is empty
    allowed_platforms is empty
    description is empty
    has_cleanup = false
    required_configs is empty
    required_disk_space = 0
    required_files is empty
    required_memory = 0
    required_programs is empty
    required_user is empty
    timeout = 15
===> sys/kern/unix_seqpacket_test:resize_buffers
Result: passed
Duration: 0.152s

Metadata:
    allowed_architectures is empty
    allowed_platforms is empty
    description is empty
    has_cleanup = false
    required_configs is empty
    required_disk_space = 0
    required_files is empty
    required_memory = 0
    required_programs is empty
    required_user is empty
    timeout = 15

Standard output:
                       Socket Buffer Sizes
                              | SNDBUF  | RCVBUF  |
Default                       |    8192 |    8192 |
After changing SNDBUF         |   12345 |    8192 |
After changing RCVBUF         |   12345 |   23456 |
===> sys/kern/unix_seqpacket_test:resize_connected_buffers
Result: passed
Duration: 0.139s

Metadata:
    allowed_architectures is empty
    allowed_platforms is empty
    description is empty
    has_cleanup = false
    required_configs is empty
    required_disk_space = 0
    required_files is empty
    required_memory = 0
    required_programs is empty
    required_user is empty
    timeout = 15

Standard output:
                       Socket Buffer Sizes
                              | Left Socket       | Right Socket      |
                              | SNDBUF  | RCVBUF  | SNDBUF  | RCVBUF  |
Default                       |    8192 |    8192 |    8192 |    8192 |
After changing Left's SNDBUF  |   12345 |    8192 |    8192 |    8192 |
After changing Left's RCVBUF  |   12345 |   23456 |    8192 |    8192 |
===> sys/kern/unix_seqpacket_test:send_recv
Result: passed
Duration: 0.149s

Metadata:
    allowed_architectures is empty
    allowed_platforms is empty
    description is empty
    has_cleanup = false
    required_configs is empty
    required_disk_space = 0
    required_files is empty
    required_memory = 0
    required_programs is empty
    required_user is empty
    timeout = 15
===> sys/kern/unix_seqpacket_test:send_recv_nonblocking
Result: passed
Duration: 0.116s

Metadata:
    allowed_architectures is empty
    allowed_platforms is empty
    description is empty
    has_cleanup = false
    required_configs is empty
    required_disk_space = 0
    required_files is empty
    required_memory = 0
    required_programs is empty
    required_user is empty
    timeout = 15
===> sys/kern/unix_seqpacket_test:send_recv_with_connect
Result: passed
Duration: 0.200s

Metadata:
    allowed_architectures is empty
    allowed_platforms is empty
    description is empty
    has_cleanup = false
    required_configs is empty
    required_disk_space = 0
    required_files is empty
    required_memory = 0
    required_programs is empty
    required_user is empty
    timeout = 15
===> sys/kern/unix_seqpacket_test:sendrecv_128k
Result: passed
Duration: 0.118s

Metadata:
    allowed_architectures is empty
    allowed_platforms is empty
    description is empty
    has_cleanup = false
    required_configs is empty
    required_disk_space = 0
    required_files is empty
    required_memory = 0
    required_programs is empty
    required_user is empty
    timeout = 15
===> sys/kern/unix_seqpacket_test:sendrecv_128k_nonblocking
Result: passed
Duration: 0.142s

Metadata:
    allowed_architectures is empty
    allowed_platforms is empty
    description is empty
    has_cleanup = false
    required_configs is empty
    required_disk_space = 0
    required_files is empty
    required_memory = 0
    required_programs is empty
    required_user is empty
    timeout = 15
===> sys/kern/unix_seqpacket_test:sendrecv_16k
Result: passed
Duration: 0.153s

Metadata:
    allowed_architectures is empty
    allowed_platforms is empty
    description is empty
    has_cleanup = false
    required_configs is empty
    required_disk_space = 0
    required_files is empty
    required_memory = 0
    required_programs is empty
    required_user is empty
    timeout = 15
===> sys/kern/unix_seqpacket_test:sendrecv_16k_nonblocking
Result: passed
Duration: 0.075s

Metadata:
    allowed_architectures is empty
    allowed_platforms is empty
    description is empty
    has_cleanup = false
    required_configs is empty
    required_disk_space = 0
    required_files is empty
    required_memory = 0
    required_programs is empty
    required_user is empty
    timeout = 15
===> sys/kern/unix_seqpacket_test:sendrecv_32k
Result: passed
Duration: 0.128s

Metadata:
    allowed_architectures is empty
    allowed_platforms is empty
    description is empty
    has_cleanup = false
    required_configs is empty
    required_disk_space = 0
    required_files is empty
    required_memory = 0
    required_programs is empty
    required_user is empty
    timeout = 15
===> sys/kern/unix_seqpacket_test:sendrecv_32k_nonblocking
Result: passed
Duration: 0.136s

Metadata:
    allowed_architectures is empty
    allowed_platforms is empty
    description is empty
    has_cleanup = false
    required_configs is empty
    required_disk_space = 0
    required_files is empty
    required_memory = 0
    required_programs is empty
    required_user is empty
    timeout = 15
===> sys/kern/unix_seqpacket_test:sendrecv_64k
Result: passed
Duration: 0.060s

Metadata:
    allowed_architectures is empty
    allowed_platforms is empty
    description is empty
    has_cleanup = false
    required_configs is empty
    required_disk_space = 0
    required_files is empty
    required_memory = 0
    required_programs is empty
    required_user is empty
    timeout = 15
===> sys/kern/unix_seqpacket_test:sendrecv_64k_nonblocking
Result: passed
Duration: 0.079s

Metadata:
    allowed_architectures is empty
    allowed_platforms is empty
    description is empty
    has_cleanup = false
    required_configs is empty
    required_disk_space = 0
    required_files is empty
    required_memory = 0
    required_programs is empty
    required_user is empty
    timeout = 15
===> sys/kern/unix_seqpacket_test:sendrecv_8k
Result: passed
Duration: 0.159s

Metadata:
    allowed_architectures is empty
    allowed_platforms is empty
    description is empty
    has_cleanup = false
    required_configs is empty
    required_disk_space = 0
    required_files is empty
    required_memory = 0
    required_programs is empty
    required_user is empty
    timeout = 15
===> sys/kern/unix_seqpacket_test:sendrecv_8k_nonblocking
Result: passed
Duration: 0.101s

Metadata:
    allowed_architectures is empty
    allowed_platforms is empty
    description is empty
    has_cleanup = false
    required_configs is empty
    required_disk_space = 0
    required_files is empty
    required_memory = 0
    required_programs is empty
    required_user is empty
    timeout = 15
===> sys/kern/unix_seqpacket_test:sendto_recvfrom
Result: passed
Duration: 0.172s

Metadata:
    allowed_architectures is empty
    allowed_platforms is empty
    description is empty
    has_cleanup = false
    required_configs is empty
    required_disk_space = 0
    required_files is empty
    required_memory = 0
    required_programs is empty
    required_user is empty
    timeout = 15
===> sys/kern/unix_seqpacket_test:shutdown_send
Result: failed: 2 checks failed; see output for more details
Duration: 0.218s

Metadata:
    allowed_architectures is empty
    allowed_platforms is empty
    description is empty
    has_cleanup = false
    required_configs is empty
    required_disk_space = 0
    required_files is empty
    required_memory = 0
    required_programs is empty
    required_user is empty
    timeout = 15

Standard error:
*** Check failed: /builds/FreeBSD_HEAD/tests/sys/kern/unix_seqpacket_test.c:760: 0 != shutdown(s, SHUT_RDWR)
*** Check failed: /builds/FreeBSD_HEAD/tests/sys/kern/unix_seqpacket_test.c:763: EPIPE != errno
===> sys/kern/unix_seqpacket_test:shutdown_send_sigpipe
Result: failed: 2 checks failed; see output for more details
Duration: 0.258s

Metadata:
    allowed_architectures is empty
    allowed_platforms is empty
    description is empty
    has_cleanup = false
    required_configs is empty
    required_disk_space = 0
    required_files is empty
    required_memory = 0
    required_programs is empty
    required_user is empty
    timeout = 15

Standard error:
*** Check failed: /builds/FreeBSD_HEAD/tests/sys/kern/unix_seqpacket_test.c:778: 0 != shutdown(s, SHUT_RDWR)
*** Check failed: /builds/FreeBSD_HEAD/tests/sys/kern/unix_seqpacket_test.c:781: 1 != got_sigpipe
===> sys/kqueue/kqueue_test:main
Result: passed
Duration: 11.272s

Metadata:
    allowed_architectures is empty
    allowed_platforms is empty
    description is empty
    has_cleanup = false
    required_configs is empty
    required_disk_space = 0
    required_files is empty
    required_memory = 0
    required_programs is empty
    required_user is empty
    timeout = 300

Standard output:
ok - 1 kqueue()                                                               passed
ok - 2 close(kq)                                                              passed
ok - 3 kevent(EVFILT_READ, EV_ADD)                                            passed
ok - 4 kevent(EVFILT_READ, EV_DELETE)                                         passed
ok - 5 kevent(EVFILT_READ) wait                                               passed
ok - 6 kevent(EVFILT_READ, EV_DISABLE)                                        passed
ok - 7 kevent(EVFILT_READ, EV_ONESHOT)                                        passed
ok - 8 kevent(EVFILT_READ, EV_CLEAR)                                          passed
ok - 9 kevent(EVFILT_READ, EV_DISPATCH)                                       passed
ok - 10 kevent(EVFILT_READ, EV_EOF)                                            passed
ok - 11 kevent(EVFILT_SIGNAL, EV_ADD)                                          passed
ok - 12 kevent(EVFILT_SIGNAL, EV_DELETE)                                       passed
ok - 13 kevent(EVFILT_SIGNAL, wait)                                            passed
ok - 14 kevent(EVFILT_SIGNAL, EV_DISABLE)                                      passed
ok - 15 kevent(EVFILT_SIGNAL, EV_ENABLE)                                       passed
ok - 16 kevent(EVFILT_SIGNAL, EV_ONESHOT)                                      passed
ok - 17 kevent(EVFILT_VNODE, EV_ADD)                                           passed
ok - 18 kevent(EVFILT_VNODE, EV_DELETE)                                        passed
ok - 19 kevent(EVFILT_VNODE, EV_DISABLE and EV_ENABLE)                         passed
ok - 20 kevent(EVFILT_VNODE, EV_DISPATCH)                                      passed
ok - 21 kevent(EVFILT_VNODE, NOTE_WRITE)                                       passed
ok - 22 kevent(EVFILT_VNODE, NOTE_ATTRIB)                                      passed
ok - 23 kevent(EVFILT_VNODE, NOTE_RENAME)                                      passed
ok - 24 kevent(EVFILT_VNODE, NOTE_DELETE)                                      passed
ok - 25 kevent(EVFILT_USER, EV_ADD and EV_DELETE)                              passed
ok - 26 kevent(EVFILT_USER, wait)                                              passed
ok - 27 kevent(EVFILT_USER, EV_DISABLE and EV_ENABLE)                          passed
ok - 28 kevent(EVFILT_USER, EV_ONESHOT)                                        passed
ok - 29 kevent(EVFILT_TIMER, EV_ADD)                                           passed
ok - 30 kevent(EVFILT_TIMER, EV_DELETE)                                        passed
ok - 31 kevent(EVFILT_TIMER, wait)                                             passed
ok - 32 kevent(EVFILT_TIMER, EV_ONESHOT)                                       passed
ok - 33 kevent(EVFILT_TIMER, periodic)                                         passed
ok - 34 kevent(EVFILT_TIMER, EV_DISABLE and EV_ENABLE)                         passed
ok - 35 kevent(EVFILT_PROC, EV_ADD)                                            passed
ok - 36 kevent(EVFILT_PROC, EV_DELETE)                                         passed
1..36
===> sys/mqueue/mqueue_test:mqtest1
Result: passed
Duration: 0.141s

Metadata:
    allowed_architectures is empty
    allowed_platforms is empty
    description is empty
    has_cleanup = false
    required_configs is empty
    required_disk_space = 0
    required_files is empty
    required_memory = 0
    required_programs is empty
    required_user is empty
    timeout = 300

Standard output:
Executing command [ /bin/sh -c /usr/tests/sys/mqueue/mqtest1 ]
===> sys/mqueue/mqueue_test:mqtest2
Result: passed
Duration: 0.170s

Metadata:
    allowed_architectures is empty
    allowed_platforms is empty
    description is empty
    has_cleanup = false
    required_configs is empty
    required_disk_space = 0
    required_files is empty
    required_memory = 0
    required_programs is empty
    required_user is empty
    timeout = 300

Standard output:
Executing command [ /bin/sh -c /usr/tests/sys/mqueue/mqtest2 ]
===> sys/mqueue/mqueue_test:mqtest3
Result: passed
Duration: 0.185s

Metadata:
    allowed_architectures is empty
    allowed_platforms is empty
    description is empty
    has_cleanup = false
    required_configs is empty
    required_disk_space = 0
    required_files is empty
    required_memory = 0
    required_programs is empty
    required_user is empty
    timeout = 300

Standard output:
Executing command [ /bin/sh -c /usr/tests/sys/mqueue/mqtest3 ]
===> sys/mqueue/mqueue_test:mqtest4
Result: passed
Duration: 0.199s

Metadata:
    allowed_architectures is empty
    allowed_platforms is empty
    description is empty
    has_cleanup = false
    required_configs is empty
    required_disk_space = 0
    required_files is empty
    required_memory = 0
    required_programs is empty
    required_user is empty
    timeout = 300

Standard output:
Executing command [ /bin/sh -c /usr/tests/sys/mqueue/mqtest4 ]
===> sys/mqueue/mqueue_test:mqtest5
Result: passed
Duration: 0.259s

Metadata:
    allowed_architectures is empty
    allowed_platforms is empty
    description is empty
    has_cleanup = false
    required_configs is empty
    required_disk_space = 0
    required_files is empty
    required_memory = 0
    required_programs is empty
    required_user is empty
    timeout = 300

Standard output:
Executing command [ /bin/sh -c /usr/tests/sys/mqueue/mqtest5 ]
===> sys/netinet/fibs_test:arpresolve_checks_interface_fib
Result: skipped: Required configuration property 'fibs' not defined
Duration: 0.000s

Metadata:
    allowed_architectures is empty
    allowed_platforms is empty
    description = arpresolve should check the interface fib, not the default fib, for routes
    has_cleanup = true
    required_configs = fibs
    required_disk_space = 0
    required_files is empty
    required_memory = 0
    required_programs = nping socat
    required_user = root
    timeout = 300
===> sys/netinet/fibs_test:default_route_with_multiple_fibs_on_same_subnet
Result: skipped: Required configuration property 'fibs' not defined
Duration: 0.000s

Metadata:
    allowed_architectures is empty
    allowed_platforms is empty
    description = Multiple interfaces on the same subnet but with different fibs can both have default routes
    has_cleanup = true
    required_configs = fibs
    required_disk_space = 0
    required_files is empty
    required_memory = 0
    required_programs is empty
    required_user = root
    timeout = 300
===> sys/netinet/fibs_test:loopback_and_network_routes_on_nondefault_fib
Result: skipped: Required configuration property 'fibs' not defined
Duration: 0.000s

Metadata:
    allowed_architectures is empty
    allowed_platforms is empty
    description = When creating and deleting loopback routes, use the interface's fib
    has_cleanup = true
    required_configs = fibs
    required_disk_space = 0
    required_files is empty
    required_memory = 0
    required_programs is empty
    required_user = root
    timeout = 300
===> sys/netinet/fibs_test:same_ip_multiple_ifaces
Result: skipped: Required configuration property 'fibs' not defined
Duration: 0.000s

Metadata:
    allowed_architectures is empty
    allowed_platforms is empty
    description = Can remove an IP alias from an interface when the same IP is also assigned to another interface, on non-default FIBs.
    has_cleanup = true
    required_configs = fibs
    required_disk_space = 0
    required_files is empty
    required_memory = 0
    required_programs is empty
    required_user = root
    timeout = 300
===> sys/netinet/fibs_test:same_ip_multiple_ifaces_fib0
Result: skipped: Required configuration property 'fibs' not defined
Duration: 0.000s

Metadata:
    allowed_architectures is empty
    allowed_platforms is empty
    description = Can remove an IP alias from an interface when the same IP is also assigned to another interface.
    has_cleanup = true
    required_configs = fibs
    required_disk_space = 0
    required_files is empty
    required_memory = 0
    required_programs is empty
    required_user = root
    timeout = 300
===> sys/netinet/fibs_test:subnet_route_with_multiple_fibs_on_same_subnet
Result: skipped: Required configuration property 'fibs' not defined
Duration: 0.000s

Metadata:
    allowed_architectures is empty
    allowed_platforms is empty
    description = Multiple FIBs can have subnet routes for the same subnet
    has_cleanup = true
    required_configs = fibs
    required_disk_space = 0
    required_files is empty
    required_memory = 0
    required_programs is empty
    required_user = root
    timeout = 300
===> sys/netinet/fibs_test:udp_dontroute
Result: skipped: Required configuration property 'fibs' not defined
Duration: 0.000s

Metadata:
    allowed_architectures is empty
    allowed_platforms is empty
    description = Source address selection for UDP packets with SO_DONTROUTE on non-default FIBs works
    has_cleanup = true
    required_configs = fibs
    required_disk_space = 0
    required_files is empty
    required_memory = 0
    required_programs is empty
    required_user = root
    timeout = 300
===> sys/opencrypto/runtests:main
Result: passed
Duration: 0.622s

Metadata:
    allowed_architectures is empty
    allowed_platforms is empty
    description is empty
    has_cleanup = false
    required_configs is empty
    required_disk_space = 0
    required_files is empty
    required_memory = 0
    required_programs is empty
    required_user is empty
    timeout = 300

Standard output:
Skipping, nist-kat package not installed for test vectors.
===> sys/vm/mmap_test:main
Result: passed
Duration: 0.180s

Metadata:
    allowed_architectures is empty
    allowed_platforms is empty
    description is empty
    has_cleanup = false
    required_configs is empty
    required_disk_space = 0
    required_files is empty
    required_memory = 0
    required_programs is empty
    required_user is empty
    timeout = 300

Standard output:
1..9
ok 1 # mmap(0x0, ...) failed
ok 2 # mmap(0x1, ...) failed
ok 3 # mmap(0xfff, ...) failed
ok 4 # mmap(0x1000, ...) succeeded: p=0x1000
ok 5 # mmap(0xffffffffffffffff, ...) failed
ok 6 # mmap(0xfffffffffffff000, ...) failed
ok 7 # mmap(0xffffffffffffefff, ...) failed
ok 8 # mmap(0xffffffffffffeffe, ...) failed
ok 9 # mmap(0x1000000, ...) succeeded: p=0x1000000
===> usr.bin/apply/legacy_test:main
Result: passed
Duration: 0.288s

Metadata:
    allowed_architectures is empty
    allowed_platforms is empty
    description is empty
    has_cleanup = false
    required_configs is empty
    required_disk_space = 0
    required_files is empty
    required_memory = 0
    required_programs is empty
    required_user is empty
    timeout = 300

Standard output:
1..2
ok - 00 # Test detected no regression. (in .)
ok - 01 # Test detected no regression. (in .)
===> usr.bin/basename/basename_test:basic
Result: passed
Duration: 1.930s

Metadata:
    allowed_architectures is empty
    allowed_platforms is empty
    description = Checks basic functionality
    has_cleanup = false
    required_configs is empty
    required_disk_space = 0
    required_files is empty
    required_memory = 0
    required_programs is empty
    required_user is empty
    timeout = 300

Standard output:
Executing command [ basename /usr/bin ]
Executing command [ basename /usr ]
Executing command [ basename / ]
Executing command [ basename /// ]
Executing command [ basename /usr// ]
Executing command [ basename //usr//bin ]
Executing command [ basename usr ]
Executing command [ basename usr/bin ]
===> usr.bin/basename/basename_test:suffix
Result: passed
Duration: 0.651s

Metadata:
    allowed_architectures is empty
    allowed_platforms is empty
    description = Checks removing of provided suffix
    has_cleanup = false
    required_configs is empty
    required_disk_space = 0
    required_files is empty
    required_memory = 0
    required_programs is empty
    required_user is empty
    timeout = 300

Standard output:
Executing command [ basename /usr/bin n ]
Executing command [ basename /usr/bin bin ]
Executing command [ basename / / ]
Executing command [ basename /usr/bin/gcc cc ]
===> usr.bin/bmake/archives/fmt_44bsd/legacy_test:main
Result: passed
Duration: 4.071s

Metadata:
    allowed_architectures is empty
    allowed_platforms is empty
    description is empty
    has_cleanup = false
    required_configs is empty
    required_disk_space = 0
    required_files is empty
    required_memory = 0
    required_programs is empty
    required_user is empty
    timeout = 300

Standard output:
1..7
ok 1 archives/fmt_44bsd/1 # skip make is not fmake;
ok 2 archives/fmt_44bsd/2 # skip make is not fmake;
ok 3 archives/fmt_44bsd/3 # skip make is not fmake;
ok 4 archives/fmt_44bsd/4 # skip make is not fmake;
ok 5 archives/fmt_44bsd/5 # skip make is not fmake;
ok 6 archives/fmt_44bsd/6 # skip make is not fmake;
ok 7 archives/fmt_44bsd/7 # skip make is not fmake;
===> usr.bin/bmake/archives/fmt_44bsd_mod/legacy_test:main
Result: passed
Duration: 0.877s

Metadata:
    allowed_architectures is empty
    allowed_platforms is empty
    description is empty
    has_cleanup = false
    required_configs is empty
    required_disk_space = 0
    required_files is empty
    required_memory = 0
    required_programs is empty
    required_user is empty
    timeout = 300

Standard output:
1..7
ok 1 archives/fmt_44bsd_mod/1 # skip make is not fmake;
ok 2 archives/fmt_44bsd_mod/2 # skip make is not fmake;
ok 3 archives/fmt_44bsd_mod/3 # skip make is not fmake;
ok 4 archives/fmt_44bsd_mod/4 # skip make is not fmake;
ok 5 archives/fmt_44bsd_mod/5 # skip make is not fmake;
ok 6 archives/fmt_44bsd_mod/6 # skip make is not fmake;
ok 7 archives/fmt_44bsd_mod/7 # skip make is not fmake;
===> usr.bin/bmake/archives/fmt_oldbsd/legacy_test:main
Result: passed
Duration: 0.754s

Metadata:
    allowed_architectures is empty
    allowed_platforms is empty
    description is empty
    has_cleanup = false
    required_configs is empty
    required_disk_space = 0
    required_files is empty
    required_memory = 0
    required_programs is empty
    required_user is empty
    timeout = 300

Standard output:
1..7
ok 1 archives/fmt_oldbsd/1 # skip make is not fmake;
ok 2 archives/fmt_oldbsd/2 # skip make is not fmake;
ok 3 archives/fmt_oldbsd/3 # skip make is not fmake;
ok 4 archives/fmt_oldbsd/4 # skip make is not fmake;
ok 5 archives/fmt_oldbsd/5 # skip make is not fmake;
ok 6 archives/fmt_oldbsd/6 # skip make is not fmake;
ok 7 archives/fmt_oldbsd/7 # skip make is not fmake;
===> usr.bin/bmake/basic/t0/legacy_test:main
Result: passed
Duration: 3.412s

Metadata:
    allowed_architectures is empty
    allowed_platforms is empty
    description is empty
    has_cleanup = false
    required_configs is empty
    required_disk_space = 0
    required_files is empty
    required_memory = 0
    required_programs is empty
    required_user is empty
    timeout = 300

Standard output:
1..1
ok 1 basic/t0/1 # skip make is not fmake;
===> usr.bin/bmake/basic/t1/legacy_test:main
Result: passed
Duration: 0.941s

Metadata:
    allowed_architectures is empty
    allowed_platforms is empty
    description is empty
    has_cleanup = false
    required_configs is empty
    required_disk_space = 0
    required_files is empty
    required_memory = 0
    required_programs is empty
    required_user is empty
    timeout = 300

Standard output:
1..1
ok 1 basic/t1/1 # skip make is not fmake;
===> usr.bin/bmake/basic/t2/legacy_test:main
Result: passed
Duration: 0.981s

Metadata:
    allowed_architectures is empty
    allowed_platforms is empty
    description is empty
    has_cleanup = false
    required_configs is empty
    required_disk_space = 0
    required_files is empty
    required_memory = 0
    required_programs is empty
    required_user is empty
    timeout = 300

Standard output:
1..1
ok 1 basic/t2/1 # skip make is not fmake;
===> usr.bin/bmake/basic/t3/legacy_test:main
Result: passed
Duration: 0.396s

Metadata:
    allowed_architectures is empty
    allowed_platforms is empty
    description is empty
    has_cleanup = false
    required_configs is empty
    required_disk_space = 0
    required_files is empty
    required_memory = 0
    required_programs is empty
    required_user is empty
    timeout = 300

Standard output:
1..1
ok 1 basic/t3/1 # skip make is not fmake;
===> usr.bin/bmake/execution/ellipsis/legacy_test:main
Result: passed
Duration: 2.452s

Metadata:
    allowed_architectures is empty
    allowed_platforms is empty
    description is empty
    has_cleanup = false
    required_configs is empty
    required_disk_space = 0
    required_files is empty
    required_memory = 0
    required_programs is empty
    required_user is empty
    timeout = 300

Standard output:
1..1
ok 1 execution/ellipsis/1 # skip make is not fmake;
===> usr.bin/bmake/execution/empty/legacy_test:main
Result: passed
Duration: 0.323s

Metadata:
    allowed_architectures is empty
    allowed_platforms is empty
    description is empty
    has_cleanup = false
    required_configs is empty
    required_disk_space = 0
    required_files is empty
    required_memory = 0
    required_programs is empty
    required_user is empty
    timeout = 300

Standard output:
1..1
ok 1 execution/empty/1 # skip make is not fmake;
===> usr.bin/bmake/execution/joberr/legacy_test:main
Result: passed
Duration: 0.351s

Metadata:
    allowed_architectures is empty
    allowed_platforms is empty
    description is empty
    has_cleanup = false
    required_configs is empty
    required_disk_space = 0
    required_files is empty
    required_memory = 0
    required_programs is empty
    required_user is empty
    timeout = 300

Standard output:
1..1
ok 1 execution/joberr/1 # skip make is not fmake;
===> usr.bin/bmake/execution/plus/legacy_test:main
Result: passed
Duration: 0.270s

Metadata:
    allowed_architectures is empty
    allowed_platforms is empty
    description is empty
    has_cleanup = false
    required_configs is empty
    required_disk_space = 0
    required_files is empty
    required_memory = 0
    required_programs is empty
    required_user is empty
    timeout = 300

Standard output:
1..1
ok 1 execution/plus/1 # skip make is not fmake;
===> usr.bin/bmake/shell/builtin/legacy_test:main
Result: passed
Duration: 0.377s

Metadata:
    allowed_architectures is empty
    allowed_platforms is empty
    description is empty
    has_cleanup = false
    required_configs is empty
    required_disk_space = 0
    required_files is empty
    required_memory = 0
    required_programs is empty
    required_user is empty
    timeout = 300

Standard output:
1..2
ok 1 shell/builtin/1 # skip make is not fmake;
ok 2 shell/builtin/2 # skip make is not fmake;
===> usr.bin/bmake/shell/meta/legacy_test:main
Result: passed
Duration: 0.773s

Metadata:
    allowed_architectures is empty
    allowed_platforms is empty
    description is empty
    has_cleanup = false
    required_configs is empty
    required_disk_space = 0
    required_files is empty
    required_memory = 0
    required_programs is empty
    required_user is empty
    timeout = 300

Standard output:
1..2
ok 1 shell/meta/1 # skip make is not fmake;
ok 2 shell/meta/2 # skip make is not fmake;
===> usr.bin/bmake/shell/path/legacy_test:main
Result: passed
Duration: 29.856s

Metadata:
    allowed_architectures is empty
    allowed_platforms is empty
    description is empty
    has_cleanup = false
    required_configs is empty
    required_disk_space = 0
    required_files is empty
    required_memory = 0
    required_programs is empty
    required_user is empty
    timeout = 300

Standard output:
1..3
ok 1 shell/path/1 # skip make is not fmake;
ok 2 shell/path/2 # skip make is not fmake;
ok 3 shell/path/3 # skip make is not fmake;
===> usr.bin/bmake/shell/path_select/legacy_test:main
Result: passed
Duration: 0.542s

Metadata:
    allowed_architectures is empty
    allowed_platforms is empty
    description is empty
    has_cleanup = false
    required_configs is empty
    required_disk_space = 0
    required_files is empty
    required_memory = 0
    required_programs is empty
    required_user is empty
    timeout = 300

Standard output:
1..3
ok 1 shell/path_select/1 # skip make is not fmake;
ok 2 shell/path_select/2 # skip make is not fmake;
ok 3 shell/path_select/3 # skip make is not fmake;
===> usr.bin/bmake/shell/replace/legacy_test:main
Result: passed
Duration: 2.049s

Metadata:
    allowed_architectures is empty
    allowed_platforms is empty
    description is empty
    has_cleanup = false
    required_configs is empty
    required_disk_space = 0
    required_files is empty
    required_memory = 0
    required_programs is empty
    required_user is empty
    timeout = 300

Standard output:
1..2
ok 1 shell/replace/1 # skip make is not fmake;
ok 2 shell/replace/2 # skip make is not fmake;
===> usr.bin/bmake/shell/select/legacy_test:main
Result: passed
Duration: 0.434s

Metadata:
    allowed_architectures is empty
    allowed_platforms is empty
    description is empty
    has_cleanup = false
    required_configs is empty
    required_disk_space = 0
    required_files is empty
    required_memory = 0
    required_programs is empty
    required_user is empty
    timeout = 300

Standard output:
1..3
ok 1 shell/select/1 # skip make is not fmake;
ok 2 shell/select/2 # skip make is not fmake;
ok 3 shell/select/3 # skip make is not fmake;
===> usr.bin/bmake/suffixes/basic/legacy_test:main
Result: passed
Duration: 0.118s

Metadata:
    allowed_architectures is empty
    allowed_platforms is empty
    description is empty
    has_cleanup = false
    required_configs is empty
    required_disk_space = 0
    required_files is empty
    required_memory = 0
    required_programs is empty
    required_user is empty
    timeout = 300

Standard output:
1..1
ok 1 suffixes/basic/1 # skip make is not fmake;
===> usr.bin/bmake/suffixes/src_wild1/legacy_test:main
Result: passed
Duration: 0.323s

Metadata:
    allowed_architectures is empty
    allowed_platforms is empty
    description is empty
    has_cleanup = false
    required_configs is empty
    required_disk_space = 0
    required_files is empty
    required_memory = 0
    required_programs is empty
    required_user is empty
    timeout = 300

Standard output:
1..1
ok 1 suffixes/src_wild1/1 # skip make is not fmake;
===> usr.bin/bmake/suffixes/src_wild2/legacy_test:main
Result: passed
Duration: 0.309s

Metadata:
    allowed_architectures is empty
    allowed_platforms is empty
    description is empty
    has_cleanup = false
    required_configs is empty
    required_disk_space = 0
    required_files is empty
    required_memory = 0
    required_programs is empty
    required_user is empty
    timeout = 300

Standard output:
1..1
ok 1 suffixes/src_wild2/1 # skip make is not fmake;
===> usr.bin/bmake/syntax/directive-t0/legacy_test:main
Result: passed
Duration: 0.165s

Metadata:
    allowed_architectures is empty
    allowed_platforms is empty
    description is empty
    has_cleanup = false
    required_configs is empty
    required_disk_space = 0
    required_files is empty
    required_memory = 0
    required_programs is empty
    required_user is empty
    timeout = 300

Standard output:
1..1
ok 1 syntax/directive-t0/1 # skip make is not fmake;
===> usr.bin/bmake/syntax/enl/legacy_test:main
Result: passed
Duration: 0.267s

Metadata:
    allowed_architectures is empty
    allowed_platforms is empty
    description is empty
    has_cleanup = false
    required_configs is empty
    required_disk_space = 0
    required_files is empty
    required_memory = 0
    required_programs is empty
    required_user is empty
    timeout = 300

Standard output:
1..5
ok 1 syntax/enl/1 # skip make is not fmake;
ok 2 syntax/enl/2 # skip make is not fmake;
ok 3 syntax/enl/3 # skip make is not fmake;
ok 4 syntax/enl/4 # skip make is not fmake;
ok 5 syntax/enl/5 # skip make is not fmake;
===> usr.bin/bmake/syntax/funny-targets/legacy_test:main
Result: passed
Duration: 0.190s

Metadata:
    allowed_architectures is empty
    allowed_platforms is empty
    description is empty
    has_cleanup = false
    required_configs is empty
    required_disk_space = 0
    required_files is empty
    required_memory = 0
    required_programs is empty
    required_user is empty
    timeout = 300

Standard output:
1..2
ok 1 syntax/funny-targets/1 # skip make is not fmake;
ok 2 syntax/funny-targets/2 # skip make is not fmake;
===> usr.bin/bmake/syntax/semi/legacy_test:main
Result: passed
Duration: 0.156s

Metadata:
    allowed_architectures is empty
    allowed_platforms is empty
    description is empty
    has_cleanup = false
    required_configs is empty
    required_disk_space = 0
    required_files is empty
    required_memory = 0
    required_programs is empty
    required_user is empty
    timeout = 300

Standard output:
1..2
ok 1 syntax/semi/1 # skip make is not fmake;
ok 2 syntax/semi/2 # skip make is not fmake;
===> usr.bin/bmake/sysmk/t0/2/1/legacy_test:main
Result: passed
Duration: 0.616s

Metadata:
    allowed_architectures is empty
    allowed_platforms is empty
    description is empty
    has_cleanup = false
    required_configs is empty
    required_disk_space = 0
    required_files is empty
    required_memory = 0
    required_programs is empty
    required_user is empty
    timeout = 300

Standard output:
1..1
ok 1 sysmk/t0/2/1/1 # skip make is not fmake;
===> usr.bin/bmake/sysmk/t1/2/1/legacy_test:main
Result: passed
Duration: 2.356s

Metadata:
    allowed_architectures is empty
    allowed_platforms is empty
    description is empty
    has_cleanup = false
    required_configs is empty
    required_disk_space = 0
    required_files is empty
    required_memory = 0
    required_programs is empty
    required_user is empty
    timeout = 300

Standard output:
1..1
ok 1 sysmk/t1/2/1/1 # skip make is not fmake;
===> usr.bin/bmake/sysmk/t2/2/1/legacy_test:main
Result: passed
Duration: 0.500s

Metadata:
    allowed_architectures is empty
    allowed_platforms is empty
    description is empty
    has_cleanup = false
    required_configs is empty
    required_disk_space = 0
    required_files is empty
    required_memory = 0
    required_programs is empty
    required_user is empty
    timeout = 300

Standard output:
1..1
ok 1 sysmk/t2/2/1/1 # skip make is not fmake;
===> usr.bin/bmake/variables/modifier_M/legacy_test:main
Result: passed
Duration: 0.312s

Metadata:
    allowed_architectures is empty
    allowed_platforms is empty
    description is empty
    has_cleanup = false
    required_configs is empty
    required_disk_space = 0
    required_files is empty
    required_memory = 0
    required_programs is empty
    required_user is empty
    timeout = 300

Standard output:
1..1
ok 1 variables/modifier_M/1 # skip make is not fmake;
===> usr.bin/bmake/variables/modifier_t/legacy_test:main
Result: passed
Duration: 0.426s

Metadata:
    allowed_architectures is empty
    allowed_platforms is empty
    description is empty
    has_cleanup = false
    required_configs is empty
    required_disk_space = 0
    required_files is empty
    required_memory = 0
    required_programs is empty
    required_user is empty
    timeout = 300

Standard output:
1..3
ok 1 variables/modifier_t/1 # skip make is not fmake;
ok 2 variables/modifier_t/2 # skip make is not fmake;
ok 3 variables/modifier_t/3 # skip make is not fmake;
===> usr.bin/bmake/variables/opt_V/legacy_test:main
Result: passed
Duration: 0.292s

Metadata:
    allowed_architectures is empty
    allowed_platforms is empty
    description is empty
    has_cleanup = false
    required_configs is empty
    required_disk_space = 0
    required_files is empty
    required_memory = 0
    required_programs is empty
    required_user is empty
    timeout = 300

Standard output:
1..2
ok 1 variables/opt_V/1 # skip make is not fmake;
ok 2 variables/opt_V/2 # skip make is not fmake;
===> usr.bin/bmake/variables/t0/legacy_test:main
Result: passed
Duration: 0.371s

Metadata:
    allowed_architectures is empty
    allowed_platforms is empty
    description is empty
    has_cleanup = false
    required_configs is empty
    required_disk_space = 0
    required_files is empty
    required_memory = 0
    required_programs is empty
    required_user is empty
    timeout = 300

Standard output:
1..1
ok 1 variables/t0/1 # skip make is not fmake;
===> usr.bin/calendar/legacy_test:main
Result: passed
Duration: 1.489s

Metadata:
    allowed_architectures is empty
    allowed_platforms is empty
    description is empty
    has_cleanup = false
    required_configs is empty
    required_disk_space = 0
    required_files is empty
    required_memory = 0
    required_programs is empty
    required_user is empty
    timeout = 300

Standard output:
1..28
ok - s1 # Test detected no regression. (in .)
ok - s2 # Test detected no regression. (in .)
ok - s3 # Test detected no regression. (in .)
ok - s4 # Test detected no regression. (in .)
ok - a1 # Test detected no regression. (in .)
ok - a2 # Test detected no regression. (in .)
ok - a3 # Test detected no regression. (in .)
ok - a4 # Test detected no regression. (in .)
ok - a5 # Test detected no regression. (in .)
ok - b1 # Test detected no regression. (in .)
ok - b2 # Test detected no regression. (in .)
ok - b3 # Test detected no regression. (in .)
ok - b4 # Test detected no regression. (in .)
ok - b5 # Test detected no regression. (in .)
ok - w0-1 # Test detected no regression. (in .)
ok - w0-2 # Test detected no regression. (in .)
ok - w0-3 # Test detected no regression. (in .)
ok - w0-4 # Test detected no regression. (in .)
ok - w0-5 # Test detected no regression. (in .)
ok - w0-6 # Test detected no regression. (in .)
ok - w0-7 # Test detected no regression. (in .)
ok - wn-1 # Test detected no regression. (in .)
ok - wn-2 # Test detected no regression. (in .)
ok - wn-3 # Test detected no regression. (in .)
ok - wn-4 # Test detected no regression. (in .)
ok - wn-5 # Test detected no regression. (in .)
ok - wn-6 # Test detected no regression. (in .)
ok - wn-7 # Test detected no regression. (in .)
===> usr.bin/cmp/cmp_test:missing
Result: passed
Duration: 2.085s

Metadata:
    allowed_architectures is empty
    allowed_platforms is empty
    description = Test that cmp(1) with '-s' is silent when files are missing (PR bin/2642)
    has_cleanup = false
    required_configs is empty
    required_disk_space = 0
    required_files is empty
    required_memory = 0
    required_programs is empty
    required_user is empty
    timeout = 300

Standard output:
Executing command [ /bin/sh -c cmp -s a x ]
Executing command [ /bin/sh -c cmp -s x a ]
Executing command [ /bin/sh -c cmp -s x y ]
Executing command [ /bin/sh -c cmp -s y x ]
===> usr.bin/cmp/cmp_test:skip
Result: passed
Duration: 0.380s

Metadata:
    allowed_architectures is empty
    allowed_platforms is empty
    description = Test that cmp(1) handles skip parameters correctly (PR bin/23836)
    has_cleanup = false
    required_configs is empty
    required_disk_space = 0
    required_files is empty
    required_memory = 0
    required_programs is empty
    required_user is empty
    timeout = 300

Standard output:
Executing command [ /bin/sh -c cmp a b '10' ]
Executing command [ /bin/sh -c cmp a b '0xa' ]
Executing command [ /bin/sh -c cmp a b '9' ]
===> usr.bin/col/col:rlf
Result: passed
Duration: 2.652s

Metadata:
    allowed_architectures is empty
    allowed_platforms is empty
    description = testing reverse line feed
    has_cleanup = false
    required_configs is empty
    required_disk_space = 0
    required_files is empty
    required_memory = 0
    required_programs is empty
    required_user is empty
    timeout = 300

Standard output:
Executing command [ col ]
Executing command [ col ]
Executing command [ col -x ]
===> usr.bin/comm/legacy_test:main
Result: passed
Duration: 0.087s

Metadata:
    allowed_architectures is empty
    allowed_platforms is empty
    description is empty
    has_cleanup = false
    required_configs is empty
    required_disk_space = 0
    required_files is empty
    required_memory = 0
    required_programs is empty
    required_user is empty
    timeout = 300

Standard output:
1..3
ok - 00 # Test detected no regression. (in .)
ok - 01 # Test detected no regression. (in .)
ok - 02 # Test detected no regression. (in .)
===> usr.bin/cut/cut_test:basic
Result: passed
Duration: 0.446s

Metadata:
    allowed_architectures is empty
    allowed_platforms is empty
    description = Checks basic functionality
    has_cleanup = false
    required_configs is empty
    required_disk_space = 0
    required_files is empty
    required_memory = 0
    required_programs is empty
    required_user is empty
    timeout = 300
===> usr.bin/cut/cut_test:dflag
Result: passed
Duration: 0.426s

Metadata:
    allowed_architectures is empty
    allowed_platforms is empty
    description = Checks -d flag
    has_cleanup = false
    required_configs is empty
    required_disk_space = 0
    required_files is empty
    required_memory = 0
    required_programs is empty
    required_user is empty
    timeout = 300
===> usr.bin/cut/cut_test:dsflag
Result: passed
Duration: 1.891s

Metadata:
    allowed_architectures is empty
    allowed_platforms is empty
    description = Checks -s and -d flags combined
    has_cleanup = false
    required_configs is empty
    required_disk_space = 0
    required_files is empty
    required_memory = 0
    required_programs is empty
    required_user is empty
    timeout = 300
===> usr.bin/cut/cut_test:latin1
Result: passed
Duration: 0.623s

Metadata:
    allowed_architectures is empty
    allowed_platforms is empty
    description = Checks support for non-ascii characters
    has_cleanup = false
    required_configs is empty
    required_disk_space = 0
    required_files is empty
    required_memory = 0
    required_programs is empty
    required_user is empty
    timeout = 300

Standard output:
Executing command [ cut -b 6,7,8 /usr/tests/usr.bin/cut/d_latin1.in ]
Executing command [ cut -c 6,7,8 /usr/tests/usr.bin/cut/d_latin1.in ]
===> usr.bin/cut/cut_test:sflag
Result: passed
Duration: 0.269s

Metadata:
    allowed_architectures is empty
    allowed_platforms is empty
    description = Checks -s flag
    has_cleanup = false
    required_configs is empty
    required_disk_space = 0
    required_files is empty
    required_memory = 0
    required_programs is empty
    required_user is empty
    timeout = 300
===> usr.bin/cut/cut_test:utf8
Result: passed
Duration: 0.229s

Metadata:
    allowed_architectures is empty
    allowed_platforms is empty
    description = Checks support for multibyte characters
    has_cleanup = false
    required_configs is empty
    required_disk_space = 0
    required_files is empty
    required_memory = 0
    required_programs is empty
    required_user is empty
    timeout = 300

Standard output:
Executing command [ cut -b 6,7,8 /usr/tests/usr.bin/cut/d_utf8.in ]
Executing command [ cut -c 6,7,8 /usr/tests/usr.bin/cut/d_utf8.in ]
===> usr.bin/dirname/dirname_test:basic
Result: passed
Duration: 0.434s

Metadata:
    allowed_architectures is empty
    allowed_platforms is empty
    description = Checks basic functionality
    has_cleanup = false
    required_configs is empty
    required_disk_space = 0
    required_files is empty
    required_memory = 0
    required_programs is empty
    required_user is empty
    timeout = 300

Standard output:
Executing command [ dirname / ]
Executing command [ dirname // ]
Executing command [ dirname /usr/bin/ ]
Executing command [ dirname //usr//bin// ]
Executing command [ dirname usr ]
Executing command [ dirname  ]
Executing command [ dirname /usr ]
Executing command [ dirname /usr/bin ]
Executing command [ dirname usr/bin ]
===> usr.bin/file2c/legacy_test:main
Result: passed
Duration: 0.274s

Metadata:
    allowed_architectures is empty
    allowed_platforms is empty
    description is empty
    has_cleanup = false
    required_configs is empty
    required_disk_space = 0
    required_files is empty
    required_memory = 0
    required_programs is empty
    required_user is empty
    timeout = 300

Standard output:
1..9
ok - 1 # Test detected no regression. (in .)
ok - 2 # Test detected no regression. (in .)
ok - 3 # Test detected no regression. (in .)
ok - 4 # Test detected no regression. (in .)
ok - 5 # Test detected no regression. (in .)
ok - 6 # Test detected no regression. (in .)
ok - 7 # Test detected no regression. (in .)
ok - 8 # Test detected no regression. (in .)
ok - 9 # Test detected no regression. (in .)
===> usr.bin/grep/grep_test:basic
Result: passed
Duration: 0.384s

Metadata:
    allowed_architectures is empty
    allowed_platforms is empty
    description = Checks basic functionality
    has_cleanup = false
    required_configs is empty
    required_disk_space = 0
    required_files is empty
    required_memory = 0
    required_programs is empty
    required_user is empty
    timeout = 300

Standard output:
Executing command [ /bin/sh -c jot 10000 | grep 123 ]
===> usr.bin/grep/grep_test:begin_end
Result: passed
Duration: 0.390s

Metadata:
    allowed_architectures is empty
    allowed_platforms is empty
    description = Checks handling of line beginnings and ends
    has_cleanup = false
    required_configs is empty
    required_disk_space = 0
    required_files is empty
    required_memory = 0
    required_programs is empty
    required_user is empty
    timeout = 300

Standard output:
Executing command [ grep ^Front /usr/tests/usr.bin/grep/d_input ]
Executing command [ grep ending$ /usr/tests/usr.bin/grep/d_input ]
===> usr.bin/grep/grep_test:binary
Result: passed
Duration: 0.238s

Metadata:
    allowed_architectures is empty
    allowed_platforms is empty
    description = Checks handling of binary files
    has_cleanup = false
    required_configs is empty
    required_disk_space = 0
    required_files is empty
    required_memory = 0
    required_programs is empty
    required_user is empty
    timeout = 300

Standard output:
Executing command [ grep FreeBSD /bin/sh ]
===> usr.bin/grep/grep_test:context
Result: passed
Duration: 0.812s

Metadata:
    allowed_architectures is empty
    allowed_platforms is empty
    description = Checks displaying context with -A, -B and -C flags
    has_cleanup = false
    required_configs is empty
    required_disk_space = 0
    required_files is empty
    required_memory = 0
    required_programs is empty
    required_user is empty
    timeout = 300

Standard output:
Executing command [ grep -C2 bamboo d_context_a.in ]
Executing command [ grep -A3 tilt d_context_a.in ]
Executing command [ grep -B4 Whig d_context_a.in ]
Executing command [ grep -C1 pig d_context_a.in d_context_b.in ]
===> usr.bin/grep/grep_test:context2
Result: passed
Duration: 0.260s

Metadata:
    allowed_architectures is empty
    allowed_platforms is empty
    description = Checks displaying context with -z flag
    has_cleanup = false
    required_configs is empty
    required_disk_space = 0
    required_files is empty
    required_memory = 0
    required_programs is empty
    required_user is empty
    timeout = 300

Standard output:
Executing command [ grep -z -A1 cod test1 test2 ]
Executing command [ grep -z -B1 cod test1 test2 ]
Executing command [ grep -z -C1 cod test1 test2 ]
===> usr.bin/grep/grep_test:egrep
Result: passed
Duration: 2.266s

Metadata:
    allowed_architectures is empty
    allowed_platforms is empty
    description = Checks matching special characters with egrep
    has_cleanup = false
    required_configs is empty
    required_disk_space = 0
    required_files is empty
    required_memory = 0
    required_programs is empty
    required_user is empty
    timeout = 300

Standard output:
Executing command [ egrep \?|\*$$ /usr/tests/usr.bin/grep/d_input ]
===> usr.bin/grep/grep_test:file_exp
Result: passed
Duration: 0.119s

Metadata:
    allowed_architectures is empty
    allowed_platforms is empty
    description = Checks reading expressions from file
    has_cleanup = false
    required_configs is empty
    required_disk_space = 0
    required_files is empty
    required_memory = 0
    required_programs is empty
    required_user is empty
    timeout = 300

Standard output:
Executing command [ /bin/sh -c jot 21 -1 1.00 | grep -f /usr/tests/usr.bin/grep/d_file_exp.in ]
===> usr.bin/grep/grep_test:ignore_case
Result: passed
Duration: 0.162s

Metadata:
    allowed_architectures is empty
    allowed_platforms is empty
    description = Checks ignore-case option
    has_cleanup = false
    required_configs is empty
    required_disk_space = 0
    required_files is empty
    required_memory = 0
    required_programs is empty
    required_user is empty
    timeout = 300

Standard output:
Executing command [ grep -i Upper /usr/tests/usr.bin/grep/d_input ]
===> usr.bin/grep/grep_test:invert
Result: passed
Duration: 0.145s

Metadata:
    allowed_architectures is empty
    allowed_platforms is empty
    description = Checks selecting non-matching lines with -v option
    has_cleanup = false
    required_configs is empty
    required_disk_space = 0
    required_files is empty
    required_memory = 0
    required_programs is empty
    required_user is empty
    timeout = 300

Standard output:
Executing command [ grep -v fish /usr/tests/usr.bin/grep/d_invert.in ]
===> usr.bin/grep/grep_test:negative
Result: passed
Duration: 0.211s

Metadata:
    allowed_architectures is empty
    allowed_platforms is empty
    description = Checks handling of files with no matches
    has_cleanup = false
    required_configs is empty
    required_disk_space = 0
    required_files is empty
    required_memory = 0
    required_programs is empty
    required_user is empty
    timeout = 300

Standard output:
Executing command [ grep not a hope in hell /usr/tests/usr.bin/grep/d_input ]
===> usr.bin/grep/grep_test:nonexistent
Result: passed
Duration: 0.081s

Metadata:
    allowed_architectures is empty
    allowed_platforms is empty
    description = Checks that -s flag suppresses error messages about nonexistent files
    has_cleanup = false
    required_configs is empty
    required_disk_space = 0
    required_files is empty
    required_memory = 0
    required_programs is empty
    required_user is empty
    timeout = 300

Standard output:
Executing command [ grep -s foobar nonexistent ]
===> usr.bin/grep/grep_test:recurse
Result: passed
Duration: 0.308s

Metadata:
    allowed_architectures is empty
    allowed_platforms is empty
    description = Checks recursive searching
    has_cleanup = false
    required_configs is empty
    required_disk_space = 0
    required_files is empty
    required_memory = 0
    required_programs is empty
    required_user is empty
    timeout = 300

Standard output:
Executing command [ grep -r haddock recurse ]
===> usr.bin/grep/grep_test:recurse_symlink
Result: passed
Duration: 0.610s

Metadata:
    allowed_architectures is empty
    allowed_platforms is empty
    description = Checks symbolic link recursion
    has_cleanup = false
    required_configs is empty
    required_disk_space = 0
    required_files is empty
    required_memory = 0
    required_programs is empty
    required_user is empty
    timeout = 300

Standard output:
Executing command [ grep -r string test ]
===> usr.bin/grep/grep_test:whole_line
Result: passed
Duration: 0.480s

Metadata:
    allowed_architectures is empty
    allowed_platforms is empty
    description = Checks whole-line matching with -x flag
    has_cleanup = false
    required_configs is empty
    required_disk_space = 0
    required_files is empty
    required_memory = 0
    required_programs is empty
    required_user is empty
    timeout = 300

Standard output:
Executing command [ grep -x matchme /usr/tests/usr.bin/grep/d_input ]
===> usr.bin/grep/grep_test:word_regexps
Result: passed
Duration: 0.359s

Metadata:
    allowed_architectures is empty
    allowed_platforms is empty
    description = Checks word-regexps
    has_cleanup = false
    required_configs is empty
    required_disk_space = 0
    required_files is empty
    required_memory = 0
    required_programs is empty
    required_user is empty
    timeout = 300

Standard output:
Executing command [ grep -w separated /usr/tests/usr.bin/grep/d_input ]
===> usr.bin/grep/grep_test:zgrep
Result: passed
Duration: 0.259s

Metadata:
    allowed_architectures is empty
    allowed_platforms is empty
    description = Checks handling of gzipped files with zgrep
    has_cleanup = false
    required_configs is empty
    required_disk_space = 0
    required_files is empty
    required_memory = 0
    required_programs is empty
    required_user is empty
    timeout = 300

Standard output:
Executing command [ zgrep -h line d_input.gz ]
===> usr.bin/gzip/gzip_test:concatenated
Result: passed
Duration: 0.464s

Metadata:
    allowed_architectures is empty
    allowed_platforms is empty
    description = Checks concatenated gzipped data
    has_cleanup = false
    required_configs is empty
    required_disk_space = 0
    required_files is empty
    required_memory = 0
    required_programs is empty
    required_user is empty
    timeout = 300

Standard output:
Executing command [ gzip -d tmp.gz -c ]
===> usr.bin/gzip/gzip_test:crcerror
Result: passed
Duration: 0.302s

Metadata:
    allowed_architectures is empty
    allowed_platforms is empty
    description = Checks that gzip fails on crc error
    has_cleanup = false
    required_configs is empty
    required_disk_space = 0
    required_files is empty
    required_memory = 0
    required_programs is empty
    required_user is empty
    timeout = 300

Standard output:
Executing command [ gzip -d crcerror.gz ]
===> usr.bin/gzip/gzip_test:good
Result: passed
Duration: 0.435s

Metadata:
    allowed_architectures is empty
    allowed_platforms is empty
    description = Checks decompressing correct file
    has_cleanup = false
    required_configs is empty
    required_disk_space = 0
    required_files is empty
    required_memory = 0
    required_programs is empty
    required_user is empty
    timeout = 300

Standard output:
Executing command [ gzip -d good.gz ]
===> usr.bin/gzip/gzip_test:pipe
Result: passed
Duration: 3.703s

Metadata:
    allowed_architectures is empty
    allowed_platforms is empty
    description = Checks input from pipe
    has_cleanup = false
    required_configs is empty
    required_disk_space = 0
    required_files is empty
    required_memory = 0
    required_programs is empty
    required_user is empty
    timeout = 300

Standard output:
Executing command [ /bin/sh -c dd if=/dev/zero count=102400 2>/dev/null | gzip -c | dd bs=1 2>/dev/null | gzip -tc ]
===> usr.bin/gzip/gzip_test:truncated
Result: passed
Duration: 0.204s

Metadata:
    allowed_architectures is empty
    allowed_platforms is empty
    description = Checks that gzip fails on truncated data
    has_cleanup = false
    required_configs is empty
    required_disk_space = 0
    required_files is empty
    required_memory = 0
    required_programs is empty
    required_user is empty
    timeout = 300

Standard output:
Executing command [ gzip -d truncated.gz ]
===> usr.bin/ident/ident:ident
Result: passed
Duration: 0.608s

Metadata:
    allowed_architectures is empty
    allowed_platforms is empty
    description is empty
    has_cleanup = false
    required_configs is empty
    required_disk_space = 0
    required_files is empty
    required_memory = 0
    required_programs is empty
    required_user is empty
    timeout = 300

Standard output:
Executing command [ ident ]
Executing command [ ident /usr/tests/usr.bin/ident/test.in /usr/tests/usr.bin/ident/testnoid ]
Executing command [ ident -q /usr/tests/usr.bin/ident/test.in /usr/tests/usr.bin/ident/testnoid ]
===> usr.bin/join/legacy_test:main
Result: passed
Duration: 0.096s

Metadata:
    allowed_architectures is empty
    allowed_platforms is empty
    description is empty
    has_cleanup = false
    required_configs is empty
    required_disk_space = 0
    required_files is empty
    required_memory = 0
    required_programs is empty
    required_user is empty
    timeout = 300

Standard output:
1..1
ok -  # Test detected no regression. (in .)
===> usr.bin/jot/legacy_test:main
Result: passed
Duration: 0.324s

Metadata:
    allowed_architectures is empty
    allowed_platforms is empty
    description is empty
    has_cleanup = false
    required_configs is empty
    required_disk_space = 0
    required_files is empty
    required_memory = 0
    required_programs is empty
    required_user is empty
    timeout = 300

Standard output:
1..60
ok - x # Test detected no regression. (in .)
ok - hhhh # Test detected no regression. (in .)
ok - hhhd # Test detected no regression. (in .)
ok - hhdh # Test detected no regression. (in .)
ok - hhdd # Test detected no regression. (in .)
ok - hdhh # Test detected no regression. (in .)
ok - hdhd # Test detected no regression. (in .)
ok - hddh # Test detected no regression. (in .)
ok - hddd # Test detected no regression. (in .)
ok - dhhh # Test detected no regression. (in .)
ok - dhhd # Test detected no regression. (in .)
ok - dhdh # Test detected no regression. (in .)
ok - dhdd # Test detected no regression. (in .)
ok - ddhh # Test detected no regression. (in .)
ok - ddhd # Test detected no regression. (in .)
ok - dddh # Test detected no regression. (in .)
ok - dddd # Test detected no regression. (in .)
ok - hhhh2 # Test detected no regression. (in .)
ok - hhhd2 # Test detected no regression. (in .)
ok - hhdh2 # Test detected no regression. (in .)
ok - hhdd2 # Test detected no regression. (in .)
ok - hdhh2 # Test detected no regression. (in .)
ok - hdhd2 # Test detected no regression. (in .)
ok - hddh2 # Test detected no regression. (in .)
ok - hddd2 # Test detected no regression. (in .)
ok - dhhh2 # Test detected no regression. (in .)
ok - dhhd2 # Test detected no regression. (in .)
ok - ddhh2 # Test detected no regression. (in .)
ok - rand1 # Test detected no regression. (in .)
ok - rand2 # Test detected no regression. (in .)
ok - n21 # Test detected no regression. (in .)
ok - ascii # Test detected no regression. (in .)
ok - xaa # Test detected no regression. (in .)
ok - yes # Test detected no regression. (in .)
ok - ed # Test detected no regression. (in .)
ok - stutter # Test detected no regression. (in .)
ok - stutter2 # Test detected no regression. (in .)
ok - block # Test detected no regression. (in .)
ok - tabs # Test detected no regression. (in .)
ok - grep # Test detected no regression. (in .)
ok - wf # Test detected no regression. (in .)
ok - we # Test detected no regression. (in .)
ok - wwe # Test detected no regression. (in .)
ok - wg # Test detected no regression. (in .)
ok - wc # Test detected no regression. (in .)
ok - wgd # Test detected no regression. (in .)
ok - wu # Test detected no regression. (in .)
ok - wo # Test detected no regression. (in .)
ok - wx # Test detected no regression. (in .)
ok - wX1 # Test detected no regression. (in .)
ok - wXl # Test detected no regression. (in .)
ok - wdl # Test detected no regression. (in .)
ok - wxn # Test detected no regression. (in .)
ok - wdn # Test detected no regression. (in .)
ok - wp1 # Test detected no regression. (in .)
ok - wp2 # Test detected no regression. (in .)
ok - wp3 # Test detected no regression. (in .)
ok - wp4 # Test detected no regression. (in .)
ok - wp5 # Test detected no regression. (in .)
ok - wp6 # Test detected no regression. (in .)
===> usr.bin/lastcomm/legacy_test:main
Result: passed
Duration: 0.606s

Metadata:
    allowed_architectures is empty
    allowed_platforms is empty
    description is empty
    has_cleanup = false
    required_configs is empty
    required_disk_space = 0
    required_files is empty
    required_memory = 0
    required_programs is empty
    required_user is empty
    timeout = 300

Standard output:
1..6
ok 1
ok 2
ok 3
ok 4
ok 5
ok 6
===> usr.bin/m4/legacy_test:main
Result: passed
Duration: 4.513s

Metadata:
    allowed_architectures is empty
    allowed_platforms is empty
    description is empty
    has_cleanup = false
    required_configs is empty
    required_disk_space = 0
    required_files is empty
    required_memory = 0
    required_programs is empty
    required_user is empty
    timeout = 300

Standard output:
1..21
ok - args # Test detected no regression. (in .)
ok - args2 # Test detected no regression. (in .)
ok - comments # Test detected no regression. (in .)
ok - esyscmd # Test detected no regression. (in .)
ok - eval # Test detected no regression. (in .)
ok - ff_after_dnl # Test detected no regression. (in .)
ok - gnueval # Test detected no regression. (in .)
ok - gnuformat # Test detected no regression. (in .)
ok - gnupatterns # Test detected no regression. (in .)
ok - gnupatterns2 # Test detected no regression. (in .)
ok - gnuprefix # Test detected no regression. (in .)
ok - gnusofterror # Test detected no regression. (in .)
ok - gnutranslit2 # Test detected no regression. (in .)
ok - includes # Test detected no regression. (in .)
ok - m4wrap3 # Test detected no regression. (in .)
ok - patterns # Test detected no regression. (in .)
ok - quotes # Test detected no regression. (in .)
ok - strangequotes # Test detected no regression. (in .)
ok - redef # Test detected no regression. (in .)
ok - translit # Test detected no regression. (in .)
ok - translit2 # Test detected no regression. (in .)
===> usr.bin/mkimg/mkimg:apm_1x1_4096_qcow
Result: passed
Duration: 3.352s

Metadata:
    allowed_architectures is empty
    allowed_platforms is empty
    description is empty
    has_cleanup = false
    required_configs is empty
    required_disk_space = 0
    required_files is empty
    required_memory = 0
    required_programs is empty
    required_user is empty
    timeout = 300

Standard output:
Executing command [ cmp -s /usr/tests/usr.bin/mkimg/img-1x1-4096-apm.qcow img-1x1-4096-apm.qcow.out ]
===> usr.bin/mkimg/mkimg:apm_1x1_4096_qcow2
Result: passed
Duration: 3.982s

Metadata:
    allowed_architectures is empty
    allowed_platforms is empty
    description is empty
    has_cleanup = false
    required_configs is empty
    required_disk_space = 0
    required_files is empty
    required_memory = 0
    required_programs is empty
    required_user is empty
    timeout = 300

Standard output:
Executing command [ cmp -s /usr/tests/usr.bin/mkimg/img-1x1-4096-apm.qcow2 img-1x1-4096-apm.qcow2.out ]
===> usr.bin/mkimg/mkimg:apm_1x1_4096_raw
Result: passed
Duration: 3.113s

Metadata:
    allowed_architectures is empty
    allowed_platforms is empty
    description is empty
    has_cleanup = false
    required_configs is empty
    required_disk_space = 0
    required_files is empty
    required_memory = 0
    required_programs is empty
    required_user is empty
    timeout = 300

Standard output:
Executing command [ cmp -s /usr/tests/usr.bin/mkimg/img-1x1-4096-apm.raw img-1x1-4096-apm.raw.out ]
===> usr.bin/mkimg/mkimg:apm_1x1_4096_vhd
Result: passed
Duration: 10.801s

Metadata:
    allowed_architectures is empty
    allowed_platforms is empty
    description is empty
    has_cleanup = false
    required_configs is empty
    required_disk_space = 0
    required_files is empty
    required_memory = 0
    required_programs is empty
    required_user is empty
    timeout = 300

Standard output:
Executing command [ cmp -s /usr/tests/usr.bin/mkimg/img-1x1-4096-apm.vhd img-1x1-4096-apm.vhd.out ]
===> usr.bin/mkimg/mkimg:apm_1x1_4096_vhdf
Result: passed
Duration: 4.092s

Metadata:
    allowed_architectures is empty
    allowed_platforms is empty
    description is empty
    has_cleanup = false
    required_configs is empty
    required_disk_space = 0
    required_files is empty
    required_memory = 0
    required_programs is empty
    required_user is empty
    timeout = 300

Standard output:
Executing command [ cmp -s /usr/tests/usr.bin/mkimg/img-1x1-4096-apm.vhdf img-1x1-4096-apm.vhdf.out ]
===> usr.bin/mkimg/mkimg:apm_1x1_4096_vmdk
Result: passed
Duration: 3.583s

Metadata:
    allowed_architectures is empty
    allowed_platforms is empty
    description is empty
    has_cleanup = false
    required_configs is empty
    required_disk_space = 0
    required_files is empty
    required_memory = 0
    required_programs is empty
    required_user is empty
    timeout = 300

Standard output:
Executing command [ cmp -s /usr/tests/usr.bin/mkimg/img-1x1-4096-apm.vmdk img-1x1-4096-apm.vmdk.out ]
===> usr.bin/mkimg/mkimg:apm_1x1_512_qcow
Result: passed
Duration: 2.474s

Metadata:
    allowed_architectures is empty
    allowed_platforms is empty
    description is empty
    has_cleanup = false
    required_configs is empty
    required_disk_space = 0
    required_files is empty
    required_memory = 0
    required_programs is empty
    required_user is empty
    timeout = 300

Standard output:
Executing command [ cmp -s /usr/tests/usr.bin/mkimg/img-1x1-512-apm.qcow img-1x1-512-apm.qcow.out ]
===> usr.bin/mkimg/mkimg:apm_1x1_512_qcow2
Result: passed
Duration: 1.592s

Metadata:
    allowed_architectures is empty
    allowed_platforms is empty
    description is empty
    has_cleanup = false
    required_configs is empty
    required_disk_space = 0
    required_files is empty
    required_memory = 0
    required_programs is empty
    required_user is empty
    timeout = 300

Standard output:
Executing command [ cmp -s /usr/tests/usr.bin/mkimg/img-1x1-512-apm.qcow2 img-1x1-512-apm.qcow2.out ]
===> usr.bin/mkimg/mkimg:apm_1x1_512_raw
Result: passed
Duration: 2.915s

Metadata:
    allowed_architectures is empty
    allowed_platforms is empty
    description is empty
    has_cleanup = false
    required_configs is empty
    required_disk_space = 0
    required_files is empty
    required_memory = 0
    required_programs is empty
    required_user is empty
    timeout = 300

Standard output:
Executing command [ cmp -s /usr/tests/usr.bin/mkimg/img-1x1-512-apm.raw img-1x1-512-apm.raw.out ]
===> usr.bin/mkimg/mkimg:apm_1x1_512_vhd
Result: passed
Duration: 2.220s

Metadata:
    allowed_architectures is empty
    allowed_platforms is empty
    description is empty
    has_cleanup = false
    required_configs is empty
    required_disk_space = 0
    required_files is empty
    required_memory = 0
    required_programs is empty
    required_user is empty
    timeout = 300

Standard output:
Executing command [ cmp -s /usr/tests/usr.bin/mkimg/img-1x1-512-apm.vhd img-1x1-512-apm.vhd.out ]
===> usr.bin/mkimg/mkimg:apm_1x1_512_vhdf
Result: passed
Duration: 3.587s

Metadata:
    allowed_architectures is empty
    allowed_platforms is empty
    description is empty
    has_cleanup = false
    required_configs is empty
    required_disk_space = 0
    required_files is empty
    required_memory = 0
    required_programs is empty
    required_user is empty
    timeout = 300

Standard output:
Executing command [ cmp -s /usr/tests/usr.bin/mkimg/img-1x1-512-apm.vhdf img-1x1-512-apm.vhdf.out ]
===> usr.bin/mkimg/mkimg:apm_1x1_512_vmdk
Result: passed
Duration: 5.653s

Metadata:
    allowed_architectures is empty
    allowed_platforms is empty
    description is empty
    has_cleanup = false
    required_configs is empty
    required_disk_space = 0
    required_files is empty
    required_memory = 0
    required_programs is empty
    required_user is empty
    timeout = 300

Standard output:
Executing command [ cmp -s /usr/tests/usr.bin/mkimg/img-1x1-512-apm.vmdk img-1x1-512-apm.vmdk.out ]
===> usr.bin/mkimg/mkimg:apm_63x255_4096_qcow
Result: passed
Duration: 8.015s

Metadata:
    allowed_architectures is empty
    allowed_platforms is empty
    description is empty
    has_cleanup = false
    required_configs is empty
    required_disk_space = 0
    required_files is empty
    required_memory = 0
    required_programs is empty
    required_user is empty
    timeout = 300

Standard output:
Executing command [ cmp -s /usr/tests/usr.bin/mkimg/img-63x255-4096-apm.qcow img-63x255-4096-apm.qcow.out ]
===> usr.bin/mkimg/mkimg:apm_63x255_4096_qcow2
Result: passed
Duration: 9.726s

Metadata:
    allowed_architectures is empty
    allowed_platforms is empty
    description is empty
    has_cleanup = false
    required_configs is empty
    required_disk_space = 0
    required_files is empty
    required_memory = 0
    required_programs is empty
    required_user is empty
    timeout = 300

Standard output:
Executing command [ cmp -s /usr/tests/usr.bin/mkimg/img-63x255-4096-apm.qcow2 img-63x255-4096-apm.qcow2.out ]
===> usr.bin/mkimg/mkimg:apm_63x255_4096_raw
Result: passed
Duration: 5.389s

Metadata:
    allowed_architectures is empty
    allowed_platforms is empty
    description is empty
    has_cleanup = false
    required_configs is empty
    required_disk_space = 0
    required_files is empty
    required_memory = 0
    required_programs is empty
    required_user is empty
    timeout = 300

Standard output:
Executing command [ cmp -s /usr/tests/usr.bin/mkimg/img-63x255-4096-apm.raw img-63x255-4096-apm.raw.out ]
===> usr.bin/mkimg/mkimg:apm_63x255_4096_vhd
Result: passed
Duration: 1.853s

Metadata:
    allowed_architectures is empty
    allowed_platforms is empty
    description is empty
    has_cleanup = false
    required_configs is empty
    required_disk_space = 0
    required_files is empty
    required_memory = 0
    required_programs is empty
    required_user is empty
    timeout = 300

Standard output:
Executing command [ cmp -s /usr/tests/usr.bin/mkimg/img-63x255-4096-apm.vhd img-63x255-4096-apm.vhd.out ]
===> usr.bin/mkimg/mkimg:apm_63x255_4096_vhdf
Result: passed
Duration: 4.225s

Metadata:
    allowed_architectures is empty
    allowed_platforms is empty
    description is empty
    has_cleanup = false
    required_configs is empty
    required_disk_space = 0
    required_files is empty
    required_memory = 0
    required_programs is empty
    required_user is empty
    timeout = 300

Standard output:
Executing command [ cmp -s /usr/tests/usr.bin/mkimg/img-63x255-4096-apm.vhdf img-63x255-4096-apm.vhdf.out ]
===> usr.bin/mkimg/mkimg:apm_63x255_4096_vmdk
Result: passed
Duration: 4.450s

Metadata:
    allowed_architectures is empty
    allowed_platforms is empty
    description is empty
    has_cleanup = false
    required_configs is empty
    required_disk_space = 0
    required_files is empty
    required_memory = 0
    required_programs is empty
    required_user is empty
    timeout = 300

Standard output:
Executing command [ cmp -s /usr/tests/usr.bin/mkimg/img-63x255-4096-apm.vmdk img-63x255-4096-apm.vmdk.out ]
===> usr.bin/mkimg/mkimg:apm_63x255_512_qcow
Result: passed
Duration: 4.349s

Metadata:
    allowed_architectures is empty
    allowed_platforms is empty
    description is empty
    has_cleanup = false
    required_configs is empty
    required_disk_space = 0
    required_files is empty
    required_memory = 0
    required_programs is empty
    required_user is empty
    timeout = 300

Standard output:
Executing command [ cmp -s /usr/tests/usr.bin/mkimg/img-63x255-512-apm.qcow img-63x255-512-apm.qcow.out ]
===> usr.bin/mkimg/mkimg:apm_63x255_512_qcow2
Result: passed
Duration: 2.328s

Metadata:
    allowed_architectures is empty
    allowed_platforms is empty
    description is empty
    has_cleanup = false
    required_configs is empty
    required_disk_space = 0
    required_files is empty
    required_memory = 0
    required_programs is empty
    required_user is empty
    timeout = 300

Standard output:
Executing command [ cmp -s /usr/tests/usr.bin/mkimg/img-63x255-512-apm.qcow2 img-63x255-512-apm.qcow2.out ]
===> usr.bin/mkimg/mkimg:apm_63x255_512_raw
Result: passed
Duration: 3.260s

Metadata:
    allowed_architectures is empty
    allowed_platforms is empty
    description is empty
    has_cleanup = false
    required_configs is empty
    required_disk_space = 0
    required_files is empty
    required_memory = 0
    required_programs is empty
    required_user is empty
    timeout = 300

Standard output:
Executing command [ cmp -s /usr/tests/usr.bin/mkimg/img-63x255-512-apm.raw img-63x255-512-apm.raw.out ]
===> usr.bin/mkimg/mkimg:apm_63x255_512_vhd
Result: passed
Duration: 1.930s

Metadata:
    allowed_architectures is empty
    allowed_platforms is empty
    description is empty
    has_cleanup = false
    required_configs is empty
    required_disk_space = 0
    required_files is empty
    required_memory = 0
    required_programs is empty
    required_user is empty
    timeout = 300

Standard output:
Executing command [ cmp -s /usr/tests/usr.bin/mkimg/img-63x255-512-apm.vhd img-63x255-512-apm.vhd.out ]
===> usr.bin/mkimg/mkimg:apm_63x255_512_vhdf
Result: passed
Duration: 4.065s

Metadata:
    allowed_architectures is empty
    allowed_platforms is empty
    description is empty
    has_cleanup = false
    required_configs is empty
    required_disk_space = 0
    required_files is empty
    required_memory = 0
    required_programs is empty
    required_user is empty
    timeout = 300

Standard output:
Executing command [ cmp -s /usr/tests/usr.bin/mkimg/img-63x255-512-apm.vhdf img-63x255-512-apm.vhdf.out ]
===> usr.bin/mkimg/mkimg:apm_63x255_512_vmdk
Result: passed
Duration: 1.878s

Metadata:
    allowed_architectures is empty
    allowed_platforms is empty
    description is empty
    has_cleanup = false
    required_configs is empty
    required_disk_space = 0
    required_files is empty
    required_memory = 0
    required_programs is empty
    required_user is empty
    timeout = 300

Standard output:
Executing command [ cmp -s /usr/tests/usr.bin/mkimg/img-63x255-512-apm.vmdk img-63x255-512-apm.vmdk.out ]
===> usr.bin/mkimg/mkimg:bsd_1x1_4096_qcow
Result: passed
Duration: 3.156s

Metadata:
    allowed_architectures is empty
    allowed_platforms is empty
    description is empty
    has_cleanup = false
    required_configs is empty
    required_disk_space = 0
    required_files is empty
    required_memory = 0
    required_programs is empty
    required_user is empty
    timeout = 300

Standard output:
Executing command [ cmp -s /usr/tests/usr.bin/mkimg/img-1x1-4096-bsd.qcow img-1x1-4096-bsd.qcow.out ]
===> usr.bin/mkimg/mkimg:bsd_1x1_4096_qcow2
Result: passed
Duration: 3.121s

Metadata:
    allowed_architectures is empty
    allowed_platforms is empty
    description is empty
    has_cleanup = false
    required_configs is empty
    required_disk_space = 0
    required_files is empty
    required_memory = 0
    required_programs is empty
    required_user is empty
    timeout = 300

Standard output:
Executing command [ cmp -s /usr/tests/usr.bin/mkimg/img-1x1-4096-bsd.qcow2 img-1x1-4096-bsd.qcow2.out ]
===> usr.bin/mkimg/mkimg:bsd_1x1_4096_raw
Result: passed
Duration: 2.174s

Metadata:
    allowed_architectures is empty
    allowed_platforms is empty
    description is empty
    has_cleanup = false
    required_configs is empty
    required_disk_space = 0
    required_files is empty
    required_memory = 0
    required_programs is empty
    required_user is empty
    timeout = 300

Standard output:
Executing command [ cmp -s /usr/tests/usr.bin/mkimg/img-1x1-4096-bsd.raw img-1x1-4096-bsd.raw.out ]
===> usr.bin/mkimg/mkimg:bsd_1x1_4096_vhd
Result: passed
Duration: 2.344s

Metadata:
    allowed_architectures is empty
    allowed_platforms is empty
    description is empty
    has_cleanup = false
    required_configs is empty
    required_disk_space = 0
    required_files is empty
    required_memory = 0
    required_programs is empty
    required_user is empty
    timeout = 300

Standard output:
Executing command [ cmp -s /usr/tests/usr.bin/mkimg/img-1x1-4096-bsd.vhd img-1x1-4096-bsd.vhd.out ]
===> usr.bin/mkimg/mkimg:bsd_1x1_4096_vhdf
Result: passed
Duration: 1.958s

Metadata:
    allowed_architectures is empty
    allowed_platforms is empty
    description is empty
    has_cleanup = false
    required_configs is empty
    required_disk_space = 0
    required_files is empty
    required_memory = 0
    required_programs is empty
    required_user is empty
    timeout = 300

Standard output:
Executing command [ cmp -s /usr/tests/usr.bin/mkimg/img-1x1-4096-bsd.vhdf img-1x1-4096-bsd.vhdf.out ]
===> usr.bin/mkimg/mkimg:bsd_1x1_4096_vmdk
Result: passed
Duration: 5.956s

Metadata:
    allowed_architectures is empty
    allowed_platforms is empty
    description is empty
    has_cleanup = false
    required_configs is empty
    required_disk_space = 0
    required_files is empty
    required_memory = 0
    required_programs is empty
    required_user is empty
    timeout = 300

Standard output:
Executing command [ cmp -s /usr/tests/usr.bin/mkimg/img-1x1-4096-bsd.vmdk img-1x1-4096-bsd.vmdk.out ]
===> usr.bin/mkimg/mkimg:bsd_1x1_512_qcow
Result: passed
Duration: 4.889s

Metadata:
    allowed_architectures is empty
    allowed_platforms is empty
    description is empty
    has_cleanup = false
    required_configs is empty
    required_disk_space = 0
    required_files is empty
    required_memory = 0
    required_programs is empty
    required_user is empty
    timeout = 300

Standard output:
Executing command [ cmp -s /usr/tests/usr.bin/mkimg/img-1x1-512-bsd.qcow img-1x1-512-bsd.qcow.out ]
===> usr.bin/mkimg/mkimg:bsd_1x1_512_qcow2
Result: passed
Duration: 3.452s

Metadata:
    allowed_architectures is empty
    allowed_platforms is empty
    description is empty
    has_cleanup = false
    required_configs is empty
    required_disk_space = 0
    required_files is empty
    required_memory = 0
    required_programs is empty
    required_user is empty
    timeout = 300

Standard output:
Executing command [ cmp -s /usr/tests/usr.bin/mkimg/img-1x1-512-bsd.qcow2 img-1x1-512-bsd.qcow2.out ]
===> usr.bin/mkimg/mkimg:bsd_1x1_512_raw
Result: passed
Duration: 6.421s

Metadata:
    allowed_architectures is empty
    allowed_platforms is empty
    description is empty
    has_cleanup = false
    required_configs is empty
    required_disk_space = 0
    required_files is empty
    required_memory = 0
    required_programs is empty
    required_user is empty
    timeout = 300

Standard output:
Executing command [ cmp -s /usr/tests/usr.bin/mkimg/img-1x1-512-bsd.raw img-1x1-512-bsd.raw.out ]
===> usr.bin/mkimg/mkimg:bsd_1x1_512_vhd
Result: passed
Duration: 3.734s

Metadata:
    allowed_architectures is empty
    allowed_platforms is empty
    description is empty
    has_cleanup = false
    required_configs is empty
    required_disk_space = 0
    required_files is empty
    required_memory = 0
    required_programs is empty
    required_user is empty
    timeout = 300

Standard output:
Executing command [ cmp -s /usr/tests/usr.bin/mkimg/img-1x1-512-bsd.vhd img-1x1-512-bsd.vhd.out ]
===> usr.bin/mkimg/mkimg:bsd_1x1_512_vhdf
Result: passed
Duration: 2.182s

Metadata:
    allowed_architectures is empty
    allowed_platforms is empty
    description is empty
    has_cleanup = false
    required_configs is empty
    required_disk_space = 0
    required_files is empty
    required_memory = 0
    required_programs is empty
    required_user is empty
    timeout = 300

Standard output:
Executing command [ cmp -s /usr/tests/usr.bin/mkimg/img-1x1-512-bsd.vhdf img-1x1-512-bsd.vhdf.out ]
===> usr.bin/mkimg/mkimg:bsd_1x1_512_vmdk
Result: passed
Duration: 3.703s

Metadata:
    allowed_architectures is empty
    allowed_platforms is empty
    description is empty
    has_cleanup = false
    required_configs is empty
    required_disk_space = 0
    required_files is empty
    required_memory = 0
    required_programs is empty
    required_user is empty
    timeout = 300

Standard output:
Executing command [ cmp -s /usr/tests/usr.bin/mkimg/img-1x1-512-bsd.vmdk img-1x1-512-bsd.vmdk.out ]
===> usr.bin/mkimg/mkimg:bsd_63x255_4096_qcow
Result: passed
Duration: 1.505s

Metadata:
    allowed_architectures is empty
    allowed_platforms is empty
    description is empty
    has_cleanup = false
    required_configs is empty
    required_disk_space = 0
    required_files is empty
    required_memory = 0
    required_programs is empty
    required_user is empty
    timeout = 300

Standard output:
Executing command [ cmp -s /usr/tests/usr.bin/mkimg/img-63x255-4096-bsd.qcow img-63x255-4096-bsd.qcow.out ]
===> usr.bin/mkimg/mkimg:bsd_63x255_4096_qcow2
Result: passed
Duration: 2.840s

Metadata:
    allowed_architectures is empty
    allowed_platforms is empty
    description is empty
    has_cleanup = false
    required_configs is empty
    required_disk_space = 0
    required_files is empty
    required_memory = 0
    required_programs is empty
    required_user is empty
    timeout = 300

Standard output:
Executing command [ cmp -s /usr/tests/usr.bin/mkimg/img-63x255-4096-bsd.qcow2 img-63x255-4096-bsd.qcow2.out ]
===> usr.bin/mkimg/mkimg:bsd_63x255_4096_raw
Result: passed
Duration: 5.286s

Metadata:
    allowed_architectures is empty
    allowed_platforms is empty
    description is empty
    has_cleanup = false
    required_configs is empty
    required_disk_space = 0
    required_files is empty
    required_memory = 0
    required_programs is empty
    required_user is empty
    timeout = 300

Standard output:
Executing command [ cmp -s /usr/tests/usr.bin/mkimg/img-63x255-4096-bsd.raw img-63x255-4096-bsd.raw.out ]
===> usr.bin/mkimg/mkimg:bsd_63x255_4096_vhd
Result: passed
Duration: 3.872s

Metadata:
    allowed_architectures is empty
    allowed_platforms is empty
    description is empty
    has_cleanup = false
    required_configs is empty
    required_disk_space = 0
    required_files is empty
    required_memory = 0
    required_programs is empty
    required_user is empty
    timeout = 300

Standard output:
Executing command [ cmp -s /usr/tests/usr.bin/mkimg/img-63x255-4096-bsd.vhd img-63x255-4096-bsd.vhd.out ]
===> usr.bin/mkimg/mkimg:bsd_63x255_4096_vhdf
Result: passed
Duration: 5.553s

Metadata:
    allowed_architectures is empty
    allowed_platforms is empty
    description is empty
    has_cleanup = false
    required_configs is empty
    required_disk_space = 0
    required_files is empty
    required_memory = 0
    required_programs is empty
    required_user is empty
    timeout = 300

Standard output:
Executing command [ cmp -s /usr/tests/usr.bin/mkimg/img-63x255-4096-bsd.vhdf img-63x255-4096-bsd.vhdf.out ]
===> usr.bin/mkimg/mkimg:bsd_63x255_4096_vmdk
Result: passed
Duration: 5.493s

Metadata:
    allowed_architectures is empty
    allowed_platforms is empty
    description is empty
    has_cleanup = false
    required_configs is empty
    required_disk_space = 0
    required_files is empty
    required_memory = 0
    required_programs is empty
    required_user is empty
    timeout = 300

Standard output:
Executing command [ cmp -s /usr/tests/usr.bin/mkimg/img-63x255-4096-bsd.vmdk img-63x255-4096-bsd.vmdk.out ]
===> usr.bin/mkimg/mkimg:bsd_63x255_512_qcow
Result: passed
Duration: 13.859s

Metadata:
    allowed_architectures is empty
    allowed_platforms is empty
    description is empty
    has_cleanup = false
    required_configs is empty
    required_disk_space = 0
    required_files is empty
    required_memory = 0
    required_programs is empty
    required_user is empty
    timeout = 300

Standard output:
Executing command [ cmp -s /usr/tests/usr.bin/mkimg/img-63x255-512-bsd.qcow img-63x255-512-bsd.qcow.out ]
===> usr.bin/mkimg/mkimg:bsd_63x255_512_qcow2
Result: passed
Duration: 2.399s

Metadata:
    allowed_architectures is empty
    allowed_platforms is empty
    description is empty
    has_cleanup = false
    required_configs is empty
    required_disk_space = 0
    required_files is empty
    required_memory = 0
    required_programs is empty
    required_user is empty
    timeout = 300

Standard output:
Executing command [ cmp -s /usr/tests/usr.bin/mkimg/img-63x255-512-bsd.qcow2 img-63x255-512-bsd.qcow2.out ]
===> usr.bin/mkimg/mkimg:bsd_63x255_512_raw
Result: passed
Duration: 1.447s

Metadata:
    allowed_architectures is empty
    allowed_platforms is empty
    description is empty
    has_cleanup = false
    required_configs is empty
    required_disk_space = 0
    required_files is empty
    required_memory = 0
    required_programs is empty
    required_user is empty
    timeout = 300

Standard output:
Executing command [ cmp -s /usr/tests/usr.bin/mkimg/img-63x255-512-bsd.raw img-63x255-512-bsd.raw.out ]
===> usr.bin/mkimg/mkimg:bsd_63x255_512_vhd
Result: passed
Duration: 2.565s

Metadata:
    allowed_architectures is empty
    allowed_platforms is empty
    description is empty
    has_cleanup = false
    required_configs is empty
    required_disk_space = 0
    required_files is empty
    required_memory = 0
    required_programs is empty
    required_user is empty
    timeout = 300

Standard output:
Executing command [ cmp -s /usr/tests/usr.bin/mkimg/img-63x255-512-bsd.vhd img-63x255-512-bsd.vhd.out ]
===> usr.bin/mkimg/mkimg:bsd_63x255_512_vhdf
Result: passed
Duration: 1.702s

Metadata:
    allowed_architectures is empty
    allowed_platforms is empty
    description is empty
    has_cleanup = false
    required_configs is empty
    required_disk_space = 0
    required_files is empty
    required_memory = 0
    required_programs is empty
    required_user is empty
    timeout = 300

Standard output:
Executing command [ cmp -s /usr/tests/usr.bin/mkimg/img-63x255-512-bsd.vhdf img-63x255-512-bsd.vhdf.out ]
===> usr.bin/mkimg/mkimg:bsd_63x255_512_vmdk
Result: passed
Duration: 3.198s

Metadata:
    allowed_architectures is empty
    allowed_platforms is empty
    description is empty
    has_cleanup = false
    required_configs is empty
    required_disk_space = 0
    required_files is empty
    required_memory = 0
    required_programs is empty
    required_user is empty
    timeout = 300

Standard output:
Executing command [ cmp -s /usr/tests/usr.bin/mkimg/img-63x255-512-bsd.vmdk img-63x255-512-bsd.vmdk.out ]
===> usr.bin/mkimg/mkimg:ebr_1x1_4096_qcow
Result: passed
Duration: 10.077s

Metadata:
    allowed_architectures is empty
    allowed_platforms is empty
    description is empty
    has_cleanup = false
    required_configs is empty
    required_disk_space = 0
    required_files is empty
    required_memory = 0
    required_programs is empty
    required_user is empty
    timeout = 300

Standard output:
Executing command [ cmp -s /usr/tests/usr.bin/mkimg/img-1x1-4096-ebr.qcow img-1x1-4096-ebr.qcow.out ]
===> usr.bin/mkimg/mkimg:ebr_1x1_4096_qcow2
Result: passed
Duration: 8.301s

Metadata:
    allowed_architectures is empty
    allowed_platforms is empty
    description is empty
    has_cleanup = false
    required_configs is empty
    required_disk_space = 0
    required_files is empty
    required_memory = 0
    required_programs is empty
    required_user is empty
    timeout = 300

Standard output:
Executing command [ cmp -s /usr/tests/usr.bin/mkimg/img-1x1-4096-ebr.qcow2 img-1x1-4096-ebr.qcow2.out ]
===> usr.bin/mkimg/mkimg:ebr_1x1_4096_raw
Result: passed
Duration: 2.443s

Metadata:
    allowed_architectures is empty
    allowed_platforms is empty
    description is empty
    has_cleanup = false
    required_configs is empty
    required_disk_space = 0
    required_files is empty
    required_memory = 0
    required_programs is empty
    required_user is empty
    timeout = 300

Standard output:
Executing command [ cmp -s /usr/tests/usr.bin/mkimg/img-1x1-4096-ebr.raw img-1x1-4096-ebr.raw.out ]
===> usr.bin/mkimg/mkimg:ebr_1x1_4096_vhd
Result: passed
Duration: 3.056s

Metadata:
    allowed_architectures is empty
    allowed_platforms is empty
    description is empty
    has_cleanup = false
    required_configs is empty
    required_disk_space = 0
    required_files is empty
    required_memory = 0
    required_programs is empty
    required_user is empty
    timeout = 300

Standard output:
Executing command [ cmp -s /usr/tests/usr.bin/mkimg/img-1x1-4096-ebr.vhd img-1x1-4096-ebr.vhd.out ]
===> usr.bin/mkimg/mkimg:ebr_1x1_4096_vhdf
Result: passed
Duration: 2.482s

Metadata:
    allowed_architectures is empty
    allowed_platforms is empty
    description is empty
    has_cleanup = false
    required_configs is empty
    required_disk_space = 0
    required_files is empty
    required_memory = 0
    required_programs is empty
    required_user is empty
    timeout = 300

Standard output:
Executing command [ cmp -s /usr/tests/usr.bin/mkimg/img-1x1-4096-ebr.vhdf img-1x1-4096-ebr.vhdf.out ]
===> usr.bin/mkimg/mkimg:ebr_1x1_4096_vmdk
Result: passed
Duration: 10.599s

Metadata:
    allowed_architectures is empty
    allowed_platforms is empty
    description is empty
    has_cleanup = false
    required_configs is empty
    required_disk_space = 0
    required_files is empty
    required_memory = 0
    required_programs is empty
    required_user is empty
    timeout = 300

Standard output:
Executing command [ cmp -s /usr/tests/usr.bin/mkimg/img-1x1-4096-ebr.vmdk img-1x1-4096-ebr.vmdk.out ]
===> usr.bin/mkimg/mkimg:ebr_1x1_512_qcow
Result: passed
Duration: 9.146s

Metadata:
    allowed_architectures is empty
    allowed_platforms is empty
    description is empty
    has_cleanup = false
    required_configs is empty
    required_disk_space = 0
    required_files is empty
    required_memory = 0
    required_programs is empty
    required_user is empty
    timeout = 300

Standard output:
Executing command [ cmp -s /usr/tests/usr.bin/mkimg/img-1x1-512-ebr.qcow img-1x1-512-ebr.qcow.out ]
===> usr.bin/mkimg/mkimg:ebr_1x1_512_qcow2
Result: passed
Duration: 15.752s

Metadata:
    allowed_architectures is empty
    allowed_platforms is empty
    description is empty
    has_cleanup = false
    required_configs is empty
    required_disk_space = 0
    required_files is empty
    required_memory = 0
    required_programs is empty
    required_user is empty
    timeout = 300

Standard output:
Executing command [ cmp -s /usr/tests/usr.bin/mkimg/img-1x1-512-ebr.qcow2 img-1x1-512-ebr.qcow2.out ]
===> usr.bin/mkimg/mkimg:ebr_1x1_512_raw
Result: passed
Duration: 2.515s

Metadata:
    allowed_architectures is empty
    allowed_platforms is empty
    description is empty
    has_cleanup = false
    required_configs is empty
    required_disk_space = 0
    required_files is empty
    required_memory = 0
    required_programs is empty
    required_user is empty
    timeout = 300

Standard output:
Executing command [ cmp -s /usr/tests/usr.bin/mkimg/img-1x1-512-ebr.raw img-1x1-512-ebr.raw.out ]
===> usr.bin/mkimg/mkimg:ebr_1x1_512_vhd
Result: passed
Duration: 1.519s

Metadata:
    allowed_architectures is empty
    allowed_platforms is empty
    description is empty
    has_cleanup = false
    required_configs is empty
    required_disk_space = 0
    required_files is empty
    required_memory = 0
    required_programs is empty
    required_user is empty
    timeout = 300

Standard output:
Executing command [ cmp -s /usr/tests/usr.bin/mkimg/img-1x1-512-ebr.vhd img-1x1-512-ebr.vhd.out ]
===> usr.bin/mkimg/mkimg:ebr_1x1_512_vhdf
Result: passed
Duration: 3.237s

Metadata:
    allowed_architectures is empty
    allowed_platforms is empty
    description is empty
    has_cleanup = false
    required_configs is empty
    required_disk_space = 0
    required_files is empty
    required_memory = 0
    required_programs is empty
    required_user is empty
    timeout = 300

Standard output:
Executing command [ cmp -s /usr/tests/usr.bin/mkimg/img-1x1-512-ebr.vhdf img-1x1-512-ebr.vhdf.out ]
===> usr.bin/mkimg/mkimg:ebr_1x1_512_vmdk
Result: passed
Duration: 2.485s

Metadata:
    allowed_architectures is empty
    allowed_platforms is empty
    description is empty
    has_cleanup = false
    required_configs is empty
    required_disk_space = 0
    required_files is empty
    required_memory = 0
    required_programs is empty
    required_user is empty
    timeout = 300

Standard output:
Executing command [ cmp -s /usr/tests/usr.bin/mkimg/img-1x1-512-ebr.vmdk img-1x1-512-ebr.vmdk.out ]
===> usr.bin/mkimg/mkimg:ebr_63x255_4096_qcow
Result: passed
Duration: 3.319s

Metadata:
    allowed_architectures is empty
    allowed_platforms is empty
    description is empty
    has_cleanup = false
    required_configs is empty
    required_disk_space = 0
    required_files is empty
    required_memory = 0
    required_programs is empty
    required_user is empty
    timeout = 300

Standard output:
Executing command [ cmp -s /usr/tests/usr.bin/mkimg/img-63x255-4096-ebr.qcow img-63x255-4096-ebr.qcow.out ]
===> usr.bin/mkimg/mkimg:ebr_63x255_4096_qcow2
Result: passed
Duration: 1.539s

Metadata:
    allowed_architectures is empty
    allowed_platforms is empty
    description is empty
    has_cleanup = false
    required_configs is empty
    required_disk_space = 0
    required_files is empty
    required_memory = 0
    required_programs is empty
    required_user is empty
    timeout = 300

Standard output:
Executing command [ cmp -s /usr/tests/usr.bin/mkimg/img-63x255-4096-ebr.qcow2 img-63x255-4096-ebr.qcow2.out ]
===> usr.bin/mkimg/mkimg:ebr_63x255_4096_raw
Result: passed
Duration: 2.316s

Metadata:
    allowed_architectures is empty
    allowed_platforms is empty
    description is empty
    has_cleanup = false
    required_configs is empty
    required_disk_space = 0
    required_files is empty
    required_memory = 0
    required_programs is empty
    required_user is empty
    timeout = 300

Standard output:
Executing command [ cmp -s /usr/tests/usr.bin/mkimg/img-63x255-4096-ebr.raw img-63x255-4096-ebr.raw.out ]
===> usr.bin/mkimg/mkimg:ebr_63x255_4096_vhd
Result: passed
Duration: 5.160s

Metadata:
    allowed_architectures is empty
    allowed_platforms is empty
    description is empty
    has_cleanup = false
    required_configs is empty
    required_disk_space = 0
    required_files is empty
    required_memory = 0
    required_programs is empty
    required_user is empty
    timeout = 300

Standard output:
Executing command [ cmp -s /usr/tests/usr.bin/mkimg/img-63x255-4096-ebr.vhd img-63x255-4096-ebr.vhd.out ]
===> usr.bin/mkimg/mkimg:ebr_63x255_4096_vhdf
Result: passed
Duration: 4.947s

Metadata:
    allowed_architectures is empty
    allowed_platforms is empty
    description is empty
    has_cleanup = false
    required_configs is empty
    required_disk_space = 0
    required_files is empty
    required_memory = 0
    required_programs is empty
    required_user is empty
    timeout = 300

Standard output:
Executing command [ cmp -s /usr/tests/usr.bin/mkimg/img-63x255-4096-ebr.vhdf img-63x255-4096-ebr.vhdf.out ]
===> usr.bin/mkimg/mkimg:ebr_63x255_4096_vmdk
Result: passed
Duration: 10.581s

Metadata:
    allowed_architectures is empty
    allowed_platforms is empty
    description is empty
    has_cleanup = false
    required_configs is empty
    required_disk_space = 0
    required_files is empty
    required_memory = 0
    required_programs is empty
    required_user is empty
    timeout = 300

Standard output:
Executing command [ cmp -s /usr/tests/usr.bin/mkimg/img-63x255-4096-ebr.vmdk img-63x255-4096-ebr.vmdk.out ]
===> usr.bin/mkimg/mkimg:ebr_63x255_512_qcow
Result: passed
Duration: 4.836s

Metadata:
    allowed_architectures is empty
    allowed_platforms is empty
    description is empty
    has_cleanup = false
    required_configs is empty
    required_disk_space = 0
    required_files is empty
    required_memory = 0
    required_programs is empty
    required_user is empty
    timeout = 300

Standard output:
Executing command [ cmp -s /usr/tests/usr.bin/mkimg/img-63x255-512-ebr.qcow img-63x255-512-ebr.qcow.out ]
===> usr.bin/mkimg/mkimg:ebr_63x255_512_qcow2
Result: passed
Duration: 3.383s

Metadata:
    allowed_architectures is empty
    allowed_platforms is empty
    description is empty
    has_cleanup = false
    required_configs is empty
    required_disk_space = 0
    required_files is empty
    required_memory = 0
    required_programs is empty
    required_user is empty
    timeout = 300

Standard output:
Executing command [ cmp -s /usr/tests/usr.bin/mkimg/img-63x255-512-ebr.qcow2 img-63x255-512-ebr.qcow2.out ]
===> usr.bin/mkimg/mkimg:ebr_63x255_512_raw
Result: passed
Duration: 4.271s

Metadata:
    allowed_architectures is empty
    allowed_platforms is empty
    description is empty
    has_cleanup = false
    required_configs is empty
    required_disk_space = 0
    required_files is empty
    required_memory = 0
    required_programs is empty
    required_user is empty
    timeout = 300

Standard output:
Executing command [ cmp -s /usr/tests/usr.bin/mkimg/img-63x255-512-ebr.raw img-63x255-512-ebr.raw.out ]
===> usr.bin/mkimg/mkimg:ebr_63x255_512_vhd
Result: passed
Duration: 3.069s

Metadata:
    allowed_architectures is empty
    allowed_platforms is empty
    description is empty
    has_cleanup = false
    required_configs is empty
    required_disk_space = 0
    required_files is empty
    required_memory = 0
    required_programs is empty
    required_user is empty
    timeout = 300

Standard output:
Executing command [ cmp -s /usr/tests/usr.bin/mkimg/img-63x255-512-ebr.vhd img-63x255-512-ebr.vhd.out ]
===> usr.bin/mkimg/mkimg:ebr_63x255_512_vhdf
Result: passed
Duration: 1.628s

Metadata:
    allowed_architectures is empty
    allowed_platforms is empty
    description is empty
    has_cleanup = false
    required_configs is empty
    required_disk_space = 0
    required_files is empty
    required_memory = 0
    required_programs is empty
    required_user is empty
    timeout = 300

Standard output:
Executing command [ cmp -s /usr/tests/usr.bin/mkimg/img-63x255-512-ebr.vhdf img-63x255-512-ebr.vhdf.out ]
===> usr.bin/mkimg/mkimg:ebr_63x255_512_vmdk
Result: passed
Duration: 3.102s

Metadata:
    allowed_architectures is empty
    allowed_platforms is empty
    description is empty
    has_cleanup = false
    required_configs is empty
    required_disk_space = 0
    required_files is empty
    required_memory = 0
    required_programs is empty
    required_user is empty
    timeout = 300

Standard output:
Executing command [ cmp -s /usr/tests/usr.bin/mkimg/img-63x255-512-ebr.vmdk img-63x255-512-ebr.vmdk.out ]
===> usr.bin/mkimg/mkimg:gpt_1x1_4096_qcow
Result: passed
Duration: 1.070s

Metadata:
    allowed_architectures is empty
    allowed_platforms is empty
    description is empty
    has_cleanup = false
    required_configs is empty
    required_disk_space = 0
    required_files is empty
    required_memory = 0
    required_programs is empty
    required_user is empty
    timeout = 300

Standard output:
Executing command [ cmp -s /usr/tests/usr.bin/mkimg/img-1x1-4096-gpt.qcow img-1x1-4096-gpt.qcow.out ]
===> usr.bin/mkimg/mkimg:gpt_1x1_4096_qcow2
Result: passed
Duration: 1.222s

Metadata:
    allowed_architectures is empty
    allowed_platforms is empty
    description is empty
    has_cleanup = false
    required_configs is empty
    required_disk_space = 0
    required_files is empty
    required_memory = 0
    required_programs is empty
    required_user is empty
    timeout = 300

Standard output:
Executing command [ cmp -s /usr/tests/usr.bin/mkimg/img-1x1-4096-gpt.qcow2 img-1x1-4096-gpt.qcow2.out ]
===> usr.bin/mkimg/mkimg:gpt_1x1_4096_raw
Result: passed
Duration: 2.368s

Metadata:
    allowed_architectures is empty
    allowed_platforms is empty
    description is empty
    has_cleanup = false
    required_configs is empty
    required_disk_space = 0
    required_files is empty
    required_memory = 0
    required_programs is empty
    required_user is empty
    timeout = 300

Standard output:
Executing command [ cmp -s /usr/tests/usr.bin/mkimg/img-1x1-4096-gpt.raw img-1x1-4096-gpt.raw.out ]
===> usr.bin/mkimg/mkimg:gpt_1x1_4096_vhd
Result: passed
Duration: 1.827s

Metadata:
    allowed_architectures is empty
    allowed_platforms is empty
    description is empty
    has_cleanup = false
    required_configs is empty
    required_disk_space = 0
    required_files is empty
    required_memory = 0
    required_programs is empty
    required_user is empty
    timeout = 300

Standard output:
Executing command [ cmp -s /usr/tests/usr.bin/mkimg/img-1x1-4096-gpt.vhd img-1x1-4096-gpt.vhd.out ]
===> usr.bin/mkimg/mkimg:gpt_1x1_4096_vhdf
Result: passed
Duration: 3.326s

Metadata:
    allowed_architectures is empty
    allowed_platforms is empty
    description is empty
    has_cleanup = false
    required_configs is empty
    required_disk_space = 0
    required_files is empty
    required_memory = 0
    required_programs is empty
    required_user is empty
    timeout = 300

Standard output:
Executing command [ cmp -s /usr/tests/usr.bin/mkimg/img-1x1-4096-gpt.vhdf img-1x1-4096-gpt.vhdf.out ]
===> usr.bin/mkimg/mkimg:gpt_1x1_4096_vmdk
Result: passed
Duration: 1.204s

Metadata:
    allowed_architectures is empty
    allowed_platforms is empty
    description is empty
    has_cleanup = false
    required_configs is empty
    required_disk_space = 0
    required_files is empty
    required_memory = 0
    required_programs is empty
    required_user is empty
    timeout = 300

Standard output:
Executing command [ cmp -s /usr/tests/usr.bin/mkimg/img-1x1-4096-gpt.vmdk img-1x1-4096-gpt.vmdk.out ]
===> usr.bin/mkimg/mkimg:gpt_1x1_512_qcow
Result: passed
Duration: 4.589s

Metadata:
    allowed_architectures is empty
    allowed_platforms is empty
    description is empty
    has_cleanup = false
    required_configs is empty
    required_disk_space = 0
    required_files is empty
    required_memory = 0
    required_programs is empty
    required_user is empty
    timeout = 300

Standard output:
Executing command [ cmp -s /usr/tests/usr.bin/mkimg/img-1x1-512-gpt.qcow img-1x1-512-gpt.qcow.out ]
===> usr.bin/mkimg/mkimg:gpt_1x1_512_qcow2
Result: passed
Duration: 1.899s

Metadata:
    allowed_architectures is empty
    allowed_platforms is empty
    description is empty
    has_cleanup = false
    required_configs is empty
    required_disk_space = 0
    required_files is empty
    required_memory = 0
    required_programs is empty
    required_user is empty
    timeout = 300

Standard output:
Executing command [ cmp -s /usr/tests/usr.bin/mkimg/img-1x1-512-gpt.qcow2 img-1x1-512-gpt.qcow2.out ]
===> usr.bin/mkimg/mkimg:gpt_1x1_512_raw
Result: passed
Duration: 2.780s

Metadata:
    allowed_architectures is empty
    allowed_platforms is empty
    description is empty
    has_cleanup = false
    required_configs is empty
    required_disk_space = 0
    required_files is empty
    required_memory = 0
    required_programs is empty
    required_user is empty
    timeout = 300

Standard output:
Executing command [ cmp -s /usr/tests/usr.bin/mkimg/img-1x1-512-gpt.raw img-1x1-512-gpt.raw.out ]
===> usr.bin/mkimg/mkimg:gpt_1x1_512_vhd
Result: passed
Duration: 3.853s

Metadata:
    allowed_architectures is empty
    allowed_platforms is empty
    description is empty
    has_cleanup = false
    required_configs is empty
    required_disk_space = 0
    required_files is empty
    required_memory = 0
    required_programs is empty
    required_user is empty
    timeout = 300

Standard output:
Executing command [ cmp -s /usr/tests/usr.bin/mkimg/img-1x1-512-gpt.vhd img-1x1-512-gpt.vhd.out ]
===> usr.bin/mkimg/mkimg:gpt_1x1_512_vhdf
Result: passed
Duration: 2.083s

Metadata:
    allowed_architectures is empty
    allowed_platforms is empty
    description is empty
    has_cleanup = false
    required_configs is empty
    required_disk_space = 0
    required_files is empty
    required_memory = 0
    required_programs is empty
    required_user is empty
    timeout = 300

Standard output:
Executing command [ cmp -s /usr/tests/usr.bin/mkimg/img-1x1-512-gpt.vhdf img-1x1-512-gpt.vhdf.out ]
===> usr.bin/mkimg/mkimg:gpt_1x1_512_vmdk
Result: passed
Duration: 1.706s

Metadata:
    allowed_architectures is empty
    allowed_platforms is empty
    description is empty
    has_cleanup = false
    required_configs is empty
    required_disk_space = 0
    required_files is empty
    required_memory = 0
    required_programs is empty
    required_user is empty
    timeout = 300

Standard output:
Executing command [ cmp -s /usr/tests/usr.bin/mkimg/img-1x1-512-gpt.vmdk img-1x1-512-gpt.vmdk.out ]
===> usr.bin/mkimg/mkimg:gpt_63x255_4096_qcow
Result: passed
Duration: 2.020s

Metadata:
    allowed_architectures is empty
    allowed_platforms is empty
    description is empty
    has_cleanup = false
    required_configs is empty
    required_disk_space = 0
    required_files is empty
    required_memory = 0
    required_programs is empty
    required_user is empty
    timeout = 300

Standard output:
Executing command [ cmp -s /usr/tests/usr.bin/mkimg/img-63x255-4096-gpt.qcow img-63x255-4096-gpt.qcow.out ]
===> usr.bin/mkimg/mkimg:gpt_63x255_4096_qcow2
Result: passed
Duration: 2.361s

Metadata:
    allowed_architectures is empty
    allowed_platforms is empty
    description is empty
    has_cleanup = false
    required_configs is empty
    required_disk_space = 0
    required_files is empty
    required_memory = 0
    required_programs is empty
    required_user is empty
    timeout = 300

Standard output:
Executing command [ cmp -s /usr/tests/usr.bin/mkimg/img-63x255-4096-gpt.qcow2 img-63x255-4096-gpt.qcow2.out ]
===> usr.bin/mkimg/mkimg:gpt_63x255_4096_raw
Result: passed
Duration: 3.917s

Metadata:
    allowed_architectures is empty
    allowed_platforms is empty
    description is empty
    has_cleanup = false
    required_configs is empty
    required_disk_space = 0
    required_files is empty
    required_memory = 0
    required_programs is empty
    required_user is empty
    timeout = 300

Standard output:
Executing command [ cmp -s /usr/tests/usr.bin/mkimg/img-63x255-4096-gpt.raw img-63x255-4096-gpt.raw.out ]
===> usr.bin/mkimg/mkimg:gpt_63x255_4096_vhd
Result: passed
Duration: 3.992s

Metadata:
    allowed_architectures is empty
    allowed_platforms is empty
    description is empty
    has_cleanup = false
    required_configs is empty
    required_disk_space = 0
    required_files is empty
    required_memory = 0
    required_programs is empty
    required_user is empty
    timeout = 300

Standard output:
Executing command [ cmp -s /usr/tests/usr.bin/mkimg/img-63x255-4096-gpt.vhd img-63x255-4096-gpt.vhd.out ]
===> usr.bin/mkimg/mkimg:gpt_63x255_4096_vhdf
Result: passed
Duration: 1.832s

Metadata:
    allowed_architectures is empty
    allowed_platforms is empty
    description is empty
    has_cleanup = false
    required_configs is empty
    required_disk_space = 0
    required_files is empty
    required_memory = 0
    required_programs is empty
    required_user is empty
    timeout = 300

Standard output:
Executing command [ cmp -s /usr/tests/usr.bin/mkimg/img-63x255-4096-gpt.vhdf img-63x255-4096-gpt.vhdf.out ]
===> usr.bin/mkimg/mkimg:gpt_63x255_4096_vmdk
Result: passed
Duration: 0.921s

Metadata:
    allowed_architectures is empty
    allowed_platforms is empty
    description is empty
    has_cleanup = false
    required_configs is empty
    required_disk_space = 0
    required_files is empty
    required_memory = 0
    required_programs is empty
    required_user is empty
    timeout = 300

Standard output:
Executing command [ cmp -s /usr/tests/usr.bin/mkimg/img-63x255-4096-gpt.vmdk img-63x255-4096-gpt.vmdk.out ]
===> usr.bin/mkimg/mkimg:gpt_63x255_512_qcow
Result: passed
Duration: 1.176s

Metadata:
    allowed_architectures is empty
    allowed_platforms is empty
    description is empty
    has_cleanup = false
    required_configs is empty
    required_disk_space = 0
    required_files is empty
    required_memory = 0
    required_programs is empty
    required_user is empty
    timeout = 300

Standard output:
Executing command [ cmp -s /usr/tests/usr.bin/mkimg/img-63x255-512-gpt.qcow img-63x255-512-gpt.qcow.out ]
===> usr.bin/mkimg/mkimg:gpt_63x255_512_qcow2
Result: passed
Duration: 0.740s

Metadata:
    allowed_architectures is empty
    allowed_platforms is empty
    description is empty
    has_cleanup = false
    required_configs is empty
    required_disk_space = 0
    required_files is empty
    required_memory = 0
    required_programs is empty
    required_user is empty
    timeout = 300

Standard output:
Executing command [ cmp -s /usr/tests/usr.bin/mkimg/img-63x255-512-gpt.qcow2 img-63x255-512-gpt.qcow2.out ]
===> usr.bin/mkimg/mkimg:gpt_63x255_512_raw
Result: passed
Duration: 0.742s

Metadata:
    allowed_architectures is empty
    allowed_platforms is empty
    description is empty
    has_cleanup = false
    required_configs is empty
    required_disk_space = 0
    required_files is empty
    required_memory = 0
    required_programs is empty
    required_user is empty
    timeout = 300

Standard output:
Executing command [ cmp -s /usr/tests/usr.bin/mkimg/img-63x255-512-gpt.raw img-63x255-512-gpt.raw.out ]
===> usr.bin/mkimg/mkimg:gpt_63x255_512_vhd
Result: passed
Duration: 0.771s

Metadata:
    allowed_architectures is empty
    allowed_platforms is empty
    description is empty
    has_cleanup = false
    required_configs is empty
    required_disk_space = 0
    required_files is empty
    required_memory = 0
    required_programs is empty
    required_user is empty
    timeout = 300

Standard output:
Executing command [ cmp -s /usr/tests/usr.bin/mkimg/img-63x255-512-gpt.vhd img-63x255-512-gpt.vhd.out ]
===> usr.bin/mkimg/mkimg:gpt_63x255_512_vhdf
Result: passed
Duration: 4.665s

Metadata:
    allowed_architectures is empty
    allowed_platforms is empty
    description is empty
    has_cleanup = false
    required_configs is empty
    required_disk_space = 0
    required_files is empty
    required_memory = 0
    required_programs is empty
    required_user is empty
    timeout = 300

Standard output:
Executing command [ cmp -s /usr/tests/usr.bin/mkimg/img-63x255-512-gpt.vhdf img-63x255-512-gpt.vhdf.out ]
===> usr.bin/mkimg/mkimg:gpt_63x255_512_vmdk
Result: passed
Duration: 0.900s

Metadata:
    allowed_architectures is empty
    allowed_platforms is empty
    description is empty
    has_cleanup = false
    required_configs is empty
    required_disk_space = 0
    required_files is empty
    required_memory = 0
    required_programs is empty
    required_user is empty
    timeout = 300

Standard output:
Executing command [ cmp -s /usr/tests/usr.bin/mkimg/img-63x255-512-gpt.vmdk img-63x255-512-gpt.vmdk.out ]
===> usr.bin/mkimg/mkimg:mbr_1x1_4096_qcow
Result: passed
Duration: 2.825s

Metadata:
    allowed_architectures is empty
    allowed_platforms is empty
    description is empty
    has_cleanup = false
    required_configs is empty
    required_disk_space = 0
    required_files is empty
    required_memory = 0
    required_programs is empty
    required_user is empty
    timeout = 300

Standard output:
Executing command [ cmp -s /usr/tests/usr.bin/mkimg/img-1x1-4096-mbr.qcow img-1x1-4096-mbr.qcow.out ]
===> usr.bin/mkimg/mkimg:mbr_1x1_4096_qcow2
Result: passed
Duration: 0.925s

Metadata:
    allowed_architectures is empty
    allowed_platforms is empty
    description is empty
    has_cleanup = false
    required_configs is empty
    required_disk_space = 0
    required_files is empty
    required_memory = 0
    required_programs is empty
    required_user is empty
    timeout = 300

Standard output:
Executing command [ cmp -s /usr/tests/usr.bin/mkimg/img-1x1-4096-mbr.qcow2 img-1x1-4096-mbr.qcow2.out ]
===> usr.bin/mkimg/mkimg:mbr_1x1_4096_raw
Result: passed
Duration: 1.036s

Metadata:
    allowed_architectures is empty
    allowed_platforms is empty
    description is empty
    has_cleanup = false
    required_configs is empty
    required_disk_space = 0
    required_files is empty
    required_memory = 0
    required_programs is empty
    required_user is empty
    timeout = 300

Standard output:
Executing command [ cmp -s /usr/tests/usr.bin/mkimg/img-1x1-4096-mbr.raw img-1x1-4096-mbr.raw.out ]
===> usr.bin/mkimg/mkimg:mbr_1x1_4096_vhd
Result: passed
Duration: 1.039s

Metadata:
    allowed_architectures is empty
    allowed_platforms is empty
    description is empty
    has_cleanup = false
    required_configs is empty
    required_disk_space = 0
    required_files is empty
    required_memory = 0
    required_programs is empty
    required_user is empty
    timeout = 300

Standard output:
Executing command [ cmp -s /usr/tests/usr.bin/mkimg/img-1x1-4096-mbr.vhd img-1x1-4096-mbr.vhd.out ]
===> usr.bin/mkimg/mkimg:mbr_1x1_4096_vhdf
Result: passed
Duration: 2.700s

Metadata:
    allowed_architectures is empty
    allowed_platforms is empty
    description is empty
    has_cleanup = false
    required_configs is empty
    required_disk_space = 0
    required_files is empty
    required_memory = 0
    required_programs is empty
    required_user is empty
    timeout = 300

Standard output:
Executing command [ cmp -s /usr/tests/usr.bin/mkimg/img-1x1-4096-mbr.vhdf img-1x1-4096-mbr.vhdf.out ]
===> usr.bin/mkimg/mkimg:mbr_1x1_4096_vmdk
Result: passed
Duration: 1.648s

Metadata:
    allowed_architectures is empty
    allowed_platforms is empty
    description is empty
    has_cleanup = false
    required_configs is empty
    required_disk_space = 0
    required_files is empty
    required_memory = 0
    required_programs is empty
    required_user is empty
    timeout = 300

Standard output:
Executing command [ cmp -s /usr/tests/usr.bin/mkimg/img-1x1-4096-mbr.vmdk img-1x1-4096-mbr.vmdk.out ]
===> usr.bin/mkimg/mkimg:mbr_1x1_512_qcow
Result: passed
Duration: 2.424s

Metadata:
    allowed_architectures is empty
    allowed_platforms is empty
    description is empty
    has_cleanup = false
    required_configs is empty
    required_disk_space = 0
    required_files is empty
    required_memory = 0
    required_programs is empty
    required_user is empty
    timeout = 300

Standard output:
Executing command [ cmp -s /usr/tests/usr.bin/mkimg/img-1x1-512-mbr.qcow img-1x1-512-mbr.qcow.out ]
===> usr.bin/mkimg/mkimg:mbr_1x1_512_qcow2
Result: passed
Duration: 1.883s

Metadata:
    allowed_architectures is empty
    allowed_platforms is empty
    description is empty
    has_cleanup = false
    required_configs is empty
    required_disk_space = 0
    required_files is empty
    required_memory = 0
    required_programs is empty
    required_user is empty
    timeout = 300

Standard output:
Executing command [ cmp -s /usr/tests/usr.bin/mkimg/img-1x1-512-mbr.qcow2 img-1x1-512-mbr.qcow2.out ]
===> usr.bin/mkimg/mkimg:mbr_1x1_512_raw
Result: passed
Duration: 1.490s

Metadata:
    allowed_architectures is empty
    allowed_platforms is empty
    description is empty
    has_cleanup = false
    required_configs is empty
    required_disk_space = 0
    required_files is empty
    required_memory = 0
    required_programs is empty
    required_user is empty
    timeout = 300

Standard output:
Executing command [ cmp -s /usr/tests/usr.bin/mkimg/img-1x1-512-mbr.raw img-1x1-512-mbr.raw.out ]
===> usr.bin/mkimg/mkimg:mbr_1x1_512_vhd
Result: passed
Duration: 2.836s

Metadata:
    allowed_architectures is empty
    allowed_platforms is empty
    description is empty
    has_cleanup = false
    required_configs is empty
    required_disk_space = 0
    required_files is empty
    required_memory = 0
    required_programs is empty
    required_user is empty
    timeout = 300

Standard output:
Executing command [ cmp -s /usr/tests/usr.bin/mkimg/img-1x1-512-mbr.vhd img-1x1-512-mbr.vhd.out ]
===> usr.bin/mkimg/mkimg:mbr_1x1_512_vhdf
Result: passed
Duration: 1.675s

Metadata:
    allowed_architectures is empty
    allowed_platforms is empty
    description is empty
    has_cleanup = false
    required_configs is empty
    required_disk_space = 0
    required_files is empty
    required_memory = 0
    required_programs is empty
    required_user is empty
    timeout = 300

Standard output:
Executing command [ cmp -s /usr/tests/usr.bin/mkimg/img-1x1-512-mbr.vhdf img-1x1-512-mbr.vhdf.out ]
===> usr.bin/mkimg/mkimg:mbr_1x1_512_vmdk
Result: passed
Duration: 2.549s

Metadata:
    allowed_architectures is empty
    allowed_platforms is empty
    description is empty
    has_cleanup = false
    required_configs is empty
    required_disk_space = 0
    required_files is empty
    required_memory = 0
    required_programs is empty
    required_user is empty
    timeout = 300

Standard output:
Executing command [ cmp -s /usr/tests/usr.bin/mkimg/img-1x1-512-mbr.vmdk img-1x1-512-mbr.vmdk.out ]
===> usr.bin/mkimg/mkimg:mbr_63x255_4096_qcow
Result: passed
Duration: 1.201s

Metadata:
    allowed_architectures is empty
    allowed_platforms is empty
    description is empty
    has_cleanup = false
    required_configs is empty
    required_disk_space = 0
    required_files is empty
    required_memory = 0
    required_programs is empty
    required_user is empty
    timeout = 300

Standard output:
Executing command [ cmp -s /usr/tests/usr.bin/mkimg/img-63x255-4096-mbr.qcow img-63x255-4096-mbr.qcow.out ]
===> usr.bin/mkimg/mkimg:mbr_63x255_4096_qcow2
Result: passed
Duration: 1.133s

Metadata:
    allowed_architectures is empty
    allowed_platforms is empty
    description is empty
    has_cleanup = false
    required_configs is empty
    required_disk_space = 0
    required_files is empty
    required_memory = 0
    required_programs is empty
    required_user is empty
    timeout = 300

Standard output:
Executing command [ cmp -s /usr/tests/usr.bin/mkimg/img-63x255-4096-mbr.qcow2 img-63x255-4096-mbr.qcow2.out ]
===> usr.bin/mkimg/mkimg:mbr_63x255_4096_raw
Result: passed
Duration: 2.334s

Metadata:
    allowed_architectures is empty
    allowed_platforms is empty
    description is empty
    has_cleanup = false
    required_configs is empty
    required_disk_space = 0
    required_files is empty
    required_memory = 0
    required_programs is empty
    required_user is empty
    timeout = 300

Standard output:
Executing command [ cmp -s /usr/tests/usr.bin/mkimg/img-63x255-4096-mbr.raw img-63x255-4096-mbr.raw.out ]
===> usr.bin/mkimg/mkimg:mbr_63x255_4096_vhd
Result: passed
Duration: 1.152s

Metadata:
    allowed_architectures is empty
    allowed_platforms is empty
    description is empty
    has_cleanup = false
    required_configs is empty
    required_disk_space = 0
    required_files is empty
    required_memory = 0
    required_programs is empty
    required_user is empty
    timeout = 300

Standard output:
Executing command [ cmp -s /usr/tests/usr.bin/mkimg/img-63x255-4096-mbr.vhd img-63x255-4096-mbr.vhd.out ]
===> usr.bin/mkimg/mkimg:mbr_63x255_4096_vhdf
Result: passed
Duration: 2.678s

Metadata:
    allowed_architectures is empty
    allowed_platforms is empty
    description is empty
    has_cleanup = false
    required_configs is empty
    required_disk_space = 0
    required_files is empty
    required_memory = 0
    required_programs is empty
    required_user is empty
    timeout = 300

Standard output:
Executing command [ cmp -s /usr/tests/usr.bin/mkimg/img-63x255-4096-mbr.vhdf img-63x255-4096-mbr.vhdf.out ]
===> usr.bin/mkimg/mkimg:mbr_63x255_4096_vmdk
Result: passed
Duration: 0.933s

Metadata:
    allowed_architectures is empty
    allowed_platforms is empty
    description is empty
    has_cleanup = false
    required_configs is empty
    required_disk_space = 0
    required_files is empty
    required_memory = 0
    required_programs is empty
    required_user is empty
    timeout = 300

Standard output:
Executing command [ cmp -s /usr/tests/usr.bin/mkimg/img-63x255-4096-mbr.vmdk img-63x255-4096-mbr.vmdk.out ]
===> usr.bin/mkimg/mkimg:mbr_63x255_512_qcow
Result: passed
Duration: 1.915s

Metadata:
    allowed_architectures is empty
    allowed_platforms is empty
    description is empty
    has_cleanup = false
    required_configs is empty
    required_disk_space = 0
    required_files is empty
    required_memory = 0
    required_programs is empty
    required_user is empty
    timeout = 300

Standard output:
Executing command [ cmp -s /usr/tests/usr.bin/mkimg/img-63x255-512-mbr.qcow img-63x255-512-mbr.qcow.out ]
===> usr.bin/mkimg/mkimg:mbr_63x255_512_qcow2
Result: passed
Duration: 1.122s

Metadata:
    allowed_architectures is empty
    allowed_platforms is empty
    description is empty
    has_cleanup = false
    required_configs is empty
    required_disk_space = 0
    required_files is empty
    required_memory = 0
    required_programs is empty
    required_user is empty
    timeout = 300

Standard output:
Executing command [ cmp -s /usr/tests/usr.bin/mkimg/img-63x255-512-mbr.qcow2 img-63x255-512-mbr.qcow2.out ]
===> usr.bin/mkimg/mkimg:mbr_63x255_512_raw
Result: passed
Duration: 0.845s

Metadata:
    allowed_architectures is empty
    allowed_platforms is empty
    description is empty
    has_cleanup = false
    required_configs is empty
    required_disk_space = 0
    required_files is empty
    required_memory = 0
    required_programs is empty
    required_user is empty
    timeout = 300

Standard output:
Executing command [ cmp -s /usr/tests/usr.bin/mkimg/img-63x255-512-mbr.raw img-63x255-512-mbr.raw.out ]
===> usr.bin/mkimg/mkimg:mbr_63x255_512_vhd
Result: passed
Duration: 1.170s

Metadata:
    allowed_architectures is empty
    allowed_platforms is empty
    description is empty
    has_cleanup = false
    required_configs is empty
    required_disk_space = 0
    required_files is empty
    required_memory = 0
    required_programs is empty
    required_user is empty
    timeout = 300

Standard output:
Executing command [ cmp -s /usr/tests/usr.bin/mkimg/img-63x255-512-mbr.vhd img-63x255-512-mbr.vhd.out ]
===> usr.bin/mkimg/mkimg:mbr_63x255_512_vhdf
Result: passed
Duration: 2.025s

Metadata:
    allowed_architectures is empty
    allowed_platforms is empty
    description is empty
    has_cleanup = false
    required_configs is empty
    required_disk_space = 0
    required_files is empty
    required_memory = 0
    required_programs is empty
    required_user is empty
    timeout = 300

Standard output:
Executing command [ cmp -s /usr/tests/usr.bin/mkimg/img-63x255-512-mbr.vhdf img-63x255-512-mbr.vhdf.out ]
===> usr.bin/mkimg/mkimg:mbr_63x255_512_vmdk
Result: passed
Duration: 3.401s

Metadata:
    allowed_architectures is empty
    allowed_platforms is empty
    description is empty
    has_cleanup = false
    required_configs is empty
    required_disk_space = 0
    required_files is empty
    required_memory = 0
    required_programs is empty
    required_user is empty
    timeout = 300

Standard output:
Executing command [ cmp -s /usr/tests/usr.bin/mkimg/img-63x255-512-mbr.vmdk img-63x255-512-mbr.vmdk.out ]
===> usr.bin/mkimg/mkimg:pc98_1x1_4096_qcow
Result: passed
Duration: 7.318s

Metadata:
    allowed_architectures is empty
    allowed_platforms is empty
    description is empty
    has_cleanup = false
    required_configs is empty
    required_disk_space = 0
    required_files is empty
    required_memory = 0
    required_programs is empty
    required_user is empty
    timeout = 300

Standard output:
Executing command [ cmp -s /usr/tests/usr.bin/mkimg/img-1x1-4096-pc98.qcow img-1x1-4096-pc98.qcow.out ]
===> usr.bin/mkimg/mkimg:pc98_1x1_4096_qcow2
Result: passed
Duration: 5.769s

Metadata:
    allowed_architectures is empty
    allowed_platforms is empty
    description is empty
    has_cleanup = false
    required_configs is empty
    required_disk_space = 0
    required_files is empty
    required_memory = 0
    required_programs is empty
    required_user is empty
    timeout = 300

Standard output:
Executing command [ cmp -s /usr/tests/usr.bin/mkimg/img-1x1-4096-pc98.qcow2 img-1x1-4096-pc98.qcow2.out ]
===> usr.bin/mkimg/mkimg:pc98_1x1_4096_raw
Result: passed
Duration: 0.690s

Metadata:
    allowed_architectures is empty
    allowed_platforms is empty
    description is empty
    has_cleanup = false
    required_configs is empty
    required_disk_space = 0
    required_files is empty
    required_memory = 0
    required_programs is empty
    required_user is empty
    timeout = 300

Standard output:
Executing command [ cmp -s /usr/tests/usr.bin/mkimg/img-1x1-4096-pc98.raw img-1x1-4096-pc98.raw.out ]
===> usr.bin/mkimg/mkimg:pc98_1x1_4096_vhd
Result: passed
Duration: 0.882s

Metadata:
    allowed_architectures is empty
    allowed_platforms is empty
    description is empty
    has_cleanup = false
    required_configs is empty
    required_disk_space = 0
    required_files is empty
    required_memory = 0
    required_programs is empty
    required_user is empty
    timeout = 300

Standard output:
Executing command [ cmp -s /usr/tests/usr.bin/mkimg/img-1x1-4096-pc98.vhd img-1x1-4096-pc98.vhd.out ]
===> usr.bin/mkimg/mkimg:pc98_1x1_4096_vhdf
Result: passed
Duration: 1.843s

Metadata:
    allowed_architectures is empty
    allowed_platforms is empty
    description is empty
    has_cleanup = false
    required_configs is empty
    required_disk_space = 0
    required_files is empty
    required_memory = 0
    required_programs is empty
    required_user is empty
    timeout = 300

Standard output:
Executing command [ cmp -s /usr/tests/usr.bin/mkimg/img-1x1-4096-pc98.vhdf img-1x1-4096-pc98.vhdf.out ]
===> usr.bin/mkimg/mkimg:pc98_1x1_4096_vmdk
Result: passed
Duration: 1.259s

Metadata:
    allowed_architectures is empty
    allowed_platforms is empty
    description is empty
    has_cleanup = false
    required_configs is empty
    required_disk_space = 0
    required_files is empty
    required_memory = 0
    required_programs is empty
    required_user is empty
    timeout = 300

Standard output:
Executing command [ cmp -s /usr/tests/usr.bin/mkimg/img-1x1-4096-pc98.vmdk img-1x1-4096-pc98.vmdk.out ]
===> usr.bin/mkimg/mkimg:pc98_1x1_512_qcow
Result: passed
Duration: 1.352s

Metadata:
    allowed_architectures is empty
    allowed_platforms is empty
    description is empty
    has_cleanup = false
    required_configs is empty
    required_disk_space = 0
    required_files is empty
    required_memory = 0
    required_programs is empty
    required_user is empty
    timeout = 300

Standard output:
Executing command [ cmp -s /usr/tests/usr.bin/mkimg/img-1x1-512-pc98.qcow img-1x1-512-pc98.qcow.out ]
===> usr.bin/mkimg/mkimg:pc98_1x1_512_qcow2
Result: passed
Duration: 8.235s

Metadata:
    allowed_architectures is empty
    allowed_platforms is empty
    description is empty
    has_cleanup = false
    required_configs is empty
    required_disk_space = 0
    required_files is empty
    required_memory = 0
    required_programs is empty
    required_user is empty
    timeout = 300

Standard output:
Executing command [ cmp -s /usr/tests/usr.bin/mkimg/img-1x1-512-pc98.qcow2 img-1x1-512-pc98.qcow2.out ]
===> usr.bin/mkimg/mkimg:pc98_1x1_512_raw
Result: passed
Duration: 5.767s

Metadata:
    allowed_architectures is empty
    allowed_platforms is empty
    description is empty
    has_cleanup = false
    required_configs is empty
    required_disk_space = 0
    required_files is empty
    required_memory = 0
    required_programs is empty
    required_user is empty
    timeout = 300

Standard output:
Executing command [ cmp -s /usr/tests/usr.bin/mkimg/img-1x1-512-pc98.raw img-1x1-512-pc98.raw.out ]
===> usr.bin/mkimg/mkimg:pc98_1x1_512_vhd
Result: passed
Duration: 9.069s

Metadata:
    allowed_architectures is empty
    allowed_platforms is empty
    description is empty
    has_cleanup = false
    required_configs is empty
    required_disk_space = 0
    required_files is empty
    required_memory = 0
    required_programs is empty
    required_user is empty
    timeout = 300

Standard output:
Executing command [ cmp -s /usr/tests/usr.bin/mkimg/img-1x1-512-pc98.vhd img-1x1-512-pc98.vhd.out ]
===> usr.bin/mkimg/mkimg:pc98_1x1_512_vhdf
Result: passed
Duration: 7.888s

Metadata:
    allowed_architectures is empty
    allowed_platforms is empty
    description is empty
    has_cleanup = false
    required_configs is empty
    required_disk_space = 0
    required_files is empty
    required_memory = 0
    required_programs is empty
    required_user is empty
    timeout = 300

Standard output:
Executing command [ cmp -s /usr/tests/usr.bin/mkimg/img-1x1-512-pc98.vhdf img-1x1-512-pc98.vhdf.out ]
===> usr.bin/mkimg/mkimg:pc98_1x1_512_vmdk
Result: passed
Duration: 4.987s

Metadata:
    allowed_architectures is empty
    allowed_platforms is empty
    description is empty
    has_cleanup = false
    required_configs is empty
    required_disk_space = 0
    required_files is empty
    required_memory = 0
    required_programs is empty
    required_user is empty
    timeout = 300

Standard output:
Executing command [ cmp -s /usr/tests/usr.bin/mkimg/img-1x1-512-pc98.vmdk img-1x1-512-pc98.vmdk.out ]
===> usr.bin/mkimg/mkimg:pc98_63x255_4096_qcow
Result: passed
Duration: 6.419s

Metadata:
    allowed_architectures is empty
    allowed_platforms is empty
    description is empty
    has_cleanup = false
    required_configs is empty
    required_disk_space = 0
    required_files is empty
    required_memory = 0
    required_programs is empty
    required_user is empty
    timeout = 300

Standard output:
Executing command [ cmp -s /usr/tests/usr.bin/mkimg/img-63x255-4096-pc98.qcow img-63x255-4096-pc98.qcow.out ]
===> usr.bin/mkimg/mkimg:pc98_63x255_4096_qcow2
Result: passed
Duration: 1.131s

Metadata:
    allowed_architectures is empty
    allowed_platforms is empty
    description is empty
    has_cleanup = false
    required_configs is empty
    required_disk_space = 0
    required_files is empty
    required_memory = 0
    required_programs is empty
    required_user is empty
    timeout = 300

Standard output:
Executing command [ cmp -s /usr/tests/usr.bin/mkimg/img-63x255-4096-pc98.qcow2 img-63x255-4096-pc98.qcow2.out ]
===> usr.bin/mkimg/mkimg:pc98_63x255_4096_raw
Result: passed
Duration: 0.701s

Metadata:
    allowed_architectures is empty
    allowed_platforms is empty
    description is empty
    has_cleanup = false
    required_configs is empty
    required_disk_space = 0
    required_files is empty
    required_memory = 0
    required_programs is empty
    required_user is empty
    timeout = 300

Standard output:
Executing command [ cmp -s /usr/tests/usr.bin/mkimg/img-63x255-4096-pc98.raw img-63x255-4096-pc98.raw.out ]
===> usr.bin/mkimg/mkimg:pc98_63x255_4096_vhd
Result: passed
Duration: 0.687s

Metadata:
    allowed_architectures is empty
    allowed_platforms is empty
    description is empty
    has_cleanup = false
    required_configs is empty
    required_disk_space = 0
    required_files is empty
    required_memory = 0
    required_programs is empty
    required_user is empty
    timeout = 300

Standard output:
Executing command [ cmp -s /usr/tests/usr.bin/mkimg/img-63x255-4096-pc98.vhd img-63x255-4096-pc98.vhd.out ]
===> usr.bin/mkimg/mkimg:pc98_63x255_4096_vhdf
Result: passed
Duration: 0.734s

Metadata:
    allowed_architectures is empty
    allowed_platforms is empty
    description is empty
    has_cleanup = false
    required_configs is empty
    required_disk_space = 0
    required_files is empty
    required_memory = 0
    required_programs is empty
    required_user is empty
    timeout = 300

Standard output:
Executing command [ cmp -s /usr/tests/usr.bin/mkimg/img-63x255-4096-pc98.vhdf img-63x255-4096-pc98.vhdf.out ]
===> usr.bin/mkimg/mkimg:pc98_63x255_4096_vmdk
Result: passed
Duration: 0.934s

Metadata:
    allowed_architectures is empty
    allowed_platforms is empty
    description is empty
    has_cleanup = false
    required_configs is empty
    required_disk_space = 0
    required_files is empty
    required_memory = 0
    required_programs is empty
    required_user is empty
    timeout = 300

Standard output:
Executing command [ cmp -s /usr/tests/usr.bin/mkimg/img-63x255-4096-pc98.vmdk img-63x255-4096-pc98.vmdk.out ]
===> usr.bin/mkimg/mkimg:pc98_63x255_512_qcow
Result: passed
Duration: 0.881s

Metadata:
    allowed_architectures is empty
    allowed_platforms is empty
    description is empty
    has_cleanup = false
    required_configs is empty
    required_disk_space = 0
    required_files is empty
    required_memory = 0
    required_programs is empty
    required_user is empty
    timeout = 300

Standard output:
Executing command [ cmp -s /usr/tests/usr.bin/mkimg/img-63x255-512-pc98.qcow img-63x255-512-pc98.qcow.out ]
===> usr.bin/mkimg/mkimg:pc98_63x255_512_qcow2
Result: passed
Duration: 2.865s

Metadata:
    allowed_architectures is empty
    allowed_platforms is empty
    description is empty
    has_cleanup = false
    required_configs is empty
    required_disk_space = 0
    required_files is empty
    required_memory = 0
    required_programs is empty
    required_user is empty
    timeout = 300

Standard output:
Executing command [ cmp -s /usr/tests/usr.bin/mkimg/img-63x255-512-pc98.qcow2 img-63x255-512-pc98.qcow2.out ]
===> usr.bin/mkimg/mkimg:pc98_63x255_512_raw
Result: passed
Duration: 4.470s

Metadata:
    allowed_architectures is empty
    allowed_platforms is empty
    description is empty
    has_cleanup = false
    required_configs is empty
    required_disk_space = 0
    required_files is empty
    required_memory = 0
    required_programs is empty
    required_user is empty
    timeout = 300

Standard output:
Executing command [ cmp -s /usr/tests/usr.bin/mkimg/img-63x255-512-pc98.raw img-63x255-512-pc98.raw.out ]
===> usr.bin/mkimg/mkimg:pc98_63x255_512_vhd
Result: passed
Duration: 0.854s

Metadata:
    allowed_architectures is empty
    allowed_platforms is empty
    description is empty
    has_cleanup = false
    required_configs is empty
    required_disk_space = 0
    required_files is empty
    required_memory = 0
    required_programs is empty
    required_user is empty
    timeout = 300

Standard output:
Executing command [ cmp -s /usr/tests/usr.bin/mkimg/img-63x255-512-pc98.vhd img-63x255-512-pc98.vhd.out ]
===> usr.bin/mkimg/mkimg:pc98_63x255_512_vhdf
Result: passed
Duration: 0.737s

Metadata:
    allowed_architectures is empty
    allowed_platforms is empty
    description is empty
    has_cleanup = false
    required_configs is empty
    required_disk_space = 0
    required_files is empty
    required_memory = 0
    required_programs is empty
    required_user is empty
    timeout = 300

Standard output:
Executing command [ cmp -s /usr/tests/usr.bin/mkimg/img-63x255-512-pc98.vhdf img-63x255-512-pc98.vhdf.out ]
===> usr.bin/mkimg/mkimg:pc98_63x255_512_vmdk
Result: passed
Duration: 0.702s

Metadata:
    allowed_architectures is empty
    allowed_platforms is empty
    description is empty
    has_cleanup = false
    required_configs is empty
    required_disk_space = 0
    required_files is empty
    required_memory = 0
    required_programs is empty
    required_user is empty
    timeout = 300

Standard output:
Executing command [ cmp -s /usr/tests/usr.bin/mkimg/img-63x255-512-pc98.vmdk img-63x255-512-pc98.vmdk.out ]
===> usr.bin/mkimg/mkimg:vtoc8_1x1_4096_qcow
Result: passed
Duration: 0.583s

Metadata:
    allowed_architectures is empty
    allowed_platforms is empty
    description is empty
    has_cleanup = false
    required_configs is empty
    required_disk_space = 0
    required_files is empty
    required_memory = 0
    required_programs is empty
    required_user is empty
    timeout = 300

Standard output:
Executing command [ cmp -s /usr/tests/usr.bin/mkimg/img-1x1-4096-vtoc8.qcow img-1x1-4096-vtoc8.qcow.out ]
===> usr.bin/mkimg/mkimg:vtoc8_1x1_4096_qcow2
Result: passed
Duration: 0.596s

Metadata:
    allowed_architectures is empty
    allowed_platforms is empty
    description is empty
    has_cleanup = false
    required_configs is empty
    required_disk_space = 0
    required_files is empty
    required_memory = 0
    required_programs is empty
    required_user is empty
    timeout = 300

Standard output:
Executing command [ cmp -s /usr/tests/usr.bin/mkimg/img-1x1-4096-vtoc8.qcow2 img-1x1-4096-vtoc8.qcow2.out ]
===> usr.bin/mkimg/mkimg:vtoc8_1x1_4096_raw
Result: passed
Duration: 1.598s

Metadata:
    allowed_architectures is empty
    allowed_platforms is empty
    description is empty
    has_cleanup = false
    required_configs is empty
    required_disk_space = 0
    required_files is empty
    required_memory = 0
    required_programs is empty
    required_user is empty
    timeout = 300

Standard output:
Executing command [ cmp -s /usr/tests/usr.bin/mkimg/img-1x1-4096-vtoc8.raw img-1x1-4096-vtoc8.raw.out ]
===> usr.bin/mkimg/mkimg:vtoc8_1x1_4096_vhd
Result: passed
Duration: 1.988s

Metadata:
    allowed_architectures is empty
    allowed_platforms is empty
    description is empty
    has_cleanup = false
    required_configs is empty
    required_disk_space = 0
    required_files is empty
    required_memory = 0
    required_programs is empty
    required_user is empty
    timeout = 300

Standard output:
Executing command [ cmp -s /usr/tests/usr.bin/mkimg/img-1x1-4096-vtoc8.vhd img-1x1-4096-vtoc8.vhd.out ]
===> usr.bin/mkimg/mkimg:vtoc8_1x1_4096_vhdf
Result: passed
Duration: 0.926s

Metadata:
    allowed_architectures is empty
    allowed_platforms is empty
    description is empty
    has_cleanup = false
    required_configs is empty
    required_disk_space = 0
    required_files is empty
    required_memory = 0
    required_programs is empty
    required_user is empty
    timeout = 300

Standard output:
Executing command [ cmp -s /usr/tests/usr.bin/mkimg/img-1x1-4096-vtoc8.vhdf img-1x1-4096-vtoc8.vhdf.out ]
===> usr.bin/mkimg/mkimg:vtoc8_1x1_4096_vmdk
Result: passed
Duration: 3.236s

Metadata:
    allowed_architectures is empty
    allowed_platforms is empty
    description is empty
    has_cleanup = false
    required_configs is empty
    required_disk_space = 0
    required_files is empty
    required_memory = 0
    required_programs is empty
    required_user is empty
    timeout = 300

Standard output:
Executing command [ cmp -s /usr/tests/usr.bin/mkimg/img-1x1-4096-vtoc8.vmdk img-1x1-4096-vtoc8.vmdk.out ]
===> usr.bin/mkimg/mkimg:vtoc8_1x1_512_qcow
Result: passed
Duration: 2.952s

Metadata:
    allowed_architectures is empty
    allowed_platforms is empty
    description is empty
    has_cleanup = false
    required_configs is empty
    required_disk_space = 0
    required_files is empty
    required_memory = 0
    required_programs is empty
    required_user is empty
    timeout = 300

Standard output:
Executing command [ cmp -s /usr/tests/usr.bin/mkimg/img-1x1-512-vtoc8.qcow img-1x1-512-vtoc8.qcow.out ]
===> usr.bin/mkimg/mkimg:vtoc8_1x1_512_qcow2
Result: passed
Duration: 3.466s

Metadata:
    allowed_architectures is empty
    allowed_platforms is empty
    description is empty
    has_cleanup = false
    required_configs is empty
    required_disk_space = 0
    required_files is empty
    required_memory = 0
    required_programs is empty
    required_user is empty
    timeout = 300

Standard output:
Executing command [ cmp -s /usr/tests/usr.bin/mkimg/img-1x1-512-vtoc8.qcow2 img-1x1-512-vtoc8.qcow2.out ]
===> usr.bin/mkimg/mkimg:vtoc8_1x1_512_raw
Result: passed
Duration: 4.438s

Metadata:
    allowed_architectures is empty
    allowed_platforms is empty
    description is empty
    has_cleanup = false
    required_configs is empty
    required_disk_space = 0
    required_files is empty
    required_memory = 0
    required_programs is empty
    required_user is empty
    timeout = 300

Standard output:
Executing command [ cmp -s /usr/tests/usr.bin/mkimg/img-1x1-512-vtoc8.raw img-1x1-512-vtoc8.raw.out ]
===> usr.bin/mkimg/mkimg:vtoc8_1x1_512_vhd
Result: passed
Duration: 4.055s

Metadata:
    allowed_architectures is empty
    allowed_platforms is empty
    description is empty
    has_cleanup = false
    required_configs is empty
    required_disk_space = 0
    required_files is empty
    required_memory = 0
    required_programs is empty
    required_user is empty
    timeout = 300

Standard output:
Executing command [ cmp -s /usr/tests/usr.bin/mkimg/img-1x1-512-vtoc8.vhd img-1x1-512-vtoc8.vhd.out ]
===> usr.bin/mkimg/mkimg:vtoc8_1x1_512_vhdf
Result: passed
Duration: 2.299s

Metadata:
    allowed_architectures is empty
    allowed_platforms is empty
    description is empty
    has_cleanup = false
    required_configs is empty
    required_disk_space = 0
    required_files is empty
    required_memory = 0
    required_programs is empty
    required_user is empty
    timeout = 300

Standard output:
Executing command [ cmp -s /usr/tests/usr.bin/mkimg/img-1x1-512-vtoc8.vhdf img-1x1-512-vtoc8.vhdf.out ]
===> usr.bin/mkimg/mkimg:vtoc8_1x1_512_vmdk
Result: passed
Duration: 2.966s

Metadata:
    allowed_architectures is empty
    allowed_platforms is empty
    description is empty
    has_cleanup = false
    required_configs is empty
    required_disk_space = 0
    required_files is empty
    required_memory = 0
    required_programs is empty
    required_user is empty
    timeout = 300

Standard output:
Executing command [ cmp -s /usr/tests/usr.bin/mkimg/img-1x1-512-vtoc8.vmdk img-1x1-512-vtoc8.vmdk.out ]
===> usr.bin/mkimg/mkimg:vtoc8_63x255_4096_qcow
Result: passed
Duration: 0.988s

Metadata:
    allowed_architectures is empty
    allowed_platforms is empty
    description is empty
    has_cleanup = false
    required_configs is empty
    required_disk_space = 0
    required_files is empty
    required_memory = 0
    required_programs is empty
    required_user is empty
    timeout = 300

Standard output:
Executing command [ cmp -s /usr/tests/usr.bin/mkimg/img-63x255-4096-vtoc8.qcow img-63x255-4096-vtoc8.qcow.out ]
===> usr.bin/mkimg/mkimg:vtoc8_63x255_4096_qcow2
Result: passed
Duration: 1.844s

Metadata:
    allowed_architectures is empty
    allowed_platforms is empty
    description is empty
    has_cleanup = false
    required_configs is empty
    required_disk_space = 0
    required_files is empty
    required_memory = 0
    required_programs is empty
    required_user is empty
    timeout = 300

Standard output:
Executing command [ cmp -s /usr/tests/usr.bin/mkimg/img-63x255-4096-vtoc8.qcow2 img-63x255-4096-vtoc8.qcow2.out ]
===> usr.bin/mkimg/mkimg:vtoc8_63x255_4096_raw
Result: passed
Duration: 3.496s

Metadata:
    allowed_architectures is empty
    allowed_platforms is empty
    description is empty
    has_cleanup = false
    required_configs is empty
    required_disk_space = 0
    required_files is empty
    required_memory = 0
    required_programs is empty
    required_user is empty
    timeout = 300

Standard output:
Executing command [ cmp -s /usr/tests/usr.bin/mkimg/img-63x255-4096-vtoc8.raw img-63x255-4096-vtoc8.raw.out ]
===> usr.bin/mkimg/mkimg:vtoc8_63x255_4096_vhd
Result: passed
Duration: 3.553s

Metadata:
    allowed_architectures is empty
    allowed_platforms is empty
    description is empty
    has_cleanup = false
    required_configs is empty
    required_disk_space = 0
    required_files is empty
    required_memory = 0
    required_programs is empty
    required_user is empty
    timeout = 300

Standard output:
Executing command [ cmp -s /usr/tests/usr.bin/mkimg/img-63x255-4096-vtoc8.vhd img-63x255-4096-vtoc8.vhd.out ]
===> usr.bin/mkimg/mkimg:vtoc8_63x255_4096_vhdf
Result: passed
Duration: 4.711s

Metadata:
    allowed_architectures is empty
    allowed_platforms is empty
    description is empty
    has_cleanup = false
    required_configs is empty
    required_disk_space = 0
    required_files is empty
    required_memory = 0
    required_programs is empty
    required_user is empty
    timeout = 300

Standard output:
Executing command [ cmp -s /usr/tests/usr.bin/mkimg/img-63x255-4096-vtoc8.vhdf img-63x255-4096-vtoc8.vhdf.out ]
===> usr.bin/mkimg/mkimg:vtoc8_63x255_4096_vmdk
Result: passed
Duration: 1.183s

Metadata:
    allowed_architectures is empty
    allowed_platforms is empty
    description is empty
    has_cleanup = false
    required_configs is empty
    required_disk_space = 0
    required_files is empty
    required_memory = 0
    required_programs is empty
    required_user is empty
    timeout = 300

Standard output:
Executing command [ cmp -s /usr/tests/usr.bin/mkimg/img-63x255-4096-vtoc8.vmdk img-63x255-4096-vtoc8.vmdk.out ]
===> usr.bin/mkimg/mkimg:vtoc8_63x255_512_qcow
Result: passed
Duration: 1.031s

Metadata:
    allowed_architectures is empty
    allowed_platforms is empty
    description is empty
    has_cleanup = false
    required_configs is empty
    required_disk_space = 0
    required_files is empty
    required_memory = 0
    required_programs is empty
    required_user is empty
    timeout = 300

Standard output:
Executing command [ cmp -s /usr/tests/usr.bin/mkimg/img-63x255-512-vtoc8.qcow img-63x255-512-vtoc8.qcow.out ]
===> usr.bin/mkimg/mkimg:vtoc8_63x255_512_qcow2
Result: passed
Duration: 1.083s

Metadata:
    allowed_architectures is empty
    allowed_platforms is empty
    description is empty
    has_cleanup = false
    required_configs is empty
    required_disk_space = 0
    required_files is empty
    required_memory = 0
    required_programs is empty
    required_user is empty
    timeout = 300

Standard output:
Executing command [ cmp -s /usr/tests/usr.bin/mkimg/img-63x255-512-vtoc8.qcow2 img-63x255-512-vtoc8.qcow2.out ]
===> usr.bin/mkimg/mkimg:vtoc8_63x255_512_raw
Result: passed
Duration: 2.936s

Metadata:
    allowed_architectures is empty
    allowed_platforms is empty
    description is empty
    has_cleanup = false
    required_configs is empty
    required_disk_space = 0
    required_files is empty
    required_memory = 0
    required_programs is empty
    required_user is empty
    timeout = 300

Standard output:
Executing command [ cmp -s /usr/tests/usr.bin/mkimg/img-63x255-512-vtoc8.raw img-63x255-512-vtoc8.raw.out ]
===> usr.bin/mkimg/mkimg:vtoc8_63x255_512_vhd
Result: passed
Duration: 1.547s

Metadata:
    allowed_architectures is empty
    allowed_platforms is empty
    description is empty
    has_cleanup = false
    required_configs is empty
    required_disk_space = 0
    required_files is empty
    required_memory = 0
    required_programs is empty
    required_user is empty
    timeout = 300

Standard output:
Executing command [ cmp -s /usr/tests/usr.bin/mkimg/img-63x255-512-vtoc8.vhd img-63x255-512-vtoc8.vhd.out ]
===> usr.bin/mkimg/mkimg:vtoc8_63x255_512_vhdf
Result: passed
Duration: 2.477s

Metadata:
    allowed_architectures is empty
    allowed_platforms is empty
    description is empty
    has_cleanup = false
    required_configs is empty
    required_disk_space = 0
    required_files is empty
    required_memory = 0
    required_programs is empty
    required_user is empty
    timeout = 300

Standard output:
Executing command [ cmp -s /usr/tests/usr.bin/mkimg/img-63x255-512-vtoc8.vhdf img-63x255-512-vtoc8.vhdf.out ]
===> usr.bin/mkimg/mkimg:vtoc8_63x255_512_vmdk
Result: passed
Duration: 2.207s

Metadata:
    allowed_architectures is empty
    allowed_platforms is empty
    description is empty
    has_cleanup = false
    required_configs is empty
    required_disk_space = 0
    required_files is empty
    required_memory = 0
    required_programs is empty
    required_user is empty
    timeout = 300

Standard output:
Executing command [ cmp -s /usr/tests/usr.bin/mkimg/img-63x255-512-vtoc8.vmdk img-63x255-512-vtoc8.vmdk.out ]
===> usr.bin/ncal/legacy_test:main
Result: passed
Duration: 0.555s

Metadata:
    allowed_architectures is empty
    allowed_platforms is empty
    description is empty
    has_cleanup = false
    required_configs is empty
    required_disk_space = 0
    required_files is empty
    required_memory = 0
    required_programs is empty
    required_user is empty
    timeout = 300

Standard output:
1..89
ok - r-y2008-md-nhl # Test detected no regression. (in .)
ok - b-y2008-md-nhl # Test detected no regression. (in .)
ok - r-y2008-jd-nhl # Test detected no regression. (in .)
ok - b-y2008-jd-nhl # Test detected no regression. (in .)
ok - r-y2009-md-nhl # Test detected no regression. (in .)
ok - b-y2009-md-nhl # Test detected no regression. (in .)
ok - r-y2009-jd-nhl # Test detected no regression. (in .)
ok - b-y2009-jd-nhl # Test detected no regression. (in .)
ok - r-y2010-md-nhl # Test detected no regression. (in .)
ok - b-y2010-md-nhl # Test detected no regression. (in .)
ok - r-y2010-jd-nhl # Test detected no regression. (in .)
ok - b-y2010-jd-nhl # Test detected no regression. (in .)
ok - r-y2011-md-nhl # Test detected no regression. (in .)
ok - b-y2011-md-nhl # Test detected no regression. (in .)
ok - r-y2011-jd-nhl # Test detected no regression. (in .)
ok - b-y2011-jd-nhl # Test detected no regression. (in .)
ok - r-3m200901-md-nhl # Test detected no regression. (in .)
ok - b-3m200901-md-nhl # Test detected no regression. (in .)
ok - r-3m200901-jd-nhl # Test detected no regression. (in .)
ok - b-3m200901-jd-nhl # Test detected no regression. (in .)
ok - r-3m200902-md-nhl # Test detected no regression. (in .)
ok - b-3m200902-md-nhl # Test detected no regression. (in .)
ok - r-3m200902-jd-nhl # Test detected no regression. (in .)
ok - b-3m200902-jd-nhl # Test detected no regression. (in .)
ok - r-3m200903-md-nhl # Test detected no regression. (in .)
ok - b-3m200903-md-nhl # Test detected no regression. (in .)
ok - r-3m200903-jd-nhl # Test detected no regression. (in .)
ok - b-3m200903-jd-nhl # Test detected no regression. (in .)
ok - r-3m200904-md-nhl # Test detected no regression. (in .)
ok - b-3m200904-md-nhl # Test detected no regression. (in .)
ok - r-3m200904-jd-nhl # Test detected no regression. (in .)
ok - b-3m200904-jd-nhl # Test detected no regression. (in .)
ok - r-3m200905-md-nhl # Test detected no regression. (in .)
ok - b-3m200905-md-nhl # Test detected no regression. (in .)
ok - r-3m200905-jd-nhl # Test detected no regression. (in .)
ok - b-3m200905-jd-nhl # Test detected no regression. (in .)
ok - r-3m200906-md-nhl # Test detected no regression. (in .)
ok - b-3m200906-md-nhl # Test detected no regression. (in .)
ok - r-3m200906-jd-nhl # Test detected no regression. (in .)
ok - b-3m200906-jd-nhl # Test detected no regression. (in .)
ok - r-3m200907-md-nhl # Test detected no regression. (in .)
ok - b-3m200907-md-nhl # Test detected no regression. (in .)
ok - r-3m200907-jd-nhl # Test detected no regression. (in .)
ok - b-3m200907-jd-nhl # Test detected no regression. (in .)
ok - r-3m200908-md-nhl # Test detected no regression. (in .)
ok - b-3m200908-md-nhl # Test detected no regression. (in .)
ok - r-3m200908-jd-nhl # Test detected no regression. (in .)
ok - b-3m200908-jd-nhl # Test detected no regression. (in .)
ok - r-3m200909-md-nhl # Test detected no regression. (in .)
ok - b-3m200909-md-nhl # Test detected no regression. (in .)
ok - r-3m200909-jd-nhl # Test detected no regression. (in .)
ok - b-3m200909-jd-nhl # Test detected no regression. (in .)
ok - r-3m200910-md-nhl # Test detected no regression. (in .)
ok - b-3m200910-md-nhl # Test detected no regression. (in .)
ok - r-3m200910-jd-nhl # Test detected no regression. (in .)
ok - b-3m200910-jd-nhl # Test detected no regression. (in .)
ok - r-3m200911-md-nhl # Test detected no regression. (in .)
ok - b-3m200911-md-nhl # Test detected no regression. (in .)
ok - r-3m200911-jd-nhl # Test detected no regression. (in .)
ok - b-3m200911-jd-nhl # Test detected no regression. (in .)
ok - r-3m200912-md-nhl # Test detected no regression. (in .)
ok - b-3m200912-md-nhl # Test detected no regression. (in .)
ok - r-3m200912-jd-nhl # Test detected no regression. (in .)
ok - b-3m200912-jd-nhl # Test detected no regression. (in .)
ok - f-3y-nhl # Test detected no regression. (in .)
ok - f-3A-nhl # Test detected no regression. (in .)
ok - f-3B-nhl # Test detected no regression. (in .)
ok - f-3gy-nhl # Test detected no regression. (in .)
ok - f-3AB-nhl # Test detected no regression. (in .)
ok - f-mgm-nhl # Test detected no regression. (in .)
ok - f-ym-nhl # Test detected no regression. (in .)
ok - f-ygm-nhl # Test detected no regression. (in .)
ok - f-yA-nhl # Test detected no regression. (in .)
ok - f-yB-nhl # Test detected no regression. (in .)
ok - f-yAB-nhl # Test detected no regression. (in .)
ok - s-b-3-nhl # Test detected no regression. (in .)
ok - s-b-A-nhl # Test detected no regression. (in .)
ok - s-b-B-nhl # Test detected no regression. (in .)
ok - s-b-AB-nhl # Test detected no regression. (in .)
ok - s-b-m-nhl # Test detected no regression. (in .)
ok - s-b-mgy-nhl # Test detected no regression. (in .)
ok - s-b-gmgy-nhl # Test detected no regression. (in .)
ok - s-r-3-nhl # Test detected no regression. (in .)
ok - s-r-A-nhl # Test detected no regression. (in .)
ok - s-r-B-nhl # Test detected no regression. (in .)
ok - s-r-AB-nhl # Test detected no regression. (in .)
ok - s-r-m-nhl # Test detected no regression. (in .)
ok - s-r-mgy-nhl # Test detected no regression. (in .)
ok - s-r-gmgy-nhl # Test detected no regression. (in .)
===> usr.bin/printf/legacy_test:main
Result: passed
Duration: 0.293s

Metadata:
    allowed_architectures is empty
    allowed_platforms is empty
    description is empty
    has_cleanup = false
    required_configs is empty
    required_disk_space = 0
    required_files is empty
    required_memory = 0
    required_programs is empty
    required_user is empty
    timeout = 300

Standard output:
1..23
ok - b # Test detected no regression. (in .)
ok - d # Test detected no regression. (in .)
ok - f # Test detected no regression. (in .)
ok - l1 # Test detected no regression. (in .)
ok - l2 # Test detected no regression. (in .)
ok - m1 # Test detected no regression. (in .)
ok - m2 # Test detected no regression. (in .)
ok - m3 # Test detected no regression. (in .)
ok - m4 # Test detected no regression. (in .)
ok - m5 # Test detected no regression. (in .)
ok - s # Test detected no regression. (in .)
ok - 'zero' # Test detected no regression. (in .)
ok - 'zero' # Test detected no regression. (in .)
ok - 'zero' # Test detected no regression. (in .)
ok - 'zero' # Test detected no regression. (in .)
ok - missingpos1 # Test detected no regression. (in .)
ok - missingpos1 # Test detected no regression. (in .)
ok - missingpos1 # Test detected no regression. (in .)
ok - missingpos1 # Test detected no regression. (in .)
ok - missingpos1 # Test detected no regression. (in .)
ok - missingpos1 # Test detected no regression. (in .)
ok - missingpos1 # Test detected no regression. (in .)
ok - missingpos1 # Test detected no regression. (in .)
===> usr.bin/sed/inplace_race_test:main
Result: passed
Duration: 54.562s

Metadata:
    allowed_architectures is empty
    allowed_platforms is empty
    description is empty
    has_cleanup = false
    required_configs is empty
    required_disk_space = 0
    required_files is empty
    required_memory = 0
    required_programs is empty
    required_user is empty
    timeout = 300

Standard output:
1..1
ok 1 inplace_race
===> usr.bin/sed/legacy_test:main
Result: passed
Duration: 0.776s

Metadata:
    allowed_architectures is empty
    allowed_platforms is empty
    description is empty
    has_cleanup = false
    required_configs is empty
    required_disk_space = 0
    required_files is empty
    required_memory = 0
    required_programs is empty
    required_user is empty
    timeout = 300

Standard output:
1..26
ok - G # Test detected no regression. (in .)
ok - P # Test detected no regression. (in .)
ok - psl # Test detected no regression. (in .)
ok - bcb # Test detected no regression. (in .)
ok - y # Test detected no regression. (in .)
ok - sg # Test detected no regression. (in .)
ok - s3 # Test detected no regression. (in .)
ok - s4 # Test detected no regression. (in .)
ok - s5 # Test detected no regression. (in .)
ok - c0 # Test detected no regression. (in .)
ok - c1 # Test detected no regression. (in .)
ok - c2 # Test detected no regression. (in .)
ok - c3 # Test detected no regression. (in .)
ok - b2a # Test detected no regression. (in .)
ok - inplace1 # Test detected no regression. (in .)
ok - inplace2 # Test detected no regression. (in .)
ok - inplace3 # Test detected no regression. (in .)
ok - inplace4 # Test detected no regression. (in .)
ok - inplace5 # Test detected no regression. (in .)
ok - icase1 # Test detected no regression. (in .)
ok - icase2 # Test detected no regression. (in .)
ok - icase3 # Test detected no regression. (in .)
ok - icase4 # Test detected no regression. (in .)
ok - hanoi # Test detected no regression. (in .)
ok - math # Test detected no regression. (in .)
ok - not # Test detected no regression. (in .)
===> usr.bin/sed/multi_test:main
Result: passed
Duration: 9.148s

Metadata:
    allowed_architectures is empty
    allowed_platforms is empty
    description is empty
    has_cleanup = false
    required_configs is empty
    required_disk_space = 0
    required_files = /usr/share/dict/words
    required_memory = 0
    required_programs is empty
    required_user is empty
    timeout = 300

Standard output:
1..130
ok 1 1.1 # Argument parsing - first type
ok 2 1.2 # Argument parsing - first type
ok 3 1.3 # Argument parsing - first type
ok 4 1.4 # Argument parsing - second type
ok 5 1.4.1 # Argument parsing - second type
ok 6 1.5 # Argument parsing - second type
ok 7 1.6 # Argument parsing - second type
ok 8 1.7 # Argument parsing - second type
ok 9 1.8 # Argument parsing - second type
ok 10 1.9 # Argument parsing - second type
ok 11 1.10 # Argument parsing - second type
ok 12 1.11 # Argument parsing - second type
ok 13 1.12 # Argument parsing - second type
ok 14 1.13 # Argument parsing - second type
ok 15 1.14 # Argument parsing - second type
ok 16 1.15 # Argument parsing - second type
ok 17 1.16 # Argument parsing - second type
ok 18 1.17 # Argument parsing - second type
ok 19 1.18 # Address ranges
ok 20 2.1 # Address ranges
ok 21 2.2 # Address ranges
ok 22 2.3 # Address ranges
ok 23 2.4 # Address ranges
ok 24 2.5 # Address ranges
ok 25 2.6 # Address ranges
ok 26 2.7 # Address ranges
ok 27 2.8 # Address ranges
ok 28 2.9 # Address ranges
ok 29 2.10 # Address ranges
ok 30 2.11 # Address ranges
ok 31 2.12 # Address ranges
ok 32 2.13 # Address ranges
ok 33 2.14 # Address ranges
ok 34 2.15 # Address ranges
ok 35 2.16 # Address ranges
ok 36 2.17 # Address ranges
ok 37 2.18 # Address ranges
ok 38 2.19 # Address ranges
ok 39 2.20 # Address ranges
ok 40 2.21 # Address ranges
ok 41 2.22 # Address ranges
ok 42 2.23 # Brace and other grouping
ok 43 3.1 # Brace and other grouping
ok 44 3.2 # Brace and other grouping
ok 45 3.3 # Brace and other grouping
ok 46 3.4 # Commands a c d and i
ok 47 4.1 # Commands a c d and i
ok 48 4.2 # Commands a c d and i
ok 49 4.3 # Commands a c d and i
ok 50 4.4 # Commands a c d and i
ok 51 4.5 # Commands a c d and i
ok 52 4.6 # Commands a c d and i
ok 53 4.7 # Commands a c d and i
ok 54 4.8 # Labels and branching
ok 55 5.1 # Labels and branching
ok 56 5.2 # Labels and branching
ok 57 5.3 # Labels and branching
ok 58 5.4 # Labels and branching
ok 59 5.5 # Labels and branching
ok 60 5.6 # Labels and branching
ok 61 5.7 # Labels and branching
ok 62 5.8 # Pattern space commands
ok 63 6.1 # Pattern space commands
ok 64 6.2 # Pattern space commands
ok 65 6.3 # Pattern space commands
ok 66 6.4 # Pattern space commands
ok 67 6.5 # Pattern space commands
ok 68 6.6 # Print and file routines
ok 69 7.1 # Print and file routines
ok 70 7.2 # Print and file routines
ok 71 7.3 # w results
ok 72 7.4 # w results
ok 73 7.5 # w results
ok 74 7.6 # w results
ok 75 7.7 # w results
ok 76 7.8 # TODO Substitution commands
ok 77 8.1 # Substitution commands
ok 78 8.2 # Substitution commands
ok 79 8.3 # Substitution commands
ok 80 8.4 # Substitution commands
ok 81 8.5 # Substitution commands
ok 82 8.6 # Substitution commands
ok 83 8.7 # Substitution commands
ok 84 8.8 # Substitution commands
ok 85 8.9 # Substitution commands
ok 86 8.10 # Substitution commands
ok 87 8.11 # s wfile results
ok 88 8.12 # s wfile results
ok 89 8.13 # s wfile results
ok 90 8.14 # s wfile results
ok 91 8.15 # s wfile results
ok 92 8.16 # s wfile results
ok 93 8.17 # [ as an s delimiter and its escapes
ok 94 8.18 # [ as an s delimiter and its escapes
ok 95 8.19 # [ as an s delimiter and its escapes
ok 96 8.20 # \ in y command
ok 97 8.21 # \n in a character class and a BRE
ok 98 8.22 # \n in a character class and a BRE
ok 99 8.23 # Error cases
ok 100 9.1 # Error cases
ok 101 9.2 # Error cases
ok 102 9.3 # Error cases
ok 103 9.4 # Error cases
ok 104 9.5 # Error cases
ok 105 9.6 # Error cases
ok 106 9.7 # Error cases
ok 107 9.8 # Error cases
ok 108 9.9 # Error cases
ok 109 9.10 # Error cases
ok 110 9.11 # Error cases
ok 111 9.12 # Error cases
ok 112 9.13 # Error cases
ok 113 9.14 # Error cases
ok 114 9.15 # Error cases
ok 115 9.16 # Error cases
ok 116 9.17 # Error cases
ok 117 9.18 # Error cases
ok 118 9.19 # Error cases
ok 119 9.20 # Error cases
ok 120 9.21 # Error cases
ok 121 9.22 # Error cases
ok 122 9.23 # Error cases
ok 123 9.24 # Error cases
ok 124 9.25 # Error cases
ok 125 9.26 # Error cases
ok 126 9.27 # Error cases
ok 127 9.28 # Error cases
ok 128 9.29 # Error cases
ok 129 9.30 # Error cases
ok 130 9.31 # Error cases

Standard error:
Seeding /usr/tests/usr.bin/sed/regress.multitest.out/2.23 with current result
===> usr.bin/soelim/soelim:files
Result: passed
Duration: 0.674s

Metadata:
    allowed_architectures is empty
    allowed_platforms is empty
    description = testing files
    has_cleanup = false
    required_configs is empty
    required_disk_space = 0
    required_files is empty
    required_memory = 0
    required_programs is empty
    required_user is empty
    timeout = 300

Standard output:
Executing command [ soelim /usr/tests/usr.bin/soelim/nonexisting.in ]
Executing command [ soelim /usr/tests/usr.bin/soelim/basic.in ]
Executing command [ soelim -I/usr/tests/usr.bin/soelim /usr/tests/usr.bin/soelim/basic.in ]
Executing command [ soelim -I/usr/tests/usr.bin/soelim /usr/tests/usr.bin/soelim/basic-with-space.in ]
===> usr.bin/soelim/soelim:stdin
Result: passed
Duration: 0.764s

Metadata:
    allowed_architectures is empty
    allowed_platforms is empty
    description = stdin functionality
    has_cleanup = false
    required_configs is empty
    required_disk_space = 0
    required_files is empty
    required_memory = 0
    required_programs is empty
    required_user is empty
    timeout = 300

Standard output:
Executing command [ soelim ]
Executing command [ soelim ]
Executing command [ soelim - ]
Executing command [ soelim ]
Executing command [ soelim ]
Executing command [ soelim -C ]
===> usr.bin/timeout/timeout:exit_numbers
Result: passed
Duration: 0.786s

Metadata:
    allowed_architectures is empty
    allowed_platforms is empty
    description = Test exit numbers
    has_cleanup = false
    required_configs is empty
    required_disk_space = 0
    required_files is empty
    required_memory = 0
    required_programs is empty
    required_user is empty
    timeout = 300

Standard output:
Executing command [ /bin/sh -c timeout 5 sh -c 'exit 2' ]
Executing command [ /bin/sh -c timeout .1 sleep 1 ]
Executing command [ /bin/sh -c timeout --preserve-status .1 sleep 10 ]
Executing command [ /bin/sh -c timeout -s1 -k1 .1 sleep 10 ]
Executing command [ /bin/sh -c sh -c trap "" CHLD; exec timeout 10 true ]
===> usr.bin/timeout/timeout:invalid_command
Result: passed
Duration: 0.118s

Metadata:
    allowed_architectures is empty
    allowed_platforms is empty
    description = Invalid command
    has_cleanup = false
    required_configs is empty
    required_disk_space = 0
    required_files is empty
    required_memory = 0
    required_programs is empty
    required_user is empty
    timeout = 300

Standard output:
Executing command [ /bin/sh -c timeout 10 . ]
===> usr.bin/timeout/timeout:invalid_signal
Result: passed
Duration: 0.100s

Metadata:
    allowed_architectures is empty
    allowed_platforms is empty
    description = Invalid signal
    has_cleanup = false
    required_configs is empty
    required_disk_space = 0
    required_files is empty
    required_memory = 0
    required_programs is empty
    required_user is empty
    timeout = 300

Standard output:
Executing command [ /bin/sh -c timeout --signal=invalid 1 sleep 0 ]
===> usr.bin/timeout/timeout:invalid_timeout
Result: passed
Duration: 0.137s

Metadata:
    allowed_architectures is empty
    allowed_platforms is empty
    description = Invalid timeout
    has_cleanup = false
    required_configs is empty
    required_disk_space = 0
    required_files is empty
    required_memory = 0
    required_programs is empty
    required_user is empty
    timeout = 300

Standard output:
Executing command [ /bin/sh -c timeout invalid sleep 0 ]
Executing command [ /bin/sh -c timeout --kill-after=invalid 1 sleep 0 ]
Executing command [ /bin/sh -c timeout 42D sleep 0 ]
Executing command [ /bin/sh -c timeout 999999999999999999999999999999999999999999999999999999999999d sleep 0 ]
Executing command [ /bin/sh -c timeout 2.34e+5d sleep 0 ]
===> usr.bin/timeout/timeout:no_such_command
Result: passed
Duration: 0.071s

Metadata:
    allowed_architectures is empty
    allowed_platforms is empty
    description = No such command
    has_cleanup = false
    required_configs is empty
    required_disk_space = 0
    required_files is empty
    required_memory = 0
    required_programs is empty
    required_user is empty
    timeout = 300

Standard output:
Executing command [ /bin/sh -c timeout 10 enoexists ]
===> usr.bin/timeout/timeout:no_timeout
Result: passed
Duration: 0.070s

Metadata:
    allowed_architectures is empty
    allowed_platforms is empty
    description = Test disabled timeout
    has_cleanup = false
    required_configs is empty
    required_disk_space = 0
    required_files is empty
    required_memory = 0
    required_programs is empty
    required_user is empty
    timeout = 300

Standard output:
Executing command [ /bin/sh -c timeout 0 true ]
===> usr.bin/timeout/timeout:nominal
Result: passed
Duration: 0.068s

Metadata:
    allowed_architectures is empty
    allowed_platforms is empty
    description = Basic tests on timeout(1) utility
    has_cleanup = false
    required_configs is empty
    required_disk_space = 0
    required_files is empty
    required_memory = 0
    required_programs is empty
    required_user is empty
    timeout = 300

Standard output:
Executing command [ /bin/sh -c timeout 5 true ]
===> usr.bin/timeout/timeout:time_unit
Result: passed
Duration: 0.135s

Metadata:
    allowed_architectures is empty
    allowed_platforms is empty
    description = Test parsing the default time unit
    has_cleanup = false
    required_configs is empty
    required_disk_space = 0
    required_files is empty
    required_memory = 0
    required_programs is empty
    required_user is empty
    timeout = 300

Standard output:
Executing command [ /bin/sh -c timeout 1d true ]
Executing command [ /bin/sh -c timeout 1h true ]
Executing command [ /bin/sh -c timeout 1m true ]
Executing command [ /bin/sh -c timeout 1s true ]
===> usr.bin/timeout/timeout:with_a_child
Result: passed
Duration: 0.672s

Metadata:
    allowed_architectures is empty
    allowed_platforms is empty
    description = When starting with a child (coreutils bug#9098)
    has_cleanup = false
    required_configs is empty
    required_disk_space = 0
    required_files is empty
    required_memory = 0
    required_programs is empty
    required_user is empty
    timeout = 300
===> usr.bin/tr/legacy_test:main
Result: passed
Duration: 0.151s

Metadata:
    allowed_architectures is empty
    allowed_platforms is empty
    description is empty
    has_cleanup = false
    required_configs is empty
    required_disk_space = 0
    required_files is empty
    required_memory = 0
    required_programs is empty
    required_user is empty
    timeout = 300

Standard output:
1..14
ok - 00 # Test detected no regression. (in .)
ok - 01 # Test detected no regression. (in .)
ok - 02 # Test detected no regression. (in .)
ok - 03 # Test detected no regression. (in .)
ok - 04 # Test detected no regression. (in .)
ok - 05 # Test detected no regression. (in .)
ok - 06 # Test detected no regression. (in .)
ok - 07 # Test detected no regression. (in .)
ok - 08 # Test detected no regression. (in .)
ok - 09 # Test detected no regression. (in .)
ok - 0a # Test detected no regression. (in .)
ok - 0b # Test detected no regression. (in .)
ok - 0c # Test detected no regression. (in .)
ok - 0d # Test detected no regression. (in .)
===> usr.bin/truncate/truncate_test:bad_refer
Result: passed
Duration: 10.660s

Metadata:
    allowed_architectures is empty
    allowed_platforms is empty
    description = Verifies that truncate detects a non-existent reference file
    has_cleanup = false
    required_configs is empty
    required_disk_space = 0
    required_files is empty
    required_memory = 0
    required_programs is empty
    required_user is empty
    timeout = 300

Standard output:
Executing command [ truncate -r afile afile ]
===> usr.bin/truncate/truncate_test:bad_truncate
Result: passed
Duration: 0.312s

Metadata:
    allowed_architectures is empty
    allowed_platforms is empty
    description = Verifies that truncate reports an error during truncation
    has_cleanup = true
    required_configs is empty
    required_disk_space = 0
    required_files is empty
    required_memory = 0
    required_programs is empty
    required_user is empty
    timeout = 300

Standard output:
Executing command [ chflags uimmutable exists.txt ]
Executing command [ truncate -s1 exists.txt ]
===> usr.bin/truncate/truncate_test:cannot_open
Result: passed
Duration: 2.008s

Metadata:
    allowed_architectures is empty
    allowed_platforms is empty
    description = Verifies truncate handles open failures correctly in a list of files
    has_cleanup = false
    required_configs is empty
    required_disk_space = 0
    required_files is empty
    required_memory = 0
    required_programs is empty
    required_user = unprivileged
    timeout = 300

Standard output:
Executing command [ chmod 0000 0000 ]
Executing command [ truncate -c -s1k before 0000 after ]
===> usr.bin/truncate/truncate_test:illegal_option
Result: passed
Duration: 0.355s

Metadata:
    allowed_architectures is empty
    allowed_platforms is empty
    description = Verifies that truncate exits >0 when passed an invalid command line option
    has_cleanup = false
    required_configs is empty
    required_disk_space = 0
    required_files is empty
    required_memory = 0
    required_programs is empty
    required_user is empty
    timeout = 300

Standard output:
Executing command [ truncate -7 -s0 output.txt ]
===> usr.bin/truncate/truncate_test:illegal_size
Result: passed
Duration: 0.273s

Metadata:
    allowed_architectures is empty
    allowed_platforms is empty
    description = Verifies that truncate exits >0 when passed an invalid power of two convention
    has_cleanup = false
    required_configs is empty
    required_disk_space = 0
    required_files is empty
    required_memory = 0
    required_programs is empty
    required_user is empty
    timeout = 300

Standard output:
Executing command [ truncate -s+1L output.txt ]
===> usr.bin/truncate/truncate_test:negative
Result: passed
Duration: 0.541s

Metadata:
    allowed_architectures is empty
    allowed_platforms is empty
    description = Verifies truncate treats negative sizes as zero
    has_cleanup = false
    required_configs is empty
    required_disk_space = 0
    required_files is empty
    required_memory = 0
    required_programs is empty
    required_user is empty
    timeout = 300

Standard output:
Executing command [ truncate -s-100 afile ]
===> usr.bin/truncate/truncate_test:new_absolute_grow
Result: passed
Duration: 0.473s

Metadata:
    allowed_architectures is empty
    allowed_platforms is empty
    description = Verifies truncate can make and grow a new 1m file
    has_cleanup = false
    required_configs is empty
    required_disk_space = 0
    required_files is empty
    required_memory = 0
    required_programs is empty
    required_user is empty
    timeout = 300

Standard output:
Executing command [ truncate -s1k output.txt ]
Executing command [ cmp -s output.txt /dev/zero ]
Executing command [ truncate -c -s1M output.txt ]
Executing command [ cmp -s output.txt /dev/zero ]
===> usr.bin/truncate/truncate_test:new_absolute_shrink
Result: passed
Duration: 0.559s

Metadata:
    allowed_architectures is empty
    allowed_platforms is empty
    description = Verifies that truncate can make and shrink a new 1m file
    has_cleanup = false
    required_configs is empty
    required_disk_space = 0
    required_files is empty
    required_memory = 0
    required_programs is empty
    required_user is empty
    timeout = 300

Standard output:
Executing command [ truncate -s1M output.txt ]
Executing command [ cmp -s output.txt /dev/zero ]
Executing command [ truncate -s1k output.txt ]
Executing command [ cmp -s output.txt /dev/zero ]
===> usr.bin/truncate/truncate_test:new_relative_grow
Result: passed
Duration: 0.506s

Metadata:
    allowed_architectures is empty
    allowed_platforms is empty
    description = Verifies truncate can make and grow a new 1m file using relative sizes
    has_cleanup = false
    required_configs is empty
    required_disk_space = 0
    required_files is empty
    required_memory = 0
    required_programs is empty
    required_user is empty
    timeout = 300

Standard output:
Executing command [ truncate -s+1k output.txt ]
Executing command [ cmp -s output.txt /dev/zero ]
Executing command [ truncate -s+1047552 output.txt ]
Executing command [ cmp -s output.txt /dev/zero ]
===> usr.bin/truncate/truncate_test:new_relative_shrink
Result: passed
Duration: 2.450s

Metadata:
    allowed_architectures is empty
    allowed_platforms is empty
    description = Verifies truncate can make and shrink a new 1m file using relative sizes
    has_cleanup = false
    required_configs is empty
    required_disk_space = 0
    required_files is empty
    required_memory = 0
    required_programs is empty
    required_user is empty
    timeout = 300

Standard output:
Executing command [ truncate -s+1049600 output.txt ]
Executing command [ cmp -s output.txt /dev/zero ]
Executing command [ truncate -s-1M output.txt ]
Executing command [ cmp -s output.txt /dev/zero ]
===> usr.bin/truncate/truncate_test:new_zero
Result: passed
Duration: 0.702s

Metadata:
    allowed_architectures is empty
    allowed_platforms is empty
    description = Verifies truncate can make and grow zero byte file
    has_cleanup = false
    required_configs is empty
    required_disk_space = 0
    required_files is empty
    required_memory = 0
    required_programs is empty
    required_user is empty
    timeout = 300

Standard output:
Executing command [ truncate -s0 output.txt ]
Executing command [ truncate -s+0 output.txt ]
===> usr.bin/truncate/truncate_test:no_files
Result: passed
Duration: 0.354s

Metadata:
    allowed_architectures is empty
    allowed_platforms is empty
    description = Verifies that truncate needs a list of files on the command line
    has_cleanup = false
    required_configs is empty
    required_disk_space = 0
    required_files is empty
    required_memory = 0
    required_programs is empty
    required_user is empty
    timeout = 300

Standard output:
Executing command [ truncate -s1 ]
===> usr.bin/truncate/truncate_test:opt_c
Result: passed
Duration: 0.358s

Metadata:
    allowed_architectures is empty
    allowed_platforms is empty
    description = Verifies that -c prevents creation of new files
    has_cleanup = false
    required_configs is empty
    required_disk_space = 0
    required_files is empty
    required_memory = 0
    required_programs is empty
    required_user is empty
    timeout = 300

Standard output:
Executing command [ truncate -c -s 0 doesnotexist.txt ]
Executing command [ truncate -c -r reference doesnotexist.txt ]
Executing command [ truncate -c -s1 exists.txt ]
===> usr.bin/truncate/truncate_test:opt_rs
Result: passed
Duration: 0.367s

Metadata:
    allowed_architectures is empty
    allowed_platforms is empty
    description = Verifies that truncate command line flags -s and -r cannot be specifed together
    has_cleanup = false
    required_configs is empty
    required_disk_space = 0
    required_files is empty
    required_memory = 0
    required_programs is empty
    required_user is empty
    timeout = 300

Standard output:
Executing command [ truncate -s0 -r afile afile ]
===> usr.bin/truncate/truncate_test:reference
Result: passed
Duration: 0.559s

Metadata:
    allowed_architectures is empty
    allowed_platforms is empty
    description = Verifies that truncate can use a reference file
    has_cleanup = false
    required_configs is empty
    required_disk_space = 0
    required_files is empty
    required_memory = 0
    required_programs is empty
    required_user is empty
    timeout = 300

Standard output:
Executing command [ truncate -r reference afile ]
===> usr.bin/truncate/truncate_test:too_large_size
Result: passed
Duration: 0.245s

Metadata:
    allowed_architectures is empty
    allowed_platforms is empty
    description = Verifies that truncate exits >0 when passed an a size that is INT64_MAX < size <= UINT64_MAX
    has_cleanup = false
    required_configs is empty
    required_disk_space = 0
    required_files is empty
    required_memory = 0
    required_programs is empty
    required_user is empty
    timeout = 300

Standard output:
Executing command [ truncate -s8388608t output.txt ]
===> usr.bin/units/basics_test:main
Result: passed
Duration: 1.007s

Metadata:
    allowed_architectures is empty
    allowed_platforms is empty
    description is empty
    has_cleanup = false
    required_configs is empty
    required_disk_space = 0
    required_files is empty
    required_memory = 0
    required_programs is empty
    required_user is empty
    timeout = 300

Standard output:
1..3
ok 1 - units -t ft ft
ok 2 - units -t ft in
ok 3 - units -t in ft
===> usr.bin/uudecode/legacy_test:main
Result: passed
Duration: 0.063s

Metadata:
    allowed_architectures is empty
    allowed_platforms is empty
    description is empty
    has_cleanup = false
    required_configs is empty
    required_disk_space = 0
    required_files is empty
    required_memory = 0
    required_programs is empty
    required_user is empty
    timeout = 300

Standard output:
1..2
ok - traditional # Test detected no regression. (in .)
ok - base64 # Test detected no regression. (in .)
===> usr.bin/uuencode/legacy_test:main
Result: passed
Duration: 0.256s

Metadata:
    allowed_architectures is empty
    allowed_platforms is empty
    description is empty
    has_cleanup = false
    required_configs is empty
    required_disk_space = 0
    required_files is empty
    required_memory = 0
    required_programs is empty
    required_user is empty
    timeout = 300

Standard output:
1..2
ok - traditional # Test detected no regression. (in .)
ok - base64 # Test detected no regression. (in .)
===> usr.bin/xargs/legacy_test:main
Result: passed
Duration: 0.302s

Metadata:
    allowed_architectures is empty
    allowed_platforms is empty
    description is empty
    has_cleanup = false
    required_configs is empty
    required_disk_space = 0
    required_files is empty
    required_memory = 0
    required_programs is empty
    required_user is empty
    timeout = 300

Standard output:
1..13
ok - normal # Test detected no regression. (in .)
ok - I # Test detected no regression. (in .)
ok - J # Test detected no regression. (in .)
ok - L # Test detected no regression. (in .)
ok - R # Test detected no regression. (in .)
ok - n1 # Test detected no regression. (in .)
ok - n2 # Test detected no regression. (in .)
ok - n3 # Test detected no regression. (in .)
ok - 0 # Test detected no regression. (in .)
ok - 0I # Test detected no regression. (in .)
ok - 0J # Test detected no regression. (in .)
ok - 0L # Test detected no regression. (in .)
ok - quotes # Test detected no regression. (in .)
===> usr.bin/yacc/yacc_tests:main
Result: passed
Duration: 5.515s

Metadata:
    allowed_architectures is empty
    allowed_platforms is empty
    description is empty
    has_cleanup = false
    required_configs is empty
    required_disk_space = 0
    required_files is empty
    required_memory = 0
    required_programs is empty
    required_user = unprivileged
    timeout = 300

Standard output:
** Tue Jul 28 16:33:00 UTC 2015
** testing flags help -z
...ok ./yacc/help.output
...ok ./yacc/help.error
** testing flags big_b -B
...ok ./yacc/big_b.output
...ok ./yacc/big_b.error
** testing flags big_l -L
...ok ./yacc/big_l.output
...ok ./yacc/big_l.error
** testing flags nostdin - nosuchfile.y
...ok ./yacc/nostdin.output
...ok ./yacc/nostdin.error
** testing flags no_opts -- nosuchfile.y
...ok ./yacc/no_opts.output
...ok ./yacc/no_opts.error
** testing flags no_b_opt -b
...ok ./yacc/no_b_opt.output
...ok ./yacc/no_b_opt.error
** testing flags no_b_opt1 -bBASE -o nosuchfile.c nosuchfile.y
...ok ./yacc/no_b_opt1.output
...ok ./yacc/no_b_opt1.error
** testing flags no_p_opt -p
...ok ./yacc/no_p_opt.output
...ok ./yacc/no_p_opt.error
** testing flags no_p_opt1 -pBASE -o nosuchfile.c nosuchfile.y
...ok ./yacc/no_p_opt1.output
...ok ./yacc/no_p_opt1.error
** testing flags no_graph -g -o nosuchfile.c nosuchfile.y
...ok ./yacc/no_graph.output
...ok ./yacc/no_graph.error
** testing flags no_verbose -v -o nosuchfile.c nosuchfile.y
...ok ./yacc/no_verbose.output
...ok ./yacc/no_verbose.error
** testing flags no_output -o nosuchfile.output nosuchfile.y
...ok ./yacc/no_output.output
...ok ./yacc/no_output.error
** testing flags no_output1 -onosuchfile.output nosuchfile.y
...ok ./yacc/no_output1.output
...ok ./yacc/no_output1.error
** testing flags no_output2 -o
...ok ./yacc/no_output2.output
...ok ./yacc/no_output2.error
** testing flags no_defines -d -o nosuchfile.c nosuchfile.y
...ok ./yacc/no_defines.output
...ok ./yacc/no_defines.error
** testing flags no_include -i -o nosuchfile.c nosuchfile.y
...ok ./yacc/no_include.output
...ok ./yacc/no_include.error
** testing flags no_code_c -r -o nosuchfile.c nosuchfile.y
...ok ./yacc/no_code_c.output
...ok ./yacc/no_code_c.error
** testing ./calc.y
...ok ./yacc/calc.error
...ok ./yacc/calc.output
...ok ./yacc/calc.tab.c
...ok ./yacc/calc.tab.h
** testing ./calc1.y
...ok ./yacc/calc1.error
...ok ./yacc/calc1.output
...ok ./yacc/calc1.tab.c
...ok ./yacc/calc1.tab.h
** testing ./calc2.y
...ok ./yacc/calc2.error
...ok ./yacc/calc2.output
...ok ./yacc/calc2.tab.c
...ok ./yacc/calc2.tab.h
** testing ./calc3.y
...ok ./yacc/calc3.error
...ok ./yacc/calc3.output
...ok ./yacc/calc3.tab.c
...ok ./yacc/calc3.tab.h
** testing ./code_calc.y
...ok ./yacc/code_calc.error
...ok ./yacc/code_calc.output
...ok ./yacc/code_calc.tab.c
...ok ./yacc/code_calc.tab.h
...ok ./yacc/code_calc.code.c
** testing ./code_debug.y
...ok ./yacc/rename_debug.error
...ok ./yacc/rename_debug.output
...ok ./yacc/rename_debug.c
...ok ./yacc/rename_debug.h
...ok ./yacc/rename_debug.i
** testing ./code_error.y
...ok ./yacc/code_error.error
...ok ./yacc/code_error.output
...ok ./yacc/code_error.tab.c
...ok ./yacc/code_error.tab.h
...ok ./yacc/code_error.code.c
** testing ./empty.y
...ok ./yacc/empty.error
...ok ./yacc/empty.output
...ok ./yacc/empty.tab.c
...ok ./yacc/empty.tab.h
** testing ./err_syntax1.y
...ok ./yacc/err_syntax1.error
...ok ./yacc/err_syntax1.output
...ok ./yacc/err_syntax1.tab.c
...ok ./yacc/err_syntax1.tab.h
** testing ./err_syntax10.y
...ok ./yacc/err_syntax10.error
...ok ./yacc/err_syntax10.output
...ok ./yacc/err_syntax10.tab.c
...ok ./yacc/err_syntax10.tab.h
** testing ./err_syntax11.y
...ok ./yacc/err_syntax11.error
...ok ./yacc/err_syntax11.output
...ok ./yacc/err_syntax11.tab.c
...ok ./yacc/err_syntax11.tab.h
** testing ./err_syntax12.y
...ok ./yacc/err_syntax12.error
...ok ./yacc/err_syntax12.output
...ok ./yacc/err_syntax12.tab.c
...ok ./yacc/err_syntax12.tab.h
** testing ./err_syntax13.y
...ok ./yacc/err_syntax13.error
...ok ./yacc/err_syntax13.output
...ok ./yacc/err_syntax13.tab.c
...ok ./yacc/err_syntax13.tab.h
** testing ./err_syntax14.y
...ok ./yacc/err_syntax14.error
...ok ./yacc/err_syntax14.output
...ok ./yacc/err_syntax14.tab.c
...ok ./yacc/err_syntax14.tab.h
** testing ./err_syntax15.y
...ok ./yacc/err_syntax15.error
...ok ./yacc/err_syntax15.output
...ok ./yacc/err_syntax15.tab.c
...ok ./yacc/err_syntax15.tab.h
** testing ./err_syntax16.y
...ok ./yacc/err_syntax16.error
...ok ./yacc/err_syntax16.output
...ok ./yacc/err_syntax16.tab.c
...ok ./yacc/err_syntax16.tab.h
** testing ./err_syntax17.y
...ok ./yacc/err_syntax17.error
...ok ./yacc/err_syntax17.output
...ok ./yacc/err_syntax17.tab.c
...ok ./yacc/err_syntax17.tab.h
** testing ./err_syntax18.y
...ok ./yacc/err_syntax18.error
...ok ./yacc/err_syntax18.output
...ok ./yacc/err_syntax18.tab.c
...ok ./yacc/err_syntax18.tab.h
** testing ./err_syntax19.y
...ok ./yacc/err_syntax19.error
...ok ./yacc/err_syntax19.output
...ok ./yacc/err_syntax19.tab.c
...ok ./yacc/err_syntax19.tab.h
** testing ./err_syntax2.y
...ok ./yacc/err_syntax2.error
...ok ./yacc/err_syntax2.output
...ok ./yacc/err_syntax2.tab.c
...ok ./yacc/err_syntax2.tab.h
** testing ./err_syntax20.y
...ok ./yacc/err_syntax20.error
...ok ./yacc/err_syntax20.output
...ok ./yacc/err_syntax20.tab.c
...ok ./yacc/err_syntax20.tab.h
** testing ./err_syntax21.y
...ok ./yacc/err_syntax21.error
...ok ./yacc/err_syntax21.output
...ok ./yacc/err_syntax21.tab.c
...ok ./yacc/err_syntax21.tab.h
** testing ./err_syntax22.y
...ok ./yacc/err_syntax22.error
...ok ./yacc/err_syntax22.output
...ok ./yacc/err_syntax22.tab.c
...ok ./yacc/err_syntax22.tab.h
** testing ./err_syntax23.y
...ok ./yacc/err_syntax23.error
...ok ./yacc/err_syntax23.output
...ok ./yacc/err_syntax23.tab.c
...ok ./yacc/err_syntax23.tab.h
** testing ./err_syntax24.y
...ok ./yacc/err_syntax24.error
...ok ./yacc/err_syntax24.output
...ok ./yacc/err_syntax24.tab.c
...ok ./yacc/err_syntax24.tab.h
** testing ./err_syntax25.y
...ok ./yacc/err_syntax25.error
...ok ./yacc/err_syntax25.output
...ok ./yacc/err_syntax25.tab.c
...ok ./yacc/err_syntax25.tab.h
** testing ./err_syntax26.y
...ok ./yacc/err_syntax26.error
...ok ./yacc/err_syntax26.output
...ok ./yacc/err_syntax26.tab.c
...ok ./yacc/err_syntax26.tab.h
** testing ./err_syntax27.y
...ok ./yacc/err_syntax27.error
...ok ./yacc/err_syntax27.output
...ok ./yacc/err_syntax27.tab.c
...ok ./yacc/err_syntax27.tab.h
** testing ./err_syntax3.y
...ok ./yacc/err_syntax3.error
...ok ./yacc/err_syntax3.output
...ok ./yacc/err_syntax3.tab.c
...ok ./yacc/err_syntax3.tab.h
** testing ./err_syntax4.y
...ok ./yacc/err_syntax4.error
...ok ./yacc/err_syntax4.output
...ok ./yacc/err_syntax4.tab.c
...ok ./yacc/err_syntax4.tab.h
** testing ./err_syntax5.y
...ok ./yacc/err_syntax5.error
...ok ./yacc/err_syntax5.output
...ok ./yacc/err_syntax5.tab.c
...ok ./yacc/err_syntax5.tab.h
** testing ./err_syntax6.y
...ok ./yacc/err_syntax6.error
...ok ./yacc/err_syntax6.output
...ok ./yacc/err_syntax6.tab.c
...ok ./yacc/err_syntax6.tab.h
** testing ./err_syntax7.y
...ok ./yacc/err_syntax7.error
...ok ./yacc/err_syntax7.output
...ok ./yacc/err_syntax7.tab.c
...ok ./yacc/err_syntax7.tab.h
** testing ./err_syntax7a.y
...ok ./yacc/err_syntax7a.error
...ok ./yacc/err_syntax7a.output
...ok ./yacc/err_syntax7a.tab.c
...ok ./yacc/err_syntax7a.tab.h
** testing ./err_syntax7b.y
...ok ./yacc/err_syntax7b.error
...ok ./yacc/err_syntax7b.output
...ok ./yacc/err_syntax7b.tab.c
...ok ./yacc/err_syntax7b.tab.h
** testing ./err_syntax8.y
...ok ./yacc/err_syntax8.error
...ok ./yacc/err_syntax8.output
...ok ./yacc/err_syntax8.tab.c
...ok ./yacc/err_syntax8.tab.h
** testing ./err_syntax8a.y
...ok ./yacc/err_syntax8a.error
...ok ./yacc/err_syntax8a.output
...ok ./yacc/err_syntax8a.tab.c
...ok ./yacc/err_syntax8a.tab.h
** testing ./err_syntax9.y
...ok ./yacc/err_syntax9.error
...ok ./yacc/err_syntax9.output
...ok ./yacc/err_syntax9.tab.c
...ok ./yacc/err_syntax9.tab.h
** testing ./error.y
...ok ./yacc/error.error
...ok ./yacc/error.output
...ok ./yacc/error.tab.c
...ok ./yacc/error.tab.h
** testing ./grammar.y
...ok ./yacc/grammar.error
...ok ./yacc/grammar.output
...ok ./yacc/grammar.tab.c
...ok ./yacc/grammar.tab.h
...ok ./yacc/grammar.dot
** testing ./ok_syntax1.y
...ok ./yacc/ok_syntax1.error
...ok ./yacc/ok_syntax1.output
...ok ./yacc/ok_syntax1.tab.c
...ok ./yacc/ok_syntax1.tab.h
** testing ./pure_calc.y
...ok ./yacc/pure_calc.error
...ok ./yacc/pure_calc.output
...ok ./yacc/pure_calc.tab.c
...ok ./yacc/pure_calc.tab.h
** testing ./pure_error.y
...ok ./yacc/pure_error.error
...ok ./yacc/pure_error.output
...ok ./yacc/pure_error.tab.c
...ok ./yacc/pure_error.tab.h
** testing ./quote_calc.y
...ok ./yacc/quote_calc.error
...ok ./yacc/quote_calc.output
...ok ./yacc/quote_calc.tab.c
...ok ./yacc/quote_calc.tab.h
...ok ./yacc/quote_calc-s.error
...ok ./yacc/quote_calc-s.output
...ok ./yacc/quote_calc-s.tab.c
...ok ./yacc/quote_calc-s.tab.h
** testing ./quote_calc2.y
...ok ./yacc/quote_calc2.error
...ok ./yacc/quote_calc2.output
...ok ./yacc/quote_calc2.tab.c
...ok ./yacc/quote_calc2.tab.h
...ok ./yacc/quote_calc2-s.error
...ok ./yacc/quote_calc2-s.output
...ok ./yacc/quote_calc2-s.tab.c
...ok ./yacc/quote_calc2-s.tab.h
** testing ./quote_calc3.y
...ok ./yacc/quote_calc3.error
...ok ./yacc/quote_calc3.output
...ok ./yacc/quote_calc3.tab.c
...ok ./yacc/quote_calc3.tab.h
...ok ./yacc/quote_calc3-s.error
...ok ./yacc/quote_calc3-s.output
...ok ./yacc/quote_calc3-s.tab.c
...ok ./yacc/quote_calc3-s.tab.h
** testing ./quote_calc4.y
...ok ./yacc/quote_calc4.error
...ok ./yacc/quote_calc4.output
...ok ./yacc/quote_calc4.tab.c
...ok ./yacc/quote_calc4.tab.h
...ok ./yacc/quote_calc4-s.error
...ok ./yacc/quote_calc4-s.output
...ok ./yacc/quote_calc4-s.tab.c
...ok ./yacc/quote_calc4-s.tab.h
** testing ./varsyntax_calc1.y
...ok ./yacc/varsyntax_calc1.error
...ok ./yacc/varsyntax_calc1.output
...ok ./yacc/varsyntax_calc1.tab.c
...ok ./yacc/varsyntax_calc1.tab.h
===> usr.sbin/etcupdate/always_test:main
Result: passed
Duration: 159.662s

Metadata:
    allowed_architectures is empty
    allowed_platforms is empty
    description is empty
    has_cleanup = false
    required_configs is empty
    required_disk_space = 0
    required_files is empty
    required_memory = 0
    required_programs is empty
    required_user = root
    timeout = 300

Standard output:
Differences for regular:
Differences for -A '/first*' -A '/second* /*di*':
===> usr.sbin/etcupdate/conflicts_test:main
Result: passed
Duration: 26.207s

Metadata:
    allowed_architectures is empty
    allowed_platforms is empty
    description is empty
    has_cleanup = false
    required_configs is empty
    required_disk_space = 0
    required_files is empty
    required_memory = 0
    required_programs is empty
    required_user = root
    timeout = 300

Standard output:
Checking 'p':
Checking 'mf':
Checking 'tf':
Checking 'r':
Checking newalias warning for 'p':
Checking newalias warning for 'mf':
Checking newalias warning for 'tf':
===> usr.sbin/etcupdate/fbsdid_test:main
Result: passed
Duration: 2.140s

Metadata:
    allowed_architectures is empty
    allowed_platforms is empty
    description is empty
    has_cleanup = false
    required_configs is empty
    required_disk_space = 0
    required_files is empty
    required_memory = 0
    required_programs is empty
    required_user = root
    timeout = 300

Standard output:
Differences for regular:
Differences for -F:
Differences for -A '/*' -F:
===> usr.sbin/etcupdate/ignore_test:main
Result: passed
Duration: 7.357s

Metadata:
    allowed_architectures is empty
    allowed_platforms is empty
    description is empty
    has_cleanup = false
    required_configs is empty
    required_disk_space = 0
    required_files is empty
    required_memory = 0
    required_programs is empty
    required_user = root
    timeout = 300

Standard output:
Differences for regular:
Differences for -I '/tree/*':
Differences for -I '/tree/*' -I '/rmdir*':
Differences for -I '/tree/* /rmdir/*':
===> usr.sbin/etcupdate/preworld_test:main
Result: passed
Duration: 2.465s

Metadata:
    allowed_architectures is empty
    allowed_platforms is empty
    description is empty
    has_cleanup = false
    required_configs is empty
    required_disk_space = 0
    required_files is empty
    required_memory = 0
    required_programs is empty
    required_user = root
    timeout = 300

Standard output:
Differences for -n:
Differences for real:
Checking tree for correct results:
===> usr.sbin/etcupdate/tests_test:main
Result: passed
Duration: 97.526s

Metadata:
    allowed_architectures is empty
    allowed_platforms is empty
    description is empty
    has_cleanup = false
    required_configs is empty
    required_disk_space = 0
    required_files is empty
    required_memory = 0
    required_programs is empty
    required_user = root
    timeout = 300

Standard output:
Differences for -n:
Differences for real:
Checking tree for correct results:
===> usr.sbin/etcupdate/tzsetup_test:main
Result: passed
Duration: 6.766s

Metadata:
    allowed_architectures is empty
    allowed_platforms is empty
    description is empty
    has_cleanup = false
    required_configs is empty
    required_disk_space = 0
    required_files is empty
    required_memory = 0
    required_programs is empty
    required_user = root
    timeout = 300

Standard output:
Differences for no /etc/localtime with -n:
Differences for no /etc/localtime:
Differences for symlinked /etc/localtime with -n:
Differences for symlinked /etc/localtime:
Differences for missing /var/db/zoneinfo with -n:
Differences for missing /var/db/zoneinfo:
Differences for real update with -n:
Differences for real update:
===> usr.sbin/newsyslog/legacy_test:main
Result: passed
Duration: 70.631s

Metadata:
    allowed_architectures is empty
    allowed_platforms is empty
    description is empty
    has_cleanup = false
    required_configs is empty
    required_disk_space = 0
    required_files is empty
    required_memory = 0
    required_programs is empty
    required_user is empty
    timeout = 300

Standard output:
1..126
ok 1 - create file 
ok 2 - rotate normal 1 cnt=0 
ok 3 - rotate normal 2 cnt=0 
ok 4 - rotate normal 3 cnt=0 
ok 5 - rotate normal 3 cnt=0 
ok 6 - noaction 
ok 7 - create file 
ok 8 - rotate normal 1 cnt=1 
ok 9 - rotate normal 2 cnt=1 
ok 10 - rotate normal 3 cnt=1 
ok 11 - rotate normal 3 cnt=1 
ok 12 - noaction 
ok 13 - create file 
ok 14 - rotate normal 1 cnt=2 
ok 15 - rotate normal 2 cnt=2 
ok 16 - rotate normal 3 cnt=2 
ok 17 - rotate normal 3 cnt=2 
ok 18 - noaction 
ok 19 - create file 
ok 20 - rotate normal 1 cnt=3 
ok 21 - rotate normal 2 cnt=3 
ok 22 - rotate normal 3 cnt=3 
ok 23 - rotate normal 3 cnt=3 
ok 24 - noaction 
ok 25 - create file .gz
ok 26 - rotate normal 1 cnt=0 .gz
ok 27 - rotate normal 2 cnt=0 .gz
ok 28 - rotate normal 3 cnt=0 .gz
ok 29 - rotate normal 3 cnt=0 .gz
ok 30 - noaction .gz
ok 31 - create file .gz
ok 32 - rotate normal 1 cnt=1 .gz
ok 33 - rotate normal 2 cnt=1 .gz
ok 34 - rotate normal 3 cnt=1 .gz
ok 35 - rotate normal 3 cnt=1 .gz
ok 36 - noaction .gz
ok 37 - create file .gz
ok 38 - rotate normal 1 cnt=2 .gz
ok 39 - rotate normal 2 cnt=2 .gz
ok 40 - rotate normal 3 cnt=2 .gz
ok 41 - rotate normal 3 cnt=2 .gz
ok 42 - noaction .gz
ok 43 - create file .gz
ok 44 - rotate normal 1 cnt=3 .gz
ok 45 - rotate normal 2 cnt=3 .gz
ok 46 - rotate normal 3 cnt=3 .gz
ok 47 - rotate normal 3 cnt=3 .gz
ok 48 - noaction .gz
ok 49 - create file 
ok 50 - rotate normal 1 
ok 51 - rotate normal 2 
ok 52 - rotate normal 3 
ok 53 - rotate normal 4 
ok 54 - rotate normal 5 
ok 55 - noaction 
ok 56 - create file .gz
ok 57 - rotate normal 1 .gz
ok 58 - rotate normal 2 .gz
ok 59 - rotate normal 3 .gz
ok 60 - rotate normal 4 .gz
ok 61 - rotate normal 5 .gz
ok 62 - noaction .gz
ok 63 - create file .bz2
ok 64 - rotate normal 1 .bz2
ok 65 - rotate normal 2 .bz2
ok 66 - rotate normal 3 .bz2
ok 67 - rotate normal 4 .bz2
ok 68 - rotate normal 5 .bz2
ok 69 - noaction .bz2
ok 70 - create file  archive dir
ok 71 - rotate normal 1  archive dir
ok 72 - rotate normal 2  archive dir
ok 73 - rotate normal 3  archive dir
ok 74 - rotate normal 4  archive dir
ok 75 - rotate normal 5  archive dir
ok 76 - noaction  archive dir
ok 77 - create file .gz archive dir
ok 78 - rotate normal 1 .gz archive dir
ok 79 - rotate normal 2 .gz archive dir
ok 80 - rotate normal 3 .gz archive dir
ok 81 - rotate normal 4 .gz archive dir
ok 82 - rotate normal 5 .gz archive dir
ok 83 - noaction .gz archive dir
ok 84 - create file .bz2 archive dir
ok 85 - rotate normal 1 .bz2 archive dir
ok 86 - rotate normal 2 .bz2 archive dir
ok 87 - rotate normal 3 .bz2 archive dir
ok 88 - rotate normal 4 .bz2 archive dir
ok 89 - rotate normal 5 .bz2 archive dir
ok 90 - noaction .bz2 archive dir
ok 91 - create file 
ok 92 - rotate time 1 
ok 93 - rotate time 2 
ok 94 - rotate time 3 
ok 95 - rotate time 4 
ok 96 - noaction 
ok 97 - create file gz
ok 98 - rotate time 1 gz
ok 99 - rotate time 2 gz
ok 100 - rotate time 3 gz
ok 101 - rotate time 4 gz
ok 102 - noaction gz
ok 103 - create file bz2
ok 104 - rotate time 1 bz2
ok 105 - rotate time 2 bz2
ok 106 - rotate time 3 bz2
ok 107 - rotate time 4 bz2
ok 108 - noaction bz2
ok 109 - create file  archive dir
ok 110 - rotate time 1  archive dir
ok 111 - rotate time 2  archive dir
ok 112 - rotate time 3  archive dir
ok 113 - rotate time 4  archive dir
ok 114 - noaction  archive dir
ok 115 - create file gz archive dir
ok 116 - rotate time 1 gz archive dir
ok 117 - rotate time 2 gz archive dir
ok 118 - rotate time 3 gz archive dir
ok 119 - rotate time 4 gz archive dir
ok 120 - noaction gz archive dir
ok 121 - create file bz2 archive dir
ok 122 - rotate time 1 bz2 archive dir
ok 123 - rotate time 2 bz2 archive dir
ok 124 - rotate time 3 bz2 archive dir
ok 125 - rotate time 4 bz2 archive dir
ok 126 - noaction bz2 archive dir
===> usr.sbin/nmtree/nmtree_test:mtree_check
Result: passed
Duration: 1.108s

Metadata:
    allowed_architectures is empty
    allowed_platforms is empty
    description = Check a directory tree against a specfile
    has_cleanup = false
    required_configs is empty
    required_disk_space = 0
    required_files is empty
    required_memory = 0
    required_programs is empty
    required_user is empty
    timeout = 300
===> usr.sbin/nmtree/nmtree_test:mtree_convert_C
Result: passed
Duration: 1.138s

Metadata:
    allowed_architectures is empty
    allowed_platforms is empty
    description = Convert a specfile to mtree -C format, unsorted
    has_cleanup = false
    required_configs is empty
    required_disk_space = 0
    required_files is empty
    required_memory = 0
    required_programs is empty
    required_user is empty
    timeout = 300
===> usr.sbin/nmtree/nmtree_test:mtree_convert_C_S
Result: passed
Duration: 0.708s

Metadata:
    allowed_architectures is empty
    allowed_platforms is empty
    description = Convert a specfile to mtree -C format, sorted
    has_cleanup = false
    required_configs is empty
    required_disk_space = 0
    required_files is empty
    required_memory = 0
    required_programs is empty
    required_user is empty
    timeout = 300
===> usr.sbin/nmtree/nmtree_test:mtree_convert_D
Result: passed
Duration: 0.477s

Metadata:
    allowed_architectures is empty
    allowed_platforms is empty
    description = Convert a specfile to mtree -D format, unsorted
    has_cleanup = false
    required_configs is empty
    required_disk_space = 0
    required_files is empty
    required_memory = 0
    required_programs is empty
    required_user is empty
    timeout = 300
===> usr.sbin/nmtree/nmtree_test:mtree_convert_D_S
Result: passed
Duration: 0.538s

Metadata:
    allowed_architectures is empty
    allowed_platforms is empty
    description = Convert a specfile to mtree -D format, sorted
    has_cleanup = false
    required_configs is empty
    required_disk_space = 0
    required_files is empty
    required_memory = 0
    required_programs is empty
    required_user is empty
    timeout = 300
===> usr.sbin/nmtree/nmtree_test:mtree_create
Result: passed
Duration: 1.092s

Metadata:
    allowed_architectures is empty
    allowed_platforms is empty
    description = Create a specfile describing a directory tree
    has_cleanup = false
    required_configs is empty
    required_disk_space = 0
    required_files is empty
    required_memory = 0
    required_programs is empty
    required_user is empty
    timeout = 300
===> usr.sbin/nmtree/nmtree_test:mtree_ignore
Result: passed
Duration: 0.869s

Metadata:
    allowed_architectures is empty
    allowed_platforms is empty
    description = Test that -d ignores symlinks (PR bin/41061)
    has_cleanup = false
    required_configs is empty
    required_disk_space = 0
    required_files is empty
    required_memory = 0
    required_programs is empty
    required_user is empty
    timeout = 300

Standard output:
Executing command [ /bin/sh -c mtree -F mtree -d < mtree.spec ]
Executing command [ /bin/sh -c mtree -F mtree -d < mtree.spec ]
===> usr.sbin/nmtree/nmtree_test:mtree_merge
Result: passed
Duration: 0.315s

Metadata:
    allowed_architectures is empty
    allowed_platforms is empty
    description = Merge records of different type
    has_cleanup = false
    required_configs is empty
    required_disk_space = 0
    required_files is empty
    required_memory = 0
    required_programs is empty
    required_user is empty
    timeout = 300
===> usr.sbin/nmtree/nmtree_test:mtree_nonemptydir
Result: passed
Duration: 1.447s

Metadata:
    allowed_architectures is empty
    allowed_platforms is empty
    description = Test that new non-empty directories are recorded (PR bin/25693)
    has_cleanup = false
    required_configs is empty
    required_disk_space = 0
    required_files is empty
    required_memory = 0
    required_programs is empty
    required_user is empty
    timeout = 300

Standard output:
Executing command [ /bin/sh -c mtree -F mtree -f mtree.spec ]
===> usr.sbin/nmtree/nmtree_test:netbsd6_check
Result: passed
Duration: 0.684s

Metadata:
    allowed_architectures is empty
    allowed_platforms is empty
    description = Check a directory tree against a specfile
    has_cleanup = false
    required_configs is empty
    required_disk_space = 0
    required_files is empty
    required_memory = 0
    required_programs is empty
    required_user is empty
    timeout = 300
===> usr.sbin/nmtree/nmtree_test:netbsd6_convert_C
Result: passed
Duration: 0.346s

Metadata:
    allowed_architectures is empty
    allowed_platforms is empty
    description = Convert a specfile to mtree -C format, unsorted
    has_cleanup = false
    required_configs is empty
    required_disk_space = 0
    required_files is empty
    required_memory = 0
    required_programs is empty
    required_user is empty
    timeout = 300
===> usr.sbin/nmtree/nmtree_test:netbsd6_convert_C_S
Result: passed
Duration: 0.393s

Metadata:
    allowed_architectures is empty
    allowed_platforms is empty
    description = Convert a specfile to mtree -C format, sorted
    has_cleanup = false
    required_configs is empty
    required_disk_space = 0
    required_files is empty
    required_memory = 0
    required_programs is empty
    required_user is empty
    timeout = 300
===> usr.sbin/nmtree/nmtree_test:netbsd6_convert_D
Result: passed
Duration: 0.368s

Metadata:
    allowed_architectures is empty
    allowed_platforms is empty
    description = Convert a specfile to mtree -D format, unsorted
    has_cleanup = false
    required_configs is empty
    required_disk_space = 0
    required_files is empty
    required_memory = 0
    required_programs is empty
    required_user is empty
    timeout = 300
===> usr.sbin/nmtree/nmtree_test:netbsd6_convert_D_S
Result: passed
Duration: 0.202s

Metadata:
    allowed_architectures is empty
    allowed_platforms is empty
    description = Convert a specfile to mtree -D format, sorted
    has_cleanup = false
    required_configs is empty
    required_disk_space = 0
    required_files is empty
    required_memory = 0
    required_programs is empty
    required_user is empty
    timeout = 300
===> usr.sbin/nmtree/nmtree_test:netbsd6_create
Result: passed
Duration: 0.609s

Metadata:
    allowed_architectures is empty
    allowed_platforms is empty
    description = Create a specfile describing a directory tree
    has_cleanup = false
    required_configs is empty
    required_disk_space = 0
    required_files is empty
    required_memory = 0
    required_programs is empty
    required_user is empty
    timeout = 300
===> usr.sbin/nmtree/nmtree_test:netbsd6_ignore
Result: passed
Duration: 0.557s

Metadata:
    allowed_architectures is empty
    allowed_platforms is empty
    description = Test that -d ignores symlinks (PR bin/41061)
    has_cleanup = false
    required_configs is empty
    required_disk_space = 0
    required_files is empty
    required_memory = 0
    required_programs is empty
    required_user is empty
    timeout = 300

Standard output:
Executing command [ /bin/sh -c mtree -F netbsd6 -d < mtree.spec ]
Executing command [ /bin/sh -c mtree -F netbsd6 -d < mtree.spec ]
===> usr.sbin/nmtree/nmtree_test:netbsd6_merge
Result: passed
Duration: 0.988s

Metadata:
    allowed_architectures is empty
    allowed_platforms is empty
    description = Merge records of different type
    has_cleanup = false
    required_configs is empty
    required_disk_space = 0
    required_files is empty
    required_memory = 0
    required_programs is empty
    required_user is empty
    timeout = 300
===> usr.sbin/nmtree/nmtree_test:netbsd6_nonemptydir
Result: passed
Duration: 0.934s

Metadata:
    allowed_architectures is empty
    allowed_platforms is empty
    description = Test that new non-empty directories are recorded (PR bin/25693)
    has_cleanup = false
    required_configs is empty
    required_disk_space = 0
    required_files is empty
    required_memory = 0
    required_programs is empty
    required_user is empty
    timeout = 300

Standard output:
Executing command [ /bin/sh -c mtree -F netbsd6 -f mtree.spec ]
===> usr.sbin/pw/pw_config:generate_config
Result: passed
Duration: 0.688s

Metadata:
    allowed_architectures is empty
    allowed_platforms is empty
    description is empty
    has_cleanup = false
    required_configs is empty
    required_disk_space = 0
    required_files is empty
    required_memory = 0
    required_programs is empty
    required_user = root
    timeout = 300

Standard output:
Executing command [ pw -V /tmp/kyua.atf-tester.dP6tHu useradd -D -C /tmp/kyua.atf-tester.dP6tHu/foo.conf ]
Executing command [ cat /tmp/kyua.atf-tester.dP6tHu/foo.conf ]
===> usr.sbin/pw/pw_config:modify_config_uid_gid_boundaries
Result: passed
Duration: 0.554s

Metadata:
    allowed_architectures is empty
    allowed_platforms is empty
    description is empty
    has_cleanup = false
    required_configs is empty
    required_disk_space = 0
    required_files is empty
    required_memory = 0
    required_programs is empty
    required_user = root
    timeout = 300

Standard output:
Executing command [ pw -V /tmp/kyua.atf-tester.hqSaUM useradd -D -C /tmp/kyua.atf-tester.hqSaUM/foo.conf -u 2000,5000 -i 2100,6000 ]
Executing command [ cat /tmp/kyua.atf-tester.hqSaUM/foo.conf ]
===> usr.sbin/pw/pw_etcdir:etcdir_must_exist
Result: passed
Duration: 0.479s

Metadata:
    allowed_architectures is empty
    allowed_platforms is empty
    description = When the '-V directory' option is provided, the directory must exist
    has_cleanup = false
    required_configs is empty
    required_disk_space = 0
    required_files is empty
    required_memory = 0
    required_programs is empty
    required_user = root
    timeout = 300

Standard output:
Executing command [ /bin/sh -c pw -V /this_directory_does_not_exist usershow root ]
===> usr.sbin/pw/pw_groupdel:group_do_not_delete_wheel_if_group_unknown
Result: passed
Duration: 24.763s

Metadata:
    allowed_architectures is empty
    allowed_platforms is empty
    description = Make sure we do not consider gid 0 an unknown group
    has_cleanup = false
    required_configs is empty
    required_disk_space = 0
    required_files is empty
    required_memory = 0
    required_programs is empty
    required_user = root
    timeout = 300

Standard output:
Executing command [ /bin/sh -c pw -V /tmp/kyua.atf-tester.Mpw7r5 groupshow wheel ]
Executing command [ /bin/sh -c pw -V /tmp/kyua.atf-tester.Mpw7r5 groupdel -g I_do_not_exist ]
Executing command [ /bin/sh -c pw -V /tmp/kyua.atf-tester.Mpw7r5 groupshow wheel ]
===> usr.sbin/pw/pw_groupmod:do_not_duplicate_group_on_gid_change
Result: passed
Duration: 3.041s

Metadata:
    allowed_architectures is empty
    allowed_platforms is empty
    description = Do not duplicate group on gid change
    has_cleanup = false
    required_configs is empty
    required_disk_space = 0
    required_files is empty
    required_memory = 0
    required_programs is empty
    required_user = root
    timeout = 300

Standard output:
Executing command [ /bin/sh -c pw -V /tmp/kyua.atf-tester.Rss5zf groupadd testgroup ]
Executing command [ /bin/sh -c pw -V /tmp/kyua.atf-tester.Rss5zf groupmod testgroup -g 12345 ]
Executing command [ /bin/sh -c grep ^testgroup /tmp/kyua.atf-tester.Rss5zf/group ]
===> usr.sbin/pw/pw_groupmod:groupmod_bug_193704
Result: passed
Duration: 0.521s

Metadata:
    allowed_architectures is empty
    allowed_platforms is empty
    description = Regression test for the #193704 bug
    has_cleanup = false
    required_configs is empty
    required_disk_space = 0
    required_files is empty
    required_memory = 0
    required_programs is empty
    required_user = root
    timeout = 300

Standard output:
Executing command [ /bin/sh -c pw -V /tmp/kyua.atf-tester.p8J2hF groupadd test ]
Executing command [ /bin/sh -c pw -V /tmp/kyua.atf-tester.p8J2hF groupmod test -l newgroupname ]
Executing command [ /bin/sh -c pw -V /tmp/kyua.atf-tester.p8J2hF groupshow test ]
===> usr.sbin/pw/pw_groupmod:groupmod_invalid_user
Result: passed
Duration: 0.647s

Metadata:
    allowed_architectures is empty
    allowed_platforms is empty
    description is empty
    has_cleanup = false
    required_configs is empty
    required_disk_space = 0
    required_files is empty
    required_memory = 0
    required_programs is empty
    required_user = root
    timeout = 300

Standard output:
Executing command [ pw -V /tmp/kyua.atf-tester.eypagu addgroup test ]
Executing command [ pw -V /tmp/kyua.atf-tester.eypagu groupmod test -m foo ]
Executing command [ pw -V /tmp/kyua.atf-tester.eypagu groupmod test -d foo ]
===> usr.sbin/pw/pw_groupmod:groupmod_members
Result: passed
Duration: 8.778s

Metadata:
    allowed_architectures is empty
    allowed_platforms is empty
    description is empty
    has_cleanup = false
    required_configs is empty
    required_disk_space = 0
    required_files is empty
    required_memory = 0
    required_programs is empty
    required_user = root
    timeout = 300

Standard output:
Executing command [ pw -V /tmp/kyua.atf-tester.nnz742 useradd user1 ]
Executing command [ pw -V /tmp/kyua.atf-tester.nnz742 useradd user2 ]
Executing command [ pw -V /tmp/kyua.atf-tester.nnz742 useradd user3 ]
Executing command [ pw -V /tmp/kyua.atf-tester.nnz742 useradd user4 ]
Executing command [ pw -V /tmp/kyua.atf-tester.nnz742 groupadd foo -M user1, user2 ]
Executing command [ pw -V /tmp/kyua.atf-tester.nnz742 groupshow foo ]
Executing command [ pw -V /tmp/kyua.atf-tester.nnz742 groupmod foo -m user3, user4 ]
Executing command [ pw -V /tmp/kyua.atf-tester.nnz742 groupshow foo ]
Executing command [ pw -V /tmp/kyua.atf-tester.nnz742 groupmod foo -M user1, user4 ]
Executing command [ pw -V /tmp/kyua.atf-tester.nnz742 groupshow foo ]
Executing command [ pw -V /tmp/kyua.atf-tester.nnz742 groupmod foo -m user1, user2, user3, user4 ]
Executing command [ pw -V /tmp/kyua.atf-tester.nnz742 groupshow foo ]
Executing command [ pw -V /tmp/kyua.atf-tester.nnz742 groupmod foo -d user1, user3 ]
Executing command [ pw -V /tmp/kyua.atf-tester.nnz742 groupshow foo ]
===> usr.sbin/pw/pw_groupmod:groupmod_rename
Result: passed
Duration: 0.435s

Metadata:
    allowed_architectures is empty
    allowed_platforms is empty
    description is empty
    has_cleanup = false
    required_configs is empty
    required_disk_space = 0
    required_files is empty
    required_memory = 0
    required_programs is empty
    required_user = root
    timeout = 300

Standard output:
Executing command [ pw -V /tmp/kyua.atf-tester.nE9YSY groupadd foo ]
Executing command [ pw -V /tmp/kyua.atf-tester.nE9YSY groupmod foo -l bar ]
Executing command [ grep ^bar:.* /tmp/kyua.atf-tester.nE9YSY/group ]
===> usr.sbin/pw/pw_groupmod:groupmod_user
Result: passed
Duration: 0.479s

Metadata:
    allowed_architectures is empty
    allowed_platforms is empty
    description is empty
    has_cleanup = false
    required_configs is empty
    required_disk_space = 0
    required_files is empty
    required_memory = 0
    required_programs is empty
    required_user = root
    timeout = 300

Standard output:
Executing command [ pw -V /tmp/kyua.atf-tester.8MLvR9 addgroup test ]
Executing command [ pw -V /tmp/kyua.atf-tester.8MLvR9 groupmod test -m root ]
Executing command [ grep ^test:\*:.*:root$ /tmp/kyua.atf-tester.8MLvR9/group ]
Executing command [ pw -V /tmp/kyua.atf-tester.8MLvR9 groupmod test -d root ]
Executing command [ grep ^test:\*:.*:$ /tmp/kyua.atf-tester.8MLvR9/group ]
===> usr.sbin/pw/pw_groupmod:usermod_bug_185666
Result: passed
Duration: 5.671s

Metadata:
    allowed_architectures is empty
    allowed_platforms is empty
    description = Regression test for the #185666 bug
    has_cleanup = false
    required_configs is empty
    required_disk_space = 0
    required_files is empty
    required_memory = 0
    required_programs is empty
    required_user = root
    timeout = 300

Standard output:
Executing command [ /bin/sh -c pw -V /tmp/kyua.atf-tester.P7XY2a useradd testuser ]
Executing command [ /bin/sh -c pw -V /tmp/kyua.atf-tester.P7XY2a groupadd testgroup ]
Executing command [ /bin/sh -c pw -V /tmp/kyua.atf-tester.P7XY2a groupadd testgroup2 ]
Executing command [ /bin/sh -c pw -V /tmp/kyua.atf-tester.P7XY2a usermod testuser -G testgroup ]
Executing command [ /bin/sh -c pw -V /tmp/kyua.atf-tester.P7XY2a groupshow testuser ]
Executing command [ /bin/sh -c pw -V /tmp/kyua.atf-tester.P7XY2a groupshow testgroup ]
Executing command [ /bin/sh -c pw -V /tmp/kyua.atf-tester.P7XY2a groupshow testgroup2 ]
Executing command [ /bin/sh -c pw -V /tmp/kyua.atf-tester.P7XY2a usermod testuser -G testgroup2 ]
Executing command [ /bin/sh -c pw -V /tmp/kyua.atf-tester.P7XY2a groupshow testuser ]
Executing command [ /bin/sh -c pw -V /tmp/kyua.atf-tester.P7XY2a groupshow testgroup ]
Executing command [ /bin/sh -c pw -V /tmp/kyua.atf-tester.P7XY2a groupshow testgroup2 ]
===> usr.sbin/pw/pw_lock:user_locking
Result: passed
Duration: 3.577s

Metadata:
    allowed_architectures is empty
    allowed_platforms is empty
    description is empty
    has_cleanup = true
    required_configs is empty
    required_disk_space = 0
    required_files is empty
    required_memory = 0
    required_programs is empty
    required_user = root
    timeout = 300

Standard output:
Executing command [ grep ^test:\*LOCKED\*\*:1001: /tmp/kyua.atf-tester.kOpz0g/master.passwd ]
Executing command [ grep ^test:\*:1001: /tmp/kyua.atf-tester.kOpz0g/master.passwd ]
===> usr.sbin/pw/pw_test:longname
Result: passed
Duration: 3.642s

Metadata:
    allowed_architectures is empty
    allowed_platforms is empty
    description = Test that usernames longer than 16 characters are allowed (PR bin/39546)
    has_cleanup = true
    required_configs is empty
    required_disk_space = 0
    required_files is empty
    required_memory = 0
    required_programs is empty
    required_user = root
    timeout = 300

Standard output:
Executing command [ /bin/sh -c pw useradd test5678901234567 ]
Executing command [ /bin/sh -c pw userdel test5678901234567 ]
===> usr.sbin/pw/pw_useradd:user_add
Result: passed
Duration: 3.056s

Metadata:
    allowed_architectures is empty
    allowed_platforms is empty
    description is empty
    has_cleanup = false
    required_configs is empty
    required_disk_space = 0
    required_files is empty
    required_memory = 0
    required_programs is empty
    required_user = root
    timeout = 300

Standard output:
Executing command [ pw -V /tmp/kyua.atf-tester.Llohug useradd test ]
Executing command [ grep ^test:.* /tmp/kyua.atf-tester.Llohug/master.passwd ]
===> usr.sbin/pw/pw_useradd:user_add_R
Result: passed
Duration: 5.019s

Metadata:
    allowed_architectures is empty
    allowed_platforms is empty
    description is empty
    has_cleanup = false
    required_configs is empty
    required_disk_space = 0
    required_files is empty
    required_memory = 0
    required_programs is empty
    required_user = root
    timeout = 300

Standard output:
Executing command [ pw -R /tmp/kyua.atf-tester.YTQwzy useradd foo ]
Executing command [ pw -R /tmp/kyua.atf-tester.YTQwzy useradd bar -m ]
Executing command [ pw -R /tmp/kyua.atf-tester.YTQwzy userdel bar ]
===> usr.sbin/pw/pw_useradd:user_add_account_expiration_date_month
Result: passed
Duration: 1.212s

Metadata:
    allowed_architectures is empty
    allowed_platforms is empty
    description is empty
    has_cleanup = false
    required_configs is empty
    required_disk_space = 0
    required_files is empty
    required_memory = 0
    required_programs is empty
    required_user = root
    timeout = 300

Standard output:
Executing command [ pw -V /tmp/kyua.atf-tester.0CmCnB useradd test -e 29-Jul-2015 ]
Executing command [ pw -V /tmp/kyua.atf-tester.0CmCnB usershow test ]
===> usr.sbin/pw/pw_useradd:user_add_account_expiration_date_numeric
Result: passed
Duration: 0.926s

Metadata:
    allowed_architectures is empty
    allowed_platforms is empty
    description is empty
    has_cleanup = false
    required_configs is empty
    required_disk_space = 0
    required_files is empty
    required_memory = 0
    required_programs is empty
    required_user = root
    timeout = 300

Standard output:
Executing command [ pw -V /tmp/kyua.atf-tester.5YBtEb useradd test -e 29-07-2015 ]
Executing command [ pw -V /tmp/kyua.atf-tester.5YBtEb usershow test ]
===> usr.sbin/pw/pw_useradd:user_add_account_expiration_date_relative
Result: passed
Duration: 3.635s

Metadata:
    allowed_architectures is empty
    allowed_platforms is empty
    description is empty
    has_cleanup = false
    required_configs is empty
    required_disk_space = 0
    required_files is empty
    required_memory = 0
    required_programs is empty
    required_user = root
    timeout = 300

Standard output:
Executing command [ pw -V /tmp/kyua.atf-tester.M0r2u1 useradd test -e +13o ]
===> usr.sbin/pw/pw_useradd:user_add_account_expiration_epoch
Result: passed
Duration: 1.035s

Metadata:
    allowed_architectures is empty
    allowed_platforms is empty
    description is empty
    has_cleanup = false
    required_configs is empty
    required_disk_space = 0
    required_files is empty
    required_memory = 0
    required_programs is empty
    required_user = root
    timeout = 300

Standard output:
Executing command [ pw -V /tmp/kyua.atf-tester.ClW70o useradd test -e 1438186391 ]
Executing command [ pw -V /tmp/kyua.atf-tester.ClW70o usershow test ]
===> usr.sbin/pw/pw_useradd:user_add_comments
Result: passed
Duration: 12.721s

Metadata:
    allowed_architectures is empty
    allowed_platforms is empty
    description is empty
    has_cleanup = false
    required_configs is empty
    required_disk_space = 0
    required_files is empty
    required_memory = 0
    required_programs is empty
    required_user = root
    timeout = 300

Standard output:
Executing command [ pw -V /tmp/kyua.atf-tester.yHcbf2 useradd test -c Test User,work,123,456 ]
Executing command [ grep ^test:.*:Test User,work,123,456: /tmp/kyua.atf-tester.yHcbf2/master.passwd ]
===> usr.sbin/pw/pw_useradd:user_add_comments_invalid
Result: passed
Duration: 0.725s

Metadata:
    allowed_architectures is empty
    allowed_platforms is empty
    description is empty
    has_cleanup = false
    required_configs is empty
    required_disk_space = 0
    required_files is empty
    required_memory = 0
    required_programs is empty
    required_user = root
    timeout = 300

Standard output:
Executing command [ pw -V /tmp/kyua.atf-tester.CHOuV4 useradd test -c Test User,work,123:456,456 ]
Executing command [ grep ^test:.*:Test User,work,123:456,456: /tmp/kyua.atf-tester.CHOuV4/master.passwd ]
===> usr.sbin/pw/pw_useradd:user_add_comments_invalid_noupdate
Result: passed
Duration: 0.591s

Metadata:
    allowed_architectures is empty
    allowed_platforms is empty
    description is empty
    has_cleanup = false
    required_configs is empty
    required_disk_space = 0
    required_files is empty
    required_memory = 0
    required_programs is empty
    required_user = root
    timeout = 300

Standard output:
Executing command [ pw -V /tmp/kyua.atf-tester.a7H4aG useradd test -c Test User,work,123:456,456 -N ]
Executing command [ grep ^test:.* /tmp/kyua.atf-tester.a7H4aG/master.passwd ]
===> usr.sbin/pw/pw_useradd:user_add_comments_noupdate
Result: passed
Duration: 0.900s

Metadata:
    allowed_architectures is empty
    allowed_platforms is empty
    description is empty
    has_cleanup = false
    required_configs is empty
    required_disk_space = 0
    required_files is empty
    required_memory = 0
    required_programs is empty
    required_user = root
    timeout = 300

Standard output:
Executing command [ pw -V /tmp/kyua.atf-tester.lWiAuf useradd test -c Test User,work,123,456 -N ]
Executing command [ grep ^test:.* /tmp/kyua.atf-tester.lWiAuf/master.passwd ]
===> usr.sbin/pw/pw_useradd:user_add_expiration
Result: passed
Duration: 10.394s

Metadata:
    allowed_architectures is empty
    allowed_platforms is empty
    description is empty
    has_cleanup = false
    required_configs is empty
    required_disk_space = 0
    required_files is empty
    required_memory = 0
    required_programs is empty
    required_user = root
    timeout = 300

Standard output:
Executing command [ pw -V /tmp/kyua.atf-tester.UIg1Xh useradd foo -e 20-03-2043 ]
Executing command [ grep ^foo /tmp/kyua.atf-tester.UIg1Xh/master.passwd ]
Executing command [ pw -V /tmp/kyua.atf-tester.UIg1Xh userdel foo ]
Executing command [ pw -V /tmp/kyua.atf-tester.UIg1Xh useradd foo -e 20-03-43 ]
Executing command [ grep ^foo /tmp/kyua.atf-tester.UIg1Xh/master.passwd ]
Executing command [ pw -V /tmp/kyua.atf-tester.UIg1Xh userdel foo ]
Executing command [ pw -V /tmp/kyua.atf-tester.UIg1Xh useradd foo -e 20-Mar-2043 ]
Executing command [ grep ^foo /tmp/kyua.atf-tester.UIg1Xh/master.passwd ]
Executing command [ pw -V /tmp/kyua.atf-tester.UIg1Xh userdel foo ]
Executing command [ pw -V /tmp/kyua.atf-tester.UIg1Xh useradd foo -e 20-Foo-2043 ]
Executing command [ pw -V /tmp/kyua.atf-tester.UIg1Xh useradd foo -e 20-13-2043 ]
Executing command [ pw -V /tmp/kyua.atf-tester.UIg1Xh useradd foo -e 12:00 20-03-2043 ]
Executing command [ pw -V /tmp/kyua.atf-tester.UIg1Xh userdel foo ]
Executing command [ pw -V /tmp/kyua.atf-tester.UIg1Xh useradd foo -e 12 20-03-2043 ]
Executing command [ pw -V /tmp/kyua.atf-tester.UIg1Xh useradd foo -e 20-03-2043	12:00 ]
Executing command [ pw -V /tmp/kyua.atf-tester.UIg1Xh userdel foo ]
===> usr.sbin/pw/pw_useradd:user_add_homedir
Result: passed
Duration: 2.615s

Metadata:
    allowed_architectures is empty
    allowed_platforms is empty
    description is empty
    has_cleanup = false
    required_configs is empty
    required_disk_space = 0
    required_files is empty
    required_memory = 0
    required_programs is empty
    required_user = root
    timeout = 300

Standard output:
Executing command [ pw -V /tmp/kyua.atf-tester.EhFnNn useradd test -d /foo/bar ]
Executing command [ pw -V /tmp/kyua.atf-tester.EhFnNn usershow test ]
===> usr.sbin/pw/pw_useradd:user_add_invalid_group_entry
Result: passed
Duration: 0.274s

Metadata:
    allowed_architectures is empty
    allowed_platforms is empty
    description is empty
    has_cleanup = false
    required_configs is empty
    required_disk_space = 0
    required_files is empty
    required_memory = 0
    required_programs is empty
    required_user = root
    timeout = 300

Standard output:
Executing command [ pw -V /tmp/kyua.atf-tester.oEO3wh useradd foo ]
Executing command [ pw -V /tmp/kyua.atf-tester.oEO3wh useradd foo2 ]
===> usr.sbin/pw/pw_useradd:user_add_invalid_user_entry
Result: passed
Duration: 0.379s

Metadata:
    allowed_architectures is empty
    allowed_platforms is empty
    description is empty
    has_cleanup = false
    required_configs is empty
    required_disk_space = 0
    required_files is empty
    required_memory = 0
    required_programs is empty
    required_user = root
    timeout = 300

Standard output:
Executing command [ pw -V /tmp/kyua.atf-tester.DqEMvX useradd foo ]
Executing command [ pw -V /tmp/kyua.atf-tester.DqEMvX useradd foo2 ]
===> usr.sbin/pw/pw_useradd:user_add_name_too_long
Result: passed
Duration: 0.275s

Metadata:
    allowed_architectures is empty
    allowed_platforms is empty
    description is empty
    has_cleanup = false
    required_configs is empty
    required_disk_space = 0
    required_files is empty
    required_memory = 0
    required_programs is empty
    required_user = root
    timeout = 300

Standard output:
Executing command [ pw -V /tmp/kyua.atf-tester.IeKZNa useradd name_very_vert_very_very_very_long ]
===> usr.sbin/pw/pw_useradd:user_add_noupdate
Result: passed
Duration: 0.297s

Metadata:
    allowed_architectures is empty
    allowed_platforms is empty
    description is empty
    has_cleanup = false
    required_configs is empty
    required_disk_space = 0
    required_files is empty
    required_memory = 0
    required_programs is empty
    required_user = root
    timeout = 300

Standard output:
Executing command [ pw -V /tmp/kyua.atf-tester.x0XDKS useradd test -N ]
Executing command [ grep ^test:.* /tmp/kyua.atf-tester.x0XDKS/master.passwd ]
===> usr.sbin/pw/pw_useradd:user_add_password_expiration_date_month
Result: passed
Duration: 0.466s

Metadata:
    allowed_architectures is empty
    allowed_platforms is empty
    description is empty
    has_cleanup = false
    required_configs is empty
    required_disk_space = 0
    required_files is empty
    required_memory = 0
    required_programs is empty
    required_user = root
    timeout = 300

Standard output:
Executing command [ pw -V /tmp/kyua.atf-tester.9QL61p useradd test -p 29-Jul-2015 ]
Executing command [ pw -V /tmp/kyua.atf-tester.9QL61p usershow test ]
===> usr.sbin/pw/pw_useradd:user_add_password_expiration_date_numeric
Result: passed
Duration: 0.784s

Metadata:
    allowed_architectures is empty
    allowed_platforms is empty
    description is empty
    has_cleanup = false
    required_configs is empty
    required_disk_space = 0
    required_files is empty
    required_memory = 0
    required_programs is empty
    required_user = root
    timeout = 300

Standard output:
Executing command [ pw -V /tmp/kyua.atf-tester.VrP16G useradd test -p 29-07-2015 ]
Executing command [ pw -V /tmp/kyua.atf-tester.VrP16G usershow test ]
===> usr.sbin/pw/pw_useradd:user_add_password_expiration_date_relative
Result: passed
Duration: 3.944s

Metadata:
    allowed_architectures is empty
    allowed_platforms is empty
    description is empty
    has_cleanup = false
    required_configs is empty
    required_disk_space = 0
    required_files is empty
    required_memory = 0
    required_programs is empty
    required_user = root
    timeout = 300

Standard output:
Executing command [ pw -V /tmp/kyua.atf-tester.XFutJO useradd test -p +13o ]
===> usr.sbin/pw/pw_useradd:user_add_password_expiration_epoch
Result: passed
Duration: 1.062s

Metadata:
    allowed_architectures is empty
    allowed_platforms is empty
    description is empty
    has_cleanup = false
    required_configs is empty
    required_disk_space = 0
    required_files is empty
    required_memory = 0
    required_programs is empty
    required_user = root
    timeout = 300

Standard output:
Executing command [ pw -V /tmp/kyua.atf-tester.wAkoTx useradd test -p 1438186426 ]
Executing command [ pw -V /tmp/kyua.atf-tester.wAkoTx usershow test ]
===> usr.sbin/pw/pw_useradd:user_add_password_from_h
Result: passed
Duration: 3.094s

Metadata:
    allowed_architectures is empty
    allowed_platforms is empty
    description is empty
    has_cleanup = false
    required_configs is empty
    required_disk_space = 0
    required_files is empty
    required_memory = 0
    required_programs is empty
    required_user = root
    timeout = 300

Standard output:
Executing command [ pw -V /tmp/kyua.atf-tester.Wo0pP2 useradd test -h 0 ]
===> usr.sbin/pw/pw_useradd:user_add_skel
Result: passed
Duration: 0.987s

Metadata:
    allowed_architectures is empty
    allowed_platforms is empty
    description is empty
    has_cleanup = false
    required_configs is empty
    required_disk_space = 0
    required_files is empty
    required_memory = 0
    required_programs is empty
    required_user = root
    timeout = 300

Standard output:
Executing command [ pw -R /tmp/kyua.atf-tester.TXzJm0 useradd foo -k /skel -m ]
Executing command [ cat /tmp/kyua.atf-tester.TXzJm0/home/foo/.a ]
Executing command [ cat /tmp/kyua.atf-tester.TXzJm0/home/foo/b ]
Executing command [ readlink -f /tmp/kyua.atf-tester.TXzJm0/home/foo/c/foo ]
Executing command [ cat /tmp/kyua.atf-tester.TXzJm0/home/foo/c/d/.c ]
===> usr.sbin/pw/pw_useradd:user_add_uid0
Result: passed
Duration: 0.868s

Metadata:
    allowed_architectures is empty
    allowed_platforms is empty
    description is empty
    has_cleanup = false
    required_configs is empty
    required_disk_space = 0
    required_files is empty
    required_memory = 0
    required_programs is empty
    required_user = root
    timeout = 300

Standard output:
Executing command [ pw -V /tmp/kyua.atf-tester.w9CTyu useradd foo -u 0 -g 0 -d /root -s /bin/sh -c Bourne-again Superuser -o ]
Executing command [ pw -V /tmp/kyua.atf-tester.w9CTyu usershow foo ]
===> usr.sbin/pw/pw_userdel:delete_files
Result: passed
Duration: 9.932s

Metadata:
    allowed_architectures is empty
    allowed_platforms is empty
    description is empty
    has_cleanup = false
    required_configs is empty
    required_disk_space = 0
    required_files is empty
    required_memory = 0
    required_programs is empty
    required_user = root
    timeout = 300

Standard output:
Executing command [ pw -R /tmp/kyua.atf-tester.H01J1a useradd foo -k /skel -m ]
Executing command [ pw -R /tmp/kyua.atf-tester.H01J1a userdel foo -r ]
Executing command [ cat /tmp/kyua.atf-tester.H01J1a/etc/opiekeys ]
===> usr.sbin/pw/pw_userdel:rmuser_seperate_group
Result: passed
Duration: 3.318s

Metadata:
    allowed_architectures is empty
    allowed_platforms is empty
    description is empty
    has_cleanup = true
    required_configs is empty
    required_disk_space = 0
    required_files is empty
    required_memory = 0
    required_programs is empty
    required_user = root
    timeout = 30
===> usr.sbin/pw/pw_userdel:user_do_not_try_to_delete_root_if_user_unknown
Result: passed
Duration: 0.236s

Metadata:
    allowed_architectures is empty
    allowed_platforms is empty
    description = Make sure not to try to remove root if deleting an unknown user
    has_cleanup = false
    required_configs is empty
    required_disk_space = 0
    required_files is empty
    required_memory = 0
    required_programs is empty
    required_user = root
    timeout = 300

Standard output:
Executing command [ /bin/sh -c pw -V /tmp/kyua.atf-tester.cnHwBk userdel -u plop ]
===> usr.sbin/pw/pw_usermod:user_mod
Result: passed
Duration: 0.487s

Metadata:
    allowed_architectures is empty
    allowed_platforms is empty
    description is empty
    has_cleanup = false
    required_configs is empty
    required_disk_space = 0
    required_files is empty
    required_memory = 0
    required_programs is empty
    required_user = root
    timeout = 300

Standard output:
Executing command [ pw -V /tmp/kyua.atf-tester.q5aecM usermod test ]
Executing command [ pw -V /tmp/kyua.atf-tester.q5aecM useradd test ]
Executing command [ pw -V /tmp/kyua.atf-tester.q5aecM usermod test ]
Executing command [ grep ^test:.* /tmp/kyua.atf-tester.q5aecM/master.passwd ]
===> usr.sbin/pw/pw_usermod:user_mod_H
Result: passed
Duration: 0.532s

Metadata:
    allowed_architectures is empty
    allowed_platforms is empty
    description is empty
    has_cleanup = false
    required_configs is empty
    required_disk_space = 0
    required_files is empty
    required_memory = 0
    required_programs is empty
    required_user = root
    timeout = 300

Standard output:
Executing command [ pw -V /tmp/kyua.atf-tester.kPW1Zw useradd foo ]
Executing command [ pw -V /tmp/kyua.atf-tester.kPW1Zw usermod foo -H 0 ]
Executing command [ grep ^foo /tmp/kyua.atf-tester.kPW1Zw/master.passwd ]
Executing command [ pw -V /tmp/kyua.atf-tester.kPW1Zw usermod foo -H - ]
===> usr.sbin/pw/pw_usermod:user_mod_comments
Result: passed
Duration: 3.943s

Metadata:
    allowed_architectures is empty
    allowed_platforms is empty
    description is empty
    has_cleanup = false
    required_configs is empty
    required_disk_space = 0
    required_files is empty
    required_memory = 0
    required_programs is empty
    required_user = root
    timeout = 300

Standard output:
Executing command [ pw -V /tmp/kyua.atf-tester.O4g1FG useradd test -c Test User,home,123,456 ]
Executing command [ pw -V /tmp/kyua.atf-tester.O4g1FG usermod test -c Test User,work,123,456 ]
Executing command [ grep ^test:.*:Test User,work,123,456: /tmp/kyua.atf-tester.O4g1FG/master.passwd ]
===> usr.sbin/pw/pw_usermod:user_mod_comments_invalid
Result: passed
Duration: 1.236s

Metadata:
    allowed_architectures is empty
    allowed_platforms is empty
    description is empty
    has_cleanup = false
    required_configs is empty
    required_disk_space = 0
    required_files is empty
    required_memory = 0
    required_programs is empty
    required_user = root
    timeout = 300

Standard output:
Executing command [ pw -V /tmp/kyua.atf-tester.iwQ4gK useradd test ]
Executing command [ pw -V /tmp/kyua.atf-tester.iwQ4gK usermod test -c Test User,work,123:456,456 ]
Executing command [ grep ^test:.*:Test User,work,123:456,456: /tmp/kyua.atf-tester.iwQ4gK/master.passwd ]
Executing command [ grep ^test:\* /tmp/kyua.atf-tester.iwQ4gK/master.passwd ]
===> usr.sbin/pw/pw_usermod:user_mod_comments_invalid_noupdate
Result: passed
Duration: 3.007s

Metadata:
    allowed_architectures is empty
    allowed_platforms is empty
    description is empty
    has_cleanup = false
    required_configs is empty
    required_disk_space = 0
    required_files is empty
    required_memory = 0
    required_programs is empty
    required_user = root
    timeout = 300

Standard output:
Executing command [ pw -V /tmp/kyua.atf-tester.8crMr6 useradd test ]
Executing command [ pw -V /tmp/kyua.atf-tester.8crMr6 usermod test -c Test User,work,123:456,456 -N ]
Executing command [ grep ^test:.*:Test User,work,123:456,456: /tmp/kyua.atf-tester.8crMr6/master.passwd ]
Executing command [ grep ^test:\* /tmp/kyua.atf-tester.8crMr6/master.passwd ]
===> usr.sbin/pw/pw_usermod:user_mod_comments_noupdate
Result: passed
Duration: 0.812s

Metadata:
    allowed_architectures is empty
    allowed_platforms is empty
    description is empty
    has_cleanup = false
    required_configs is empty
    required_disk_space = 0
    required_files is empty
    required_memory = 0
    required_programs is empty
    required_user = root
    timeout = 300

Standard output:
Executing command [ pw -V /tmp/kyua.atf-tester.Po7Dub useradd test -c Test User,home,123,456 ]
Executing command [ pw -V /tmp/kyua.atf-tester.Po7Dub usermod test -c Test User,work,123,456 -N ]
Executing command [ grep ^test:.*:Test User,home,123,456: /tmp/kyua.atf-tester.Po7Dub/master.passwd ]
===> usr.sbin/pw/pw_usermod:user_mod_h
Result: passed
Duration: 0.733s

Metadata:
    allowed_architectures is empty
    allowed_platforms is empty
    description is empty
    has_cleanup = false
    required_configs is empty
    required_disk_space = 0
    required_files is empty
    required_memory = 0
    required_programs is empty
    required_user = root
    timeout = 300

Standard output:
Executing command [ pw -V /tmp/kyua.atf-tester.5yuk9N useradd foo ]
Executing command [ pw -V /tmp/kyua.atf-tester.5yuk9N usermod foo -h 0 ]
Executing command [ grep ^foo /tmp/kyua.atf-tester.5yuk9N/master.passwd ]
Executing command [ pw -V /tmp/kyua.atf-tester.5yuk9N usermod foo -h - ]
Executing command [ grep ^foo /tmp/kyua.atf-tester.5yuk9N/master.passwd ]
Executing command [ pw -V /tmp/kyua.atf-tester.5yuk9N usermod foo -h a ]
===> usr.sbin/pw/pw_usermod:user_mod_name_noupdate
Result: passed
Duration: 4.719s

Metadata:
    allowed_architectures is empty
    allowed_platforms is empty
    description is empty
    has_cleanup = false
    required_configs is empty
    required_disk_space = 0
    required_files is empty
    required_memory = 0
    required_programs is empty
    required_user = root
    timeout = 300

Standard output:
Executing command [ pw -V /tmp/kyua.atf-tester.wI7yCk useradd foo ]
Executing command [ pw -V /tmp/kyua.atf-tester.wI7yCk usermod foo -l bar -N ]
Executing command [ grep ^foo:.* /tmp/kyua.atf-tester.wI7yCk/master.passwd ]
===> usr.sbin/pw/pw_usermod:user_mod_noupdate
Result: passed
Duration: 1.008s

Metadata:
    allowed_architectures is empty
    allowed_platforms is empty
    description is empty
    has_cleanup = false
    required_configs is empty
    required_disk_space = 0
    required_files is empty
    required_memory = 0
    required_programs is empty
    required_user = root
    timeout = 300

Standard output:
Executing command [ pw -V /tmp/kyua.atf-tester.pPrH72 usermod test -N ]
Executing command [ pw -V /tmp/kyua.atf-tester.pPrH72 useradd test ]
Executing command [ pw -V /tmp/kyua.atf-tester.pPrH72 usermod test -N ]
Executing command [ grep ^test:.* /tmp/kyua.atf-tester.pPrH72/master.passwd ]
===> usr.sbin/pw/pw_usermod:user_mod_rename
Result: passed
Duration: 3.196s

Metadata:
    allowed_architectures is empty
    allowed_platforms is empty
    description is empty
    has_cleanup = false
    required_configs is empty
    required_disk_space = 0
    required_files is empty
    required_memory = 0
    required_programs is empty
    required_user = root
    timeout = 300

Standard output:
Executing command [ pw -V /tmp/kyua.atf-tester.5fucLu useradd foo ]
Executing command [ pw -V /tmp/kyua.atf-tester.5fucLu usermod foo -l bar ]
Executing command [ grep ^bar:.* /tmp/kyua.atf-tester.5fucLu/master.passwd ]
===> usr.sbin/pw/pw_usermod:user_mod_rename_too_long
Result: passed
Duration: 1.177s

Metadata:
    allowed_architectures is empty
    allowed_platforms is empty
    description is empty
    has_cleanup = false
    required_configs is empty
    required_disk_space = 0
    required_files is empty
    required_memory = 0
    required_programs is empty
    required_user = root
    timeout = 300

Standard output:
Executing command [ pw -V /tmp/kyua.atf-tester.FT4sq3 useradd foo ]
Executing command [ pw -V /tmp/kyua.atf-tester.FT4sq3 usermod foo -l name_very_very_very_very_very_long ]
===> usr.sbin/pw/pw_usernext:usernext
Result: broken: Test case body timed out
Duration: 303.227s

Metadata:
    allowed_architectures is empty
    allowed_platforms is empty
    description is empty
    has_cleanup = false
    required_configs is empty
    required_disk_space = 0
    required_files is empty
    required_memory = 0
    required_programs is empty
    required_user = root
    timeout = 300

Standard output:
Executing command [ pw -V /tmp/kyua.atf-tester.sRokws useradd test1001 ]
Executing command [ pw -V /tmp/kyua.atf-tester.sRokws useradd test1002 ]
Executing command [ pw -V /tmp/kyua.atf-tester.sRokws useradd test1003 ]
Executing command [ pw -V /tmp/kyua.atf-tester.sRokws useradd test1004 ]
Executing command [ pw -V /tmp/kyua.atf-tester.sRokws useradd test1005 ]
Executing command [ pw -V /tmp/kyua.atf-tester.sRokws useradd test1006 ]
Executing command [ pw -V /tmp/kyua.atf-tester.sRokws useradd test1007 ]
Executing command [ pw -V /tmp/kyua.atf-tester.sRokws useradd test1008 ]
Executing command [ pw -V /tmp/kyua.atf-tester.sRokws useradd test1009 ]
Executing command [ pw -V /tmp/kyua.atf-tester.sRokws useradd test1010 ]
Executing command [ pw -V /tmp/kyua.atf-tester.sRokws useradd test1011 ]
Executing command [ pw -V /tmp/kyua.atf-tester.sRokws useradd test1012 ]
Executing command [ pw -V /tmp/kyua.atf-tester.sRokws useradd test1013 ]
Executing command [ pw -V /tmp/kyua.atf-tester.sRokws useradd test1014 ]
Executing command [ pw -V /tmp/kyua.atf-tester.sRokws useradd test1015 ]
Executing command [ pw -V /tmp/kyua.atf-tester.sRokws useradd test1016 ]
Executing command [ pw -V /tmp/kyua.atf-tester.sRokws useradd test1017 ]
Executing command [ pw -V /tmp/kyua.atf-tester.sRokws useradd test1018 ]
Executing command [ pw -V /tmp/kyua.atf-tester.sRokws useradd test1019 ]
Executing command [ pw -V /tmp/kyua.atf-tester.sRokws useradd test1020 ]
Executing command [ pw -V /tmp/kyua.atf-tester.sRokws useradd test1021 ]
Executing command [ pw -V /tmp/kyua.atf-tester.sRokws useradd test1022 ]
Executing command [ pw -V /tmp/kyua.atf-tester.sRokws useradd test1023 ]
Executing command [ pw -V /tmp/kyua.atf-tester.sRokws useradd test1024 ]
Executing command [ pw -V /tmp/kyua.atf-tester.sRokws useradd test1025 ]
Executing command [ pw -V /tmp/kyua.atf-tester.sRokws useradd test1026 ]
Executing command [ pw -V /tmp/kyua.atf-tester.sRokws useradd test1027 ]
Executing command [ pw -V /tmp/kyua.atf-tester.sRokws useradd test1028 ]
Executing command [ pw -V /tmp/kyua.atf-tester.sRokws useradd test1029 ]
Executing command [ pw -V /tmp/kyua.atf-tester.sRokws useradd test1030 ]
Executing command [ pw -V /tmp/kyua.atf-tester.sRokws useradd test1031 ]
Executing command [ pw -V /tmp/kyua.atf-tester.sRokws useradd test1032 ]
Executing command [ pw -V /tmp/kyua.atf-tester.sRokws useradd test1033 ]
Executing command [ pw -V /tmp/kyua.atf-tester.sRokws useradd test1034 ]
Executing command [ pw -V /tmp/kyua.atf-tester.sRokws useradd test1035 ]
Executing command [ pw -V /tmp/kyua.atf-tester.sRokws useradd test1036 ]
Executing command [ pw -V /tmp/kyua.atf-tester.sRokws useradd test1037 ]
Executing command [ pw -V /tmp/kyua.atf-tester.sRokws useradd test1038 ]
Executing command [ pw -V /tmp/kyua.atf-tester.sRokws useradd test1039 ]
Executing command [ pw -V /tmp/kyua.atf-tester.sRokws useradd test1040 ]
Executing command [ pw -V /tmp/kyua.atf-tester.sRokws useradd test1041 ]
Executing command [ pw -V /tmp/kyua.atf-tester.sRokws useradd test1042 ]
Executing command [ pw -V /tmp/kyua.atf-tester.sRokws useradd test1043 ]
Executing command [ pw -V /tmp/kyua.atf-tester.sRokws useradd test1044 ]
Executing command [ pw -V /tmp/kyua.atf-tester.sRokws useradd test1045 ]
Executing command [ pw -V /tmp/kyua.atf-tester.sRokws useradd test1046 ]
Executing command [ pw -V /tmp/kyua.atf-tester.sRokws useradd test1047 ]
Executing command [ pw -V /tmp/kyua.atf-tester.sRokws useradd test1048 ]
Executing command [ pw -V /tmp/kyua.atf-tester.sRokws useradd test1049 ]
Executing command [ pw -V /tmp/kyua.atf-tester.sRokws useradd test1050 ]
Executing command [ pw -V /tmp/kyua.atf-tester.sRokws useradd test1051 ]
Executing command [ pw -V /tmp/kyua.atf-tester.sRokws useradd test1052 ]
Executing command [ pw -V /tmp/kyua.atf-tester.sRokws useradd test1053 ]
Executing command [ pw -V /tmp/kyua.atf-tester.sRokws useradd test1054 ]
Executing command [ pw -V /tmp/kyua.atf-tester.sRokws useradd test1055 ]
Executing command [ pw -V /tmp/kyua.atf-tester.sRokws useradd test1056 ]
Executing command [ pw -V /tmp/kyua.atf-tester.sRokws useradd test1057 ]
Executing command [ pw -V /tmp/kyua.atf-tester.sRokws useradd test1058 ]
Executing command [ pw -V /tmp/kyua.atf-tester.sRokws useradd test1059 ]
Executing command [ pw -V /tmp/kyua.atf-tester.sRokws useradd test1060 ]
Executing command [ pw -V /tmp/kyua.atf-tester.sRokws useradd test1061 ]
Executing command [ pw -V /tmp/kyua.atf-tester.sRokws useradd test1062 ]
Executing command [ pw -V /tmp/kyua.atf-tester.sRokws useradd test1063 ]
Executing command [ pw -V /tmp/kyua.atf-tester.sRokws useradd test1064 ]
Executing command [ pw -V /tmp/kyua.atf-tester.sRokws useradd test1065 ]
Executing command [ pw -V /tmp/kyua.atf-tester.sRokws useradd test1066 ]
Executing command [ pw -V /tmp/kyua.atf-tester.sRokws useradd test1067 ]
Executing command [ pw -V /tmp/kyua.atf-tester.sRokws useradd test1068 ]
Executing command [ pw -V /tmp/kyua.atf-tester.sRokws useradd test1069 ]
Executing command [ pw -V /tmp/kyua.atf-tester.sRokws useradd test1070 ]
Executing command [ pw -V /tmp/kyua.atf-tester.sRokws useradd test1071 ]
Executing command [ pw -V /tmp/kyua.atf-tester.sRokws useradd test1072 ]
Executing command [ pw -V /tmp/kyua.atf-tester.sRokws useradd test1073 ]
Executing command [ pw -V /tmp/kyua.atf-tester.sRokws useradd test1074 ]
Executing command [ pw -V /tmp/kyua.atf-tester.sRokws useradd test1075 ]
Executing command [ pw -V /tmp/kyua.atf-tester.sRokws useradd test1076 ]
Executing command [ pw -V /tmp/kyua.atf-tester.sRokws useradd test1077 ]
Executing command [ pw -V /tmp/kyua.atf-tester.sRokws useradd test1078 ]
Executing command [ pw -V /tmp/kyua.atf-tester.sRokws useradd test1079 ]
Executing command [ pw -V /tmp/kyua.atf-tester.sRokws useradd test1080 ]
Executing command [ pw -V /tmp/kyua.atf-tester.sRokws useradd test1081 ]
Executing command [ pw -V /tmp/kyua.atf-tester.sRokws useradd test1082 ]
Executing command [ pw -V /tmp/kyua.atf-tester.sRokws useradd test1083 ]
Executing command [ pw -V /tmp/kyua.atf-tester.sRokws useradd test1084 ]
Executing command [ pw -V /tmp/kyua.atf-tester.sRokws useradd test1085 ]
Executing command [ pw -V /tmp/kyua.atf-tester.sRokws useradd test1086 ]
Executing command [ pw -V /tmp/kyua.atf-tester.sRokws useradd test1087 ]
Executing command [ pw -V /tmp/kyua.atf-tester.sRokws useradd test1088 ]
Executing command [ pw -V /tmp/kyua.atf-tester.sRokws useradd test1089 ]
Executing command [ pw -V /tmp/kyua.atf-tester.sRokws useradd test1090 ]
Executing command [ pw -V /tmp/kyua.atf-tester.sRokws useradd test1091 ]
Executing command [ pw -V /tmp/kyua.atf-tester.sRokws useradd test1092 ]
Executing command [ pw -V /tmp/kyua.atf-tester.sRokws useradd test1093 ]
Executing command [ pw -V /tmp/kyua.atf-tester.sRokws useradd test1094 ]
Executing command [ pw -V /tmp/kyua.atf-tester.sRokws useradd test1095 ]
Executing command [ pw -V /tmp/kyua.atf-tester.sRokws useradd test1096 ]
Executing command [ pw -V /tmp/kyua.atf-tester.sRokws useradd test1097 ]
Executing command [ pw -V /tmp/kyua.atf-tester.sRokws useradd test1098 ]
Executing command [ pw -V /tmp/kyua.atf-tester.sRokws useradd test1099 ]
Executing command [ pw -V /tmp/kyua.atf-tester.sRokws useradd test1100 ]
Executing command [ pw -V /tmp/kyua.atf-tester.sRokws useradd test1101 ]
Executing command [ pw -V /tmp/kyua.atf-tester.sRokws useradd test1102 ]
Executing command [ pw -V /tmp/kyua.atf-tester.sRokws useradd test1103 ]
Executing command [ pw -V /tmp/kyua.atf-tester.sRokws useradd test1104 ]

Standard error:
Subprocess timed out; sending KILL signal...
===> usr.sbin/pw/pw_usernext:usernext_assigned_group
Result: passed
Duration: 87.146s

Metadata:
    allowed_architectures is empty
    allowed_platforms is empty
    description is empty
    has_cleanup = false
    required_configs is empty
    required_disk_space = 0
    required_files is empty
    required_memory = 0
    required_programs is empty
    required_user = root
    timeout = 300

Standard output:
Executing command [ pw -V /tmp/kyua.atf-tester.7OUWmE useradd -n test1001 -g 0 ]
Executing command [ pw -V /tmp/kyua.atf-tester.7OUWmE useradd -n test1002 -g 0 ]
Executing command [ pw -V /tmp/kyua.atf-tester.7OUWmE useradd -n test1003 -g 0 ]
Executing command [ pw -V /tmp/kyua.atf-tester.7OUWmE useradd -n test1004 -g 0 ]
Executing command [ pw -V /tmp/kyua.atf-tester.7OUWmE useradd -n test1005 -g 0 ]
Executing command [ pw -V /tmp/kyua.atf-tester.7OUWmE useradd -n test1006 -g 0 ]
Executing command [ pw -V /tmp/kyua.atf-tester.7OUWmE useradd -n test1007 -g 0 ]
Executing command [ pw -V /tmp/kyua.atf-tester.7OUWmE useradd -n test1008 -g 0 ]
Executing command [ pw -V /tmp/kyua.atf-tester.7OUWmE useradd -n test1009 -g 0 ]
Executing command [ pw -V /tmp/kyua.atf-tester.7OUWmE useradd -n test1010 -g 0 ]
Executing command [ pw -V /tmp/kyua.atf-tester.7OUWmE useradd -n test1011 -g 0 ]
Executing command [ pw -V /tmp/kyua.atf-tester.7OUWmE useradd -n test1012 -g 0 ]
Executing command [ pw -V /tmp/kyua.atf-tester.7OUWmE useradd -n test1013 -g 0 ]
Executing command [ pw -V /tmp/kyua.atf-tester.7OUWmE useradd -n test1014 -g 0 ]
Executing command [ pw -V /tmp/kyua.atf-tester.7OUWmE useradd -n test1015 -g 0 ]
Executing command [ pw -V /tmp/kyua.atf-tester.7OUWmE useradd -n test1016 -g 0 ]
Executing command [ pw -V /tmp/kyua.atf-tester.7OUWmE useradd -n test1017 -g 0 ]
Executing command [ pw -V /tmp/kyua.atf-tester.7OUWmE useradd -n test1018 -g 0 ]
Executing command [ pw -V /tmp/kyua.atf-tester.7OUWmE useradd -n test1019 -g 0 ]
Executing command [ pw -V /tmp/kyua.atf-tester.7OUWmE useradd -n test1020 -g 0 ]
Executing command [ pw -V /tmp/kyua.atf-tester.7OUWmE useradd -n test1021 -g 0 ]
Executing command [ pw -V /tmp/kyua.atf-tester.7OUWmE useradd -n test1022 -g 0 ]
Executing command [ pw -V /tmp/kyua.atf-tester.7OUWmE useradd -n test1023 -g 0 ]
Executing command [ pw -V /tmp/kyua.atf-tester.7OUWmE useradd -n test1024 -g 0 ]
Executing command [ pw -V /tmp/kyua.atf-tester.7OUWmE useradd -n test1025 -g 0 ]
Executing command [ pw -V /tmp/kyua.atf-tester.7OUWmE useradd -n test1026 -g 0 ]
Executing command [ pw -V /tmp/kyua.atf-tester.7OUWmE useradd -n test1027 -g 0 ]
Executing command [ pw -V /tmp/kyua.atf-tester.7OUWmE useradd -n test1028 -g 0 ]
Executing command [ pw -V /tmp/kyua.atf-tester.7OUWmE useradd -n test1029 -g 0 ]
Executing command [ pw -V /tmp/kyua.atf-tester.7OUWmE useradd -n test1030 -g 0 ]
Executing command [ pw -V /tmp/kyua.atf-tester.7OUWmE useradd -n test1031 -g 0 ]
Executing command [ pw -V /tmp/kyua.atf-tester.7OUWmE useradd -n test1032 -g 0 ]
Executing command [ pw -V /tmp/kyua.atf-tester.7OUWmE useradd -n test1033 -g 0 ]
Executing command [ pw -V /tmp/kyua.atf-tester.7OUWmE useradd -n test1034 -g 0 ]
Executing command [ pw -V /tmp/kyua.atf-tester.7OUWmE useradd -n test1035 -g 0 ]
Executing command [ pw -V /tmp/kyua.atf-tester.7OUWmE useradd -n test1036 -g 0 ]
Executing command [ pw -V /tmp/kyua.atf-tester.7OUWmE useradd -n test1037 -g 0 ]
Executing command [ pw -V /tmp/kyua.atf-tester.7OUWmE useradd -n test1038 -g 0 ]
Executing command [ pw -V /tmp/kyua.atf-tester.7OUWmE useradd -n test1039 -g 0 ]
Executing command [ pw -V /tmp/kyua.atf-tester.7OUWmE useradd -n test1040 -g 0 ]
Executing command [ pw -V /tmp/kyua.atf-tester.7OUWmE useradd -n test1041 -g 0 ]
Executing command [ pw -V /tmp/kyua.atf-tester.7OUWmE useradd -n test1042 -g 0 ]
Executing command [ pw -V /tmp/kyua.atf-tester.7OUWmE useradd -n test1043 -g 0 ]
Executing command [ pw -V /tmp/kyua.atf-tester.7OUWmE useradd -n test1044 -g 0 ]
Executing command [ pw -V /tmp/kyua.atf-tester.7OUWmE useradd -n test1045 -g 0 ]
Executing command [ pw -V /tmp/kyua.atf-tester.7OUWmE useradd -n test1046 -g 0 ]
Executing command [ pw -V /tmp/kyua.atf-tester.7OUWmE useradd -n test1047 -g 0 ]
Executing command [ pw -V /tmp/kyua.atf-tester.7OUWmE useradd -n test1048 -g 0 ]
Executing command [ pw -V /tmp/kyua.atf-tester.7OUWmE useradd -n test1049 -g 0 ]
Executing command [ pw -V /tmp/kyua.atf-tester.7OUWmE useradd -n test1050 -g 0 ]
Executing command [ pw -V /tmp/kyua.atf-tester.7OUWmE useradd -n test1051 -g 0 ]
Executing command [ pw -V /tmp/kyua.atf-tester.7OUWmE useradd -n test1052 -g 0 ]
Executing command [ pw -V /tmp/kyua.atf-tester.7OUWmE useradd -n test1053 -g 0 ]
Executing command [ pw -V /tmp/kyua.atf-tester.7OUWmE useradd -n test1054 -g 0 ]
Executing command [ pw -V /tmp/kyua.atf-tester.7OUWmE useradd -n test1055 -g 0 ]
Executing command [ pw -V /tmp/kyua.atf-tester.7OUWmE useradd -n test1056 -g 0 ]
Executing command [ pw -V /tmp/kyua.atf-tester.7OUWmE useradd -n test1057 -g 0 ]
Executing command [ pw -V /tmp/kyua.atf-tester.7OUWmE useradd -n test1058 -g 0 ]
Executing command [ pw -V /tmp/kyua.atf-tester.7OUWmE useradd -n test1059 -g 0 ]
Executing command [ pw -V /tmp/kyua.atf-tester.7OUWmE useradd -n test1060 -g 0 ]
Executing command [ pw -V /tmp/kyua.atf-tester.7OUWmE useradd -n test1061 -g 0 ]
Executing command [ pw -V /tmp/kyua.atf-tester.7OUWmE useradd -n test1062 -g 0 ]
Executing command [ pw -V /tmp/kyua.atf-tester.7OUWmE useradd -n test1063 -g 0 ]
Executing command [ pw -V /tmp/kyua.atf-tester.7OUWmE useradd -n test1064 -g 0 ]
Executing command [ pw -V /tmp/kyua.atf-tester.7OUWmE useradd -n test1065 -g 0 ]
Executing command [ pw -V /tmp/kyua.atf-tester.7OUWmE useradd -n test1066 -g 0 ]
Executing command [ pw -V /tmp/kyua.atf-tester.7OUWmE useradd -n test1067 -g 0 ]
Executing command [ pw -V /tmp/kyua.atf-tester.7OUWmE useradd -n test1068 -g 0 ]
Executing command [ pw -V /tmp/kyua.atf-tester.7OUWmE useradd -n test1069 -g 0 ]
Executing command [ pw -V /tmp/kyua.atf-tester.7OUWmE useradd -n test1070 -g 0 ]
Executing command [ pw -V /tmp/kyua.atf-tester.7OUWmE useradd -n test1071 -g 0 ]
Executing command [ pw -V /tmp/kyua.atf-tester.7OUWmE useradd -n test1072 -g 0 ]
Executing command [ pw -V /tmp/kyua.atf-tester.7OUWmE useradd -n test1073 -g 0 ]
Executing command [ pw -V /tmp/kyua.atf-tester.7OUWmE useradd -n test1074 -g 0 ]
Executing command [ pw -V /tmp/kyua.atf-tester.7OUWmE useradd -n test1075 -g 0 ]
Executing command [ pw -V /tmp/kyua.atf-tester.7OUWmE useradd -n test1076 -g 0 ]
Executing command [ pw -V /tmp/kyua.atf-tester.7OUWmE useradd -n test1077 -g 0 ]
Executing command [ pw -V /tmp/kyua.atf-tester.7OUWmE useradd -n test1078 -g 0 ]
Executing command [ pw -V /tmp/kyua.atf-tester.7OUWmE useradd -n test1079 -g 0 ]
Executing command [ pw -V /tmp/kyua.atf-tester.7OUWmE useradd -n test1080 -g 0 ]
Executing command [ pw -V /tmp/kyua.atf-tester.7OUWmE useradd -n test1081 -g 0 ]
Executing command [ pw -V /tmp/kyua.atf-tester.7OUWmE usernext ]
===> usr.sbin/sa/legacy_test:main
Result: passed
Duration: 1.144s

Metadata:
    allowed_architectures is empty
    allowed_platforms is empty
    description is empty
    has_cleanup = false
    required_configs is empty
    required_disk_space = 0
    required_files is empty
    required_memory = 0
    required_programs is empty
    required_user is empty
    timeout = 300

Standard output:
1..13
ok 1
ok 2
ok 3
ok 4
ok 5
ok 6
ok 7
ok 8
ok 9
ok 10
ok 11
ok 12
ok 13
===> Passed tests
bin/cat/cat_test:align  ->  passed  [0.267s]
bin/cat/cat_test:nonexistent  ->  passed  [0.246s]
bin/chown/chown-f_test:main  ->  passed  [0.195s]
bin/date/format_string_test:A_test  ->  passed  [0.064s]
bin/date/format_string_test:B_test  ->  passed  [0.586s]
bin/date/format_string_test:C_test  ->  passed  [0.265s]
bin/date/format_string_test:D_test  ->  passed  [0.062s]
bin/date/format_string_test:F_test  ->  passed  [0.461s]
bin/date/format_string_test:G_test  ->  passed  [0.080s]
bin/date/format_string_test:H_test  ->  passed  [0.058s]
bin/date/format_string_test:I_test  ->  passed  [0.417s]
bin/date/format_string_test:M_test  ->  passed  [0.085s]
bin/date/format_string_test:R_test  ->  passed  [1.197s]
bin/date/format_string_test:S_test  ->  passed  [0.334s]
bin/date/format_string_test:U_test  ->  passed  [0.062s]
bin/date/format_string_test:V_test  ->  passed  [0.275s]
bin/date/format_string_test:W_test  ->  passed  [0.131s]
bin/date/format_string_test:X_test  ->  passed  [0.422s]
bin/date/format_string_test:Y_test  ->  passed  [0.458s]
bin/date/format_string_test:Z_test  ->  passed  [1.370s]
bin/date/format_string_test:a_test  ->  passed  [0.666s]
bin/date/format_string_test:b_test  ->  passed  [0.377s]
bin/date/format_string_test:c_test  ->  passed  [1.170s]
bin/date/format_string_test:d_test  ->  passed  [0.323s]
bin/date/format_string_test:e_test  ->  passed  [0.410s]
bin/date/format_string_test:g_test  ->  passed  [0.354s]
bin/date/format_string_test:h_test  ->  passed  [0.932s]
bin/date/format_string_test:j_test  ->  passed  [0.843s]
bin/date/format_string_test:k_test  ->  passed  [0.777s]
bin/date/format_string_test:l_test  ->  passed  [1.336s]
bin/date/format_string_test:m_test  ->  passed  [0.403s]
bin/date/format_string_test:p_test  ->  passed  [1.705s]
bin/date/format_string_test:percent_test  ->  passed  [1.212s]
bin/date/format_string_test:plus_test  ->  passed  [1.254s]
bin/date/format_string_test:r_test  ->  passed  [0.780s]
bin/date/format_string_test:s_test  ->  passed  [2.549s]
bin/date/format_string_test:u_test  ->  passed  [1.858s]
bin/date/format_string_test:v_test  ->  passed  [0.936s]
bin/date/format_string_test:w_test  ->  passed  [0.557s]
bin/date/format_string_test:x_test  ->  passed  [1.035s]
bin/date/format_string_test:y_test  ->  passed  [0.556s]
bin/date/format_string_test:z_test  ->  passed  [0.297s]
bin/expr/expr_test:basic_functional  ->  passed  [0.088s]
bin/expr/expr_test:basic_math  ->  passed  [0.684s]
bin/expr/expr_test:colon_vs_math  ->  passed  [0.243s]
bin/expr/expr_test:compare_ops  ->  passed  [0.223s]
bin/expr/expr_test:compare_ops_precedence  ->  passed  [0.280s]
bin/expr/expr_test:gtkmm  ->  passed  [0.131s]
bin/expr/expr_test:lang  ->  passed  [0.419s]
bin/expr/expr_test:math_precedence  ->  passed  [0.144s]
bin/expr/expr_test:multiply  ->  passed  [0.329s]
bin/expr/expr_test:negative  ->  passed  [0.251s]
bin/expr/expr_test:overflow  ->  passed  [0.181s]
bin/expr/expr_test:precedence  ->  passed  [0.296s]
bin/expr/expr_test:regex  ->  passed  [0.363s]
bin/mv/legacy_test:main  ->  passed  [5.414s]
bin/pax/legacy_test:main  ->  passed  [2.909s]
bin/pkill/pgrep-F_test:main  ->  passed  [0.484s]
bin/pkill/pgrep-LF_test:main  ->  passed  [0.902s]
bin/pkill/pgrep-P_test:main  ->  passed  [0.866s]
bin/pkill/pgrep-U_test:main  ->  passed  [0.947s]
bin/pkill/pgrep-_g_test:main  ->  passed  [0.850s]
bin/pkill/pgrep-_s_test:main  ->  passed  [0.211s]
bin/pkill/pgrep-g_test:main  ->  passed  [0.881s]
bin/pkill/pgrep-i_test:main  ->  passed  [0.488s]
bin/pkill/pgrep-j_test:main  ->  passed  [7.449s]
bin/pkill/pgrep-l_test:main  ->  passed  [0.625s]
bin/pkill/pgrep-n_test:main  ->  passed  [0.579s]
bin/pkill/pgrep-o_test:main  ->  passed  [0.463s]
bin/pkill/pgrep-q_test:main  ->  passed  [0.557s]
bin/pkill/pgrep-s_test:main  ->  passed  [0.994s]
bin/pkill/pgrep-t_test:main  ->  passed  [1.725s]
bin/pkill/pgrep-v_test:main  ->  passed  [0.533s]
bin/pkill/pgrep-x_test:main  ->  passed  [0.518s]
bin/pkill/pkill-F_test:main  ->  passed  [0.545s]
bin/pkill/pkill-LF_test:main  ->  passed  [0.884s]
bin/pkill/pkill-P_test:main  ->  passed  [0.501s]
bin/pkill/pkill-U_test:main  ->  passed  [1.233s]
bin/pkill/pkill-_g_test:main  ->  passed  [0.995s]
bin/pkill/pkill-g_test:main  ->  passed  [0.861s]
bin/pkill/pkill-i_test:main  ->  passed  [0.683s]
bin/pkill/pkill-j_test:main  ->  passed  [8.847s]
bin/pkill/pkill-s_test:main  ->  passed  [0.852s]
bin/pkill/pkill-t_test:main  ->  passed  [0.987s]
bin/pkill/pkill-x_test:main  ->  passed  [1.075s]
bin/sh/builtins/functional_test:alias  ->  passed  [0.327s]
bin/sh/builtins/functional_test:alias3  ->  passed  [0.357s]
bin/sh/builtins/functional_test:alias4  ->  passed  [0.474s]
bin/sh/builtins/functional_test:break1  ->  passed  [0.204s]
bin/sh/builtins/functional_test:break2  ->  passed  [0.452s]
bin/sh/builtins/functional_test:break3  ->  passed  [0.169s]
bin/sh/builtins/functional_test:break4  ->  passed  [0.196s]
bin/sh/builtins/functional_test:break5  ->  passed  [0.716s]
bin/sh/builtins/functional_test:break6  ->  passed  [0.687s]
bin/sh/builtins/functional_test:builtin1  ->  passed  [0.597s]
bin/sh/builtins/functional_test:case1  ->  passed  [1.103s]
bin/sh/builtins/functional_test:case10  ->  passed  [0.318s]
bin/sh/builtins/functional_test:case11  ->  passed  [0.295s]
bin/sh/builtins/functional_test:case12  ->  passed  [0.418s]
bin/sh/builtins/functional_test:case13  ->  passed  [0.452s]
bin/sh/builtins/functional_test:case14  ->  passed  [0.741s]
bin/sh/builtins/functional_test:case15  ->  passed  [0.837s]
bin/sh/builtins/functional_test:case16  ->  passed  [0.470s]
bin/sh/builtins/functional_test:case17  ->  passed  [0.490s]
bin/sh/builtins/functional_test:case18  ->  passed  [1.203s]
bin/sh/builtins/functional_test:case19  ->  passed  [0.104s]
bin/sh/builtins/functional_test:case2  ->  passed  [0.101s]
bin/sh/builtins/functional_test:case3  ->  passed  [0.129s]
bin/sh/builtins/functional_test:case4  ->  passed  [0.093s]
bin/sh/builtins/functional_test:case5  ->  passed  [0.178s]
bin/sh/builtins/functional_test:case6  ->  passed  [0.121s]
bin/sh/builtins/functional_test:case7  ->  passed  [0.143s]
bin/sh/builtins/functional_test:case8  ->  passed  [0.135s]
bin/sh/builtins/functional_test:case9  ->  passed  [0.500s]
bin/sh/builtins/functional_test:cd1  ->  passed  [1.071s]
bin/sh/builtins/functional_test:cd2  ->  passed  [2.331s]
bin/sh/builtins/functional_test:cd3  ->  passed  [0.228s]
bin/sh/builtins/functional_test:cd4  ->  passed  [0.292s]
bin/sh/builtins/functional_test:cd5  ->  passed  [0.502s]
bin/sh/builtins/functional_test:cd6  ->  passed  [0.416s]
bin/sh/builtins/functional_test:cd7  ->  passed  [0.417s]
bin/sh/builtins/functional_test:cd8  ->  passed  [1.100s]
bin/sh/builtins/functional_test:command1  ->  passed  [0.896s]
bin/sh/builtins/functional_test:command10  ->  passed  [1.103s]
bin/sh/builtins/functional_test:command11  ->  passed  [0.294s]
bin/sh/builtins/functional_test:command12  ->  passed  [0.465s]
bin/sh/builtins/functional_test:command2  ->  passed  [0.161s]
bin/sh/builtins/functional_test:command3  ->  passed  [0.162s]
bin/sh/builtins/functional_test:command4  ->  passed  [0.371s]
bin/sh/builtins/functional_test:command5  ->  passed  [0.254s]
bin/sh/builtins/functional_test:command6  ->  passed  [0.293s]
bin/sh/builtins/functional_test:command7  ->  passed  [0.521s]
bin/sh/builtins/functional_test:command8  ->  passed  [0.374s]
bin/sh/builtins/functional_test:command9  ->  passed  [0.253s]
bin/sh/builtins/functional_test:dot1  ->  passed  [0.257s]
bin/sh/builtins/functional_test:dot2  ->  passed  [0.225s]
bin/sh/builtins/functional_test:dot3  ->  passed  [0.179s]
bin/sh/builtins/functional_test:dot4  ->  passed  [0.137s]
bin/sh/builtins/functional_test:eval1  ->  passed  [0.847s]
bin/sh/builtins/functional_test:eval2  ->  passed  [0.278s]
bin/sh/builtins/functional_test:eval3  ->  passed  [0.748s]
bin/sh/builtins/functional_test:eval4  ->  passed  [0.129s]
bin/sh/builtins/functional_test:eval5  ->  passed  [0.150s]
bin/sh/builtins/functional_test:eval6  ->  passed  [0.369s]
bin/sh/builtins/functional_test:eval7  ->  passed  [0.147s]
bin/sh/builtins/functional_test:eval8  ->  passed  [0.192s]
bin/sh/builtins/functional_test:exec1  ->  passed  [0.572s]
bin/sh/builtins/functional_test:exec2  ->  passed  [0.293s]
bin/sh/builtins/functional_test:exit1  ->  passed  [0.434s]
bin/sh/builtins/functional_test:exit2  ->  passed  [0.308s]
bin/sh/builtins/functional_test:exit3  ->  passed  [0.207s]
bin/sh/builtins/functional_test:export1  ->  passed  [0.210s]
bin/sh/builtins/functional_test:fc1  ->  passed  [1.747s]
bin/sh/builtins/functional_test:fc2  ->  passed  [0.320s]
bin/sh/builtins/functional_test:for1  ->  passed  [0.161s]
bin/sh/builtins/functional_test:for2  ->  passed  [0.371s]
bin/sh/builtins/functional_test:for3  ->  passed  [0.208s]
bin/sh/builtins/functional_test:getopts1  ->  passed  [0.198s]
bin/sh/builtins/functional_test:getopts2  ->  passed  [0.540s]
bin/sh/builtins/functional_test:getopts3  ->  passed  [0.371s]
bin/sh/builtins/functional_test:getopts4  ->  passed  [0.213s]
bin/sh/builtins/functional_test:getopts5  ->  passed  [0.233s]
bin/sh/builtins/functional_test:getopts6  ->  passed  [0.102s]
bin/sh/builtins/functional_test:getopts7  ->  passed  [0.097s]
bin/sh/builtins/functional_test:getopts8  ->  passed  [0.065s]
bin/sh/builtins/functional_test:hash1  ->  passed  [0.068s]
bin/sh/builtins/functional_test:hash2  ->  passed  [0.065s]
bin/sh/builtins/functional_test:hash3  ->  passed  [0.066s]
bin/sh/builtins/functional_test:hash4  ->  passed  [0.062s]
bin/sh/builtins/functional_test:jobid1  ->  passed  [0.066s]
bin/sh/builtins/functional_test:jobid2  ->  passed  [0.065s]
bin/sh/builtins/functional_test:kill1  ->  passed  [0.064s]
bin/sh/builtins/functional_test:kill2  ->  passed  [0.065s]
bin/sh/builtins/functional_test:lineno  ->  passed  [0.076s]
bin/sh/builtins/functional_test:lineno2  ->  passed  [0.064s]
bin/sh/builtins/functional_test:lineno3  ->  passed  [0.065s]
bin/sh/builtins/functional_test:local1  ->  passed  [0.065s]
bin/sh/builtins/functional_test:local2  ->  passed  [0.063s]
bin/sh/builtins/functional_test:local3  ->  passed  [0.061s]
bin/sh/builtins/functional_test:local4  ->  passed  [0.061s]
bin/sh/builtins/functional_test:locale1  ->  passed  [0.167s]
bin/sh/builtins/functional_test:printf1  ->  passed  [0.070s]
bin/sh/builtins/functional_test:printf2  ->  passed  [0.064s]
bin/sh/builtins/functional_test:printf3  ->  passed  [0.062s]
bin/sh/builtins/functional_test:printf4  ->  passed  [0.064s]
bin/sh/builtins/functional_test:read1  ->  passed  [0.093s]
bin/sh/builtins/functional_test:read2  ->  passed  [1.050s]
bin/sh/builtins/functional_test:read3  ->  passed  [0.451s]
bin/sh/builtins/functional_test:read4  ->  passed  [0.231s]
bin/sh/builtins/functional_test:read5  ->  passed  [0.637s]
bin/sh/builtins/functional_test:read6  ->  passed  [0.528s]
bin/sh/builtins/functional_test:read7  ->  passed  [0.406s]
bin/sh/builtins/functional_test:return1  ->  passed  [0.287s]
bin/sh/builtins/functional_test:return2  ->  passed  [0.226s]
bin/sh/builtins/functional_test:return3  ->  passed  [1.274s]
bin/sh/builtins/functional_test:return4  ->  passed  [0.330s]
bin/sh/builtins/functional_test:return5  ->  passed  [0.649s]
bin/sh/builtins/functional_test:return6  ->  passed  [0.611s]
bin/sh/builtins/functional_test:return7  ->  passed  [0.953s]
bin/sh/builtins/functional_test:return8  ->  passed  [1.152s]
bin/sh/builtins/functional_test:set1  ->  passed  [1.445s]
bin/sh/builtins/functional_test:set2  ->  passed  [0.196s]
bin/sh/builtins/functional_test:trap1  ->  passed  [0.274s]
bin/sh/builtins/functional_test:trap10  ->  passed  [0.283s]
bin/sh/builtins/functional_test:trap11  ->  passed  [0.313s]
bin/sh/builtins/functional_test:trap12  ->  passed  [0.171s]
bin/sh/builtins/functional_test:trap13  ->  passed  [0.170s]
bin/sh/builtins/functional_test:trap14  ->  passed  [0.111s]
bin/sh/builtins/functional_test:trap15  ->  passed  [0.100s]
bin/sh/builtins/functional_test:trap16  ->  passed  [0.180s]
bin/sh/builtins/functional_test:trap2  ->  passed  [0.296s]
bin/sh/builtins/functional_test:trap3  ->  passed  [0.487s]
bin/sh/builtins/functional_test:trap4  ->  passed  [0.158s]
bin/sh/builtins/functional_test:trap5  ->  passed  [0.187s]
bin/sh/builtins/functional_test:trap6  ->  passed  [0.108s]
bin/sh/builtins/functional_test:trap7  ->  passed  [0.214s]
bin/sh/builtins/functional_test:trap8  ->  passed  [0.162s]
bin/sh/builtins/functional_test:trap9  ->  passed  [0.146s]
bin/sh/builtins/functional_test:type1  ->  passed  [0.189s]
bin/sh/builtins/functional_test:type2  ->  passed  [1.146s]
bin/sh/builtins/functional_test:type3  ->  passed  [0.159s]
bin/sh/builtins/functional_test:unalias  ->  passed  [0.144s]
bin/sh/builtins/functional_test:var_assign  ->  passed  [0.421s]
bin/sh/builtins/functional_test:var_assign2  ->  passed  [0.219s]
bin/sh/builtins/functional_test:wait1  ->  passed  [0.414s]
bin/sh/builtins/functional_test:wait10  ->  passed  [0.226s]
bin/sh/builtins/functional_test:wait2  ->  passed  [0.118s]
bin/sh/builtins/functional_test:wait3  ->  passed  [0.170s]
bin/sh/builtins/functional_test:wait4  ->  passed  [0.572s]
bin/sh/builtins/functional_test:wait5  ->  passed  [0.458s]
bin/sh/builtins/functional_test:wait6  ->  passed  [0.518s]
bin/sh/builtins/functional_test:wait7  ->  passed  [0.165s]
bin/sh/builtins/functional_test:wait8  ->  passed  [1.219s]
bin/sh/builtins/functional_test:wait9  ->  passed  [0.199s]
bin/sh/errors/functional_test:assignment_error1  ->  passed  [0.362s]
bin/sh/errors/functional_test:assignment_error2  ->  passed  [0.932s]
bin/sh/errors/functional_test:backquote_error1  ->  passed  [0.858s]
bin/sh/errors/functional_test:backquote_error2  ->  passed  [0.454s]
bin/sh/errors/functional_test:bad_binary1  ->  passed  [0.721s]
bin/sh/errors/functional_test:bad_keyword1  ->  passed  [1.331s]
bin/sh/errors/functional_test:bad_parm_exp1  ->  passed  [0.435s]
bin/sh/errors/functional_test:bad_parm_exp2  ->  passed  [0.498s]
bin/sh/errors/functional_test:bad_parm_exp3  ->  passed  [0.594s]
bin/sh/errors/functional_test:bad_parm_exp4  ->  passed  [0.252s]
bin/sh/errors/functional_test:bad_parm_exp5  ->  passed  [0.194s]
bin/sh/errors/functional_test:bad_parm_exp6  ->  passed  [0.509s]
bin/sh/errors/functional_test:option_error  ->  passed  [0.328s]
bin/sh/errors/functional_test:redirection_error  ->  passed  [0.303s]
bin/sh/errors/functional_test:redirection_error2  ->  passed  [0.315s]
bin/sh/errors/functional_test:redirection_error3  ->  passed  [0.276s]
bin/sh/errors/functional_test:redirection_error4  ->  passed  [0.083s]
bin/sh/errors/functional_test:redirection_error5  ->  passed  [0.120s]
bin/sh/errors/functional_test:redirection_error6  ->  passed  [0.387s]
bin/sh/errors/functional_test:redirection_error7  ->  passed  [0.729s]
bin/sh/errors/functional_test:write_error1  ->  passed  [0.144s]
bin/sh/execution/functional_test:bg1  ->  passed  [0.165s]
bin/sh/execution/functional_test:bg10  ->  passed  [0.097s]
bin/sh/execution/functional_test:bg2  ->  passed  [0.094s]
bin/sh/execution/functional_test:bg3  ->  passed  [0.154s]
bin/sh/execution/functional_test:bg4  ->  passed  [0.208s]
bin/sh/execution/functional_test:bg5  ->  passed  [0.116s]
bin/sh/execution/functional_test:bg6  ->  passed  [0.129s]
bin/sh/execution/functional_test:bg7  ->  passed  [0.117s]
bin/sh/execution/functional_test:bg8  ->  passed  [0.153s]
bin/sh/execution/functional_test:bg9  ->  passed  [0.100s]
bin/sh/execution/functional_test:fork1  ->  passed  [0.273s]
bin/sh/execution/functional_test:fork2  ->  passed  [0.566s]
bin/sh/execution/functional_test:fork3  ->  passed  [0.303s]
bin/sh/execution/functional_test:func1  ->  passed  [0.307s]
bin/sh/execution/functional_test:func2  ->  passed  [0.438s]
bin/sh/execution/functional_test:func3  ->  passed  [0.994s]
bin/sh/execution/functional_test:hash1  ->  passed  [0.282s]
bin/sh/execution/functional_test:int_cmd1  ->  passed  [0.189s]
bin/sh/execution/functional_test:killed1  ->  passed  [0.123s]
bin/sh/execution/functional_test:killed2  ->  passed  [0.085s]
bin/sh/execution/functional_test:not1  ->  passed  [0.082s]
bin/sh/execution/functional_test:not2  ->  passed  [0.136s]
bin/sh/execution/functional_test:path1  ->  passed  [0.233s]
bin/sh/execution/functional_test:redir1  ->  passed  [0.543s]
bin/sh/execution/functional_test:redir2  ->  passed  [0.164s]
bin/sh/execution/functional_test:redir3  ->  passed  [0.122s]
bin/sh/execution/functional_test:redir4  ->  passed  [0.098s]
bin/sh/execution/functional_test:redir5  ->  passed  [0.484s]
bin/sh/execution/functional_test:redir6  ->  passed  [1.014s]
bin/sh/execution/functional_test:redir7  ->  passed  [0.242s]
bin/sh/execution/functional_test:set_n1  ->  passed  [0.288s]
bin/sh/execution/functional_test:set_n2  ->  passed  [0.835s]
bin/sh/execution/functional_test:set_n3  ->  passed  [0.417s]
bin/sh/execution/functional_test:set_n4  ->  passed  [0.317s]
bin/sh/execution/functional_test:set_x1  ->  passed  [0.091s]
bin/sh/execution/functional_test:set_x2  ->  passed  [0.126s]
bin/sh/execution/functional_test:set_x3  ->  passed  [0.148s]
bin/sh/execution/functional_test:set_x4  ->  passed  [0.216s]
bin/sh/execution/functional_test:shellproc1  ->  passed  [0.491s]
bin/sh/execution/functional_test:subshell1  ->  passed  [0.189s]
bin/sh/execution/functional_test:subshell2  ->  passed  [0.131s]
bin/sh/execution/functional_test:subshell3  ->  passed  [0.163s]
bin/sh/execution/functional_test:subshell4  ->  passed  [0.413s]
bin/sh/execution/functional_test:unknown1  ->  passed  [0.304s]
bin/sh/execution/functional_test:var_assign1  ->  passed  [0.877s]
bin/sh/expansion/functional_test:arith1  ->  passed  [0.381s]
bin/sh/expansion/functional_test:arith10  ->  passed  [0.210s]
bin/sh/expansion/functional_test:arith11  ->  passed  [0.317s]
bin/sh/expansion/functional_test:arith12  ->  passed  [0.160s]
bin/sh/expansion/functional_test:arith13  ->  passed  [0.155s]
bin/sh/expansion/functional_test:arith14  ->  passed  [0.250s]
bin/sh/expansion/functional_test:arith2  ->  passed  [0.312s]
bin/sh/expansion/functional_test:arith3  ->  passed  [0.285s]
bin/sh/expansion/functional_test:arith4  ->  passed  [0.092s]
bin/sh/expansion/functional_test:arith5  ->  passed  [0.134s]
bin/sh/expansion/functional_test:arith6  ->  passed  [0.633s]
bin/sh/expansion/functional_test:arith7  ->  passed  [0.669s]
bin/sh/expansion/functional_test:arith8  ->  passed  [0.312s]
bin/sh/expansion/functional_test:arith9  ->  passed  [0.609s]
bin/sh/expansion/functional_test:assign1  ->  passed  [0.883s]
bin/sh/expansion/functional_test:cmdsubst1  ->  passed  [0.160s]
bin/sh/expansion/functional_test:cmdsubst10  ->  passed  [0.112s]
bin/sh/expansion/functional_test:cmdsubst11  ->  passed  [0.159s]
bin/sh/expansion/functional_test:cmdsubst12  ->  passed  [0.117s]
bin/sh/expansion/functional_test:cmdsubst13  ->  passed  [0.133s]
bin/sh/expansion/functional_test:cmdsubst14  ->  passed  [0.229s]
bin/sh/expansion/functional_test:cmdsubst15  ->  passed  [0.116s]
bin/sh/expansion/functional_test:cmdsubst16  ->  passed  [0.120s]
bin/sh/expansion/functional_test:cmdsubst17  ->  passed  [0.389s]
bin/sh/expansion/functional_test:cmdsubst2  ->  passed  [0.272s]
bin/sh/expansion/functional_test:cmdsubst3  ->  passed  [0.257s]
bin/sh/expansion/functional_test:cmdsubst4  ->  passed  [0.127s]
bin/sh/expansion/functional_test:cmdsubst5  ->  passed  [0.514s]
bin/sh/expansion/functional_test:cmdsubst6  ->  passed  [0.574s]
bin/sh/expansion/functional_test:cmdsubst7  ->  passed  [0.205s]
bin/sh/expansion/functional_test:cmdsubst8  ->  passed  [0.133s]
bin/sh/expansion/functional_test:cmdsubst9  ->  passed  [0.200s]
bin/sh/expansion/functional_test:export1  ->  passed  [0.115s]
bin/sh/expansion/functional_test:export2  ->  passed  [0.859s]
bin/sh/expansion/functional_test:export3  ->  passed  [0.392s]
bin/sh/expansion/functional_test:heredoc1  ->  passed  [0.232s]
bin/sh/expansion/functional_test:heredoc2  ->  passed  [0.171s]
bin/sh/expansion/functional_test:ifs1  ->  passed  [0.538s]
bin/sh/expansion/functional_test:ifs2  ->  passed  [0.418s]
bin/sh/expansion/functional_test:ifs3  ->  passed  [0.212s]
bin/sh/expansion/functional_test:ifs4  ->  passed  [0.304s]
bin/sh/expansion/functional_test:ifs5  ->  passed  [0.449s]
bin/sh/expansion/functional_test:ifs6  ->  passed  [0.563s]
bin/sh/expansion/functional_test:ifs7  ->  passed  [0.382s]
bin/sh/expansion/functional_test:length1  ->  passed  [0.350s]
bin/sh/expansion/functional_test:length2  ->  passed  [0.183s]
bin/sh/expansion/functional_test:length3  ->  passed  [0.706s]
bin/sh/expansion/functional_test:length4  ->  passed  [0.066s]
bin/sh/expansion/functional_test:length5  ->  passed  [0.064s]
bin/sh/expansion/functional_test:length6  ->  passed  [0.059s]
bin/sh/expansion/functional_test:length7  ->  passed  [0.062s]
bin/sh/expansion/functional_test:length8  ->  passed  [0.079s]
bin/sh/expansion/functional_test:local1  ->  passed  [0.087s]
bin/sh/expansion/functional_test:local2  ->  passed  [0.059s]
bin/sh/expansion/functional_test:pathname1  ->  passed  [0.588s]
bin/sh/expansion/functional_test:pathname2  ->  passed  [0.334s]
bin/sh/expansion/functional_test:pathname3  ->  passed  [0.069s]
bin/sh/expansion/functional_test:pathname4  ->  passed  [0.119s]
bin/sh/expansion/functional_test:pathname5  ->  passed  [0.057s]
bin/sh/expansion/functional_test:plus_minus1  ->  passed  [0.061s]
bin/sh/expansion/functional_test:plus_minus2  ->  passed  [0.059s]
bin/sh/expansion/functional_test:plus_minus3  ->  passed  [0.061s]
bin/sh/expansion/functional_test:plus_minus4  ->  passed  [0.060s]
bin/sh/expansion/functional_test:plus_minus5  ->  passed  [0.061s]
bin/sh/expansion/functional_test:plus_minus6  ->  passed  [0.072s]
bin/sh/expansion/functional_test:plus_minus7  ->  passed  [0.060s]
bin/sh/expansion/functional_test:plus_minus8  ->  passed  [0.058s]
bin/sh/expansion/functional_test:question1  ->  passed  [0.096s]
bin/sh/expansion/functional_test:readonly1  ->  passed  [0.060s]
bin/sh/expansion/functional_test:redir1  ->  passed  [0.108s]
bin/sh/expansion/functional_test:set_u1  ->  passed  [1.334s]
bin/sh/expansion/functional_test:set_u2  ->  passed  [0.398s]
bin/sh/expansion/functional_test:set_u3  ->  passed  [1.235s]
bin/sh/expansion/functional_test:tilde1  ->  passed  [0.201s]
bin/sh/expansion/functional_test:tilde2  ->  passed  [0.188s]
bin/sh/expansion/functional_test:trim1  ->  passed  [0.232s]
bin/sh/expansion/functional_test:trim2  ->  passed  [0.168s]
bin/sh/expansion/functional_test:trim3  ->  passed  [0.242s]
bin/sh/expansion/functional_test:trim4  ->  passed  [0.452s]
bin/sh/expansion/functional_test:trim5  ->  passed  [0.273s]
bin/sh/expansion/functional_test:trim6  ->  passed  [0.167s]
bin/sh/expansion/functional_test:trim7  ->  passed  [0.154s]
bin/sh/expansion/functional_test:trim8  ->  passed  [0.248s]
bin/sh/parameters/functional_test:env1  ->  passed  [0.683s]
bin/sh/parameters/functional_test:exitstatus1  ->  passed  [0.475s]
bin/sh/parameters/functional_test:mail1  ->  passed  [1.627s]
bin/sh/parameters/functional_test:mail2  ->  passed  [0.327s]
bin/sh/parameters/functional_test:optind1  ->  passed  [0.419s]
bin/sh/parameters/functional_test:optind2  ->  passed  [0.433s]
bin/sh/parameters/functional_test:positional1  ->  passed  [0.380s]
bin/sh/parameters/functional_test:positional2  ->  passed  [0.674s]
bin/sh/parameters/functional_test:positional3  ->  passed  [0.563s]
bin/sh/parameters/functional_test:positional4  ->  passed  [0.392s]
bin/sh/parameters/functional_test:positional5  ->  passed  [0.503s]
bin/sh/parameters/functional_test:positional6  ->  passed  [0.992s]
bin/sh/parameters/functional_test:positional7  ->  passed  [0.202s]
bin/sh/parameters/functional_test:pwd1  ->  passed  [0.139s]
bin/sh/parameters/functional_test:pwd2  ->  passed  [0.267s]
bin/sh/parser/functional_test:alias1  ->  passed  [0.463s]
bin/sh/parser/functional_test:alias10  ->  passed  [0.088s]
bin/sh/parser/functional_test:alias11  ->  passed  [0.117s]
bin/sh/parser/functional_test:alias12  ->  passed  [0.247s]
bin/sh/parser/functional_test:alias13  ->  passed  [0.141s]
bin/sh/parser/functional_test:alias14  ->  passed  [0.678s]
bin/sh/parser/functional_test:alias15  ->  passed  [0.557s]
bin/sh/parser/functional_test:alias2  ->  passed  [0.183s]
bin/sh/parser/functional_test:alias3  ->  passed  [0.259s]
bin/sh/parser/functional_test:alias4  ->  passed  [1.252s]
bin/sh/parser/functional_test:alias5  ->  passed  [0.232s]
bin/sh/parser/functional_test:alias6  ->  passed  [0.210s]
bin/sh/parser/functional_test:alias7  ->  passed  [0.205s]
bin/sh/parser/functional_test:alias8  ->  passed  [0.386s]
bin/sh/parser/functional_test:alias9  ->  passed  [0.152s]
bin/sh/parser/functional_test:and_pipe_not  ->  passed  [0.087s]
bin/sh/parser/functional_test:case1  ->  passed  [0.104s]
bin/sh/parser/functional_test:case2  ->  passed  [0.110s]
bin/sh/parser/functional_test:dollar_quote1  ->  passed  [0.166s]
bin/sh/parser/functional_test:dollar_quote10  ->  passed  [0.159s]
bin/sh/parser/functional_test:dollar_quote11  ->  passed  [0.093s]
bin/sh/parser/functional_test:dollar_quote2  ->  passed  [0.157s]
bin/sh/parser/functional_test:dollar_quote3  ->  passed  [0.091s]
bin/sh/parser/functional_test:dollar_quote4  ->  passed  [0.235s]
bin/sh/parser/functional_test:dollar_quote5  ->  passed  [0.520s]
bin/sh/parser/functional_test:dollar_quote6  ->  passed  [0.125s]
bin/sh/parser/functional_test:dollar_quote7  ->  passed  [0.189s]
bin/sh/parser/functional_test:dollar_quote8  ->  passed  [0.138s]
bin/sh/parser/functional_test:dollar_quote9  ->  passed  [0.175s]
bin/sh/parser/functional_test:empty_braces1  ->  passed  [0.194s]
bin/sh/parser/functional_test:empty_cmd1  ->  passed  [0.917s]
bin/sh/parser/functional_test:for1  ->  passed  [0.237s]
bin/sh/parser/functional_test:for2  ->  passed  [0.168s]
bin/sh/parser/functional_test:func1  ->  passed  [0.195s]
bin/sh/parser/functional_test:func2  ->  passed  [0.144s]
bin/sh/parser/functional_test:func3  ->  passed  [0.122s]
bin/sh/parser/functional_test:heredoc1  ->  passed  [0.158s]
bin/sh/parser/functional_test:heredoc10  ->  passed  [0.212s]
bin/sh/parser/functional_test:heredoc11  ->  passed  [0.124s]
bin/sh/parser/functional_test:heredoc12  ->  passed  [0.194s]
bin/sh/parser/functional_test:heredoc2  ->  passed  [0.095s]
bin/sh/parser/functional_test:heredoc3  ->  passed  [0.170s]
bin/sh/parser/functional_test:heredoc4  ->  passed  [0.282s]
bin/sh/parser/functional_test:heredoc5  ->  passed  [0.205s]
bin/sh/parser/functional_test:heredoc6  ->  passed  [0.109s]
bin/sh/parser/functional_test:heredoc7  ->  passed  [0.118s]
bin/sh/parser/functional_test:heredoc8  ->  passed  [0.089s]
bin/sh/parser/functional_test:heredoc9  ->  passed  [0.287s]
bin/sh/parser/functional_test:line_cont1  ->  passed  [0.199s]
bin/sh/parser/functional_test:line_cont10  ->  passed  [0.157s]
bin/sh/parser/functional_test:line_cont11  ->  passed  [0.150s]
bin/sh/parser/functional_test:line_cont2  ->  passed  [0.149s]
bin/sh/parser/functional_test:line_cont3  ->  passed  [0.118s]
bin/sh/parser/functional_test:line_cont4  ->  passed  [0.108s]
bin/sh/parser/functional_test:line_cont5  ->  passed  [0.152s]
bin/sh/parser/functional_test:line_cont6  ->  passed  [0.092s]
bin/sh/parser/functional_test:line_cont7  ->  passed  [0.703s]
bin/sh/parser/functional_test:line_cont8  ->  passed  [0.130s]
bin/sh/parser/functional_test:line_cont9  ->  passed  [0.086s]
bin/sh/parser/functional_test:no_space1  ->  passed  [0.116s]
bin/sh/parser/functional_test:no_space2  ->  passed  [0.086s]
bin/sh/parser/functional_test:only_redir1  ->  passed  [0.126s]
bin/sh/parser/functional_test:only_redir2  ->  passed  [0.119s]
bin/sh/parser/functional_test:only_redir3  ->  passed  [0.126s]
bin/sh/parser/functional_test:only_redir4  ->  passed  [0.248s]
bin/sh/parser/functional_test:pipe_not1  ->  passed  [0.203s]
bin/sh/parser/functional_test:var_assign1  ->  passed  [0.308s]
bin/sh/set-e/functional_test:and1  ->  passed  [0.180s]
bin/sh/set-e/functional_test:and2  ->  passed  [0.137s]
bin/sh/set-e/functional_test:and3  ->  passed  [0.107s]
bin/sh/set-e/functional_test:and4  ->  passed  [0.106s]
bin/sh/set-e/functional_test:background1  ->  passed  [0.137s]
bin/sh/set-e/functional_test:cmd1  ->  passed  [0.133s]
bin/sh/set-e/functional_test:cmd2  ->  passed  [0.743s]
bin/sh/set-e/functional_test:elif1  ->  passed  [1.459s]
bin/sh/set-e/functional_test:elif2  ->  passed  [0.527s]
bin/sh/set-e/functional_test:eval1  ->  passed  [0.344s]
bin/sh/set-e/functional_test:eval2  ->  passed  [0.143s]
bin/sh/set-e/functional_test:for1  ->  passed  [0.214s]
bin/sh/set-e/functional_test:func1  ->  passed  [0.326s]
bin/sh/set-e/functional_test:func2  ->  passed  [0.339s]
bin/sh/set-e/functional_test:if1  ->  passed  [0.171s]
bin/sh/set-e/functional_test:if2  ->  passed  [0.185s]
bin/sh/set-e/functional_test:if3  ->  passed  [0.177s]
bin/sh/set-e/functional_test:not1  ->  passed  [0.112s]
bin/sh/set-e/functional_test:not2  ->  passed  [0.129s]
bin/sh/set-e/functional_test:or1  ->  passed  [0.170s]
bin/sh/set-e/functional_test:or2  ->  passed  [0.153s]
bin/sh/set-e/functional_test:or3  ->  passed  [0.588s]
bin/sh/set-e/functional_test:pipe1  ->  passed  [0.660s]
bin/sh/set-e/functional_test:pipe2  ->  passed  [0.453s]
bin/sh/set-e/functional_test:return1  ->  passed  [0.616s]
bin/sh/set-e/functional_test:semi1  ->  passed  [0.200s]
bin/sh/set-e/functional_test:semi2  ->  passed  [0.315s]
bin/sh/set-e/functional_test:subshell1  ->  passed  [0.310s]
bin/sh/set-e/functional_test:subshell2  ->  passed  [0.344s]
bin/sh/set-e/functional_test:until1  ->  passed  [0.417s]
bin/sh/set-e/functional_test:until2  ->  passed  [0.227s]
bin/sh/set-e/functional_test:until3  ->  passed  [0.133s]
bin/sh/set-e/functional_test:while1  ->  passed  [0.240s]
bin/sh/set-e/functional_test:while2  ->  passed  [0.121s]
bin/sh/set-e/functional_test:while3  ->  passed  [0.113s]
bin/sleep/sleep_test:fraction  ->  passed  [1.482s]
bin/sleep/sleep_test:hex  ->  passed  [1.408s]
bin/sleep/sleep_test:nonnumeric  ->  passed  [0.183s]
bin/test/legacy_test:main  ->  passed  [0.885s]
gnu/usr.bin/diff/diff_test:mallocv  ->  passed  [0.180s]
gnu/usr.bin/diff/diff_test:nomallocv  ->  passed  [0.061s]
gnu/usr.bin/diff/diff_test:same  ->  passed  [0.264s]
lib/atf/libatf-c++/atf_c++_test:include  ->  passed  [2.217s]
lib/atf/libatf-c++/build_test:c_o  ->  passed  [0.700s]
lib/atf/libatf-c++/build_test:cpp  ->  passed  [0.413s]
lib/atf/libatf-c++/build_test:cxx_o  ->  passed  [1.033s]
lib/atf/libatf-c++/build_test:equal_argvs  ->  passed  [0.777s]
lib/atf/libatf-c++/check_test:build_c_o  ->  passed  [0.222s]
lib/atf/libatf-c++/check_test:build_cpp  ->  passed  [0.089s]
lib/atf/libatf-c++/check_test:build_cxx_o  ->  passed  [1.122s]
lib/atf/libatf-c++/check_test:exec_cleanup  ->  passed  [0.296s]
lib/atf/libatf-c++/check_test:exec_exitstatus  ->  passed  [0.156s]
lib/atf/libatf-c++/check_test:exec_stdout_stderr  ->  passed  [0.419s]
lib/atf/libatf-c++/check_test:exec_unknown  ->  passed  [0.135s]
lib/atf/libatf-c++/detail/application_test:getopt  ->  passed  [0.016s]
lib/atf/libatf-c++/detail/env_test:get_with_default  ->  passed  [0.016s]
lib/atf/libatf-c++/detail/env_test:has_get  ->  passed  [0.016s]
lib/atf/libatf-c++/detail/env_test:set  ->  passed  [0.017s]
lib/atf/libatf-c++/detail/env_test:unset  ->  passed  [0.016s]
lib/atf/libatf-c++/detail/exceptions_test:throw_atf_error_libc  ->  passed  [0.017s]
lib/atf/libatf-c++/detail/exceptions_test:throw_atf_error_no_memory  ->  passed  [0.017s]
lib/atf/libatf-c++/detail/exceptions_test:throw_atf_error_unknown  ->  passed  [0.016s]
lib/atf/libatf-c++/detail/fs_test:directory_file_info  ->  passed  [0.438s]
lib/atf/libatf-c++/detail/fs_test:directory_names  ->  passed  [0.033s]
lib/atf/libatf-c++/detail/fs_test:directory_read  ->  passed  [0.022s]
lib/atf/libatf-c++/detail/fs_test:exists  ->  passed  [0.023s]
lib/atf/libatf-c++/detail/fs_test:file_info_perms  ->  passed  [0.018s]
lib/atf/libatf-c++/detail/fs_test:file_info_stat  ->  passed  [0.021s]
lib/atf/libatf-c++/detail/fs_test:is_executable  ->  passed  [0.022s]
lib/atf/libatf-c++/detail/fs_test:path_branch_path  ->  passed  [0.017s]
lib/atf/libatf-c++/detail/fs_test:path_compare_different  ->  passed  [0.016s]
lib/atf/libatf-c++/detail/fs_test:path_compare_equal  ->  passed  [0.017s]
lib/atf/libatf-c++/detail/fs_test:path_concat  ->  passed  [0.390s]
lib/atf/libatf-c++/detail/fs_test:path_is_absolute  ->  passed  [0.647s]
lib/atf/libatf-c++/detail/fs_test:path_is_root  ->  passed  [0.079s]
lib/atf/libatf-c++/detail/fs_test:path_leaf_name  ->  passed  [0.640s]
lib/atf/libatf-c++/detail/fs_test:path_normalize  ->  passed  [7.154s]
lib/atf/libatf-c++/detail/fs_test:path_op_less  ->  passed  [0.617s]
lib/atf/libatf-c++/detail/fs_test:path_to_absolute  ->  passed  [0.374s]
lib/atf/libatf-c++/detail/fs_test:remove  ->  passed  [0.283s]
lib/atf/libatf-c++/detail/process_test:argv_array_assign  ->  passed  [1.027s]
lib/atf/libatf-c++/detail/process_test:argv_array_copy  ->  passed  [0.269s]
lib/atf/libatf-c++/detail/process_test:argv_array_exec_argv  ->  passed  [0.360s]
lib/atf/libatf-c++/detail/process_test:argv_array_init_carray  ->  passed  [0.244s]
lib/atf/libatf-c++/detail/process_test:argv_array_init_col  ->  passed  [0.403s]
lib/atf/libatf-c++/detail/process_test:argv_array_init_empty  ->  passed  [0.332s]
lib/atf/libatf-c++/detail/process_test:argv_array_init_varargs  ->  passed  [0.172s]
lib/atf/libatf-c++/detail/process_test:argv_array_iter  ->  passed  [0.164s]
lib/atf/libatf-c++/detail/process_test:exec_failure  ->  passed  [0.372s]
lib/atf/libatf-c++/detail/process_test:exec_success  ->  passed  [0.305s]
lib/atf/libatf-c++/detail/text_test:duplicate  ->  passed  [0.273s]
lib/atf/libatf-c++/detail/text_test:join  ->  passed  [0.240s]
lib/atf/libatf-c++/detail/text_test:match  ->  passed  [0.584s]
lib/atf/libatf-c++/detail/text_test:split  ->  passed  [1.552s]
lib/atf/libatf-c++/detail/text_test:split_delims  ->  passed  [0.503s]
lib/atf/libatf-c++/detail/text_test:to_bool  ->  passed  [0.317s]
lib/atf/libatf-c++/detail/text_test:to_bytes  ->  passed  [0.156s]
lib/atf/libatf-c++/detail/text_test:to_string  ->  passed  [0.215s]
lib/atf/libatf-c++/detail/text_test:to_type  ->  passed  [0.171s]
lib/atf/libatf-c++/detail/text_test:trim  ->  passed  [0.417s]
lib/atf/libatf-c++/macros_test:check_errno  ->  passed  [0.151s]
lib/atf/libatf-c++/macros_test:detect_unused_tests  ->  passed  [1.166s]
lib/atf/libatf-c++/macros_test:fail  ->  passed  [0.065s]
lib/atf/libatf-c++/macros_test:pass  ->  passed  [0.170s]
lib/atf/libatf-c++/macros_test:require  ->  passed  [0.238s]
lib/atf/libatf-c++/macros_test:require_eq  ->  passed  [0.227s]
lib/atf/libatf-c++/macros_test:require_errno  ->  passed  [0.330s]
lib/atf/libatf-c++/macros_test:require_in  ->  passed  [0.224s]
lib/atf/libatf-c++/macros_test:require_match  ->  passed  [0.170s]
lib/atf/libatf-c++/macros_test:require_not_in  ->  passed  [0.180s]
lib/atf/libatf-c++/macros_test:require_throw  ->  passed  [0.295s]
lib/atf/libatf-c++/macros_test:require_throw_re  ->  passed  [0.458s]
lib/atf/libatf-c++/macros_test:skip  ->  passed  [0.360s]
lib/atf/libatf-c++/macros_test:use  ->  passed  [2.862s]
lib/atf/libatf-c++/tests_test:atf_tp_writer  ->  passed  [0.508s]
lib/atf/libatf-c++/utils_test:cat_file__empty  ->  passed  [0.474s]
lib/atf/libatf-c++/utils_test:cat_file__no_newline_eof  ->  passed  [0.111s]
lib/atf/libatf-c++/utils_test:cat_file__one_line  ->  passed  [0.255s]
lib/atf/libatf-c++/utils_test:cat_file__several_lines  ->  passed  [0.528s]
lib/atf/libatf-c++/utils_test:compare_file__empty__match  ->  passed  [0.314s]
lib/atf/libatf-c++/utils_test:compare_file__empty__not_match  ->  passed  [0.427s]
lib/atf/libatf-c++/utils_test:compare_file__long__match  ->  passed  [0.352s]
lib/atf/libatf-c++/utils_test:compare_file__long__not_match  ->  passed  [0.274s]
lib/atf/libatf-c++/utils_test:compare_file__short__match  ->  passed  [0.757s]
lib/atf/libatf-c++/utils_test:compare_file__short__not_match  ->  passed  [0.211s]
lib/atf/libatf-c++/utils_test:copy_file__empty  ->  passed  [0.469s]
lib/atf/libatf-c++/utils_test:copy_file__some_contents  ->  passed  [0.545s]
lib/atf/libatf-c++/utils_test:create_file  ->  passed  [0.298s]
lib/atf/libatf-c++/utils_test:file_exists  ->  passed  [0.422s]
lib/atf/libatf-c++/utils_test:fork  ->  passed  [0.598s]
lib/atf/libatf-c++/utils_test:grep_collection__set  ->  passed  [0.323s]
lib/atf/libatf-c++/utils_test:grep_collection__vector  ->  passed  [0.588s]
lib/atf/libatf-c++/utils_test:grep_file  ->  passed  [0.506s]
lib/atf/libatf-c++/utils_test:grep_string  ->  passed  [0.954s]
lib/atf/libatf-c++/utils_test:redirect__other  ->  passed  [0.278s]
lib/atf/libatf-c++/utils_test:redirect__stderr  ->  passed  [0.349s]
lib/atf/libatf-c++/utils_test:redirect__stdout  ->  passed  [0.644s]
lib/atf/libatf-c++/utils_test:wait__invalid_exitstatus  ->  passed  [0.353s]
lib/atf/libatf-c++/utils_test:wait__invalid_stderr  ->  passed  [0.310s]
lib/atf/libatf-c++/utils_test:wait__invalid_stdout  ->  passed  [0.336s]
lib/atf/libatf-c++/utils_test:wait__ok  ->  passed  [0.142s]
lib/atf/libatf-c++/utils_test:wait__ok_nested  ->  passed  [0.280s]
lib/atf/libatf-c++/utils_test:wait__save_stderr  ->  passed  [0.271s]
lib/atf/libatf-c++/utils_test:wait__save_stdout  ->  passed  [0.025s]
lib/atf/libatf-c/atf_c_test:include  ->  passed  [27.012s]
lib/atf/libatf-c/build_test:c_o  ->  passed  [0.397s]
lib/atf/libatf-c/build_test:cpp  ->  passed  [0.315s]
lib/atf/libatf-c/build_test:cxx_o  ->  passed  [1.951s]
lib/atf/libatf-c/build_test:equal_arrays  ->  passed  [52.584s]
lib/atf/libatf-c/check_test:build_c_o  ->  passed  [3.416s]
lib/atf/libatf-c/check_test:build_cpp  ->  passed  [0.985s]
lib/atf/libatf-c/check_test:build_cxx_o  ->  passed  [6.169s]
lib/atf/libatf-c/check_test:exec_array  ->  passed  [1.298s]
lib/atf/libatf-c/check_test:exec_cleanup  ->  passed  [0.205s]
lib/atf/libatf-c/check_test:exec_exitstatus  ->  passed  [0.716s]
lib/atf/libatf-c/check_test:exec_stdout_stderr  ->  passed  [0.529s]
lib/atf/libatf-c/check_test:exec_umask  ->  passed  [0.125s]
lib/atf/libatf-c/check_test:exec_unknown  ->  passed  [0.315s]
lib/atf/libatf-c/detail/dynstr_test:append_ap  ->  passed  [1.352s]
lib/atf/libatf-c/detail/dynstr_test:append_fmt  ->  passed  [0.924s]
lib/atf/libatf-c/detail/dynstr_test:clear  ->  passed  [0.485s]
lib/atf/libatf-c/detail/dynstr_test:copy  ->  passed  [0.631s]
lib/atf/libatf-c/detail/dynstr_test:cstring  ->  passed  [0.539s]
lib/atf/libatf-c/detail/dynstr_test:equal_cstring  ->  passed  [0.397s]
lib/atf/libatf-c/detail/dynstr_test:equal_dynstr  ->  passed  [0.820s]
lib/atf/libatf-c/detail/dynstr_test:fini_disown  ->  passed  [1.015s]
lib/atf/libatf-c/detail/dynstr_test:init  ->  passed  [0.775s]
lib/atf/libatf-c/detail/dynstr_test:init_ap  ->  passed  [1.300s]
lib/atf/libatf-c/detail/dynstr_test:init_fmt  ->  passed  [0.794s]
lib/atf/libatf-c/detail/dynstr_test:init_raw  ->  passed  [0.318s]
lib/atf/libatf-c/detail/dynstr_test:init_rep  ->  passed  [0.344s]
lib/atf/libatf-c/detail/dynstr_test:init_substr  ->  passed  [1.433s]
lib/atf/libatf-c/detail/dynstr_test:length  ->  passed  [0.714s]
lib/atf/libatf-c/detail/dynstr_test:prepend_ap  ->  passed  [0.944s]
lib/atf/libatf-c/detail/dynstr_test:prepend_fmt  ->  passed  [0.441s]
lib/atf/libatf-c/detail/dynstr_test:rfind_ch  ->  passed  [0.410s]
lib/atf/libatf-c/detail/env_test:get  ->  passed  [0.654s]
lib/atf/libatf-c/detail/env_test:get_with_default  ->  passed  [0.264s]
lib/atf/libatf-c/detail/env_test:has  ->  passed  [0.016s]
lib/atf/libatf-c/detail/env_test:set  ->  passed  [0.015s]
lib/atf/libatf-c/detail/env_test:unset  ->  passed  [0.016s]
lib/atf/libatf-c/detail/fs_test:eaccess  ->  passed  [0.019s]
lib/atf/libatf-c/detail/fs_test:exists  ->  passed  [0.648s]
lib/atf/libatf-c/detail/fs_test:getcwd  ->  passed  [1.401s]
lib/atf/libatf-c/detail/fs_test:mkdtemp_err  ->  passed  [0.650s]
lib/atf/libatf-c/detail/fs_test:mkdtemp_ok  ->  passed  [0.434s]
lib/atf/libatf-c/detail/fs_test:mkdtemp_umask  ->  passed  [0.528s]
lib/atf/libatf-c/detail/fs_test:mkstemp_err  ->  passed  [10.102s]
lib/atf/libatf-c/detail/fs_test:mkstemp_ok  ->  passed  [0.318s]
lib/atf/libatf-c/detail/fs_test:mkstemp_umask  ->  passed  [0.750s]
lib/atf/libatf-c/detail/fs_test:path_append  ->  passed  [0.325s]
lib/atf/libatf-c/detail/fs_test:path_branch_path  ->  passed  [1.096s]
lib/atf/libatf-c/detail/fs_test:path_copy  ->  passed  [0.609s]
lib/atf/libatf-c/detail/fs_test:path_equal  ->  passed  [0.345s]
lib/atf/libatf-c/detail/fs_test:path_is_absolute  ->  passed  [1.162s]
lib/atf/libatf-c/detail/fs_test:path_is_root  ->  passed  [0.411s]
lib/atf/libatf-c/detail/fs_test:path_leaf_name  ->  passed  [0.256s]
lib/atf/libatf-c/detail/fs_test:path_normalize  ->  passed  [0.375s]
lib/atf/libatf-c/detail/fs_test:path_to_absolute  ->  passed  [0.416s]
lib/atf/libatf-c/detail/fs_test:rmdir_empty  ->  passed  [0.752s]
lib/atf/libatf-c/detail/fs_test:rmdir_enotempty  ->  passed  [1.429s]
lib/atf/libatf-c/detail/fs_test:rmdir_eperm  ->  passed  [0.828s]
lib/atf/libatf-c/detail/fs_test:stat_mode  ->  passed  [0.651s]
lib/atf/libatf-c/detail/fs_test:stat_perms  ->  passed  [0.700s]
lib/atf/libatf-c/detail/fs_test:stat_type  ->  passed  [0.575s]
lib/atf/libatf-c/detail/list_test:list_append  ->  passed  [0.110s]
lib/atf/libatf-c/detail/list_test:list_append_list  ->  passed  [0.015s]
lib/atf/libatf-c/detail/list_test:list_for_each  ->  passed  [0.016s]
lib/atf/libatf-c/detail/list_test:list_for_each_c  ->  passed  [0.603s]
lib/atf/libatf-c/detail/list_test:list_index  ->  passed  [0.747s]
lib/atf/libatf-c/detail/list_test:list_index_c  ->  passed  [0.517s]
lib/atf/libatf-c/detail/list_test:list_init  ->  passed  [0.596s]
lib/atf/libatf-c/detail/list_test:list_to_charpp_empty  ->  passed  [0.329s]
lib/atf/libatf-c/detail/list_test:list_to_charpp_some  ->  passed  [0.489s]
lib/atf/libatf-c/detail/map_test:find  ->  passed  [0.640s]
lib/atf/libatf-c/detail/map_test:find_c  ->  passed  [0.242s]
lib/atf/libatf-c/detail/map_test:map_for_each  ->  passed  [0.111s]
lib/atf/libatf-c/detail/map_test:map_for_each_c  ->  passed  [0.338s]
lib/atf/libatf-c/detail/map_test:map_init  ->  passed  [0.176s]
lib/atf/libatf-c/detail/map_test:map_init_charpp_empty  ->  passed  [0.237s]
lib/atf/libatf-c/detail/map_test:map_init_charpp_null  ->  passed  [0.943s]
lib/atf/libatf-c/detail/map_test:map_init_charpp_short  ->  passed  [0.331s]
lib/atf/libatf-c/detail/map_test:map_init_charpp_some  ->  passed  [0.646s]
lib/atf/libatf-c/detail/map_test:map_insert  ->  passed  [1.121s]
lib/atf/libatf-c/detail/map_test:stable_keys  ->  passed  [0.677s]
lib/atf/libatf-c/detail/map_test:to_charpp_empty  ->  passed  [0.840s]
lib/atf/libatf-c/detail/map_test:to_charpp_some  ->  passed  [0.545s]
lib/atf/libatf-c/detail/process_test:child_pid  ->  passed  [0.743s]
lib/atf/libatf-c/detail/process_test:child_wait_eintr  ->  passed  [1.538s]
lib/atf/libatf-c/detail/process_test:exec_failure  ->  passed  [0.388s]
lib/atf/libatf-c/detail/process_test:exec_list  ->  passed  [0.224s]
lib/atf/libatf-c/detail/process_test:exec_prehook  ->  passed  [0.319s]
lib/atf/libatf-c/detail/process_test:exec_success  ->  passed  [0.800s]
lib/atf/libatf-c/detail/process_test:fork_cookie  ->  passed  [0.026s]
lib/atf/libatf-c/detail/process_test:fork_out_capture_err_capture  ->  passed  [0.018s]
lib/atf/libatf-c/detail/process_test:fork_out_capture_err_connect  ->  passed  [0.531s]
lib/atf/libatf-c/detail/process_test:fork_out_capture_err_default  ->  passed  [1.059s]
lib/atf/libatf-c/detail/process_test:fork_out_capture_err_inherit  ->  passed  [0.499s]
lib/atf/libatf-c/detail/process_test:fork_out_capture_err_redirect_fd  ->  passed  [0.791s]
lib/atf/libatf-c/detail/process_test:fork_out_capture_err_redirect_path  ->  passed  [0.450s]
lib/atf/libatf-c/detail/process_test:fork_out_connect_err_capture  ->  passed  [0.379s]
lib/atf/libatf-c/detail/process_test:fork_out_connect_err_connect  ->  passed  [0.311s]
lib/atf/libatf-c/detail/process_test:fork_out_connect_err_default  ->  passed  [0.535s]
lib/atf/libatf-c/detail/process_test:fork_out_connect_err_inherit  ->  passed  [8.337s]
lib/atf/libatf-c/detail/process_test:fork_out_connect_err_redirect_fd  ->  passed  [0.698s]
lib/atf/libatf-c/detail/process_test:fork_out_connect_err_redirect_path  ->  passed  [0.337s]
lib/atf/libatf-c/detail/process_test:fork_out_default_err_capture  ->  passed  [0.254s]
lib/atf/libatf-c/detail/process_test:fork_out_default_err_connect  ->  passed  [0.502s]
lib/atf/libatf-c/detail/process_test:fork_out_default_err_default  ->  passed  [0.948s]
lib/atf/libatf-c/detail/process_test:fork_out_default_err_inherit  ->  passed  [0.981s]
lib/atf/libatf-c/detail/process_test:fork_out_default_err_redirect_fd  ->  passed  [0.716s]
lib/atf/libatf-c/detail/process_test:fork_out_default_err_redirect_path  ->  passed  [0.562s]
lib/atf/libatf-c/detail/process_test:fork_out_inherit_err_capture  ->  passed  [0.176s]
lib/atf/libatf-c/detail/process_test:fork_out_inherit_err_connect  ->  passed  [0.366s]
lib/atf/libatf-c/detail/process_test:fork_out_inherit_err_default  ->  passed  [0.200s]
lib/atf/libatf-c/detail/process_test:fork_out_inherit_err_inherit  ->  passed  [0.096s]
lib/atf/libatf-c/detail/process_test:fork_out_inherit_err_redirect_fd  ->  passed  [0.113s]
lib/atf/libatf-c/detail/process_test:fork_out_inherit_err_redirect_path  ->  passed  [0.208s]
lib/atf/libatf-c/detail/process_test:fork_out_redirect_fd_err_capture  ->  passed  [0.327s]
lib/atf/libatf-c/detail/process_test:fork_out_redirect_fd_err_connect  ->  passed  [0.124s]
lib/atf/libatf-c/detail/process_test:fork_out_redirect_fd_err_default  ->  passed  [0.021s]
lib/atf/libatf-c/detail/process_test:fork_out_redirect_fd_err_inherit  ->  passed  [0.020s]
lib/atf/libatf-c/detail/process_test:fork_out_redirect_fd_err_redirect_fd  ->  passed  [0.784s]
lib/atf/libatf-c/detail/process_test:fork_out_redirect_fd_err_redirect_path  ->  passed  [1.437s]
lib/atf/libatf-c/detail/process_test:fork_out_redirect_path_err_capture  ->  passed  [0.479s]
lib/atf/libatf-c/detail/process_test:fork_out_redirect_path_err_connect  ->  passed  [0.836s]
lib/atf/libatf-c/detail/process_test:fork_out_redirect_path_err_default  ->  passed  [0.593s]
lib/atf/libatf-c/detail/process_test:fork_out_redirect_path_err_inherit  ->  passed  [0.783s]
lib/atf/libatf-c/detail/process_test:fork_out_redirect_path_err_redirect_fd  ->  passed  [0.461s]
lib/atf/libatf-c/detail/process_test:fork_out_redirect_path_err_redirect_path  ->  passed  [1.576s]
lib/atf/libatf-c/detail/process_test:status_coredump  ->  passed  [10.887s]
lib/atf/libatf-c/detail/process_test:status_exited  ->  passed  [0.584s]
lib/atf/libatf-c/detail/process_test:status_signaled  ->  passed  [0.492s]
lib/atf/libatf-c/detail/process_test:stream_init_capture  ->  passed  [0.456s]
lib/atf/libatf-c/detail/process_test:stream_init_connect  ->  passed  [0.300s]
lib/atf/libatf-c/detail/process_test:stream_init_inherit  ->  passed  [0.327s]
lib/atf/libatf-c/detail/process_test:stream_init_redirect_fd  ->  passed  [0.276s]
lib/atf/libatf-c/detail/process_test:stream_init_redirect_path  ->  passed  [0.513s]
lib/atf/libatf-c/detail/sanity_test:inv  ->  passed  [14.247s]
lib/atf/libatf-c/detail/sanity_test:post  ->  passed  [5.347s]
lib/atf/libatf-c/detail/sanity_test:pre  ->  passed  [5.174s]
lib/atf/libatf-c/detail/sanity_test:unreachable  ->  passed  [3.970s]
lib/atf/libatf-c/detail/text_test:for_each_word  ->  passed  [0.197s]
lib/atf/libatf-c/detail/text_test:format  ->  passed  [0.135s]
lib/atf/libatf-c/detail/text_test:format_ap  ->  passed  [0.015s]
lib/atf/libatf-c/detail/text_test:split  ->  passed  [0.014s]
lib/atf/libatf-c/detail/text_test:split_delims  ->  passed  [0.015s]
lib/atf/libatf-c/detail/text_test:to_bool  ->  passed  [0.482s]
lib/atf/libatf-c/detail/text_test:to_long  ->  passed  [0.351s]
lib/atf/libatf-c/detail/user_test:euid  ->  passed  [0.217s]
lib/atf/libatf-c/detail/user_test:is_member_of_group  ->  passed  [1.036s]
lib/atf/libatf-c/detail/user_test:is_root  ->  passed  [0.683s]
lib/atf/libatf-c/detail/user_test:is_unprivileged  ->  passed  [0.360s]
lib/atf/libatf-c/error_test:error_new  ->  passed  [0.198s]
lib/atf/libatf-c/error_test:error_new_wo_memory  ->  passed  [0.017s]
lib/atf/libatf-c/error_test:format  ->  passed  [0.015s]
lib/atf/libatf-c/error_test:is_error  ->  passed  [0.014s]
lib/atf/libatf-c/error_test:libc_format  ->  passed  [0.449s]
lib/atf/libatf-c/error_test:libc_new  ->  passed  [0.114s]
lib/atf/libatf-c/error_test:no_error  ->  passed  [0.231s]
lib/atf/libatf-c/error_test:no_memory_format  ->  passed  [0.471s]
lib/atf/libatf-c/error_test:no_memory_new  ->  passed  [0.140s]
lib/atf/libatf-c/error_test:no_memory_twice  ->  passed  [1.095s]
lib/atf/libatf-c/macros_test:check  ->  passed  [0.354s]
lib/atf/libatf-c/macros_test:check_eq  ->  passed  [1.044s]
lib/atf/libatf-c/macros_test:check_errno  ->  passed  [0.702s]
lib/atf/libatf-c/macros_test:check_match  ->  passed  [0.699s]
lib/atf/libatf-c/macros_test:check_streq  ->  passed  [0.496s]
lib/atf/libatf-c/macros_test:detect_unused_tests  ->  passed  [1.472s]
lib/atf/libatf-c/macros_test:msg_embedded_fmt  ->  passed  [0.277s]
lib/atf/libatf-c/macros_test:require  ->  passed  [0.445s]
lib/atf/libatf-c/macros_test:require_eq  ->  passed  [0.682s]
lib/atf/libatf-c/macros_test:require_errno  ->  passed  [0.252s]
lib/atf/libatf-c/macros_test:require_match  ->  passed  [0.036s]
lib/atf/libatf-c/macros_test:require_streq  ->  passed  [0.053s]
lib/atf/libatf-c/macros_test:use  ->  passed  [0.611s]
lib/atf/libatf-c/tc_test:config  ->  passed  [0.564s]
lib/atf/libatf-c/tc_test:init  ->  passed  [0.464s]
lib/atf/libatf-c/tc_test:init_pack  ->  passed  [0.173s]
lib/atf/libatf-c/tc_test:vars  ->  passed  [1.041s]
lib/atf/libatf-c/tp_test:getopt  ->  passed  [0.364s]
lib/atf/libatf-c/utils_test:cat_file__empty  ->  passed  [0.140s]
lib/atf/libatf-c/utils_test:cat_file__no_newline_eof  ->  passed  [0.689s]
lib/atf/libatf-c/utils_test:cat_file__one_line  ->  passed  [0.276s]
lib/atf/libatf-c/utils_test:cat_file__several_lines  ->  passed  [0.280s]
lib/atf/libatf-c/utils_test:compare_file__empty__match  ->  passed  [0.317s]
lib/atf/libatf-c/utils_test:compare_file__empty__not_match  ->  passed  [29.604s]
lib/atf/libatf-c/utils_test:compare_file__long__match  ->  passed  [0.273s]
lib/atf/libatf-c/utils_test:compare_file__long__not_match  ->  passed  [0.300s]
lib/atf/libatf-c/utils_test:compare_file__short__match  ->  passed  [0.409s]
lib/atf/libatf-c/utils_test:compare_file__short__not_match  ->  passed  [0.542s]
lib/atf/libatf-c/utils_test:copy_file__empty  ->  passed  [1.400s]
lib/atf/libatf-c/utils_test:copy_file__some_contents  ->  passed  [0.568s]
lib/atf/libatf-c/utils_test:create_file  ->  passed  [0.390s]
lib/atf/libatf-c/utils_test:file_exists  ->  passed  [0.727s]
lib/atf/libatf-c/utils_test:fork  ->  passed  [0.698s]
lib/atf/libatf-c/utils_test:free_charpp__empty  ->  passed  [0.452s]
lib/atf/libatf-c/utils_test:free_charpp__some  ->  passed  [0.485s]
lib/atf/libatf-c/utils_test:grep_file  ->  passed  [0.440s]
lib/atf/libatf-c/utils_test:grep_string  ->  passed  [0.017s]
lib/atf/libatf-c/utils_test:readline__none  ->  passed  [0.016s]
lib/atf/libatf-c/utils_test:readline__some  ->  passed  [0.018s]
lib/atf/libatf-c/utils_test:redirect__other  ->  passed  [0.017s]
lib/atf/libatf-c/utils_test:redirect__stderr  ->  passed  [0.017s]
lib/atf/libatf-c/utils_test:redirect__stdout  ->  passed  [0.017s]
lib/atf/libatf-c/utils_test:wait__invalid_exitstatus  ->  passed  [0.021s]
lib/atf/libatf-c/utils_test:wait__invalid_stderr  ->  passed  [0.022s]
lib/atf/libatf-c/utils_test:wait__invalid_stdout  ->  passed  [0.056s]
lib/atf/libatf-c/utils_test:wait__ok  ->  passed  [1.395s]
lib/atf/libatf-c/utils_test:wait__ok_nested  ->  passed  [1.359s]
lib/atf/libatf-c/utils_test:wait__save_stderr  ->  passed  [0.629s]
lib/atf/libatf-c/utils_test:wait__save_stdout  ->  passed  [1.106s]
lib/atf/test-programs/config_test:vflag  ->  passed  [2.483s]
lib/atf/test-programs/expect_test:expect_death  ->  passed  [2.803s]
lib/atf/test-programs/expect_test:expect_exit  ->  passed  [1.305s]
lib/atf/test-programs/expect_test:expect_fail  ->  passed  [2.911s]
lib/atf/test-programs/expect_test:expect_pass  ->  passed  [0.789s]
lib/atf/test-programs/expect_test:expect_signal  ->  passed  [4.049s]
lib/atf/test-programs/expect_test:expect_timeout  ->  passed  [7.361s]
lib/atf/test-programs/meta_data_test:no_descr  ->  passed  [2.105s]
lib/atf/test-programs/meta_data_test:no_head  ->  passed  [1.133s]
lib/atf/test-programs/result_test:result_exception  ->  passed  [5.173s]
lib/atf/test-programs/result_test:result_on_stdout  ->  passed  [1.007s]
lib/atf/test-programs/result_test:result_to_file  ->  passed  [1.500s]
lib/atf/test-programs/result_test:result_to_file_fail  ->  passed  [9.371s]
lib/atf/test-programs/result_test:runtime_warnings  ->  passed  [0.593s]
lib/atf/test-programs/srcdir_test:default  ->  passed  [0.435s]
lib/atf/test-programs/srcdir_test:libtool  ->  passed  [0.662s]
lib/atf/test-programs/srcdir_test:relative  ->  passed  [5.600s]
lib/atf/test-programs/srcdir_test:sflag  ->  passed  [1.716s]
lib/libc/c063/faccessat:faccessat_fd  ->  passed  [0.231s]
lib/libc/c063/faccessat:faccessat_fdcwd  ->  passed  [0.187s]
lib/libc/c063/faccessat:faccessat_fdcwderr  ->  passed  [0.175s]
lib/libc/c063/faccessat:faccessat_fderr1  ->  passed  [0.101s]
lib/libc/c063/faccessat:faccessat_fderr2  ->  passed  [0.104s]
lib/libc/c063/faccessat:faccessat_fderr3  ->  passed  [0.149s]
lib/libc/c063/fchmodat:fchmodat_fd  ->  passed  [0.355s]
lib/libc/c063/fchmodat:fchmodat_fdcwd  ->  passed  [1.175s]
lib/libc/c063/fchmodat:fchmodat_fdcwderr  ->  passed  [0.402s]
lib/libc/c063/fchmodat:fchmodat_fderr1  ->  passed  [0.309s]
lib/libc/c063/fchmodat:fchmodat_fderr2  ->  passed  [0.553s]
lib/libc/c063/fchmodat:fchmodat_fderr3  ->  passed  [0.081s]
lib/libc/c063/fchmodat:fchmodat_fdlink  ->  passed  [0.172s]
lib/libc/c063/fchownat:fchownat_fd  ->  passed  [0.266s]
lib/libc/c063/fchownat:fchownat_fdcwd  ->  passed  [0.159s]
lib/libc/c063/fchownat:fchownat_fdcwderr  ->  passed  [0.057s]
lib/libc/c063/fchownat:fchownat_fderr1  ->  passed  [0.103s]
lib/libc/c063/fchownat:fchownat_fderr2  ->  passed  [0.370s]
lib/libc/c063/fchownat:fchownat_fderr3  ->  passed  [0.974s]
lib/libc/c063/fchownat:fchownat_fdlink  ->  passed  [0.212s]
lib/libc/c063/fexecve:fexecve  ->  passed  [0.293s]
lib/libc/c063/fstatat:fstatat_fd  ->  passed  [0.951s]
lib/libc/c063/fstatat:fstatat_fdcwd  ->  passed  [0.329s]
lib/libc/c063/fstatat:fstatat_fdcwderr  ->  passed  [0.195s]
lib/libc/c063/fstatat:fstatat_fderr1  ->  passed  [0.154s]
lib/libc/c063/fstatat:fstatat_fderr2  ->  passed  [0.155s]
lib/libc/c063/fstatat:fstatat_fderr3  ->  passed  [0.362s]
lib/libc/c063/fstatat:fstatat_fdlink  ->  passed  [0.351s]
lib/libc/c063/linkat:linkat_fd  ->  passed  [0.354s]
lib/libc/c063/linkat:linkat_fdcwd  ->  passed  [0.189s]
lib/libc/c063/linkat:linkat_fdcwderr  ->  passed  [0.184s]
lib/libc/c063/linkat:linkat_fderr  ->  passed  [0.796s]
lib/libc/c063/linkat:linkat_fdlink1  ->  passed  [0.159s]
lib/libc/c063/linkat:linkat_fdlink2  ->  passed  [0.461s]
lib/libc/c063/mkdirat:mkdirat_fd  ->  passed  [2.221s]
lib/libc/c063/mkdirat:mkdirat_fdcwd  ->  passed  [0.551s]
lib/libc/c063/mkdirat:mkdirat_fdcwderr  ->  passed  [0.285s]
lib/libc/c063/mkdirat:mkdirat_fderr  ->  passed  [0.274s]
lib/libc/c063/mkfifoat:mkfifoat_fd  ->  passed  [0.912s]
lib/libc/c063/mkfifoat:mkfifoat_fdcwd  ->  passed  [0.728s]
lib/libc/c063/mkfifoat:mkfifoat_fdcwderr  ->  passed  [0.736s]
lib/libc/c063/mkfifoat:mkfifoat_fderr  ->  passed  [0.738s]
lib/libc/c063/mknodat:mknodat_fd  ->  passed  [0.200s]
lib/libc/c063/mknodat:mknodat_fdcwd  ->  passed  [0.229s]
lib/libc/c063/mknodat:mknodat_fdcwderr  ->  passed  [0.101s]
lib/libc/c063/mknodat:mknodat_fderr  ->  passed  [0.218s]
lib/libc/c063/openat:openat_fd  ->  passed  [0.211s]
lib/libc/c063/openat:openat_fdcwd  ->  passed  [0.193s]
lib/libc/c063/openat:openat_fdcwderr  ->  passed  [0.139s]
lib/libc/c063/openat:openat_fderr1  ->  passed  [0.182s]
lib/libc/c063/openat:openat_fderr2  ->  passed  [0.283s]
lib/libc/c063/openat:openat_fderr3  ->  passed  [0.934s]
lib/libc/c063/readlinkat:readlinkat_fd  ->  passed  [0.465s]
lib/libc/c063/readlinkat:readlinkat_fdcwd  ->  passed  [0.823s]
lib/libc/c063/readlinkat:readlinkat_fdcwderr  ->  passed  [0.156s]
lib/libc/c063/readlinkat:readlinkat_fderr1  ->  passed  [0.242s]
lib/libc/c063/readlinkat:readlinkat_fderr2  ->  passed  [0.530s]
lib/libc/c063/renameat:renameat_fd  ->  passed  [0.273s]
lib/libc/c063/renameat:renameat_fdcwd  ->  passed  [0.259s]
lib/libc/c063/renameat:renameat_fdcwderr  ->  passed  [0.183s]
lib/libc/c063/renameat:renameat_fderr  ->  passed  [0.174s]
lib/libc/c063/symlinkat:symlinkat_fd  ->  passed  [0.024s]
lib/libc/c063/symlinkat:symlinkat_fdcwd  ->  passed  [0.022s]
lib/libc/c063/symlinkat:symlinkat_fdcwderr  ->  passed  [0.140s]
lib/libc/c063/symlinkat:symlinkat_fderr  ->  passed  [0.020s]
lib/libc/c063/unlinkat:unlinkat_dir  ->  passed  [0.018s]
lib/libc/c063/unlinkat:unlinkat_fd  ->  passed  [0.017s]
lib/libc/c063/unlinkat:unlinkat_fdcwd  ->  passed  [0.016s]
lib/libc/c063/unlinkat:unlinkat_fdcwderr  ->  passed  [0.016s]
lib/libc/c063/unlinkat:unlinkat_fderr1  ->  passed  [0.015s]
lib/libc/c063/unlinkat:unlinkat_fderr2  ->  passed  [0.017s]
lib/libc/c063/unlinkat:unlinkat_fderr3  ->  passed  [0.018s]
lib/libc/c063/utimensat:utimensat_fd  ->  passed  [0.019s]
lib/libc/c063/utimensat:utimensat_fdcwd  ->  passed  [0.018s]
lib/libc/c063/utimensat:utimensat_fdcwderr  ->  passed  [0.017s]
lib/libc/c063/utimensat:utimensat_fderr1  ->  passed  [0.016s]
lib/libc/c063/utimensat:utimensat_fderr2  ->  passed  [0.018s]
lib/libc/c063/utimensat:utimensat_fderr3  ->  passed  [0.016s]
lib/libc/c063/utimensat:utimensat_fdlink  ->  passed  [0.018s]
lib/libc/db/db_test:alternate_recno  ->  passed  [0.291s]
lib/libc/db/db_test:big_btree  ->  passed  [6.855s]
lib/libc/db/db_test:big_hash  ->  passed  [2.521s]
lib/libc/db/db_test:big_recno  ->  passed  [4.662s]
lib/libc/db/db_test:bsize_ffactor  ->  passed  [19.009s]
lib/libc/db/db_test:byte_orders_btree  ->  passed  [2.929s]
lib/libc/db/db_test:byte_orders_hash  ->  passed  [2.031s]
lib/libc/db/db_test:cursor_flags_btree  ->  passed  [0.675s]
lib/libc/db/db_test:cursor_flags_recno  ->  passed  [0.460s]
lib/libc/db/db_test:delete_btree  ->  passed  [0.293s]
lib/libc/db/db_test:delete_recno  ->  passed  [0.478s]
lib/libc/db/db_test:duplicate_btree  ->  passed  [1.328s]
lib/libc/db/db_test:four_char_hash  ->  passed  [0.617s]
lib/libc/db/db_test:medium_btree  ->  passed  [0.467s]
lib/libc/db/db_test:medium_hash  ->  passed  [0.353s]
lib/libc/db/db_test:medium_recno  ->  passed  [0.167s]
lib/libc/db/db_test:random_recno  ->  passed  [0.651s]
lib/libc/db/db_test:repeated_btree  ->  passed  [1.267s]
lib/libc/db/db_test:repeated_hash  ->  passed  [2.135s]
lib/libc/db/db_test:reverse_order_recno  ->  passed  [0.814s]
lib/libc/db/db_test:reverse_recno  ->  passed  [0.517s]
lib/libc/db/db_test:small_btree  ->  passed  [0.999s]
lib/libc/db/db_test:small_hash  ->  passed  [1.441s]
lib/libc/db/db_test:small_page_btree  ->  passed  [12.145s]
lib/libc/db/db_test:small_recno  ->  passed  [0.998s]
lib/libc/gen/alarm_test:alarm_basic  ->  passed  [1.567s]
lib/libc/gen/alarm_test:alarm_fork  ->  passed  [0.243s]
lib/libc/gen/alarm_test:alarm_previous  ->  passed  [0.421s]
lib/libc/gen/arc4random_test:test_arc4random  ->  passed  [0.104s]
lib/libc/gen/assert_test:assert_false  ->  passed  [0.464s]
lib/libc/gen/assert_test:assert_true  ->  passed  [1.812s]
lib/libc/gen/basedirname_test:basename_posix  ->  passed  [0.207s]
lib/libc/gen/basedirname_test:dirname_posix  ->  passed  [0.163s]
lib/libc/gen/dir_test:seekdir_basic  ->  passed  [0.124s]
lib/libc/gen/dir_test:telldir_leak  ->  passed  [0.096s]
lib/libc/gen/execve/execve_test:t_execve_null  ->  passed  [0.287s]
lib/libc/gen/fnmatch_test:fnmatch_backslashes  ->  passed  [0.906s]
lib/libc/gen/fnmatch_test:fnmatch_casefold  ->  passed  [0.083s]
lib/libc/gen/fnmatch_test:fnmatch_leadingdir  ->  passed  [0.109s]
lib/libc/gen/fnmatch_test:fnmatch_noescape  ->  passed  [0.050s]
lib/libc/gen/fnmatch_test:fnmatch_pathname  ->  passed  [0.119s]
lib/libc/gen/fnmatch_test:fnmatch_period  ->  passed  [0.190s]
lib/libc/gen/fpclassify2_test:test_fpclassify  ->  passed  [0.088s]
lib/libc/gen/ftok_test:ftok_err  ->  passed  [0.258s]
lib/libc/gen/ftok_test:ftok_link  ->  passed  [0.198s]
lib/libc/gen/getcwd_test:getcwd_err  ->  passed  [0.226s]
lib/libc/gen/getcwd_test:getcwd_fts  ->  passed  [1.268s]
lib/libc/gen/getgrent_test:getgrent_loop  ->  passed  [0.115s]
lib/libc/gen/getgrent_test:getgrent_setgid  ->  passed  [1.086s]
lib/libc/gen/glob_test:glob_star_not  ->  passed  [0.073s]
lib/libc/gen/humanize_number_test:humanize_number_basic  ->  passed  [0.372s]
lib/libc/gen/humanize_number_test:humanize_number_big  ->  passed  [0.330s]
lib/libc/gen/isnan_test:isinf_basic  ->  passed  [0.283s]
lib/libc/gen/isnan_test:isnan_basic  ->  passed  [0.197s]
lib/libc/gen/nice_test:nice_err  ->  passed  [0.315s]
lib/libc/gen/nice_test:nice_priority  ->  passed  [0.128s]
lib/libc/gen/nice_test:nice_root  ->  passed  [0.315s]
lib/libc/gen/nice_test:nice_thread  ->  passed  [0.345s]
lib/libc/gen/pause_test:pause_basic  ->  passed  [2.063s]
lib/libc/gen/pause_test:pause_kill  ->  passed  [2.462s]
lib/libc/gen/posix_spawn/fileactions_test:t_spawn_empty_fileactions  ->  passed  [0.066s]
lib/libc/gen/posix_spawn/fileactions_test:t_spawn_fileactions  ->  passed  [0.073s]
lib/libc/gen/posix_spawn/fileactions_test:t_spawn_open_nonexistent  ->  passed  [0.141s]
lib/libc/gen/posix_spawn/fileactions_test:t_spawn_openmode  ->  passed  [0.163s]
lib/libc/gen/posix_spawn/fileactions_test:t_spawn_reopen  ->  passed  [0.105s]
lib/libc/gen/posix_spawn/spawn_test:t_spawn_child  ->  passed  [0.162s]
lib/libc/gen/posix_spawn/spawn_test:t_spawn_ls  ->  passed  [0.096s]
lib/libc/gen/posix_spawn/spawn_test:t_spawn_missing  ->  passed  [0.154s]
lib/libc/gen/posix_spawn/spawn_test:t_spawn_nonexec  ->  passed  [0.081s]
lib/libc/gen/posix_spawn/spawn_test:t_spawn_zero  ->  passed  [0.137s]
lib/libc/gen/posix_spawn/spawn_test:t_spawnp_ls  ->  passed  [0.151s]
lib/libc/gen/raise_test:raise_err  ->  passed  [0.169s]
lib/libc/gen/raise_test:raise_ret  ->  passed  [1.342s]
lib/libc/gen/raise_test:raise_sig  ->  passed  [0.122s]
lib/libc/gen/raise_test:raise_stress  ->  passed  [0.871s]
lib/libc/gen/realpath_test:realpath_basic  ->  passed  [0.072s]
lib/libc/gen/realpath_test:realpath_huge  ->  passed  [0.029s]
lib/libc/gen/realpath_test:realpath_symlink  ->  passed  [0.033s]
lib/libc/gen/setdomainname_test:setdomainname_basic  ->  passed  [0.132s]
lib/libc/gen/setdomainname_test:setdomainname_limit  ->  passed  [0.083s]
lib/libc/gen/setdomainname_test:setdomainname_perm  ->  passed  [0.508s]
lib/libc/gen/sethostname_test:sethostname_limit  ->  passed  [0.251s]
lib/libc/gen/sethostname_test:sethostname_perm  ->  passed  [0.106s]
lib/libc/gen/sleep_test:kevent  ->  passed  [27.164s]
lib/libc/gen/sleep_test:select  ->  passed  [37.233s]
lib/libc/gen/sleep_test:sleep  ->  passed  [29.526s]
lib/libc/gen/syslog_test:syslog_pthread  ->  passed  [0.222s]
lib/libc/gen/time_test:time_copy  ->  passed  [0.073s]
lib/libc/gen/time_test:time_mono  ->  passed  [10.902s]
lib/libc/gen/time_test:time_timeofday  ->  passed  [0.485s]
lib/libc/gen/ttyname_test:ttyname_err  ->  passed  [0.466s]
lib/libc/gen/ttyname_test:ttyname_r_err  ->  passed  [0.290s]
lib/libc/gen/ttyname_test:ttyname_r_stdin  ->  passed  [0.169s]
lib/libc/gen/ttyname_test:ttyname_stdin  ->  passed  [0.302s]
lib/libc/gen/vis_test:strunvis_hex  ->  passed  [0.130s]
lib/libc/gen/vis_test:strvis_basic  ->  passed  [0.143s]
lib/libc/gen/vis_test:strvis_empty  ->  passed  [0.172s]
lib/libc/gen/vis_test:strvis_null  ->  passed  [0.440s]
lib/libc/hash/hash_test:md5  ->  passed  [1.206s]
lib/libc/hash/hash_test:sha1  ->  passed  [0.638s]
lib/libc/hash/sha2_test:t_sha256  ->  passed  [0.711s]
lib/libc/hash/sha2_test:t_sha384  ->  passed  [0.886s]
lib/libc/hash/sha2_test:t_sha512  ->  passed  [0.310s]
lib/libc/inet/inet_network_test:inet_addr_basic  ->  passed  [0.109s]
lib/libc/inet/inet_network_test:inet_addr_err  ->  passed  [0.087s]
lib/libc/inet/inet_network_test:inet_network_basic  ->  passed  [0.038s]
lib/libc/inet/inet_network_test:inet_network_err  ->  passed  [0.138s]
lib/libc/locale/io_test:good_big5_getwc  ->  passed  [1.148s]
lib/libc/locale/io_test:good_big5_swprintf  ->  passed  [3.292s]
lib/libc/locale/io_test:good_big5_wprintf  ->  passed  [0.767s]
lib/libc/locale/mbrtowc_test:mbrtowc_object  ->  passed  [6.016s]
lib/libc/locale/mbsnrtowcs_test:mbsnrtowcs  ->  passed  [77.227s]
lib/libc/locale/mbstowcs_test:mbstowcs_basic  ->  passed  [2.326s]
lib/libc/locale/wcscspn_test:wcscspn  ->  passed  [1.236s]
lib/libc/locale/wcspbrk_test:wcspbrk  ->  passed  [1.513s]
lib/libc/locale/wcsspn_test:wcsspn  ->  passed  [1.233s]
lib/libc/locale/wcstod_test:wcstod  ->  passed  [6.365s]
lib/libc/locale/wctomb_test:wcrtomb  ->  passed  [1.372s]
lib/libc/locale/wctomb_test:wcrtomb_state  ->  passed  [1.030s]
lib/libc/locale/wctomb_test:wctomb  ->  passed  [4.450s]
lib/libc/net/ether_aton_test:tc_ether_aton  ->  passed  [0.260s]
lib/libc/net/getprotoent_test:endprotoent_rewind  ->  passed  [0.112s]
lib/libc/net/getprotoent_test:getprotobyname_basic  ->  passed  [0.040s]
lib/libc/net/getprotoent_test:getprotobyname_err  ->  passed  [0.044s]
lib/libc/net/getprotoent_test:getprotobynumber_basic  ->  passed  [0.064s]
lib/libc/net/getprotoent_test:getprotobynumber_err  ->  passed  [0.032s]
lib/libc/net/getprotoent_test:getprotoent_next  ->  passed  [0.078s]
lib/libc/net/getprotoent_test:setprotoent_rewind  ->  passed  [0.032s]
lib/libc/net/nsdispatch_test:recurse  ->  passed  [0.514s]
lib/libc/net/protoent_test:protoent  ->  passed  [0.218s]
lib/libc/net/servent_test:servent  ->  passed  [0.808s]
lib/libc/regex/exhaust_test:regcomp_too_big  ->  passed  [0.657s]
lib/libc/regex/regex_att_test:basic  ->  passed  [0.779s]
lib/libc/regex/regex_att_test:categorization  ->  passed  [0.402s]
lib/libc/regex/regex_att_test:forcedassoc  ->  passed  [0.038s]
lib/libc/regex/regex_att_test:nullsubexpr  ->  passed  [0.071s]
lib/libc/regex/regex_att_test:repetition  ->  passed  [0.046s]
lib/libc/regex/regex_att_test:rightassoc  ->  passed  [0.119s]
lib/libc/regex/regex_test:anchor  ->  passed  [0.154s]
lib/libc/regex/regex_test:backref  ->  passed  [0.122s]
lib/libc/regex/regex_test:basic  ->  passed  [11.371s]
lib/libc/regex/regex_test:bracket  ->  passed  [0.748s]
lib/libc/regex/regex_test:c_comments  ->  passed  [0.411s]
lib/libc/regex/regex_test:complex  ->  passed  [1.325s]
lib/libc/regex/regex_test:error  ->  passed  [0.552s]
lib/libc/regex/regex_test:meta  ->  passed  [0.083s]
lib/libc/regex/regex_test:nospec  ->  passed  [0.078s]
lib/libc/regex/regex_test:paren  ->  passed  [0.077s]
lib/libc/regex/regex_test:regress  ->  passed  [0.083s]
lib/libc/regex/regex_test:repet_bounded  ->  passed  [0.097s]
lib/libc/regex/regex_test:repet_multi  ->  passed  [0.090s]
lib/libc/regex/regex_test:repet_ordinary  ->  passed  [1.708s]
lib/libc/regex/regex_test:startend  ->  passed  [0.715s]
lib/libc/regex/regex_test:subexp  ->  passed  [0.316s]
lib/libc/regex/regex_test:subtle  ->  passed  [0.084s]
lib/libc/regex/regex_test:word_bound  ->  passed  [0.103s]
lib/libc/regex/regex_test:zero  ->  passed  [0.079s]
lib/libc/ssp/ssp_test:fgets  ->  passed  [96.651s]
lib/libc/ssp/ssp_test:getcwd  ->  passed  [2.184s]
lib/libc/ssp/ssp_test:gets  ->  passed  [7.177s]
lib/libc/ssp/ssp_test:memcpy  ->  passed  [8.811s]
lib/libc/ssp/ssp_test:memmove  ->  passed  [7.418s]
lib/libc/ssp/ssp_test:memset  ->  passed  [48.259s]
lib/libc/ssp/ssp_test:read  ->  passed  [3.571s]
lib/libc/ssp/ssp_test:readlink  ->  passed  [2.916s]
lib/libc/ssp/ssp_test:snprintf  ->  passed  [4.167s]
lib/libc/ssp/ssp_test:sprintf  ->  passed  [4.909s]
lib/libc/ssp/ssp_test:stpcpy  ->  passed  [4.942s]
lib/libc/ssp/ssp_test:stpncpy  ->  passed  [5.656s]
lib/libc/ssp/ssp_test:strcat  ->  passed  [2.374s]
lib/libc/ssp/ssp_test:strcpy  ->  passed  [2.139s]
lib/libc/ssp/ssp_test:strncat  ->  passed  [2.179s]
lib/libc/ssp/ssp_test:strncpy  ->  passed  [1.711s]
lib/libc/ssp/ssp_test:vsnprintf  ->  passed  [21.530s]
lib/libc/ssp/ssp_test:vsprintf  ->  passed  [2.490s]
lib/libc/stdio/clearerr_test:clearerr_basic  ->  passed  [0.038s]
lib/libc/stdio/clearerr_test:clearerr_err  ->  passed  [0.013s]
lib/libc/stdio/fflush_test:fflush_seek  ->  passed  [0.663s]
lib/libc/stdio/fflush_test:fpurge_err  ->  passed  [0.292s]
lib/libc/stdio/fmemopen2_test:test_append_binary_pos  ->  passed  [0.014s]
lib/libc/stdio/fmemopen2_test:test_autoalloc  ->  passed  [0.013s]
lib/libc/stdio/fmemopen2_test:test_binary  ->  passed  [0.013s]
lib/libc/stdio/fmemopen2_test:test_data_length  ->  passed  [1.414s]
lib/libc/stdio/fmemopen2_test:test_preexisting  ->  passed  [0.015s]
lib/libc/stdio/fmemopen2_test:test_size_0  ->  passed  [0.014s]
lib/libc/stdio/fmemopen_test:test00  ->  passed  [0.176s]
lib/libc/stdio/fmemopen_test:test01  ->  passed  [0.153s]
lib/libc/stdio/fmemopen_test:test02  ->  passed  [0.206s]
lib/libc/stdio/fmemopen_test:test03  ->  passed  [0.110s]
lib/libc/stdio/fmemopen_test:test04  ->  passed  [0.164s]
lib/libc/stdio/fmemopen_test:test05  ->  passed  [0.131s]
lib/libc/stdio/fmemopen_test:test06  ->  passed  [0.101s]
lib/libc/stdio/fmemopen_test:test07  ->  passed  [0.098s]
lib/libc/stdio/fmemopen_test:test08  ->  passed  [0.169s]
lib/libc/stdio/fmemopen_test:test09  ->  passed  [0.141s]
lib/libc/stdio/fmemopen_test:test10  ->  passed  [0.092s]
lib/libc/stdio/fmemopen_test:test11  ->  passed  [0.264s]
lib/libc/stdio/fmemopen_test:test13  ->  passed  [1.123s]
lib/libc/stdio/fmemopen_test:test14  ->  passed  [0.298s]
lib/libc/stdio/fopen_test:fdopen_close  ->  passed  [0.290s]
lib/libc/stdio/fopen_test:fdopen_err  ->  passed  [0.353s]
lib/libc/stdio/fopen_test:fdopen_seek  ->  passed  [0.244s]
lib/libc/stdio/fopen_test:fopen_append  ->  passed  [0.334s]
lib/libc/stdio/fopen_test:fopen_err  ->  passed  [0.160s]
lib/libc/stdio/fopen_test:fopen_mode  ->  passed  [0.282s]
lib/libc/stdio/fopen_test:fopen_perm  ->  passed  [0.226s]
lib/libc/stdio/fopen_test:fopen_seek  ->  passed  [0.200s]
lib/libc/stdio/fopen_test:freopen_std  ->  passed  [0.146s]
lib/libc/stdio/fputc_test:fputc_basic  ->  passed  [0.117s]
lib/libc/stdio/fputc_test:fputc_err  ->  passed  [0.154s]
lib/libc/stdio/fputc_test:putc_basic  ->  passed  [0.149s]
lib/libc/stdio/fputc_test:putc_err  ->  passed  [0.054s]
lib/libc/stdio/fputc_test:putc_unlocked_basic  ->  passed  [0.111s]
lib/libc/stdio/fputc_test:putc_unlocked_err  ->  passed  [0.039s]
lib/libc/stdio/mktemp_test:mktemp_not_exist  ->  passed  [0.150s]
lib/libc/stdio/popen_test:popen_zeropad  ->  passed  [0.116s]
lib/libc/stdio/printf_test:snprintf_c99  ->  passed  [1.142s]
lib/libc/stdio/printf_test:snprintf_dotzero  ->  passed  [0.303s]
lib/libc/stdio/printf_test:snprintf_float  ->  passed  [0.195s]
lib/libc/stdio/printf_test:snprintf_posarg  ->  passed  [0.108s]
lib/libc/stdio/printf_test:snprintf_posarg_width  ->  passed  [0.073s]
lib/libc/stdio/printf_test:sprintf_zeropad  ->  passed  [0.052s]
lib/libc/stdio/scanf_test:sscanf_neghex  ->  passed  [0.087s]
lib/libc/stdlib/abs_test:abs_basic  ->  passed  [0.104s]
lib/libc/stdlib/abs_test:imaxabs_basic  ->  passed  [0.091s]
lib/libc/stdlib/abs_test:labs_basic  ->  passed  [0.040s]
lib/libc/stdlib/abs_test:llabs_basic  ->  passed  [0.070s]
lib/libc/stdlib/atoi_test:atof_strtod  ->  passed  [0.085s]
lib/libc/stdlib/atoi_test:atoi_strtol  ->  passed  [0.092s]
lib/libc/stdlib/atoi_test:atol_strtol  ->  passed  [0.029s]
lib/libc/stdlib/atoi_test:atoll_strtoll  ->  passed  [0.082s]
lib/libc/stdlib/div_test:div_basic  ->  passed  [1.110s]
lib/libc/stdlib/div_test:ldiv_basic  ->  passed  [0.268s]
lib/libc/stdlib/div_test:lldiv_basic  ->  passed  [0.420s]
lib/libc/stdlib/exit_test:exit_atexit  ->  passed  [0.662s]
lib/libc/stdlib/exit_test:exit_basic  ->  passed  [0.430s]
lib/libc/stdlib/exit_test:exit_status  ->  passed  [0.350s]
lib/libc/stdlib/exit_test:exit_tmpfile  ->  passed  [1.902s]
lib/libc/stdlib/getenv_test:clearenv_basic  ->  passed  [0.470s]
lib/libc/stdlib/getenv_test:getenv_basic  ->  passed  [0.357s]
lib/libc/stdlib/getenv_test:putenv_basic  ->  passed  [0.181s]
lib/libc/stdlib/getenv_test:setenv_mixed  ->  passed  [0.426s]
lib/libc/stdlib/getopt_test:getopt  ->  passed  [0.446s]
lib/libc/stdlib/getopt_test:getopt_long  ->  passed  [0.352s]
lib/libc/stdlib/hsearch_test:hsearch_duplicate  ->  passed  [0.419s]
lib/libc/stdlib/hsearch_test:hsearch_nonexistent  ->  passed  [0.347s]
lib/libc/stdlib/hsearch_test:hsearch_two  ->  passed  [0.312s]
lib/libc/stdlib/posix_memalign_test:posix_memalign_basic  ->  passed  [0.423s]
lib/libc/stdlib/random_test:random_same  ->  passed  [0.200s]
lib/libc/stdlib/strtod_test:strtod_basic  ->  passed  [0.360s]
lib/libc/stdlib/strtod_test:strtod_gherman_bug  ->  passed  [0.231s]
lib/libc/stdlib/strtod_test:strtod_hex  ->  passed  [0.167s]
lib/libc/stdlib/strtod_test:strtod_inf  ->  passed  [1.354s]
lib/libc/stdlib/strtod_test:strtod_nan  ->  passed  [0.314s]
lib/libc/stdlib/strtod_test:strtod_round  ->  passed  [0.059s]
lib/libc/stdlib/strtod_test:strtod_underflow  ->  passed  [0.162s]
lib/libc/stdlib/strtod_test:strtof_inf  ->  passed  [0.072s]
lib/libc/stdlib/strtod_test:strtof_nan  ->  passed  [0.050s]
lib/libc/stdlib/strtod_test:strtold_inf  ->  passed  [0.130s]
lib/libc/stdlib/strtod_test:strtold_nan  ->  passed  [0.089s]
lib/libc/stdlib/strtol_test:strtol_base  ->  passed  [0.063s]
lib/libc/stdlib/strtol_test:strtol_case  ->  passed  [0.078s]
lib/libc/stdlib/strtol_test:strtol_range  ->  passed  [0.366s]
lib/libc/stdlib/strtol_test:strtol_signed  ->  passed  [0.064s]
lib/libc/stdlib/system_test:system_basic  ->  passed  [0.070s]
lib/libc/string/memchr:memchr_basic  ->  passed  [0.204s]
lib/libc/string/memchr:memchr_simple  ->  passed  [0.203s]
lib/libc/string/memchr:memrchr_simple  ->  passed  [0.245s]
lib/libc/string/memcpy:memccpy_simple  ->  passed  [0.277s]
lib/libc/string/memcpy:memcpy_basic  ->  passed  [0.285s]
lib/libc/string/memcpy:memcpy_return  ->  passed  [0.037s]
lib/libc/string/memmem:memmem_basic  ->  passed  [0.990s]
lib/libc/string/memset:memset_array  ->  passed  [0.188s]
lib/libc/string/memset:memset_basic  ->  passed  [0.124s]
lib/libc/string/memset:memset_nonzero  ->  passed  [0.147s]
lib/libc/string/memset:memset_return  ->  passed  [0.087s]
lib/libc/string/memset:memset_struct  ->  passed  [0.102s]
lib/libc/string/strcat:strcat_basic  ->  passed  [0.377s]
lib/libc/string/strcat:strncat_simple  ->  passed  [0.201s]
lib/libc/string/strchr:strchr_basic  ->  passed  [0.237s]
lib/libc/string/strcmp:strcmp_basic  ->  passed  [0.466s]
lib/libc/string/strcmp:strcmp_simple  ->  passed  [0.650s]
lib/libc/string/strcpy:strcpy_basic  ->  passed  [0.559s]
lib/libc/string/strcspn:strcspn  ->  passed  [1.414s]
lib/libc/string/strerror:strerror_basic  ->  passed  [0.183s]
lib/libc/string/strerror:strerror_err  ->  passed  [0.269s]
lib/libc/string/strerror:strerror_r_basic  ->  passed  [0.356s]
lib/libc/string/strerror:strerror_r_err  ->  passed  [0.334s]
lib/libc/string/strlen:strlen_basic  ->  passed  [0.424s]
lib/libc/string/strlen:strlen_huge  ->  passed  [0.389s]
lib/libc/string/strlen:strnlen_basic  ->  passed  [0.518s]
lib/libc/string/strpbrk:strpbrk  ->  passed  [0.627s]
lib/libc/string/strrchr:strrchr_basic  ->  passed  [1.385s]
lib/libc/string/strspn:strspn  ->  passed  [0.757s]
lib/libc/string/swab:swab_basic  ->  passed  [0.691s]
lib/libc/sys/access_test:access_access  ->  passed  [0.197s]
lib/libc/sys/access_test:access_fault  ->  passed  [0.256s]
lib/libc/sys/access_test:access_inval  ->  passed  [0.417s]
lib/libc/sys/access_test:access_notdir  ->  passed  [0.338s]
lib/libc/sys/access_test:access_notexist  ->  passed  [0.281s]
lib/libc/sys/access_test:access_toolong  ->  passed  [0.198s]
lib/libc/sys/chroot_test:chroot_basic  ->  passed  [1.581s]
lib/libc/sys/chroot_test:chroot_err  ->  passed  [0.175s]
lib/libc/sys/chroot_test:chroot_perm  ->  passed  [0.144s]
lib/libc/sys/clock_gettime_test:clock_gettime_real  ->  passed  [0.139s]
lib/libc/sys/connect_test:connect_low_port  ->  passed  [0.168s]
lib/libc/sys/dup_test:dup2_basic  ->  passed  [0.128s]
lib/libc/sys/dup_test:dup2_err  ->  passed  [0.136s]
lib/libc/sys/dup_test:dup2_max  ->  passed  [0.130s]
lib/libc/sys/dup_test:dup2_mode  ->  passed  [0.113s]
lib/libc/sys/dup_test:dup3_err  ->  passed  [0.069s]
lib/libc/sys/dup_test:dup3_max  ->  passed  [0.128s]
lib/libc/sys/dup_test:dup3_mode  ->  passed  [0.256s]
lib/libc/sys/dup_test:dup_err  ->  passed  [1.148s]
lib/libc/sys/dup_test:dup_max  ->  passed  [0.443s]
lib/libc/sys/dup_test:dup_mode  ->  passed  [1.667s]
lib/libc/sys/fsync_test:fsync_err  ->  passed  [0.388s]
lib/libc/sys/fsync_test:fsync_sync  ->  passed  [0.510s]
lib/libc/sys/getcontext_test:getcontext_err  ->  passed  [0.177s]
lib/libc/sys/getcontext_test:setcontext_err  ->  passed  [0.118s]
lib/libc/sys/getcontext_test:setcontext_link  ->  passed  [0.081s]
lib/libc/sys/getgroups_test:getgroups_getgid  ->  passed  [0.013s]
lib/libc/sys/getgroups_test:getgroups_setgid  ->  passed  [0.014s]
lib/libc/sys/getgroups_test:getgroups_zero  ->  passed  [0.014s]
lib/libc/sys/getitimer_test:getitimer_empty  ->  passed  [0.015s]
lib/libc/sys/getitimer_test:getitimer_err  ->  passed  [0.026s]
lib/libc/sys/getitimer_test:setitimer_basic  ->  passed  [0.014s]
lib/libc/sys/getitimer_test:setitimer_err  ->  passed  [0.014s]
lib/libc/sys/getitimer_test:setitimer_old  ->  passed  [0.014s]
lib/libc/sys/getlogin_test:getlogin_r_err  ->  passed  [0.014s]
lib/libc/sys/getlogin_test:getlogin_same  ->  passed  [0.014s]
lib/libc/sys/getlogin_test:setlogin_basic  ->  passed  [0.015s]
lib/libc/sys/getlogin_test:setlogin_err  ->  passed  [0.015s]
lib/libc/sys/getlogin_test:setlogin_perm  ->  passed  [0.015s]
lib/libc/sys/getpid_test:getpid_process  ->  passed  [0.023s]
lib/libc/sys/getpid_test:getpid_thread  ->  passed  [0.017s]
lib/libc/sys/getrusage_test:getrusage_err  ->  passed  [0.015s]
lib/libc/sys/getrusage_test:getrusage_sig  ->  passed  [0.014s]
lib/libc/sys/getrusage_test:getrusage_utime_back  ->  passed  [3.916s]
lib/libc/sys/getsid_test:getsid_current  ->  passed  [0.378s]
lib/libc/sys/getsid_test:getsid_err  ->  passed  [0.292s]
lib/libc/sys/getsid_test:getsid_process  ->  passed  [0.217s]
lib/libc/sys/gettimeofday_test:gettimeofday_err  ->  passed  [0.194s]
lib/libc/sys/gettimeofday_test:gettimeofday_mono  ->  passed  [0.137s]
lib/libc/sys/issetugid_test:issetugid_egid  ->  passed  [0.184s]
lib/libc/sys/issetugid_test:issetugid_euid  ->  passed  [0.089s]
lib/libc/sys/issetugid_test:issetugid_rgid  ->  passed  [0.085s]
lib/libc/sys/issetugid_test:issetugid_ruid  ->  passed  [0.281s]
lib/libc/sys/kevent_test:kevent_zerotimer  ->  passed  [1.060s]
lib/libc/sys/kevent_test:kqueue_desc_passing  ->  passed  [0.768s]
lib/libc/sys/kill_test:kill_basic  ->  passed  [0.330s]
lib/libc/sys/kill_test:kill_err  ->  passed  [0.121s]
lib/libc/sys/kill_test:kill_perm  ->  passed  [1.308s]
lib/libc/sys/kill_test:kill_pgrp_neg  ->  passed  [0.069s]
lib/libc/sys/kill_test:kill_pgrp_zero  ->  passed  [0.067s]
lib/libc/sys/link_test:link_count  ->  passed  [0.048s]
lib/libc/sys/link_test:link_err  ->  passed  [0.150s]
lib/libc/sys/link_test:link_perm  ->  passed  [0.037s]
lib/libc/sys/link_test:link_stat  ->  passed  [0.083s]
lib/libc/sys/listen_test:listen_err  ->  passed  [0.164s]
lib/libc/sys/listen_test:listen_low_port  ->  passed  [0.063s]
lib/libc/sys/mincore_test:mincore_err  ->  passed  [0.073s]
lib/libc/sys/mincore_test:mincore_resid  ->  passed  [0.052s]
lib/libc/sys/mincore_test:mincore_shmseg  ->  passed  [0.156s]
lib/libc/sys/mkdir_test:mkdir_err  ->  passed  [0.785s]
lib/libc/sys/mkdir_test:mkdir_mode  ->  passed  [1.419s]
lib/libc/sys/mkdir_test:mkdir_perm  ->  passed  [0.134s]
lib/libc/sys/mkdir_test:mkdir_trail  ->  passed  [0.237s]
lib/libc/sys/mkfifo_test:mkfifo_block  ->  passed  [1.252s]
lib/libc/sys/mkfifo_test:mkfifo_err  ->  passed  [0.133s]
lib/libc/sys/mkfifo_test:mkfifo_nonblock  ->  passed  [1.891s]
lib/libc/sys/mkfifo_test:mkfifo_perm  ->  passed  [0.292s]
lib/libc/sys/mkfifo_test:mkfifo_stat  ->  passed  [0.590s]
lib/libc/sys/mknod_test:mknod_err  ->  passed  [0.325s]
lib/libc/sys/mknod_test:mknod_exist  ->  passed  [0.167s]
lib/libc/sys/mknod_test:mknod_perm  ->  passed  [0.348s]
lib/libc/sys/mlock_test:mlock_clip  ->  passed  [0.333s]
lib/libc/sys/mlock_test:mlock_err  ->  passed  [0.247s]
lib/libc/sys/mlock_test:mlock_limits  ->  passed  [0.102s]
lib/libc/sys/mlock_test:mlock_mmap  ->  passed  [0.187s]
lib/libc/sys/mlock_test:mlock_nested  ->  passed  [0.331s]
lib/libc/sys/mmap_test:mmap_err  ->  passed  [0.102s]
lib/libc/sys/mmap_test:mmap_loan  ->  passed  [0.131s]
lib/libc/sys/mmap_test:mmap_prot_1  ->  passed  [0.091s]
lib/libc/sys/mmap_test:mmap_prot_2  ->  passed  [0.111s]
lib/libc/sys/mmap_test:mmap_prot_3  ->  passed  [0.245s]
lib/libc/sys/mmap_test:mmap_truncate  ->  passed  [1.690s]
lib/libc/sys/mmap_test:mmap_va0  ->  passed  [0.604s]
lib/libc/sys/mprotect_test:mprotect_access  ->  passed  [0.652s]
lib/libc/sys/mprotect_test:mprotect_err  ->  passed  [0.603s]
lib/libc/sys/mprotect_test:mprotect_pax  ->  passed  [0.530s]
lib/libc/sys/mprotect_test:mprotect_write  ->  passed  [0.945s]
lib/libc/sys/msgctl_test:msgctl_err  ->  passed  [3.803s]
lib/libc/sys/msgctl_test:msgctl_perm  ->  passed  [0.188s]
lib/libc/sys/msgctl_test:msgctl_pid  ->  passed  [2.252s]
lib/libc/sys/msgctl_test:msgctl_set  ->  passed  [0.078s]
lib/libc/sys/msgctl_test:msgctl_time  ->  passed  [0.144s]
lib/libc/sys/msgget_test:msgget_excl  ->  passed  [0.201s]
lib/libc/sys/msgget_test:msgget_exit  ->  passed  [0.163s]
lib/libc/sys/msgget_test:msgget_init  ->  passed  [0.043s]
lib/libc/sys/msgget_test:msgget_limit  ->  passed  [0.086s]
lib/libc/sys/msgget_test:msgget_mode  ->  passed  [0.195s]
lib/libc/sys/msgrcv_test:msgrcv_basic  ->  passed  [0.125s]
lib/libc/sys/msgrcv_test:msgrcv_block  ->  passed  [2.860s]
lib/libc/sys/msgrcv_test:msgrcv_err  ->  passed  [0.297s]
lib/libc/sys/msgrcv_test:msgrcv_mtype  ->  passed  [0.431s]
lib/libc/sys/msgrcv_test:msgrcv_nonblock  ->  passed  [2.421s]
lib/libc/sys/msgrcv_test:msgrcv_truncate  ->  passed  [0.264s]
lib/libc/sys/msgsnd_test:msgsnd_block  ->  passed  [2.267s]
lib/libc/sys/msgsnd_test:msgsnd_count  ->  passed  [0.354s]
lib/libc/sys/msgsnd_test:msgsnd_err  ->  passed  [0.169s]
lib/libc/sys/msgsnd_test:msgsnd_nonblock  ->  passed  [2.186s]
lib/libc/sys/msgsnd_test:msgsnd_perm  ->  passed  [0.123s]
lib/libc/sys/msync_test:msync_async  ->  passed  [0.083s]
lib/libc/sys/msync_test:msync_err  ->  passed  [0.088s]
lib/libc/sys/msync_test:msync_invalidate  ->  passed  [1.133s]
lib/libc/sys/msync_test:msync_sync  ->  passed  [0.475s]
lib/libc/sys/nanosleep_test:nanosleep_basic  ->  passed  [0.458s]
lib/libc/sys/nanosleep_test:nanosleep_err  ->  passed  [0.226s]
lib/libc/sys/nanosleep_test:nanosleep_sig  ->  passed  [1.336s]
lib/libc/sys/pipe2_test:pipe2_basic  ->  passed  [0.972s]
lib/libc/sys/pipe2_test:pipe2_cloexec  ->  passed  [0.224s]
lib/libc/sys/pipe2_test:pipe2_consume  ->  passed  [0.075s]
lib/libc/sys/pipe2_test:pipe2_einval  ->  passed  [0.103s]
lib/libc/sys/pipe2_test:pipe2_nonblock  ->  passed  [0.081s]
lib/libc/sys/pipe_test:pipe_restart  ->  passed  [2.706s]
lib/libc/sys/poll_test:poll_3way  ->  passed  [10.152s]
lib/libc/sys/poll_test:poll_basic  ->  passed  [0.051s]
lib/libc/sys/poll_test:poll_err  ->  passed  [0.182s]
lib/libc/sys/select_test:pselect_sigmask  ->  passed  [1.085s]
lib/libc/sys/select_test:pselect_timeout  ->  passed  [0.767s]
lib/libc/sys/setrlimit_test:setrlimit_basic  ->  passed  [0.125s]
lib/libc/sys/setrlimit_test:setrlimit_current  ->  passed  [0.052s]
lib/libc/sys/setrlimit_test:setrlimit_err  ->  passed  [0.166s]
lib/libc/sys/setrlimit_test:setrlimit_fsize  ->  passed  [0.153s]
lib/libc/sys/setrlimit_test:setrlimit_memlock  ->  passed  [0.052s]
lib/libc/sys/setrlimit_test:setrlimit_nofile_1  ->  passed  [0.121s]
lib/libc/sys/setrlimit_test:setrlimit_nofile_2  ->  passed  [0.104s]
lib/libc/sys/setrlimit_test:setrlimit_nproc  ->  passed  [0.639s]
lib/libc/sys/setrlimit_test:setrlimit_perm  ->  passed  [0.216s]
lib/libc/sys/setuid_test:setuid_perm  ->  passed  [0.708s]
lib/libc/sys/setuid_test:setuid_real  ->  passed  [0.300s]
lib/libc/sys/setuid_test:setuid_root  ->  passed  [0.568s]
lib/libc/sys/sigaction_test:sigaction_basic  ->  passed  [0.540s]
lib/libc/sys/sigaction_test:sigaction_noflags  ->  passed  [0.104s]
lib/libc/sys/sigaction_test:sigaction_resethand  ->  passed  [1.559s]
lib/libc/sys/sigqueue_test:sigqueue_basic  ->  passed  [6.632s]
lib/libc/sys/sigqueue_test:sigqueue_err  ->  passed  [0.164s]
lib/libc/sys/sigtimedwait_test:sigtimedwait_NULL_timeout  ->  passed  [5.271s]
lib/libc/sys/sigtimedwait_test:sigtimedwait_all0timeout  ->  passed  [0.182s]
lib/libc/sys/sigtimedwait_test:sigtimedwait_small_timeout  ->  passed  [5.302s]
lib/libc/sys/socketpair_test:socketpair_basic  ->  passed  [2.125s]
lib/libc/sys/socketpair_test:socketpair_cloexec  ->  passed  [0.277s]
lib/libc/sys/socketpair_test:socketpair_nonblock  ->  passed  [0.428s]
lib/libc/sys/stat_test:stat_chflags  ->  passed  [28.409s]
lib/libc/sys/stat_test:stat_dir  ->  passed  [0.673s]
lib/libc/sys/stat_test:stat_err  ->  passed  [0.096s]
lib/libc/sys/stat_test:stat_mtime  ->  passed  [4.692s]
lib/libc/sys/stat_test:stat_perm  ->  passed  [0.206s]
lib/libc/sys/stat_test:stat_size  ->  passed  [0.203s]
lib/libc/sys/stat_test:stat_socket  ->  passed  [0.092s]
lib/libc/sys/stat_test:stat_symlink  ->  passed  [0.187s]
lib/libc/sys/timer_create_test:timer_create_err  ->  passed  [0.583s]
lib/libc/sys/timer_create_test:timer_create_mono  ->  passed  [1.279s]
lib/libc/sys/timer_create_test:timer_create_mono_expire  ->  passed  [2.477s]
lib/libc/sys/timer_create_test:timer_create_real  ->  passed  [1.517s]
lib/libc/sys/timer_create_test:timer_create_real_expire  ->  passed  [2.966s]
lib/libc/sys/truncate_test:ftruncate_basic  ->  passed  [0.753s]
lib/libc/sys/truncate_test:ftruncate_err  ->  passed  [0.124s]
lib/libc/sys/truncate_test:truncate_basic  ->  passed  [0.323s]
lib/libc/sys/truncate_test:truncate_err  ->  passed  [0.083s]
lib/libc/sys/ucontext_test:ucontext_basic  ->  passed  [0.040s]
lib/libc/sys/umask_test:umask_fork  ->  passed  [0.042s]
lib/libc/sys/umask_test:umask_open  ->  passed  [0.026s]
lib/libc/sys/umask_test:umask_previous  ->  passed  [0.016s]
lib/libc/sys/unlink_test:unlink_basic  ->  passed  [0.480s]
lib/libc/sys/unlink_test:unlink_err  ->  passed  [0.517s]
lib/libc/sys/unlink_test:unlink_fifo  ->  passed  [0.303s]
lib/libc/sys/unlink_test:unlink_perm  ->  passed  [0.705s]
lib/libc/sys/write_test:write_err  ->  passed  [100.036s]
lib/libc/sys/write_test:write_pipe  ->  passed  [0.056s]
lib/libc/sys/write_test:write_pos  ->  passed  [0.026s]
lib/libc/sys/write_test:write_ret  ->  passed  [0.095s]
lib/libc/sys/write_test:writev_iovmax  ->  passed  [0.071s]
lib/libc/termios/tcsetpgrp_test:tcsetpgrp_err  ->  passed  [0.632s]
lib/libc/tls/tls_dlopen_test:t_tls_dlopen  ->  passed  [0.569s]
lib/libc/tls/tls_dynamic_test:t_tls_dynamic  ->  passed  [0.242s]
lib/libc/ttyio/ttyio_test:ioctl  ->  passed  [5.393s]
lib/libcrypt/crypt_tests:invalid  ->  passed  [0.292s]
lib/libcrypt/crypt_tests:md5  ->  passed  [0.090s]
lib/libmp/legacy_test:main  ->  passed  [0.057s]
lib/libnv/dnv_tests:dnvlist_get_binary__default_value  ->  passed  [0.239s]
lib/libnv/dnv_tests:dnvlist_get_binary__present  ->  passed  [0.113s]
lib/libnv/dnv_tests:dnvlist_get_bool__default_value  ->  passed  [0.178s]
lib/libnv/dnv_tests:dnvlist_get_bool__present  ->  passed  [0.076s]
lib/libnv/dnv_tests:dnvlist_get_number__default_value  ->  passed  [0.147s]
lib/libnv/dnv_tests:dnvlist_get_number__present  ->  passed  [0.147s]
lib/libnv/dnv_tests:dnvlist_get_nvlist__default_value  ->  passed  [0.228s]
lib/libnv/dnv_tests:dnvlist_get_nvlist__present  ->  passed  [0.146s]
lib/libnv/dnv_tests:dnvlist_get_string__default_value  ->  passed  [0.016s]
lib/libnv/dnv_tests:dnvlist_get_string__present  ->  passed  [0.069s]
lib/libnv/dnv_tests:dnvlist_take_binary__default_value  ->  passed  [0.016s]
lib/libnv/dnv_tests:dnvlist_take_binary__empty  ->  passed  [0.016s]
lib/libnv/dnv_tests:dnvlist_take_binary__present  ->  passed  [0.016s]
lib/libnv/dnv_tests:dnvlist_take_bool__default_value  ->  passed  [0.016s]
lib/libnv/dnv_tests:dnvlist_take_bool__empty  ->  passed  [0.016s]
lib/libnv/dnv_tests:dnvlist_take_bool__present  ->  passed  [0.016s]
lib/libnv/dnv_tests:dnvlist_take_number__default_value  ->  passed  [0.016s]
lib/libnv/dnv_tests:dnvlist_take_number__empty  ->  passed  [0.016s]
lib/libnv/dnv_tests:dnvlist_take_number__present  ->  passed  [0.017s]
lib/libnv/dnv_tests:dnvlist_take_nvlist__default_value  ->  passed  [0.015s]
lib/libnv/dnv_tests:dnvlist_take_nvlist__empty  ->  passed  [0.016s]
lib/libnv/dnv_tests:dnvlist_take_nvlist__present  ->  passed  [0.016s]
lib/libnv/dnv_tests:dnvlist_take_string__default_value  ->  passed  [0.016s]
lib/libnv/dnv_tests:dnvlist_take_string__empty  ->  passed  [0.017s]
lib/libnv/dnv_tests:dnvlist_take_string__present  ->  passed  [0.016s]
lib/libnv/nv_tests:nvlist_add_binary__single_insert  ->  passed  [0.016s]
lib/libnv/nv_tests:nvlist_add_bool__single_insert  ->  passed  [0.017s]
lib/libnv/nv_tests:nvlist_add_null__single_insert  ->  passed  [0.017s]
lib/libnv/nv_tests:nvlist_add_number__single_insert  ->  passed  [0.017s]
lib/libnv/nv_tests:nvlist_add_nvlist__child_with_error  ->  passed  [0.016s]
lib/libnv/nv_tests:nvlist_add_nvlist__single_insert  ->  passed  [0.471s]
lib/libnv/nv_tests:nvlist_add_string__single_insert  ->  passed  [0.255s]
lib/libnv/nv_tests:nvlist_clone__empty_nvlist  ->  passed  [0.119s]
lib/libnv/nv_tests:nvlist_clone__error_nvlist  ->  passed  [0.628s]
lib/libnv/nv_tests:nvlist_clone__nested_nvlist  ->  passed  [0.113s]
lib/libnv/nv_tests:nvlist_clone__nonempty_nvlist  ->  passed  [0.075s]
lib/libnv/nv_tests:nvlist_create__is_empty  ->  passed  [0.157s]
lib/libnv/nv_tests:nvlist_free__single_binary  ->  passed  [0.074s]
lib/libnv/nv_tests:nvlist_free__single_bool  ->  passed  [0.074s]
lib/libnv/nv_tests:nvlist_free__single_null  ->  passed  [0.184s]
lib/libnv/nv_tests:nvlist_free__single_number  ->  passed  [0.105s]
lib/libnv/nv_tests:nvlist_free__single_nvlist  ->  passed  [0.113s]
lib/libnv/nv_tests:nvlist_free__single_string  ->  passed  [0.041s]
lib/libnv/nv_tests:nvlist_free_binary__single_binary  ->  passed  [0.051s]
lib/libnv/nv_tests:nvlist_free_bool__single_bool  ->  passed  [0.108s]
lib/libnv/nv_tests:nvlist_free_null__single_null  ->  passed  [0.613s]
lib/libnv/nv_tests:nvlist_free_number__single_number  ->  passed  [0.331s]
lib/libnv/nv_tests:nvlist_free_nvlist__single_nvlist  ->  passed  [0.170s]
lib/libnv/nv_tests:nvlist_free_string__single_string  ->  passed  [0.229s]
lib/libnv/nv_tests:nvlist_move_binary__single_insert  ->  passed  [0.252s]
lib/libnv/nv_tests:nvlist_move_nvlist__child_with_error  ->  passed  [0.293s]
lib/libnv/nv_tests:nvlist_move_nvlist__null_child  ->  passed  [0.815s]
lib/libnv/nv_tests:nvlist_move_nvlist__single_insert  ->  passed  [1.199s]
lib/libnv/nv_tests:nvlist_move_string__single_insert  ->  passed  [0.322s]
lib/libnv/nv_tests:nvlist_pack__empty_nvlist  ->  passed  [0.373s]
lib/libnv/nv_tests:nvlist_pack__error_nvlist  ->  passed  [0.292s]
lib/libnv/nv_tests:nvlist_pack__multiple_values  ->  passed  [0.153s]
lib/libnv/nv_tests:nvlist_take_binary__other_keys_unchanged  ->  passed  [0.331s]
lib/libnv/nv_tests:nvlist_take_binary__single_remove  ->  passed  [0.223s]
lib/libnv/nv_tests:nvlist_take_bool__other_keys_unchanged  ->  passed  [0.331s]
lib/libnv/nv_tests:nvlist_take_bool__single_remove  ->  passed  [0.204s]
lib/libnv/nv_tests:nvlist_take_number__other_keys_unchanged  ->  passed  [0.249s]
lib/libnv/nv_tests:nvlist_take_number__single_remove  ->  passed  [0.224s]
lib/libnv/nv_tests:nvlist_take_nvlist__other_keys_unchanged  ->  passed  [0.064s]
lib/libnv/nv_tests:nvlist_take_nvlist__single_remove  ->  passed  [0.083s]
lib/libnv/nv_tests:nvlist_take_string__other_keys_unchanged  ->  passed  [0.053s]
lib/libnv/nv_tests:nvlist_take_string__single_remove  ->  passed  [0.115s]
lib/libnv/nv_tests:nvlist_unpack__duplicate_key  ->  passed  [0.049s]
lib/libnv/nv_tests:nvlist_unpack__flags_nvlist  ->  passed  [0.437s]
lib/libnv/nvlist_add_test:main  ->  passed  [0.358s]
lib/libnv/nvlist_exists_test:main  ->  passed  [0.140s]
lib/libnv/nvlist_free_test:main  ->  passed  [0.140s]
lib/libnv/nvlist_get_test:main  ->  passed  [0.080s]
lib/libnv/nvlist_move_test:main  ->  passed  [0.100s]
lib/libnv/nvlist_send_recv_test:main  ->  passed  [0.624s]
lib/libpam/t_openpam_ctype:main  ->  passed  [0.101s]
lib/libpam/t_openpam_readlinev:main  ->  passed  [0.344s]
lib/libpam/t_openpam_readword:main  ->  passed  [0.242s]
lib/libproc/proc_test:map_alias_name2map  ->  passed  [1.213s]
lib/libproc/proc_test:map_alias_name2sym  ->  passed  [0.283s]
lib/libproc/proc_test:map_alias_obj2map  ->  passed  [0.148s]
lib/libproc/proc_test:signal_forward  ->  passed  [0.156s]
lib/libproc/proc_test:symbol_lookup  ->  passed  [0.535s]
lib/libproc/proc_test:symbol_lookup_fail  ->  passed  [0.173s]
lib/librt/sched_test:sched_getparam  ->  passed  [0.144s]
lib/librt/sched_test:sched_priority  ->  passed  [0.234s]
lib/librt/sched_test:sched_rr_get_interval_1  ->  passed  [0.086s]
lib/librt/sched_test:sched_rr_get_interval_2  ->  passed  [0.036s]
lib/librt/sched_test:sched_setscheduler_1  ->  passed  [0.030s]
lib/librt/sched_test:sched_setscheduler_2  ->  passed  [0.047s]
lib/librt/sched_test:sched_setscheduler_3  ->  passed  [0.030s]
lib/librt/sched_test:sched_setscheduler_4  ->  passed  [0.078s]
lib/librt/sem_test:basic  ->  passed  [0.066s]
lib/librt/sem_test:child  ->  passed  [26.780s]
lib/libthr/atexit_test:atexit  ->  passed  [0.234s]
lib/libthr/barrier_test:barrier  ->  passed  [10.645s]
lib/libthr/cancel_test:register_while_disabled  ->  passed  [0.290s]
lib/libthr/cond_test:bogus_timedwaits  ->  passed  [0.068s]
lib/libthr/cond_test:broadcast  ->  passed  [0.864s]
lib/libthr/cond_test:cond_timedwait_race  ->  passed  [4.365s]
lib/libthr/cond_test:destroy_after_cancel  ->  passed  [0.221s]
lib/libthr/cond_test:signal_before_unlock  ->  passed  [2.259s]
lib/libthr/cond_test:signal_before_unlock_static_init  ->  passed  [2.299s]
lib/libthr/cond_test:signal_delay_wait  ->  passed  [2.749s]
lib/libthr/cond_test:signal_wait_race  ->  passed  [1.306s]
lib/libthr/condwait_test:cond_wait_mono  ->  passed  [2.338s]
lib/libthr/condwait_test:cond_wait_real  ->  passed  [2.488s]
lib/libthr/detach_test:pthread_detach  ->  passed  [5.114s]
lib/libthr/dlopen/dlopen_test:dlopen  ->  passed  [0.111s]
lib/libthr/dlopen/dlopen_test:dlopen_mutex  ->  passed  [0.037s]
lib/libthr/dlopen/dlopen_test:dlopen_mutex_libc  ->  passed  [0.068s]
lib/libthr/dlopen/dlopen_test:dlopen_mutex_libpthread  ->  passed  [0.135s]
lib/libthr/dlopen/main_pthread_create_test:main_pthread_create_dso  ->  passed  [0.100s]
lib/libthr/dlopen/main_pthread_create_test:main_pthread_create_main  ->  passed  [0.088s]
lib/libthr/equal_test:pthread_equal  ->  passed  [0.449s]
lib/libthr/exit_test:main_thread  ->  passed  [1.071s]
lib/libthr/fork_test:fork  ->  passed  [5.337s]
lib/libthr/fpu_test:fpu  ->  passed  [0.071s]
lib/libthr/join_test:pthread_join  ->  passed  [0.213s]
lib/libthr/kill_test:simple  ->  passed  [0.058s]
lib/libthr/mutex_test:mutex1  ->  passed  [4.366s]
lib/libthr/mutex_test:mutex2  ->  passed  [3.114s]
lib/libthr/mutex_test:mutex3  ->  passed  [1.970s]
lib/libthr/mutex_test:mutex4  ->  passed  [4.288s]
lib/libthr/once_test:once1  ->  passed  [0.034s]
lib/libthr/once_test:once2  ->  passed  [0.081s]
lib/libthr/once_test:once3  ->  passed  [0.032s]
lib/libthr/preempt_test:preempt1  ->  passed  [1.260s]
lib/libthr/resolv_test:resolv  ->  passed  [2.407s]
lib/libthr/rwlock_test:rwlock1  ->  passed  [2.179s]
lib/libthr/sem_test:before_start_no_threads  ->  passed  [5.234s]
lib/libthr/sem_test:before_start_one_thread  ->  passed  [3.743s]
lib/libthr/sem_test:named  ->  passed  [0.319s]
lib/libthr/sem_test:unnamed  ->  passed  [0.442s]
lib/libthr/siglongjmp_test:siglongjmp1  ->  passed  [0.279s]
lib/libthr/sigmask_test:before_threads  ->  passed  [0.070s]
lib/libthr/sigmask_test:incorrect_mask_bug  ->  passed  [3.333s]
lib/libthr/sigmask_test:respected_while_running  ->  passed  [1.240s]
lib/libthr/sigmask_test:upcalls_not_started  ->  passed  [0.085s]
lib/libthr/sigsuspend_test:sigsuspend  ->  passed  [1.273s]
lib/libthr/sleep_test:sleep1  ->  passed  [1.250s]
lib/libthr/swapcontext_test:swapcontext1  ->  passed  [0.049s]
lib/libutil/flopen_test:main  ->  passed  [0.094s]
lib/libutil/grp_test:main  ->  passed  [0.082s]
lib/libutil/humanize_number_test:main  ->  passed  [0.347s]
lib/libutil/pidfile_test:main  ->  passed  [0.323s]
lib/libutil/trimdomain-nodomain_test:main  ->  passed  [0.201s]
lib/libutil/trimdomain_test:main  ->  passed  [1.040s]
lib/msun/acos_test:acos_inrange  ->  passed  [0.085s]
lib/msun/acos_test:acos_is_nan  ->  passed  [0.044s]
lib/msun/acos_test:acos_is_plus_zero  ->  passed  [0.094s]
lib/msun/asin_test:asin_inf_neg  ->  passed  [0.049s]
lib/msun/asin_test:asin_inf_pos  ->  passed  [0.031s]
lib/msun/asin_test:asin_inrange  ->  passed  [0.072s]
lib/msun/asin_test:asin_nan  ->  passed  [0.091s]
lib/msun/asin_test:asin_range  ->  passed  [0.107s]
lib/msun/asin_test:asin_zero_neg  ->  passed  [0.061s]
lib/msun/asin_test:asin_zero_pos  ->  passed  [0.052s]
lib/msun/asin_test:asinf_inf_neg  ->  passed  [0.103s]
lib/msun/asin_test:asinf_inf_pos  ->  passed  [0.099s]
lib/msun/asin_test:asinf_inrange  ->  passed  [0.247s]
lib/msun/asin_test:asinf_nan  ->  passed  [0.139s]
lib/msun/asin_test:asinf_range  ->  passed  [0.094s]
lib/msun/asin_test:asinf_zero_neg  ->  passed  [0.069s]
lib/msun/asin_test:asinf_zero_pos  ->  passed  [0.114s]
lib/msun/atan_test:atan_inrange  ->  passed  [0.035s]
lib/msun/atan_test:atan_nan  ->  passed  [0.037s]
lib/msun/atan_test:atan_zero_neg  ->  passed  [0.111s]
lib/msun/atan_test:atan_zero_pos  ->  passed  [0.072s]
lib/msun/cbrt_test:cbrt_inf_neg  ->  passed  [0.101s]
lib/msun/cbrt_test:cbrt_inf_pos  ->  passed  [0.031s]
lib/msun/cbrt_test:cbrt_nan  ->  passed  [0.042s]
lib/msun/cbrt_test:cbrt_pow  ->  passed  [0.060s]
lib/msun/cbrt_test:cbrt_zero_neg  ->  passed  [0.030s]
lib/msun/cbrt_test:cbrt_zero_pos  ->  passed  [0.072s]
lib/msun/cbrt_test:cbrtf_inf_neg  ->  passed  [0.116s]
lib/msun/cbrt_test:cbrtf_inf_pos  ->  passed  [0.085s]
lib/msun/cbrt_test:cbrtf_nan  ->  passed  [0.092s]
lib/msun/cbrt_test:cbrtf_powf  ->  passed  [0.044s]
lib/msun/cbrt_test:cbrtf_zero_neg  ->  passed  [0.118s]
lib/msun/cbrt_test:cbrtf_zero_pos  ->  passed  [0.043s]
lib/msun/cbrt_test:cbrtl_inf_neg  ->  passed  [0.037s]
lib/msun/cbrt_test:cbrtl_inf_pos  ->  passed  [0.072s]
lib/msun/cbrt_test:cbrtl_nan  ->  passed  [0.253s]
lib/msun/cbrt_test:cbrtl_powl  ->  passed  [0.385s]
lib/msun/cbrt_test:cbrtl_zero_neg  ->  passed  [0.101s]
lib/msun/cbrt_test:cbrtl_zero_pos  ->  passed  [0.124s]
lib/msun/ceil_test:ceil_basic  ->  passed  [0.087s]
lib/msun/ceil_test:ceil_inf_neg  ->  passed  [0.104s]
lib/msun/ceil_test:ceil_inf_pos  ->  passed  [0.064s]
lib/msun/ceil_test:ceil_nan  ->  passed  [0.106s]
lib/msun/ceil_test:ceil_zero_neg  ->  passed  [0.753s]
lib/msun/ceil_test:ceil_zero_pos  ->  passed  [0.140s]
lib/msun/ceil_test:ceilf_basic  ->  passed  [0.090s]
lib/msun/ceil_test:ceilf_inf_neg  ->  passed  [0.051s]
lib/msun/ceil_test:ceilf_inf_pos  ->  passed  [0.055s]
lib/msun/ceil_test:ceilf_nan  ->  passed  [0.144s]
lib/msun/ceil_test:ceilf_zero_neg  ->  passed  [0.051s]
lib/msun/ceil_test:ceilf_zero_pos  ->  passed  [0.082s]
lib/msun/ceil_test:ceill_basic  ->  passed  [0.072s]
lib/msun/ceil_test:ceill_inf_neg  ->  passed  [0.111s]
lib/msun/ceil_test:ceill_inf_pos  ->  passed  [0.032s]
lib/msun/ceil_test:ceill_nan  ->  passed  [0.058s]
lib/msun/ceil_test:ceill_zero_neg  ->  passed  [0.217s]
lib/msun/ceil_test:ceill_zero_pos  ->  passed  [0.318s]
lib/msun/ceil_test:floor_basic  ->  passed  [0.050s]
lib/msun/ceil_test:floor_inf_neg  ->  passed  [0.087s]
lib/msun/ceil_test:floor_inf_pos  ->  passed  [0.077s]
lib/msun/ceil_test:floor_nan  ->  passed  [0.082s]
lib/msun/ceil_test:floor_zero_neg  ->  passed  [0.052s]
lib/msun/ceil_test:floor_zero_pos  ->  passed  [0.078s]
lib/msun/ceil_test:floorf_basic  ->  passed  [0.171s]
lib/msun/ceil_test:floorf_inf_neg  ->  passed  [0.048s]
lib/msun/ceil_test:floorf_inf_pos  ->  passed  [0.090s]
lib/msun/ceil_test:floorf_nan  ->  passed  [0.097s]
lib/msun/ceil_test:floorf_zero_neg  ->  passed  [0.109s]
lib/msun/ceil_test:floorf_zero_pos  ->  passed  [0.218s]
lib/msun/ceil_test:floorl_basic  ->  passed  [0.141s]
lib/msun/ceil_test:floorl_inf_neg  ->  passed  [0.059s]
lib/msun/ceil_test:floorl_inf_pos  ->  passed  [0.083s]
lib/msun/ceil_test:floorl_nan  ->  passed  [0.331s]
lib/msun/ceil_test:floorl_zero_neg  ->  passed  [0.433s]
lib/msun/ceil_test:floorl_zero_pos  ->  passed  [0.136s]
lib/msun/ceil_test:trunc_basic  ->  passed  [0.217s]
lib/msun/ceil_test:trunc_inf_neg  ->  passed  [0.153s]
lib/msun/ceil_test:trunc_inf_pos  ->  passed  [0.689s]
lib/msun/ceil_test:trunc_nan  ->  passed  [0.080s]
lib/msun/ceil_test:trunc_zero_neg  ->  passed  [0.122s]
lib/msun/ceil_test:trunc_zero_pos  ->  passed  [0.116s]
lib/msun/ceil_test:truncf_basic  ->  passed  [0.069s]
lib/msun/ceil_test:truncf_inf_neg  ->  passed  [0.111s]
lib/msun/ceil_test:truncf_inf_pos  ->  passed  [0.050s]
lib/msun/ceil_test:truncf_nan  ->  passed  [0.126s]
lib/msun/ceil_test:truncf_zero_neg  ->  passed  [0.103s]
lib/msun/ceil_test:truncf_zero_pos  ->  passed  [0.161s]
lib/msun/ceil_test:truncl_basic  ->  passed  [0.146s]
lib/msun/ceil_test:truncl_inf_neg  ->  passed  [0.345s]
lib/msun/ceil_test:truncl_inf_pos  ->  passed  [0.157s]
lib/msun/ceil_test:truncl_nan  ->  passed  [0.138s]
lib/msun/ceil_test:truncl_zero_neg  ->  passed  [0.107s]
lib/msun/ceil_test:truncl_zero_pos  ->  passed  [0.126s]
lib/msun/cos_test:cos_angles  ->  passed  [0.107s]
lib/msun/cos_test:cos_inf_neg  ->  passed  [0.144s]
lib/msun/cos_test:cos_inf_pos  ->  passed  [0.082s]
lib/msun/cos_test:cos_nan  ->  passed  [0.127s]
lib/msun/cos_test:cos_zero_neg  ->  passed  [0.086s]
lib/msun/cos_test:cos_zero_pos  ->  passed  [0.094s]
lib/msun/cos_test:cosf_angles  ->  passed  [0.217s]
lib/msun/cos_test:cosf_inf_neg  ->  passed  [0.062s]
lib/msun/cos_test:cosf_inf_pos  ->  passed  [0.099s]
lib/msun/cos_test:cosf_nan  ->  passed  [0.122s]
lib/msun/cos_test:cosf_zero_neg  ->  passed  [0.298s]
lib/msun/cos_test:cosf_zero_pos  ->  passed  [0.330s]
lib/msun/cosh_test:cosh_inf_neg  ->  passed  [0.405s]
lib/msun/cosh_test:cosh_inf_pos  ->  passed  [0.589s]
lib/msun/cosh_test:cosh_inrange  ->  passed  [0.191s]
lib/msun/cosh_test:cosh_nan  ->  passed  [0.168s]
lib/msun/cosh_test:cosh_zero_neg  ->  passed  [0.136s]
lib/msun/cosh_test:cosh_zero_pos  ->  passed  [0.068s]
lib/msun/cosh_test:coshf_inf_neg  ->  passed  [0.103s]
lib/msun/cosh_test:coshf_inf_pos  ->  passed  [0.038s]
lib/msun/cosh_test:coshf_inrange  ->  passed  [0.015s]
lib/msun/cosh_test:coshf_nan  ->  passed  [0.014s]
lib/msun/cosh_test:coshf_zero_neg  ->  passed  [0.015s]
lib/msun/cosh_test:coshf_zero_pos  ->  passed  [0.015s]
lib/msun/erf_test:erf_inf_neg  ->  passed  [0.015s]
lib/msun/erf_test:erf_inf_pos  ->  passed  [0.014s]
lib/msun/erf_test:erf_nan  ->  passed  [0.015s]
lib/msun/erf_test:erf_zero_neg  ->  passed  [0.015s]
lib/msun/erf_test:erf_zero_pos  ->  passed  [0.015s]
lib/msun/erf_test:erfc_inf_neg  ->  passed  [0.014s]
lib/msun/erf_test:erfc_inf_pos  ->  passed  [0.015s]
lib/msun/erf_test:erfc_nan  ->  passed  [0.033s]
lib/msun/erf_test:erfcf_inf_neg  ->  passed  [0.015s]
lib/msun/erf_test:erfcf_inf_pos  ->  passed  [0.015s]
lib/msun/erf_test:erfcf_nan  ->  passed  [0.014s]
lib/msun/erf_test:erff_inf_neg  ->  passed  [0.013s]
lib/msun/erf_test:erff_inf_pos  ->  passed  [0.014s]
lib/msun/erf_test:erff_nan  ->  passed  [0.014s]
lib/msun/erf_test:erff_zero_neg  ->  passed  [0.015s]
lib/msun/erf_test:erff_zero_pos  ->  passed  [0.015s]
lib/msun/exp_test:exp2_is_nan  ->  passed  [0.015s]
lib/msun/exp_test:exp2_is_plus_zero  ->  passed  [0.015s]
lib/msun/exp_test:exp2_powers  ->  passed  [0.015s]
lib/msun/exp_test:exp_inf_neg  ->  passed  [0.363s]
lib/msun/exp_test:exp_inf_pos  ->  passed  [0.163s]
lib/msun/exp_test:exp_nan  ->  passed  [0.203s]
lib/msun/exp_test:exp_product  ->  passed  [0.142s]
lib/msun/exp_test:exp_zero_neg  ->  passed  [0.220s]
lib/msun/exp_test:exp_zero_pos  ->  passed  [0.232s]
lib/msun/exp_test:expf_inf_neg  ->  passed  [0.206s]
lib/msun/exp_test:expf_inf_pos  ->  passed  [0.100s]
lib/msun/exp_test:expf_nan  ->  passed  [0.122s]
lib/msun/exp_test:expf_product  ->  passed  [0.052s]
lib/msun/exp_test:expf_zero_neg  ->  passed  [0.104s]
lib/msun/exp_test:expf_zero_pos  ->  passed  [0.135s]
lib/msun/exp_test:expm1_inf_neg  ->  passed  [0.068s]
lib/msun/exp_test:expm1_inf_pos  ->  passed  [0.390s]
lib/msun/exp_test:expm1_nan  ->  passed  [0.347s]
lib/msun/exp_test:expm1_zero_neg  ->  passed  [0.210s]
lib/msun/exp_test:expm1_zero_pos  ->  passed  [0.258s]
lib/msun/exp_test:expm1f_inf_neg  ->  passed  [0.665s]
lib/msun/exp_test:expm1f_inf_pos  ->  passed  [0.158s]
lib/msun/exp_test:expm1f_nan  ->  passed  [0.128s]
lib/msun/exp_test:expm1f_zero_neg  ->  passed  [0.051s]
lib/msun/exp_test:expm1f_zero_pos  ->  passed  [0.043s]
lib/msun/fmod_test:fmod  ->  passed  [0.082s]
lib/msun/infinity_test:infinity_double  ->  passed  [0.076s]
lib/msun/infinity_test:infinity_float  ->  passed  [0.087s]
lib/msun/infinity_test:infinity_long_double  ->  passed  [0.133s]
lib/msun/ldexp_test:ldexp_basic  ->  passed  [0.140s]
lib/msun/ldexp_test:ldexp_denormal  ->  passed  [0.357s]
lib/msun/ldexp_test:ldexp_denormal_large  ->  passed  [0.171s]
lib/msun/ldexp_test:ldexp_exp2  ->  passed  [0.147s]
lib/msun/ldexp_test:ldexp_inf_neg  ->  passed  [0.254s]
lib/msun/ldexp_test:ldexp_inf_pos  ->  passed  [0.056s]
lib/msun/ldexp_test:ldexp_infinity  ->  passed  [0.087s]
lib/msun/ldexp_test:ldexp_nan  ->  passed  [0.061s]
lib/msun/ldexp_test:ldexp_overflow  ->  passed  [0.139s]
lib/msun/ldexp_test:ldexp_underflow  ->  passed  [0.139s]
lib/msun/ldexp_test:ldexp_zero  ->  passed  [0.080s]
lib/msun/ldexp_test:ldexp_zero_neg  ->  passed  [0.059s]
lib/msun/ldexp_test:ldexp_zero_pos  ->  passed  [0.169s]
lib/msun/ldexp_test:ldexpf_exp2f  ->  passed  [0.211s]
lib/msun/ldexp_test:ldexpf_inf_neg  ->  passed  [0.153s]
lib/msun/ldexp_test:ldexpf_inf_pos  ->  passed  [0.357s]
lib/msun/ldexp_test:ldexpf_nan  ->  passed  [0.495s]
lib/msun/ldexp_test:ldexpf_zero_neg  ->  passed  [0.279s]
lib/msun/ldexp_test:ldexpf_zero_pos  ->  passed  [0.099s]
lib/msun/log_test:log10_base  ->  passed  [0.698s]
lib/msun/log_test:log10_inf_neg  ->  passed  [0.106s]
lib/msun/log_test:log10_inf_pos  ->  passed  [0.093s]
lib/msun/log_test:log10_nan  ->  passed  [0.121s]
lib/msun/log_test:log10_one_pos  ->  passed  [0.099s]
lib/msun/log_test:log10_zero_neg  ->  passed  [0.039s]
lib/msun/log_test:log10_zero_pos  ->  passed  [0.077s]
lib/msun/log_test:log10f_base  ->  passed  [0.056s]
lib/msun/log_test:log10f_inf_neg  ->  passed  [0.121s]
lib/msun/log_test:log10f_inf_pos  ->  passed  [0.066s]
lib/msun/log_test:log10f_nan  ->  passed  [0.038s]
lib/msun/log_test:log10f_one_pos  ->  passed  [0.091s]
lib/msun/log_test:log10f_zero_neg  ->  passed  [0.272s]
lib/msun/log_test:log10f_zero_pos  ->  passed  [0.205s]
lib/msun/log_test:log1p_inf_neg  ->  passed  [0.152s]
lib/msun/log_test:log1p_inf_pos  ->  passed  [0.084s]
lib/msun/log_test:log1p_nan  ->  passed  [0.180s]
lib/msun/log_test:log1p_one_neg  ->  passed  [0.100s]
lib/msun/log_test:log1p_zero_neg  ->  passed  [0.111s]
lib/msun/log_test:log1p_zero_pos  ->  passed  [0.133s]
lib/msun/log_test:log1pf_inf_neg  ->  passed  [0.207s]
lib/msun/log_test:log1pf_inf_pos  ->  passed  [0.096s]
lib/msun/log_test:log1pf_nan  ->  passed  [0.114s]
lib/msun/log_test:log1pf_one_neg  ->  passed  [0.105s]
lib/msun/log_test:log1pf_zero_neg  ->  passed  [0.102s]
lib/msun/log_test:log1pf_zero_pos  ->  passed  [0.097s]
lib/msun/log_test:log2_base  ->  passed  [0.064s]
lib/msun/log_test:log2_inf_neg  ->  passed  [0.049s]
lib/msun/log_test:log2_inf_pos  ->  passed  [0.119s]
lib/msun/log_test:log2_nan  ->  passed  [0.271s]
lib/msun/log_test:log2_one_pos  ->  passed  [0.431s]
lib/msun/log_test:log2_zero_neg  ->  passed  [0.241s]
lib/msun/log_test:log2_zero_pos  ->  passed  [0.742s]
lib/msun/log_test:log2f_base  ->  passed  [0.436s]
lib/msun/log_test:log2f_inf_neg  ->  passed  [0.123s]
lib/msun/log_test:log2f_inf_pos  ->  passed  [0.225s]
lib/msun/log_test:log2f_nan  ->  passed  [0.104s]
lib/msun/log_test:log2f_one_pos  ->  passed  [0.105s]
lib/msun/log_test:log2f_zero_neg  ->  passed  [0.096s]
lib/msun/log_test:log2f_zero_pos  ->  passed  [0.242s]
lib/msun/log_test:log_base  ->  passed  [0.241s]
lib/msun/log_test:log_inf_neg  ->  passed  [0.199s]
lib/msun/log_test:log_inf_pos  ->  passed  [0.096s]
lib/msun/log_test:log_nan  ->  passed  [0.127s]
lib/msun/log_test:log_one_pos  ->  passed  [0.179s]
lib/msun/log_test:log_zero_neg  ->  passed  [0.127s]
lib/msun/log_test:log_zero_pos  ->  passed  [0.040s]
lib/msun/log_test:logf_base  ->  passed  [0.101s]
lib/msun/log_test:logf_inf_neg  ->  passed  [0.096s]
lib/msun/log_test:logf_inf_pos  ->  passed  [0.091s]
lib/msun/log_test:logf_nan  ->  passed  [0.147s]
lib/msun/log_test:logf_one_pos  ->  passed  [0.081s]
lib/msun/log_test:logf_zero_neg  ->  passed  [0.370s]
lib/msun/log_test:logf_zero_pos  ->  passed  [0.324s]
lib/msun/pow_test:pow_inf_neg_x  ->  passed  [0.573s]
lib/msun/pow_test:pow_inf_neg_y  ->  passed  [0.084s]
lib/msun/pow_test:pow_inf_pos_x  ->  passed  [1.097s]
lib/msun/pow_test:pow_inf_pos_y  ->  passed  [0.320s]
lib/msun/pow_test:pow_nan_x  ->  passed  [0.547s]
lib/msun/pow_test:pow_nan_y  ->  passed  [0.264s]
lib/msun/pow_test:pow_one_neg_x  ->  passed  [0.230s]
lib/msun/pow_test:pow_one_pos_x  ->  passed  [0.205s]
lib/msun/pow_test:pow_zero_x  ->  passed  [0.896s]
lib/msun/pow_test:pow_zero_y  ->  passed  [0.313s]
lib/msun/pow_test:powf_inf_neg_x  ->  passed  [0.339s]
lib/msun/pow_test:powf_inf_neg_y  ->  passed  [0.495s]
lib/msun/pow_test:powf_inf_pos_x  ->  passed  [0.101s]
lib/msun/pow_test:powf_inf_pos_y  ->  passed  [0.295s]
lib/msun/pow_test:powf_nan_x  ->  passed  [0.624s]
lib/msun/pow_test:powf_nan_y  ->  passed  [0.037s]
lib/msun/pow_test:powf_one_neg_x  ->  passed  [0.393s]
lib/msun/pow_test:powf_one_pos_x  ->  passed  [0.193s]
lib/msun/pow_test:powf_zero_x  ->  passed  [0.385s]
lib/msun/pow_test:powf_zero_y  ->  passed  [0.752s]
lib/msun/precision_test:t_precision  ->  passed  [0.243s]
lib/msun/round_test:round_dir  ->  passed  [0.252s]
lib/msun/scalbn_test:scalbn_inf_neg  ->  passed  [0.260s]
lib/msun/scalbn_test:scalbn_inf_pos  ->  passed  [0.176s]
lib/msun/scalbn_test:scalbn_ldexp  ->  passed  [0.214s]
lib/msun/scalbn_test:scalbn_nan  ->  passed  [0.186s]
lib/msun/scalbn_test:scalbn_val  ->  passed  [0.490s]
lib/msun/scalbn_test:scalbn_zero_neg  ->  passed  [0.300s]
lib/msun/scalbn_test:scalbn_zero_pos  ->  passed  [0.818s]
lib/msun/scalbn_test:scalbnf_inf_neg  ->  passed  [0.216s]
lib/msun/scalbn_test:scalbnf_inf_pos  ->  passed  [0.214s]
lib/msun/scalbn_test:scalbnf_ldexpf  ->  passed  [0.075s]
lib/msun/scalbn_test:scalbnf_nan  ->  passed  [0.057s]
lib/msun/scalbn_test:scalbnf_val  ->  passed  [0.161s]
lib/msun/scalbn_test:scalbnf_zero_neg  ->  passed  [0.104s]
lib/msun/scalbn_test:scalbnf_zero_pos  ->  passed  [0.041s]
lib/msun/scalbn_test:scalbnl_inf_neg  ->  passed  [0.177s]
lib/msun/scalbn_test:scalbnl_inf_pos  ->  passed  [0.280s]
lib/msun/scalbn_test:scalbnl_nan  ->  passed  [0.205s]
lib/msun/scalbn_test:scalbnl_val  ->  passed  [0.052s]
lib/msun/scalbn_test:scalbnl_zero_neg  ->  passed  [0.036s]
lib/msun/scalbn_test:scalbnl_zero_pos  ->  passed  [0.117s]
lib/msun/sin_test:sin_angles  ->  passed  [0.091s]
lib/msun/sin_test:sin_inf_neg  ->  passed  [0.067s]
lib/msun/sin_test:sin_inf_pos  ->  passed  [0.080s]
lib/msun/sin_test:sin_nan  ->  passed  [0.222s]
lib/msun/sin_test:sin_zero_neg  ->  passed  [0.036s]
lib/msun/sin_test:sin_zero_pos  ->  passed  [0.083s]
lib/msun/sin_test:sinf_angles  ->  passed  [0.065s]
lib/msun/sin_test:sinf_inf_neg  ->  passed  [0.121s]
lib/msun/sin_test:sinf_inf_pos  ->  passed  [0.074s]
lib/msun/sin_test:sinf_nan  ->  passed  [0.047s]
lib/msun/sin_test:sinf_zero_neg  ->  passed  [0.131s]
lib/msun/sin_test:sinf_zero_pos  ->  passed  [0.182s]
lib/msun/sinh_test:sinh_inf_neg  ->  passed  [0.103s]
lib/msun/sinh_test:sinh_inf_pos  ->  passed  [0.059s]
lib/msun/sinh_test:sinh_inrange  ->  passed  [0.128s]
lib/msun/sinh_test:sinh_nan  ->  passed  [0.076s]
lib/msun/sinh_test:sinh_zero_neg  ->  passed  [0.066s]
lib/msun/sinh_test:sinh_zero_pos  ->  passed  [0.293s]
lib/msun/sinh_test:sinhf_inf_neg  ->  passed  [0.319s]
lib/msun/sinh_test:sinhf_inf_pos  ->  passed  [0.254s]
lib/msun/sinh_test:sinhf_inrange  ->  passed  [0.598s]
lib/msun/sinh_test:sinhf_nan  ->  passed  [0.146s]
lib/msun/sinh_test:sinhf_zero_neg  ->  passed  [0.148s]
lib/msun/sinh_test:sinhf_zero_pos  ->  passed  [0.136s]
lib/msun/sqrt_test:sqrt_inf_neg  ->  passed  [0.015s]
lib/msun/sqrt_test:sqrt_inf_pos  ->  passed  [0.016s]
lib/msun/sqrt_test:sqrt_nan  ->  passed  [0.015s]
lib/msun/sqrt_test:sqrt_pow  ->  passed  [0.015s]
lib/msun/sqrt_test:sqrt_zero_neg  ->  passed  [0.014s]
lib/msun/sqrt_test:sqrt_zero_pos  ->  passed  [0.015s]
lib/msun/sqrt_test:sqrtf_inf_neg  ->  passed  [0.015s]
lib/msun/sqrt_test:sqrtf_inf_pos  ->  passed  [0.015s]
lib/msun/sqrt_test:sqrtf_nan  ->  passed  [0.015s]
lib/msun/sqrt_test:sqrtf_powf  ->  passed  [0.015s]
lib/msun/sqrt_test:sqrtf_zero_neg  ->  passed  [0.015s]
lib/msun/sqrt_test:sqrtf_zero_pos  ->  passed  [0.015s]
lib/msun/sqrt_test:sqrtl_inf_neg  ->  passed  [0.015s]
lib/msun/sqrt_test:sqrtl_inf_pos  ->  passed  [0.014s]
lib/msun/sqrt_test:sqrtl_nan  ->  passed  [0.014s]
lib/msun/sqrt_test:sqrtl_powl  ->  passed  [0.015s]
lib/msun/sqrt_test:sqrtl_zero_neg  ->  passed  [0.013s]
lib/msun/sqrt_test:sqrtl_zero_pos  ->  passed  [0.014s]
lib/msun/tan_test:tan_angles  ->  passed  [0.015s]
lib/msun/tan_test:tan_inf_neg  ->  passed  [0.015s]
lib/msun/tan_test:tan_inf_pos  ->  passed  [0.014s]
lib/msun/tan_test:tan_nan  ->  passed  [0.014s]
lib/msun/tan_test:tan_zero_neg  ->  passed  [0.014s]
lib/msun/tan_test:tan_zero_pos  ->  passed  [0.802s]
lib/msun/tan_test:tanf_angles  ->  passed  [0.136s]
lib/msun/tan_test:tanf_inf_neg  ->  passed  [0.072s]
lib/msun/tan_test:tanf_inf_pos  ->  passed  [0.063s]
lib/msun/tan_test:tanf_nan  ->  passed  [0.134s]
lib/msun/tan_test:tanf_zero_neg  ->  passed  [0.171s]
lib/msun/tan_test:tanf_zero_pos  ->  passed  [0.058s]
lib/msun/tanh_test:tanh_inf_neg  ->  passed  [0.143s]
lib/msun/tanh_test:tanh_inf_pos  ->  passed  [0.106s]
lib/msun/tanh_test:tanh_nan  ->  passed  [0.088s]
lib/msun/tanh_test:tanh_zero_neg  ->  passed  [0.097s]
lib/msun/tanh_test:tanh_zero_pos  ->  passed  [0.136s]
lib/msun/tanh_test:tanhf_inf_neg  ->  passed  [0.106s]
lib/msun/tanh_test:tanhf_inf_pos  ->  passed  [0.118s]
lib/msun/tanh_test:tanhf_nan  ->  passed  [0.078s]
lib/msun/tanh_test:tanhf_zero_neg  ->  passed  [0.103s]
lib/msun/tanh_test:tanhf_zero_pos  ->  passed  [0.095s]
libexec/atf/atf-check/atf-check_test:eflag_empty  ->  passed  [0.408s]
libexec/atf/atf-check/atf-check_test:eflag_file  ->  passed  [0.273s]
libexec/atf/atf-check/atf-check_test:eflag_ignore  ->  passed  [0.315s]
libexec/atf/atf-check/atf-check_test:eflag_inline  ->  passed  [0.447s]
libexec/atf/atf-check/atf-check_test:eflag_match  ->  passed  [0.309s]
libexec/atf/atf-check/atf-check_test:eflag_multiple  ->  passed  [0.300s]
libexec/atf/atf-check/atf-check_test:eflag_negated  ->  passed  [0.300s]
libexec/atf/atf-check/atf-check_test:eflag_save  ->  passed  [0.885s]
libexec/atf/atf-check/atf-check_test:invalid_umask  ->  passed  [0.152s]
libexec/atf/atf-check/atf-check_test:oflag_empty  ->  passed  [0.123s]
libexec/atf/atf-check/atf-check_test:oflag_file  ->  passed  [0.220s]
libexec/atf/atf-check/atf-check_test:oflag_ignore  ->  passed  [0.125s]
libexec/atf/atf-check/atf-check_test:oflag_inline  ->  passed  [0.282s]
libexec/atf/atf-check/atf-check_test:oflag_match  ->  passed  [0.291s]
libexec/atf/atf-check/atf-check_test:oflag_multiple  ->  passed  [0.219s]
libexec/atf/atf-check/atf-check_test:oflag_negated  ->  passed  [0.164s]
libexec/atf/atf-check/atf-check_test:oflag_save  ->  passed  [0.280s]
libexec/atf/atf-check/atf-check_test:sflag_eq_ne  ->  passed  [0.566s]
libexec/atf/atf-check/atf-check_test:sflag_exit  ->  passed  [0.368s]
libexec/atf/atf-check/atf-check_test:sflag_ignore  ->  passed  [0.235s]
libexec/atf/atf-check/atf-check_test:sflag_signal  ->  passed  [0.372s]
libexec/atf/atf-check/atf-check_test:stdin  ->  passed  [0.348s]
libexec/atf/atf-check/atf-check_test:xflag  ->  passed  [0.304s]
libexec/atf/atf-sh/atf_check_test:equal  ->  passed  [0.349s]
libexec/atf/atf-sh/atf_check_test:experr_mismatch  ->  passed  [0.877s]
libexec/atf/atf-sh/atf_check_test:expout_mismatch  ->  passed  [0.259s]
libexec/atf/atf-sh/atf_check_test:flush_stdout_on_death  ->  passed  [1.672s]
libexec/atf/atf-sh/atf_check_test:info_ok  ->  passed  [0.467s]
libexec/atf/atf-sh/atf_check_test:null_stderr  ->  passed  [0.410s]
libexec/atf/atf-sh/atf_check_test:null_stdout  ->  passed  [0.191s]
libexec/atf/atf-sh/config_test:get  ->  passed  [0.292s]
libexec/atf/atf-sh/config_test:has  ->  passed  [0.194s]
libexec/atf/atf-sh/integration_test:arguments  ->  passed  [0.178s]
libexec/atf/atf-sh/integration_test:custom_shell__command_line  ->  passed  [0.102s]
libexec/atf/atf-sh/integration_test:custom_shell__shebang  ->  passed  [0.119s]
libexec/atf/atf-sh/integration_test:missing_script  ->  passed  [0.132s]
libexec/atf/atf-sh/integration_test:no_args  ->  passed  [0.631s]
libexec/atf/atf-sh/integration_test:set_e  ->  passed  [0.193s]
libexec/atf/atf-sh/normalize_test:main  ->  passed  [0.422s]
libexec/atf/atf-sh/tc_test:default_status  ->  passed  [0.219s]
libexec/atf/atf-sh/tc_test:missing_body  ->  passed  [0.123s]
libexec/atf/atf-sh/tp_test:srcdir  ->  passed  [0.231s]
libexec/rtld-elf/ld_library_pathfds:bad_library_directories  ->  passed  [1.008s]
libexec/rtld-elf/ld_library_pathfds:first_library_directory  ->  passed  [0.242s]
libexec/rtld-elf/ld_library_pathfds:last_library_directory  ->  passed  [0.163s]
libexec/rtld-elf/ld_library_pathfds:middle_library_directory  ->  passed  [0.195s]
libexec/rtld-elf/ld_library_pathfds:missing_library  ->  passed  [0.213s]
libexec/rtld-elf/ld_library_pathfds:single_library_directory  ->  passed  [0.187s]
libexec/rtld-elf/ld_library_pathfds:wrong_library_directories  ->  passed  [0.191s]
local/atf/atf-c++/atf_c++_test:include  ->  passed  [1.207s]
local/atf/atf-c++/build_test:c_o  ->  passed  [0.056s]
local/atf/atf-c++/build_test:cpp  ->  passed  [0.052s]
local/atf/atf-c++/build_test:cxx_o  ->  passed  [0.041s]
local/atf/atf-c++/build_test:equal_argvs  ->  passed  [0.038s]
local/atf/atf-c++/check_test:build_c_o  ->  passed  [0.198s]
local/atf/atf-c++/check_test:build_cpp  ->  passed  [0.182s]
local/atf/atf-c++/check_test:build_cxx_o  ->  passed  [1.099s]
local/atf/atf-c++/check_test:exec_cleanup  ->  passed  [0.159s]
local/atf/atf-c++/check_test:exec_exitstatus  ->  passed  [0.119s]
local/atf/atf-c++/check_test:exec_stdout_stderr  ->  passed  [0.102s]
local/atf/atf-c++/check_test:exec_unknown  ->  passed  [0.170s]
local/atf/atf-c++/detail/application_test:getopt  ->  passed  [0.134s]
local/atf/atf-c++/detail/auto_array_test:auto_array_access  ->  passed  [0.144s]
local/atf/atf-c++/detail/auto_array_test:auto_array_assign  ->  passed  [0.147s]
local/atf/atf-c++/detail/auto_array_test:auto_array_assign_ref  ->  passed  [0.244s]
local/atf/atf-c++/detail/auto_array_test:auto_array_copy  ->  passed  [0.083s]
local/atf/atf-c++/detail/auto_array_test:auto_array_copy_ref  ->  passed  [0.131s]
local/atf/atf-c++/detail/auto_array_test:auto_array_get  ->  passed  [0.131s]
local/atf/atf-c++/detail/auto_array_test:auto_array_release  ->  passed  [0.119s]
local/atf/atf-c++/detail/auto_array_test:auto_array_reset  ->  passed  [0.720s]
local/atf/atf-c++/detail/auto_array_test:auto_array_scope  ->  passed  [0.249s]
local/atf/atf-c++/detail/env_test:get_with_default  ->  passed  [0.178s]
local/atf/atf-c++/detail/env_test:has_get  ->  passed  [0.093s]
local/atf/atf-c++/detail/env_test:set  ->  passed  [0.071s]
local/atf/atf-c++/detail/env_test:unset  ->  passed  [0.059s]
local/atf/atf-c++/detail/exceptions_test:throw_atf_error_libc  ->  passed  [0.080s]
local/atf/atf-c++/detail/exceptions_test:throw_atf_error_no_memory  ->  passed  [0.074s]
local/atf/atf-c++/detail/exceptions_test:throw_atf_error_unknown  ->  passed  [0.069s]
local/atf/atf-c++/detail/fs_test:directory_file_info  ->  passed  [0.194s]
local/atf/atf-c++/detail/fs_test:directory_names  ->  passed  [0.448s]
local/atf/atf-c++/detail/fs_test:directory_read  ->  passed  [0.318s]
local/atf/atf-c++/detail/fs_test:exists  ->  passed  [0.137s]
local/atf/atf-c++/detail/fs_test:file_info_perms  ->  passed  [0.033s]
local/atf/atf-c++/detail/fs_test:file_info_stat  ->  passed  [0.101s]
local/atf/atf-c++/detail/fs_test:is_executable  ->  passed  [0.093s]
local/atf/atf-c++/detail/fs_test:path_branch_path  ->  passed  [0.054s]
local/atf/atf-c++/detail/fs_test:path_compare_different  ->  passed  [0.070s]
local/atf/atf-c++/detail/fs_test:path_compare_equal  ->  passed  [0.031s]
local/atf/atf-c++/detail/fs_test:path_concat  ->  passed  [0.028s]
local/atf/atf-c++/detail/fs_test:path_is_absolute  ->  passed  [0.042s]
local/atf/atf-c++/detail/fs_test:path_is_root  ->  passed  [0.047s]
local/atf/atf-c++/detail/fs_test:path_leaf_name  ->  passed  [0.031s]
local/atf/atf-c++/detail/fs_test:path_normalize  ->  passed  [0.031s]
local/atf/atf-c++/detail/fs_test:path_op_less  ->  passed  [0.110s]
local/atf/atf-c++/detail/fs_test:path_to_absolute  ->  passed  [0.049s]
local/atf/atf-c++/detail/fs_test:remove  ->  passed  [0.085s]
local/atf/atf-c++/detail/process_test:argv_array_assign  ->  passed  [0.064s]
local/atf/atf-c++/detail/process_test:argv_array_copy  ->  passed  [0.030s]
local/atf/atf-c++/detail/process_test:argv_array_exec_argv  ->  passed  [0.032s]
local/atf/atf-c++/detail/process_test:argv_array_init_carray  ->  passed  [0.033s]
local/atf/atf-c++/detail/process_test:argv_array_init_col  ->  passed  [0.080s]
local/atf/atf-c++/detail/process_test:argv_array_init_empty  ->  passed  [0.140s]
local/atf/atf-c++/detail/process_test:argv_array_init_varargs  ->  passed  [0.032s]
local/atf/atf-c++/detail/process_test:argv_array_iter  ->  passed  [0.032s]
local/atf/atf-c++/detail/process_test:exec_failure  ->  passed  [0.056s]
local/atf/atf-c++/detail/process_test:exec_success  ->  passed  [0.144s]
local/atf/atf-c++/detail/text_test:duplicate  ->  passed  [0.058s]
local/atf/atf-c++/detail/text_test:join  ->  passed  [0.058s]
local/atf/atf-c++/detail/text_test:match  ->  passed  [0.032s]
local/atf/atf-c++/detail/text_test:split  ->  passed  [0.033s]
local/atf/atf-c++/detail/text_test:split_delims  ->  passed  [0.084s]
local/atf/atf-c++/detail/text_test:to_bool  ->  passed  [0.107s]
local/atf/atf-c++/detail/text_test:to_bytes  ->  passed  [0.033s]
local/atf/atf-c++/detail/text_test:to_string  ->  passed  [0.083s]
local/atf/atf-c++/detail/text_test:to_type  ->  passed  [0.032s]
local/atf/atf-c++/detail/text_test:trim  ->  passed  [0.033s]
local/atf/atf-c++/macros_test:check_errno  ->  passed  [0.204s]
local/atf/atf-c++/macros_test:detect_unused_tests  ->  passed  [1.134s]
local/atf/atf-c++/macros_test:fail  ->  passed  [0.188s]
local/atf/atf-c++/macros_test:pass  ->  passed  [0.161s]
local/atf/atf-c++/macros_test:require  ->  passed  [0.127s]
local/atf/atf-c++/macros_test:require_eq  ->  passed  [0.047s]
local/atf/atf-c++/macros_test:require_errno  ->  passed  [0.043s]
local/atf/atf-c++/macros_test:require_in  ->  passed  [0.057s]
local/atf/atf-c++/macros_test:require_match  ->  passed  [0.547s]
local/atf/atf-c++/macros_test:require_not_in  ->  passed  [0.246s]
local/atf/atf-c++/macros_test:require_throw  ->  passed  [0.230s]
local/atf/atf-c++/macros_test:require_throw_re  ->  passed  [0.169s]
local/atf/atf-c++/macros_test:skip  ->  passed  [0.145s]
local/atf/atf-c++/macros_test:use  ->  passed  [1.435s]
local/atf/atf-c++/pkg_config_test:build  ->  passed  [1.816s]
local/atf/atf-c++/pkg_config_test:version  ->  passed  [0.108s]
local/atf/atf-c++/tests_test:atf_tp_writer  ->  passed  [0.066s]
local/atf/atf-c++/utils_test:cat_file__empty  ->  passed  [0.542s]
local/atf/atf-c++/utils_test:cat_file__no_newline_eof  ->  passed  [0.147s]
local/atf/atf-c++/utils_test:cat_file__one_line  ->  passed  [0.095s]
local/atf/atf-c++/utils_test:cat_file__several_lines  ->  passed  [0.142s]
local/atf/atf-c++/utils_test:compare_file__empty__match  ->  passed  [0.127s]
local/atf/atf-c++/utils_test:compare_file__empty__not_match  ->  passed  [0.058s]
local/atf/atf-c++/utils_test:compare_file__long__match  ->  passed  [0.049s]
local/atf/atf-c++/utils_test:compare_file__long__not_match  ->  passed  [0.065s]
local/atf/atf-c++/utils_test:compare_file__short__match  ->  passed  [0.033s]
local/atf/atf-c++/utils_test:compare_file__short__not_match  ->  passed  [0.053s]
local/atf/atf-c++/utils_test:copy_file__empty  ->  passed  [0.081s]
local/atf/atf-c++/utils_test:copy_file__some_contents  ->  passed  [0.080s]
local/atf/atf-c++/utils_test:create_file  ->  passed  [0.071s]
local/atf/atf-c++/utils_test:file_exists  ->  passed  [0.069s]
local/atf/atf-c++/utils_test:fork  ->  passed  [0.080s]
local/atf/atf-c++/utils_test:grep_collection__set  ->  passed  [0.096s]
local/atf/atf-c++/utils_test:grep_collection__vector  ->  passed  [0.069s]
local/atf/atf-c++/utils_test:grep_file  ->  passed  [0.158s]
local/atf/atf-c++/utils_test:grep_string  ->  passed  [0.106s]
local/atf/atf-c++/utils_test:redirect__other  ->  passed  [0.075s]
local/atf/atf-c++/utils_test:redirect__stderr  ->  passed  [0.060s]
local/atf/atf-c++/utils_test:redirect__stdout  ->  passed  [0.174s]
local/atf/atf-c++/utils_test:wait__invalid_exitstatus  ->  passed  [0.190s]
local/atf/atf-c++/utils_test:wait__invalid_stderr  ->  passed  [0.148s]
local/atf/atf-c++/utils_test:wait__invalid_stdout  ->  passed  [0.146s]
local/atf/atf-c++/utils_test:wait__ok  ->  passed  [0.233s]
local/atf/atf-c++/utils_test:wait__ok_nested  ->  passed  [0.156s]
local/atf/atf-c++/utils_test:wait__save_stderr  ->  passed  [0.141s]
local/atf/atf-c++/utils_test:wait__save_stdout  ->  passed  [0.174s]
local/atf/atf-c/atf_c_test:include  ->  passed  [0.382s]
local/atf/atf-c/build_test:c_o  ->  passed  [0.056s]
local/atf/atf-c/build_test:cpp  ->  passed  [0.031s]
local/atf/atf-c/build_test:cxx_o  ->  passed  [0.029s]
local/atf/atf-c/build_test:equal_arrays  ->  passed  [0.030s]
local/atf/atf-c/check_test:build_c_o  ->  passed  [0.137s]
local/atf/atf-c/check_test:build_cpp  ->  passed  [0.084s]
local/atf/atf-c/check_test:build_cxx_o  ->  passed  [1.008s]
local/atf/atf-c/check_test:exec_array  ->  passed  [0.090s]
local/atf/atf-c/check_test:exec_cleanup  ->  passed  [0.111s]
local/atf/atf-c/check_test:exec_exitstatus  ->  passed  [0.094s]
local/atf/atf-c/check_test:exec_stdout_stderr  ->  passed  [0.097s]
local/atf/atf-c/check_test:exec_umask  ->  passed  [0.030s]
local/atf/atf-c/check_test:exec_unknown  ->  passed  [0.045s]
local/atf/atf-c/detail/dynstr_test:append_ap  ->  passed  [0.097s]
local/atf/atf-c/detail/dynstr_test:append_fmt  ->  passed  [0.097s]
local/atf/atf-c/detail/dynstr_test:clear  ->  passed  [0.030s]
local/atf/atf-c/detail/dynstr_test:copy  ->  passed  [0.028s]
local/atf/atf-c/detail/dynstr_test:cstring  ->  passed  [0.028s]
local/atf/atf-c/detail/dynstr_test:equal_cstring  ->  passed  [0.028s]
local/atf/atf-c/detail/dynstr_test:equal_dynstr  ->  passed  [0.028s]
local/atf/atf-c/detail/dynstr_test:fini_disown  ->  passed  [0.128s]
local/atf/atf-c/detail/dynstr_test:init  ->  passed  [0.154s]
local/atf/atf-c/detail/dynstr_test:init_ap  ->  passed  [0.148s]
local/atf/atf-c/detail/dynstr_test:init_fmt  ->  passed  [0.102s]
local/atf/atf-c/detail/dynstr_test:init_raw  ->  passed  [0.025s]
local/atf/atf-c/detail/dynstr_test:init_rep  ->  passed  [0.118s]
local/atf/atf-c/detail/dynstr_test:init_substr  ->  passed  [0.028s]
local/atf/atf-c/detail/dynstr_test:length  ->  passed  [0.115s]
local/atf/atf-c/detail/dynstr_test:prepend_ap  ->  passed  [0.140s]
local/atf/atf-c/detail/dynstr_test:prepend_fmt  ->  passed  [0.166s]
local/atf/atf-c/detail/dynstr_test:rfind_ch  ->  passed  [0.023s]
local/atf/atf-c/detail/env_test:get  ->  passed  [0.025s]
local/atf/atf-c/detail/env_test:get_with_default  ->  passed  [0.023s]
local/atf/atf-c/detail/env_test:has  ->  passed  [0.022s]
local/atf/atf-c/detail/env_test:set  ->  passed  [0.033s]
local/atf/atf-c/detail/env_test:unset  ->  passed  [0.100s]
local/atf/atf-c/detail/fs_test:eaccess  ->  passed  [0.027s]
local/atf/atf-c/detail/fs_test:exists  ->  passed  [0.031s]
local/atf/atf-c/detail/fs_test:getcwd  ->  passed  [0.027s]
local/atf/atf-c/detail/fs_test:mkdtemp_err  ->  passed  [0.091s]
local/atf/atf-c/detail/fs_test:mkdtemp_ok  ->  passed  [0.796s]
local/atf/atf-c/detail/fs_test:mkdtemp_umask  ->  passed  [0.126s]
local/atf/atf-c/detail/fs_test:mkstemp_err  ->  passed  [0.102s]
local/atf/atf-c/detail/fs_test:mkstemp_ok  ->  passed  [0.047s]
local/atf/atf-c/detail/fs_test:mkstemp_umask  ->  passed  [0.062s]
local/atf/atf-c/detail/fs_test:path_append  ->  passed  [0.029s]
local/atf/atf-c/detail/fs_test:path_branch_path  ->  passed  [0.064s]
local/atf/atf-c/detail/fs_test:path_copy  ->  passed  [0.045s]
local/atf/atf-c/detail/fs_test:path_equal  ->  passed  [0.066s]
local/atf/atf-c/detail/fs_test:path_is_absolute  ->  passed  [0.028s]
local/atf/atf-c/detail/fs_test:path_is_root  ->  passed  [0.032s]
local/atf/atf-c/detail/fs_test:path_leaf_name  ->  passed  [0.058s]
local/atf/atf-c/detail/fs_test:path_normalize  ->  passed  [0.101s]
local/atf/atf-c/detail/fs_test:path_to_absolute  ->  passed  [0.056s]
local/atf/atf-c/detail/fs_test:rmdir_empty  ->  passed  [0.036s]
local/atf/atf-c/detail/fs_test:rmdir_enotempty  ->  passed  [0.056s]
local/atf/atf-c/detail/fs_test:rmdir_eperm  ->  passed  [0.210s]
local/atf/atf-c/detail/fs_test:stat_mode  ->  passed  [0.099s]
local/atf/atf-c/detail/fs_test:stat_perms  ->  passed  [0.128s]
local/atf/atf-c/detail/fs_test:stat_type  ->  passed  [0.099s]
local/atf/atf-c/detail/list_test:list_append  ->  passed  [0.063s]
local/atf/atf-c/detail/list_test:list_append_list  ->  passed  [0.023s]
local/atf/atf-c/detail/list_test:list_for_each  ->  passed  [0.037s]
local/atf/atf-c/detail/list_test:list_for_each_c  ->  passed  [0.039s]
local/atf/atf-c/detail/list_test:list_index  ->  passed  [0.034s]
local/atf/atf-c/detail/list_test:list_index_c  ->  passed  [0.023s]
local/atf/atf-c/detail/list_test:list_init  ->  passed  [0.023s]
local/atf/atf-c/detail/list_test:list_to_charpp_empty  ->  passed  [0.023s]
local/atf/atf-c/detail/list_test:list_to_charpp_some  ->  passed  [0.023s]
local/atf/atf-c/detail/map_test:find  ->  passed  [0.095s]
local/atf/atf-c/detail/map_test:find_c  ->  passed  [0.077s]
local/atf/atf-c/detail/map_test:map_for_each  ->  passed  [0.053s]
local/atf/atf-c/detail/map_test:map_for_each_c  ->  passed  [0.071s]
local/atf/atf-c/detail/map_test:map_init  ->  passed  [0.111s]
local/atf/atf-c/detail/map_test:map_init_charpp_empty  ->  passed  [0.066s]
local/atf/atf-c/detail/map_test:map_init_charpp_null  ->  passed  [0.055s]
local/atf/atf-c/detail/map_test:map_init_charpp_short  ->  passed  [0.068s]
local/atf/atf-c/detail/map_test:map_init_charpp_some  ->  passed  [0.107s]
local/atf/atf-c/detail/map_test:map_insert  ->  passed  [0.106s]
local/atf/atf-c/detail/map_test:stable_keys  ->  passed  [0.049s]
local/atf/atf-c/detail/map_test:to_charpp_empty  ->  passed  [0.054s]
local/atf/atf-c/detail/map_test:to_charpp_some  ->  passed  [0.043s]
local/atf/atf-c/detail/process_test:child_pid  ->  passed  [0.081s]
local/atf/atf-c/detail/process_test:child_wait_eintr  ->  passed  [1.091s]
local/atf/atf-c/detail/process_test:exec_failure  ->  passed  [0.074s]
local/atf/atf-c/detail/process_test:exec_list  ->  passed  [0.060s]
local/atf/atf-c/detail/process_test:exec_prehook  ->  passed  [0.118s]
local/atf/atf-c/detail/process_test:exec_success  ->  passed  [0.629s]
local/atf/atf-c/detail/process_test:fork_cookie  ->  passed  [0.128s]
local/atf/atf-c/detail/process_test:fork_out_capture_err_capture  ->  passed  [0.082s]
local/atf/atf-c/detail/process_test:fork_out_capture_err_connect  ->  passed  [0.100s]
local/atf/atf-c/detail/process_test:fork_out_capture_err_default  ->  passed  [0.119s]
local/atf/atf-c/detail/process_test:fork_out_capture_err_inherit  ->  passed  [0.142s]
local/atf/atf-c/detail/process_test:fork_out_capture_err_redirect_fd  ->  passed  [0.196s]
local/atf/atf-c/detail/process_test:fork_out_capture_err_redirect_path  ->  passed  [0.163s]
local/atf/atf-c/detail/process_test:fork_out_connect_err_capture  ->  passed  [0.104s]
local/atf/atf-c/detail/process_test:fork_out_connect_err_connect  ->  passed  [0.276s]
local/atf/atf-c/detail/process_test:fork_out_connect_err_default  ->  passed  [0.325s]
local/atf/atf-c/detail/process_test:fork_out_connect_err_inherit  ->  passed  [0.277s]
local/atf/atf-c/detail/process_test:fork_out_connect_err_redirect_fd  ->  passed  [0.167s]
local/atf/atf-c/detail/process_test:fork_out_connect_err_redirect_path  ->  passed  [0.102s]
local/atf/atf-c/detail/process_test:fork_out_default_err_capture  ->  passed  [0.032s]
local/atf/atf-c/detail/process_test:fork_out_default_err_connect  ->  passed  [0.068s]
local/atf/atf-c/detail/process_test:fork_out_default_err_default  ->  passed  [0.112s]
local/atf/atf-c/detail/process_test:fork_out_default_err_inherit  ->  passed  [0.122s]
local/atf/atf-c/detail/process_test:fork_out_default_err_redirect_fd  ->  passed  [0.101s]
local/atf/atf-c/detail/process_test:fork_out_default_err_redirect_path  ->  passed  [0.059s]
local/atf/atf-c/detail/process_test:fork_out_inherit_err_capture  ->  passed  [0.035s]
local/atf/atf-c/detail/process_test:fork_out_inherit_err_connect  ->  passed  [0.036s]
local/atf/atf-c/detail/process_test:fork_out_inherit_err_default  ->  passed  [0.040s]
local/atf/atf-c/detail/process_test:fork_out_inherit_err_inherit  ->  passed  [0.045s]
local/atf/atf-c/detail/process_test:fork_out_inherit_err_redirect_fd  ->  passed  [0.051s]
local/atf/atf-c/detail/process_test:fork_out_inherit_err_redirect_path  ->  passed  [0.073s]
local/atf/atf-c/detail/process_test:fork_out_redirect_fd_err_capture  ->  passed  [0.062s]
local/atf/atf-c/detail/process_test:fork_out_redirect_fd_err_connect  ->  passed  [0.067s]
local/atf/atf-c/detail/process_test:fork_out_redirect_fd_err_default  ->  passed  [0.036s]
local/atf/atf-c/detail/process_test:fork_out_redirect_fd_err_inherit  ->  passed  [0.084s]
local/atf/atf-c/detail/process_test:fork_out_redirect_fd_err_redirect_fd  ->  passed  [0.039s]
local/atf/atf-c/detail/process_test:fork_out_redirect_fd_err_redirect_path  ->  passed  [0.037s]
local/atf/atf-c/detail/process_test:fork_out_redirect_path_err_capture  ->  passed  [0.031s]
local/atf/atf-c/detail/process_test:fork_out_redirect_path_err_connect  ->  passed  [0.085s]
local/atf/atf-c/detail/process_test:fork_out_redirect_path_err_default  ->  passed  [0.030s]
local/atf/atf-c/detail/process_test:fork_out_redirect_path_err_inherit  ->  passed  [0.089s]
local/atf/atf-c/detail/process_test:fork_out_redirect_path_err_redirect_fd  ->  passed  [0.246s]
local/atf/atf-c/detail/process_test:fork_out_redirect_path_err_redirect_path  ->  passed  [0.079s]
local/atf/atf-c/detail/process_test:status_coredump  ->  passed  [1.823s]
local/atf/atf-c/detail/process_test:status_exited  ->  passed  [0.031s]
local/atf/atf-c/detail/process_test:status_signaled  ->  passed  [0.059s]
local/atf/atf-c/detail/process_test:stream_init_capture  ->  passed  [0.044s]
local/atf/atf-c/detail/process_test:stream_init_connect  ->  passed  [0.070s]
local/atf/atf-c/detail/process_test:stream_init_inherit  ->  passed  [0.069s]
local/atf/atf-c/detail/process_test:stream_init_redirect_fd  ->  passed  [0.083s]
local/atf/atf-c/detail/process_test:stream_init_redirect_path  ->  passed  [0.064s]
local/atf/atf-c/detail/text_test:for_each_word  ->  passed  [0.061s]
local/atf/atf-c/detail/text_test:format  ->  passed  [0.725s]
local/atf/atf-c/detail/text_test:format_ap  ->  passed  [0.130s]
local/atf/atf-c/detail/text_test:split  ->  passed  [0.115s]
local/atf/atf-c/detail/text_test:split_delims  ->  passed  [0.146s]
local/atf/atf-c/detail/text_test:to_bool  ->  passed  [0.142s]
local/atf/atf-c/detail/text_test:to_long  ->  passed  [0.105s]
local/atf/atf-c/detail/user_test:euid  ->  passed  [0.204s]
local/atf/atf-c/detail/user_test:is_member_of_group  ->  passed  [0.134s]
local/atf/atf-c/detail/user_test:is_root  ->  passed  [0.231s]
local/atf/atf-c/detail/user_test:is_unprivileged  ->  passed  [0.067s]
local/atf/atf-c/error_test:error_new  ->  passed  [0.061s]
local/atf/atf-c/error_test:error_new_wo_memory  ->  passed  [0.054s]
local/atf/atf-c/error_test:format  ->  passed  [0.045s]
local/atf/atf-c/error_test:is_error  ->  passed  [0.029s]
local/atf/atf-c/error_test:libc_format  ->  passed  [0.036s]
local/atf/atf-c/error_test:libc_new  ->  passed  [0.049s]
local/atf/atf-c/error_test:no_error  ->  passed  [0.089s]
local/atf/atf-c/error_test:no_memory_format  ->  passed  [0.078s]
local/atf/atf-c/error_test:no_memory_new  ->  passed  [0.038s]
local/atf/atf-c/error_test:no_memory_twice  ->  passed  [0.029s]
local/atf/atf-c/macros_test:check  ->  passed  [0.098s]
local/atf/atf-c/macros_test:check_eq  ->  passed  [0.168s]
local/atf/atf-c/macros_test:check_errno  ->  passed  [0.071s]
local/atf/atf-c/macros_test:check_match  ->  passed  [0.136s]
local/atf/atf-c/macros_test:check_streq  ->  passed  [0.871s]
local/atf/atf-c/macros_test:detect_unused_tests  ->  passed  [0.105s]
local/atf/atf-c/macros_test:msg_embedded_fmt  ->  passed  [0.059s]
local/atf/atf-c/macros_test:require  ->  passed  [0.062s]
local/atf/atf-c/macros_test:require_eq  ->  passed  [0.155s]
local/atf/atf-c/macros_test:require_errno  ->  passed  [0.061s]
local/atf/atf-c/macros_test:require_match  ->  passed  [0.059s]
local/atf/atf-c/macros_test:require_streq  ->  passed  [0.143s]
local/atf/atf-c/macros_test:use  ->  passed  [0.095s]
local/atf/atf-c/pkg_config_test:build  ->  passed  [1.746s]
local/atf/atf-c/pkg_config_test:version  ->  passed  [0.127s]
local/atf/atf-c/tc_test:config  ->  passed  [0.057s]
local/atf/atf-c/tc_test:init  ->  passed  [0.047s]
local/atf/atf-c/tc_test:init_pack  ->  passed  [0.076s]
local/atf/atf-c/tc_test:vars  ->  passed  [0.099s]
local/atf/atf-c/tp_test:getopt  ->  passed  [0.156s]
local/atf/atf-c/utils_test:cat_file__empty  ->  passed  [0.042s]
local/atf/atf-c/utils_test:cat_file__no_newline_eof  ->  passed  [0.081s]
local/atf/atf-c/utils_test:cat_file__one_line  ->  passed  [0.103s]
local/atf/atf-c/utils_test:cat_file__several_lines  ->  passed  [0.086s]
local/atf/atf-c/utils_test:compare_file__empty__match  ->  passed  [0.106s]
local/atf/atf-c/utils_test:compare_file__empty__not_match  ->  passed  [0.131s]
local/atf/atf-c/utils_test:compare_file__long__match  ->  passed  [0.522s]
local/atf/atf-c/utils_test:compare_file__long__not_match  ->  passed  [0.068s]
local/atf/atf-c/utils_test:compare_file__short__match  ->  passed  [0.112s]
local/atf/atf-c/utils_test:compare_file__short__not_match  ->  passed  [0.064s]
local/atf/atf-c/utils_test:copy_file__empty  ->  passed  [0.110s]
local/atf/atf-c/utils_test:copy_file__some_contents  ->  passed  [0.096s]
local/atf/atf-c/utils_test:create_file  ->  passed  [0.068s]
local/atf/atf-c/utils_test:file_exists  ->  passed  [0.091s]
local/atf/atf-c/utils_test:fork  ->  passed  [0.111s]
local/atf/atf-c/utils_test:free_charpp__empty  ->  passed  [0.138s]
local/atf/atf-c/utils_test:free_charpp__some  ->  passed  [0.074s]
local/atf/atf-c/utils_test:grep_file  ->  passed  [0.112s]
local/atf/atf-c/utils_test:grep_string  ->  passed  [0.070s]
local/atf/atf-c/utils_test:readline__none  ->  passed  [0.278s]
local/atf/atf-c/utils_test:readline__some  ->  passed  [0.123s]
local/atf/atf-c/utils_test:redirect__other  ->  passed  [0.279s]
local/atf/atf-c/utils_test:redirect__stderr  ->  passed  [0.107s]
local/atf/atf-c/utils_test:redirect__stdout  ->  passed  [0.028s]
local/atf/atf-c/utils_test:wait__invalid_exitstatus  ->  passed  [0.036s]
local/atf/atf-c/utils_test:wait__invalid_stderr  ->  passed  [0.031s]
local/atf/atf-c/utils_test:wait__invalid_stdout  ->  passed  [0.031s]
local/atf/atf-c/utils_test:wait__ok  ->  passed  [0.048s]
local/atf/atf-c/utils_test:wait__ok_nested  ->  passed  [0.120s]
local/atf/atf-c/utils_test:wait__save_stderr  ->  passed  [0.074s]
local/atf/atf-c/utils_test:wait__save_stdout  ->  passed  [0.082s]
local/atf/atf-sh/atf-check_test:eflag_empty  ->  passed  [0.328s]
local/atf/atf-sh/atf-check_test:eflag_file  ->  passed  [0.347s]
local/atf/atf-sh/atf-check_test:eflag_ignore  ->  passed  [0.306s]
local/atf/atf-sh/atf-check_test:eflag_inline  ->  passed  [0.627s]
local/atf/atf-sh/atf-check_test:eflag_match  ->  passed  [0.536s]
local/atf/atf-sh/atf-check_test:eflag_multiple  ->  passed  [0.456s]
local/atf/atf-sh/atf-check_test:eflag_negated  ->  passed  [0.368s]
local/atf/atf-sh/atf-check_test:eflag_save  ->  passed  [0.839s]
local/atf/atf-sh/atf-check_test:invalid_umask  ->  passed  [0.106s]
local/atf/atf-sh/atf-check_test:oflag_empty  ->  passed  [0.182s]
local/atf/atf-sh/atf-check_test:oflag_file  ->  passed  [0.300s]
local/atf/atf-sh/atf-check_test:oflag_ignore  ->  passed  [0.187s]
local/atf/atf-sh/atf-check_test:oflag_inline  ->  passed  [1.053s]
local/atf/atf-sh/atf-check_test:oflag_match  ->  passed  [0.219s]
local/atf/atf-sh/atf-check_test:oflag_multiple  ->  passed  [0.185s]
local/atf/atf-sh/atf-check_test:oflag_negated  ->  passed  [0.204s]
local/atf/atf-sh/atf-check_test:oflag_save  ->  passed  [0.112s]
local/atf/atf-sh/atf-check_test:sflag_eq_ne  ->  passed  [0.186s]
local/atf/atf-sh/atf-check_test:sflag_exit  ->  passed  [0.257s]
local/atf/atf-sh/atf-check_test:sflag_ignore  ->  passed  [0.112s]
local/atf/atf-sh/atf-check_test:sflag_signal  ->  passed  [0.238s]
local/atf/atf-sh/atf-check_test:stdin  ->  passed  [0.118s]
local/atf/atf-sh/atf-check_test:xflag  ->  passed  [0.230s]
local/atf/atf-sh/atf_check_test:equal  ->  passed  [0.531s]
local/atf/atf-sh/atf_check_test:experr_mismatch  ->  passed  [0.516s]
local/atf/atf-sh/atf_check_test:expout_mismatch  ->  passed  [0.236s]
local/atf/atf-sh/atf_check_test:flush_stdout_on_timeout  ->  passed  [1.597s]
local/atf/atf-sh/atf_check_test:info_ok  ->  passed  [0.419s]
local/atf/atf-sh/atf_check_test:null_stderr  ->  passed  [0.138s]
local/atf/atf-sh/atf_check_test:null_stdout  ->  passed  [0.141s]
local/atf/atf-sh/config_test:get  ->  passed  [0.202s]
local/atf/atf-sh/config_test:has  ->  passed  [0.255s]
local/atf/atf-sh/integration_test:arguments  ->  passed  [0.185s]
local/atf/atf-sh/integration_test:custom_shell__command_line  ->  passed  [0.152s]
local/atf/atf-sh/integration_test:custom_shell__shebang  ->  passed  [0.104s]
local/atf/atf-sh/integration_test:missing_script  ->  passed  [0.260s]
local/atf/atf-sh/integration_test:no_args  ->  passed  [0.143s]
local/atf/atf-sh/integration_test:set_e  ->  passed  [0.176s]
local/atf/atf-sh/normalize_test:main  ->  passed  [0.122s]
local/atf/atf-sh/tc_test:default_status  ->  passed  [0.619s]
local/atf/atf-sh/tc_test:missing_body  ->  passed  [0.097s]
local/atf/atf-sh/tp_test:srcdir  ->  passed  [0.175s]
local/atf/test-programs/config_test:vflag  ->  passed  [0.979s]
local/atf/test-programs/expect_test:expect_death  ->  passed  [0.420s]
local/atf/test-programs/expect_test:expect_exit  ->  passed  [0.450s]
local/atf/test-programs/expect_test:expect_fail  ->  passed  [0.339s]
local/atf/test-programs/expect_test:expect_pass  ->  passed  [0.361s]
local/atf/test-programs/expect_test:expect_signal  ->  passed  [1.835s]
local/atf/test-programs/expect_test:expect_timeout  ->  passed  [0.389s]
local/atf/test-programs/meta_data_test:no_descr  ->  passed  [1.064s]
local/atf/test-programs/meta_data_test:no_head  ->  passed  [0.644s]
local/atf/test-programs/result_test:result_exception  ->  passed  [1.271s]
local/atf/test-programs/result_test:result_on_stdout  ->  passed  [0.351s]
local/atf/test-programs/result_test:result_to_file  ->  passed  [1.446s]
local/atf/test-programs/result_test:result_to_file_fail  ->  passed  [3.397s]
local/atf/test-programs/result_test:runtime_warnings  ->  passed  [0.214s]
local/atf/test-programs/srcdir_test:default  ->  passed  [0.527s]
local/atf/test-programs/srcdir_test:libtool  ->  passed  [0.693s]
local/atf/test-programs/srcdir_test:relative  ->  passed  [1.835s]
local/atf/test-programs/srcdir_test:sflag  ->  passed  [0.585s]
local/kyua/bootstrap/testsuite:main  ->  passed  [8.019s]
local/kyua/cli/cmd_about_test:all_topics__missing_docs  ->  passed  [0.057s]
local/kyua/cli/cmd_about_test:all_topics__ok  ->  passed  [0.051s]
local/kyua/cli/cmd_about_test:invalid_args  ->  passed  [0.037s]
local/kyua/cli/cmd_about_test:invalid_topic  ->  passed  [0.037s]
local/kyua/cli/cmd_about_test:topic_authors__missing_doc  ->  passed  [0.035s]
local/kyua/cli/cmd_about_test:topic_authors__ok  ->  passed  [0.048s]
local/kyua/cli/cmd_about_test:topic_license__missing_doc  ->  passed  [0.070s]
local/kyua/cli/cmd_about_test:topic_license__ok  ->  passed  [0.076s]
local/kyua/cli/cmd_about_test:topic_version__ok  ->  passed  [0.038s]
local/kyua/cli/cmd_config_test:all  ->  passed  [0.230s]
local/kyua/cli/cmd_config_test:some__fail  ->  passed  [0.151s]
local/kyua/cli/cmd_config_test:some__ok  ->  passed  [0.153s]
local/kyua/cli/cmd_db_exec_test:format_cell__blob  ->  passed  [0.104s]
local/kyua/cli/cmd_db_exec_test:format_cell__float  ->  passed  [0.121s]
local/kyua/cli/cmd_db_exec_test:format_cell__integer  ->  passed  [0.226s]
local/kyua/cli/cmd_db_exec_test:format_cell__null  ->  passed  [0.140s]
local/kyua/cli/cmd_db_exec_test:format_cell__text  ->  passed  [0.035s]
local/kyua/cli/cmd_db_exec_test:format_headers  ->  passed  [0.101s]
local/kyua/cli/cmd_db_exec_test:format_row  ->  passed  [0.248s]
local/kyua/cli/cmd_debug_test:filter_without_test_case  ->  passed  [0.173s]
local/kyua/cli/cmd_debug_test:invalid_filter  ->  passed  [0.176s]
local/kyua/cli/cmd_help_test:global__no_options  ->  passed  [0.836s]
local/kyua/cli/cmd_help_test:global__some_options  ->  passed  [0.246s]
local/kyua/cli/cmd_help_test:invalid_args  ->  passed  [0.199s]
local/kyua/cli/cmd_help_test:subcommand__complex  ->  passed  [0.183s]
local/kyua/cli/cmd_help_test:subcommand__simple  ->  passed  [0.819s]
local/kyua/cli/cmd_help_test:subcommand__unknown  ->  passed  [0.374s]
local/kyua/cli/cmd_list_test:list_test_case__no_verbose  ->  passed  [0.365s]
local/kyua/cli/cmd_list_test:list_test_case__verbose__no_properties  ->  passed  [0.481s]
local/kyua/cli/cmd_list_test:list_test_case__verbose__some_properties  ->  passed  [0.536s]
local/kyua/cli/cmd_test_test:invalid_filter  ->  passed  [0.542s]
local/kyua/cli/common_test:build_root_path__default  ->  passed  [0.056s]
local/kyua/cli/common_test:build_root_path__explicit  ->  passed  [0.039s]
local/kyua/cli/common_test:format_delta  ->  passed  [0.038s]
local/kyua/cli/common_test:format_result__no_reason  ->  passed  [0.698s]
local/kyua/cli/common_test:format_result__with_reason  ->  passed  [0.109s]
local/kyua/cli/common_test:format_test_case_id__test_case  ->  passed  [0.087s]
local/kyua/cli/common_test:format_test_case_id__test_filter  ->  passed  [0.040s]
local/kyua/cli/common_test:kyuafile_path__default  ->  passed  [0.038s]
local/kyua/cli/common_test:kyuafile_path__explicit  ->  passed  [0.052s]
local/kyua/cli/common_test:parse_filters__duplicate  ->  passed  [0.043s]
local/kyua/cli/common_test:parse_filters__nondisjoint  ->  passed  [0.085s]
local/kyua/cli/common_test:parse_filters__none  ->  passed  [0.039s]
local/kyua/cli/common_test:parse_filters__ok  ->  passed  [0.055s]
local/kyua/cli/common_test:report_unused_filters__none  ->  passed  [0.189s]
local/kyua/cli/common_test:report_unused_filters__some  ->  passed  [0.043s]
local/kyua/cli/common_test:result_types__default  ->  passed  [0.078s]
local/kyua/cli/common_test:result_types__empty  ->  passed  [0.083s]
local/kyua/cli/common_test:result_types__explicit__all  ->  passed  [0.092s]
local/kyua/cli/common_test:result_types__explicit__invalid  ->  passed  [0.090s]
local/kyua/cli/common_test:result_types__explicit__some  ->  passed  [0.071s]
local/kyua/cli/common_test:results_file_create__default__historical  ->  passed  [0.168s]
local/kyua/cli/common_test:results_file_create__default__new  ->  passed  [0.075s]
local/kyua/cli/common_test:results_file_create__explicit  ->  passed  [0.086s]
local/kyua/cli/common_test:results_file_open__default__historical  ->  passed  [0.138s]
local/kyua/cli/common_test:results_file_open__default__latest  ->  passed  [0.134s]
local/kyua/cli/common_test:results_file_open__explicit  ->  passed  [0.056s]
local/kyua/cli/common_test:write_version_header  ->  passed  [0.039s]
local/kyua/cli/config_test:load_config__explicit__disable  ->  passed  [0.507s]
local/kyua/cli/config_test:load_config__explicit__fail  ->  passed  [0.235s]
local/kyua/cli/config_test:load_config__explicit__ok  ->  passed  [0.179s]
local/kyua/cli/config_test:load_config__none  ->  passed  [0.425s]
local/kyua/cli/config_test:load_config__overrides__fail  ->  passed  [0.425s]
local/kyua/cli/config_test:load_config__overrides__no  ->  passed  [0.242s]
local/kyua/cli/config_test:load_config__overrides__yes  ->  passed  [0.227s]
local/kyua/cli/config_test:load_config__system__fail  ->  passed  [1.162s]
local/kyua/cli/config_test:load_config__system__ok  ->  passed  [0.210s]
local/kyua/cli/config_test:load_config__user__bad_home  ->  passed  [0.312s]
local/kyua/cli/config_test:load_config__user__fail  ->  passed  [0.299s]
local/kyua/cli/config_test:load_config__user__ok  ->  passed  [0.180s]
local/kyua/cli/main_test:detail__default_log_name__hardcoded  ->  passed  [0.425s]
local/kyua/cli/main_test:detail__default_log_name__home  ->  passed  [0.194s]
local/kyua/cli/main_test:detail__default_log_name__tmpdir  ->  passed  [0.084s]
local/kyua/cli/main_test:main__logfile__default  ->  passed  [0.248s]
local/kyua/cli/main_test:main__logfile__override  ->  passed  [0.045s]
local/kyua/cli/main_test:main__loglevel__default  ->  passed  [0.319s]
local/kyua/cli/main_test:main__loglevel__error  ->  passed  [0.279s]
local/kyua/cli/main_test:main__loglevel__higher  ->  passed  [0.396s]
local/kyua/cli/main_test:main__loglevel__lower  ->  passed  [0.182s]
local/kyua/cli/main_test:main__no_args  ->  passed  [0.208s]
local/kyua/cli/main_test:main__subcommand__crash  ->  passed  [1.567s]
local/kyua/cli/main_test:main__subcommand__invalid_args  ->  passed  [0.098s]
local/kyua/cli/main_test:main__subcommand__ok  ->  passed  [0.101s]
local/kyua/cli/main_test:main__subcommand__runtime_error  ->  passed  [0.166s]
local/kyua/cli/main_test:main__subcommand__unhandled_exception  ->  passed  [0.100s]
local/kyua/cli/main_test:main__unknown_command  ->  passed  [0.151s]
local/kyua/drivers/list_tests_test:build_root  ->  passed  [0.167s]
local/kyua/drivers/list_tests_test:config_in_head  ->  passed  [0.120s]
local/kyua/drivers/list_tests_test:crash  ->  passed  [2.353s]
local/kyua/drivers/list_tests_test:filter_match  ->  passed  [0.118s]
local/kyua/drivers/list_tests_test:many_test_cases  ->  passed  [0.154s]
local/kyua/drivers/list_tests_test:one_test_case  ->  passed  [0.139s]
local/kyua/drivers/report_junit_test:junit_classname  ->  passed  [0.982s]
local/kyua/drivers/report_junit_test:junit_duration  ->  passed  [0.111s]
local/kyua/drivers/report_junit_test:junit_metadata__defaults  ->  passed  [0.064s]
local/kyua/drivers/report_junit_test:junit_metadata__overrides  ->  passed  [0.036s]
local/kyua/drivers/report_junit_test:report_junit_hooks__minimal  ->  passed  [0.129s]
local/kyua/drivers/report_junit_test:report_junit_hooks__some_tests  ->  passed  [0.168s]
local/kyua/drivers/scan_results_test:missing_db  ->  passed  [0.042s]
local/kyua/drivers/scan_results_test:ok__all  ->  passed  [0.140s]
local/kyua/drivers/scan_results_test:ok__filters  ->  passed  [0.117s]
local/kyua/engine/config_test:config__defaults  ->  passed  [0.053s]
local/kyua/engine/config_test:config__load__bad_syntax__version  ->  passed  [0.041s]
local/kyua/engine/config_test:config__load__defaults  ->  passed  [0.035s]
local/kyua/engine/config_test:config__load__lua_error  ->  passed  [0.039s]
local/kyua/engine/config_test:config__load__missing_file  ->  passed  [0.031s]
local/kyua/engine/config_test:config__load__overrides  ->  passed  [0.034s]
local/kyua/engine/exceptions_test:error  ->  passed  [0.035s]
local/kyua/engine/exceptions_test:load_error  ->  passed  [0.047s]
local/kyua/engine/filters_test:check_disjoint_filters__fail  ->  passed  [0.068s]
local/kyua/engine/filters_test:check_disjoint_filters__ok  ->  passed  [0.032s]
local/kyua/engine/filters_test:filters_state__match_test_case  ->  passed  [0.036s]
local/kyua/engine/filters_test:filters_state__match_test_program  ->  passed  [0.033s]
local/kyua/engine/filters_test:filters_state__unused__none  ->  passed  [0.072s]
local/kyua/engine/filters_test:filters_state__unused__some  ->  passed  [0.035s]
local/kyua/engine/filters_test:test_filter__contains__different  ->  passed  [0.059s]
local/kyua/engine/filters_test:test_filter__contains__same  ->  passed  [0.035s]
local/kyua/engine/filters_test:test_filter__matches_test_case  ->  passed  [0.032s]
local/kyua/engine/filters_test:test_filter__matches_test_program  ->  passed  [0.034s]
local/kyua/engine/filters_test:test_filter__operator_eq  ->  passed  [0.033s]
local/kyua/engine/filters_test:test_filter__operator_lt  ->  passed  [0.104s]
local/kyua/engine/filters_test:test_filter__operator_ne  ->  passed  [0.050s]
local/kyua/engine/filters_test:test_filter__output  ->  passed  [0.054s]
local/kyua/engine/filters_test:test_filter__parse__absolute  ->  passed  [0.057s]
local/kyua/engine/filters_test:test_filter__parse__bad_path  ->  passed  [0.115s]
local/kyua/engine/filters_test:test_filter__parse__bad_program_name  ->  passed  [0.065s]
local/kyua/engine/filters_test:test_filter__parse__bad_test_case  ->  passed  [0.139s]
local/kyua/engine/filters_test:test_filter__parse__empty  ->  passed  [0.080s]
local/kyua/engine/filters_test:test_filter__parse__ok  ->  passed  [0.095s]
local/kyua/engine/filters_test:test_filter__public_fields  ->  passed  [0.066s]
local/kyua/engine/filters_test:test_filter__str  ->  passed  [0.045s]
local/kyua/engine/filters_test:test_filters__difference__no_filters  ->  passed  [0.052s]
local/kyua/engine/filters_test:test_filters__difference__some_filters__all_used  ->  passed  [0.068s]
local/kyua/engine/filters_test:test_filters__difference__some_filters__some_unused  ->  passed  [0.147s]
local/kyua/engine/filters_test:test_filters__match_test_case__no_filters  ->  passed  [0.049s]
local/kyua/engine/filters_test:test_filters__match_test_case__some_filters  ->  passed  [0.035s]
local/kyua/engine/filters_test:test_filters__match_test_program__no_filters  ->  passed  [0.034s]
local/kyua/engine/filters_test:test_filters__match_test_program__some_filters  ->  passed  [0.157s]
local/kyua/engine/kyuafile_test:kyuafile__load__build_directory  ->  passed  [0.237s]
local/kyua/engine/kyuafile_test:kyuafile__load__current_directory  ->  passed  [0.041s]
local/kyua/engine/kyuafile_test:kyuafile__load__empty  ->  passed  [0.033s]
local/kyua/engine/kyuafile_test:kyuafile__load__lua_error  ->  passed  [0.053s]
local/kyua/engine/kyuafile_test:kyuafile__load__metadata  ->  passed  [0.090s]
local/kyua/engine/kyuafile_test:kyuafile__load__missing_file  ->  passed  [0.068s]
local/kyua/engine/kyuafile_test:kyuafile__load__missing_test_program  ->  passed  [0.076s]
local/kyua/engine/kyuafile_test:kyuafile__load__mock_interfaces  ->  passed  [0.088s]
local/kyua/engine/kyuafile_test:kyuafile__load__other_directory  ->  passed  [0.883s]
local/kyua/engine/kyuafile_test:kyuafile__load__real_interfaces  ->  passed  [0.100s]
local/kyua/engine/kyuafile_test:kyuafile__load__syntax__bad_version  ->  passed  [0.066s]
local/kyua/engine/kyuafile_test:kyuafile__load__syntax__deprecated_format  ->  passed  [0.061s]
local/kyua/engine/kyuafile_test:kyuafile__load__syntax__not_called  ->  passed  [0.039s]
local/kyua/engine/kyuafile_test:kyuafile__load__syntax__twice  ->  passed  [0.082s]
local/kyua/engine/kyuafile_test:kyuafile__load__test_program_not_basename  ->  passed  [0.059s]
local/kyua/engine/kyuafile_test:kyuafile__load__test_suite__missing  ->  passed  [0.053s]
local/kyua/engine/kyuafile_test:kyuafile__load__test_suite__twice  ->  passed  [0.098s]
local/kyua/engine/requirements_test:check_reqs__allowed_architectures__many_fail  ->  passed  [0.085s]
local/kyua/engine/requirements_test:check_reqs__allowed_architectures__many_ok  ->  passed  [0.053s]
local/kyua/engine/requirements_test:check_reqs__allowed_architectures__one_fail  ->  passed  [0.034s]
local/kyua/engine/requirements_test:check_reqs__allowed_architectures__one_ok  ->  passed  [0.047s]
local/kyua/engine/requirements_test:check_reqs__allowed_platforms__many_fail  ->  passed  [0.033s]
local/kyua/engine/requirements_test:check_reqs__allowed_platforms__many_ok  ->  passed  [0.099s]
local/kyua/engine/requirements_test:check_reqs__allowed_platforms__one_fail  ->  passed  [0.072s]
local/kyua/engine/requirements_test:check_reqs__allowed_platforms__one_ok  ->  passed  [0.056s]
local/kyua/engine/requirements_test:check_reqs__none  ->  passed  [0.085s]
local/kyua/engine/requirements_test:check_reqs__required_configs__many_fail  ->  passed  [0.109s]
local/kyua/engine/requirements_test:check_reqs__required_configs__many_ok  ->  passed  [0.067s]
local/kyua/engine/requirements_test:check_reqs__required_configs__one_fail  ->  passed  [0.062s]
local/kyua/engine/requirements_test:check_reqs__required_configs__one_ok  ->  passed  [0.084s]
local/kyua/engine/requirements_test:check_reqs__required_configs__special  ->  passed  [0.056s]
local/kyua/engine/requirements_test:check_reqs__required_disk_space__fail  ->  passed  [0.071s]
local/kyua/engine/requirements_test:check_reqs__required_disk_space__ok  ->  passed  [0.081s]
local/kyua/engine/requirements_test:check_reqs__required_files__fail  ->  passed  [0.055s]
local/kyua/engine/requirements_test:check_reqs__required_files__ok  ->  passed  [0.038s]
local/kyua/engine/requirements_test:check_reqs__required_memory__fail  ->  passed  [0.056s]
local/kyua/engine/requirements_test:check_reqs__required_memory__ok  ->  passed  [0.043s]
local/kyua/engine/requirements_test:check_reqs__required_programs__fail_absolute  ->  passed  [0.087s]
local/kyua/engine/requirements_test:check_reqs__required_programs__fail_relative  ->  passed  [0.099s]
local/kyua/engine/requirements_test:check_reqs__required_programs__ok  ->  passed  [0.103s]
local/kyua/engine/requirements_test:check_reqs__required_user__root__fail  ->  passed  [0.073s]
local/kyua/engine/requirements_test:check_reqs__required_user__root__ok  ->  passed  [0.081s]
local/kyua/engine/requirements_test:check_reqs__required_user__unprivileged__fail  ->  passed  [0.145s]
local/kyua/engine/requirements_test:check_reqs__required_user__unprivileged__ok  ->  passed  [0.100s]
local/kyua/engine/requirements_test:check_reqs__required_user__unprivileged__same  ->  passed  [0.035s]
local/kyua/engine/runner_test:current_context  ->  passed  [0.118s]
local/kyua/engine/runner_test:generate_tester_config__empty  ->  passed  [0.063s]
local/kyua/engine/runner_test:generate_tester_config__no_matches  ->  passed  [0.115s]
local/kyua/engine/runner_test:generate_tester_config__some_matches  ->  passed  [0.076s]
local/kyua/engine/runner_test:load_test_cases__get  ->  passed  [0.116s]
local/kyua/engine/runner_test:load_test_cases__some  ->  passed  [0.184s]
local/kyua/engine/runner_test:load_test_cases__tester_fails  ->  passed  [2.450s]
local/kyua/engine/runner_test:run_test_case__atf__allowed_architectures  ->  passed  [0.080s]
local/kyua/engine/runner_test:run_test_case__atf__allowed_platforms  ->  passed  [0.044s]
local/kyua/engine/runner_test:run_test_case__atf__cleanup_shares_workdir  ->  passed  [0.084s]
local/kyua/engine/runner_test:run_test_case__atf__config_variables  ->  passed  [0.067s]
local/kyua/engine/runner_test:run_test_case__atf__current_directory  ->  passed  [0.204s]
local/kyua/engine/runner_test:run_test_case__atf__has_cleanup__atf__false  ->  passed  [0.153s]
local/kyua/engine/runner_test:run_test_case__atf__has_cleanup__atf__true  ->  passed  [0.085s]
local/kyua/engine/runner_test:run_test_case__atf__isolation  ->  passed  [0.090s]
local/kyua/engine/runner_test:run_test_case__atf__kill_children  ->  passed  [0.083s]
local/kyua/engine/runner_test:run_test_case__atf__missing_results_file  ->  passed  [4.653s]
local/kyua/engine/runner_test:run_test_case__atf__missing_test_program  ->  passed  [0.254s]
local/kyua/engine/runner_test:run_test_case__atf__output  ->  passed  [0.220s]
local/kyua/engine/runner_test:run_test_case__atf__required_configs  ->  passed  [0.149s]
local/kyua/engine/runner_test:run_test_case__atf__required_programs  ->  passed  [0.107s]
local/kyua/engine/runner_test:run_test_case__atf__required_user__atf__root__atf__ok  ->  passed  [0.127s]
local/kyua/engine/runner_test:run_test_case__atf__required_user__atf__root__atf__skip  ->  passed  [0.073s]
local/kyua/engine/runner_test:run_test_case__atf__required_user__atf__unprivileged__atf__drop  ->  passed  [0.097s]
local/kyua/engine/runner_test:run_test_case__atf__required_user__atf__unprivileged__atf__ok  ->  passed  [0.103s]
local/kyua/engine/runner_test:run_test_case__atf__required_user__atf__unprivileged__atf__skip  ->  passed  [0.052s]
local/kyua/engine/runner_test:run_test_case__atf__stacktrace__atf__body  ->  passed  [0.878s]
local/kyua/engine/runner_test:run_test_case__atf__stacktrace__atf__cleanup  ->  passed  [2.164s]
local/kyua/engine/runner_test:run_test_case__atf__subdirectory  ->  passed  [0.279s]
local/kyua/engine/runner_test:run_test_case__atf__timeout_body  ->  passed  [1.159s]
local/kyua/engine/runner_test:run_test_case__atf__timeout_cleanup  ->  passed  [1.070s]
local/kyua/engine/runner_test:run_test_case__plain__current_directory  ->  passed  [0.063s]
local/kyua/engine/runner_test:run_test_case__plain__isolation  ->  passed  [0.053s]
local/kyua/engine/runner_test:run_test_case__plain__kill_children  ->  passed  [0.056s]
local/kyua/engine/runner_test:run_test_case__plain__missing_test_program  ->  passed  [0.036s]
local/kyua/engine/runner_test:run_test_case__plain__result_crash  ->  passed  [0.420s]
local/kyua/engine/runner_test:run_test_case__plain__result_fail  ->  passed  [0.055s]
local/kyua/engine/runner_test:run_test_case__plain__result_pass  ->  passed  [0.053s]
local/kyua/engine/runner_test:run_test_case__plain__stacktrace  ->  passed  [0.887s]
local/kyua/engine/runner_test:run_test_case__plain__subdirectory  ->  passed  [0.065s]
local/kyua/engine/runner_test:run_test_case__plain__timeout  ->  passed  [1.071s]
local/kyua/engine/runner_test:run_test_case__tester_crashes  ->  passed  [0.421s]
local/kyua/engine/testers_test:all_test_interfaces__none  ->  passed  [0.111s]
local/kyua/engine/testers_test:all_test_interfaces__some  ->  passed  [0.088s]
local/kyua/engine/testers_test:parse_test_result__broken  ->  passed  [0.027s]
local/kyua/engine/testers_test:parse_test_result__empty  ->  passed  [0.057s]
local/kyua/engine/testers_test:parse_test_result__expected_failure  ->  passed  [0.064s]
local/kyua/engine/testers_test:parse_test_result__failed  ->  passed  [0.034s]
local/kyua/engine/testers_test:parse_test_result__passed  ->  passed  [0.067s]
local/kyua/engine/testers_test:parse_test_result__skipped  ->  passed  [0.081s]
local/kyua/engine/testers_test:parse_test_result__unknown_type  ->  passed  [0.054s]
local/kyua/engine/testers_test:tester__list__already_unprivileged  ->  passed  [0.111s]
local/kyua/engine/testers_test:tester__list__defaults  ->  passed  [0.094s]
local/kyua/engine/testers_test:tester__list__explicit_common_args_and_vars  ->  passed  [0.108s]
local/kyua/engine/testers_test:tester__list__request_unprivileged  ->  passed  [0.096s]
local/kyua/engine/testers_test:tester__list__tester_crashes  ->  passed  [0.066s]
local/kyua/engine/testers_test:tester__list__tester_fails  ->  passed  [0.067s]
local/kyua/engine/testers_test:tester__list__unknown_interface  ->  passed  [0.179s]
local/kyua/engine/testers_test:tester__test__already_unprivileged  ->  passed  [0.223s]
local/kyua/engine/testers_test:tester__test__defaults  ->  passed  [0.290s]
local/kyua/engine/testers_test:tester__test__explicit_common_args_and_vars  ->  passed  [0.118s]
local/kyua/engine/testers_test:tester__test__request_unprivileged  ->  passed  [0.159s]
local/kyua/engine/testers_test:tester__test__tester_crashes  ->  passed  [0.114s]
local/kyua/engine/testers_test:tester__test__tester_fails  ->  passed  [0.115s]
local/kyua/engine/testers_test:tester__test__unknown_interface  ->  passed  [0.105s]
local/kyua/engine/testers_test:tester_path__cached  ->  passed  [0.100s]
local/kyua/engine/testers_test:tester_path__custom  ->  passed  [0.139s]
local/kyua/engine/testers_test:tester_path__default  ->  passed  [0.189s]
local/kyua/engine/testers_test:tester_path__empty  ->  passed  [0.926s]
local/kyua/engine/testers_test:tester_path__missing  ->  passed  [0.109s]
local/kyua/examples/syntax_test:kyua_conf  ->  passed  [0.249s]
local/kyua/examples/syntax_test:kyuafile_top__no_matches  ->  passed  [0.089s]
local/kyua/examples/syntax_test:kyuafile_top__some_matches  ->  passed  [0.229s]
local/kyua/integration/cmd_about_test:all_topics__installed  ->  passed  [0.376s]
local/kyua/integration/cmd_about_test:all_topics__override  ->  passed  [0.502s]
local/kyua/integration/cmd_about_test:too_many_arguments  ->  passed  [0.272s]
local/kyua/integration/cmd_about_test:topic__authors__installed  ->  passed  [0.296s]
local/kyua/integration/cmd_about_test:topic__authors__override  ->  passed  [0.281s]
local/kyua/integration/cmd_about_test:topic__invalid  ->  passed  [0.400s]
local/kyua/integration/cmd_about_test:topic__license__installed  ->  passed  [0.261s]
local/kyua/integration/cmd_about_test:topic__license__override  ->  passed  [0.178s]
local/kyua/integration/cmd_about_test:topic__version  ->  passed  [0.119s]
local/kyua/integration/cmd_config_test:all  ->  passed  [0.897s]
local/kyua/integration/cmd_config_test:config_flag__default_home  ->  passed  [0.401s]
local/kyua/integration/cmd_config_test:config_flag__default_system  ->  passed  [0.574s]
local/kyua/integration/cmd_config_test:config_flag__explicit__bad_file  ->  passed  [0.361s]
local/kyua/integration/cmd_config_test:config_flag__explicit__disable  ->  passed  [0.587s]
local/kyua/integration/cmd_config_test:config_flag__explicit__missing_file  ->  passed  [0.200s]
local/kyua/integration/cmd_config_test:config_flag__explicit__ok  ->  passed  [0.301s]
local/kyua/integration/cmd_config_test:defaults  ->  passed  [0.216s]
local/kyua/integration/cmd_config_test:many__fail  ->  passed  [0.272s]
local/kyua/integration/cmd_config_test:many__ok  ->  passed  [0.267s]
local/kyua/integration/cmd_config_test:one__fail  ->  passed  [0.171s]
local/kyua/integration/cmd_config_test:one__ok  ->  passed  [0.217s]
local/kyua/integration/cmd_config_test:variable_flag__invalid  ->  passed  [0.273s]
local/kyua/integration/cmd_config_test:variable_flag__no_config  ->  passed  [0.330s]
local/kyua/integration/cmd_config_test:variable_flag__override_custom_config  ->  passed  [0.860s]
local/kyua/integration/cmd_config_test:variable_flag__override_default_config  ->  passed  [0.337s]
local/kyua/integration/cmd_db_exec_test:invalid_statement  ->  passed  [0.333s]
local/kyua/integration/cmd_db_exec_test:many_args  ->  passed  [1.001s]
local/kyua/integration/cmd_db_exec_test:no_args  ->  passed  [0.204s]
local/kyua/integration/cmd_db_exec_test:no_create_store  ->  passed  [0.289s]
local/kyua/integration/cmd_db_exec_test:no_headers_flag  ->  passed  [0.517s]
local/kyua/integration/cmd_db_exec_test:one_arg  ->  passed  [0.585s]
local/kyua/integration/cmd_db_exec_test:results_file__default_home  ->  passed  [0.331s]
local/kyua/integration/cmd_db_exec_test:results_file__explicit__fail  ->  passed  [0.166s]
local/kyua/integration/cmd_db_exec_test:results_file__explicit__ok  ->  passed  [1.347s]
local/kyua/integration/cmd_db_migrate_test:already_up_to_date  ->  passed  [1.282s]
local/kyua/integration/cmd_db_migrate_test:need_upgrade  ->  passed  [0.242s]
local/kyua/integration/cmd_db_migrate_test:results_file__fail  ->  passed  [0.157s]
local/kyua/integration/cmd_db_migrate_test:results_file__ok  ->  passed  [0.117s]
local/kyua/integration/cmd_db_migrate_test:too_many_arguments  ->  passed  [0.142s]
local/kyua/integration/cmd_db_migrate_test:upgrade__from_v1  ->  passed  [4.989s]
local/kyua/integration/cmd_db_migrate_test:upgrade__from_v2  ->  passed  [3.040s]
local/kyua/integration/cmd_debug_test:args_are_relative  ->  passed  [0.504s]
local/kyua/integration/cmd_debug_test:body_and_cleanup  ->  passed  [0.677s]
local/kyua/integration/cmd_debug_test:bogus_kyuafile  ->  passed  [0.177s]
local/kyua/integration/cmd_debug_test:bogus_test_program  ->  passed  [1.289s]
local/kyua/integration/cmd_debug_test:build_root_flag  ->  passed  [0.255s]
local/kyua/integration/cmd_debug_test:config_behavior  ->  passed  [0.394s]
local/kyua/integration/cmd_debug_test:kyuafile_flag__ok  ->  passed  [1.129s]
local/kyua/integration/cmd_debug_test:many_args  ->  passed  [0.142s]
local/kyua/integration/cmd_debug_test:missing_kyuafile  ->  passed  [0.114s]
local/kyua/integration/cmd_debug_test:no_args  ->  passed  [0.219s]
local/kyua/integration/cmd_debug_test:one_arg__bad_filter  ->  passed  [0.154s]
local/kyua/integration/cmd_debug_test:one_arg__no_match  ->  passed  [0.334s]
local/kyua/integration/cmd_debug_test:one_arg__no_test_case  ->  passed  [0.142s]
local/kyua/integration/cmd_debug_test:one_arg__ok_fail  ->  passed  [0.378s]
local/kyua/integration/cmd_debug_test:one_arg__ok_pass  ->  passed  [0.277s]
local/kyua/integration/cmd_debug_test:only_load_used_test_programs  ->  passed  [0.236s]
local/kyua/integration/cmd_debug_test:stdout_stderr_flags  ->  passed  [0.378s]
local/kyua/integration/cmd_help_test:global  ->  passed  [0.133s]
local/kyua/integration/cmd_help_test:ignore_bad_config  ->  passed  [0.310s]
local/kyua/integration/cmd_help_test:one_command  ->  passed  [0.211s]
local/kyua/integration/cmd_help_test:too_many_arguments  ->  passed  [0.234s]
local/kyua/integration/cmd_help_test:unknown_command  ->  passed  [0.210s]
local/kyua/integration/cmd_list_test:args_are_relative  ->  passed  [0.860s]
local/kyua/integration/cmd_list_test:bogus_kyuafile  ->  passed  [0.223s]
local/kyua/integration/cmd_list_test:bogus_test_program  ->  passed  [0.330s]
local/kyua/integration/cmd_list_test:build_root_flag  ->  passed  [0.624s]
local/kyua/integration/cmd_list_test:config_behavior  ->  passed  [0.432s]
local/kyua/integration/cmd_list_test:kyuafile_flag__no_args  ->  passed  [0.514s]
local/kyua/integration/cmd_list_test:kyuafile_flag__some_args  ->  passed  [0.694s]
local/kyua/integration/cmd_list_test:many_args__invalid  ->  passed  [0.398s]
local/kyua/integration/cmd_list_test:many_args__no_match__all  ->  passed  [0.268s]
local/kyua/integration/cmd_list_test:many_args__no_match__some  ->  passed  [1.165s]
local/kyua/integration/cmd_list_test:many_args__ok  ->  passed  [0.524s]
local/kyua/integration/cmd_list_test:missing_kyuafile__no_args  ->  passed  [0.265s]
local/kyua/integration/cmd_list_test:missing_kyuafile__subdir  ->  passed  [0.555s]
local/kyua/integration/cmd_list_test:missing_kyuafile__test_program  ->  passed  [0.325s]
local/kyua/integration/cmd_list_test:missing_test_program  ->  passed  [0.785s]
local/kyua/integration/cmd_list_test:no_args  ->  passed  [1.568s]
local/kyua/integration/cmd_list_test:no_test_case_match  ->  passed  [0.298s]
local/kyua/integration/cmd_list_test:no_test_program_match  ->  passed  [0.655s]
local/kyua/integration/cmd_list_test:one_arg__invalid  ->  passed  [0.133s]
local/kyua/integration/cmd_list_test:one_arg__subdir  ->  passed  [0.245s]
local/kyua/integration/cmd_list_test:one_arg__test_case  ->  passed  [0.233s]
local/kyua/integration/cmd_list_test:one_arg__test_program  ->  passed  [0.165s]
local/kyua/integration/cmd_list_test:only_load_used_test_programs  ->  passed  [0.174s]
local/kyua/integration/cmd_list_test:verbose_flag  ->  passed  [0.361s]
local/kyua/integration/cmd_report_html_test:default_behavior__no_store  ->  passed  [0.227s]
local/kyua/integration/cmd_report_html_test:default_behavior__ok  ->  passed  [5.845s]
local/kyua/integration/cmd_report_html_test:force__no  ->  passed  [7.581s]
local/kyua/integration/cmd_report_html_test:force__yes  ->  passed  [1.690s]
local/kyua/integration/cmd_report_html_test:output__explicit  ->  passed  [4.018s]
local/kyua/integration/cmd_report_html_test:results_file__explicit  ->  passed  [4.956s]
local/kyua/integration/cmd_report_html_test:results_file__not_found  ->  passed  [0.252s]
local/kyua/integration/cmd_report_html_test:results_filter__invalid  ->  passed  [0.106s]
local/kyua/integration/cmd_report_html_test:results_filter__ok  ->  passed  [6.252s]
local/kyua/integration/cmd_report_junit_test:default_behavior__no_store  ->  passed  [0.250s]
local/kyua/integration/cmd_report_junit_test:default_behavior__ok  ->  passed  [0.840s]
local/kyua/integration/cmd_report_junit_test:output__explicit  ->  passed  [1.402s]
local/kyua/integration/cmd_report_junit_test:results_file__explicit  ->  passed  [1.224s]
local/kyua/integration/cmd_report_junit_test:results_file__not_found  ->  passed  [0.377s]
local/kyua/integration/cmd_report_test:default_behavior__no_store  ->  passed  [0.126s]
local/kyua/integration/cmd_report_test:default_behavior__ok  ->  passed  [0.530s]
local/kyua/integration/cmd_report_test:filter__no_match  ->  passed  [0.326s]
local/kyua/integration/cmd_report_test:filter__ok  ->  passed  [0.335s]
local/kyua/integration/cmd_report_test:filter__ok_passed_excluded_by_default  ->  passed  [0.454s]
local/kyua/integration/cmd_report_test:output__explicit  ->  passed  [0.381s]
local/kyua/integration/cmd_report_test:results_file__explicit  ->  passed  [1.071s]
local/kyua/integration/cmd_report_test:results_file__not_found  ->  passed  [0.084s]
local/kyua/integration/cmd_report_test:results_filter__empty  ->  passed  [0.288s]
local/kyua/integration/cmd_report_test:results_filter__multiple_all_match  ->  passed  [0.274s]
local/kyua/integration/cmd_report_test:results_filter__multiple_some_match  ->  passed  [0.288s]
local/kyua/integration/cmd_report_test:results_filter__one  ->  passed  [0.293s]
local/kyua/integration/cmd_report_test:verbose  ->  passed  [0.536s]
local/kyua/integration/cmd_test_test:args_are_relative  ->  passed  [0.945s]
local/kyua/integration/cmd_test_test:bogus_config  ->  passed  [0.104s]
local/kyua/integration/cmd_test_test:bogus_kyuafile  ->  passed  [0.098s]
local/kyua/integration/cmd_test_test:bogus_test_program  ->  passed  [0.387s]
local/kyua/integration/cmd_test_test:build_root_flag  ->  passed  [3.803s]
local/kyua/integration/cmd_test_test:config_behavior  ->  passed  [1.256s]
local/kyua/integration/cmd_test_test:expect__all_pass  ->  passed  [3.023s]
local/kyua/integration/cmd_test_test:expect__some_fail  ->  passed  [0.915s]
local/kyua/integration/cmd_test_test:interrupt  ->  passed  [2.418s]
local/kyua/integration/cmd_test_test:kyuafile_flag__no_args  ->  passed  [1.172s]
local/kyua/integration/cmd_test_test:kyuafile_flag__some_args  ->  passed  [1.626s]
local/kyua/integration/cmd_test_test:many_args__invalid  ->  passed  [0.322s]
local/kyua/integration/cmd_test_test:many_args__no_match__all  ->  passed  [0.396s]
local/kyua/integration/cmd_test_test:many_args__no_match__some  ->  passed  [1.953s]
local/kyua/integration/cmd_test_test:many_args__ok  ->  passed  [0.657s]
local/kyua/integration/cmd_test_test:many_test_programs__all_pass  ->  passed  [0.918s]
local/kyua/integration/cmd_test_test:many_test_programs__some_fail  ->  passed  [0.842s]
local/kyua/integration/cmd_test_test:missing_kyuafile__no_args  ->  passed  [0.198s]
local/kyua/integration/cmd_test_test:missing_kyuafile__subdir  ->  passed  [0.183s]
local/kyua/integration/cmd_test_test:missing_kyuafile__test_program  ->  passed  [0.145s]
local/kyua/integration/cmd_test_test:missing_test_program  ->  passed  [0.166s]
local/kyua/integration/cmd_test_test:no_args  ->  passed  [1.575s]
local/kyua/integration/cmd_test_test:no_test_case_match  ->  passed  [0.406s]
local/kyua/integration/cmd_test_test:no_test_program_match  ->  passed  [0.250s]
local/kyua/integration/cmd_test_test:one_arg__invalid  ->  passed  [0.251s]
local/kyua/integration/cmd_test_test:one_arg__subdir  ->  passed  [0.830s]
local/kyua/integration/cmd_test_test:one_arg__test_case  ->  passed  [1.243s]
local/kyua/integration/cmd_test_test:one_arg__test_program  ->  passed  [2.028s]
local/kyua/integration/cmd_test_test:one_test_program__all_pass  ->  passed  [2.052s]
local/kyua/integration/cmd_test_test:one_test_program__some_fail  ->  passed  [0.774s]
local/kyua/integration/cmd_test_test:only_load_used_test_programs  ->  passed  [0.383s]
local/kyua/integration/cmd_test_test:premature_exit  ->  passed  [0.374s]
local/kyua/integration/cmd_test_test:results_file__fail  ->  passed  [0.106s]
local/kyua/integration/cmd_test_test:results_file__ok  ->  passed  [1.013s]
local/kyua/integration/cmd_test_test:store_contents  ->  passed  [0.413s]
local/kyua/integration/global_test:logfile__default  ->  passed  [0.214s]
local/kyua/integration/global_test:logfile__override  ->  passed  [0.186s]
local/kyua/integration/global_test:loglevel__default  ->  passed  [0.131s]
local/kyua/integration/global_test:loglevel__higher  ->  passed  [0.202s]
local/kyua/integration/global_test:loglevel__lower  ->  passed  [0.207s]
local/kyua/integration/global_test:no_args  ->  passed  [0.165s]
local/kyua/integration/global_test:unknown_command  ->  passed  [0.149s]
local/kyua/integration/global_test:unknown_option  ->  passed  [0.233s]
local/kyua/model/context_test:ctor_and_getters  ->  passed  [0.141s]
local/kyua/model/context_test:operators_eq_and_ne  ->  passed  [0.154s]
local/kyua/model/context_test:output__empty_env  ->  passed  [0.126s]
local/kyua/model/context_test:output__some_env  ->  passed  [0.228s]
local/kyua/model/exceptions_test:error  ->  passed  [0.157s]
local/kyua/model/exceptions_test:format_error  ->  passed  [0.074s]
local/kyua/model/exceptions_test:not_found_error  ->  passed  [0.069s]
local/kyua/model/metadata_test:add  ->  passed  [0.076s]
local/kyua/model/metadata_test:copy  ->  passed  [0.129s]
local/kyua/model/metadata_test:defaults  ->  passed  [0.150s]
local/kyua/model/metadata_test:operators_eq_and_ne__copy  ->  passed  [0.056s]
local/kyua/model/metadata_test:operators_eq_and_ne__different  ->  passed  [0.095s]
local/kyua/model/metadata_test:operators_eq_and_ne__empty  ->  passed  [0.041s]
local/kyua/model/metadata_test:operators_eq_and_ne__equal  ->  passed  [0.107s]
local/kyua/model/metadata_test:output__defaults  ->  passed  [0.066s]
local/kyua/model/metadata_test:output__some_values  ->  passed  [0.061s]
local/kyua/model/metadata_test:override_all_with_set_string  ->  passed  [0.108s]
local/kyua/model/metadata_test:override_all_with_setters  ->  passed  [0.731s]
local/kyua/model/test_case_test:test_case__ctor_and_getters  ->  passed  [0.373s]
local/kyua/model/test_case_test:test_case__fake_result  ->  passed  [0.117s]
local/kyua/model/test_case_test:test_case__operators_eq_and_ne__copy  ->  passed  [0.104s]
local/kyua/model/test_case_test:test_case__operators_eq_and_ne__not_copy  ->  passed  [0.120s]
local/kyua/model/test_case_test:test_case__output  ->  passed  [0.057s]
local/kyua/model/test_program_test:builder__defaults  ->  passed  [0.102s]
local/kyua/model/test_program_test:builder__overrides  ->  passed  [0.113s]
local/kyua/model/test_program_test:ctor_and_getters  ->  passed  [0.120s]
local/kyua/model/test_program_test:find__missing  ->  passed  [0.099s]
local/kyua/model/test_program_test:find__ok  ->  passed  [0.069s]
local/kyua/model/test_program_test:operators_eq_and_ne__copy  ->  passed  [0.139s]
local/kyua/model/test_program_test:operators_eq_and_ne__not_copy  ->  passed  [0.095s]
local/kyua/model/test_program_test:output__no_test_cases  ->  passed  [0.234s]
local/kyua/model/test_program_test:output__some_test_cases  ->  passed  [0.138s]
local/kyua/model/test_result_test:broken__getters  ->  passed  [0.097s]
local/kyua/model/test_result_test:broken__good  ->  passed  [0.037s]
local/kyua/model/test_result_test:broken__output  ->  passed  [0.130s]
local/kyua/model/test_result_test:expected_failure__getters  ->  passed  [0.067s]
local/kyua/model/test_result_test:expected_failure__good  ->  passed  [0.062s]
local/kyua/model/test_result_test:expected_failure__output  ->  passed  [0.035s]
local/kyua/model/test_result_test:failed__getters  ->  passed  [0.061s]
local/kyua/model/test_result_test:failed__good  ->  passed  [0.035s]
local/kyua/model/test_result_test:failed__output  ->  passed  [0.076s]
local/kyua/model/test_result_test:operator_eq  ->  passed  [0.065s]
local/kyua/model/test_result_test:operator_ne  ->  passed  [0.196s]
local/kyua/model/test_result_test:passed__getters  ->  passed  [0.074s]
local/kyua/model/test_result_test:passed__good  ->  passed  [0.035s]
local/kyua/model/test_result_test:passed__output  ->  passed  [0.089s]
local/kyua/model/test_result_test:skipped__getters  ->  passed  [0.071s]
local/kyua/model/test_result_test:skipped__good  ->  passed  [0.064s]
local/kyua/model/test_result_test:skipped__output  ->  passed  [0.060s]
local/kyua/store/dbtypes_test:bool__get_invalid_type  ->  passed  [0.094s]
local/kyua/store/dbtypes_test:bool__get_invalid_value  ->  passed  [0.048s]
local/kyua/store/dbtypes_test:bool__ok  ->  passed  [0.103s]
local/kyua/store/dbtypes_test:delta__get_invalid_type  ->  passed  [0.055s]
local/kyua/store/dbtypes_test:delta__ok  ->  passed  [0.095s]
local/kyua/store/dbtypes_test:optional_string__get_invalid_type  ->  passed  [0.079s]
local/kyua/store/dbtypes_test:optional_string__ok  ->  passed  [0.039s]
local/kyua/store/dbtypes_test:test_result_type__get_invalid_type  ->  passed  [0.062s]
local/kyua/store/dbtypes_test:test_result_type__get_invalid_value  ->  passed  [0.036s]
local/kyua/store/dbtypes_test:test_result_type__ok  ->  passed  [0.034s]
local/kyua/store/dbtypes_test:timestamp__get_invalid_type  ->  passed  [0.035s]
local/kyua/store/dbtypes_test:timestamp__get_invalid_value  ->  passed  [0.034s]
local/kyua/store/dbtypes_test:timestamp__ok  ->  passed  [0.038s]
local/kyua/store/exceptions_test:error  ->  passed  [0.451s]
local/kyua/store/exceptions_test:integrity_error  ->  passed  [0.409s]
local/kyua/store/exceptions_test:old_schema_error  ->  passed  [0.079s]
local/kyua/store/layout_test:find_results__directory  ->  passed  [0.207s]
local/kyua/store/layout_test:find_results__file  ->  passed  [0.125s]
local/kyua/store/layout_test:find_results__id  ->  passed  [0.096s]
local/kyua/store/layout_test:find_results__id_with_timestamp  ->  passed  [0.086s]
local/kyua/store/layout_test:find_results__latest  ->  passed  [0.118s]
local/kyua/store/layout_test:find_results__not_found  ->  passed  [0.088s]
local/kyua/store/layout_test:new_db__explicit  ->  passed  [0.079s]
local/kyua/store/layout_test:new_db__new  ->  passed  [0.081s]
local/kyua/store/layout_test:new_db_for_migration  ->  passed  [0.091s]
local/kyua/store/layout_test:query_store_dir__home_absolute  ->  passed  [0.055s]
local/kyua/store/layout_test:query_store_dir__home_relative  ->  passed  [0.053s]
local/kyua/store/layout_test:query_store_dir__no_home  ->  passed  [0.112s]
local/kyua/store/layout_test:test_suite_for_path__absolute  ->  passed  [0.054s]
local/kyua/store/layout_test:test_suite_for_path__relative  ->  passed  [0.041s]
local/kyua/store/metadata_test:fetch_latest__empty_metadata  ->  passed  [0.224s]
local/kyua/store/metadata_test:fetch_latest__invalid_timestamp  ->  passed  [0.063s]
local/kyua/store/metadata_test:fetch_latest__no_schema_version  ->  passed  [0.097s]
local/kyua/store/metadata_test:fetch_latest__no_timestamp  ->  passed  [0.076s]
local/kyua/store/metadata_test:fetch_latest__ok  ->  passed  [0.082s]
local/kyua/store/migrate_test:detail__backup_database__fail_create  ->  passed  [0.233s]
local/kyua/store/migrate_test:detail__backup_database__fail_open  ->  passed  [0.087s]
local/kyua/store/migrate_test:detail__backup_database__ok  ->  passed  [0.080s]
local/kyua/store/migrate_test:detail__backup_database__ok_overwrite  ->  passed  [0.066s]
local/kyua/store/migrate_test:detail__migration_file__builtin  ->  passed  [0.102s]
local/kyua/store/migrate_test:detail__migration_file__overriden  ->  passed  [0.112s]
local/kyua/store/read_backend_test:detail__open_and_setup__missing_file  ->  passed  [0.221s]
local/kyua/store/read_backend_test:detail__open_and_setup__ok  ->  passed  [0.219s]
local/kyua/store/read_backend_test:read_backend__close  ->  passed  [0.226s]
local/kyua/store/read_backend_test:read_backend__open_ro__integrity_error  ->  passed  [0.126s]
local/kyua/store/read_backend_test:read_backend__open_ro__missing_file  ->  passed  [0.164s]
local/kyua/store/read_backend_test:read_backend__open_ro__ok  ->  passed  [0.178s]
local/kyua/store/read_transaction_test:get_context__invalid_cwd  ->  passed  [0.928s]
local/kyua/store/read_transaction_test:get_context__invalid_env_vars  ->  passed  [0.244s]
local/kyua/store/read_transaction_test:get_context__missing  ->  passed  [0.122s]
local/kyua/store/read_transaction_test:get_results__many  ->  passed  [0.263s]
local/kyua/store/read_transaction_test:get_results__none  ->  passed  [0.071s]
local/kyua/store/schema_inttest:current_schema_1  ->  passed  [0.157s]
local/kyua/store/schema_inttest:current_schema_2  ->  passed  [0.163s]
local/kyua/store/schema_inttest:current_schema_3  ->  passed  [0.182s]
local/kyua/store/schema_inttest:current_schema_4  ->  passed  [0.204s]
local/kyua/store/schema_inttest:migrate_schema__from_v1  ->  passed  [3.895s]
local/kyua/store/schema_inttest:migrate_schema__from_v2  ->  passed  [0.429s]
local/kyua/store/transaction_test:get_put_context__ok  ->  passed  [0.157s]
local/kyua/store/transaction_test:get_put_test_case__ok  ->  passed  [0.057s]
local/kyua/store/write_backend_test:detail__initialize__missing_schema  ->  passed  [0.257s]
local/kyua/store/write_backend_test:detail__initialize__ok  ->  passed  [0.051s]
local/kyua/store/write_backend_test:detail__initialize__sqlite_error  ->  passed  [0.036s]
local/kyua/store/write_backend_test:detail__schema_file__builtin  ->  passed  [0.029s]
local/kyua/store/write_backend_test:detail__schema_file__overriden  ->  passed  [0.049s]
local/kyua/store/write_backend_test:write_backend__close  ->  passed  [0.101s]
local/kyua/store/write_backend_test:write_backend__open_rw__create_missing  ->  passed  [0.082s]
local/kyua/store/write_backend_test:write_backend__open_rw__integrity_error  ->  passed  [0.063s]
local/kyua/store/write_backend_test:write_backend__open_rw__ok  ->  passed  [0.042s]
local/kyua/store/write_transaction_test:commit__fail  ->  passed  [0.085s]
local/kyua/store/write_transaction_test:commit__ok  ->  passed  [0.056s]
local/kyua/store/write_transaction_test:put_result__fail  ->  passed  [0.051s]
local/kyua/store/write_transaction_test:put_result__ok__broken  ->  passed  [0.049s]
local/kyua/store/write_transaction_test:put_result__ok__expected_failure  ->  passed  [0.047s]
local/kyua/store/write_transaction_test:put_result__ok__failed  ->  passed  [0.062s]
local/kyua/store/write_transaction_test:put_result__ok__passed  ->  passed  [0.085s]
local/kyua/store/write_transaction_test:put_result__ok__skipped  ->  passed  [0.059s]
local/kyua/store/write_transaction_test:put_test_case__fail  ->  passed  [0.059s]
local/kyua/store/write_transaction_test:put_test_case_file__empty  ->  passed  [0.043s]
local/kyua/store/write_transaction_test:put_test_case_file__fail  ->  passed  [0.060s]
local/kyua/store/write_transaction_test:put_test_case_file__some  ->  passed  [0.069s]
local/kyua/store/write_transaction_test:put_test_program__ok  ->  passed  [0.068s]
local/kyua/store/write_transaction_test:rollback__ok  ->  passed  [0.195s]
local/kyua/testers/atf_inttest:list__config  ->  passed  [0.133s]
local/kyua/testers/atf_inttest:list__ok  ->  passed  [0.052s]
local/kyua/testers/atf_inttest:test__cleanup__crash  ->  passed  [2.321s]
local/kyua/testers/atf_inttest:test__cleanup__fail  ->  passed  [0.208s]
local/kyua/testers/atf_inttest:test__cleanup__ok  ->  passed  [0.079s]
local/kyua/testers/atf_inttest:test__cleanup__timeout  ->  passed  [1.274s]
local/kyua/testers/atf_inttest:test__config__builtin  ->  passed  [0.058s]
local/kyua/testers/atf_inttest:test__config__custom  ->  passed  [0.085s]
local/kyua/testers/atf_inttest:test__crash  ->  passed  [0.701s]
local/kyua/testers/atf_inttest:test__fail  ->  passed  [0.091s]
local/kyua/testers/atf_inttest:test__invalid_test_case_name  ->  passed  [0.066s]
local/kyua/testers/atf_inttest:test__missing_test_program  ->  passed  [0.048s]
local/kyua/testers/atf_inttest:test__pass  ->  passed  [0.065s]
local/kyua/testers/atf_inttest:test__result_priority  ->  passed  [0.163s]
local/kyua/testers/atf_inttest:test__timeout  ->  passed  [1.179s]
local/kyua/testers/atf_inttest:top__missing_command  ->  passed  [0.110s]
local/kyua/testers/atf_inttest:top__unknown_command  ->  passed  [0.101s]
local/kyua/testers/atf_list_test:parse__error__bad_fd  ->  passed  [0.063s]
local/kyua/testers/atf_list_test:parse__error__bad_header  ->  passed  [0.065s]
local/kyua/testers/atf_list_test:parse__error__bad_order  ->  passed  [0.039s]
local/kyua/testers/atf_list_test:parse__error__bad_property  ->  passed  [0.028s]
local/kyua/testers/atf_list_test:parse__error__empty  ->  passed  [0.062s]
local/kyua/testers/atf_list_test:parse__ok__one  ->  passed  [0.100s]
local/kyua/testers/atf_list_test:parse__ok__several  ->  passed  [0.028s]
local/kyua/testers/atf_result_test:cleanup_rewrite__exit_failure  ->  passed  [0.031s]
local/kyua/testers/atf_result_test:cleanup_rewrite__ok  ->  passed  [0.070s]
local/kyua/testers/atf_result_test:cleanup_rewrite__signaled  ->  passed  [0.059s]
local/kyua/testers/atf_result_test:cleanup_rewrite__timed_out  ->  passed  [0.027s]
local/kyua/testers/atf_result_test:rewrite__empty  ->  passed  [0.060s]
local/kyua/testers/atf_result_test:rewrite__expected_death__exit_failure  ->  passed  [0.079s]
local/kyua/testers/atf_result_test:rewrite__expected_death__exit_success  ->  passed  [0.030s]
local/kyua/testers/atf_result_test:rewrite__expected_death__no_reason  ->  passed  [0.028s]
local/kyua/testers/atf_result_test:rewrite__expected_death__signaled  ->  passed  [0.047s]
local/kyua/testers/atf_result_test:rewrite__expected_death__unexpected_arg  ->  passed  [0.045s]
local/kyua/testers/atf_result_test:rewrite__expected_exit__arg_match  ->  passed  [0.028s]
local/kyua/testers/atf_result_test:rewrite__expected_exit__arg_not_match  ->  passed  [0.097s]
local/kyua/testers/atf_result_test:rewrite__expected_exit__bad_arg  ->  passed  [0.031s]
local/kyua/testers/atf_result_test:rewrite__expected_exit__exit_failure  ->  passed  [0.029s]
local/kyua/testers/atf_result_test:rewrite__expected_exit__exit_success  ->  passed  [0.029s]
local/kyua/testers/atf_result_test:rewrite__expected_exit__no_reason  ->  passed  [0.100s]
local/kyua/testers/atf_result_test:rewrite__expected_exit__signaled  ->  passed  [0.042s]
local/kyua/testers/atf_result_test:rewrite__expected_failure__failed  ->  passed  [0.045s]
local/kyua/testers/atf_result_test:rewrite__expected_failure__no_reason  ->  passed  [0.078s]
local/kyua/testers/atf_result_test:rewrite__expected_failure__ok  ->  passed  [0.047s]
local/kyua/testers/atf_result_test:rewrite__expected_failure__signaled  ->  passed  [0.089s]
local/kyua/testers/atf_result_test:rewrite__expected_failure__unexpected_arg  ->  passed  [0.083s]
local/kyua/testers/atf_result_test:rewrite__expected_signal__arg_match  ->  passed  [0.117s]
local/kyua/testers/atf_result_test:rewrite__expected_signal__arg_not_match  ->  passed  [0.098s]
local/kyua/testers/atf_result_test:rewrite__expected_signal__bad_arg  ->  passed  [0.041s]
local/kyua/testers/atf_result_test:rewrite__expected_signal__exited  ->  passed  [0.144s]
local/kyua/testers/atf_result_test:rewrite__expected_signal__no_reason  ->  passed  [0.056s]
local/kyua/testers/atf_result_test:rewrite__expected_signal__ok  ->  passed  [0.057s]
local/kyua/testers/atf_result_test:rewrite__expected_timeout__exited  ->  passed  [0.104s]
local/kyua/testers/atf_result_test:rewrite__expected_timeout__no_reason  ->  passed  [0.271s]
local/kyua/testers/atf_result_test:rewrite__expected_timeout__ok  ->  passed  [0.085s]
local/kyua/testers/atf_result_test:rewrite__expected_timeout__signaled  ->  passed  [0.051s]
local/kyua/testers/atf_result_test:rewrite__expected_timeout__unexpected_arg  ->  passed  [0.038s]
local/kyua/testers/atf_result_test:rewrite__failed__exit_success  ->  passed  [0.040s]
local/kyua/testers/atf_result_test:rewrite__failed__no_reason  ->  passed  [0.113s]
local/kyua/testers/atf_result_test:rewrite__failed__ok  ->  passed  [0.073s]
local/kyua/testers/atf_result_test:rewrite__failed__signaled  ->  passed  [0.076s]
local/kyua/testers/atf_result_test:rewrite__failed__unexpected_arg  ->  passed  [0.127s]
local/kyua/testers/atf_result_test:rewrite__missing_file  ->  passed  [0.034s]
local/kyua/testers/atf_result_test:rewrite__passed__exit_failure  ->  passed  [0.041s]
local/kyua/testers/atf_result_test:rewrite__passed__ok  ->  passed  [0.041s]
local/kyua/testers/atf_result_test:rewrite__passed__signaled  ->  passed  [0.088s]
local/kyua/testers/atf_result_test:rewrite__passed__unexpected_arg  ->  passed  [0.078s]
local/kyua/testers/atf_result_test:rewrite__passed__unexpected_reason  ->  passed  [0.118s]
local/kyua/testers/atf_result_test:rewrite__skipped__exit_failure  ->  passed  [0.038s]
local/kyua/testers/atf_result_test:rewrite__skipped__no_reason  ->  passed  [0.168s]
local/kyua/testers/atf_result_test:rewrite__skipped__ok  ->  passed  [0.063s]
local/kyua/testers/atf_result_test:rewrite__skipped__signaled  ->  passed  [1.012s]
local/kyua/testers/atf_result_test:rewrite__skipped__unexpected_arg  ->  passed  [0.145s]
local/kyua/testers/atf_result_test:rewrite__status_multiline  ->  passed  [0.084s]
local/kyua/testers/atf_result_test:rewrite__status_multiline_2  ->  passed  [0.056s]
local/kyua/testers/atf_result_test:rewrite__status_without_newline  ->  passed  [0.040s]
local/kyua/testers/atf_result_test:rewrite__timed_out  ->  passed  [0.086s]
local/kyua/testers/atf_result_test:rewrite__too_long_with_newlines  ->  passed  [0.098s]
local/kyua/testers/atf_result_test:rewrite__unknown_status  ->  passed  [0.069s]
local/kyua/testers/cli_test:list__config_variables  ->  passed  [0.151s]
local/kyua/testers/cli_test:list__custom_run_params  ->  passed  [0.101s]
local/kyua/testers/cli_test:list__error  ->  passed  [0.051s]
local/kyua/testers/cli_test:list__missing_arguments  ->  passed  [0.042s]
local/kyua/testers/cli_test:list__ok  ->  passed  [0.069s]
local/kyua/testers/cli_test:list__too_many_arguments  ->  passed  [0.050s]
local/kyua/testers/cli_test:main__gflag__not_a_number  ->  passed  [0.084s]
local/kyua/testers/cli_test:main__gflag__out_of_range  ->  passed  [0.047s]
local/kyua/testers/cli_test:main__missing_command  ->  passed  [0.039s]
local/kyua/testers/cli_test:main__missing_option_argument  ->  passed  [0.115s]
local/kyua/testers/cli_test:main__tflag__not_a_number  ->  passed  [0.038s]
local/kyua/testers/cli_test:main__tflag__out_of_range  ->  passed  [0.064s]
local/kyua/testers/cli_test:main__uflag__not_a_number  ->  passed  [0.044s]
local/kyua/testers/cli_test:main__uflag__out_of_range  ->  passed  [0.071s]
local/kyua/testers/cli_test:main__unknown_command  ->  passed  [0.076s]
local/kyua/testers/cli_test:main__unknown_option  ->  passed  [0.088s]
local/kyua/testers/cli_test:main__vflag__invalid  ->  passed  [0.147s]
local/kyua/testers/cli_test:test__config_variables  ->  passed  [0.854s]
local/kyua/testers/cli_test:test__custom_run_params  ->  passed  [0.074s]
local/kyua/testers/cli_test:test__error  ->  passed  [0.101s]
local/kyua/testers/cli_test:test__invalid_arguments  ->  passed  [0.147s]
local/kyua/testers/cli_test:test__ok__fail  ->  passed  [0.117s]
local/kyua/testers/cli_test:test__ok__pass  ->  passed  [0.086s]
local/kyua/testers/env_test:check_configuration__fail  ->  passed  [0.102s]
local/kyua/testers/env_test:check_configuration__ok__empty  ->  passed  [0.069s]
local/kyua/testers/env_test:check_configuration__ok__some  ->  passed  [0.056s]
local/kyua/testers/env_test:set  ->  passed  [0.055s]
local/kyua/testers/env_test:set_configuration__empty  ->  passed  [0.086s]
local/kyua/testers/env_test:set_configuration__some  ->  passed  [0.070s]
local/kyua/testers/env_test:unset  ->  passed  [0.040s]
local/kyua/testers/error_test:err  ->  passed  [0.046s]
local/kyua/testers/error_test:error_data__free  ->  passed  [0.056s]
local/kyua/testers/error_test:error_data__none  ->  passed  [0.060s]
local/kyua/testers/error_test:error_data__some  ->  passed  [0.053s]
local/kyua/testers/error_test:error_format__custom__error  ->  passed  [0.065s]
local/kyua/testers/error_test:error_format__custom__ok  ->  passed  [0.139s]
local/kyua/testers/error_test:error_format__default  ->  passed  [0.036s]
local/kyua/testers/error_test:error_is_set__no  ->  passed  [0.162s]
local/kyua/testers/error_test:error_is_set__yes  ->  passed  [0.056s]
local/kyua/testers/error_test:error_is_type__match  ->  passed  [0.024s]
local/kyua/testers/error_test:error_is_type__not_match  ->  passed  [0.097s]
local/kyua/testers/error_test:error_new__oom  ->  passed  [0.048s]
local/kyua/testers/error_test:error_subsume__none  ->  passed  [0.171s]
local/kyua/testers/error_test:error_subsume__primary  ->  passed  [0.188s]
local/kyua/testers/error_test:error_subsume__secondary  ->  passed  [0.147s]
local/kyua/testers/error_test:fprintf  ->  passed  [0.413s]
local/kyua/testers/error_test:generic_error_format__args  ->  passed  [0.140s]
local/kyua/testers/error_test:generic_error_format__plain  ->  passed  [0.183s]
local/kyua/testers/error_test:generic_error_type  ->  passed  [0.287s]
local/kyua/testers/error_test:libc_error_errno  ->  passed  [0.263s]
local/kyua/testers/error_test:libc_error_format__args  ->  passed  [0.153s]
local/kyua/testers/error_test:libc_error_format__plain  ->  passed  [0.079s]
local/kyua/testers/error_test:libc_error_type  ->  passed  [0.752s]
local/kyua/testers/error_test:oom_error_data  ->  passed  [0.128s]
local/kyua/testers/error_test:oom_error_format  ->  passed  [0.082s]
local/kyua/testers/error_test:oom_error_reuse  ->  passed  [0.068s]
local/kyua/testers/error_test:oom_error_type  ->  passed  [0.103s]
local/kyua/testers/error_test:usage_error_format__args  ->  passed  [0.060s]
local/kyua/testers/error_test:usage_error_format__plain  ->  passed  [0.032s]
local/kyua/testers/error_test:usage_error_type  ->  passed  [0.050s]
local/kyua/testers/error_test:warn  ->  passed  [0.048s]
local/kyua/testers/fs_test:cleanup__file  ->  passed  [0.037s]
local/kyua/testers/fs_test:cleanup__mount_point__busy  ->  passed  [4.189s]
local/kyua/testers/fs_test:cleanup__mount_point__links  ->  passed  [0.236s]
local/kyua/testers/fs_test:cleanup__mount_point__nested  ->  passed  [0.363s]
local/kyua/testers/fs_test:cleanup__mount_point__overlayed  ->  passed  [0.129s]
local/kyua/testers/fs_test:cleanup__mount_point__simple  ->  passed  [0.093s]
local/kyua/testers/fs_test:cleanup__subdir__empty  ->  passed  [0.141s]
local/kyua/testers/fs_test:cleanup__subdir__files_and_directories  ->  passed  [0.252s]
local/kyua/testers/fs_test:cleanup__subdir__links  ->  passed  [0.289s]
local/kyua/testers/fs_test:cleanup__subdir__unprotect_regular  ->  passed  [0.250s]
local/kyua/testers/fs_test:cleanup__subdir__unprotect_symlink  ->  passed  [0.324s]
local/kyua/testers/fs_test:concat__one  ->  passed  [0.145s]
local/kyua/testers/fs_test:concat__several  ->  passed  [0.038s]
local/kyua/testers/fs_test:concat__two  ->  passed  [0.033s]
local/kyua/testers/fs_test:current_path__enoent  ->  passed  [0.035s]
local/kyua/testers/fs_test:current_path__ok  ->  passed  [0.032s]
local/kyua/testers/fs_test:make_absolute__absolute  ->  passed  [0.027s]
local/kyua/testers/fs_test:make_absolute__relative  ->  passed  [0.057s]
local/kyua/testers/fs_test:sanitize__fail  ->  passed  [0.049s]
local/kyua/testers/fs_test:sanitize__ok  ->  passed  [0.059s]
local/kyua/testers/fs_test:unmount__fail  ->  passed  [0.035s]
local/kyua/testers/fs_test:unmount__ok  ->  passed  [0.047s]
local/kyua/testers/plain_inttest:list__ok  ->  passed  [0.067s]
local/kyua/testers/plain_inttest:test__config  ->  passed  [0.520s]
local/kyua/testers/plain_inttest:test__crash  ->  passed  [0.498s]
local/kyua/testers/plain_inttest:test__fail  ->  passed  [0.105s]
local/kyua/testers/plain_inttest:test__invalid_test_case_name  ->  passed  [0.050s]
local/kyua/testers/plain_inttest:test__missing_test_program  ->  passed  [0.060s]
local/kyua/testers/plain_inttest:test__pass  ->  passed  [0.081s]
local/kyua/testers/plain_inttest:test__timeout  ->  passed  [1.112s]
local/kyua/testers/plain_inttest:top__missing_command  ->  passed  [0.032s]
local/kyua/testers/plain_inttest:top__unknown_command  ->  passed  [0.049s]
local/kyua/testers/result_test:write__open_error  ->  passed  [0.047s]
local/kyua/testers/result_test:write__passed  ->  passed  [0.096s]
local/kyua/testers/result_test:write_with_reason__broken  ->  passed  [0.186s]
local/kyua/testers/result_test:write_with_reason__expected_failure  ->  passed  [0.048s]
local/kyua/testers/result_test:write_with_reason__failed  ->  passed  [0.179s]
local/kyua/testers/result_test:write_with_reason__open_error  ->  passed  [0.093s]
local/kyua/testers/result_test:write_with_reason__skipped  ->  passed  [0.074s]
local/kyua/testers/run_test:fork_exec_wait__eacces  ->  passed  [0.074s]
local/kyua/testers/run_test:fork_exec_wait__enoent  ->  passed  [0.073s]
local/kyua/testers/run_test:fork_exec_wait__ok  ->  passed  [0.064s]
local/kyua/testers/run_test:fork_wait__core_size  ->  passed  [0.496s]
local/kyua/testers/run_test:fork_wait__env  ->  passed  [0.049s]
local/kyua/testers/run_test:fork_wait__no_terminal  ->  passed  [0.035s]
local/kyua/testers/run_test:fork_wait__process_group  ->  passed  [0.050s]
local/kyua/testers/run_test:fork_wait__session  ->  passed  [0.033s]
local/kyua/testers/run_test:fork_wait__signals  ->  passed  [0.034s]
local/kyua/testers/run_test:fork_wait__timeout  ->  passed  [1.160s]
local/kyua/testers/run_test:fork_wait__umask  ->  passed  [0.054s]
local/kyua/testers/run_test:fork_wait__unprivileged_both  ->  passed  [0.084s]
local/kyua/testers/run_test:fork_wait__unprivileged_group  ->  passed  [0.058s]
local/kyua/testers/run_test:fork_wait__unprivileged_user  ->  passed  [0.049s]
local/kyua/testers/run_test:fork_wait__work_directory  ->  passed  [0.074s]
local/kyua/testers/run_test:run_params_init__defaults  ->  passed  [0.060s]
local/kyua/testers/run_test:work_directory__builtin_tmpdir  ->  passed  [0.122s]
local/kyua/testers/run_test:work_directory__env_tmpdir  ->  passed  [0.144s]
local/kyua/testers/run_test:work_directory__mkdtemp_error  ->  passed  [0.052s]
local/kyua/testers/run_test:work_directory__permissions  ->  passed  [0.080s]
local/kyua/testers/run_test:work_directory__permissions_error  ->  passed  [0.091s]
local/kyua/testers/run_test:work_directory__sanitized  ->  passed  [0.171s]
local/kyua/testers/run_test:work_directory__sighup  ->  passed  [0.063s]
local/kyua/testers/run_test:work_directory__sigint  ->  passed  [0.087s]
local/kyua/testers/run_test:work_directory__sigterm  ->  passed  [0.166s]
local/kyua/testers/stacktrace_test:dump__cannot_find_core  ->  passed  [0.078s]
local/kyua/testers/stacktrace_test:dump__cannot_find_gdb  ->  passed  [1.245s]
local/kyua/testers/stacktrace_test:dump__gdb_fail  ->  passed  [0.573s]
local/kyua/testers/stacktrace_test:dump__gdb_times_out  ->  passed  [3.686s]
local/kyua/testers/stacktrace_test:dump__integration  ->  passed  [0.528s]
local/kyua/testers/stacktrace_test:dump__ok  ->  passed  [0.427s]
local/kyua/testers/stacktrace_test:find_core__found__long  ->  passed  [0.403s]
local/kyua/testers/stacktrace_test:find_core__found__short  ->  passed  [0.342s]
local/kyua/testers/stacktrace_test:find_core__not_found  ->  passed  [0.043s]
local/kyua/testers/tap_inttest:list__ok  ->  passed  [0.035s]
local/kyua/testers/tap_inttest:test__bail_out  ->  passed  [0.059s]
local/kyua/testers/tap_inttest:test__bogus_plan  ->  passed  [0.111s]
local/kyua/testers/tap_inttest:test__bogus_skip_plan  ->  passed  [0.057s]
local/kyua/testers/tap_inttest:test__config  ->  passed  [0.050s]
local/kyua/testers/tap_inttest:test__crash  ->  passed  [0.369s]
local/kyua/testers/tap_inttest:test__fail  ->  passed  [0.040s]
local/kyua/testers/tap_inttest:test__invalid_test_case_name  ->  passed  [0.030s]
local/kyua/testers/tap_inttest:test__missing_test_program  ->  passed  [0.046s]
local/kyua/testers/tap_inttest:test__pass  ->  passed  [0.038s]
local/kyua/testers/tap_inttest:test__pass_but_return_failure  ->  passed  [0.053s]
local/kyua/testers/tap_inttest:test__skip_plan  ->  passed  [0.039s]
local/kyua/testers/tap_inttest:test__timeout  ->  passed  [1.049s]
local/kyua/testers/tap_inttest:top__missing_command  ->  passed  [0.029s]
local/kyua/testers/tap_inttest:top__unknown_command  ->  passed  [0.029s]
local/kyua/testers/tap_parser_test:parse__bail_out  ->  passed  [0.066s]
local/kyua/testers/tap_parser_test:parse__fail__double_plan  ->  passed  [0.066s]
local/kyua/testers/tap_parser_test:parse__fail__inconsistent_plan  ->  passed  [0.059s]
local/kyua/testers/tap_parser_test:parse__fail__inconsistent_plan_at_the_end  ->  passed  [0.045s]
local/kyua/testers/tap_parser_test:parse__ok__fail  ->  passed  [0.028s]
local/kyua/testers/tap_parser_test:parse__ok__pass  ->  passed  [0.093s]
local/kyua/testers/tap_parser_test:parse__ok__plan_at_the_end  ->  passed  [0.028s]
local/kyua/testers/tap_parser_test:parse__ok__skip  ->  passed  [0.045s]
local/kyua/testers/tap_parser_test:parse__ok__stray_oks  ->  passed  [0.167s]
local/kyua/testers/tap_parser_test:try_parse_plan__insane  ->  passed  [0.278s]
local/kyua/testers/tap_parser_test:try_parse_plan__invalid__skip  ->  passed  [0.071s]
local/kyua/testers/tap_parser_test:try_parse_plan__ok  ->  passed  [0.023s]
local/kyua/testers/tap_parser_test:try_parse_plan__ok__skip_with_reason  ->  passed  [0.024s]
local/kyua/testers/tap_parser_test:try_parse_plan__ok__skip_without_reason  ->  passed  [0.024s]
local/kyua/testers/tap_parser_test:try_parse_plan__reversed  ->  passed  [0.025s]
local/kyua/testers/text_test:fgets_error__libc_error  ->  passed  [0.052s]
local/kyua/testers/text_test:fgets_error__unexpected_eof  ->  passed  [0.029s]
local/kyua/testers/text_test:fgets_no_newline__ok  ->  passed  [0.027s]
local/kyua/testers/text_test:fgets_no_newline__overflow  ->  passed  [0.294s]
local/kyua/testers/text_test:find_first_of__found  ->  passed  [0.540s]
local/kyua/testers/text_test:find_first_of__not_found  ->  passed  [0.184s]
local/kyua/testers/text_test:printf__empty  ->  passed  [0.024s]
local/kyua/testers/text_test:printf__some  ->  passed  [0.023s]
local/kyua/testers/text_test:vprintf__empty  ->  passed  [0.023s]
local/kyua/testers/text_test:vprintf__some  ->  passed  [0.061s]
local/kyua/utils/auto_array_test:access  ->  passed  [0.112s]
local/kyua/utils/auto_array_test:assign  ->  passed  [0.055s]
local/kyua/utils/auto_array_test:assign_ref  ->  passed  [0.049s]
local/kyua/utils/auto_array_test:copy  ->  passed  [0.030s]
local/kyua/utils/auto_array_test:copy_ref  ->  passed  [0.030s]
local/kyua/utils/auto_array_test:get  ->  passed  [0.045s]
local/kyua/utils/auto_array_test:release  ->  passed  [0.091s]
local/kyua/utils/auto_array_test:reset  ->  passed  [0.036s]
local/kyua/utils/auto_array_test:scope  ->  passed  [0.035s]
local/kyua/utils/cmdline/base_command_test:base_command__getters  ->  passed  [0.037s]
local/kyua/utils/cmdline/base_command_test:base_command__main__ok  ->  passed  [0.037s]
local/kyua/utils/cmdline/base_command_test:base_command__main__parse_cmdline_fail  ->  passed  [0.046s]
local/kyua/utils/cmdline/base_command_test:base_command_no_data__getters  ->  passed  [0.036s]
local/kyua/utils/cmdline/base_command_test:base_command_no_data__main__ok  ->  passed  [0.035s]
local/kyua/utils/cmdline/base_command_test:base_command_no_data__main__parse_cmdline_fail  ->  passed  [0.031s]
local/kyua/utils/cmdline/base_command_test:command_proto__parse_cmdline__args_invalid  ->  passed  [0.051s]
local/kyua/utils/cmdline/base_command_test:command_proto__parse_cmdline__ok  ->  passed  [0.031s]
local/kyua/utils/cmdline/base_command_test:command_proto__parse_cmdline__parse_fail  ->  passed  [0.027s]
local/kyua/utils/cmdline/commands_map_test:empty  ->  passed  [0.065s]
local/kyua/utils/cmdline/commands_map_test:find__match  ->  passed  [0.027s]
local/kyua/utils/cmdline/commands_map_test:find__nomatch  ->  passed  [0.036s]
local/kyua/utils/cmdline/commands_map_test:some  ->  passed  [0.034s]
local/kyua/utils/cmdline/exceptions_test:error  ->  passed  [0.038s]
local/kyua/utils/cmdline/exceptions_test:missing_option_argument_error  ->  passed  [0.047s]
local/kyua/utils/cmdline/exceptions_test:option_argument_value_error  ->  passed  [0.037s]
local/kyua/utils/cmdline/exceptions_test:unknown_option_error  ->  passed  [0.026s]
local/kyua/utils/cmdline/globals_test:progname__absolute  ->  passed  [0.063s]
local/kyua/utils/cmdline/globals_test:progname__override_for_testing  ->  passed  [0.028s]
local/kyua/utils/cmdline/globals_test:progname__plain  ->  passed  [0.039s]
local/kyua/utils/cmdline/globals_test:progname__relative  ->  passed  [0.029s]
local/kyua/utils/cmdline/options_test:base_option__long_name__no_arg  ->  passed  [0.575s]
local/kyua/utils/cmdline/options_test:base_option__long_name__with_arg__no_default  ->  passed  [0.073s]
local/kyua/utils/cmdline/options_test:base_option__long_name__with_arg__with_default  ->  passed  [0.166s]
local/kyua/utils/cmdline/options_test:base_option__short_name__no_arg  ->  passed  [0.103s]
local/kyua/utils/cmdline/options_test:base_option__short_name__with_arg__no_default  ->  passed  [0.068s]
local/kyua/utils/cmdline/options_test:base_option__short_name__with_arg__with_default  ->  passed  [0.082s]
local/kyua/utils/cmdline/options_test:bool_option__long_name  ->  passed  [0.032s]
local/kyua/utils/cmdline/options_test:bool_option__short_name  ->  passed  [0.041s]
local/kyua/utils/cmdline/options_test:int_option__long_name  ->  passed  [0.067s]
local/kyua/utils/cmdline/options_test:int_option__short_name  ->  passed  [0.034s]
local/kyua/utils/cmdline/options_test:int_option__type  ->  passed  [0.043s]
local/kyua/utils/cmdline/options_test:list_option__long_name  ->  passed  [0.056s]
local/kyua/utils/cmdline/options_test:list_option__short_name  ->  passed  [0.033s]
local/kyua/utils/cmdline/options_test:list_option__type  ->  passed  [0.065s]
local/kyua/utils/cmdline/options_test:path_option__long_name  ->  passed  [0.060s]
local/kyua/utils/cmdline/options_test:path_option__short_name  ->  passed  [0.082s]
local/kyua/utils/cmdline/options_test:path_option__type  ->  passed  [0.050s]
local/kyua/utils/cmdline/options_test:property_option__long_name  ->  passed  [0.049s]
local/kyua/utils/cmdline/options_test:property_option__short_name  ->  passed  [0.051s]
local/kyua/utils/cmdline/options_test:property_option__type  ->  passed  [0.060s]
local/kyua/utils/cmdline/options_test:string_option__long_name  ->  passed  [0.035s]
local/kyua/utils/cmdline/options_test:string_option__short_name  ->  passed  [0.044s]
local/kyua/utils/cmdline/options_test:string_option__type  ->  passed  [0.045s]
local/kyua/utils/cmdline/parser_test:missing_option_argument_error__long  ->  passed  [0.153s]
local/kyua/utils/cmdline/parser_test:missing_option_argument_error__short  ->  passed  [0.163s]
local/kyua/utils/cmdline/parser_test:missing_option_argument_error__shortblock  ->  passed  [0.207s]
local/kyua/utils/cmdline/parser_test:option_types  ->  passed  [0.092s]
local/kyua/utils/cmdline/parser_test:option_validation_error  ->  passed  [0.060s]
local/kyua/utils/cmdline/parser_test:progname__no_options  ->  passed  [0.085s]
local/kyua/utils/cmdline/parser_test:progname__some_options  ->  passed  [0.074s]
local/kyua/utils/cmdline/parser_test:silent_errors  ->  passed  [0.149s]
local/kyua/utils/cmdline/parser_test:some_args__no_options  ->  passed  [0.082s]
local/kyua/utils/cmdline/parser_test:some_args__some_options  ->  passed  [0.341s]
local/kyua/utils/cmdline/parser_test:some_options__all_known  ->  passed  [0.078s]
local/kyua/utils/cmdline/parser_test:some_options__multi  ->  passed  [0.118s]
local/kyua/utils/cmdline/parser_test:subcommands  ->  passed  [0.056s]
local/kyua/utils/cmdline/parser_test:unknown_option_error__long  ->  passed  [0.202s]
local/kyua/utils/cmdline/parser_test:unknown_option_error__short  ->  passed  [0.284s]
local/kyua/utils/cmdline/parser_test:unknown_option_error__shortblock  ->  passed  [0.079s]
local/kyua/utils/cmdline/parser_test:unknown_plus_option_error  ->  passed  [0.035s]
local/kyua/utils/cmdline/ui_test:print_error  ->  passed  [0.116s]
local/kyua/utils/cmdline/ui_test:print_info  ->  passed  [0.045s]
local/kyua/utils/cmdline/ui_test:print_warning  ->  passed  [0.047s]
local/kyua/utils/cmdline/ui_test:ui__err  ->  passed  [0.053s]
local/kyua/utils/cmdline/ui_test:ui__err__tolerates_newline  ->  passed  [0.058s]
local/kyua/utils/cmdline/ui_test:ui__out  ->  passed  [0.037s]
local/kyua/utils/cmdline/ui_test:ui__out__tolerates_newline  ->  passed  [0.073s]
local/kyua/utils/cmdline/ui_test:ui__out_table__empty  ->  passed  [0.758s]
local/kyua/utils/cmdline/ui_test:ui__out_table__not_empty  ->  passed  [0.104s]
local/kyua/utils/cmdline/ui_test:ui__out_tag_wrap__no_refill  ->  passed  [0.040s]
local/kyua/utils/cmdline/ui_test:ui__out_tag_wrap__refill__no_repeat  ->  passed  [0.083s]
local/kyua/utils/cmdline/ui_test:ui__out_tag_wrap__refill__repeat  ->  passed  [0.040s]
local/kyua/utils/cmdline/ui_test:ui__out_tag_wrap__tag_too_long  ->  passed  [0.048s]
local/kyua/utils/cmdline/ui_test:ui__out_wrap__no_refill  ->  passed  [0.032s]
local/kyua/utils/cmdline/ui_test:ui__out_wrap__refill  ->  passed  [0.033s]
local/kyua/utils/cmdline/ui_test:ui__screen_width__cached  ->  passed  [0.061s]
local/kyua/utils/cmdline/ui_test:ui__screen_width__columns_empty__no_tty  ->  passed  [0.038s]
local/kyua/utils/cmdline/ui_test:ui__screen_width__columns_invalid__no_tty  ->  passed  [0.052s]
local/kyua/utils/cmdline/ui_test:ui__screen_width__columns_set__no_tty  ->  passed  [0.036s]
local/kyua/utils/cmdline/ui_test:ui__screen_width__tty_is_file  ->  passed  [0.054s]
local/kyua/utils/config/exceptions_test:error  ->  passed  [0.077s]
local/kyua/utils/config/exceptions_test:invalid_key_error  ->  passed  [0.083s]
local/kyua/utils/config/exceptions_test:syntax_error  ->  passed  [0.073s]
local/kyua/utils/config/exceptions_test:unknown_key_error__custom_message  ->  passed  [0.057s]
local/kyua/utils/config/exceptions_test:unknown_key_error__default_message  ->  passed  [0.081s]
local/kyua/utils/config/exceptions_test:value_error  ->  passed  [0.091s]
local/kyua/utils/config/keys_test:flatten_key__many  ->  passed  [0.137s]
local/kyua/utils/config/keys_test:flatten_key__one  ->  passed  [0.058s]
local/kyua/utils/config/keys_test:parse_key__empty_component  ->  passed  [0.035s]
local/kyua/utils/config/keys_test:parse_key__empty_key  ->  passed  [0.040s]
local/kyua/utils/config/keys_test:parse_key__many  ->  passed  [0.048s]
local/kyua/utils/config/keys_test:parse_key__one  ->  passed  [0.033s]
local/kyua/utils/config/lua_module_test:custom_node  ->  passed  [0.041s]
local/kyua/utils/config/lua_module_test:dynamic_subtree__invalid_types  ->  passed  [0.042s]
local/kyua/utils/config/lua_module_test:dynamic_subtree__strings  ->  passed  [0.034s]
local/kyua/utils/config/lua_module_test:invalid_key  ->  passed  [0.101s]
local/kyua/utils/config/lua_module_test:locals  ->  passed  [0.075s]
local/kyua/utils/config/lua_module_test:subtree__already_set_on_entry  ->  passed  [0.034s]
local/kyua/utils/config/lua_module_test:subtree__override_inner  ->  passed  [0.035s]
local/kyua/utils/config/lua_module_test:subtree__reset  ->  passed  [0.033s]
local/kyua/utils/config/lua_module_test:subtree__reuse  ->  passed  [0.034s]
local/kyua/utils/config/lua_module_test:subtree__valid_types  ->  passed  [0.051s]
local/kyua/utils/config/lua_module_test:top__already_set_on_entry  ->  passed  [0.057s]
local/kyua/utils/config/lua_module_test:top__reset  ->  passed  [0.036s]
local/kyua/utils/config/lua_module_test:top__reuse  ->  passed  [0.035s]
local/kyua/utils/config/lua_module_test:top__valid_types  ->  passed  [0.034s]
local/kyua/utils/config/lua_module_test:unknown_key  ->  passed  [0.052s]
local/kyua/utils/config/lua_module_test:value_error  ->  passed  [0.073s]
local/kyua/utils/config/nodes_test:base_set_node__validate_set  ->  passed  [0.041s]
local/kyua/utils/config/nodes_test:base_set_node__validate_set_string  ->  passed  [0.181s]
local/kyua/utils/config/nodes_test:bool_node__deep_copy  ->  passed  [0.063s]
local/kyua/utils/config/nodes_test:bool_node__is_set_and_set  ->  passed  [0.034s]
local/kyua/utils/config/nodes_test:bool_node__push_lua  ->  passed  [0.036s]
local/kyua/utils/config/nodes_test:bool_node__set_lua__invalid_value  ->  passed  [0.036s]
local/kyua/utils/config/nodes_test:bool_node__set_lua__ok  ->  passed  [0.035s]
local/kyua/utils/config/nodes_test:bool_node__set_string__invalid_value  ->  passed  [0.094s]
local/kyua/utils/config/nodes_test:bool_node__set_string__ok  ->  passed  [0.035s]
local/kyua/utils/config/nodes_test:bool_node__to_string  ->  passed  [0.034s]
local/kyua/utils/config/nodes_test:bool_node__value_and_set  ->  passed  [0.069s]
local/kyua/utils/config/nodes_test:int_node__deep_copy  ->  passed  [0.056s]
local/kyua/utils/config/nodes_test:int_node__is_set_and_set  ->  passed  [0.034s]
local/kyua/utils/config/nodes_test:int_node__push_lua  ->  passed  [0.035s]
local/kyua/utils/config/nodes_test:int_node__set_lua__invalid_value  ->  passed  [0.066s]
local/kyua/utils/config/nodes_test:int_node__set_lua__ok  ->  passed  [0.034s]
local/kyua/utils/config/nodes_test:int_node__set_string__invalid_value  ->  passed  [0.073s]
local/kyua/utils/config/nodes_test:int_node__set_string__ok  ->  passed  [0.067s]
local/kyua/utils/config/nodes_test:int_node__to_string  ->  passed  [0.035s]
local/kyua/utils/config/nodes_test:int_node__value_and_set  ->  passed  [0.032s]
local/kyua/utils/config/nodes_test:string_node__deep_copy  ->  passed  [0.036s]
local/kyua/utils/config/nodes_test:string_node__is_set_and_set  ->  passed  [0.034s]
local/kyua/utils/config/nodes_test:string_node__push_lua  ->  passed  [0.032s]
local/kyua/utils/config/nodes_test:string_node__set_lua__invalid_value  ->  passed  [0.069s]
local/kyua/utils/config/nodes_test:string_node__set_lua__ok  ->  passed  [0.035s]
local/kyua/utils/config/nodes_test:string_node__set_string  ->  passed  [0.034s]
local/kyua/utils/config/nodes_test:string_node__to_string  ->  passed  [0.035s]
local/kyua/utils/config/nodes_test:string_node__value_and_set  ->  passed  [0.105s]
local/kyua/utils/config/nodes_test:strings_set_node__deep_copy  ->  passed  [0.117s]
local/kyua/utils/config/nodes_test:strings_set_node__is_set_and_set  ->  passed  [0.720s]
local/kyua/utils/config/nodes_test:strings_set_node__set_string  ->  passed  [0.258s]
local/kyua/utils/config/nodes_test:strings_set_node__to_string  ->  passed  [0.257s]
local/kyua/utils/config/nodes_test:strings_set_node__value_and_set  ->  passed  [0.211s]
local/kyua/utils/config/nodes_test:typed_leaf_node__validate_set  ->  passed  [0.095s]
local/kyua/utils/config/nodes_test:typed_leaf_node__validate_set_string  ->  passed  [0.053s]
local/kyua/utils/config/parser_test:invalid_syntax  ->  passed  [0.434s]
local/kyua/utils/config/parser_test:no_keys__ok  ->  passed  [0.083s]
local/kyua/utils/config/parser_test:no_keys__unknown_key  ->  passed  [0.089s]
local/kyua/utils/config/parser_test:some_keys__ok  ->  passed  [0.101s]
local/kyua/utils/config/parser_test:some_keys__unknown_key  ->  passed  [0.129s]
local/kyua/utils/config/parser_test:syntax_called_more_than_once  ->  passed  [0.040s]
local/kyua/utils/config/parser_test:syntax_deprecated_format  ->  passed  [0.071s]
local/kyua/utils/config/parser_test:syntax_not_called  ->  passed  [0.060s]
local/kyua/utils/config/tree_test:all_properties__all_set  ->  passed  [0.141s]
local/kyua/utils/config/tree_test:all_properties__none  ->  passed  [0.060s]
local/kyua/utils/config/tree_test:all_properties__some_unset  ->  passed  [0.095s]
local/kyua/utils/config/tree_test:all_properties__subtree__inner  ->  passed  [0.133s]
local/kyua/utils/config/tree_test:all_properties__subtree__invalid_key  ->  passed  [0.154s]
local/kyua/utils/config/tree_test:all_properties__subtree__leaf  ->  passed  [0.109s]
local/kyua/utils/config/tree_test:all_properties__subtree__strip_key  ->  passed  [0.367s]
local/kyua/utils/config/tree_test:all_properties__subtree__unknown_key  ->  passed  [0.205s]
local/kyua/utils/config/tree_test:custom_leaf__no_default_ctor  ->  passed  [0.079s]
local/kyua/utils/config/tree_test:deep_copy__empty  ->  passed  [0.221s]
local/kyua/utils/config/tree_test:deep_copy__some  ->  passed  [0.298s]
local/kyua/utils/config/tree_test:define_set_lookup__multiple_levels  ->  passed  [0.133s]
local/kyua/utils/config/tree_test:define_set_lookup__one_level  ->  passed  [0.113s]
local/kyua/utils/config/tree_test:is_set__invalid_key  ->  passed  [0.158s]
local/kyua/utils/config/tree_test:is_set__multiple_levels  ->  passed  [0.774s]
local/kyua/utils/config/tree_test:is_set__one_level  ->  passed  [1.011s]
local/kyua/utils/config/tree_test:lookup__invalid_key  ->  passed  [0.402s]
local/kyua/utils/config/tree_test:lookup__unknown_key  ->  passed  [0.148s]
local/kyua/utils/config/tree_test:lookup_rw  ->  passed  [0.039s]
local/kyua/utils/config/tree_test:lookup_string__invalid_key  ->  passed  [0.032s]
local/kyua/utils/config/tree_test:lookup_string__ok  ->  passed  [0.108s]
local/kyua/utils/config/tree_test:lookup_string__unknown_key  ->  passed  [0.041s]
local/kyua/utils/config/tree_test:operators_eq_and_ne__deep_copy  ->  passed  [0.056s]
local/kyua/utils/config/tree_test:operators_eq_and_ne__empty  ->  passed  [0.050s]
local/kyua/utils/config/tree_test:operators_eq_and_ne__shallow_copy  ->  passed  [0.082s]
local/kyua/utils/config/tree_test:operators_eq_and_ne__some_contents  ->  passed  [0.112s]
local/kyua/utils/config/tree_test:push_lua__ok  ->  passed  [0.080s]
local/kyua/utils/config/tree_test:set__invalid_key  ->  passed  [0.059s]
local/kyua/utils/config/tree_test:set__unknown_key  ->  passed  [0.084s]
local/kyua/utils/config/tree_test:set__value_error  ->  passed  [0.058s]
local/kyua/utils/config/tree_test:set_lua__ok  ->  passed  [0.057s]
local/kyua/utils/config/tree_test:set_string__invalid_key  ->  passed  [0.047s]
local/kyua/utils/config/tree_test:set_string__ok  ->  passed  [0.098s]
local/kyua/utils/config/tree_test:set_string__unknown_key  ->  passed  [0.041s]
local/kyua/utils/config/tree_test:set_string__value_error  ->  passed  [0.181s]
local/kyua/utils/datetime_test:delta__addition  ->  passed  [0.184s]
local/kyua/utils/datetime_test:delta__addition_and_set  ->  passed  [0.145s]
local/kyua/utils/datetime_test:delta__defaults  ->  passed  [0.034s]
local/kyua/utils/datetime_test:delta__differs  ->  passed  [0.033s]
local/kyua/utils/datetime_test:delta__equals  ->  passed  [0.060s]
local/kyua/utils/datetime_test:delta__from_microseconds  ->  passed  [0.748s]
local/kyua/utils/datetime_test:delta__output  ->  passed  [0.056s]
local/kyua/utils/datetime_test:delta__overrides  ->  passed  [0.067s]
local/kyua/utils/datetime_test:delta__to_microseconds  ->  passed  [0.077s]
local/kyua/utils/datetime_test:timestamp__copy  ->  passed  [0.055s]
local/kyua/utils/datetime_test:timestamp__differs  ->  passed  [0.034s]
local/kyua/utils/datetime_test:timestamp__equals  ->  passed  [0.073s]
local/kyua/utils/datetime_test:timestamp__from_microseconds  ->  passed  [0.037s]
local/kyua/utils/datetime_test:timestamp__leap_second  ->  passed  [0.056s]
local/kyua/utils/datetime_test:timestamp__now__granularity  ->  passed  [0.033s]
local/kyua/utils/datetime_test:timestamp__now__mock  ->  passed  [0.034s]
local/kyua/utils/datetime_test:timestamp__now__real  ->  passed  [0.050s]
local/kyua/utils/datetime_test:timestamp__output  ->  passed  [0.055s]
local/kyua/utils/datetime_test:timestamp__strftime  ->  passed  [0.069s]
local/kyua/utils/datetime_test:timestamp__subtraction  ->  passed  [0.044s]
local/kyua/utils/datetime_test:timestamp__to_microseconds  ->  passed  [0.127s]
local/kyua/utils/datetime_test:timestamp__to_seconds  ->  passed  [0.057s]
local/kyua/utils/env_test:get_home__invalid  ->  passed  [0.071s]
local/kyua/utils/env_test:get_home__missing  ->  passed  [0.035s]
local/kyua/utils/env_test:get_home__ok  ->  passed  [0.035s]
local/kyua/utils/env_test:getallenv  ->  passed  [0.037s]
local/kyua/utils/env_test:getenv  ->  passed  [0.036s]
local/kyua/utils/env_test:getenv_with_default  ->  passed  [0.075s]
local/kyua/utils/env_test:setenv  ->  passed  [0.037s]
local/kyua/utils/env_test:unsetenv  ->  passed  [0.111s]
local/kyua/utils/format/containers_test:std_map__empty  ->  passed  [0.215s]
local/kyua/utils/format/containers_test:std_map__some  ->  passed  [0.135s]
local/kyua/utils/format/containers_test:std_set__empty  ->  passed  [0.280s]
local/kyua/utils/format/containers_test:std_set__some  ->  passed  [0.407s]
local/kyua/utils/format/containers_test:std_shared_ptr__not_null  ->  passed  [0.251s]
local/kyua/utils/format/containers_test:std_shared_ptr__null  ->  passed  [0.656s]
local/kyua/utils/format/containers_test:std_vector__empty  ->  passed  [0.744s]
local/kyua/utils/format/containers_test:std_vector__some  ->  passed  [0.424s]
local/kyua/utils/format/exceptions_test:bad_format_error  ->  passed  [0.550s]
local/kyua/utils/format/exceptions_test:error  ->  passed  [0.338s]
local/kyua/utils/format/exceptions_test:extra_args_error  ->  passed  [0.414s]
local/kyua/utils/format/formatter_test:escape  ->  passed  [0.485s]
local/kyua/utils/format/formatter_test:extra_args_error  ->  passed  [0.236s]
local/kyua/utils/format/formatter_test:format__bool  ->  passed  [0.146s]
local/kyua/utils/format/formatter_test:format__char  ->  passed  [0.373s]
local/kyua/utils/format/formatter_test:format__class  ->  passed  [0.142s]
local/kyua/utils/format/formatter_test:format__error  ->  passed  [0.098s]
local/kyua/utils/format/formatter_test:format__float  ->  passed  [0.129s]
local/kyua/utils/format/formatter_test:format__int  ->  passed  [0.924s]
local/kyua/utils/format/formatter_test:format__pointer  ->  passed  [0.322s]
local/kyua/utils/format/formatter_test:many_fields  ->  passed  [0.165s]
local/kyua/utils/format/formatter_test:no_fields  ->  passed  [0.111s]
local/kyua/utils/format/formatter_test:one_field  ->  passed  [0.094s]
local/kyua/utils/fs/auto_cleaners_test:auto_directory__automatic  ->  passed  [0.088s]
local/kyua/utils/fs/auto_cleaners_test:auto_directory__explicit  ->  passed  [0.179s]
local/kyua/utils/fs/auto_cleaners_test:auto_directory__mkdtemp  ->  passed  [0.173s]
local/kyua/utils/fs/auto_cleaners_test:auto_file__automatic  ->  passed  [0.145s]
local/kyua/utils/fs/auto_cleaners_test:auto_file__explicit  ->  passed  [0.203s]
local/kyua/utils/fs/auto_cleaners_test:auto_file__mkstemp  ->  passed  [0.148s]
local/kyua/utils/fs/exceptions_test:error  ->  passed  [0.211s]
local/kyua/utils/fs/exceptions_test:invalid_path_error  ->  passed  [0.138s]
local/kyua/utils/fs/exceptions_test:join_error  ->  passed  [0.220s]
local/kyua/utils/fs/exceptions_test:system_error  ->  passed  [0.325s]
local/kyua/utils/fs/exceptions_test:unsupported_operation_error  ->  passed  [0.224s]
local/kyua/utils/fs/lua_module_test:basename__fail  ->  passed  [0.209s]
local/kyua/utils/fs/lua_module_test:basename__ok  ->  passed  [0.089s]
local/kyua/utils/fs/lua_module_test:dirname__fail  ->  passed  [0.110s]
local/kyua/utils/fs/lua_module_test:dirname__ok  ->  passed  [0.052s]
local/kyua/utils/fs/lua_module_test:exists__fail  ->  passed  [0.108s]
local/kyua/utils/fs/lua_module_test:exists__ok  ->  passed  [0.107s]
local/kyua/utils/fs/lua_module_test:files__fail_arg  ->  passed  [0.061s]
local/kyua/utils/fs/lua_module_test:files__fail_opendir  ->  passed  [0.129s]
local/kyua/utils/fs/lua_module_test:files__none  ->  passed  [0.055s]
local/kyua/utils/fs/lua_module_test:files__some  ->  passed  [0.363s]
local/kyua/utils/fs/lua_module_test:is_absolute__fail  ->  passed  [0.364s]
local/kyua/utils/fs/lua_module_test:is_absolute__ok  ->  passed  [0.258s]
local/kyua/utils/fs/lua_module_test:join__fail  ->  passed  [0.413s]
local/kyua/utils/fs/lua_module_test:join__ok  ->  passed  [0.288s]
local/kyua/utils/fs/lua_module_test:open_fs  ->  passed  [0.222s]
local/kyua/utils/fs/operations_test:copy__fail_create  ->  passed  [0.198s]
local/kyua/utils/fs/operations_test:copy__fail_open  ->  passed  [0.031s]
local/kyua/utils/fs/operations_test:copy__ok  ->  passed  [0.052s]
local/kyua/utils/fs/operations_test:current_path__enoent  ->  passed  [0.069s]
local/kyua/utils/fs/operations_test:current_path__ok  ->  passed  [0.090s]
local/kyua/utils/fs/operations_test:exists  ->  passed  [0.065s]
local/kyua/utils/fs/operations_test:find_in_path__always_absolute  ->  passed  [0.050s]
local/kyua/utils/fs/operations_test:find_in_path__current_directory  ->  passed  [0.111s]
local/kyua/utils/fs/operations_test:find_in_path__empty_path  ->  passed  [0.051s]
local/kyua/utils/fs/operations_test:find_in_path__many_components  ->  passed  [0.097s]
local/kyua/utils/fs/operations_test:find_in_path__no_path  ->  passed  [0.094s]
local/kyua/utils/fs/operations_test:find_in_path__one_component  ->  passed  [0.068s]
local/kyua/utils/fs/operations_test:free_disk_space__fail  ->  passed  [0.038s]
local/kyua/utils/fs/operations_test:free_disk_space__ok__real  ->  passed  [0.098s]
local/kyua/utils/fs/operations_test:free_disk_space__ok__smoke  ->  passed  [0.035s]
local/kyua/utils/fs/operations_test:is_directory__fail  ->  passed  [0.062s]
local/kyua/utils/fs/operations_test:is_directory__ok  ->  passed  [0.103s]
local/kyua/utils/fs/operations_test:mkdir__enoent  ->  passed  [0.034s]
local/kyua/utils/fs/operations_test:mkdir__ok  ->  passed  [0.209s]
local/kyua/utils/fs/operations_test:mkdir_p__already_exists  ->  passed  [0.149s]
local/kyua/utils/fs/operations_test:mkdir_p__eacces  ->  passed  [0.082s]
local/kyua/utils/fs/operations_test:mkdir_p__many_components  ->  passed  [0.120s]
local/kyua/utils/fs/operations_test:mkdir_p__one_component  ->  passed  [0.056s]
local/kyua/utils/fs/operations_test:mkdtemp  ->  passed  [0.132s]
local/kyua/utils/fs/operations_test:mkstemp  ->  passed  [0.084s]
local/kyua/utils/fs/operations_test:mount_tmpfs__fail  ->  passed  [0.039s]
local/kyua/utils/fs/operations_test:mount_tmpfs__ok__default_size  ->  passed  [0.065s]
local/kyua/utils/fs/operations_test:mount_tmpfs__ok__explicit_size  ->  passed  [0.068s]
local/kyua/utils/fs/operations_test:rm_r__empty  ->  passed  [0.076s]
local/kyua/utils/fs/operations_test:rm_r__files_and_directories  ->  passed  [0.180s]
local/kyua/utils/fs/operations_test:rmdir__fail  ->  passed  [0.076s]
local/kyua/utils/fs/operations_test:rmdir__ok  ->  passed  [0.066s]
local/kyua/utils/fs/operations_test:unlink__fail  ->  passed  [0.047s]
local/kyua/utils/fs/operations_test:unlink__ok  ->  passed  [0.058s]
local/kyua/utils/fs/operations_test:unmount__fail  ->  passed  [0.035s]
local/kyua/utils/fs/operations_test:unmount__ok  ->  passed  [0.118s]
local/kyua/utils/fs/path_test:branch_path  ->  passed  [0.637s]
local/kyua/utils/fs/path_test:compare_different  ->  passed  [0.196s]
local/kyua/utils/fs/path_test:compare_equal  ->  passed  [0.093s]
local/kyua/utils/fs/path_test:compare_less_than  ->  passed  [0.033s]
local/kyua/utils/fs/path_test:concat__to_path  ->  passed  [0.165s]
local/kyua/utils/fs/path_test:concat__to_string  ->  passed  [0.101s]
local/kyua/utils/fs/path_test:is_absolute  ->  passed  [0.097s]
local/kyua/utils/fs/path_test:is_parent_of  ->  passed  [0.082s]
local/kyua/utils/fs/path_test:leaf_name  ->  passed  [0.069s]
local/kyua/utils/fs/path_test:ncomponents  ->  passed  [0.063s]
local/kyua/utils/fs/path_test:normalize__invalid  ->  passed  [0.043s]
local/kyua/utils/fs/path_test:normalize__ok  ->  passed  [0.081s]
local/kyua/utils/fs/path_test:to_absolute  ->  passed  [0.046s]
local/kyua/utils/fs/path_test:use_as_key  ->  passed  [0.035s]
local/kyua/utils/logging/macros_test:ld  ->  passed  [0.096s]
local/kyua/utils/logging/macros_test:le  ->  passed  [0.129s]
local/kyua/utils/logging/macros_test:li  ->  passed  [0.140s]
local/kyua/utils/logging/macros_test:lw  ->  passed  [0.087s]
local/kyua/utils/logging/operations_test:generate_log_name__after_log  ->  passed  [0.097s]
local/kyua/utils/logging/operations_test:generate_log_name__before_log  ->  passed  [0.046s]
local/kyua/utils/logging/operations_test:log  ->  passed  [0.039s]
local/kyua/utils/logging/operations_test:set_persistency__fail  ->  passed  [0.085s]
local/kyua/utils/logging/operations_test:set_persistency__no_backlog  ->  passed  [0.041s]
local/kyua/utils/logging/operations_test:set_persistency__some_backlog__debug  ->  passed  [0.040s]
local/kyua/utils/logging/operations_test:set_persistency__some_backlog__error  ->  passed  [0.038s]
local/kyua/utils/logging/operations_test:set_persistency__some_backlog__info  ->  passed  [0.038s]
local/kyua/utils/logging/operations_test:set_persistency__some_backlog__warning  ->  passed  [0.067s]
local/kyua/utils/memory_test:physical_memory  ->  passed  [0.107s]
local/kyua/utils/optional_test:assign  ->  passed  [0.068s]
local/kyua/utils/optional_test:ctors__complex_type  ->  passed  [0.031s]
local/kyua/utils/optional_test:ctors__native_type  ->  passed  [0.030s]
local/kyua/utils/optional_test:get_default  ->  passed  [0.030s]
local/kyua/utils/optional_test:make_optional  ->  passed  [0.028s]
local/kyua/utils/optional_test:memory  ->  passed  [0.042s]
local/kyua/utils/optional_test:operators_eq_and_ne  ->  passed  [0.031s]
local/kyua/utils/optional_test:output  ->  passed  [0.030s]
local/kyua/utils/optional_test:return  ->  passed  [0.028s]
local/kyua/utils/passwd_test:current_user  ->  passed  [0.141s]
local/kyua/utils/passwd_test:current_user__fake  ->  passed  [0.110s]
local/kyua/utils/passwd_test:find_user_by_name__fail  ->  passed  [0.062s]
local/kyua/utils/passwd_test:find_user_by_name__fake  ->  passed  [0.072s]
local/kyua/utils/passwd_test:find_user_by_name__ok  ->  passed  [0.146s]
local/kyua/utils/passwd_test:find_user_by_uid__fake  ->  passed  [0.041s]
local/kyua/utils/passwd_test:find_user_by_uid__ok  ->  passed  [0.063s]
local/kyua/utils/passwd_test:user__is_root__false  ->  passed  [0.304s]
local/kyua/utils/passwd_test:user__is_root__true  ->  passed  [0.404s]
local/kyua/utils/passwd_test:user__public_fields  ->  passed  [0.181s]
local/kyua/utils/process/child_test:child__fork_capture__fork_cannot_exit  ->  passed  [1.602s]
local/kyua/utils/process/child_test:child__fork_capture__fork_cannot_unwind  ->  passed  [2.858s]
local/kyua/utils/process/child_test:child__fork_capture__fork_fail  ->  passed  [0.081s]
local/kyua/utils/process/child_test:child__fork_capture__ok_function  ->  passed  [0.096s]
local/kyua/utils/process/child_test:child__fork_capture__ok_functor  ->  passed  [0.117s]
local/kyua/utils/process/child_test:child__fork_capture__pipe_fail  ->  passed  [0.040s]
local/kyua/utils/process/child_test:child__fork_files__create_stderr_fail  ->  passed  [0.937s]
local/kyua/utils/process/child_test:child__fork_files__create_stdout_fail  ->  passed  [0.739s]
local/kyua/utils/process/child_test:child__fork_files__fork_cannot_exit  ->  passed  [1.454s]
local/kyua/utils/process/child_test:child__fork_files__fork_cannot_unwind  ->  passed  [0.684s]
local/kyua/utils/process/child_test:child__fork_files__fork_fail  ->  passed  [0.036s]
local/kyua/utils/process/child_test:child__fork_files__inherit_stderr  ->  passed  [0.049s]
local/kyua/utils/process/child_test:child__fork_files__inherit_stdout  ->  passed  [0.042s]
local/kyua/utils/process/child_test:child__fork_files__ok_function  ->  passed  [0.046s]
local/kyua/utils/process/child_test:child__fork_files__ok_functor  ->  passed  [0.056s]
local/kyua/utils/process/child_test:child__pid  ->  passed  [0.052s]
local/kyua/utils/process/child_test:child__spawn__absolute_path  ->  passed  [0.056s]
local/kyua/utils/process/child_test:child__spawn__basename_only  ->  passed  [0.081s]
local/kyua/utils/process/child_test:child__spawn__missing_program  ->  passed  [0.875s]
local/kyua/utils/process/child_test:child__spawn__no_args  ->  passed  [0.115s]
local/kyua/utils/process/child_test:child__spawn__no_path  ->  passed  [1.285s]
local/kyua/utils/process/child_test:child__spawn__relative_path  ->  passed  [0.066s]
local/kyua/utils/process/child_test:child__spawn__some_args  ->  passed  [0.112s]
local/kyua/utils/process/exceptions_test:error  ->  passed  [0.055s]
local/kyua/utils/process/exceptions_test:system_error  ->  passed  [0.032s]
local/kyua/utils/process/fdstream_test:ifdstream  ->  passed  [0.043s]
local/kyua/utils/process/status_test:fake_exited  ->  passed  [0.036s]
local/kyua/utils/process/status_test:fake_signaled  ->  passed  [0.032s]
local/kyua/utils/process/status_test:integration__coredump  ->  passed  [2.591s]
local/kyua/utils/process/status_test:integration__exited  ->  passed  [0.106s]
local/kyua/utils/process/status_test:integration__signaled  ->  passed  [0.046s]
local/kyua/utils/process/systembuf_test:long_read  ->  passed  [0.383s]
local/kyua/utils/process/systembuf_test:long_write  ->  passed  [0.222s]
local/kyua/utils/process/systembuf_test:short_read  ->  passed  [0.114s]
local/kyua/utils/process/systembuf_test:short_write  ->  passed  [0.078s]
local/kyua/utils/releaser_test:scope  ->  passed  [0.159s]
local/kyua/utils/sanity_test:install_crash_handlers__sigabrt  ->  passed  [6.536s]
local/kyua/utils/sanity_test:install_crash_handlers__sigbus  ->  passed  [1.941s]
local/kyua/utils/sanity_test:install_crash_handlers__sigsegv  ->  passed  [3.104s]
local/kyua/utils/sanity_test:inv__holds  ->  passed  [0.090s]
local/kyua/utils/sanity_test:inv__triggers_custom_message  ->  passed  [0.200s]
local/kyua/utils/sanity_test:inv__triggers_default_message  ->  passed  [0.036s]
local/kyua/utils/sanity_test:post__holds  ->  passed  [0.064s]
local/kyua/utils/sanity_test:post__triggers_custom_message  ->  passed  [0.035s]
local/kyua/utils/sanity_test:post__triggers_default_message  ->  passed  [0.041s]
local/kyua/utils/sanity_test:pre__holds  ->  passed  [0.059s]
local/kyua/utils/sanity_test:pre__triggers_custom_message  ->  passed  [0.053s]
local/kyua/utils/sanity_test:pre__triggers_default_message  ->  passed  [0.047s]
local/kyua/utils/sanity_test:unreachable__custom_message  ->  passed  [0.645s]
local/kyua/utils/sanity_test:unreachable__default_message  ->  passed  [0.662s]
local/kyua/utils/signals/exceptions_test:error  ->  passed  [0.081s]
local/kyua/utils/signals/exceptions_test:interrupted_error  ->  passed  [0.058s]
local/kyua/utils/signals/exceptions_test:system_error  ->  passed  [0.031s]
local/kyua/utils/signals/interrupts_test:interrupts_handler__kill_children  ->  passed  [0.043s]
local/kyua/utils/signals/interrupts_test:interrupts_handler__sighup  ->  passed  [0.071s]
local/kyua/utils/signals/interrupts_test:interrupts_handler__sigint  ->  passed  [0.034s]
local/kyua/utils/signals/interrupts_test:interrupts_handler__sigterm  ->  passed  [0.072s]
local/kyua/utils/signals/interrupts_test:interrupts_inhibiter__sighup  ->  passed  [0.124s]
local/kyua/utils/signals/interrupts_test:interrupts_inhibiter__sigint  ->  passed  [0.176s]
local/kyua/utils/signals/interrupts_test:interrupts_inhibiter__sigterm  ->  passed  [0.032s]
local/kyua/utils/signals/misc_test:reset__invalid  ->  passed  [0.037s]
local/kyua/utils/signals/misc_test:reset__ok  ->  passed  [0.061s]
local/kyua/utils/signals/programmer_test:nested  ->  passed  [0.038s]
local/kyua/utils/signals/programmer_test:program_unprogram  ->  passed  [0.100s]
local/kyua/utils/signals/programmer_test:scope  ->  passed  [0.106s]
local/kyua/utils/sqlite/c_gate_test:c_database  ->  passed  [0.146s]
local/kyua/utils/sqlite/c_gate_test:connect  ->  passed  [0.097s]
local/kyua/utils/sqlite/database_test:begin_transaction  ->  passed  [0.092s]
local/kyua/utils/sqlite/database_test:close  ->  passed  [0.931s]
local/kyua/utils/sqlite/database_test:copy  ->  passed  [0.080s]
local/kyua/utils/sqlite/database_test:create_statement__fail  ->  passed  [0.042s]
local/kyua/utils/sqlite/database_test:create_statement__ok  ->  passed  [0.043s]
local/kyua/utils/sqlite/database_test:exec__fail  ->  passed  [0.204s]
local/kyua/utils/sqlite/database_test:exec__ok  ->  passed  [0.064s]
local/kyua/utils/sqlite/database_test:in_memory  ->  passed  [0.070s]
local/kyua/utils/sqlite/database_test:last_insert_rowid  ->  passed  [0.036s]
local/kyua/utils/sqlite/database_test:open__create__fail  ->  passed  [0.041s]
local/kyua/utils/sqlite/database_test:open__create__ok  ->  passed  [0.145s]
local/kyua/utils/sqlite/database_test:open__readonly__fail  ->  passed  [0.035s]
local/kyua/utils/sqlite/database_test:open__readonly__ok  ->  passed  [0.208s]
local/kyua/utils/sqlite/database_test:temporary  ->  passed  [0.084s]
local/kyua/utils/sqlite/exceptions_test:api_error__explicit  ->  passed  [0.065s]
local/kyua/utils/sqlite/exceptions_test:api_error__from_database  ->  passed  [0.033s]
local/kyua/utils/sqlite/exceptions_test:error  ->  passed  [0.036s]
local/kyua/utils/sqlite/exceptions_test:invalid_column_error  ->  passed  [0.225s]
local/kyua/utils/sqlite/statement_test:bind__blob  ->  passed  [0.062s]
local/kyua/utils/sqlite/statement_test:bind__by_name  ->  passed  [0.033s]
local/kyua/utils/sqlite/statement_test:bind__double  ->  passed  [0.065s]
local/kyua/utils/sqlite/statement_test:bind__int  ->  passed  [0.041s]
local/kyua/utils/sqlite/statement_test:bind__int64  ->  passed  [0.042s]
local/kyua/utils/sqlite/statement_test:bind__null  ->  passed  [0.087s]
local/kyua/utils/sqlite/statement_test:bind__text  ->  passed  [0.038s]
local/kyua/utils/sqlite/statement_test:bind__text__transient  ->  passed  [0.060s]
local/kyua/utils/sqlite/statement_test:bind_parameter_count  ->  passed  [0.037s]
local/kyua/utils/sqlite/statement_test:bind_parameter_index  ->  passed  [0.083s]
local/kyua/utils/sqlite/statement_test:bind_parameter_name  ->  passed  [0.062s]
local/kyua/utils/sqlite/statement_test:clear_bindings  ->  passed  [0.063s]
local/kyua/utils/sqlite/statement_test:column_blob  ->  passed  [0.101s]
local/kyua/utils/sqlite/statement_test:column_bytes__blob  ->  passed  [0.052s]
local/kyua/utils/sqlite/statement_test:column_bytes__text  ->  passed  [0.212s]
local/kyua/utils/sqlite/statement_test:column_count  ->  passed  [0.080s]
local/kyua/utils/sqlite/statement_test:column_double  ->  passed  [0.048s]
local/kyua/utils/sqlite/statement_test:column_id__missing  ->  passed  [0.215s]
local/kyua/utils/sqlite/statement_test:column_id__ok  ->  passed  [0.084s]
local/kyua/utils/sqlite/statement_test:column_int64  ->  passed  [0.096s]
local/kyua/utils/sqlite/statement_test:column_int__ok  ->  passed  [0.059s]
local/kyua/utils/sqlite/statement_test:column_int__overflow  ->  passed  [0.068s]
local/kyua/utils/sqlite/statement_test:column_name__fail  ->  passed  [0.038s]
local/kyua/utils/sqlite/statement_test:column_name__ok  ->  passed  [0.037s]
local/kyua/utils/sqlite/statement_test:column_text  ->  passed  [0.037s]
local/kyua/utils/sqlite/statement_test:column_type__ok  ->  passed  [0.056s]
local/kyua/utils/sqlite/statement_test:column_type__out_of_range  ->  passed  [0.070s]
local/kyua/utils/sqlite/statement_test:reset  ->  passed  [0.046s]
local/kyua/utils/sqlite/statement_test:safe_column_blob__fail  ->  passed  [0.047s]
local/kyua/utils/sqlite/statement_test:safe_column_blob__ok  ->  passed  [0.111s]
local/kyua/utils/sqlite/statement_test:safe_column_bytes__fail  ->  passed  [0.041s]
local/kyua/utils/sqlite/statement_test:safe_column_bytes__ok__blob  ->  passed  [0.056s]
local/kyua/utils/sqlite/statement_test:safe_column_bytes__ok__text  ->  passed  [0.089s]
local/kyua/utils/sqlite/statement_test:safe_column_double__fail  ->  passed  [0.113s]
local/kyua/utils/sqlite/statement_test:safe_column_double__ok  ->  passed  [0.535s]
local/kyua/utils/sqlite/statement_test:safe_column_int64__fail  ->  passed  [0.204s]
local/kyua/utils/sqlite/statement_test:safe_column_int64__ok  ->  passed  [0.071s]
local/kyua/utils/sqlite/statement_test:safe_column_int__fail  ->  passed  [0.083s]
local/kyua/utils/sqlite/statement_test:safe_column_int__ok  ->  passed  [0.050s]
local/kyua/utils/sqlite/statement_test:safe_column_text__fail  ->  passed  [0.148s]
local/kyua/utils/sqlite/statement_test:safe_column_text__ok  ->  passed  [0.120s]
local/kyua/utils/sqlite/statement_test:step__fail  ->  passed  [0.037s]
local/kyua/utils/sqlite/statement_test:step__many  ->  passed  [0.039s]
local/kyua/utils/sqlite/statement_test:step__ok  ->  passed  [0.039s]
local/kyua/utils/sqlite/statement_test:step_without_results__fail  ->  passed  [0.038s]
local/kyua/utils/sqlite/statement_test:step_without_results__ok  ->  passed  [0.036s]
local/kyua/utils/sqlite/transaction_test:automatic_rollback  ->  passed  [0.076s]
local/kyua/utils/sqlite/transaction_test:explicit_commit  ->  passed  [0.037s]
local/kyua/utils/sqlite/transaction_test:explicit_rollback  ->  passed  [0.037s]
local/kyua/utils/sqlite/transaction_test:nested_fail  ->  passed  [0.051s]
local/kyua/utils/stream_test:open_ostream__other  ->  passed  [0.052s]
local/kyua/utils/stream_test:open_ostream__stderr  ->  passed  [0.040s]
local/kyua/utils/stream_test:open_ostream__stdout  ->  passed  [0.052s]
local/kyua/utils/stream_test:read_stream__empty  ->  passed  [0.029s]
local/kyua/utils/stream_test:read_stream__some  ->  passed  [0.082s]
local/kyua/utils/stream_test:stream_length__empty  ->  passed  [0.033s]
local/kyua/utils/stream_test:stream_length__some  ->  passed  [0.069s]
local/kyua/utils/text/exceptions_test:error  ->  passed  [0.135s]
local/kyua/utils/text/exceptions_test:syntax_error  ->  passed  [0.135s]
local/kyua/utils/text/exceptions_test:value_error  ->  passed  [0.044s]
local/kyua/utils/text/operations_test:escape_xml__empty  ->  passed  [0.141s]
local/kyua/utils/text/operations_test:escape_xml__no_escaping  ->  passed  [0.034s]
local/kyua/utils/text/operations_test:escape_xml__some_escaping  ->  passed  [0.147s]
local/kyua/utils/text/operations_test:join__empty  ->  passed  [0.305s]
local/kyua/utils/text/operations_test:join__one  ->  passed  [0.128s]
local/kyua/utils/text/operations_test:join__several  ->  passed  [0.045s]
local/kyua/utils/text/operations_test:join__unordered  ->  passed  [0.065s]
local/kyua/utils/text/operations_test:quote__empty  ->  passed  [0.034s]
local/kyua/utils/text/operations_test:quote__no_escaping  ->  passed  [0.033s]
local/kyua/utils/text/operations_test:quote__some_escaping  ->  passed  [0.035s]
local/kyua/utils/text/operations_test:refill__break_many  ->  passed  [0.073s]
local/kyua/utils/text/operations_test:refill__break_one  ->  passed  [0.067s]
local/kyua/utils/text/operations_test:refill__break_one__not_first_word  ->  passed  [0.047s]
local/kyua/utils/text/operations_test:refill__cannot_break  ->  passed  [0.069s]
local/kyua/utils/text/operations_test:refill__empty  ->  passed  [0.034s]
local/kyua/utils/text/operations_test:refill__no_changes  ->  passed  [0.033s]
local/kyua/utils/text/operations_test:refill__preserve_whitespace  ->  passed  [0.035s]
local/kyua/utils/text/operations_test:replace_all__empty  ->  passed  [0.182s]
local/kyua/utils/text/operations_test:replace_all__none  ->  passed  [0.046s]
local/kyua/utils/text/operations_test:replace_all__one  ->  passed  [0.092s]
local/kyua/utils/text/operations_test:replace_all__several  ->  passed  [0.075s]
local/kyua/utils/text/operations_test:split__empty  ->  passed  [0.036s]
local/kyua/utils/text/operations_test:split__one  ->  passed  [0.053s]
local/kyua/utils/text/operations_test:split__several__delimiters  ->  passed  [0.034s]
local/kyua/utils/text/operations_test:split__several__simple  ->  passed  [0.087s]
local/kyua/utils/text/operations_test:to_type__empty  ->  passed  [0.079s]
local/kyua/utils/text/operations_test:to_type__invalid__bool  ->  passed  [0.034s]
local/kyua/utils/text/operations_test:to_type__invalid__numerical  ->  passed  [0.039s]
local/kyua/utils/text/operations_test:to_type__ok__bool  ->  passed  [0.032s]
local/kyua/utils/text/operations_test:to_type__ok__numerical  ->  passed  [0.032s]
local/kyua/utils/text/operations_test:to_type__ok__string  ->  passed  [0.033s]
local/kyua/utils/text/table_test:table__column_width  ->  passed  [0.059s]
local/kyua/utils/text/table_test:table__column_widths  ->  passed  [0.031s]
local/kyua/utils/text/table_test:table__empty  ->  passed  [0.077s]
local/kyua/utils/text/table_test:table__iterate  ->  passed  [0.077s]
local/kyua/utils/text/table_test:table__ncolumns  ->  passed  [0.034s]
local/kyua/utils/text/table_test:table_formatter__defaults  ->  passed  [0.032s]
local/kyua/utils/text/table_test:table_formatter__empty  ->  passed  [0.033s]
local/kyua/utils/text/table_test:table_formatter__many_columns__explicit_width  ->  passed  [0.124s]
local/kyua/utils/text/table_test:table_formatter__many_columns__max_width  ->  passed  [0.056s]
local/kyua/utils/text/table_test:table_formatter__many_columns__no_max_width  ->  passed  [0.034s]
local/kyua/utils/text/table_test:table_formatter__one_column__explicit_width  ->  passed  [0.033s]
local/kyua/utils/text/table_test:table_formatter__one_column__max_width  ->  passed  [0.032s]
local/kyua/utils/text/table_test:table_formatter__one_column__no_max_width  ->  passed  [0.133s]
local/kyua/utils/text/table_test:table_formatter__use_case__cli_help  ->  passed  [0.857s]
local/kyua/utils/text/templates_test:instantiate__empty_input  ->  passed  [0.038s]
local/kyua/utils/text/templates_test:instantiate__empty_statement  ->  passed  [0.092s]
local/kyua/utils/text/templates_test:instantiate__files__input_error  ->  passed  [0.033s]
local/kyua/utils/text/templates_test:instantiate__files__ok  ->  passed  [0.039s]
local/kyua/utils/text/templates_test:instantiate__files__output_error  ->  passed  [0.042s]
local/kyua/utils/text/templates_test:instantiate__if__multiple_levels__not_taken  ->  passed  [0.034s]
local/kyua/utils/text/templates_test:instantiate__if__multiple_levels__taken  ->  passed  [0.107s]
local/kyua/utils/text/templates_test:instantiate__if__one_level__not_taken  ->  passed  [0.033s]
local/kyua/utils/text/templates_test:instantiate__if__one_level__taken  ->  passed  [0.033s]
local/kyua/utils/text/templates_test:instantiate__invalid_narguments  ->  passed  [0.033s]
local/kyua/utils/text/templates_test:instantiate__loop__multiple_iterations  ->  passed  [0.068s]
local/kyua/utils/text/templates_test:instantiate__loop__nested__multiple_iterations  ->  passed  [0.035s]
local/kyua/utils/text/templates_test:instantiate__loop__nested__no_iterations  ->  passed  [0.033s]
local/kyua/utils/text/templates_test:instantiate__loop__no_iterations  ->  passed  [0.030s]
local/kyua/utils/text/templates_test:instantiate__loop__scoping  ->  passed  [0.041s]
local/kyua/utils/text/templates_test:instantiate__loop__sequential  ->  passed  [0.035s]
local/kyua/utils/text/templates_test:instantiate__mismatched_delimiters  ->  passed  [0.043s]
local/kyua/utils/text/templates_test:instantiate__unknown_statement  ->  passed  [0.055s]
local/kyua/utils/text/templates_test:instantiate__value__ok  ->  passed  [0.047s]
local/kyua/utils/text/templates_test:instantiate__value__unknown_variable  ->  passed  [0.035s]
local/kyua/utils/text/templates_test:instantiate__vector_length__ok  ->  passed  [0.033s]
local/kyua/utils/text/templates_test:instantiate__vector_length__unknown_vector  ->  passed  [0.034s]
local/kyua/utils/text/templates_test:instantiate__vector_value__ok  ->  passed  [0.049s]
local/kyua/utils/text/templates_test:instantiate__vector_value__out_of_range__empty  ->  passed  [0.034s]
local/kyua/utils/text/templates_test:instantiate__vector_value__out_of_range__not_empty  ->  passed  [0.061s]
local/kyua/utils/text/templates_test:instantiate__vector_value__unknown_vector  ->  passed  [0.068s]
local/kyua/utils/text/templates_test:templates_def__add_to_vector  ->  passed  [0.194s]
local/kyua/utils/text/templates_test:templates_def__add_variable__first  ->  passed  [0.068s]
local/kyua/utils/text/templates_test:templates_def__add_variable__replace  ->  passed  [0.162s]
local/kyua/utils/text/templates_test:templates_def__add_vector__first  ->  passed  [0.164s]
local/kyua/utils/text/templates_test:templates_def__add_vector__replace  ->  passed  [0.062s]
local/kyua/utils/text/templates_test:templates_def__evaluate__defined  ->  passed  [0.081s]
local/kyua/utils/text/templates_test:templates_def__evaluate__length__ok  ->  passed  [0.027s]
local/kyua/utils/text/templates_test:templates_def__evaluate__length__unknown_vector  ->  passed  [0.105s]
local/kyua/utils/text/templates_test:templates_def__evaluate__parenthesis_error  ->  passed  [0.064s]
local/kyua/utils/text/templates_test:templates_def__evaluate__variable__ok  ->  passed  [0.041s]
local/kyua/utils/text/templates_test:templates_def__evaluate__variable__unknown  ->  passed  [0.060s]
local/kyua/utils/text/templates_test:templates_def__evaluate__vector__ok  ->  passed  [0.080s]
local/kyua/utils/text/templates_test:templates_def__evaluate__vector__out_of_range  ->  passed  [0.034s]
local/kyua/utils/text/templates_test:templates_def__evaluate__vector__unknown_index  ->  passed  [0.263s]
local/kyua/utils/text/templates_test:templates_def__evaluate__vector__unknown_vector  ->  passed  [0.105s]
local/kyua/utils/text/templates_test:templates_def__exists__variable  ->  passed  [0.068s]
local/kyua/utils/text/templates_test:templates_def__exists__vector  ->  passed  [0.185s]
local/kyua/utils/text/templates_test:templates_def__get_variable__ok  ->  passed  [0.115s]
local/kyua/utils/text/templates_test:templates_def__get_variable__unknown  ->  passed  [0.055s]
local/kyua/utils/text/templates_test:templates_def__get_vector__ok  ->  passed  [0.145s]
local/kyua/utils/text/templates_test:templates_def__get_vector__unknown  ->  passed  [0.050s]
local/kyua/utils/text/templates_test:templates_def__remove_variable  ->  passed  [0.078s]
local/kyua/utils/units_test:bytes__format__b  ->  passed  [0.076s]
local/kyua/utils/units_test:bytes__format__gb  ->  passed  [0.042s]
local/kyua/utils/units_test:bytes__format__kb  ->  passed  [0.027s]
local/kyua/utils/units_test:bytes__format__mb  ->  passed  [0.027s]
local/kyua/utils/units_test:bytes__format__tb  ->  passed  [0.038s]
local/kyua/utils/units_test:bytes__istream__error  ->  passed  [0.027s]
local/kyua/utils/units_test:bytes__istream__many_words  ->  passed  [0.044s]
local/kyua/utils/units_test:bytes__istream__one_word  ->  passed  [0.042s]
local/kyua/utils/units_test:bytes__ostream  ->  passed  [0.034s]
local/kyua/utils/units_test:bytes__parse__b  ->  passed  [0.026s]
local/kyua/utils/units_test:bytes__parse__error  ->  passed  [0.028s]
local/kyua/utils/units_test:bytes__parse__gb  ->  passed  [0.026s]
local/kyua/utils/units_test:bytes__parse__kb  ->  passed  [0.034s]
local/kyua/utils/units_test:bytes__parse__mb  ->  passed  [0.027s]
local/kyua/utils/units_test:bytes__parse__tb  ->  passed  [0.036s]
local/lutok/c_gate_test:c_state  ->  passed  [0.163s]
local/lutok/c_gate_test:connect  ->  passed  [0.137s]
local/lutok/debug_test:get_info  ->  passed  [0.145s]
local/lutok/debug_test:get_stack  ->  passed  [0.058s]
local/lutok/examples_test:bindings  ->  passed  [2.347s]
local/lutok/examples_test:hello  ->  passed  [0.753s]
local/lutok/examples_test:interpreter  ->  passed  [1.480s]
local/lutok/examples_test:raii  ->  passed  [1.485s]
local/lutok/exceptions_test:api_error__explicit  ->  passed  [0.115s]
local/lutok/exceptions_test:api_error__from_stack  ->  passed  [0.182s]
local/lutok/exceptions_test:error  ->  passed  [0.193s]
local/lutok/exceptions_test:file_not_found_error  ->  passed  [0.302s]
local/lutok/operations_test:create_module__empty  ->  passed  [0.211s]
local/lutok/operations_test:create_module__many  ->  passed  [0.301s]
local/lutok/operations_test:create_module__one  ->  passed  [0.925s]
local/lutok/operations_test:do_file__any_results  ->  passed  [0.247s]
local/lutok/operations_test:do_file__error  ->  passed  [0.367s]
local/lutok/operations_test:do_file__error_with_errfunc  ->  passed  [0.249s]
local/lutok/operations_test:do_file__many_results  ->  passed  [0.250s]
local/lutok/operations_test:do_file__no_results  ->  passed  [0.308s]
local/lutok/operations_test:do_file__not_found  ->  passed  [0.294s]
local/lutok/operations_test:do_file__some_args  ->  passed  [0.310s]
local/lutok/operations_test:do_string__any_results  ->  passed  [0.579s]
local/lutok/operations_test:do_string__error  ->  passed  [0.383s]
local/lutok/operations_test:do_string__error_with_errfunc  ->  passed  [0.657s]
local/lutok/operations_test:do_string__many_results  ->  passed  [0.204s]
local/lutok/operations_test:do_string__no_results  ->  passed  [0.134s]
local/lutok/operations_test:do_string__some_args  ->  passed  [0.074s]
local/lutok/operations_test:eval__error  ->  passed  [0.624s]
local/lutok/operations_test:eval__many_results  ->  passed  [0.122s]
local/lutok/operations_test:eval__one_result  ->  passed  [0.152s]
local/lutok/stack_cleaner_test:empty  ->  passed  [0.088s]
local/lutok/stack_cleaner_test:forget  ->  passed  [0.094s]
local/lutok/stack_cleaner_test:nested  ->  passed  [0.128s]
local/lutok/stack_cleaner_test:some  ->  passed  [0.080s]
local/lutok/state_test:close  ->  passed  [0.083s]
local/lutok/state_test:get_global__ok  ->  passed  [0.093s]
local/lutok/state_test:get_global__undefined  ->  passed  [0.074s]
local/lutok/state_test:get_global_table  ->  passed  [0.099s]
local/lutok/state_test:get_metafield__ok  ->  passed  [0.099s]
local/lutok/state_test:get_metafield__undefined  ->  passed  [0.078s]
local/lutok/state_test:get_metatable__ok  ->  passed  [0.077s]
local/lutok/state_test:get_metatable__undefined  ->  passed  [0.077s]
local/lutok/state_test:get_table__nil  ->  passed  [0.148s]
local/lutok/state_test:get_table__ok  ->  passed  [0.091s]
local/lutok/state_test:get_table__unknown_index  ->  passed  [0.132s]
local/lutok/state_test:get_top  ->  passed  [0.039s]
local/lutok/state_test:insert  ->  passed  [0.106s]
local/lutok/state_test:is_boolean__empty  ->  passed  [0.098s]
local/lutok/state_test:is_boolean__ok  ->  passed  [0.094s]
local/lutok/state_test:is_function__empty  ->  passed  [0.089s]
local/lutok/state_test:is_function__ok  ->  passed  [0.066s]
local/lutok/state_test:is_nil__empty  ->  passed  [0.250s]
local/lutok/state_test:is_nil__ok  ->  passed  [0.127s]
local/lutok/state_test:is_number__empty  ->  passed  [0.218s]
local/lutok/state_test:is_number__ok  ->  passed  [0.060s]
local/lutok/state_test:is_string__empty  ->  passed  [0.073s]
local/lutok/state_test:is_string__ok  ->  passed  [0.074s]
local/lutok/state_test:is_table__empty  ->  passed  [0.057s]
local/lutok/state_test:is_table__ok  ->  passed  [0.071s]
local/lutok/state_test:is_userdata__empty  ->  passed  [0.039s]
local/lutok/state_test:is_userdata__ok  ->  passed  [0.135s]
local/lutok/state_test:load_file__api_error  ->  passed  [0.111s]
local/lutok/state_test:load_file__file_not_found_error  ->  passed  [0.092s]
local/lutok/state_test:load_file__ok  ->  passed  [0.131s]
local/lutok/state_test:load_string__fail  ->  passed  [0.069s]
local/lutok/state_test:load_string__ok  ->  passed  [0.039s]
local/lutok/state_test:new_table  ->  passed  [0.089s]
local/lutok/state_test:new_userdata  ->  passed  [0.053s]
local/lutok/state_test:next__empty  ->  passed  [0.108s]
local/lutok/state_test:next__many  ->  passed  [0.077s]
local/lutok/state_test:open_all  ->  passed  [0.070s]
local/lutok/state_test:open_base  ->  passed  [0.074s]
local/lutok/state_test:open_string  ->  passed  [0.836s]
local/lutok/state_test:open_table  ->  passed  [0.154s]
local/lutok/state_test:pcall__fail  ->  passed  [0.086s]
local/lutok/state_test:pcall__ok  ->  passed  [0.060s]
local/lutok/state_test:pop__many  ->  passed  [0.123s]
local/lutok/state_test:pop__one  ->  passed  [0.129s]
local/lutok/state_test:push_boolean  ->  passed  [0.125s]
local/lutok/state_test:push_cxx_closure  ->  passed  [0.066s]
local/lutok/state_test:push_cxx_function__fail_anything  ->  passed  [0.121s]
local/lutok/state_test:push_cxx_function__fail_exception  ->  passed  [0.073s]
local/lutok/state_test:push_cxx_function__fail_overflow  ->  passed  [0.045s]
local/lutok/state_test:push_cxx_function__ok  ->  passed  [0.137s]
local/lutok/state_test:push_integer  ->  passed  [0.128s]
local/lutok/state_test:push_nil  ->  passed  [0.100s]
local/lutok/state_test:push_string  ->  passed  [0.070s]
local/lutok/state_test:push_value  ->  passed  [0.059s]
local/lutok/state_test:raw_get  ->  passed  [0.094s]
local/lutok/state_test:raw_set  ->  passed  [0.074s]
local/lutok/state_test:registry_index  ->  passed  [0.072s]
local/lutok/state_test:set_global  ->  passed  [0.069s]
local/lutok/state_test:set_metatable  ->  passed  [0.097s]
local/lutok/state_test:set_table__nil  ->  passed  [0.038s]
local/lutok/state_test:set_table__ok  ->  passed  [0.137s]
local/lutok/state_test:to_boolean  ->  passed  [0.124s]
local/lutok/state_test:to_integer  ->  passed  [0.060s]
local/lutok/state_test:to_string  ->  passed  [0.118s]
local/lutok/state_test:to_userdata  ->  passed  [0.190s]
local/lutok/state_test:upvalue_index  ->  passed  [0.340s]
sbin/devd/client_test:seqpacket  ->  passed  [0.148s]
sbin/devd/client_test:stream  ->  passed  [0.060s]
sbin/dhclient/option-domain-search_test:main  ->  passed  [0.095s]
sbin/growfs/legacy_test:main  ->  passed  [12.189s]
sbin/ifconfig/nonexistent_test:nonexistent  ->  passed  [0.096s]
sbin/mdconfig/mdconfig_test:attach_malloc  ->  passed  [0.401s]
sbin/mdconfig/mdconfig_test:attach_swap  ->  passed  [0.356s]
sbin/mdconfig/mdconfig_test:attach_vnode_explicit_type  ->  passed  [0.238s]
sbin/mdconfig/mdconfig_test:attach_vnode_larger_than_file  ->  passed  [0.245s]
sbin/mdconfig/mdconfig_test:attach_vnode_non_explicit_type  ->  passed  [0.797s]
sbin/mdconfig/mdconfig_test:attach_vnode_sector_size  ->  passed  [0.258s]
sbin/mdconfig/mdconfig_test:attach_vnode_smaller_than_file  ->  passed  [0.253s]
sbin/mdconfig/mdconfig_test:attach_with_specific_unit_number  ->  passed  [0.213s]
share/examples/tests/atf/cp_test:force  ->  passed  [0.236s]
share/examples/tests/atf/cp_test:simple  ->  passed  [0.340s]
share/examples/tests/atf/printf_test:fprintf__simple_string  ->  passed  [0.393s]
share/examples/tests/atf/printf_test:snprintf__overflow  ->  passed  [0.036s]
share/examples/tests/atf/printf_test:snprintf__two_formatters  ->  passed  [0.039s]
share/examples/tests/plain/cp_test:main  ->  passed  [0.055s]
share/examples/tests/plain/printf_test:main  ->  passed  [0.060s]
sys/aio/aio_kqueue_test:main  ->  passed  [0.064s]
sys/aio/lio_kqueue_test:main  ->  passed  [0.030s]
sys/fifo/fifo_create:main  ->  passed  [4.299s]
sys/fifo/fifo_io:main  ->  passed  [11.161s]
sys/fifo/fifo_misc:main  ->  passed  [0.075s]
sys/fifo/fifo_open:main  ->  passed  [14.432s]
sys/file/closefrom_test:main  ->  passed  [0.031s]
sys/file/dup_test:main  ->  passed  [0.043s]
sys/file/fcntlflags_test:main  ->  passed  [0.023s]
sys/file/flock_test:main  ->  passed  [6.712s]
sys/file/ftruncate_test:main  ->  passed  [0.091s]
sys/file/newfileops_on_fork_test:main  ->  passed  [1.112s]
sys/kern/execve/execve_test:bad_interp_len  ->  passed  [0.172s]
sys/kern/execve/execve_test:empty  ->  passed  [0.958s]
sys/kern/execve/execve_test:good_aout  ->  passed  [0.304s]
sys/kern/execve/execve_test:good_script  ->  passed  [0.269s]
sys/kern/execve/execve_test:non_exist  ->  passed  [0.229s]
sys/kern/execve/execve_test:non_exist_shell  ->  passed  [0.145s]
sys/kern/execve/execve_test:script_arg  ->  passed  [0.124s]
sys/kern/execve/execve_test:script_arg_nospace  ->  passed  [0.079s]
sys/kern/execve/execve_test:sparse_aout  ->  passed  [0.103s]
sys/kern/execve/execve_test:trunc_aout  ->  passed  [0.094s]
sys/kern/kern_descrip_test:dup2__ebadf_when_2nd_arg_out_of_range  ->  passed  [0.131s]
sys/kern/kern_descrip_test:dup2__simple  ->  passed  [0.108s]
sys/kern/ptrace_test:ptrace__parent_sees_exit_after_child_debugger  ->  passed  [0.875s]
sys/kern/ptrace_test:ptrace__parent_sees_exit_after_unrelated_debugger  ->  passed  [0.365s]
sys/kern/ptrace_test:ptrace__parent_wait_after_attach  ->  passed  [0.071s]
sys/kern/ptrace_test:ptrace__parent_wait_after_trace_me  ->  passed  [0.026s]
sys/kern/unix_seqpacket_test:accept  ->  passed  [0.113s]
sys/kern/unix_seqpacket_test:bind  ->  passed  [0.182s]
sys/kern/unix_seqpacket_test:connect  ->  passed  [0.212s]
sys/kern/unix_seqpacket_test:create_socket  ->  passed  [0.124s]
sys/kern/unix_seqpacket_test:create_socketpair  ->  passed  [0.192s]
sys/kern/unix_seqpacket_test:eagain_128k_128k  ->  passed  [0.206s]
sys/kern/unix_seqpacket_test:eagain_128k_8k  ->  passed  [0.231s]
sys/kern/unix_seqpacket_test:eagain_8k_128k  ->  passed  [0.333s]
sys/kern/unix_seqpacket_test:eagain_8k_8k  ->  passed  [0.239s]
sys/kern/unix_seqpacket_test:emsgsize  ->  passed  [0.306s]
sys/kern/unix_seqpacket_test:emsgsize_nonblocking  ->  passed  [0.139s]
sys/kern/unix_seqpacket_test:fcntl_nonblock  ->  passed  [0.194s]
sys/kern/unix_seqpacket_test:listen_bound  ->  passed  [0.326s]
sys/kern/unix_seqpacket_test:listen_unbound  ->  passed  [0.211s]
sys/kern/unix_seqpacket_test:pipe_128k_128k  ->  passed  [0.249s]
sys/kern/unix_seqpacket_test:pipe_128k_8k  ->  passed  [0.184s]
sys/kern/unix_seqpacket_test:pipe_8k_128k  ->  passed  [0.267s]
sys/kern/unix_seqpacket_test:pipe_8k_8k  ->  passed  [1.070s]
sys/kern/unix_seqpacket_test:pipe_simulator_128k_128k  ->  passed  [0.262s]
sys/kern/unix_seqpacket_test:pipe_simulator_128k_8k  ->  passed  [0.199s]
sys/kern/unix_seqpacket_test:pipe_simulator_8k_128k  ->  passed  [0.114s]
sys/kern/unix_seqpacket_test:pipe_simulator_8k_8k  ->  passed  [0.245s]
sys/kern/unix_seqpacket_test:rcvbuf_oversized  ->  passed  [0.136s]
sys/kern/unix_seqpacket_test:resize_buffers  ->  passed  [0.152s]
sys/kern/unix_seqpacket_test:resize_connected_buffers  ->  passed  [0.139s]
sys/kern/unix_seqpacket_test:send_recv  ->  passed  [0.149s]
sys/kern/unix_seqpacket_test:send_recv_nonblocking  ->  passed  [0.116s]
sys/kern/unix_seqpacket_test:send_recv_with_connect  ->  passed  [0.200s]
sys/kern/unix_seqpacket_test:sendrecv_128k  ->  passed  [0.118s]
sys/kern/unix_seqpacket_test:sendrecv_128k_nonblocking  ->  passed  [0.142s]
sys/kern/unix_seqpacket_test:sendrecv_16k  ->  passed  [0.153s]
sys/kern/unix_seqpacket_test:sendrecv_16k_nonblocking  ->  passed  [0.075s]
sys/kern/unix_seqpacket_test:sendrecv_32k  ->  passed  [0.128s]
sys/kern/unix_seqpacket_test:sendrecv_32k_nonblocking  ->  passed  [0.136s]
sys/kern/unix_seqpacket_test:sendrecv_64k  ->  passed  [0.060s]
sys/kern/unix_seqpacket_test:sendrecv_64k_nonblocking  ->  passed  [0.079s]
sys/kern/unix_seqpacket_test:sendrecv_8k  ->  passed  [0.159s]
sys/kern/unix_seqpacket_test:sendrecv_8k_nonblocking  ->  passed  [0.101s]
sys/kern/unix_seqpacket_test:sendto_recvfrom  ->  passed  [0.172s]
sys/kqueue/kqueue_test:main  ->  passed  [11.272s]
sys/mqueue/mqueue_test:mqtest1  ->  passed  [0.141s]
sys/mqueue/mqueue_test:mqtest2  ->  passed  [0.170s]
sys/mqueue/mqueue_test:mqtest3  ->  passed  [0.185s]
sys/mqueue/mqueue_test:mqtest4  ->  passed  [0.199s]
sys/mqueue/mqueue_test:mqtest5  ->  passed  [0.259s]
sys/opencrypto/runtests:main  ->  passed  [0.622s]
sys/vm/mmap_test:main  ->  passed  [0.180s]
usr.bin/apply/legacy_test:main  ->  passed  [0.288s]
usr.bin/basename/basename_test:basic  ->  passed  [1.930s]
usr.bin/basename/basename_test:suffix  ->  passed  [0.651s]
usr.bin/bmake/archives/fmt_44bsd/legacy_test:main  ->  passed  [4.071s]
usr.bin/bmake/archives/fmt_44bsd_mod/legacy_test:main  ->  passed  [0.877s]
usr.bin/bmake/archives/fmt_oldbsd/legacy_test:main  ->  passed  [0.754s]
usr.bin/bmake/basic/t0/legacy_test:main  ->  passed  [3.412s]
usr.bin/bmake/basic/t1/legacy_test:main  ->  passed  [0.941s]
usr.bin/bmake/basic/t2/legacy_test:main  ->  passed  [0.981s]
usr.bin/bmake/basic/t3/legacy_test:main  ->  passed  [0.396s]
usr.bin/bmake/execution/ellipsis/legacy_test:main  ->  passed  [2.452s]
usr.bin/bmake/execution/empty/legacy_test:main  ->  passed  [0.323s]
usr.bin/bmake/execution/joberr/legacy_test:main  ->  passed  [0.351s]
usr.bin/bmake/execution/plus/legacy_test:main  ->  passed  [0.270s]
usr.bin/bmake/shell/builtin/legacy_test:main  ->  passed  [0.377s]
usr.bin/bmake/shell/meta/legacy_test:main  ->  passed  [0.773s]
usr.bin/bmake/shell/path/legacy_test:main  ->  passed  [29.856s]
usr.bin/bmake/shell/path_select/legacy_test:main  ->  passed  [0.542s]
usr.bin/bmake/shell/replace/legacy_test:main  ->  passed  [2.049s]
usr.bin/bmake/shell/select/legacy_test:main  ->  passed  [0.434s]
usr.bin/bmake/suffixes/basic/legacy_test:main  ->  passed  [0.118s]
usr.bin/bmake/suffixes/src_wild1/legacy_test:main  ->  passed  [0.323s]
usr.bin/bmake/suffixes/src_wild2/legacy_test:main  ->  passed  [0.309s]
usr.bin/bmake/syntax/directive-t0/legacy_test:main  ->  passed  [0.165s]
usr.bin/bmake/syntax/enl/legacy_test:main  ->  passed  [0.267s]
usr.bin/bmake/syntax/funny-targets/legacy_test:main  ->  passed  [0.190s]
usr.bin/bmake/syntax/semi/legacy_test:main  ->  passed  [0.156s]
usr.bin/bmake/sysmk/t0/2/1/legacy_test:main  ->  passed  [0.616s]
usr.bin/bmake/sysmk/t1/2/1/legacy_test:main  ->  passed  [2.356s]
usr.bin/bmake/sysmk/t2/2/1/legacy_test:main  ->  passed  [0.500s]
usr.bin/bmake/variables/modifier_M/legacy_test:main  ->  passed  [0.312s]
usr.bin/bmake/variables/modifier_t/legacy_test:main  ->  passed  [0.426s]
usr.bin/bmake/variables/opt_V/legacy_test:main  ->  passed  [0.292s]
usr.bin/bmake/variables/t0/legacy_test:main  ->  passed  [0.371s]
usr.bin/calendar/legacy_test:main  ->  passed  [1.489s]
usr.bin/cmp/cmp_test:missing  ->  passed  [2.085s]
usr.bin/cmp/cmp_test:skip  ->  passed  [0.380s]
usr.bin/col/col:rlf  ->  passed  [2.652s]
usr.bin/comm/legacy_test:main  ->  passed  [0.087s]
usr.bin/cut/cut_test:basic  ->  passed  [0.446s]
usr.bin/cut/cut_test:dflag  ->  passed  [0.426s]
usr.bin/cut/cut_test:dsflag  ->  passed  [1.891s]
usr.bin/cut/cut_test:latin1  ->  passed  [0.623s]
usr.bin/cut/cut_test:sflag  ->  passed  [0.269s]
usr.bin/cut/cut_test:utf8  ->  passed  [0.229s]
usr.bin/dirname/dirname_test:basic  ->  passed  [0.434s]
usr.bin/file2c/legacy_test:main  ->  passed  [0.274s]
usr.bin/grep/grep_test:basic  ->  passed  [0.384s]
usr.bin/grep/grep_test:begin_end  ->  passed  [0.390s]
usr.bin/grep/grep_test:binary  ->  passed  [0.238s]
usr.bin/grep/grep_test:context  ->  passed  [0.812s]
usr.bin/grep/grep_test:context2  ->  passed  [0.260s]
usr.bin/grep/grep_test:egrep  ->  passed  [2.266s]
usr.bin/grep/grep_test:file_exp  ->  passed  [0.119s]
usr.bin/grep/grep_test:ignore_case  ->  passed  [0.162s]
usr.bin/grep/grep_test:invert  ->  passed  [0.145s]
usr.bin/grep/grep_test:negative  ->  passed  [0.211s]
usr.bin/grep/grep_test:nonexistent  ->  passed  [0.081s]
usr.bin/grep/grep_test:recurse  ->  passed  [0.308s]
usr.bin/grep/grep_test:recurse_symlink  ->  passed  [0.610s]
usr.bin/grep/grep_test:whole_line  ->  passed  [0.480s]
usr.bin/grep/grep_test:word_regexps  ->  passed  [0.359s]
usr.bin/grep/grep_test:zgrep  ->  passed  [0.259s]
usr.bin/gzip/gzip_test:concatenated  ->  passed  [0.464s]
usr.bin/gzip/gzip_test:crcerror  ->  passed  [0.302s]
usr.bin/gzip/gzip_test:good  ->  passed  [0.435s]
usr.bin/gzip/gzip_test:pipe  ->  passed  [3.703s]
usr.bin/gzip/gzip_test:truncated  ->  passed  [0.204s]
usr.bin/ident/ident:ident  ->  passed  [0.608s]
usr.bin/join/legacy_test:main  ->  passed  [0.096s]
usr.bin/jot/legacy_test:main  ->  passed  [0.324s]
usr.bin/lastcomm/legacy_test:main  ->  passed  [0.606s]
usr.bin/m4/legacy_test:main  ->  passed  [4.513s]
usr.bin/mkimg/mkimg:apm_1x1_4096_qcow  ->  passed  [3.352s]
usr.bin/mkimg/mkimg:apm_1x1_4096_qcow2  ->  passed  [3.982s]
usr.bin/mkimg/mkimg:apm_1x1_4096_raw  ->  passed  [3.113s]
usr.bin/mkimg/mkimg:apm_1x1_4096_vhd  ->  passed  [10.801s]
usr.bin/mkimg/mkimg:apm_1x1_4096_vhdf  ->  passed  [4.092s]
usr.bin/mkimg/mkimg:apm_1x1_4096_vmdk  ->  passed  [3.583s]
usr.bin/mkimg/mkimg:apm_1x1_512_qcow  ->  passed  [2.474s]
usr.bin/mkimg/mkimg:apm_1x1_512_qcow2  ->  passed  [1.592s]
usr.bin/mkimg/mkimg:apm_1x1_512_raw  ->  passed  [2.915s]
usr.bin/mkimg/mkimg:apm_1x1_512_vhd  ->  passed  [2.220s]
usr.bin/mkimg/mkimg:apm_1x1_512_vhdf  ->  passed  [3.587s]
usr.bin/mkimg/mkimg:apm_1x1_512_vmdk  ->  passed  [5.653s]
usr.bin/mkimg/mkimg:apm_63x255_4096_qcow  ->  passed  [8.015s]
usr.bin/mkimg/mkimg:apm_63x255_4096_qcow2  ->  passed  [9.726s]
usr.bin/mkimg/mkimg:apm_63x255_4096_raw  ->  passed  [5.389s]
usr.bin/mkimg/mkimg:apm_63x255_4096_vhd  ->  passed  [1.853s]
usr.bin/mkimg/mkimg:apm_63x255_4096_vhdf  ->  passed  [4.225s]
usr.bin/mkimg/mkimg:apm_63x255_4096_vmdk  ->  passed  [4.450s]
usr.bin/mkimg/mkimg:apm_63x255_512_qcow  ->  passed  [4.349s]
usr.bin/mkimg/mkimg:apm_63x255_512_qcow2  ->  passed  [2.328s]
usr.bin/mkimg/mkimg:apm_63x255_512_raw  ->  passed  [3.260s]
usr.bin/mkimg/mkimg:apm_63x255_512_vhd  ->  passed  [1.930s]
usr.bin/mkimg/mkimg:apm_63x255_512_vhdf  ->  passed  [4.065s]
usr.bin/mkimg/mkimg:apm_63x255_512_vmdk  ->  passed  [1.878s]
usr.bin/mkimg/mkimg:bsd_1x1_4096_qcow  ->  passed  [3.156s]
usr.bin/mkimg/mkimg:bsd_1x1_4096_qcow2  ->  passed  [3.121s]
usr.bin/mkimg/mkimg:bsd_1x1_4096_raw  ->  passed  [2.174s]
usr.bin/mkimg/mkimg:bsd_1x1_4096_vhd  ->  passed  [2.344s]
usr.bin/mkimg/mkimg:bsd_1x1_4096_vhdf  ->  passed  [1.958s]
usr.bin/mkimg/mkimg:bsd_1x1_4096_vmdk  ->  passed  [5.956s]
usr.bin/mkimg/mkimg:bsd_1x1_512_qcow  ->  passed  [4.889s]
usr.bin/mkimg/mkimg:bsd_1x1_512_qcow2  ->  passed  [3.452s]
usr.bin/mkimg/mkimg:bsd_1x1_512_raw  ->  passed  [6.421s]
usr.bin/mkimg/mkimg:bsd_1x1_512_vhd  ->  passed  [3.734s]
usr.bin/mkimg/mkimg:bsd_1x1_512_vhdf  ->  passed  [2.182s]
usr.bin/mkimg/mkimg:bsd_1x1_512_vmdk  ->  passed  [3.703s]
usr.bin/mkimg/mkimg:bsd_63x255_4096_qcow  ->  passed  [1.505s]
usr.bin/mkimg/mkimg:bsd_63x255_4096_qcow2  ->  passed  [2.840s]
usr.bin/mkimg/mkimg:bsd_63x255_4096_raw  ->  passed  [5.286s]
usr.bin/mkimg/mkimg:bsd_63x255_4096_vhd  ->  passed  [3.872s]
usr.bin/mkimg/mkimg:bsd_63x255_4096_vhdf  ->  passed  [5.553s]
usr.bin/mkimg/mkimg:bsd_63x255_4096_vmdk  ->  passed  [5.493s]
usr.bin/mkimg/mkimg:bsd_63x255_512_qcow  ->  passed  [13.859s]
usr.bin/mkimg/mkimg:bsd_63x255_512_qcow2  ->  passed  [2.399s]
usr.bin/mkimg/mkimg:bsd_63x255_512_raw  ->  passed  [1.447s]
usr.bin/mkimg/mkimg:bsd_63x255_512_vhd  ->  passed  [2.565s]
usr.bin/mkimg/mkimg:bsd_63x255_512_vhdf  ->  passed  [1.702s]
usr.bin/mkimg/mkimg:bsd_63x255_512_vmdk  ->  passed  [3.198s]
usr.bin/mkimg/mkimg:ebr_1x1_4096_qcow  ->  passed  [10.077s]
usr.bin/mkimg/mkimg:ebr_1x1_4096_qcow2  ->  passed  [8.301s]
usr.bin/mkimg/mkimg:ebr_1x1_4096_raw  ->  passed  [2.443s]
usr.bin/mkimg/mkimg:ebr_1x1_4096_vhd  ->  passed  [3.056s]
usr.bin/mkimg/mkimg:ebr_1x1_4096_vhdf  ->  passed  [2.482s]
usr.bin/mkimg/mkimg:ebr_1x1_4096_vmdk  ->  passed  [10.599s]
usr.bin/mkimg/mkimg:ebr_1x1_512_qcow  ->  passed  [9.146s]
usr.bin/mkimg/mkimg:ebr_1x1_512_qcow2  ->  passed  [15.752s]
usr.bin/mkimg/mkimg:ebr_1x1_512_raw  ->  passed  [2.515s]
usr.bin/mkimg/mkimg:ebr_1x1_512_vhd  ->  passed  [1.519s]
usr.bin/mkimg/mkimg:ebr_1x1_512_vhdf  ->  passed  [3.237s]
usr.bin/mkimg/mkimg:ebr_1x1_512_vmdk  ->  passed  [2.485s]
usr.bin/mkimg/mkimg:ebr_63x255_4096_qcow  ->  passed  [3.319s]
usr.bin/mkimg/mkimg:ebr_63x255_4096_qcow2  ->  passed  [1.539s]
usr.bin/mkimg/mkimg:ebr_63x255_4096_raw  ->  passed  [2.316s]
usr.bin/mkimg/mkimg:ebr_63x255_4096_vhd  ->  passed  [5.160s]
usr.bin/mkimg/mkimg:ebr_63x255_4096_vhdf  ->  passed  [4.947s]
usr.bin/mkimg/mkimg:ebr_63x255_4096_vmdk  ->  passed  [10.581s]
usr.bin/mkimg/mkimg:ebr_63x255_512_qcow  ->  passed  [4.836s]
usr.bin/mkimg/mkimg:ebr_63x255_512_qcow2  ->  passed  [3.383s]
usr.bin/mkimg/mkimg:ebr_63x255_512_raw  ->  passed  [4.271s]
usr.bin/mkimg/mkimg:ebr_63x255_512_vhd  ->  passed  [3.069s]
usr.bin/mkimg/mkimg:ebr_63x255_512_vhdf  ->  passed  [1.628s]
usr.bin/mkimg/mkimg:ebr_63x255_512_vmdk  ->  passed  [3.102s]
usr.bin/mkimg/mkimg:gpt_1x1_4096_qcow  ->  passed  [1.070s]
usr.bin/mkimg/mkimg:gpt_1x1_4096_qcow2  ->  passed  [1.222s]
usr.bin/mkimg/mkimg:gpt_1x1_4096_raw  ->  passed  [2.368s]
usr.bin/mkimg/mkimg:gpt_1x1_4096_vhd  ->  passed  [1.827s]
usr.bin/mkimg/mkimg:gpt_1x1_4096_vhdf  ->  passed  [3.326s]
usr.bin/mkimg/mkimg:gpt_1x1_4096_vmdk  ->  passed  [1.204s]
usr.bin/mkimg/mkimg:gpt_1x1_512_qcow  ->  passed  [4.589s]
usr.bin/mkimg/mkimg:gpt_1x1_512_qcow2  ->  passed  [1.899s]
usr.bin/mkimg/mkimg:gpt_1x1_512_raw  ->  passed  [2.780s]
usr.bin/mkimg/mkimg:gpt_1x1_512_vhd  ->  passed  [3.853s]
usr.bin/mkimg/mkimg:gpt_1x1_512_vhdf  ->  passed  [2.083s]
usr.bin/mkimg/mkimg:gpt_1x1_512_vmdk  ->  passed  [1.706s]
usr.bin/mkimg/mkimg:gpt_63x255_4096_qcow  ->  passed  [2.020s]
usr.bin/mkimg/mkimg:gpt_63x255_4096_qcow2  ->  passed  [2.361s]
usr.bin/mkimg/mkimg:gpt_63x255_4096_raw  ->  passed  [3.917s]
usr.bin/mkimg/mkimg:gpt_63x255_4096_vhd  ->  passed  [3.992s]
usr.bin/mkimg/mkimg:gpt_63x255_4096_vhdf  ->  passed  [1.832s]
usr.bin/mkimg/mkimg:gpt_63x255_4096_vmdk  ->  passed  [0.921s]
usr.bin/mkimg/mkimg:gpt_63x255_512_qcow  ->  passed  [1.176s]
usr.bin/mkimg/mkimg:gpt_63x255_512_qcow2  ->  passed  [0.740s]
usr.bin/mkimg/mkimg:gpt_63x255_512_raw  ->  passed  [0.742s]
usr.bin/mkimg/mkimg:gpt_63x255_512_vhd  ->  passed  [0.771s]
usr.bin/mkimg/mkimg:gpt_63x255_512_vhdf  ->  passed  [4.665s]
usr.bin/mkimg/mkimg:gpt_63x255_512_vmdk  ->  passed  [0.900s]
usr.bin/mkimg/mkimg:mbr_1x1_4096_qcow  ->  passed  [2.825s]
usr.bin/mkimg/mkimg:mbr_1x1_4096_qcow2  ->  passed  [0.925s]
usr.bin/mkimg/mkimg:mbr_1x1_4096_raw  ->  passed  [1.036s]
usr.bin/mkimg/mkimg:mbr_1x1_4096_vhd  ->  passed  [1.039s]
usr.bin/mkimg/mkimg:mbr_1x1_4096_vhdf  ->  passed  [2.700s]
usr.bin/mkimg/mkimg:mbr_1x1_4096_vmdk  ->  passed  [1.648s]
usr.bin/mkimg/mkimg:mbr_1x1_512_qcow  ->  passed  [2.424s]
usr.bin/mkimg/mkimg:mbr_1x1_512_qcow2  ->  passed  [1.883s]
usr.bin/mkimg/mkimg:mbr_1x1_512_raw  ->  passed  [1.490s]
usr.bin/mkimg/mkimg:mbr_1x1_512_vhd  ->  passed  [2.836s]
usr.bin/mkimg/mkimg:mbr_1x1_512_vhdf  ->  passed  [1.675s]
usr.bin/mkimg/mkimg:mbr_1x1_512_vmdk  ->  passed  [2.549s]
usr.bin/mkimg/mkimg:mbr_63x255_4096_qcow  ->  passed  [1.201s]
usr.bin/mkimg/mkimg:mbr_63x255_4096_qcow2  ->  passed  [1.133s]
usr.bin/mkimg/mkimg:mbr_63x255_4096_raw  ->  passed  [2.334s]
usr.bin/mkimg/mkimg:mbr_63x255_4096_vhd  ->  passed  [1.152s]
usr.bin/mkimg/mkimg:mbr_63x255_4096_vhdf  ->  passed  [2.678s]
usr.bin/mkimg/mkimg:mbr_63x255_4096_vmdk  ->  passed  [0.933s]
usr.bin/mkimg/mkimg:mbr_63x255_512_qcow  ->  passed  [1.915s]
usr.bin/mkimg/mkimg:mbr_63x255_512_qcow2  ->  passed  [1.122s]
usr.bin/mkimg/mkimg:mbr_63x255_512_raw  ->  passed  [0.845s]
usr.bin/mkimg/mkimg:mbr_63x255_512_vhd  ->  passed  [1.170s]
usr.bin/mkimg/mkimg:mbr_63x255_512_vhdf  ->  passed  [2.025s]
usr.bin/mkimg/mkimg:mbr_63x255_512_vmdk  ->  passed  [3.401s]
usr.bin/mkimg/mkimg:pc98_1x1_4096_qcow  ->  passed  [7.318s]
usr.bin/mkimg/mkimg:pc98_1x1_4096_qcow2  ->  passed  [5.769s]
usr.bin/mkimg/mkimg:pc98_1x1_4096_raw  ->  passed  [0.690s]
usr.bin/mkimg/mkimg:pc98_1x1_4096_vhd  ->  passed  [0.882s]
usr.bin/mkimg/mkimg:pc98_1x1_4096_vhdf  ->  passed  [1.843s]
usr.bin/mkimg/mkimg:pc98_1x1_4096_vmdk  ->  passed  [1.259s]
usr.bin/mkimg/mkimg:pc98_1x1_512_qcow  ->  passed  [1.352s]
usr.bin/mkimg/mkimg:pc98_1x1_512_qcow2  ->  passed  [8.235s]
usr.bin/mkimg/mkimg:pc98_1x1_512_raw  ->  passed  [5.767s]
usr.bin/mkimg/mkimg:pc98_1x1_512_vhd  ->  passed  [9.069s]
usr.bin/mkimg/mkimg:pc98_1x1_512_vhdf  ->  passed  [7.888s]
usr.bin/mkimg/mkimg:pc98_1x1_512_vmdk  ->  passed  [4.987s]
usr.bin/mkimg/mkimg:pc98_63x255_4096_qcow  ->  passed  [6.419s]
usr.bin/mkimg/mkimg:pc98_63x255_4096_qcow2  ->  passed  [1.131s]
usr.bin/mkimg/mkimg:pc98_63x255_4096_raw  ->  passed  [0.701s]
usr.bin/mkimg/mkimg:pc98_63x255_4096_vhd  ->  passed  [0.687s]
usr.bin/mkimg/mkimg:pc98_63x255_4096_vhdf  ->  passed  [0.734s]
usr.bin/mkimg/mkimg:pc98_63x255_4096_vmdk  ->  passed  [0.934s]
usr.bin/mkimg/mkimg:pc98_63x255_512_qcow  ->  passed  [0.881s]
usr.bin/mkimg/mkimg:pc98_63x255_512_qcow2  ->  passed  [2.865s]
usr.bin/mkimg/mkimg:pc98_63x255_512_raw  ->  passed  [4.470s]
usr.bin/mkimg/mkimg:pc98_63x255_512_vhd  ->  passed  [0.854s]
usr.bin/mkimg/mkimg:pc98_63x255_512_vhdf  ->  passed  [0.737s]
usr.bin/mkimg/mkimg:pc98_63x255_512_vmdk  ->  passed  [0.702s]
usr.bin/mkimg/mkimg:vtoc8_1x1_4096_qcow  ->  passed  [0.583s]
usr.bin/mkimg/mkimg:vtoc8_1x1_4096_qcow2  ->  passed  [0.596s]
usr.bin/mkimg/mkimg:vtoc8_1x1_4096_raw  ->  passed  [1.598s]
usr.bin/mkimg/mkimg:vtoc8_1x1_4096_vhd  ->  passed  [1.988s]
usr.bin/mkimg/mkimg:vtoc8_1x1_4096_vhdf  ->  passed  [0.926s]
usr.bin/mkimg/mkimg:vtoc8_1x1_4096_vmdk  ->  passed  [3.236s]
usr.bin/mkimg/mkimg:vtoc8_1x1_512_qcow  ->  passed  [2.952s]
usr.bin/mkimg/mkimg:vtoc8_1x1_512_qcow2  ->  passed  [3.466s]
usr.bin/mkimg/mkimg:vtoc8_1x1_512_raw  ->  passed  [4.438s]
usr.bin/mkimg/mkimg:vtoc8_1x1_512_vhd  ->  passed  [4.055s]
usr.bin/mkimg/mkimg:vtoc8_1x1_512_vhdf  ->  passed  [2.299s]
usr.bin/mkimg/mkimg:vtoc8_1x1_512_vmdk  ->  passed  [2.966s]
usr.bin/mkimg/mkimg:vtoc8_63x255_4096_qcow  ->  passed  [0.988s]
usr.bin/mkimg/mkimg:vtoc8_63x255_4096_qcow2  ->  passed  [1.844s]
usr.bin/mkimg/mkimg:vtoc8_63x255_4096_raw  ->  passed  [3.496s]
usr.bin/mkimg/mkimg:vtoc8_63x255_4096_vhd  ->  passed  [3.553s]
usr.bin/mkimg/mkimg:vtoc8_63x255_4096_vhdf  ->  passed  [4.711s]
usr.bin/mkimg/mkimg:vtoc8_63x255_4096_vmdk  ->  passed  [1.183s]
usr.bin/mkimg/mkimg:vtoc8_63x255_512_qcow  ->  passed  [1.031s]
usr.bin/mkimg/mkimg:vtoc8_63x255_512_qcow2  ->  passed  [1.083s]
usr.bin/mkimg/mkimg:vtoc8_63x255_512_raw  ->  passed  [2.936s]
usr.bin/mkimg/mkimg:vtoc8_63x255_512_vhd  ->  passed  [1.547s]
usr.bin/mkimg/mkimg:vtoc8_63x255_512_vhdf  ->  passed  [2.477s]
usr.bin/mkimg/mkimg:vtoc8_63x255_512_vmdk  ->  passed  [2.207s]
usr.bin/ncal/legacy_test:main  ->  passed  [0.555s]
usr.bin/printf/legacy_test:main  ->  passed  [0.293s]
usr.bin/sed/inplace_race_test:main  ->  passed  [54.562s]
usr.bin/sed/legacy_test:main  ->  passed  [0.776s]
usr.bin/sed/multi_test:main  ->  passed  [9.148s]
usr.bin/soelim/soelim:files  ->  passed  [0.674s]
usr.bin/soelim/soelim:stdin  ->  passed  [0.764s]
usr.bin/timeout/timeout:exit_numbers  ->  passed  [0.786s]
usr.bin/timeout/timeout:invalid_command  ->  passed  [0.118s]
usr.bin/timeout/timeout:invalid_signal  ->  passed  [0.100s]
usr.bin/timeout/timeout:invalid_timeout  ->  passed  [0.137s]
usr.bin/timeout/timeout:no_such_command  ->  passed  [0.071s]
usr.bin/timeout/timeout:no_timeout  ->  passed  [0.070s]
usr.bin/timeout/timeout:nominal  ->  passed  [0.068s]
usr.bin/timeout/timeout:time_unit  ->  passed  [0.135s]
usr.bin/timeout/timeout:with_a_child  ->  passed  [0.672s]
usr.bin/tr/legacy_test:main  ->  passed  [0.151s]
usr.bin/truncate/truncate_test:bad_refer  ->  passed  [10.660s]
usr.bin/truncate/truncate_test:bad_truncate  ->  passed  [0.312s]
usr.bin/truncate/truncate_test:cannot_open  ->  passed  [2.008s]
usr.bin/truncate/truncate_test:illegal_option  ->  passed  [0.355s]
usr.bin/truncate/truncate_test:illegal_size  ->  passed  [0.273s]
usr.bin/truncate/truncate_test:negative  ->  passed  [0.541s]
usr.bin/truncate/truncate_test:new_absolute_grow  ->  passed  [0.473s]
usr.bin/truncate/truncate_test:new_absolute_shrink  ->  passed  [0.559s]
usr.bin/truncate/truncate_test:new_relative_grow  ->  passed  [0.506s]
usr.bin/truncate/truncate_test:new_relative_shrink  ->  passed  [2.450s]
usr.bin/truncate/truncate_test:new_zero  ->  passed  [0.702s]
usr.bin/truncate/truncate_test:no_files  ->  passed  [0.354s]
usr.bin/truncate/truncate_test:opt_c  ->  passed  [0.358s]
usr.bin/truncate/truncate_test:opt_rs  ->  passed  [0.367s]
usr.bin/truncate/truncate_test:reference  ->  passed  [0.559s]
usr.bin/truncate/truncate_test:too_large_size  ->  passed  [0.245s]
usr.bin/units/basics_test:main  ->  passed  [1.007s]
usr.bin/uudecode/legacy_test:main  ->  passed  [0.063s]
usr.bin/uuencode/legacy_test:main  ->  passed  [0.256s]
usr.bin/xargs/legacy_test:main  ->  passed  [0.302s]
usr.bin/yacc/yacc_tests:main  ->  passed  [5.515s]
usr.sbin/etcupdate/always_test:main  ->  passed  [159.662s]
usr.sbin/etcupdate/conflicts_test:main  ->  passed  [26.207s]
usr.sbin/etcupdate/fbsdid_test:main  ->  passed  [2.140s]
usr.sbin/etcupdate/ignore_test:main  ->  passed  [7.357s]
usr.sbin/etcupdate/preworld_test:main  ->  passed  [2.465s]
usr.sbin/etcupdate/tests_test:main  ->  passed  [97.526s]
usr.sbin/etcupdate/tzsetup_test:main  ->  passed  [6.766s]
usr.sbin/newsyslog/legacy_test:main  ->  passed  [70.631s]
usr.sbin/nmtree/nmtree_test:mtree_check  ->  passed  [1.108s]
usr.sbin/nmtree/nmtree_test:mtree_convert_C  ->  passed  [1.138s]
usr.sbin/nmtree/nmtree_test:mtree_convert_C_S  ->  passed  [0.708s]
usr.sbin/nmtree/nmtree_test:mtree_convert_D  ->  passed  [0.477s]
usr.sbin/nmtree/nmtree_test:mtree_convert_D_S  ->  passed  [0.538s]
usr.sbin/nmtree/nmtree_test:mtree_create  ->  passed  [1.092s]
usr.sbin/nmtree/nmtree_test:mtree_ignore  ->  passed  [0.869s]
usr.sbin/nmtree/nmtree_test:mtree_merge  ->  passed  [0.315s]
usr.sbin/nmtree/nmtree_test:mtree_nonemptydir  ->  passed  [1.447s]
usr.sbin/nmtree/nmtree_test:netbsd6_check  ->  passed  [0.684s]
usr.sbin/nmtree/nmtree_test:netbsd6_convert_C  ->  passed  [0.346s]
usr.sbin/nmtree/nmtree_test:netbsd6_convert_C_S  ->  passed  [0.393s]
usr.sbin/nmtree/nmtree_test:netbsd6_convert_D  ->  passed  [0.368s]
usr.sbin/nmtree/nmtree_test:netbsd6_convert_D_S  ->  passed  [0.202s]
usr.sbin/nmtree/nmtree_test:netbsd6_create  ->  passed  [0.609s]
usr.sbin/nmtree/nmtree_test:netbsd6_ignore  ->  passed  [0.557s]
usr.sbin/nmtree/nmtree_test:netbsd6_merge  ->  passed  [0.988s]
usr.sbin/nmtree/nmtree_test:netbsd6_nonemptydir  ->  passed  [0.934s]
usr.sbin/pw/pw_config:generate_config  ->  passed  [0.688s]
usr.sbin/pw/pw_config:modify_config_uid_gid_boundaries  ->  passed  [0.554s]
usr.sbin/pw/pw_etcdir:etcdir_must_exist  ->  passed  [0.479s]
usr.sbin/pw/pw_groupdel:group_do_not_delete_wheel_if_group_unknown  ->  passed  [24.763s]
usr.sbin/pw/pw_groupmod:do_not_duplicate_group_on_gid_change  ->  passed  [3.041s]
usr.sbin/pw/pw_groupmod:groupmod_bug_193704  ->  passed  [0.521s]
usr.sbin/pw/pw_groupmod:groupmod_invalid_user  ->  passed  [0.647s]
usr.sbin/pw/pw_groupmod:groupmod_members  ->  passed  [8.778s]
usr.sbin/pw/pw_groupmod:groupmod_rename  ->  passed  [0.435s]
usr.sbin/pw/pw_groupmod:groupmod_user  ->  passed  [0.479s]
usr.sbin/pw/pw_groupmod:usermod_bug_185666  ->  passed  [5.671s]
usr.sbin/pw/pw_lock:user_locking  ->  passed  [3.577s]
usr.sbin/pw/pw_test:longname  ->  passed  [3.642s]
usr.sbin/pw/pw_useradd:user_add  ->  passed  [3.056s]
usr.sbin/pw/pw_useradd:user_add_R  ->  passed  [5.019s]
usr.sbin/pw/pw_useradd:user_add_account_expiration_date_month  ->  passed  [1.212s]
usr.sbin/pw/pw_useradd:user_add_account_expiration_date_numeric  ->  passed  [0.926s]
usr.sbin/pw/pw_useradd:user_add_account_expiration_date_relative  ->  passed  [3.635s]
usr.sbin/pw/pw_useradd:user_add_account_expiration_epoch  ->  passed  [1.035s]
usr.sbin/pw/pw_useradd:user_add_comments  ->  passed  [12.721s]
usr.sbin/pw/pw_useradd:user_add_comments_invalid  ->  passed  [0.725s]
usr.sbin/pw/pw_useradd:user_add_comments_invalid_noupdate  ->  passed  [0.591s]
usr.sbin/pw/pw_useradd:user_add_comments_noupdate  ->  passed  [0.900s]
usr.sbin/pw/pw_useradd:user_add_expiration  ->  passed  [10.394s]
usr.sbin/pw/pw_useradd:user_add_homedir  ->  passed  [2.615s]
usr.sbin/pw/pw_useradd:user_add_invalid_group_entry  ->  passed  [0.274s]
usr.sbin/pw/pw_useradd:user_add_invalid_user_entry  ->  passed  [0.379s]
usr.sbin/pw/pw_useradd:user_add_name_too_long  ->  passed  [0.275s]
usr.sbin/pw/pw_useradd:user_add_noupdate  ->  passed  [0.297s]
usr.sbin/pw/pw_useradd:user_add_password_expiration_date_month  ->  passed  [0.466s]
usr.sbin/pw/pw_useradd:user_add_password_expiration_date_numeric  ->  passed  [0.784s]
usr.sbin/pw/pw_useradd:user_add_password_expiration_date_relative  ->  passed  [3.944s]
usr.sbin/pw/pw_useradd:user_add_password_expiration_epoch  ->  passed  [1.062s]
usr.sbin/pw/pw_useradd:user_add_password_from_h  ->  passed  [3.094s]
usr.sbin/pw/pw_useradd:user_add_skel  ->  passed  [0.987s]
usr.sbin/pw/pw_useradd:user_add_uid0  ->  passed  [0.868s]
usr.sbin/pw/pw_userdel:delete_files  ->  passed  [9.932s]
usr.sbin/pw/pw_userdel:rmuser_seperate_group  ->  passed  [3.318s]
usr.sbin/pw/pw_userdel:user_do_not_try_to_delete_root_if_user_unknown  ->  passed  [0.236s]
usr.sbin/pw/pw_usermod:user_mod  ->  passed  [0.487s]
usr.sbin/pw/pw_usermod:user_mod_H  ->  passed  [0.532s]
usr.sbin/pw/pw_usermod:user_mod_comments  ->  passed  [3.943s]
usr.sbin/pw/pw_usermod:user_mod_comments_invalid  ->  passed  [1.236s]
usr.sbin/pw/pw_usermod:user_mod_comments_invalid_noupdate  ->  passed  [3.007s]
usr.sbin/pw/pw_usermod:user_mod_comments_noupdate  ->  passed  [0.812s]
usr.sbin/pw/pw_usermod:user_mod_h  ->  passed  [0.733s]
usr.sbin/pw/pw_usermod:user_mod_name_noupdate  ->  passed  [4.719s]
usr.sbin/pw/pw_usermod:user_mod_noupdate  ->  passed  [1.008s]
usr.sbin/pw/pw_usermod:user_mod_rename  ->  passed  [3.196s]
usr.sbin/pw/pw_usermod:user_mod_rename_too_long  ->  passed  [1.177s]
usr.sbin/pw/pw_usernext:usernext_assigned_group  ->  passed  [87.146s]
usr.sbin/sa/legacy_test:main  ->  passed  [1.144s]
===> Skipped tests
etc/rc.d/routing_test:static_ipv6_loopback_route_for_each_fib  ->  skipped: Required configuration property 'fibs' not defined  [0.000s]
lib/libc/gen/floatunditf_test:floatunditf  ->  skipped: Requires long double support  [0.153s]
lib/libc/gen/fpclassify_test:no_test  ->  skipped: Test not available on this architecture  [0.517s]
lib/libc/gen/fpsetmask_test:no_test  ->  skipped: Test not available on this architecture.  [0.290s]
lib/libc/gen/fpsetround_test:fpsetround_basic  ->  skipped: Test not applicable on this architecture.  [0.251s]
lib/libc/gen/sethostname_test:sethostname_basic  ->  skipped: screws up the test host's hostname on FreeBSD  [0.090s]
lib/libc/locale/io_test:bad_big5_swprintf  ->  skipped: does not fail as expected (may be implementation specific issue with the test)  [0.125s]
lib/libc/locale/io_test:bad_big5_wprintf  ->  skipped: does not fail as expected (may be implementation specific issue with the test)  [0.247s]
lib/libc/ssp/ssp_test:raw  ->  skipped: /usr/tests/lib/libc/ssp/h_raw is missing; skipping testcase  [0.446s]
lib/libc/sys/getrusage_test:getrusage_utime_zero  ->  skipped: this testcase passes/fails sporadically on FreeBSD/i386 @ r273153 (at least)  [0.343s]
lib/libc/sys/kevent_test:kqueue_unsupported_fd  ->  skipped: no /nonexistent available for testing  [0.283s]
lib/libc/sys/revoke_test:revoke_basic  ->  skipped: revoke(2) is only implemented for devfs(5).  [0.132s]
lib/libc/sys/revoke_test:revoke_err  ->  skipped: revoke(2) is only implemented for devfs(5).  [0.036s]
lib/libc/sys/revoke_test:revoke_perm  ->  skipped: revoke(2) is only implemented for devfs(5).  [0.071s]
local/atf/atf-c/detail/sanity_test:inv  ->  skipped: Sanity checks not available; code built with -DNDEBUG  [0.183s]
local/atf/atf-c/detail/sanity_test:post  ->  skipped: Sanity checks not available; code built with -DNDEBUG  [0.195s]
local/atf/atf-c/detail/sanity_test:pre  ->  skipped: Sanity checks not available; code built with -DNDEBUG  [0.070s]
local/atf/atf-c/detail/sanity_test:unreachable  ->  skipped: Sanity checks not available; code built with -DNDEBUG  [0.033s]
local/kyua/utils/cmdline/ui_test:ui__screen_width__columns_empty__tty  ->  skipped: Cannot open tty for test: Device not configured  [0.035s]
local/kyua/utils/cmdline/ui_test:ui__screen_width__columns_invalid__tty  ->  skipped: Cannot open tty for test: Device not configured  [0.038s]
local/kyua/utils/cmdline/ui_test:ui__screen_width__columns_set__tty  ->  skipped: Cannot open tty for test: Device not configured  [0.052s]
sys/aio/aio_test:aio_fifo_test  ->  skipped: module aio could not be resolved: No such file or directory  [0.072s]
sys/aio/aio_test:aio_file_test  ->  skipped: module aio could not be resolved: No such file or directory  [0.038s]
sys/aio/aio_test:aio_md_test  ->  skipped: module aio could not be resolved: No such file or directory  [0.038s]
sys/aio/aio_test:aio_pipe_test  ->  skipped: module aio could not be resolved: No such file or directory  [0.039s]
sys/aio/aio_test:aio_pty_test  ->  skipped: module aio could not be resolved: No such file or directory  [0.037s]
sys/aio/aio_test:aio_unix_socketpair_test  ->  skipped: module aio could not be resolved: No such file or directory  [0.049s]
sys/kern/kern_descrip_test:kern_maxfiles__increase  ->  skipped: Required configuration property 'allow_sysctl_side_effects' not defined  [0.000s]
sys/netinet/fibs_test:arpresolve_checks_interface_fib  ->  skipped: Required configuration property 'fibs' not defined  [0.000s]
sys/netinet/fibs_test:default_route_with_multiple_fibs_on_same_subnet  ->  skipped: Required configuration property 'fibs' not defined  [0.000s]
sys/netinet/fibs_test:loopback_and_network_routes_on_nondefault_fib  ->  skipped: Required configuration property 'fibs' not defined  [0.000s]
sys/netinet/fibs_test:same_ip_multiple_ifaces  ->  skipped: Required configuration property 'fibs' not defined  [0.000s]
sys/netinet/fibs_test:same_ip_multiple_ifaces_fib0  ->  skipped: Required configuration property 'fibs' not defined  [0.000s]
sys/netinet/fibs_test:subnet_route_with_multiple_fibs_on_same_subnet  ->  skipped: Required configuration property 'fibs' not defined  [0.000s]
sys/netinet/fibs_test:udp_dontroute  ->  skipped: Required configuration property 'fibs' not defined  [0.000s]
===> Expected failures
bin/expr/expr_test:arithmetic_ops  ->  expected_failure: the following testcases fail with syntax errors on FreeBSD: Expected 0, got expr: syntax error from expression:  .java_wrapper : /  [0.258s]
lib/libc/c063/faccessat:faccessat_fdlink  ->  expected_failure: Depends on non-standard behavior not mentioned in POSIX.1-2008: /builds/FreeBSD_HEAD/contrib/netbsd-tests/lib/libc/c063/t_faccessat.c:174: faccessat(dfd, BASELINK, F_OK, AT_SYMLINK_NOFOLLOW) == 0 not met  [0.899s]
lib/libc/gen/sleep_test:nanosleep  ->  expected_failure: Long reschedule latency due to PR kern/43997: Reschedule latency -6300432003384101 exceeds allowable fuzz 40000000  [0.330s]
lib/libc/locale/io_test:bad_big5_getwc  ->  expected_failure: does not return WEOF as expected: /builds/FreeBSD_HEAD/contrib/netbsd-tests/lib/libc/locale/t_io.c:179: getwc(fp) != WEOF  [1.087s]
lib/libc/locale/mbrtowc_test:mbrtowc_internal  ->  expected_failure: ja_* locale fails: /builds/FreeBSD_HEAD/contrib/netbsd-tests/lib/libc/locale/t_mbrtowc.c:177: errno != EILSEQ  [5.810s]
lib/libc/locale/mbtowc_test:mbtowc  ->  expected_failure: zh_CN.GB18030: /builds/FreeBSD_HEAD/contrib/netbsd-tests/lib/libc/locale/t_mbtowc.c:122: ret != (size_t)-1 not met  [4.073s]
lib/libc/regex/regex_att_test:leftassoc  ->  expected_failure: The expected and matched groups are mismatched on FreeBSD: 12 checks failed as expected; see output for more details  [0.072s]
lib/libc/stdio/fflush_test:fflush_err  ->  expected_failure: the EOF invariant fails on FreeBSD; this is new: /builds/FreeBSD_HEAD/contrib/netbsd-tests/lib/libc/stdio/t_fflush.c:70: Expected true value in fflush(f) == EOF  [0.018s]
lib/libc/stdio/printf_test:snprintf_posarg_error  ->  expected_failure: some non-NetBSD platforms including FreeBSD don't validate negative size; testcase blows up with SIGSEGV  [2.345s]
lib/libc/stdio/scanf_test:sscanf_whitespace  ->  expected_failure: fails on FreeBSD and some variants of Linux: /builds/FreeBSD_HEAD/contrib/netbsd-tests/lib/libc/stdio/t_scanf.c:74: c == 'z' not met  [0.028s]
lib/libc/stdlib/getenv_test:setenv_basic  ->  expected_failure: FreeBSD does not validate the second argument to setenv(3); see bin/189805  [9.869s]
lib/libc/sys/getgroups_test:getgroups_err  ->  expected_failure: Reported as kern/189941: /builds/FreeBSD_HEAD/contrib/netbsd-tests/lib/libc/sys/t_getgroups.c:63: getgroups(-1, gidset) == -1 not met  [0.013s]
lib/libc/sys/mknod_test:mknod_stat  ->  expected_failure: mknod does not allow S_IFREG: /builds/FreeBSD_HEAD/contrib/netbsd-tests/lib/libc/sys/t_mknod.c:179: mknod(path, S_IFREG, 0) == 0 not met  [0.215s]
lib/msun/exp_test:exp2_values  ->  expected_failure: Some of the cases produce failures on FreeBSD due to the error epsilon being so small: 2 checks failed as expected; see output for more details  [0.016s]
===> Broken tests
usr.sbin/pw/pw_usernext:usernext  ->  broken: Test case body timed out  [303.227s]
===> Failed tests
sys/kern/unix_seqpacket_test:shutdown_send  ->  failed: 2 checks failed; see output for more details  [0.218s]
sys/kern/unix_seqpacket_test:shutdown_send_sigpipe  ->  failed: 2 checks failed; see output for more details  [0.258s]
===> Summary
Results read from /root/.kyua/store/results.usr_tests.20150728-153648-237338.db
Test cases: 4337 total, 35 skipped, 14 expected failures, 1 broken, 2 failed
Total time: 3834.114s
